Godot Engine v4.6.2.stable.official.71f334935 - https://godotengine.org

[trainer] seed=61000 matches=700 opponent=self eval=false out=res://training/checkpoints/focus_adam/w0.json checkpoint=res://training/checkpoints/focused_current.json
[authored] loaded 1 authored character(s)
[   1/700 ] WIN    16 turns   adam, jaden, tsubaki  vs  tsubasa, emiyaarcher, megumin
[   2/700 ] LOSS   17 turns   adam, zenitsu, shokuhou  vs  arthur, maka, genos
[   3/700 ] LOSS   14 turns   adam, bakugo, gray  vs  blackstar, asta, machinedramon
[   4/700 ] WIN    26 turns   adam, jupiter, tsunayoshi  vs  sayaka, mash, blackstar
Applying bleed effect! Checking special code
Applying bleed effect! Checking special code
Applying bleed effect! Checking special code
Applying bleed effect! Checking special code
[   5/700 ] WIN    16 turns   adam, gatomon, ken  vs  jeanne, tsubaki, inuyasha
[   6/700 ] WIN    24 turns   adam, venus, xanxus  vs  kurotsuchi, kurapika, rimuru
[   7/700 ] WIN    25 turns   adam, aang, rimuru  vs  tatsumi, lyserg, gallantmon
Applying bleed effect! Checking special code
Applying bleed effect! Checking special code
[   8/700 ] LOSS   39 turns   adam, cooler, byakuya  vs  nezuko, hinata, diane
[   9/700 ] WIN    18 turns   adam, sukuna, natsu  vs  gohan, tamaki, crona
Applying bleed effect! Checking special code
Applying bleed effect! Checking special code
[  10/700 ] WIN    20 turns   adam, toji, tamaki  vs  gohan, denji, venus
Yubel's S1 Triggered!
Yubel's S1 Triggered!
[  11/700 ] LOSS  112 turns   adam, hinata, yubel  vs  soul, sayaka, orihime
[  12/700 ] WIN    23 turns   adam, genos, chrome  vs  kaiba, jinwoo, killua
Applying bleed effect! Checking special code
[  13/700 ] LOSS   14 turns   adam, edward, power  vs  jupiter, levi, tokoyami
[  14/700 ] LOSS   19 turns   adam, toga, ryuko  vs  satsuki, mars, tatsumaki
[  15/700 ] LOSS   19 turns   adam, cooler, tatsumaki  vs  touka, frankenstein, mash
[  16/700 ] WIN    22 turns   adam, cell, hinata  vs  todoroki, omnimon, kid
[  17/700 ] WIN    18 turns   adam, alphamon, orihime  vs  nobara, uraraka, erza
Applying bleed effect! Checking special code
Applying bleed effect! Checking special code
[  18/700 ] WIN    24 turns   adam, nel, venus  vs  king, kaiba, omnimon
[  19/700 ] WIN    18 turns   adam, hinata, squalo  vs  yubel, myotismon, xanxus
[  20/700 ] WIN    16 turns   adam, frankenstein, neferpitou  vs  gray, lyserg, toph
[  21/700 ] WIN    22 turns   adam, alphonse, zoro  vs  naruto, kitara, nel
[  22/700 ] LOSS   30 turns   adam, sayaka, diane  vs  byakuya, broly, tatsumi
[  23/700 ] WIN    23 turns   adam, hibari, uraraka  vs  myotismon, midoriya, zenitsu
[  24/700 ] WIN    28 turns   adam, ryuko, genos  vs  jack, nobara, saber
[  25/700 ] WIN    15 turns   adam, ichigo, jack  vs  mine, ladydevimon, renamon
[  26/700 ] WIN    27 turns   adam, ace, tsunayoshi  vs  kitara, levi, pegasus
[  27/700 ] LOSS   16 turns   adam, byakuya, emiyaarcher  vs  kuroko, tamaki, mash
[  28/700 ] LOSS   31 turns   adam, mine, rob  vs  toji, luffy, orihime
[  29/700 ] LOSS   14 turns   adam, erza, cell  vs  crona, saitama, frankenstein
[  30/700 ] LOSS   20 turns   adam, pegasus, shokuhou  vs  tanjiro, shiro, usopp
[  31/700 ] LOSS   19 turns   adam, nobara, chrome  vs  byakuya, gallantmon, semiramis
[  32/700 ] LOSS   13 turns   adam, chrome, edward  vs  emiyaarcher, jupiter, killua
[  33/700 ] LOSS   17 turns   adam, shinra, natsu  vs  ryuko, broly, alphamon
[  34/700 ] LOSS   12 turns   adam, jeanne, allmight  vs  jack, bakugo, sukuna
[  35/700 ] WIN    19 turns   adam, kurapika, hibari  vs  jeanne, gatomon, blackwargreymon
[  36/700 ] WIN    20 turns   adam, soul, goku  vs  gon, rimuru, toga
[  37/700 ] LOSS   39 turns   adam, edward, pegasus  vs  aang, naruto, sheele
Applying bleed effect! Checking special code
Applying bleed effect! Checking special code
Applying bleed effect! Checking special code
Applying bleed effect! Checking special code
Applying bleed effect! Checking special code
Applying bleed effect! Checking special code
[  38/700 ] WIN    16 turns   adam, killua, uraraka  vs  xanxus, ken, gray
[  39/700 ] LOSS   18 turns   adam, soul, ichibe  vs  esdeath, ace, rimuru
Applying bleed effect! Checking special code
Applying bleed effect! Checking special code
Applying bleed effect! Checking special code
[  40/700 ] LOSS   23 turns   adam, rakko, meliodas  vs  allmight, neferpitou, chrome
Applying bleed effect! Checking special code
[  41/700 ] WIN    20 turns   adam, inosuke, genos  vs  astolfo, nobara, touka
[  42/700 ] WIN    18 turns   adam, blackwargreymon, nimaiya  vs  broly, gunha, erza
[  43/700 ] LOSS   16 turns   adam, mami, kaiba  vs  mercury, gogeta, zenitsu
[  44/700 ] WIN    20 turns   adam, frieren, alphamon  vs  hawkmon, allmight, nel
[  45/700 ] WIN    28 turns   adam, kurapika, hashirama  vs  nezuko, nonon, jinwoo
Applying bleed effect! Checking special code
Applying bleed effect! Checking special code
Applying bleed effect! Checking special code
Applying bleed effect! Checking special code
Applying bleed effect! Checking special code
Applying bleed effect! Checking special code
Applying bleed effect! Checking special code
[  46/700 ] WIN    16 turns   adam, eren, ken  vs  alphonse, hawkmon, meliodas
[  47/700 ] WIN    21 turns   adam, itachi, gunha  vs  gojo, tatsumi, lizandpatty
[  48/700 ] LOSS   13 turns   adam, meliodas, jeanne  vs  touka, emiyaarcher, mavis
[  49/700 ] WIN    24 turns   adam, tokoyami, sheele  vs  nobara, venus, zoro
[  50/700 ] LOSS   14 turns   adam, yoh, chrome  vs  xanxus, mash, yamamoto
[  51/700 ] WIN    21 turns   adam, gon, veldora  vs  megumi, sayaka, korra
[  52/700 ] LOSS   21 turns   adam, lyserg, korra  vs  minene, marco, midoriya
[  53/700 ] LOSS   25 turns   adam, byakuya, minene  vs  hisoka, ladydevimon, halibel
[  54/700 ] LOSS   36 turns   adam, killua, tatsumaki  vs  mikasa, tsubaki, yugi
Applying bleed effect! Checking special code
Applying bleed effect! Checking special code
Applying bleed effect! Checking special code
[  55/700 ] WIN    20 turns   adam, toga, gray  vs  muichiro, power, gojo
[  56/700 ] LOSS   23 turns   adam, saitama, yugi  vs  blackwargreymon, tsunayoshi, yamamoto
[  57/700 ] WIN    15 turns   adam, ban, nimaiya  vs  byakuya, frieren, kurotsuchi
[  58/700 ] WIN    16 turns   adam, mine, kuroko  vs  horohoro, halibel, impmon
[  59/700 ] LOSS   21 turns   adam, kaiba, mami  vs  mavis, ichigo, gallantmon
[  60/700 ] WIN    20 turns   adam, gilgamesh, todoroki  vs  misaka, blackstar, lucy
[  61/700 ] WIN    31 turns   adam, ladydevimon, impmon  vs  mikasa, maka, horohoro
[  62/700 ] LOSS   36 turns   adam, yamamoto, death  vs  tsuyu, tamaki, kitara
[  63/700 ] LOSS   23 turns   adam, gilgamesh, gunha  vs  mash, orihime, toudou
[  64/700 ] LOSS   21 turns   adam, diane, sasuke  vs  mercury, halibel, erza
[  65/700 ] LOSS   20 turns   adam, chrome, tsubasa  vs  ryuko, korra, tatsumaki
[  66/700 ] LOSS   22 turns   adam, chrome, machinedramon  vs  hinata, crona, mercury
[  67/700 ] LOSS   15 turns   adam, blackstar, ichigo  vs  xanxus, seventeen, chrome
[  68/700 ] WIN    20 turns   adam, jupiter, rakko  vs  orihime, pegasus, halibel
[  69/700 ] LOSS   16 turns   adam, sukuna, mash  vs  toji, gojo, lyserg
[  70/700 ] LOSS   29 turns   adam, tanjiro, tamaki  vs  gallantmon, ryuko, uranus
[  71/700 ] WIN    44 turns   adam, touka, cell  vs  jeanne, ichibe, nonon
Applying bleed effect! Checking special code
[  72/700 ] LOSS   21 turns   adam, frieren, inosuke  vs  nagisa, hibari, toudou
[  73/700 ] WIN    19 turns   adam, saber, seventeen  vs  death, muichiro, chrome
[  74/700 ] LOSS   37 turns   adam, zenitsu, hawkmon  vs  tsubaki, gogeta, aiohto
[  75/700 ] WIN    31 turns   adam, mine, sukuna  vs  horohoro, tanjiro, orihime
[  76/700 ] LOSS   14 turns   adam, ace, sheele  vs  gunha, tamaki, alphamon
[  77/700 ] WIN    23 turns   adam, zenitsu, horohoro  vs  gon, sheele, sakura
[  78/700 ] LOSS   18 turns   adam, orihime, ryuko  vs  tamaki, gasai, jesse
Applying bleed effect! Checking special code
Applying bleed effect! Checking special code
Applying bleed effect! Checking special code
[  79/700 ] WIN    43 turns   adam, ban, tokoyami  vs  pegasus, denji, rimuru
[  80/700 ] LOSS   18 turns   adam, midoriya, ace  vs  gasai, tatsumaki, tokoyami
[  81/700 ] WIN    20 turns   adam, lizandpatty, impmon  vs  gojo, ryohei, vegeta
[  82/700 ] WIN    22 turns   adam, mercury, alphamon  vs  gilgamesh, tsunayoshi, shinra
Applying bleed effect! Checking special code
Applying bleed effect! Checking special code
Applying bleed effect! Checking special code
Applying bleed effect! Checking special code
Applying bleed effect! Checking special code
Applying bleed effect! Checking special code
Applying bleed effect! Checking special code
[  83/700 ] LOSS   25 turns   adam, nobara, gojo  vs  ken, tsuyu, jaden
[  84/700 ] WIN    13 turns   adam, kuroko, aang  vs  genos, ganta, sukuna
[  85/700 ] LOSS   26 turns   adam, tatsumi, frankenstein  vs  usopp, levi, sayaka
Applying bleed effect! Checking special code
Applying bleed effect! Checking special code
Applying bleed effect! Checking special code
Applying bleed effect! Checking special code
[  86/700 ] LOSS   32 turns   adam, jinwoo, lizandpatty  vs  denji, diane, misaka
[  87/700 ] LOSS   14 turns   adam, shokuhou, diane  vs  horohoro, gatomon, satsuki
[  88/700 ] LOSS   19 turns   adam, nezuko, megumin  vs  machinedramon, vegeta, ichigo
Applying bleed effect! Checking special code
Applying bleed effect! Checking special code
Applying bleed effect! Checking special code
Applying bleed effect! Checking special code
[  89/700 ] WIN    19 turns   adam, nel, nagisa  vs  rakko, soul, gogeta
[  90/700 ] WIN    35 turns   adam, gunha, nobara  vs  gray, satsuki, akame
[  91/700 ] LOSS   15 turns   adam, inuyasha, jeanne  vs  esdeath, mami, shinoa
[  92/700 ] LOSS   18 turns   adam, mine, xanxus  vs  nagisa, yamamoto, byakuya
[  93/700 ] LOSS   24 turns   adam, gasai, korra  vs  levi, yuji, arthur
[  94/700 ] WIN    26 turns   adam, toph, yoh  vs  blackwargreymon, mami, aang
[  95/700 ] WIN    17 turns   adam, uzui, jack  vs  shinoa, blackwargreymon, gogeta
Applying bleed effect! Checking special code
Applying bleed effect! Checking special code
[  96/700 ] LOSS   16 turns   adam, arthur, naruto  vs  neferpitou, inosuke, soul
[  97/700 ] LOSS   17 turns   adam, mars, lyserg  vs  astolfo, shinoa, shokuhou
Applying bleed effect! Checking special code
Applying bleed effect! Checking special code
Applying bleed effect! Checking special code
[  98/700 ] LOSS   24 turns   adam, gray, jinwoo  vs  power, astolfo, muichiro
[  99/700 ] WIN    24 turns   adam, nagisa, yuji  vs  gilgamesh, maka, lyserg
Applying bleed effect! Checking special code
Applying bleed effect! Checking special code
Applying bleed effect! Checking special code
[ 100/700 ] LOSS   18 turns   adam, nobara, zenitsu  vs  king, mash, squalo
[ 101/700 ] WIN    24 turns   adam, nonon, jinwoo  vs  yamamoto, yuno, minene
[ 102/700 ] LOSS   16 turns   adam, yamamoto, yoh  vs  ryuko, halibel, venus
Applying bleed effect! Checking special code
Applying bleed effect! Checking special code
Applying bleed effect! Checking special code
Applying bleed effect! Checking special code
Applying bleed effect! Checking special code
[ 103/700 ] WIN    42 turns   adam, emiyaarcher, gilgamesh  vs  inosuke, uranus, tsuyu
[ 104/700 ] LOSS   26 turns   adam, myotismon, gon  vs  ryohei, mercury, jaden
Applying bleed effect! Checking special code
Applying bleed effect! Checking special code
Applying bleed effect! Checking special code
Applying bleed effect! Checking special code
[ 105/700 ] LOSS   30 turns   adam, natsu, jeanne  vs  power, jesse, gallantmon
[ 106/700 ] WIN    26 turns   adam, omnimon, nobara  vs  toga, myotismon, korra
Applying bleed effect! Checking special code
[ 107/700 ] LOSS   14 turns   adam, power, levi  vs  allmight, gon, bakugo
[ 108/700 ] WIN    26 turns   adam, blackstar, megumi  vs  yoh, tsubasa, nobara
[ 109/700 ] LOSS   97 turns   adam, horohoro, seventeen  vs  arthur, shinra, emiya
Applying bleed effect! Checking special code
Applying bleed effect! Checking special code
Applying bleed effect! Checking special code
[ 110/700 ] LOSS   25 turns   adam, vegeta, inosuke  vs  veldora, astolfo, naruto
[ 111/700 ] LOSS   17 turns   adam, semiramis, megumi  vs  blackwargreymon, tsubasa, bakugo
[ 112/700 ] LOSS   18 turns   adam, jinwoo, sayaka  vs  kurotsuchi, ichibe, ladydevimon
Applying bleed effect! Checking special code
Applying bleed effect! Checking special code
Applying bleed effect! Checking special code
[ 113/700 ] LOSS   16 turns   adam, inuyasha, rengoku  vs  mikasa, gray, noelle
[ 114/700 ] WIN    25 turns   adam, power, mercury  vs  kaiba, toph, tatsumi
[ 115/700 ] WIN    12 turns   adam, alphamon, sasuke  vs  gatomon, crona, hawkmon
[ 116/700 ] LOSS   27 turns   adam, horohoro, sayaka  vs  uraraka, noelle, tatsumi
[ 117/700 ] LOSS   18 turns   adam, yamamoto, gilgamesh  vs  ichigo, kaiba, boruto
[ 118/700 ] WIN    18 turns   adam, alphamon, natsu  vs  tatsumaki, tsubasa, nonon
[ 119/700 ] LOSS   14 turns   adam, orihime, yoh  vs  mash, rimuru, hibari
[ 120/700 ] LOSS   21 turns   adam, touka, emiyaarcher  vs  sukuna, gilgamesh, mami
[ 121/700 ] WIN    16 turns   adam, kurapika, shiro  vs  zenitsu, megumin, shokuhou
[ 122/700 ] WIN    20 turns   adam, usopp, alphamon  vs  ganta, cooler, vegeta
[ 123/700 ] LOSS   27 turns   adam, nezuko, crona  vs  sasuke, mami, sukuna
[ 124/700 ] LOSS   21 turns   adam, yamamoto, tsubaki  vs  asta, bakugo, megumin
[ 125/700 ] WIN    20 turns   adam, veldora, rimuru  vs  yoh, hisoka, korra
[ 126/700 ] LOSS   11 turns   adam, megumi, uzui  vs  inuyasha, uranus, semiramis
[ 127/700 ] WIN    13 turns   adam, gogeta, saturn  vs  ganta, mercury, saber
Applying bleed effect! Checking special code
Applying bleed effect! Checking special code
Applying bleed effect! Checking special code
Applying bleed effect! Checking special code
[ 128/700 ] LOSS   26 turns   adam, kurapika, inosuke  vs  kaiba, rengoku, jack
[ 129/700 ] LOSS   14 turns   adam, meliodas, eren  vs  goku, astolfo, satsuki
Applying bleed effect! Checking special code
[ 130/700 ] WIN    16 turns   adam, neferpitou, killua  vs  power, hinata, gojo
Applying bleed effect! Checking special code
[ 131/700 ] WIN    15 turns   adam, halibel, todoroki  vs  king, ryohei, rimuru
[ 132/700 ] WIN    22 turns   adam, genos, ryohei  vs  allmight, uzui, ryuko
[ 133/700 ] LOSS   21 turns   adam, saber, touka  vs  ichigo, luffy, midoriya
Applying bleed effect! Checking special code
Applying bleed effect! Checking special code
Applying bleed effect! Checking special code
Applying bleed effect! Checking special code
Applying bleed effect! Checking special code
Applying bleed effect! Checking special code
Applying bleed effect! Checking special code
Applying bleed effect! Checking special code
Applying bleed effect! Checking special code
Applying bleed effect! Checking special code
Applying bleed effect! Checking special code
[ 134/700 ] WIN    21 turns   adam, king, asta  vs  sayaka, emiyaarcher, natsu
Applying bleed effect! Checking special code
Applying bleed effect! Checking special code
[ 135/700 ] WIN    15 turns   adam, ryuko, rakko  vs  zoro, jack, shokuhou
Applying bleed effect! Checking special code
Applying bleed effect! Checking special code
[ 136/700 ] LOSS   24 turns   adam, power, kurapika  vs  gilgamesh, koro, chrome
Applying bleed effect! Checking special code
Applying bleed effect! Checking special code
[ 137/700 ] LOSS   27 turns   adam, rengoku, nezuko  vs  cooler, gray, jaden
[ 138/700 ] LOSS   14 turns   adam, erza, myotismon  vs  jack, inuyasha, seventeen
Applying bleed effect! Checking special code
[ 139/700 ] WIN    22 turns   adam, blackwargreymon, diane  vs  crona, hinata, usopp
[ 140/700 ] WIN    20 turns   adam, kurapika, mami  vs  asta, sheele, orihime
[ 141/700 ] LOSS   22 turns   adam, satsuki, crona  vs  vegeta, lucy, yamamoto
[ 142/700 ] LOSS   28 turns   adam, gasai, gatomon  vs  arthur, gallantmon, goku
[ 143/700 ] LOSS   16 turns   adam, saber, ladydevimon  vs  tatsumi, sayaka, meliodas
[ 144/700 ] LOSS   32 turns   adam, koro, hibari  vs  sakura, mine, hinata
[ 145/700 ] LOSS   24 turns   adam, touka, jinwoo  vs  maka, blackstar, sheele
[ 146/700 ] WIN    16 turns   adam, jaden, kaiba  vs  goku, toga, zoro
[ 147/700 ] WIN    23 turns   adam, gray, impmon  vs  rob, misaka, shokuhou
[ 148/700 ] LOSS   19 turns   adam, kurapika, noelle  vs  saber, esdeath, natsu
[ 149/700 ] WIN    19 turns   adam, nobara, bakugo  vs  shokuhou, ichibe, jinwoo
[ 150/700 ] LOSS   26 turns   adam, bakugo, chrome  vs  yuno, mine, veldora
[ 151/700 ] WIN    34 turns   adam, impmon, levi  vs  jesse, kaiba, seventeen
[ 152/700 ] WIN    30 turns   adam, lucy, uzui  vs  ichigo, toudou, uraraka
[ 153/700 ] LOSS   11 turns   adam, blackwargreymon, gogeta  vs  venus, inuyasha, ace
Applying bleed effect! Checking special code
Applying bleed effect! Checking special code
Applying bleed effect! Checking special code
[ 154/700 ] WIN    21 turns   adam, nel, hisoka  vs  rakko, meliodas, tsubaki
[ 155/700 ] LOSS   12 turns   adam, sasuke, ganta  vs  mash, kurapika, rob
[ 156/700 ] LOSS   20 turns   adam, cooler, muichiro  vs  venus, zenitsu, lucy
[ 157/700 ] LOSS   24 turns   adam, kurotsuchi, nagisa  vs  yuji, sheele, shiro
[ 158/700 ] WIN    18 turns   adam, emiya, tatsumaki  vs  tsubasa, shiro, mami
[ 159/700 ] WIN    20 turns   adam, usopp, aiohto  vs  luffy, ganta, omnimon
Applying bleed effect! Checking special code
Applying bleed effect! Checking special code
[ 160/700 ] LOSS   34 turns   adam, tsunayoshi, diane  vs  noelle, lizandpatty, venus
[ 161/700 ] WIN    24 turns   adam, hashirama, tatsumi  vs  shinra, tsubasa, megumi
[ 162/700 ] LOSS   21 turns   adam, uzui, gatomon  vs  natsu, asta, hinata
[ 163/700 ] WIN    16 turns   adam, edward, machinedramon  vs  gatomon, megumi, veldora
[ 164/700 ] LOSS   36 turns   adam, ace, aiohto  vs  ban, kurapika, alphonse
[ 165/700 ] LOSS   18 turns   adam, blackwargreymon, machinedramon  vs  xanxus, myotismon, uranus
[ 166/700 ] WIN    19 turns   adam, akame, tatsumaki  vs  ace, diane, yugi
[ 167/700 ] LOSS   19 turns   adam, misaka, meliodas  vs  lucy, toga, frieren
Applying bleed effect! Checking special code
Applying bleed effect! Checking special code
[ 168/700 ] WIN    28 turns   adam, tokoyami, aang  vs  noelle, naruto, king
[ 169/700 ] LOSS   20 turns   adam, marco, kurotsuchi  vs  death, genos, frieren
Applying bleed effect! Checking special code
Applying bleed effect! Checking special code
Applying bleed effect! Checking special code
Applying bleed effect! Checking special code
Applying bleed effect! Checking special code
Applying bleed effect! Checking special code
Applying bleed effect! Checking special code
[ 170/700 ] WIN    19 turns   adam, rengoku, aiohto  vs  byakuya, mavis, alphamon
Yubel's S1 Triggered!
[ 171/700 ] LOSS   33 turns   adam, hinata, nobara  vs  yubel, sakura, gojo
[ 172/700 ] LOSS   18 turns   adam, ganta, korra  vs  vegeta, halibel, ichigo
Applying bleed effect! Checking special code
Applying bleed effect! Checking special code
Applying bleed effect! Checking special code
Applying bleed effect! Checking special code
[ 173/700 ] WIN    25 turns   adam, tokoyami, inosuke  vs  emiya, arthur, vegeta
[ 174/700 ] WIN    28 turns   adam, yuno, gogeta  vs  orihime, rimuru, tsuyu
Applying bleed effect! Checking special code
Applying bleed effect! Checking special code
Applying bleed effect! Checking special code
Applying bleed effect! Checking special code
Applying bleed effect! Checking special code
Applying bleed effect! Checking special code
[ 175/700 ] LOSS   19 turns   adam, ladydevimon, inuyasha  vs  hibari, king, gojo
[ 176/700 ] WIN    20 turns   adam, gogeta, toji  vs  sukuna, kurapika, todoroki
Applying bleed effect! Checking special code
Applying bleed effect! Checking special code
Applying bleed effect! Checking special code
Applying bleed effect! Checking special code
[ 177/700 ] WIN    39 turns   adam, minene, tsubasa  vs  denji, sakura, jeanne
[ 178/700 ] LOSS   13 turns   adam, goku, arthur  vs  eren, satsuki, astolfo
Applying bleed effect! Checking special code
Applying bleed effect! Checking special code
Applying bleed effect! Checking special code
[ 179/700 ] LOSS   19 turns   adam, tsubasa, king  vs  rengoku, genos, kurapika
[ 180/700 ] WIN    14 turns   adam, gilgamesh, luffy  vs  ban, gray, ganta
[ 181/700 ] WIN    11 turns   adam, todoroki, satsuki  vs  usopp, mars, megumin
[ 182/700 ] LOSS   20 turns   adam, misaka, blackstar  vs  esdeath, shinra, edward
Applying bleed effect! Checking special code
Applying bleed effect! Checking special code
Applying bleed effect! Checking special code
Applying bleed effect! Checking special code
Applying bleed effect! Checking special code
Applying bleed effect! Checking special code
[ 183/700 ] LOSS   24 turns   adam, king, gojo  vs  toga, denji, byakuya
[ 184/700 ] WIN    16 turns   adam, horohoro, mikasa  vs  ryuko, tatsumaki, xanxus
[ 185/700 ] LOSS   32 turns   adam, tsuyu, mikasa  vs  maka, arthur, gallantmon
Applying bleed effect! Checking special code
Applying bleed effect! Checking special code
Applying bleed effect! Checking special code
Applying bleed effect! Checking special code
Applying bleed effect! Checking special code
Applying bleed effect! Checking special code
[ 186/700 ] WIN    22 turns   adam, zoro, rakko  vs  tanjiro, pegasus, tokoyami
[ 187/700 ] WIN    20 turns   adam, nezuko, tatsumi  vs  gojo, yugi, squalo
[ 188/700 ] WIN    28 turns   adam, xanxus, koro  vs  cell, minene, rob
[ 189/700 ] WIN    24 turns   adam, ace, zoro  vs  sasuke, korra, ganta
[ 190/700 ] LOSS   15 turns   adam, orihime, inuyasha  vs  pegasus, ganta, chrome
Applying bleed effect! Checking special code
Applying bleed effect! Checking special code
Applying bleed effect! Checking special code
Applying bleed effect! Checking special code
Applying bleed effect! Checking special code
Applying bleed effect! Checking special code
Applying bleed effect! Checking special code
Applying bleed effect! Checking special code
[ 191/700 ] LOSS   15 turns   adam, yuji, megumi  vs  ken, ichigo, bakugo
[ 192/700 ] WIN    17 turns   adam, genos, mikasa  vs  hawkmon, lyserg, kuroko
[ 193/700 ] WIN    25 turns   adam, tatsumaki, byakuya  vs  ganta, lyserg, kaiba
[ 194/700 ] WIN    20 turns   adam, gallantmon, muichiro  vs  kurotsuchi, midoriya, genos
[ 195/700 ] WIN    22 turns   adam, yuno, boruto  vs  edward, satsuki, jeanne
Applying bleed effect! Checking special code
Applying bleed effect! Checking special code
[ 196/700 ] LOSS   21 turns   adam, noelle, diane  vs  boruto, mars, shinra
Applying bleed effect! Checking special code
Applying bleed effect! Checking special code
Applying bleed effect! Checking special code
[ 197/700 ] WIN    24 turns   adam, denji, saturn  vs  shinoa, kitara, ryuko
Applying bleed effect! Checking special code
Applying bleed effect! Checking special code
Applying bleed effect! Checking special code
Applying bleed effect! Checking special code
Applying bleed effect! Checking special code
Applying bleed effect! Checking special code
[ 198/700 ] LOSS   26 turns   adam, zoro, ken  vs  orihime, saturn, impmon
[ 199/700 ] WIN    28 turns   adam, blackstar, mars  vs  rob, gray, tsunayoshi
[ 200/700 ] WIN    12 turns   adam, genos, sheele  vs  jeanne, seventeen, mikasa
[ 201/700 ] WIN    22 turns   adam, impmon, veldora  vs  akame, gon, blackstar
Applying bleed effect! Checking special code
Applying bleed effect! Checking special code
Applying bleed effect! Checking special code
[ 202/700 ] WIN    18 turns   adam, usopp, luffy  vs  ace, king, mine
Applying bleed effect! Checking special code
Applying bleed effect! Checking special code
[ 203/700 ] WIN    15 turns   adam, sayaka, sasuke  vs  emiyaarcher, denji, renamon
Applying bleed effect! Checking special code
Applying bleed effect! Checking special code
Applying bleed effect! Checking special code
[ 204/700 ] WIN    15 turns   adam, tamaki, omnimon  vs  ace, inosuke, mami
Applying bleed effect! Checking special code
[ 205/700 ] LOSS   19 turns   adam, orihime, diane  vs  jack, marco, yuji
[ 206/700 ] WIN    36 turns   adam, hisoka, mercury  vs  arthur, orihime, bakugo
[ 207/700 ] WIN    17 turns   adam, sukuna, ace  vs  rimuru, sayaka, tsubasa
Applying bleed effect! Checking special code
Applying bleed effect! Checking special code
[ 208/700 ] WIN    23 turns   adam, satsuki, denji  vs  korra, kuroko, halibel
[ 209/700 ] WIN    27 turns   adam, itachi, myotismon  vs  kurapika, nobara, impmon
[ 210/700 ] WIN    23 turns   adam, toudou, soul  vs  yubel, myotismon, gogeta
[ 211/700 ] WIN    17 turns   adam, jaden, minene  vs  gilgamesh, myotismon, kid
[ 212/700 ] WIN    21 turns   adam, mercury, natsu  vs  shokuhou, zenitsu, toph
[ 213/700 ] WIN    24 turns   adam, vegeta, emiyaarcher  vs  yoh, kurapika, gon
[ 214/700 ] LOSS   19 turns   adam, cell, toph  vs  kuroko, maka, naruto
Applying bleed effect! Checking special code
Applying bleed effect! Checking special code
Applying bleed effect! Checking special code
Applying bleed effect! Checking special code
[ 215/700 ] WIN    22 turns   adam, mash, genos  vs  itachi, pegasus, denji
[ 216/700 ] WIN    14 turns   adam, venus, aang  vs  mikasa, maka, levi
[ 217/700 ] WIN    19 turns   adam, uranus, aang  vs  akame, satsuki, midoriya
[ 218/700 ] LOSS   30 turns   adam, crona, nobara  vs  lyserg, nel, kitara
Applying bleed effect! Checking special code
Applying bleed effect! Checking special code
Applying bleed effect! Checking special code
Applying bleed effect! Checking special code
Applying bleed effect! Checking special code
Applying bleed effect! Checking special code
[ 219/700 ] LOSS   18 turns   adam, omnimon, emiya  vs  kurotsuchi, king, itachi
[ 220/700 ] LOSS   21 turns   adam, venus, luffy  vs  halibel, kuroko, minene
Applying bleed effect! Checking special code
[ 221/700 ] LOSS   20 turns   adam, denji, death  vs  zoro, jaden, nagisa
Yubel's S1 Triggered!
[ 222/700 ] WIN    18 turns   adam, natsu, yuji  vs  yubel, chrome, genos
[ 223/700 ] WIN    20 turns   adam, megumi, ryuko  vs  jesse, gatomon, inosuke
[ 224/700 ] LOSS   20 turns   adam, crona, xanxus  vs  kurotsuchi, gray, zenitsu
[ 225/700 ] WIN    16 turns   adam, frankenstein, shiro  vs  tanjiro, ryuko, shokuhou
[ 226/700 ] WIN    23 turns   adam, mercury, nel  vs  satsuki, shokuhou, todoroki
[ 227/700 ] WIN    32 turns   adam, toph, gray  vs  saber, shiro, yugi
Applying bleed effect! Checking special code
Applying bleed effect! Checking special code
[ 228/700 ] LOSS   10 turns   adam, chrome, ken  vs  tamaki, frankenstein, satsuki
[ 229/700 ] LOSS   28 turns   adam, ryohei, lyserg  vs  zenitsu, levi, gon
[ 230/700 ] WIN    20 turns   adam, jaden, marco  vs  todoroki, uraraka, touka
[ 231/700 ] LOSS   15 turns   adam, frieren, hinata  vs  killua, seventeen, gallantmon
[ 232/700 ] WIN    18 turns   adam, zenitsu, touka  vs  gasai, yubel, byakuya
[ 233/700 ] LOSS   42 turns   adam, yamamoto, allmight  vs  shinoa, jesse, kuroko
[ 234/700 ] LOSS   19 turns   adam, korra, frankenstein  vs  shinoa, hinata, gunha
[ 235/700 ] LOSS   22 turns   adam, muichiro, usopp  vs  broly, zenitsu, rakko
[ 236/700 ] LOSS   15 turns   adam, killua, gatomon  vs  itachi, venus, hisoka
[ 237/700 ] WIN    42 turns   adam, arthur, soul  vs  gatomon, sakura, blackstar
Applying bleed effect! Checking special code
Applying bleed effect! Checking special code
Applying bleed effect! Checking special code
Applying bleed effect! Checking special code
[ 238/700 ] LOSS   18 turns   adam, venus, inosuke  vs  seventeen, lyserg, jaden
[ 239/700 ] WIN    24 turns   adam, gallantmon, chrome  vs  toph, tanjiro, tsuyu
Applying bleed effect! Checking special code
[ 240/700 ] WIN    36 turns   adam, saber, gojo  vs  zoro, eren, power
[ 241/700 ] LOSS   27 turns   adam, hawkmon, mars  vs  shinoa, death, omnimon
[ 242/700 ] WIN    25 turns   adam, uranus, pegasus  vs  jinwoo, byakuya, saber
[ 243/700 ] WIN    22 turns   adam, sayaka, cooler  vs  ace, crona, astolfo
[ 244/700 ] LOSS   17 turns   adam, shinra, crona  vs  satsuki, gohan, hibari
[ 245/700 ] LOSS   19 turns   adam, tanjiro, crona  vs  semiramis, aang, jesse
[ 246/700 ] LOSS   18 turns   adam, akame, gojo  vs  mercury, yuno, kurotsuchi
Applying bleed effect! Checking special code
Applying bleed effect! Checking special code
Applying bleed effect! Checking special code
Applying bleed effect! Checking special code
[ 247/700 ] LOSS   32 turns   adam, pegasus, tatsumaki  vs  rengoku, tsunayoshi, luffy
[ 248/700 ] LOSS   25 turns   adam, nimaiya, gogeta  vs  marco, emiyaarcher, asta
[ 249/700 ] WIN    10 turns   adam, blackwargreymon, gunha  vs  toudou, semiramis, alphamon
[ 250/700 ] LOSS   20 turns   adam, saturn, yoh  vs  mash, touka, gilgamesh
[ 251/700 ] WIN    31 turns   adam, nonon, aang  vs  myotismon, uzui, renamon
[ 252/700 ] WIN    17 turns   adam, neferpitou, soul  vs  arthur, muichiro, byakuya
Applying bleed effect! Checking special code
Applying bleed effect! Checking special code
Applying bleed effect! Checking special code
[ 253/700 ] WIN    26 turns   adam, inosuke, yubel  vs  hawkmon, yugi, sayaka
[ 254/700 ] WIN    18 turns   adam, eren, tamaki  vs  shinoa, allmight, gogeta
Applying bleed effect! Checking special code
Applying bleed effect! Checking special code
Applying bleed effect! Checking special code
[ 255/700 ] LOSS   24 turns   adam, frieren, erza  vs  uzui, byakuya, denji
[ 256/700 ] LOSS   13 turns   adam, saitama, shokuhou  vs  mine, cell, gasai
[ 257/700 ] WIN    20 turns   adam, satsuki, marco  vs  gunha, eren, sayaka
[ 258/700 ] WIN    27 turns   adam, nobara, uzui  vs  edward, yugi, killua
[ 259/700 ] LOSS   30 turns   adam, nobara, neferpitou  vs  eren, meliodas, saber
[ 260/700 ] WIN    16 turns   adam, mine, bakugo  vs  goku, ryohei, noelle
Applying bleed effect! Checking special code
[ 261/700 ] WIN    43 turns   adam, inosuke, muichiro  vs  yoh, tatsumi, sakura
[ 262/700 ] WIN    18 turns   adam, inuyasha, mavis  vs  ganta, megumin, todoroki
[ 263/700 ] WIN    21 turns   adam, shiro, tokoyami  vs  cell, tanjiro, toudou
[ 264/700 ] WIN    18 turns   adam, mash, maka  vs  renamon, mami, gogeta
[ 265/700 ] WIN    21 turns   adam, hinata, kitara  vs  shinra, satsuki, gohan
[ 266/700 ] LOSS   15 turns   adam, lucy, mami  vs  genos, gasai, nimaiya
Applying bleed effect! Checking special code
[ 267/700 ] LOSS   28 turns   adam, madoka, toph  vs  yuji, power, marco
[ 268/700 ] WIN    25 turns   adam, saturn, korra  vs  omnimon, mami, toji
[ 269/700 ] LOSS   29 turns   adam, lyserg, shiro  vs  midoriya, bakugo, kaiba
[ 270/700 ] LOSS   17 turns   adam, tsubaki, mine  vs  toga, megumin, ganta
[ 271/700 ] LOSS   11 turns   adam, toga, minene  vs  alphamon, horohoro, blackwargreymon
Yubel's S1 Triggered!
[ 272/700 ] LOSS   26 turns   adam, yubel, gogeta  vs  nagisa, yugi, tatsumaki
[ 273/700 ] WIN    29 turns   adam, usopp, gohan  vs  uraraka, edward, ladydevimon
[ 274/700 ] LOSS   24 turns   adam, xanxus, minene  vs  tsunayoshi, toudou, gasai
[ 275/700 ] LOSS   26 turns   adam, blackstar, mine  vs  jinwoo, yuji, xanxus
[ 276/700 ] WIN    16 turns   adam, edward, vegeta  vs  mami, kurapika, chrome
[ 277/700 ] LOSS   27 turns   adam, mikasa, ryohei  vs  noelle, tamaki, meliodas
[ 278/700 ] LOSS   31 turns   adam, arthur, gatomon  vs  kurotsuchi, eren, emiya
[ 279/700 ] LOSS   33 turns   adam, omnimon, yoh  vs  cooler, saitama, hinata
[ 280/700 ] LOSS   12 turns   adam, luffy, maka  vs  boruto, squalo, ladydevimon
[ 281/700 ] LOSS   33 turns   adam, death, aang  vs  yamamoto, minene, megumin
[ 282/700 ] LOSS   13 turns   adam, shinoa, gray  vs  mash, crona, tsubaki
[ 283/700 ] LOSS   15 turns   adam, nagisa, nobara  vs  minene, luffy, shinra
[ 284/700 ] WIN    16 turns   adam, broly, luffy  vs  halibel, toga, yugi
[ 285/700 ] WIN    31 turns   adam, pegasus, gojo  vs  allmight, minene, sakura
[ 286/700 ] LOSS   26 turns   adam, uzui, emiya  vs  rob, ace, megumi
[ 287/700 ] LOSS   17 turns   adam, tokoyami, squalo  vs  astolfo, yuno, impmon
[ 288/700 ] WIN    21 turns   adam, yuji, touka  vs  koro, veldora, yamamoto
[ 289/700 ] WIN    49 turns   adam, hinata, mars  vs  nimaiya, halibel, naruto
[ 290/700 ] WIN    27 turns   adam, impmon, myotismon  vs  midoriya, itachi, tanjiro
[ 291/700 ] WIN    21 turns   adam, uranus, gon  vs  tanjiro, mikasa, astolfo
[ 292/700 ] WIN    23 turns   adam, tsunayoshi, tamaki  vs  allmight, yoh, toph
[ 293/700 ] LOSS   14 turns   adam, edward, satsuki  vs  esdeath, tsunayoshi, cell
[ 294/700 ] LOSS   21 turns   adam, crona, diane  vs  tanjiro, shinra, sayaka
[ 295/700 ] WIN    26 turns   adam, gojo, myotismon  vs  minene, mercury, aang
[ 296/700 ] LOSS   21 turns   adam, marco, emiyaarcher  vs  nezuko, mikasa, hisoka
[ 297/700 ] WIN    19 turns   adam, kaiba, nel  vs  semiramis, death, yugi
[ 298/700 ] WIN    34 turns   adam, frankenstein, mars  vs  tsuyu, itachi, gunha
[ 299/700 ] WIN    29 turns   adam, frieren, hawkmon  vs  aang, semiramis, jeanne
Applying bleed effect! Checking special code
Applying bleed effect! Checking special code
Applying bleed effect! Checking special code
[ 300/700 ] LOSS   30 turns   adam, minene, power  vs  tatsumi, nimaiya, neferpitou
[ 301/700 ] LOSS   28 turns   adam, gallantmon, machinedramon  vs  kaiba, ganta, gilgamesh
Applying bleed effect! Checking special code
[ 302/700 ] WIN    22 turns   adam, rengoku, alphamon  vs  hibari, diane, crona
[ 303/700 ] LOSS   17 turns   adam, inuyasha, sasuke  vs  horohoro, nonon, sukuna
Applying bleed effect! Checking special code
Applying bleed effect! Checking special code
Applying bleed effect! Checking special code
Applying bleed effect! Checking special code
Applying bleed effect! Checking special code
Applying bleed effect! Checking special code
Applying bleed effect! Checking special code
Applying bleed effect! Checking special code
[ 304/700 ] WIN    15 turns   adam, ken, power  vs  ryohei, midoriya, levi
Applying bleed effect! Checking special code
Applying bleed effect! Checking special code
[ 305/700 ] LOSS   19 turns   adam, yoh, mine  vs  rengoku, megumi, rob
[ 306/700 ] LOSS   19 turns   adam, lucy, alphonse  vs  nimaiya, yugi, noelle
Yubel's S1 Triggered!
Yubel's S1 Triggered!
Yubel's S1 Triggered!
Yubel's S1 Triggered!
[ 307/700 ] LOSS   26 turns   adam, horohoro, emiya  vs  yuji, yubel, lizandpatty
[ 308/700 ] WIN    16 turns   adam, nonon, ichibe  vs  hawkmon, sukuna, alphonse
[ 309/700 ] WIN    18 turns   adam, gasai, mine  vs  luffy, toji, meliodas
[ 310/700 ] LOSS   20 turns   adam, xanxus, gogeta  vs  impmon, horohoro, lizandpatty
[ 311/700 ] LOSS   13 turns   adam, edward, xanxus  vs  mikasa, nimaiya, esdeath
[ 312/700 ] LOSS   16 turns   adam, hibari, megumin  vs  touka, vegeta, ryohei
[ 313/700 ] LOSS   20 turns   adam, xanxus, jeanne  vs  jesse, jack, tsunayoshi
Applying bleed effect! Checking special code
[ 314/700 ] WIN    29 turns   adam, kid, jesse  vs  pegasus, gogeta, power
Applying bleed effect! Checking special code
Applying bleed effect! Checking special code
Applying bleed effect! Checking special code
Applying bleed effect! Checking special code
Applying bleed effect! Checking special code
Applying bleed effect! Checking special code
Applying bleed effect! Checking special code
Applying bleed effect! Checking special code
Applying bleed effect! Checking special code
Applying bleed effect! Checking special code
Applying bleed effect! Checking special code
[ 315/700 ] LOSS   17 turns   adam, tsubasa, yuno  vs  king, jinwoo, lizandpatty
[ 316/700 ] LOSS   16 turns   adam, orihime, crona  vs  edward, shinoa, cooler
[ 317/700 ] WIN    16 turns   adam, jupiter, kid  vs  hawkmon, soul, toph
[ 318/700 ] WIN    23 turns   adam, vegeta, nonon  vs  broly, saber, itachi
[ 319/700 ] WIN    33 turns   adam, touka, mikasa  vs  ryohei, yamamoto, shokuhou
[ 320/700 ] LOSS   24 turns   adam, mars, misaka  vs  levi, lucy, uraraka
[ 321/700 ] WIN    42 turns   adam, tsubaki, rimuru  vs  omnimon, tsuyu, ladydevimon
Applying bleed effect! Checking special code
[ 322/700 ] LOSS   18 turns   adam, allmight, ace  vs  aiohto, shinoa, inosuke
[ 323/700 ] WIN    22 turns   adam, venus, tsuyu  vs  midoriya, death, mikasa
Applying bleed effect! Checking special code
Applying bleed effect! Checking special code
[ 324/700 ] LOSS   35 turns   adam, inosuke, yamamoto  vs  nel, diane, yugi
[ 325/700 ] LOSS   13 turns   adam, emiyaarcher, tsuyu  vs  genos, alphamon, gon
Applying bleed effect! Checking special code
Applying bleed effect! Checking special code
Applying bleed effect! Checking special code
Applying bleed effect! Checking special code
Applying bleed effect! Checking special code
[ 326/700 ] WIN    18 turns   adam, ace, neferpitou  vs  goku, muichiro, rakko
Applying bleed effect! Checking special code
Applying bleed effect! Checking special code
[ 327/700 ] WIN    31 turns   adam, rakko, mami  vs  aiohto, erza, impmon
[ 328/700 ] WIN    45 turns   adam, gohan, uraraka  vs  allmight, inuyasha, emiya
[ 329/700 ] WIN    16 turns   adam, ichigo, neferpitou  vs  tsuyu, tsubasa, edward
[ 330/700 ] LOSS   21 turns   adam, toga, goku  vs  nonon, gatomon, frankenstein
Applying bleed effect! Checking special code
[ 331/700 ] WIN    14 turns   adam, mash, todoroki  vs  nimaiya, power, meliodas
[ 332/700 ] WIN    28 turns   adam, kaiba, mikasa  vs  nezuko, tsubaki, gatomon
Applying bleed effect! Checking special code
Applying bleed effect! Checking special code
[ 333/700 ] WIN    22 turns   adam, death, mikasa  vs  ken, nezuko, korra
Applying bleed effect! Checking special code
Applying bleed effect! Checking special code
Applying bleed effect! Checking special code
[ 334/700 ] LOSS   13 turns   adam, rakko, blackstar  vs  power, madoka, neferpitou
[ 335/700 ] WIN    21 turns   adam, astolfo, hinata  vs  mars, goku, tsubaki
[ 336/700 ] LOSS   25 turns   adam, mikasa, hinata  vs  kaiba, aiohto, kurapika
[ 337/700 ] WIN    14 turns   adam, gogeta, sukuna  vs  halibel, todoroki, machinedramon
Applying bleed effect! Checking special code
Applying bleed effect! Checking special code
Applying bleed effect! Checking special code
Applying bleed effect! Checking special code
Applying bleed effect! Checking special code
Applying bleed effect! Checking special code
Applying bleed effect! Checking special code
Applying bleed effect! Checking special code
Applying bleed effect! Checking special code
Applying bleed effect! Checking special code
Applying bleed effect! Checking special code
Applying bleed effect! Checking special code
[ 338/700 ] LOSS   33 turns   adam, kurapika, venus  vs  saitama, gilgamesh, rengoku
[ 339/700 ] LOSS   17 turns   adam, jupiter, kurotsuchi  vs  power, goku, nimaiya
[ 340/700 ] WIN    43 turns   adam, ryuko, lyserg  vs  mikasa, noelle, tsunayoshi
[ 341/700 ] LOSS   23 turns   adam, mavis, blackwargreymon  vs  kuroko, kurapika, tsuyu
[ 342/700 ] LOSS   29 turns   adam, asta, yoh  vs  hawkmon, emiya, nobara
[ 343/700 ] WIN    25 turns   adam, tatsumi, marco  vs  edward, uranus, gallantmon
Applying bleed effect! Checking special code
[ 344/700 ] WIN    24 turns   adam, inosuke, shinra  vs  boruto, satsuki, megumin
[ 345/700 ] WIN    16 turns   adam, myotismon, kaiba  vs  jinwoo, tsunayoshi, kitara
Applying bleed effect! Checking special code
Applying bleed effect! Checking special code
Applying bleed effect! Checking special code
Applying bleed effect! Checking special code
[ 346/700 ] WIN    25 turns   adam, lyserg, power  vs  yuji, xanxus, kuroko
[ 347/700 ] WIN    15 turns   adam, tanjiro, touka  vs  asta, gohan, shiro
[ 348/700 ] LOSS   19 turns   adam, muichiro, yoh  vs  emiyaarcher, madoka, nezuko
Applying bleed effect! Checking special code
Applying bleed effect! Checking special code
[ 349/700 ] LOSS   16 turns   adam, king, kurapika  vs  luffy, gon, misaka
[ 350/700 ] WIN    28 turns   adam, luffy, jeanne  vs  emiya, minene, sheele
[ 351/700 ] LOSS   16 turns   adam, toga, hisoka  vs  kid, nagisa, jupiter
[ 352/700 ] WIN    12 turns   adam, lucy, tsubaki  vs  mars, toga, uranus
[ 353/700 ] WIN    18 turns   adam, rimuru, eren  vs  neferpitou, touka, muichiro
[ 354/700 ] WIN    20 turns   adam, kid, nel  vs  shiro, cooler, bakugo
[ 355/700 ] LOSS   15 turns   adam, yoh, sheele  vs  ryuko, seventeen, itachi
[ 356/700 ] LOSS   19 turns   adam, shiro, killua  vs  gray, madoka, jack
[ 357/700 ] LOSS   33 turns   adam, gilgamesh, rob  vs  sakura, yoh, shiro
[ 358/700 ] WIN    15 turns   adam, genos, todoroki  vs  gon, ryuko, tsuyu
Applying bleed effect! Checking special code
[ 359/700 ] WIN    28 turns   adam, akame, rakko  vs  yuno, minene, korra
[ 360/700 ] WIN    31 turns   adam, chrome, semiramis  vs  omnimon, pegasus, gilgamesh
[ 361/700 ] LOSS   51 turns   adam, ace, touka  vs  myotismon, aiohto, eren
[ 362/700 ] WIN    16 turns   adam, satsuki, frankenstein  vs  mash, jack, toudou
[ 363/700 ] LOSS   16 turns   adam, usopp, tanjiro  vs  gatomon, yuno, toudou
[ 364/700 ] WIN    13 turns   adam, madoka, ichigo  vs  xanxus, sasuke, hisoka
[ 365/700 ] WIN    20 turns   adam, tanjiro, megumi  vs  toudou, emiyaarcher, misaka
[ 366/700 ] WIN    23 turns   adam, gray, ace  vs  gohan, nel, ryohei
[ 367/700 ] WIN    27 turns   adam, tamaki, allmight  vs  machinedramon, toudou, tsunayoshi
[ 368/700 ] WIN    45 turns   adam, megumin, gogeta  vs  nezuko, saitama, rimuru
[ 369/700 ] LOSS   12 turns   adam, luffy, inuyasha  vs  astolfo, kid, esdeath
Applying bleed effect! Checking special code
Applying bleed effect! Checking special code
Applying bleed effect! Checking special code
Applying bleed effect! Checking special code
[ 370/700 ] WIN    29 turns   adam, denji, toudou  vs  megumi, kaiba, kuroko
[ 371/700 ] WIN    17 turns   adam, ban, maka  vs  sukuna, akame, jeanne
[ 372/700 ] LOSS   19 turns   adam, ladydevimon, sasuke  vs  mercury, yubel, inuyasha
[ 373/700 ] WIN    30 turns   adam, tsubasa, xanxus  vs  tamaki, arthur, shiro
Applying bleed effect! Checking special code
[ 374/700 ] LOSS   25 turns   adam, nobara, diane  vs  nonon, broly, yubel
[ 375/700 ] LOSS   24 turns   adam, hawkmon, midoriya  vs  tsubaki, nezuko, cooler
[ 376/700 ] LOSS   18 turns   adam, venus, horohoro  vs  shinoa, kitara, mercury
[ 377/700 ] WIN    26 turns   adam, xanxus, usopp  vs  genos, cell, kurapika
[ 378/700 ] WIN    20 turns   adam, neferpitou, maka  vs  horohoro, esdeath, pegasus
[ 379/700 ] LOSS   22 turns   adam, mami, power  vs  sasuke, uranus, naruto
Applying bleed effect! Checking special code
Applying bleed effect! Checking special code
Applying bleed effect! Checking special code
Applying bleed effect! Checking special code
Applying bleed effect! Checking special code
[ 380/700 ] WIN    28 turns   adam, squalo, ken  vs  edward, gilgamesh, zenitsu
[ 381/700 ] LOSS   20 turns   adam, lyserg, ace  vs  edward, maka, inuyasha
Yubel's S1 Triggered!
Yubel's S1 Triggered!
[ 382/700 ] LOSS   18 turns   adam, yubel, sakura  vs  gogeta, yuno, uzui
[ 383/700 ] LOSS   14 turns   adam, alphamon, gatomon  vs  nagisa, bakugo, satsuki
Applying bleed effect! Checking special code
Applying bleed effect! Checking special code
Applying bleed effect! Checking special code
Applying bleed effect! Checking special code
Applying bleed effect! Checking special code
[ 384/700 ] LOSS   18 turns   adam, kuroko, denji  vs  tamaki, rengoku, mine
[ 385/700 ] WIN    19 turns   adam, mash, hibari  vs  sasuke, sakura, koro
Applying bleed effect! Checking special code
Applying bleed effect! Checking special code
Applying bleed effect! Checking special code
[ 386/700 ] LOSS   26 turns   adam, yuji, rimuru  vs  tatsumi, tsubaki, ken
[ 387/700 ] WIN    23 turns   adam, blackwargreymon, tokoyami  vs  shinoa, pegasus, ban
[ 388/700 ] WIN    20 turns   adam, mavis, rob  vs  omnimon, gon, tatsumaki
Applying bleed effect! Checking special code
Applying bleed effect! Checking special code
Applying bleed effect! Checking special code
Applying bleed effect! Checking special code
Applying bleed effect! Checking special code
Applying bleed effect! Checking special code
Applying bleed effect! Checking special code
Applying bleed effect! Checking special code
[ 389/700 ] LOSS   23 turns   adam, chrome, orihime  vs  marco, tatsumi, king
[ 390/700 ] WIN    21 turns   adam, mash, madoka  vs  ace, gilgamesh, crona
[ 391/700 ] WIN    13 turns   adam, soul, frankenstein  vs  hashirama, alphonse, korra
Applying bleed effect! Checking special code
Applying bleed effect! Checking special code
Applying bleed effect! Checking special code
Applying bleed effect! Checking special code
Applying bleed effect! Checking special code
Applying bleed effect! Checking special code
[ 392/700 ] WIN    23 turns   adam, arthur, nezuko  vs  sasuke, ken, squalo
[ 393/700 ] LOSS   16 turns   adam, tatsumi, aang  vs  levi, yoh, neferpitou
[ 394/700 ] WIN    26 turns   adam, semiramis, hashirama  vs  aiohto, sheele, shokuhou
[ 395/700 ] WIN    23 turns   adam, midoriya, tsubaki  vs  zoro, boruto, nonon
Applying bleed effect! Checking special code
Applying bleed effect! Checking special code
Applying bleed effect! Checking special code
[ 396/700 ] WIN    23 turns   adam, satsuki, shinra  vs  saitama, rakko, horohoro
Applying bleed effect! Checking special code
Applying bleed effect! Checking special code
Applying bleed effect! Checking special code
Applying bleed effect! Checking special code
Applying bleed effect! Checking special code
[ 397/700 ] WIN    18 turns   adam, tsuyu, neferpitou  vs  ban, ken, shiro
[ 398/700 ] LOSS   27 turns   adam, saber, uranus  vs  mars, saturn, inuyasha
[ 399/700 ] WIN    35 turns   adam, rob, frankenstein  vs  usopp, impmon, jesse
[ 400/700 ] LOSS   21 turns   adam, genos, sukuna  vs  hashirama, ladydevimon, tamaki
[ 401/700 ] LOSS   28 turns   adam, saitama, touka  vs  erza, orihime, ban
[ 402/700 ] LOSS   19 turns   adam, todoroki, venus  vs  myotismon, gon, renamon
[ 403/700 ] LOSS   25 turns   adam, goku, emiyaarcher  vs  ladydevimon, soul, tanjiro
Applying bleed effect! Checking special code
Applying bleed effect! Checking special code
[ 404/700 ] WIN    16 turns   adam, astolfo, zenitsu  vs  ken, byakuya, kurapika
[ 405/700 ] WIN    16 turns   adam, death, alphonse  vs  venus, mami, meliodas
[ 406/700 ] WIN    33 turns   adam, muichiro, astolfo  vs  korra, mavis, squalo
Applying bleed effect! Checking special code
Applying bleed effect! Checking special code
Applying bleed effect! Checking special code
Applying bleed effect! Checking special code
Applying bleed effect! Checking special code
Applying bleed effect! Checking special code
Applying bleed effect! Checking special code
Applying bleed effect! Checking special code
Applying bleed effect! Checking special code
Applying bleed effect! Checking special code
Applying bleed effect! Checking special code
[ 407/700 ] LOSS   20 turns   adam, denji, megumin  vs  shokuhou, myotismon, king
[ 408/700 ] WIN    23 turns   adam, kurotsuchi, arthur  vs  horohoro, koro, todoroki
Applying bleed effect! Checking special code
[ 409/700 ] LOSS   15 turns   adam, veldora, ganta  vs  nel, rengoku, blackwargreymon
Applying bleed effect! Checking special code
Applying bleed effect! Checking special code
[ 410/700 ] LOSS   23 turns   adam, king, kuroko  vs  nonon, ryohei, ganta
Applying bleed effect! Checking special code
[ 411/700 ] LOSS   23 turns   adam, shinra, rakko  vs  allmight, ban, chrome
[ 412/700 ] WIN    18 turns   adam, seventeen, cooler  vs  madoka, jeanne, tamaki
Applying bleed effect! Checking special code
Applying bleed effect! Checking special code
Applying bleed effect! Checking special code
[ 413/700 ] LOSS   12 turns   adam, gon, allmight  vs  shinra, rengoku, mash
[ 414/700 ] WIN    20 turns   adam, jupiter, sasuke  vs  yoh, killua, vegeta
[ 415/700 ] WIN    25 turns   adam, inuyasha, itachi  vs  blackstar, sasuke, bakugo
Applying bleed effect! Checking special code
Applying bleed effect! Checking special code
Applying bleed effect! Checking special code
Applying bleed effect! Checking special code
Applying bleed effect! Checking special code
Applying bleed effect! Checking special code
Applying bleed effect! Checking special code
Applying bleed effect! Checking special code
Applying bleed effect! Checking special code
Applying bleed effect! Checking special code
Applying bleed effect! Checking special code
Applying bleed effect! Checking special code
[ 416/700 ] LOSS   22 turns   adam, shiro, kurapika  vs  semiramis, jaden, king
[ 417/700 ] LOSS   23 turns   adam, vegeta, astolfo  vs  semiramis, killua, rob
[ 418/700 ] LOSS   34 turns   adam, megumin, tamaki  vs  eren, mami, kurapika
[ 419/700 ] LOSS   28 turns   adam, touka, yamamoto  vs  sakura, venus, boruto
[ 420/700 ] WIN    28 turns   adam, edward, arthur  vs  jesse, killua, vegeta
[ 421/700 ] LOSS   24 turns   adam, saitama, jack  vs  levi, gogeta, hibari
[ 422/700 ] LOSS   15 turns   adam, mami, jeanne  vs  byakuya, alphamon, touka
[ 423/700 ] WIN    19 turns   adam, yamamoto, impmon  vs  tsubaki, yubel, jack
Applying bleed effect! Checking special code
Applying bleed effect! Checking special code
Applying bleed effect! Checking special code
Applying bleed effect! Checking special code
[ 424/700 ] WIN    20 turns   adam, emiyaarcher, erza  vs  jeanne, noelle, inosuke
Applying bleed effect! Checking special code
Applying bleed effect! Checking special code
Applying bleed effect! Checking special code
[ 425/700 ] WIN    14 turns   adam, neferpitou, rakko  vs  shinra, naruto, rimuru
[ 426/700 ] WIN    16 turns   adam, mash, yamamoto  vs  omnimon, yuji, frankenstein
[ 427/700 ] LOSS   17 turns   adam, luffy, gohan  vs  yuno, alphonse, gon
[ 428/700 ] WIN    16 turns   adam, satsuki, aang  vs  byakuya, halibel, nimaiya
Applying bleed effect! Checking special code
Applying bleed effect! Checking special code
Applying bleed effect! Checking special code
Applying bleed effect! Checking special code
Applying bleed effect! Checking special code
Applying bleed effect! Checking special code
Applying bleed effect! Checking special code
Applying bleed effect! Checking special code
[ 429/700 ] WIN    23 turns   adam, rengoku, uraraka  vs  lucy, gilgamesh, halibel
[ 430/700 ] LOSS   25 turns   adam, gunha, crona  vs  shinra, koro, sheele
[ 431/700 ] LOSS   16 turns   adam, aiohto, toji  vs  bakugo, toudou, satsuki
Applying bleed effect! Checking special code
[ 432/700 ] LOSS   11 turns   adam, blackwargreymon, rengoku  vs  madoka, nel, luffy
[ 433/700 ] WIN    24 turns   adam, diane, ladydevimon  vs  uranus, nimaiya, myotismon
[ 434/700 ] LOSS   14 turns   adam, mash, impmon  vs  diane, madoka, gojo
Applying bleed effect! Checking special code
Applying bleed effect! Checking special code
Applying bleed effect! Checking special code
Applying bleed effect! Checking special code
Applying bleed effect! Checking special code
Applying bleed effect! Checking special code
[ 435/700 ] WIN    23 turns   adam, ken, gray  vs  marco, aang, horohoro
[ 436/700 ] LOSS   11 turns   adam, mikasa, maka  vs  blackstar, esdeath, sakura
[ 437/700 ] WIN    21 turns   adam, uzui, broly  vs  arthur, esdeath, hawkmon
[ 438/700 ] WIN    25 turns   adam, venus, genos  vs  cell, hinata, tsubasa
[ 439/700 ] WIN    23 turns   adam, ryohei, saturn  vs  gallantmon, kuroko, shokuhou
[ 440/700 ] LOSS   23 turns   adam, jesse, gojo  vs  erza, kurapika, tsunayoshi
[ 441/700 ] LOSS   24 turns   adam, jeanne, squalo  vs  yamamoto, rengoku, satsuki
[ 442/700 ] WIN    18 turns   adam, mikasa, hinata  vs  natsu, tsubaki, yugi
[ 443/700 ] WIN    18 turns   adam, seventeen, nagisa  vs  tsubasa, mine, korra
[ 444/700 ] LOSS   27 turns   adam, horohoro, death  vs  emiya, asta, cooler
[ 445/700 ] WIN    22 turns   adam, usopp, hashirama  vs  misaka, ichibe, tokoyami
[ 446/700 ] WIN    14 turns   adam, maka, nagisa  vs  yuno, rimuru, inuyasha
[ 447/700 ] LOSS   14 turns   adam, genos, ace  vs  pegasus, broly, kitara
[ 448/700 ] LOSS   19 turns   adam, tamaki, renamon  vs  mavis, marco, lucy
[ 449/700 ] LOSS   18 turns   adam, sakura, erza  vs  megumin, hawkmon, hinata
[ 450/700 ] LOSS   21 turns   adam, yugi, semiramis  vs  rob, nel, boruto
[ 451/700 ] WIN    18 turns   adam, nonon, sayaka  vs  yuji, inosuke, inuyasha
[ 452/700 ] LOSS   14 turns   adam, nimaiya, nonon  vs  kuroko, lizandpatty, toudou
Applying bleed effect! Checking special code
Applying bleed effect! Checking special code
Applying bleed effect! Checking special code
[ 453/700 ] WIN    22 turns   adam, frieren, death  vs  veldora, lucy, power
Applying bleed effect! Checking special code
Applying bleed effect! Checking special code
Applying bleed effect! Checking special code
[ 454/700 ] WIN    22 turns   adam, death, denji  vs  horohoro, cooler, tsunayoshi
[ 455/700 ] LOSS   19 turns   adam, byakuya, alphonse  vs  mavis, gray, saturn
Applying bleed effect! Checking special code
Applying bleed effect! Checking special code
Applying bleed effect! Checking special code
Applying bleed effect! Checking special code
Applying bleed effect! Checking special code
Applying bleed effect! Checking special code
[ 456/700 ] LOSS   20 turns   adam, byakuya, ken  vs  zoro, mash, ladydevimon
[ 457/700 ] LOSS   25 turns   adam, veldora, maka  vs  gunha, gojo, marco
[ 458/700 ] LOSS   15 turns   adam, xanxus, todoroki  vs  megumi, blackstar, minene
[ 459/700 ] WIN    25 turns   adam, shinra, death  vs  jesse, semiramis, hinata
[ 460/700 ] WIN    26 turns   adam, broly, tanjiro  vs  mars, usopp, nagisa
[ 461/700 ] WIN    57 turns   adam, yoh, nonon  vs  arthur, saitama, blackwargreymon
[ 462/700 ] LOSS   11 turns   adam, venus, saber  vs  hashirama, asta, nimaiya
[ 463/700 ] LOSS   20 turns   adam, aiohto, jeanne  vs  xanxus, hisoka, orihime
[ 464/700 ] LOSS   24 turns   adam, horohoro, mercury  vs  megumin, mami, byakuya
Applying bleed effect! Checking special code
Applying bleed effect! Checking special code
[ 465/700 ] LOSS   22 turns   adam, blackwargreymon, halibel  vs  renamon, rengoku, veldora
[ 466/700 ] WIN    20 turns   adam, zenitsu, omnimon  vs  jeanne, midoriya, yamamoto
Applying bleed effect! Checking special code
Applying bleed effect! Checking special code
[ 467/700 ] WIN    26 turns   adam, sayaka, rengoku  vs  midoriya, gatomon, tsubasa
[ 468/700 ] LOSS   16 turns   adam, megumi, gon  vs  hashirama, saitama, kurapika
[ 469/700 ] WIN    16 turns   adam, genos, kurotsuchi  vs  impmon, mami, goku
[ 470/700 ] WIN    24 turns   adam, korra, ladydevimon  vs  blackstar, allmight, tsunayoshi
Applying bleed effect! Checking special code
Applying bleed effect! Checking special code
Applying bleed effect! Checking special code
Applying bleed effect! Checking special code
[ 471/700 ] LOSS   44 turns   adam, horohoro, cell  vs  diane, power, saturn
[ 472/700 ] WIN    21 turns   adam, kaiba, orihime  vs  mami, levi, emiyaarcher
Applying bleed effect! Checking special code
Applying bleed effect! Checking special code
Applying bleed effect! Checking special code
Applying bleed effect! Checking special code
Applying bleed effect! Checking special code
Applying bleed effect! Checking special code
Applying bleed effect! Checking special code
Applying bleed effect! Checking special code
Applying bleed effect! Checking special code
Applying bleed effect! Checking special code
Applying bleed effect! Checking special code
Applying bleed effect! Checking special code
[ 473/700 ] LOSS   18 turns   adam, rimuru, korra  vs  impmon, levi, king
[ 474/700 ] WIN    27 turns   adam, hinata, yuno  vs  allmight, nonon, eren
[ 475/700 ] LOSS   17 turns   adam, zenitsu, venus  vs  myotismon, hashirama, rob
[ 476/700 ] LOSS   27 turns   adam, toga, yamamoto  vs  mikasa, megumin, tatsumaki
[ 477/700 ] LOSS   18 turns   adam, gogeta, renamon  vs  vegeta, kurotsuchi, madoka
[ 478/700 ] WIN    19 turns   adam, nagisa, rob  vs  edward, ace, blackwargreymon
[ 479/700 ] LOSS   14 turns   adam, tokoyami, hisoka  vs  shinoa, gojo, shinra
Applying bleed effect! Checking special code
Applying bleed effect! Checking special code
Applying bleed effect! Checking special code
[ 480/700 ] WIN    22 turns   adam, denji, kurotsuchi  vs  uranus, omnimon, rimuru
[ 481/700 ] WIN    15 turns   adam, nimaiya, genos  vs  nezuko, jesse, renamon
[ 482/700 ] LOSS   19 turns   adam, sayaka, jesse  vs  nel, esdeath, uraraka
Applying bleed effect! Checking special code
Applying bleed effect! Checking special code
Applying bleed effect! Checking special code
Applying bleed effect! Checking special code
Applying bleed effect! Checking special code
Applying bleed effect! Checking special code
Applying bleed effect! Checking special code
Applying bleed effect! Checking special code
Applying bleed effect! Checking special code
[ 483/700 ] WIN    15 turns   adam, midoriya, king  vs  blackwargreymon, korra, kuroko
[ 484/700 ] LOSS   22 turns   adam, toph, ichibe  vs  shokuhou, naruto, seventeen
[ 485/700 ] WIN    18 turns   adam, zenitsu, gallantmon  vs  kuroko, yamamoto, jeanne
[ 486/700 ] LOSS   26 turns   adam, cooler, death  vs  sheele, tamaki, astolfo
[ 487/700 ] WIN    26 turns   adam, blackstar, noelle  vs  boruto, emiya, korra
[ 488/700 ] WIN    22 turns   adam, death, uranus  vs  minene, ganta, hisoka
[ 489/700 ] LOSS   15 turns   adam, tsunayoshi, soul  vs  mash, toudou, uranus
[ 490/700 ] WIN    23 turns   adam, tsubaki, kuroko  vs  nonon, inosuke, alphonse
[ 491/700 ] WIN    30 turns   adam, mami, hashirama  vs  marco, saturn, jeanne
[ 492/700 ] WIN    24 turns   adam, gogeta, levi  vs  goku, marco, uzui
[ 493/700 ] LOSS   17 turns   adam, emiya, allmight  vs  ryohei, asta, toga
[ 494/700 ] WIN    51 turns   adam, nel, marco  vs  itachi, shiro, minene
Applying bleed effect! Checking special code
[ 495/700 ] WIN    23 turns   adam, king, allmight  vs  natsu, toudou, seventeen
[ 496/700 ] LOSS   18 turns   adam, ace, tsubaki  vs  uranus, alphamon, gohan
[ 497/700 ] LOSS   24 turns   adam, edward, allmight  vs  frieren, killua, kurotsuchi
[ 498/700 ] LOSS   15 turns   adam, gatomon, omnimon  vs  jupiter, noelle, shinra
[ 499/700 ] LOSS   13 turns   adam, nimaiya, frankenstein  vs  levi, meliodas, bakugo
[ 500/700 ] LOSS   17 turns   adam, renamon, esdeath  vs  kitara, halibel, mavis
Applying bleed effect! Checking special code
Applying bleed effect! Checking special code
[ 501/700 ] LOSS   15 turns   adam, crona, ryuko  vs  inosuke, asta, luffy
[ 502/700 ] WIN    25 turns   adam, touka, emiya  vs  nezuko, frankenstein, boruto
[ 503/700 ] LOSS   33 turns   adam, alphamon, goku  vs  lizandpatty, koro, gallantmon
[ 504/700 ] WIN    10 turns   adam, esdeath, hashirama  vs  gasai, jupiter, saitama
Applying bleed effect! Checking special code
Applying bleed effect! Checking special code
Applying bleed effect! Checking special code
[ 505/700 ] LOSS   21 turns   adam, tokoyami, lyserg  vs  rengoku, tatsumi, uzui
Applying bleed effect! Checking special code
Applying bleed effect! Checking special code
Applying bleed effect! Checking special code
Applying bleed effect! Checking special code
Applying bleed effect! Checking special code
Applying bleed effect! Checking special code
[ 506/700 ] LOSS   19 turns   adam, veldora, orihime  vs  boruto, muichiro, ken
[ 507/700 ] WIN    19 turns   adam, gojo, nagisa  vs  midoriya, jaden, crona
[ 508/700 ] LOSS   16 turns   adam, yuji, uranus  vs  midoriya, seventeen, shiro
[ 509/700 ] WIN    17 turns   adam, myotismon, satsuki  vs  ryuko, akame, blackwargreymon
[ 510/700 ] LOSS   10 turns   adam, ryuko, toph  vs  sheele, jack, venus
[ 511/700 ] WIN    25 turns   adam, goku, shiro  vs  myotismon, tatsumaki, gogeta
Applying bleed effect! Checking special code
Applying bleed effect! Checking special code
Applying bleed effect! Checking special code
[ 512/700 ] LOSS   15 turns   adam, jaden, rengoku  vs  jack, tsuyu, esdeath
[ 513/700 ] WIN    13 turns   adam, gunha, alphamon  vs  hibari, itachi, xanxus
[ 514/700 ] WIN    34 turns   adam, mikasa, vegeta  vs  itachi, koro, gasai
[ 515/700 ] WIN    19 turns   adam, gallantmon, nel  vs  inuyasha, saitama, kaiba
Applying bleed effect! Checking special code
Applying bleed effect! Checking special code
Applying bleed effect! Checking special code
[ 516/700 ] WIN    18 turns   adam, shiro, itachi  vs  madoka, muichiro, ken
Applying bleed effect! Checking special code
Applying bleed effect! Checking special code
Applying bleed effect! Checking special code
[ 517/700 ] LOSS   71 turns   adam, marco, mikasa  vs  boruto, ichibe, inosuke
[ 518/700 ] LOSS   24 turns   adam, korra, aang  vs  mars, veldora, midoriya
[ 519/700 ] WIN    24 turns   adam, yuno, nagisa  vs  kaiba, ladydevimon, hawkmon
Applying bleed effect! Checking special code
Applying bleed effect! Checking special code
[ 520/700 ] WIN    21 turns   adam, usopp, shinra  vs  rakko, mikasa, alphonse
[ 521/700 ] WIN    22 turns   adam, gray, luffy  vs  crona, diane, asta
[ 522/700 ] WIN    20 turns   adam, uraraka, megumin  vs  jupiter, boruto, tsubaki
[ 523/700 ] LOSS   17 turns   adam, crona, death  vs  astolfo, madoka, yuno
Applying bleed effect! Checking special code
Applying bleed effect! Checking special code
[ 524/700 ] WIN    16 turns   adam, gasai, naruto  vs  rengoku, byakuya, xanxus
[ 525/700 ] LOSS   33 turns   adam, ban, ichibe  vs  madoka, shinra, lizandpatty
Applying bleed effect! Checking special code
Applying bleed effect! Checking special code
Applying bleed effect! Checking special code
Applying bleed effect! Checking special code
Applying bleed effect! Checking special code
Applying bleed effect! Checking special code
[ 526/700 ] WIN    27 turns   adam, hibari, gray  vs  itachi, rengoku, muichiro
[ 527/700 ] LOSS   16 turns   adam, nobara, usopp  vs  boruto, tatsumaki, ryuko
[ 528/700 ] LOSS   20 turns   adam, jinwoo, toph  vs  luffy, maka, horohoro
[ 529/700 ] WIN    14 turns   adam, alphamon, shinra  vs  horohoro, mine, tsubasa
Applying bleed effect! Checking special code
[ 530/700 ] LOSS   27 turns   adam, denji, cooler  vs  koro, bakugo, luffy
[ 531/700 ] LOSS   23 turns   adam, jesse, vegeta  vs  mami, sakura, killua
[ 532/700 ] LOSS   14 turns   adam, zenitsu, jinwoo  vs  tsunayoshi, jack, madoka
[ 533/700 ] WIN    35 turns   adam, eren, ryuko  vs  squalo, itachi, sakura
[ 534/700 ] LOSS   20 turns   adam, sukuna, touka  vs  gatomon, asta, tanjiro
[ 535/700 ] LOSS   12 turns   adam, rakko, shinoa  vs  jaden, meliodas, gray
Applying bleed effect! Checking special code
Applying bleed effect! Checking special code
[ 536/700 ] WIN    23 turns   adam, ban, xanxus  vs  semiramis, akame, power
[ 537/700 ] LOSS   18 turns   adam, kid, tsubaki  vs  gon, killua, gallantmon
[ 538/700 ] WIN    16 turns   adam, squalo, kuroko  vs  rimuru, luffy, aang
Applying bleed effect! Checking special code
Applying bleed effect! Checking special code
Applying bleed effect! Checking special code
Applying bleed effect! Checking special code
Applying bleed effect! Checking special code
Applying bleed effect! Checking special code
[ 539/700 ] WIN    21 turns   adam, edward, ryohei  vs  inosuke, korra, gon
[ 540/700 ] WIN    23 turns   adam, saturn, koro  vs  edward, semiramis, noelle
Applying bleed effect! Checking special code
Applying bleed effect! Checking special code
Applying bleed effect! Checking special code
Applying bleed effect! Checking special code
Applying bleed effect! Checking special code
Applying bleed effect! Checking special code
Applying bleed effect! Checking special code
Applying bleed effect! Checking special code
Applying bleed effect! Checking special code
Applying bleed effect! Checking special code
Applying bleed effect! Checking special code
Applying bleed effect! Checking special code
[ 541/700 ] LOSS   18 turns   adam, ban, mash  vs  king, jinwoo, akame
[ 542/700 ] WIN    30 turns   adam, sheele, squalo  vs  gallantmon, yubel, shokuhou
[ 543/700 ] LOSS   18 turns   adam, ichigo, pegasus  vs  touka, blackwargreymon, yugi
[ 544/700 ] WIN    52 turns   adam, squalo, touka  vs  marco, yuno, ace
[ 545/700 ] WIN    14 turns   adam, madoka, saturn  vs  alphamon, jesse, noelle
[ 546/700 ] WIN    20 turns   adam, gohan, esdeath  vs  shinra, shokuhou, toph
[ 547/700 ] LOSS   15 turns   adam, tanjiro, tsunayoshi  vs  kaiba, levi, asta
[ 548/700 ] WIN    31 turns   adam, blackstar, lyserg  vs  edward, genos, lucy
[ 549/700 ] WIN    22 turns   adam, renamon, gasai  vs  veldora, saber, emiya
[ 550/700 ] WIN    19 turns   adam, gunha, hisoka  vs  shinoa, byakuya, lyserg
[ 551/700 ] WIN    21 turns   adam, horohoro, uzui  vs  shiro, killua, goku
[ 552/700 ] WIN    34 turns   adam, mami, natsu  vs  gon, yoh, lizandpatty
[ 553/700 ] WIN    36 turns   adam, kurapika, tsubasa  vs  mine, sayaka, hibari
Applying bleed effect! Checking special code
Applying bleed effect! Checking special code
Applying bleed effect! Checking special code
Applying bleed effect! Checking special code
[ 554/700 ] WIN    21 turns   adam, kitara, rengoku  vs  edward, diane, sheele
[ 555/700 ] LOSS   26 turns   adam, uraraka, mine  vs  saturn, esdeath, mavis
[ 556/700 ] WIN    27 turns   adam, hinata, levi  vs  venus, yugi, orihime
[ 557/700 ] LOSS   18 turns   adam, shinra, goku  vs  jinwoo, touka, edward
Applying bleed effect! Checking special code
Applying bleed effect! Checking special code
Applying bleed effect! Checking special code
[ 558/700 ] LOSS   21 turns   adam, tsubasa, koro  vs  erza, inosuke, arthur
[ 559/700 ] WIN    25 turns   adam, ichibe, inosuke  vs  natsu, levi, gunha
[ 560/700 ] WIN    15 turns   adam, zenitsu, ganta  vs  yuji, tokoyami, shokuhou
[ 561/700 ] LOSS   20 turns   adam, machinedramon, muichiro  vs  crona, saber, saturn
[ 562/700 ] WIN    16 turns   adam, pegasus, hashirama  vs  gatomon, hawkmon, lyserg
[ 563/700 ] LOSS   13 turns   adam, ichigo, allmight  vs  noelle, nonon, madoka
[ 564/700 ] LOSS   20 turns   adam, allmight, nobara  vs  gasai, ryuko, lyserg
[ 565/700 ] WIN    31 turns   adam, jesse, mikasa  vs  allmight, saturn, pegasus
[ 566/700 ] WIN    16 turns   adam, impmon, yoh  vs  allmight, venus, ladydevimon
[ 567/700 ] LOSS   21 turns   adam, yuji, mars  vs  tokoyami, ganta, tsunayoshi
[ 568/700 ] LOSS   29 turns   adam, ganta, emiyaarcher  vs  korra, midoriya, nimaiya
[ 569/700 ] LOSS   28 turns   adam, eren, astolfo  vs  veldora, kurotsuchi, ichibe
Applying bleed effect! Checking special code
[ 570/700 ] WIN    20 turns   adam, koro, toga  vs  denji, jesse, emiyaarcher
Applying bleed effect! Checking special code
[ 571/700 ] LOSS   16 turns   adam, lizandpatty, inosuke  vs  genos, shinra, saturn
[ 572/700 ] LOSS   16 turns   adam, jinwoo, shinra  vs  gogeta, kuroko, nagisa
[ 573/700 ] WIN    20 turns   adam, xanxus, tanjiro  vs  maka, veldora, mikasa
[ 574/700 ] LOSS   41 turns   adam, xanxus, arthur  vs  hinata, ryuko, sheele
[ 575/700 ] WIN    25 turns   adam, sasuke, broly  vs  gray, gilgamesh, kid
Applying bleed effect! Checking special code
Applying bleed effect! Checking special code
Applying bleed effect! Checking special code
Applying bleed effect! Checking special code
Applying bleed effect! Checking special code
Applying bleed effect! Checking special code
[ 576/700 ] LOSS   19 turns   adam, pegasus, kurapika  vs  ken, tsunayoshi, ichigo
[ 577/700 ] WIN    26 turns   adam, akame, uraraka  vs  halibel, misaka, yuji
[ 578/700 ] WIN    23 turns   adam, gunha, goku  vs  genos, aang, bakugo
[ 579/700 ] WIN    24 turns   adam, gunha, nel  vs  cooler, pegasus, hibari
[ 580/700 ] WIN    22 turns   adam, cell, megumi  vs  maka, jupiter, yamamoto
[ 581/700 ] LOSS   25 turns   adam, byakuya, cell  vs  machinedramon, lizandpatty, ichibe
[ 582/700 ] LOSS   17 turns   adam, gatomon, nel  vs  erza, satsuki, kurapika
[ 583/700 ] LOSS   28 turns   adam, sakura, veldora  vs  tsubaki, toudou, gasai
[ 584/700 ] LOSS   18 turns   adam, minene, hinata  vs  venus, koro, muichiro
[ 585/700 ] WIN    26 turns   adam, todoroki, gatomon  vs  cooler, usopp, orihime
[ 586/700 ] LOSS   24 turns   adam, toji, naruto  vs  cell, tatsumaki, toga
[ 587/700 ] LOSS   27 turns   adam, hawkmon, gohan  vs  misaka, byakuya, mami
[ 588/700 ] LOSS   13 turns   adam, jeanne, yuno  vs  ryohei, saturn, seventeen
[ 589/700 ] WIN    22 turns   adam, machinedramon, neferpitou  vs  rob, usopp, jaden
[ 590/700 ] LOSS   17 turns   adam, mash, midoriya  vs  allmight, lyserg, uranus
[ 591/700 ] LOSS   18 turns   adam, crona, nimaiya  vs  mars, kuroko, lizandpatty
[ 592/700 ] LOSS   25 turns   adam, natsu, ganta  vs  nobara, broly, mercury
[ 593/700 ] WIN    29 turns   adam, gojo, pegasus  vs  minene, misaka, gasai
[ 594/700 ] LOSS   24 turns   adam, gogeta, levi  vs  muichiro, uraraka, renamon
[ 595/700 ] WIN    26 turns   adam, zenitsu, rob  vs  mavis, megumi, aiohto
[ 596/700 ] LOSS   20 turns   adam, veldora, horohoro  vs  shiro, hinata, kuroko
[ 597/700 ] LOSS   30 turns   adam, saitama, tanjiro  vs  kitara, kurapika, tatsumaki
Applying bleed effect! Checking special code
[ 598/700 ] LOSS   23 turns   adam, ichibe, kaiba  vs  inosuke, satsuki, tanjiro
[ 599/700 ] LOSS   13 turns   adam, xanxus, nezuko  vs  semiramis, mami, asta
[ 600/700 ] WIN    16 turns   adam, cell, crona  vs  toji, hibari, xanxus
[ 601/700 ] WIN    23 turns   adam, horohoro, jack  vs  hawkmon, inuyasha, rob
[ 602/700 ] WIN    24 turns   adam, toji, crona  vs  ichibe, eren, kid
Applying bleed effect! Checking special code
Applying bleed effect! Checking special code
Applying bleed effect! Checking special code
Applying bleed effect! Checking special code
Applying bleed effect! Checking special code
[ 603/700 ] LOSS   17 turns   adam, ken, yuji  vs  astolfo, rakko, genos
Applying bleed effect! Checking special code
[ 604/700 ] WIN    27 turns   adam, gon, shiro  vs  seventeen, minene, rengoku
Applying bleed effect! Checking special code
Applying bleed effect! Checking special code
Applying bleed effect! Checking special code
Applying bleed effect! Checking special code
Applying bleed effect! Checking special code
Applying bleed effect! Checking special code
Applying bleed effect! Checking special code
[ 605/700 ] LOSS   19 turns   adam, sukuna, ken  vs  eren, mars, ladydevimon
Applying bleed effect! Checking special code
Applying bleed effect! Checking special code
Applying bleed effect! Checking special code
Applying bleed effect! Checking special code
Applying bleed effect! Checking special code
Applying bleed effect! Checking special code
[ 606/700 ] LOSS   32 turns   adam, akame, kurotsuchi  vs  rakko, yoh, saber
[ 607/700 ] WIN    16 turns   adam, ichigo, jupiter  vs  goku, meliodas, xanxus
[ 608/700 ] LOSS   19 turns   adam, lyserg, crona  vs  emiya, megumi, nezuko
Applying bleed effect! Checking special code
Applying bleed effect! Checking special code
Applying bleed effect! Checking special code
Applying bleed effect! Checking special code
[ 609/700 ] WIN    12 turns   adam, asta, inuyasha  vs  rakko, rengoku, uraraka
[ 610/700 ] LOSS   16 turns   adam, usopp, yuji  vs  shiro, myotismon, yamamoto
[ 611/700 ] WIN    13 turns   adam, tsunayoshi, nimaiya  vs  kid, shinoa, emiya
[ 612/700 ] WIN    19 turns   adam, ban, erza  vs  machinedramon, yoh, blackstar
Applying bleed effect! Checking special code
[ 613/700 ] WIN    15 turns   adam, sukuna, ryuko  vs  king, lyserg, minene
[ 614/700 ] WIN    16 turns   adam, nimaiya, jack  vs  renamon, emiya, koro
Applying bleed effect! Checking special code
[ 615/700 ] WIN    12 turns   adam, nonon, alphamon  vs  goku, machinedramon, king
Applying bleed effect! Checking special code
Applying bleed effect! Checking special code
Applying bleed effect! Checking special code
Applying bleed effect! Checking special code
[ 616/700 ] LOSS   19 turns   adam, denji, blackwargreymon  vs  nel, yoh, frankenstein
Applying bleed effect! Checking special code
Applying bleed effect! Checking special code
Applying bleed effect! Checking special code
Applying bleed effect! Checking special code
Applying bleed effect! Checking special code
[ 617/700 ] WIN    38 turns   adam, yoh, yamamoto  vs  gunha, toudou, rengoku
[ 618/700 ] LOSS   36 turns   adam, gray, tatsumaki  vs  megumi, zenitsu, mars
[ 619/700 ] LOSS   17 turns   adam, usopp, todoroki  vs  nagisa, impmon, shinra
Applying bleed effect! Checking special code
[ 620/700 ] LOSS   22 turns   adam, ban, sasuke  vs  mavis, toph, diane
[ 621/700 ] WIN    52 turns   adam, yuno, alphonse  vs  yuji, maka, xanxus
[ 622/700 ] LOSS   28 turns   adam, seventeen, megumin  vs  maka, veldora, lizandpatty
[ 623/700 ] WIN    29 turns   adam, semiramis, inuyasha  vs  tsubaki, sayaka, shiro
[ 624/700 ] WIN    18 turns   adam, kuroko, akame  vs  allmight, killua, lucy
[ 625/700 ] LOSS   13 turns   adam, ichigo, gilgamesh  vs  gunha, yuno, hibari
[ 626/700 ] LOSS   25 turns   adam, kaiba, ryuko  vs  broly, emiyaarcher, tamaki
[ 627/700 ] LOSS   21 turns   adam, rob, uranus  vs  pegasus, death, yuji
[ 628/700 ] LOSS   14 turns   adam, hinata, naruto  vs  squalo, mikasa, bakugo
[ 629/700 ] LOSS   33 turns   adam, myotismon, uranus  vs  boruto, gogeta, tsubasa
[ 630/700 ] LOSS   15 turns   adam, impmon, broly  vs  sakura, alphamon, zenitsu
[ 631/700 ] LOSS   28 turns   adam, nezuko, alphonse  vs  denji, midoriya, mash
[ 632/700 ] WIN    35 turns   adam, toga, venus  vs  jeanne, death, yuno
[ 633/700 ] WIN    16 turns   adam, marco, bakugo  vs  sakura, levi, jeanne
[ 634/700 ] WIN    25 turns   adam, natsu, ryohei  vs  cooler, ace, midoriya
[ 635/700 ] WIN    17 turns   adam, saitama, hibari  vs  madoka, gray, soul
[ 636/700 ] WIN    21 turns   adam, cooler, rob  vs  koro, sayaka, shiro
Applying bleed effect! Checking special code
Applying bleed effect! Checking special code
[ 637/700 ] WIN    19 turns   adam, power, gallantmon  vs  jesse, megumin, blackstar
[ 638/700 ] LOSS   29 turns   adam, gogeta, kurapika  vs  sasuke, minene, rimuru
[ 639/700 ] LOSS   90 turns   adam, gunha, gogeta  vs  mars, arthur, broly
[ 640/700 ] LOSS   13 turns   adam, alphonse, nonon  vs  luffy, broly, mavis
[ 641/700 ] LOSS   33 turns   adam, arthur, jinwoo  vs  tatsumaki, jupiter, blackstar
[ 642/700 ] LOSS   18 turns   adam, uzui, satsuki  vs  mavis, ladydevimon, ichigo
[ 643/700 ] LOSS   14 turns   adam, ace, minene  vs  sayaka, nimaiya, crona
[ 644/700 ] LOSS   20 turns   adam, sukuna, levi  vs  rimuru, yugi, impmon
[ 645/700 ] LOSS   17 turns   adam, madoka, xanxus  vs  gojo, gray, midoriya
[ 646/700 ] LOSS   21 turns   adam, gilgamesh, shinoa  vs  kuroko, toph, meliodas
[ 647/700 ] WIN    20 turns   adam, uraraka, tsubasa  vs  shinra, meliodas, nobara
[ 648/700 ] LOSS   24 turns   adam, mash, usopp  vs  jack, tokoyami, maka
[ 649/700 ] WIN    23 turns   adam, ladydevimon, levi  vs  saturn, tsubaki, ban
[ 650/700 ] WIN    15 turns   adam, cooler, alphamon  vs  yuji, hisoka, impmon
Applying bleed effect! Checking special code
Applying bleed effect! Checking special code
Applying bleed effect! Checking special code
Applying bleed effect! Checking special code
Applying bleed effect! Checking special code
Applying bleed effect! Checking special code
Applying bleed effect! Checking special code
Applying bleed effect! Checking special code
Applying bleed effect! Checking special code
Applying bleed effect! Checking special code
Applying bleed effect! Checking special code
Applying bleed effect! Checking special code
[ 651/700 ] LOSS   42 turns   adam, tatsumi, veldora  vs  koro, maka, king
[ 652/700 ] LOSS   16 turns   adam, mami, esdeath  vs  luffy, machinedramon, blackstar
[ 653/700 ] LOSS   32 turns   adam, tanjiro, gon  vs  frieren, shinra, kaiba
[ 654/700 ] LOSS   26 turns   adam, ban, touka  vs  byakuya, tokoyami, tsubaki
[ 655/700 ] WIN    37 turns   adam, ryohei, rimuru  vs  mars, rob, noelle
[ 656/700 ] WIN    12 turns   adam, nimaiya, uzui  vs  blackwargreymon, byakuya, tsuyu
Applying bleed effect! Checking special code
Applying bleed effect! Checking special code
[ 657/700 ] LOSS   15 turns   adam, koro, power  vs  alphamon, saber, kitara
[ 658/700 ] WIN    34 turns   adam, uraraka, toudou  vs  machinedramon, nel, itachi
Applying bleed effect! Checking special code
Applying bleed effect! Checking special code
Applying bleed effect! Checking special code
[ 659/700 ] LOSS   30 turns   adam, uraraka, inosuke  vs  tsunayoshi, shinoa, jeanne
[ 660/700 ] WIN    20 turns   adam, kuroko, gohan  vs  seventeen, crona, hibari
[ 661/700 ] LOSS   21 turns   adam, noelle, impmon  vs  sakura, todoroki, byakuya
[ 662/700 ] WIN    19 turns   adam, nagisa, uranus  vs  shiro, yamamoto, toga
[ 663/700 ] LOSS   24 turns   adam, cell, kitara  vs  inuyasha, meliodas, lucy
[ 664/700 ] LOSS   47 turns   adam, jupiter, jesse  vs  jaden, impmon, bakugo
[ 665/700 ] LOSS   21 turns   adam, yoh, naruto  vs  crona, levi, hashirama
Applying bleed effect! Checking special code
Applying bleed effect! Checking special code
[ 666/700 ] WIN    16 turns   adam, zoro, nezuko  vs  inosuke, mami, todoroki
[ 667/700 ] WIN    29 turns   adam, nel, lyserg  vs  yuno, power, gogeta
Applying bleed effect! Checking special code
Applying bleed effect! Checking special code
Applying bleed effect! Checking special code
Applying bleed effect! Checking special code
[ 668/700 ] WIN    18 turns   adam, jupiter, satsuki  vs  uraraka, yamamoto, rakko
[ 669/700 ] LOSS   23 turns   adam, zenitsu, gohan  vs  nezuko, luffy, gallantmon
[ 670/700 ] WIN    25 turns   adam, yugi, levi  vs  jack, sayaka, korra
[ 671/700 ] LOSS   17 turns   adam, bakugo, usopp  vs  jaden, toji, esdeath
[ 672/700 ] LOSS   22 turns   adam, arthur, tsuyu  vs  ladydevimon, uraraka, usopp
Applying bleed effect! Checking special code
Applying bleed effect! Checking special code
Applying bleed effect! Checking special code
Applying bleed effect! Checking special code
Applying bleed effect! Checking special code
Applying bleed effect! Checking special code
Applying bleed effect! Checking special code
Applying bleed effect! Checking special code
Applying bleed effect! Checking special code
Applying bleed effect! Checking special code
Applying bleed effect! Checking special code
[ 673/700 ] LOSS   25 turns   adam, ken, natsu  vs  nagisa, king, minene
[ 674/700 ] LOSS   26 turns   adam, tatsumi, itachi  vs  emiyaarcher, luffy, hisoka
[ 675/700 ] WIN    16 turns   adam, mine, sayaka  vs  megumi, venus, tatsumaki
[ 676/700 ] WIN    17 turns   adam, horohoro, sakura  vs  gohan, allmight, hawkmon
[ 677/700 ] WIN    54 turns   adam, shinoa, boruto  vs  tatsumi, orihime, maka
[ 678/700 ] LOSS   30 turns   adam, gallantmon, boruto  vs  xanxus, asta, itachi
[ 679/700 ] WIN    22 turns   adam, saturn, midoriya  vs  madoka, xanxus, emiya
[ 680/700 ] WIN    22 turns   adam, impmon, sukuna  vs  crona, jeanne, halibel
[ 681/700 ] WIN    33 turns   adam, tsubaki, aang  vs  boruto, kid, goku
[ 682/700 ] WIN    15 turns   adam, midoriya, gallantmon  vs  erza, jupiter, shokuhou
[ 683/700 ] WIN    28 turns   adam, halibel, aiohto  vs  mine, gojo, frieren
[ 684/700 ] LOSS   41 turns   adam, touka, saturn  vs  todoroki, marco, jaden
Applying bleed effect! Checking special code
Applying bleed effect! Checking special code
Applying bleed effect! Checking special code
Applying bleed effect! Checking special code
Applying bleed effect! Checking special code
[ 685/700 ] LOSS   24 turns   adam, ichibe, astolfo  vs  korra, byakuya, king
[ 686/700 ] LOSS   15 turns   adam, tanjiro, shinra  vs  seventeen, touka, genos
[ 687/700 ] LOSS   22 turns   adam, vegeta, kuroko  vs  ganta, ladydevimon, diane
[ 688/700 ] LOSS   22 turns   adam, gojo, sukuna  vs  maka, chrome, natsu
[ 689/700 ] LOSS   23 turns   adam, jeanne, natsu  vs  sayaka, sukuna, naruto
[ 690/700 ] WIN    18 turns   adam, kurapika, hashirama  vs  koro, blackwargreymon, tanjiro
[ 691/700 ] LOSS   26 turns   adam, yuno, xanxus  vs  usopp, broly, jesse
Applying bleed effect! Checking special code
Applying bleed effect! Checking special code
Applying bleed effect! Checking special code
Applying bleed effect! Checking special code
Applying bleed effect! Checking special code
Applying bleed effect! Checking special code
[ 692/700 ] WIN    17 turns   adam, shinra, ken  vs  hisoka, orihime, erza
[ 693/700 ] LOSS   17 turns   adam, kitara, jeanne  vs  kaiba, kuroko, hawkmon
[ 694/700 ] WIN    15 turns   adam, jaden, ichibe  vs  killua, midoriya, tatsumaki
[ 695/700 ] LOSS   16 turns   adam, mash, noelle  vs  shiro, sukuna, madoka
Applying bleed effect! Checking special code
Applying bleed effect! Checking special code
Applying bleed effect! Checking special code
[ 696/700 ] WIN    17 turns   adam, rengoku, seventeen  vs  alphamon, jack, hibari
[ 697/700 ] LOSS   20 turns   adam, madoka, myotismon  vs  blackwargreymon, levi, impmon
[ 698/700 ] LOSS   31 turns   adam, tsuyu, tatsumaki  vs  natsu, sakura, xanxus
[ 699/700 ] LOSS   23 turns   adam, xanxus, machinedramon  vs  veldora, akame, naruto
Applying bleed effect! Checking special code
Applying bleed effect! Checking special code
[ 700/700 ] LOSS   15 turns   adam, rob, semiramis  vs  king, misaka, broly
=== TRAINER RUN COMPLETE ===
Matches: 700   W: 347   L: 353   D: 0   Win: 49.6%   (opponent: self)
Policy saved to res://training/checkpoints/focus_adam/w0.json  (generation 5, trained_matches 10700)
