Godot Engine v4.6.2.stable.official.71f334935 - https://godotengine.org

[trainer] seed=77194 matches=300 opponent=policy:res://training/checkpoints/focused_current.json eval=true out=res://training/checkpoints/work.json checkpoint=res://training/checkpoints/focus_aang/merged.json
[authored] loaded 1 authored character(s)
[   1/300 ] LOSS   17 turns   aang, erza, lyserg  vs  kid, bakugo, mercury
[   2/300 ] LOSS   29 turns   aang, saber, kaiba  vs  natsu, jack, saitama
[   3/300 ] WIN    18 turns   aang, tatsumaki, itachi  vs  allmight, tokoyami, gohan
[   4/300 ] LOSS   16 turns   aang, zenitsu, nagisa  vs  mercury, luffy, madoka
[   5/300 ] LOSS   32 turns   aang, uzui, denji  vs  kurapika, byakuya, kurotsuchi
[   6/300 ] LOSS   11 turns   aang, kuroko, gohan  vs  ganta, alphamon, kitara
Applying bleed effect! Checking special code
Applying bleed effect! Checking special code
[   7/300 ] WIN    13 turns   aang, gallantmon, venus  vs  inosuke, squalo, ace
[   8/300 ] WIN    27 turns   aang, tatsumi, neferpitou  vs  natsu, hashirama, shinra
[   9/300 ] LOSS   22 turns   aang, blackstar, inuyasha  vs  hibari, soul, yubel
[  10/300 ] WIN    20 turns   aang, marco, saturn  vs  tsuyu, orihime, jesse
[  11/300 ] LOSS   24 turns   aang, edward, tanjiro  vs  neferpitou, maka, ichigo
Applying bleed effect! Checking special code
Applying bleed effect! Checking special code
[  12/300 ] WIN    22 turns   aang, ichigo, xanxus  vs  inosuke, marco, horohoro
[  13/300 ] WIN    19 turns   aang, nimaiya, gray  vs  inuyasha, midoriya, gilgamesh
Applying bleed effect! Checking special code
Applying bleed effect! Checking special code
Applying bleed effect! Checking special code
[  14/300 ] WIN    20 turns   aang, yoh, king  vs  ban, jeanne, chrome
Applying bleed effect! Checking special code
Applying bleed effect! Checking special code
Applying bleed effect! Checking special code
Applying bleed effect! Checking special code
Applying bleed effect! Checking special code
Applying bleed effect! Checking special code
[  15/300 ] WIN    14 turns   aang, gatomon, king  vs  ryuko, levi, killua
[  16/300 ] WIN    17 turns   aang, semiramis, pegasus  vs  kaiba, seventeen, gray
[  17/300 ] WIN    24 turns   aang, tatsumi, halibel  vs  frankenstein, kaiba, emiya
[  18/300 ] WIN    15 turns   aang, halibel, naruto  vs  goku, todoroki, erza
[  19/300 ] WIN    18 turns   aang, edward, yugi  vs  alphamon, ryohei, mash
[  20/300 ] LOSS   28 turns   aang, emiya, seventeen  vs  nel, usopp, mercury
[  21/300 ] WIN    17 turns   aang, ichigo, broly  vs  adam, jeanne, cell
Applying bleed effect! Checking special code
Applying bleed effect! Checking special code
Applying bleed effect! Checking special code
Applying bleed effect! Checking special code
[  22/300 ] WIN    27 turns   aang, gogeta, maka  vs  gojo, king, renamon
[  23/300 ] LOSS   27 turns   aang, hinata, yuno  vs  natsu, rob, gray
[  24/300 ] WIN    19 turns   aang, mavis, mine  vs  uraraka, saturn, naruto
Applying bleed effect! Checking special code
Applying bleed effect! Checking special code
Applying bleed effect! Checking special code
Applying bleed effect! Checking special code
[  25/300 ] WIN    33 turns   aang, denji, akame  vs  veldora, luffy, power
[  26/300 ] WIN    33 turns   aang, koro, zenitsu  vs  eren, marco, yamamoto
[  27/300 ] WIN    20 turns   aang, lyserg, sakura  vs  yoh, cooler, saitama
[  28/300 ] WIN    25 turns   aang, yoh, allmight  vs  soul, nonon, misaka
[  29/300 ] LOSS   30 turns   aang, jinwoo, kurapika  vs  death, halibel, edward
[  30/300 ] WIN    35 turns   aang, emiya, impmon  vs  hibari, chrome, minene
[  31/300 ] LOSS   22 turns   aang, ganta, jeanne  vs  mami, neferpitou, mikasa
[  32/300 ] WIN    18 turns   aang, kaiba, arthur  vs  aiohto, nimaiya, zenitsu
[  33/300 ] WIN    14 turns   aang, mash, ace  vs  inuyasha, kurotsuchi, akame
[  34/300 ] WIN    27 turns   aang, levi, toph  vs  emiyaarcher, misaka, madoka
[  35/300 ] WIN    20 turns   aang, ichibe, kurapika  vs  impmon, emiyaarcher, frieren
[  36/300 ] LOSS   21 turns   aang, yubel, edward  vs  gilgamesh, rimuru, ace
[  37/300 ] WIN    13 turns   aang, shinra, sukuna  vs  shiro, uzui, lyserg
[  38/300 ] WIN    21 turns   aang, esdeath, gojo  vs  satsuki, frieren, shinra
[  39/300 ] WIN    13 turns   aang, inuyasha, byakuya  vs  rengoku, inosuke, kuroko
[  40/300 ] LOSS   22 turns   aang, halibel, tsubasa  vs  hinata, diane, nel
[  41/300 ] LOSS   23 turns   aang, tatsumi, veldora  vs  death, gilgamesh, tsunayoshi
[  42/300 ] WIN    18 turns   aang, yamamoto, rimuru  vs  tokoyami, mine, gasai
[  43/300 ] LOSS   24 turns   aang, gallantmon, ichibe  vs  hashirama, semiramis, tsunayoshi
Applying bleed effect! Checking special code
Applying bleed effect! Checking special code
Applying bleed effect! Checking special code
Applying bleed effect! Checking special code
[  44/300 ] WIN    15 turns   aang, ken, xanxus  vs  inosuke, sheele, frankenstein
[  45/300 ] LOSS   26 turns   aang, eren, toga  vs  chrome, itachi, veldora
[  46/300 ] LOSS   19 turns   aang, toph, yubel  vs  zenitsu, jack, kuroko
Applying bleed effect! Checking special code
Applying bleed effect! Checking special code
[  47/300 ] LOSS   13 turns   aang, inosuke, ken  vs  machinedramon, death, toga
Applying bleed effect! Checking special code
[  48/300 ] WIN    20 turns   aang, levi, marco  vs  soul, natsu, rakko
[  49/300 ] WIN    14 turns   aang, vegeta, lizandpatty  vs  gasai, gilgamesh, jesse
[  50/300 ] LOSS   28 turns   aang, shokuhou, megumi  vs  saturn, frankenstein, midoriya
[  51/300 ] WIN    19 turns   aang, mars, meliodas  vs  byakuya, tatsumi, kid
Applying bleed effect! Checking special code
Applying bleed effect! Checking special code
Applying bleed effect! Checking special code
[  52/300 ] WIN    36 turns   aang, power, semiramis  vs  mavis, muichiro, death
[  53/300 ] LOSS   14 turns   aang, allmight, luffy  vs  mavis, vegeta, ryuko
[  54/300 ] LOSS   17 turns   aang, tokoyami, goku  vs  vegeta, sayaka, gallantmon
Applying bleed effect! Checking special code
Applying bleed effect! Checking special code
Applying bleed effect! Checking special code
Applying bleed effect! Checking special code
Applying bleed effect! Checking special code
Applying bleed effect! Checking special code
[  55/300 ] WIN    25 turns   aang, kitara, rengoku  vs  inuyasha, mash, frankenstein
[  56/300 ] WIN    17 turns   aang, pegasus, yuno  vs  megumin, gojo, horohoro
[  57/300 ] WIN    19 turns   aang, natsu, ryuko  vs  shokuhou, emiya, uranus
[  58/300 ] WIN    13 turns   aang, erza, gatomon  vs  itachi, saber, bakugo
[  59/300 ] WIN    26 turns   aang, touka, nonon  vs  chrome, venus, edward
[  60/300 ] WIN    22 turns   aang, gatomon, yugi  vs  hawkmon, alphonse, sukuna
[  61/300 ] WIN    18 turns   aang, soul, frieren  vs  megumi, naruto, omnimon
[  62/300 ] WIN    17 turns   aang, death, nagisa  vs  touka, yubel, saturn
[  63/300 ] LOSS   23 turns   aang, allmight, lizandpatty  vs  cell, squalo, asta
[  64/300 ] WIN    14 turns   aang, uzui, lizandpatty  vs  uranus, ban, yuno
[  65/300 ] WIN    20 turns   aang, tsunayoshi, ryuko  vs  frieren, machinedramon, gilgamesh
[  66/300 ] LOSS   23 turns   aang, omnimon, megumin  vs  ryuko, megumi, mine
[  67/300 ] WIN    16 turns   aang, mash, kaiba  vs  shokuhou, sukuna, shinra
[  68/300 ] WIN    38 turns   aang, ban, hawkmon  vs  yamamoto, yoh, tsunayoshi
Applying bleed effect! Checking special code
Applying bleed effect! Checking special code
Applying bleed effect! Checking special code
Applying bleed effect! Checking special code
Applying bleed effect! Checking special code
Applying bleed effect! Checking special code
[  69/300 ] WIN    16 turns   aang, sayaka, killua  vs  ken, lyserg, horohoro
[  70/300 ] LOSS   20 turns   aang, gasai, madoka  vs  erza, yuji, naruto
[  71/300 ] WIN    14 turns   aang, astolfo, hawkmon  vs  death, toji, sukuna
[  72/300 ] WIN    20 turns   aang, shinoa, semiramis  vs  omnimon, erza, hashirama
[  73/300 ] WIN    19 turns   aang, erza, gallantmon  vs  genos, shinra, hawkmon
[  74/300 ] WIN    15 turns   aang, hashirama, nagisa  vs  lizandpatty, gohan, renamon
[  75/300 ] LOSS   26 turns   aang, ryohei, seventeen  vs  toga, mikasa, satsuki
[  76/300 ] LOSS   52 turns   aang, horohoro, tanjiro  vs  tamaki, kurapika, squalo
[  77/300 ] WIN    23 turns   aang, lizandpatty, veldora  vs  ace, kaiba, tsubaki
[  78/300 ] LOSS   16 turns   aang, chrome, ken  vs  jupiter, killua, mikasa
[  79/300 ] WIN    26 turns   aang, myotismon, tanjiro  vs  levi, kurapika, misaka
Applying bleed effect! Checking special code
Applying bleed effect! Checking special code
Applying bleed effect! Checking special code
[  80/300 ] LOSS   18 turns   aang, tamaki, gunha  vs  rengoku, byakuya, venus
[  81/300 ] WIN    24 turns   aang, squalo, adam  vs  tsubaki, cell, sakura
[  82/300 ] WIN    18 turns   aang, mikasa, inuyasha  vs  yoh, nonon, shokuhou
Applying bleed effect! Checking special code
Applying bleed effect! Checking special code
Applying bleed effect! Checking special code
Applying bleed effect! Checking special code
Applying bleed effect! Checking special code
[  83/300 ] WIN    57 turns   aang, uzui, yoh  vs  jaden, hibari, denji
[  84/300 ] LOSS   18 turns   aang, toji, emiyaarcher  vs  pegasus, kuroko, megumin
[  85/300 ] WIN    14 turns   aang, chrome, hawkmon  vs  allmight, akame, jeanne
[  86/300 ] WIN    22 turns   aang, madoka, astolfo  vs  mercury, blackwargreymon, tamaki
Applying bleed effect! Checking special code
Applying bleed effect! Checking special code
Applying bleed effect! Checking special code
[  87/300 ] WIN    19 turns   aang, zenitsu, ladydevimon  vs  rengoku, power, arthur
[  88/300 ] LOSS   20 turns   aang, sakura, semiramis  vs  renamon, alphonse, alphamon
[  89/300 ] WIN    16 turns   aang, diane, satsuki  vs  itachi, seventeen, uzui
[  90/300 ] LOSS   28 turns   aang, ryohei, esdeath  vs  nagisa, midoriya, jinwoo
[  91/300 ] WIN    33 turns   aang, pegasus, gasai  vs  frieren, gohan, kaiba
[  92/300 ] WIN    55 turns   aang, astolfo, ace  vs  yugi, touka, marco
[  93/300 ] WIN    32 turns   aang, ladydevimon, alphamon  vs  toudou, hibari, satsuki
[  94/300 ] WIN    13 turns   aang, asta, tatsumi  vs  midoriya, jaden, mami
[  95/300 ] WIN    18 turns   aang, saturn, kurapika  vs  yoh, meliodas, semiramis
[  96/300 ] LOSS   31 turns   aang, nel, jesse  vs  hashirama, edward, broly
[  97/300 ] WIN    16 turns   aang, uranus, sukuna  vs  genos, levi, gon
[  98/300 ] LOSS   23 turns   aang, akame, ryohei  vs  astolfo, tatsumaki, lyserg
[  99/300 ] LOSS   22 turns   aang, nobara, gon  vs  tatsumi, ban, aiohto
Yubel's S1 Triggered!
[ 100/300 ] LOSS   37 turns   aang, yubel, gallantmon  vs  tsubasa, uzui, crona
[ 101/300 ] WIN    19 turns   aang, halibel, hinata  vs  tamaki, itachi, uzui
Applying bleed effect! Checking special code
[ 102/300 ] WIN    40 turns   aang, rengoku, mine  vs  noelle, sasuke, yamamoto
[ 103/300 ] WIN    20 turns   aang, mine, yuji  vs  uranus, nezuko, itachi
[ 104/300 ] WIN    17 turns   aang, tsunayoshi, maka  vs  eren, adam, usopp
Applying bleed effect! Checking special code
Applying bleed effect! Checking special code
Applying bleed effect! Checking special code
Applying bleed effect! Checking special code
Applying bleed effect! Checking special code
[ 105/300 ] WIN    26 turns   aang, king, orihime  vs  saitama, noelle, gohan
[ 106/300 ] WIN    30 turns   aang, esdeath, tatsumaki  vs  yugi, vegeta, alphonse
[ 107/300 ] WIN    11 turns   aang, shinra, meliodas  vs  boruto, venus, uranus
[ 108/300 ] LOSS   23 turns   aang, death, ganta  vs  ryohei, alphonse, megumin
[ 109/300 ] LOSS   21 turns   aang, pegasus, eren  vs  mavis, genos, tsubaki
[ 110/300 ] WIN    14 turns   aang, yamamoto, gatomon  vs  madoka, minene, blackstar
[ 111/300 ] WIN    16 turns   aang, tatsumi, shinra  vs  hinata, tsuyu, tatsumaki
[ 112/300 ] LOSS   16 turns   aang, nonon, semiramis  vs  toji, inuyasha, jupiter
Applying bleed effect! Checking special code
Applying bleed effect! Checking special code
[ 113/300 ] LOSS   23 turns   aang, zenitsu, venus  vs  rakko, nel, tokoyami
[ 114/300 ] WIN    25 turns   aang, broly, ganta  vs  orihime, natsu, astolfo
Applying bleed effect! Checking special code
[ 115/300 ] WIN    11 turns   aang, jack, gon  vs  sayaka, vegeta, power
[ 116/300 ] WIN    19 turns   aang, edward, seventeen  vs  kid, nonon, esdeath
[ 117/300 ] LOSS   21 turns   aang, boruto, rob  vs  touka, gon, kitara
[ 118/300 ] WIN    12 turns   aang, alphamon, toga  vs  itachi, edward, kuroko
[ 119/300 ] WIN    27 turns   aang, erza, nonon  vs  saturn, toph, touka
[ 120/300 ] LOSS   16 turns   aang, machinedramon, mercury  vs  shinoa, noelle, midoriya
[ 121/300 ] WIN    25 turns   aang, arthur, xanxus  vs  cooler, inuyasha, gallantmon
[ 122/300 ] WIN    22 turns   aang, horohoro, mercury  vs  tanjiro, squalo, mars
[ 123/300 ] WIN    24 turns   aang, jinwoo, mash  vs  sasuke, eren, ganta
[ 124/300 ] LOSS   24 turns   aang, eren, halibel  vs  cooler, boruto, satsuki
[ 125/300 ] LOSS   16 turns   aang, gray, cooler  vs  astolfo, tsuyu, yuno
Applying bleed effect! Checking special code
Applying bleed effect! Checking special code
Applying bleed effect! Checking special code
Applying bleed effect! Checking special code
[ 126/300 ] WIN    20 turns   aang, tanjiro, blackstar  vs  ken, nobara, gohan
[ 127/300 ] LOSS   25 turns   aang, natsu, jeanne  vs  hashirama, mine, killua
Applying bleed effect! Checking special code
Applying bleed effect! Checking special code
[ 128/300 ] WIN    13 turns   aang, toph, tatsumi  vs  horohoro, rengoku, touka
[ 129/300 ] WIN    21 turns   aang, shinoa, gunha  vs  touka, toga, midoriya
[ 130/300 ] WIN    33 turns   aang, mercury, misaka  vs  orihime, levi, sasuke
Applying bleed effect! Checking special code
Applying bleed effect! Checking special code
Applying bleed effect! Checking special code
[ 131/300 ] WIN    20 turns   aang, boruto, semiramis  vs  rimuru, byakuya, rakko
[ 132/300 ] WIN    21 turns   aang, toga, gasai  vs  gilgamesh, natsu, gogeta
[ 133/300 ] WIN    18 turns   aang, asta, ladydevimon  vs  lizandpatty, nel, diane
[ 134/300 ] WIN    19 turns   aang, ace, emiyaarcher  vs  esdeath, jack, todoroki
[ 135/300 ] WIN    20 turns   aang, esdeath, levi  vs  zenitsu, aiohto, nel
[ 136/300 ] WIN    26 turns   aang, jesse, rob  vs  uraraka, edward, jaden
Applying bleed effect! Checking special code
Applying bleed effect! Checking special code
Applying bleed effect! Checking special code
Applying bleed effect! Checking special code
Applying bleed effect! Checking special code
[ 137/300 ] WIN    26 turns   aang, ken, vegeta  vs  koro, sasuke, denji
[ 138/300 ] WIN    26 turns   aang, uzui, frieren  vs  minene, shiro, pegasus
Applying bleed effect! Checking special code
Applying bleed effect! Checking special code
Applying bleed effect! Checking special code
Applying bleed effect! Checking special code
Applying bleed effect! Checking special code
Applying bleed effect! Checking special code
[ 139/300 ] WIN    26 turns   aang, jupiter, king  vs  lizandpatty, yuji, hawkmon
Applying bleed effect! Checking special code
Applying bleed effect! Checking special code
[ 140/300 ] WIN    12 turns   aang, uranus, xanxus  vs  rakko, toga, allmight
[ 141/300 ] WIN    25 turns   aang, tsunayoshi, inuyasha  vs  toudou, minene, yugi
[ 142/300 ] WIN    17 turns   aang, touka, nezuko  vs  kurotsuchi, shokuhou, korra
[ 143/300 ] WIN    20 turns   aang, blackwargreymon, allmight  vs  killua, frieren, lucy
[ 144/300 ] LOSS   24 turns   aang, korra, naruto  vs  zoro, gon, diane
[ 145/300 ] WIN    28 turns   aang, natsu, pegasus  vs  misaka, luffy, jack
Applying bleed effect! Checking special code
[ 146/300 ] LOSS   28 turns   aang, ace, ken  vs  myotismon, ichigo, astolfo
[ 147/300 ] WIN    16 turns   aang, ladydevimon, genos  vs  xanxus, edward, veldora
[ 148/300 ] LOSS   28 turns   aang, rob, midoriya  vs  lizandpatty, alphamon, broly
Applying bleed effect! Checking special code
Applying bleed effect! Checking special code
[ 149/300 ] WIN    25 turns   aang, gunha, edward  vs  uraraka, king, kitara
[ 150/300 ] WIN    29 turns   aang, death, tsubasa  vs  levi, nimaiya, jesse
[ 151/300 ] WIN    23 turns   aang, hawkmon, sakura  vs  mami, lyserg, emiya
[ 152/300 ] WIN    18 turns   aang, toudou, killua  vs  veldora, usopp, erza
[ 153/300 ] LOSS   16 turns   aang, allmight, ryohei  vs  uzui, mine, uranus
Applying bleed effect! Checking special code
[ 154/300 ] LOSS   18 turns   aang, shokuhou, yubel  vs  denji, blackwargreymon, todoroki
[ 155/300 ] LOSS   36 turns   aang, zenitsu, yuno  vs  marco, cell, rob
[ 156/300 ] WIN    12 turns   aang, todoroki, gojo  vs  emiya, horohoro, death
[ 157/300 ] WIN    17 turns   aang, alphonse, kaiba  vs  megumin, mash, blackstar
[ 158/300 ] WIN    25 turns   aang, jupiter, killua  vs  cooler, semiramis, aiohto
[ 159/300 ] LOSS   28 turns   aang, kurotsuchi, ken  vs  death, lucy, yugi
Applying bleed effect! Checking special code
[ 160/300 ] WIN    17 turns   aang, gojo, jaden  vs  shinoa, rengoku, sheele
[ 161/300 ] WIN    18 turns   aang, tsubaki, ace  vs  ryuko, itachi, inosuke
[ 162/300 ] WIN    22 turns   aang, mine, minene  vs  goku, tsubasa, korra
Applying bleed effect! Checking special code
Applying bleed effect! Checking special code
Applying bleed effect! Checking special code
[ 163/300 ] WIN    29 turns   aang, yamamoto, touka  vs  gallantmon, king, akame
[ 164/300 ] WIN    17 turns   aang, gon, gunha  vs  emiya, blackwargreymon, alphonse
[ 165/300 ] LOSS   41 turns   aang, bakugo, kaiba  vs  korra, nimaiya, ichibe
[ 166/300 ] WIN    17 turns   aang, nonon, adam  vs  sayaka, inosuke, uranus
Yubel's S1 Triggered!
[ 167/300 ] LOSS   22 turns   aang, omnimon, myotismon  vs  sukuna, yubel, ryohei
Applying bleed effect! Checking special code
[ 168/300 ] LOSS   39 turns   aang, denji, jupiter  vs  zoro, toph, diane
[ 169/300 ] WIN    24 turns   aang, alphamon, rimuru  vs  shinoa, allmight, ganta
[ 170/300 ] WIN    18 turns   aang, gogeta, mavis  vs  megumi, touka, saber
[ 171/300 ] WIN    20 turns   aang, hawkmon, tsunayoshi  vs  allmight, gojo, toga
[ 172/300 ] WIN    16 turns   aang, tsunayoshi, shinra  vs  cell, gasai, omnimon
[ 173/300 ] LOSS   21 turns   aang, noelle, jack  vs  erza, bakugo, tsubaki
[ 174/300 ] LOSS   29 turns   aang, gojo, korra  vs  hinata, nimaiya, mikasa
[ 175/300 ] LOSS   23 turns   aang, nobara, soul  vs  yuji, hawkmon, levi
[ 176/300 ] WIN    27 turns   aang, saturn, impmon  vs  lizandpatty, zoro, mash
[ 177/300 ] WIN    19 turns   aang, eren, megumi  vs  vegeta, jupiter, noelle
[ 178/300 ] WIN    29 turns   aang, orihime, saitama  vs  tsubasa, sukuna, muichiro
[ 179/300 ] WIN    31 turns   aang, bakugo, yuno  vs  soul, gogeta, nagisa
[ 180/300 ] WIN    14 turns   aang, mars, emiyaarcher  vs  aiohto, nel, denji
Applying bleed effect! Checking special code
Applying bleed effect! Checking special code
Applying bleed effect! Checking special code
Applying bleed effect! Checking special code
Applying bleed effect! Checking special code
Applying bleed effect! Checking special code
[ 181/300 ] WIN    13 turns   aang, mavis, king  vs  rimuru, venus, sheele
Applying bleed effect! Checking special code
Applying bleed effect! Checking special code
Applying bleed effect! Checking special code
[ 182/300 ] WIN    43 turns   aang, kaiba, gasai  vs  tsunayoshi, madoka, diane
Applying bleed effect! Checking special code
Applying bleed effect! Checking special code
[ 183/300 ] WIN    39 turns   aang, ken, renamon  vs  ryohei, yamamoto, rakko
[ 184/300 ] WIN    56 turns   aang, jupiter, rob  vs  toph, ladydevimon, mash
[ 185/300 ] WIN    20 turns   aang, tanjiro, megumi  vs  byakuya, hawkmon, orihime
[ 186/300 ] LOSS   19 turns   aang, sukuna, nobara  vs  satsuki, broly, horohoro
[ 187/300 ] LOSS   14 turns   aang, killua, tatsumaki  vs  goku, kuroko, soul
[ 188/300 ] LOSS   17 turns   aang, luffy, gilgamesh  vs  touka, killua, hashirama
[ 189/300 ] WIN    21 turns   aang, cooler, hinata  vs  jesse, gojo, kaiba
[ 190/300 ] LOSS   14 turns   aang, diane, kuroko  vs  neferpitou, lyserg, nagisa
[ 191/300 ] LOSS   17 turns   aang, akame, minene  vs  muichiro, satsuki, rimuru
[ 192/300 ] LOSS   17 turns   aang, gohan, orihime  vs  todoroki, gilgamesh, satsuki
[ 193/300 ] WIN    19 turns   aang, touka, kitara  vs  sasuke, venus, korra
[ 194/300 ] WIN    20 turns   aang, edward, ichigo  vs  power, halibel, gilgamesh
[ 195/300 ] WIN    26 turns   aang, gasai, hashirama  vs  uraraka, horohoro, ace
[ 196/300 ] WIN    18 turns   aang, bakugo, gohan  vs  pegasus, machinedramon, neferpitou
[ 197/300 ] WIN    20 turns   aang, mikasa, zoro  vs  shinoa, tsubaki, impmon
[ 198/300 ] LOSS   17 turns   aang, akame, muichiro  vs  tamaki, bakugo, misaka
[ 199/300 ] LOSS   13 turns   aang, sasuke, sukuna  vs  madoka, mars, tsunayoshi
[ 200/300 ] WIN    28 turns   aang, ryuko, jeanne  vs  kurapika, minene, natsu
Applying bleed effect! Checking special code
Applying bleed effect! Checking special code
[ 201/300 ] WIN    17 turns   aang, cooler, uranus  vs  king, rob, astolfo
[ 202/300 ] WIN    17 turns   aang, gallantmon, gon  vs  tsubaki, zoro, jack
[ 203/300 ] WIN    20 turns   aang, kurapika, aiohto  vs  crona, naruto, yoh
[ 204/300 ] WIN    15 turns   aang, muichiro, touka  vs  sukuna, toji, saber
[ 205/300 ] WIN    12 turns   aang, satsuki, gallantmon  vs  squalo, kurotsuchi, maka
[ 206/300 ] WIN    24 turns   aang, machinedramon, impmon  vs  ladydevimon, jupiter, gogeta
[ 207/300 ] WIN    22 turns   aang, toga, vegeta  vs  gunha, zoro, nezuko
[ 208/300 ] LOSS   19 turns   aang, ryohei, hashirama  vs  tsubaki, madoka, nimaiya
[ 209/300 ] LOSS   20 turns   aang, ichigo, lucy  vs  gunha, byakuya, mercury
[ 210/300 ] WIN    22 turns   aang, kitara, tanjiro  vs  impmon, esdeath, levi
[ 211/300 ] WIN    29 turns   aang, goku, saitama  vs  alphamon, ban, toph
[ 212/300 ] WIN    16 turns   aang, nel, neferpitou  vs  jack, luffy, blackwargreymon
[ 213/300 ] LOSS   16 turns   aang, mercury, tsubasa  vs  noelle, touka, vegeta
[ 214/300 ] LOSS   17 turns   aang, nagisa, gunha  vs  gatomon, alphamon, alphonse
Applying bleed effect! Checking special code
Applying bleed effect! Checking special code
[ 215/300 ] WIN    25 turns   aang, jupiter, uranus  vs  kitara, rakko, crona
Applying bleed effect! Checking special code
Applying bleed effect! Checking special code
Applying bleed effect! Checking special code
Applying bleed effect! Checking special code
Applying bleed effect! Checking special code
[ 216/300 ] LOSS   24 turns   aang, natsu, goku  vs  allmight, zenitsu, ken
[ 217/300 ] LOSS   35 turns   aang, yuno, seventeen  vs  sayaka, nagisa, myotismon
[ 218/300 ] LOSS   30 turns   aang, toph, tatsumaki  vs  mavis, misaka, sakura
[ 219/300 ] WIN    17 turns   aang, nezuko, tamaki  vs  tokoyami, shokuhou, usopp
[ 220/300 ] LOSS   14 turns   aang, tsubaki, shiro  vs  gallantmon, frieren, alphamon
Applying bleed effect! Checking special code
Applying bleed effect! Checking special code
[ 221/300 ] WIN    26 turns   aang, rimuru, saber  vs  inosuke, tatsumaki, marco
[ 222/300 ] LOSS   20 turns   aang, ryuko, sasuke  vs  todoroki, uzui, alphonse
Applying bleed effect! Checking special code
Applying bleed effect! Checking special code
[ 223/300 ] WIN    28 turns   aang, gasai, rakko  vs  inosuke, genos, kitara
[ 224/300 ] WIN    25 turns   aang, seventeen, ryohei  vs  mars, hinata, nel
[ 225/300 ] LOSS   49 turns   aang, ace, arthur  vs  kurapika, saturn, yamamoto
[ 226/300 ] WIN    14 turns   aang, levi, genos  vs  mash, inuyasha, yugi
[ 227/300 ] WIN    18 turns   aang, sasuke, gojo  vs  yamamoto, ban, esdeath
Applying bleed effect! Checking special code
[ 228/300 ] LOSS   12 turns   aang, gatomon, king  vs  soul, aiohto, asta
[ 229/300 ] WIN    25 turns   aang, mikasa, meliodas  vs  asta, astolfo, jaden
[ 230/300 ] WIN    26 turns   aang, tanjiro, lizandpatty  vs  gogeta, ryuko, itachi
[ 231/300 ] WIN    19 turns   aang, todoroki, astolfo  vs  jupiter, goku, death
Applying bleed effect! Checking special code
Applying bleed effect! Checking special code
[ 232/300 ] LOSS   18 turns   aang, venus, denji  vs  mavis, edward, yuji
[ 233/300 ] WIN    22 turns   aang, kitara, gasai  vs  ichibe, sayaka, diane
[ 234/300 ] WIN    15 turns   aang, gunha, seventeen  vs  gon, alphonse, koro
Applying bleed effect! Checking special code
Applying bleed effect! Checking special code
Applying bleed effect! Checking special code
Applying bleed effect! Checking special code
[ 235/300 ] LOSS   36 turns   aang, renamon, yoh  vs  cell, megumi, ken
[ 236/300 ] WIN    37 turns   aang, neferpitou, hashirama  vs  jinwoo, mars, gunha
[ 237/300 ] LOSS   20 turns   aang, ace, todoroki  vs  byakuya, yubel, edward
[ 238/300 ] WIN    27 turns   aang, erza, misaka  vs  kurapika, ganta, xanxus
[ 239/300 ] WIN    21 turns   aang, boruto, yamamoto  vs  pegasus, genos, erza
Applying bleed effect! Checking special code
Applying bleed effect! Checking special code
[ 240/300 ] WIN    17 turns   aang, tsubaki, jupiter  vs  inuyasha, shinra, power
[ 241/300 ] LOSS   37 turns   aang, ichigo, satsuki  vs  kid, natsu, tsunayoshi
[ 242/300 ] WIN    24 turns   aang, inuyasha, nel  vs  uzui, sakura, gunha
[ 243/300 ] WIN    21 turns   aang, gohan, chrome  vs  yoh, vegeta, genos
Applying bleed effect! Checking special code
Applying bleed effect! Checking special code
Applying bleed effect! Checking special code
[ 244/300 ] WIN    18 turns   aang, killua, hibari  vs  halibel, denji, maka
[ 245/300 ] WIN    21 turns   aang, horohoro, mikasa  vs  halibel, luffy, shokuhou
[ 246/300 ] WIN    18 turns   aang, vegeta, ban  vs  gohan, maka, seventeen
Applying bleed effect! Checking special code
Applying bleed effect! Checking special code
Applying bleed effect! Checking special code
[ 247/300 ] WIN    16 turns   aang, cell, jinwoo  vs  tsuyu, ken, misaka
[ 248/300 ] WIN    24 turns   aang, jaden, omnimon  vs  tsubasa, jinwoo, ryuko
[ 249/300 ] LOSS   23 turns   aang, frankenstein, aiohto  vs  broly, minene, jupiter
[ 250/300 ] WIN    46 turns   aang, sayaka, mine  vs  denji, halibel, marco
Applying bleed effect! Checking special code
Applying bleed effect! Checking special code
Applying bleed effect! Checking special code
[ 251/300 ] WIN    14 turns   aang, power, cooler  vs  horohoro, ken, soul
[ 252/300 ] WIN    16 turns   aang, asta, mikasa  vs  ladydevimon, rob, shokuhou
[ 253/300 ] WIN    21 turns   aang, sheele, ban  vs  yoh, minene, zenitsu
[ 254/300 ] WIN    41 turns   aang, gasai, ban  vs  xanxus, tsunayoshi, vegeta
[ 255/300 ] WIN    17 turns   aang, touka, megumi  vs  shinoa, yugi, venus
[ 256/300 ] WIN    15 turns   aang, ladydevimon, jinwoo  vs  ryohei, gojo, midoriya
[ 257/300 ] LOSS   27 turns   aang, touka, hisoka  vs  toudou, saturn, genos
Applying bleed effect! Checking special code
[ 258/300 ] LOSS   21 turns   aang, zenitsu, allmight  vs  saturn, diane, yuno
[ 259/300 ] WIN    19 turns   aang, gallantmon, toga  vs  yuno, astolfo, tatsumi
Applying bleed effect! Checking special code
[ 260/300 ] LOSS   14 turns   aang, power, naruto  vs  goku, rob, ichigo
[ 261/300 ] WIN    38 turns   aang, jaden, lizandpatty  vs  edward, usopp, saturn
Applying bleed effect! Checking special code
[ 262/300 ] WIN    16 turns   aang, kuroko, minene  vs  erza, sayaka, inosuke
[ 263/300 ] LOSS   38 turns   aang, saitama, blackstar  vs  tatsumaki, soul, natsu
[ 264/300 ] LOSS   20 turns   aang, venus, semiramis  vs  tamaki, mavis, uzui
[ 265/300 ] LOSS   24 turns   aang, machinedramon, broly  vs  saitama, hisoka, omnimon
Applying bleed effect! Checking special code
Applying bleed effect! Checking special code
Applying bleed effect! Checking special code
Applying bleed effect! Checking special code
Applying bleed effect! Checking special code
[ 266/300 ] LOSS   23 turns   aang, usopp, uzui  vs  king, nel, todoroki
[ 267/300 ] LOSS   13 turns   aang, inuyasha, kurapika  vs  gatomon, rengoku, alphamon
[ 268/300 ] WIN    16 turns   aang, saturn, mercury  vs  nonon, hibari, ladydevimon
[ 269/300 ] WIN    15 turns   aang, mavis, koro  vs  kurapika, toudou, saber
[ 270/300 ] WIN    32 turns   aang, gallantmon, genos  vs  toji, rob, satsuki
[ 271/300 ] LOSS   33 turns   aang, hisoka, crona  vs  meliodas, kaiba, touka
[ 272/300 ] WIN    16 turns   aang, nezuko, erza  vs  jupiter, tanjiro, cell
Applying bleed effect! Checking special code
Applying bleed effect! Checking special code
[ 273/300 ] LOSS   27 turns   aang, gunha, maka  vs  astolfo, rakko, vegeta
[ 274/300 ] WIN    17 turns   aang, usopp, yuno  vs  zenitsu, akame, saitama
[ 275/300 ] WIN    15 turns   aang, luffy, asta  vs  gilgamesh, yugi, tsuyu
[ 276/300 ] LOSS   14 turns   aang, jinwoo, goku  vs  alphamon, yuji, gilgamesh
[ 277/300 ] LOSS   26 turns   aang, muichiro, misaka  vs  yugi, tanjiro, lucy
Applying bleed effect! Checking special code
Applying bleed effect! Checking special code
Applying bleed effect! Checking special code
Applying bleed effect! Checking special code
[ 278/300 ] LOSS    9 turns   aang, saitama, yuji  vs  toudou, ken, esdeath
[ 279/300 ] WIN    16 turns   aang, nagisa, nel  vs  satsuki, death, sheele
[ 280/300 ] LOSS   24 turns   aang, mash, venus  vs  tsuyu, killua, boruto
[ 281/300 ] WIN    22 turns   aang, lyserg, mine  vs  kid, tatsumaki, impmon
[ 282/300 ] LOSS   14 turns   aang, ban, soul  vs  usopp, asta, alphonse
[ 283/300 ] LOSS   30 turns   aang, alphamon, eren  vs  noelle, mavis, itachi
[ 284/300 ] LOSS   17 turns   aang, rakko, machinedramon  vs  alphonse, alphamon, hawkmon
[ 285/300 ] WIN    17 turns   aang, saturn, halibel  vs  lucy, emiya, yugi
Applying bleed effect! Checking special code
[ 286/300 ] WIN    35 turns   aang, tsubaki, zoro  vs  natsu, mash, rengoku
[ 287/300 ] LOSS   20 turns   aang, orihime, minene  vs  jack, marco, misaka
[ 288/300 ] WIN    28 turns   aang, kaiba, tsunayoshi  vs  eren, yugi, tsuyu
[ 289/300 ] WIN    20 turns   aang, esdeath, erza  vs  kid, jaden, hawkmon
[ 290/300 ] WIN    21 turns   aang, muichiro, minene  vs  mash, tatsumaki, shiro
[ 291/300 ] LOSS   29 turns   aang, frankenstein, sheele  vs  erza, mami, blackstar
[ 292/300 ] WIN    21 turns   aang, neferpitou, natsu  vs  jinwoo, ichigo, aiohto
[ 293/300 ] LOSS   19 turns   aang, ban, kurotsuchi  vs  jack, power, sayaka
[ 294/300 ] WIN    11 turns   aang, inuyasha, mikasa  vs  erza, allmight, seventeen
[ 295/300 ] WIN    20 turns   aang, gon, xanxus  vs  midoriya, toudou, nobara
[ 296/300 ] WIN    21 turns   aang, usopp, diane  vs  semiramis, tsuyu, nezuko
[ 297/300 ] WIN    16 turns   aang, cooler, eren  vs  tsunayoshi, jeanne, madoka
[ 298/300 ] LOSS   20 turns   aang, lyserg, nobara  vs  genos, rimuru, tsunayoshi
[ 299/300 ] LOSS   14 turns   aang, impmon, natsu  vs  bakugo, alphamon, broly
[ 300/300 ] LOSS   23 turns   aang, jack, hibari  vs  gilgamesh, nagisa, mavis
=== TRAINER RUN COMPLETE ===
Matches: 300   W: 196   L: 104   D: 0   Win: 65.3%   (opponent: v3:focused_current.json  [EVAL])
