Godot Engine v4.6.2.stable.official.71f334935 - https://godotengine.org

[trainer] seed=61001 matches=700 opponent=self eval=false out=res://training/checkpoints/focus_naruto/w1.json checkpoint=res://training/checkpoints/focused_current.json
[authored] loaded 1 authored character(s)
[   1/700 ] WIN    45 turns   naruto, marco, tatsumaki  vs  nel, sayaka, hashirama
[   2/700 ] WIN    21 turns   naruto, gohan, gon  vs  muichiro, ladydevimon, jaden
[   3/700 ] LOSS   27 turns   naruto, saitama, orihime  vs  megumin, zenitsu, myotismon
[   4/700 ] LOSS   37 turns   naruto, ladydevimon, renamon  vs  tsubaki, gasai, edward
[   5/700 ] LOSS   22 turns   naruto, shinra, sheele  vs  chrome, gallantmon, jupiter
Applying bleed effect! Checking special code
Applying bleed effect! Checking special code
[   6/700 ] LOSS   38 turns   naruto, rimuru, tsubasa  vs  power, korra, seventeen
[   7/700 ] WIN    30 turns   naruto, rob, jack  vs  tsuyu, ryuko, semiramis
[   8/700 ] WIN    17 turns   naruto, omnimon, asta  vs  tatsumaki, tokoyami, gatomon
[   9/700 ] WIN    36 turns   naruto, shinoa, chrome  vs  levi, emiya, yamamoto
[  10/700 ] LOSS   28 turns   naruto, gasai, blackstar  vs  tsubaki, usopp, rimuru
[  11/700 ] LOSS   23 turns   naruto, yugi, koro  vs  hinata, gogeta, natsu
[  12/700 ] LOSS   25 turns   naruto, kaiba, tsubasa  vs  misaka, broly, aiohto
[  13/700 ] WIN    54 turns   naruto, jesse, lucy  vs  impmon, orihime, saturn
[  14/700 ] LOSS   22 turns   naruto, kaiba, renamon  vs  inosuke, tsuyu, ichigo
[  15/700 ] WIN    32 turns   naruto, sheele, toga  vs  renamon, marco, tsuyu
[  16/700 ] LOSS   19 turns   naruto, goku, omnimon  vs  satsuki, toji, tatsumi
[  17/700 ] WIN    16 turns   naruto, astolfo, horohoro  vs  gilgamesh, koro, toga
[  18/700 ] WIN    23 turns   naruto, alphamon, ryohei  vs  renamon, hawkmon, halibel
Applying bleed effect! Checking special code
Applying bleed effect! Checking special code
[  19/700 ] WIN    15 turns   naruto, minene, inosuke  vs  allmight, sayaka, tamaki
[  20/700 ] LOSS   22 turns   naruto, frieren, yoh  vs  lyserg, lizandpatty, megumi
[  21/700 ] LOSS   24 turns   naruto, muichiro, satsuki  vs  shinoa, mars, gatomon
[  22/700 ] WIN    18 turns   naruto, megumin, omnimon  vs  hisoka, eren, todoroki
[  23/700 ] LOSS   39 turns   naruto, sheele, arthur  vs  eren, zoro, tsubasa
[  24/700 ] WIN    12 turns   naruto, hashirama, esdeath  vs  tanjiro, tsubaki, squalo
[  25/700 ] WIN    16 turns   naruto, asta, astolfo  vs  tsubasa, frankenstein, koro
[  26/700 ] WIN    26 turns   naruto, zenitsu, crona  vs  cooler, minene, rimuru
[  27/700 ] WIN    38 turns   naruto, korra, usopp  vs  toudou, gohan, vegeta
Applying bleed effect! Checking special code
Applying bleed effect! Checking special code
Applying bleed effect! Checking special code
Applying bleed effect! Checking special code
Applying bleed effect! Checking special code
Applying bleed effect! Checking special code
Applying bleed effect! Checking special code
Applying bleed effect! Checking special code
[  28/700 ] LOSS   20 turns   naruto, tsubaki, ganta  vs  rengoku, itachi, jaden
[  29/700 ] WIN    24 turns   naruto, crona, zenitsu  vs  zoro, uzui, aiohto
[  30/700 ] LOSS   35 turns   naruto, hashirama, pegasus  vs  asta, nonon, goku
[  31/700 ] WIN    15 turns   naruto, sheele, impmon  vs  myotismon, noelle, hawkmon
Applying bleed effect! Checking special code
Applying bleed effect! Checking special code
Applying bleed effect! Checking special code
Applying bleed effect! Checking special code
Applying bleed effect! Checking special code
Applying bleed effect! Checking special code
Applying bleed effect! Checking special code
Applying bleed effect! Checking special code
Applying bleed effect! Checking special code
[  32/700 ] WIN    23 turns   naruto, jupiter, natsu  vs  korra, king, sukuna
[  33/700 ] WIN    17 turns   naruto, yuji, goku  vs  gojo, tatsumaki, semiramis
[  34/700 ] WIN    29 turns   naruto, blackwargreymon, death  vs  gohan, gojo, tsunayoshi
[  35/700 ] WIN    22 turns   naruto, madoka, megumi  vs  ryohei, natsu, alphamon
[  36/700 ] LOSS   16 turns   naruto, vegeta, nimaiya  vs  allmight, ladydevimon, luffy
[  37/700 ] LOSS   21 turns   naruto, yuji, omnimon  vs  gilgamesh, seventeen, myotismon
Applying bleed effect! Checking special code
[  38/700 ] WIN    19 turns   naruto, denji, mine  vs  koro, mavis, arthur
Applying bleed effect! Checking special code
[  39/700 ] LOSS   17 turns   naruto, halibel, inosuke  vs  yubel, cooler, genos
[  40/700 ] LOSS   15 turns   naruto, nimaiya, gray  vs  renamon, goku, alphonse
[  41/700 ] WIN    17 turns   naruto, madoka, arthur  vs  luffy, ganta, uranus
[  42/700 ] WIN    15 turns   naruto, lizandpatty, nagisa  vs  kid, shokuhou, gilgamesh
[  43/700 ] LOSS   31 turns   naruto, akame, mami  vs  yuno, sayaka, noelle
Applying bleed effect! Checking special code
Applying bleed effect! Checking special code
Applying bleed effect! Checking special code
[  44/700 ] LOSS   27 turns   naruto, yoh, venus  vs  jaden, mash, diane
Applying bleed effect! Checking special code
Applying bleed effect! Checking special code
Applying bleed effect! Checking special code
Applying bleed effect! Checking special code
Applying bleed effect! Checking special code
Applying bleed effect! Checking special code
Applying bleed effect! Checking special code
[  45/700 ] LOSS   21 turns   naruto, nezuko, jack  vs  kurapika, saber, ken
[  46/700 ] LOSS   23 turns   naruto, noelle, tanjiro  vs  kurapika, halibel, rob
[  47/700 ] WIN    16 turns   naruto, frankenstein, bakugo  vs  megumin, king, frieren
[  48/700 ] LOSS   27 turns   naruto, zoro, neferpitou  vs  jack, frieren, maka
Applying bleed effect! Checking special code
[  49/700 ] LOSS   32 turns   naruto, nezuko, power  vs  megumi, xanxus, machinedramon
[  50/700 ] WIN    25 turns   naruto, blackstar, todoroki  vs  midoriya, shiro, crona
[  51/700 ] WIN    19 turns   naruto, kurotsuchi, zenitsu  vs  xanxus, asta, eren
[  52/700 ] LOSS   18 turns   naruto, yamamoto, aiohto  vs  natsu, byakuya, minene
[  53/700 ] LOSS   16 turns   naruto, midoriya, touka  vs  hawkmon, yugi, gasai
Applying bleed effect! Checking special code
Applying bleed effect! Checking special code
Applying bleed effect! Checking special code
Applying bleed effect! Checking special code
Yubel's S1 Triggered!
[  54/700 ] LOSS   24 turns   naruto, yubel, midoriya  vs  lizandpatty, king, emiya
Applying bleed effect! Checking special code
[  55/700 ] LOSS   17 turns   naruto, denji, nobara  vs  shinra, koro, death
Applying bleed effect! Checking special code
Applying bleed effect! Checking special code
Applying bleed effect! Checking special code
[  56/700 ] WIN    19 turns   naruto, ladydevimon, ichigo  vs  misaka, power, sheele
[  57/700 ] LOSS   20 turns   naruto, shinoa, ryuko  vs  gilgamesh, erza, cell
[  58/700 ] WIN    27 turns   naruto, mercury, tsuyu  vs  nobara, kitara, yugi
[  59/700 ] WIN    58 turns   naruto, gohan, alphonse  vs  alphamon, jeanne, jaden
[  60/700 ] LOSS   20 turns   naruto, ganta, inuyasha  vs  adam, hinata, gon
[  61/700 ] WIN    18 turns   naruto, nagisa, blackstar  vs  orihime, misaka, kid
[  62/700 ] WIN    24 turns   naruto, muichiro, ganta  vs  megumi, sasuke, luffy
[  63/700 ] LOSS   25 turns   naruto, blackstar, kid  vs  tanjiro, cell, saturn
Applying bleed effect! Checking special code
Applying bleed effect! Checking special code
Applying bleed effect! Checking special code
Applying bleed effect! Checking special code
[  64/700 ] WIN    17 turns   naruto, nimaiya, genos  vs  ken, machinedramon, ichigo
Applying bleed effect! Checking special code
Applying bleed effect! Checking special code
Applying bleed effect! Checking special code
Applying bleed effect! Checking special code
[  65/700 ] LOSS   27 turns   naruto, usopp, inuyasha  vs  power, ban, diane
Applying bleed effect! Checking special code
Applying bleed effect! Checking special code
Applying bleed effect! Checking special code
[  66/700 ] WIN    21 turns   naruto, power, uzui  vs  kid, jeanne, blackwargreymon
[  67/700 ] WIN    32 turns   naruto, halibel, edward  vs  mash, misaka, denji
[  68/700 ] WIN    20 turns   naruto, misaka, gasai  vs  neferpitou, tsuyu, sasuke
[  69/700 ] LOSS   32 turns   naruto, hibari, kurapika  vs  megumi, nezuko, uranus
[  70/700 ] WIN    18 turns   naruto, kuroko, madoka  vs  arthur, megumin, uranus
[  71/700 ] LOSS   11 turns   naruto, hisoka, zoro  vs  venus, madoka, hashirama
[  72/700 ] LOSS   23 turns   naruto, luffy, jeanne  vs  jupiter, crona, ryohei
[  73/700 ] LOSS   25 turns   naruto, aang, gilgamesh  vs  soul, ban, alphonse
[  74/700 ] WIN    21 turns   naruto, mikasa, shiro  vs  goku, gojo, inuyasha
[  75/700 ] WIN    22 turns   naruto, goku, alphamon  vs  todoroki, ace, noelle
[  76/700 ] LOSS   24 turns   naruto, genos, gogeta  vs  hinata, death, jesse
[  77/700 ] LOSS   28 turns   naruto, jinwoo, nobara  vs  seventeen, rimuru, zoro
Applying bleed effect! Checking special code
Applying bleed effect! Checking special code
[  78/700 ] WIN    16 turns   naruto, seventeen, astolfo  vs  denji, alphonse, mash
[  79/700 ] LOSS   20 turns   naruto, myotismon, jeanne  vs  tatsumaki, blackstar, neferpitou
Applying bleed effect! Checking special code
Applying bleed effect! Checking special code
Applying bleed effect! Checking special code
Applying bleed effect! Checking special code
[  80/700 ] WIN    25 turns   naruto, ban, nagisa  vs  tanjiro, eren, rengoku
Applying bleed effect! Checking special code
Applying bleed effect! Checking special code
Applying bleed effect! Checking special code
Applying bleed effect! Checking special code
[  81/700 ] LOSS   27 turns   naruto, hisoka, king  vs  kuroko, astolfo, ladydevimon
[  82/700 ] LOSS   20 turns   naruto, inosuke, bakugo  vs  zenitsu, itachi, koro
[  83/700 ] WIN    24 turns   naruto, marco, touka  vs  sukuna, adam, usopp
[  84/700 ] WIN    28 turns   naruto, cell, shinoa  vs  nel, xanxus, kuroko
[  85/700 ] WIN    25 turns   naruto, erza, toga  vs  eren, halibel, tsunayoshi
Yubel's S1 Triggered!
[  86/700 ] LOSS   80 turns   naruto, saitama, yubel  vs  arthur, marco, tsubaki
[  87/700 ] LOSS   14 turns   naruto, sayaka, nagisa  vs  lizandpatty, broly, gilgamesh
[  88/700 ] LOSS   18 turns   naruto, hawkmon, yuno  vs  saturn, vegeta, megumi
[  89/700 ] WIN    44 turns   naruto, alphonse, impmon  vs  chrome, uzui, korra
Applying bleed effect! Checking special code
Applying bleed effect! Checking special code
Applying bleed effect! Checking special code
[  90/700 ] WIN    16 turns   naruto, nimaiya, sukuna  vs  rengoku, gohan, gilgamesh
[  91/700 ] LOSS   24 turns   naruto, ichibe, ladydevimon  vs  semiramis, ichigo, hashirama
[  92/700 ] LOSS   21 turns   naruto, omnimon, veldora  vs  zenitsu, squalo, seventeen
[  93/700 ] LOSS   26 turns   naruto, minene, chrome  vs  gojo, ryohei, adam
[  94/700 ] LOSS   20 turns   naruto, yuno, jeanne  vs  nonon, maka, gallantmon
[  95/700 ] LOSS   42 turns   naruto, machinedramon, arthur  vs  zoro, myotismon, yubel
Applying bleed effect! Checking special code
Applying bleed effect! Checking special code
Applying bleed effect! Checking special code
Applying bleed effect! Checking special code
Applying bleed effect! Checking special code
Applying bleed effect! Checking special code
[  96/700 ] WIN    18 turns   naruto, rakko, cooler  vs  nagisa, shinra, mine
[  97/700 ] WIN    20 turns   naruto, mash, megumin  vs  emiyaarcher, minene, byakuya
[  98/700 ] WIN    19 turns   naruto, mami, nagisa  vs  inuyasha, venus, edward
[  99/700 ] LOSS   16 turns   naruto, rimuru, shinoa  vs  gunha, asta, myotismon
[ 100/700 ] LOSS   25 turns   naruto, omnimon, minene  vs  boruto, toph, satsuki
[ 101/700 ] WIN    14 turns   naruto, asta, lucy  vs  ryohei, frieren, rimuru
Applying bleed effect! Checking special code
Applying bleed effect! Checking special code
Applying bleed effect! Checking special code
[ 102/700 ] WIN    66 turns   naruto, zenitsu, power  vs  mikasa, midoriya, kitara
[ 103/700 ] WIN    24 turns   naruto, ichigo, chrome  vs  kaiba, jeanne, tokoyami
[ 104/700 ] WIN    32 turns   naruto, sasuke, cooler  vs  arthur, tsuyu, touka
Applying bleed effect! Checking special code
Applying bleed effect! Checking special code
Applying bleed effect! Checking special code
Applying bleed effect! Checking special code
Applying bleed effect! Checking special code
[ 105/700 ] WIN    28 turns   naruto, lucy, rengoku  vs  ichigo, myotismon, denji
[ 106/700 ] LOSS   26 turns   naruto, nobara, lizandpatty  vs  horohoro, gojo, zoro
[ 107/700 ] WIN    32 turns   naruto, inuyasha, toudou  vs  yubel, akame, myotismon
[ 108/700 ] WIN    19 turns   naruto, misaka, gallantmon  vs  bakugo, sasuke, todoroki
[ 109/700 ] LOSS   23 turns   naruto, sayaka, nonon  vs  jack, ace, noelle
[ 110/700 ] WIN    19 turns   naruto, shinoa, pegasus  vs  toga, ban, tsunayoshi
[ 111/700 ] LOSS   31 turns   naruto, boruto, lyserg  vs  neferpitou, edward, gallantmon
Applying bleed effect! Checking special code
[ 112/700 ] LOSS   32 turns   naruto, rakko, muichiro  vs  impmon, ryohei, emiyaarcher
[ 113/700 ] LOSS   34 turns   naruto, mikasa, kitara  vs  machinedramon, nagisa, jupiter
[ 114/700 ] WIN    23 turns   naruto, cell, aang  vs  sasuke, ichigo, noelle
Applying bleed effect! Checking special code
Applying bleed effect! Checking special code
[ 115/700 ] WIN    28 turns   naruto, denji, broly  vs  rengoku, alphonse, todoroki
Yubel's S1 Triggered!
[ 116/700 ] WIN    26 turns   naruto, saturn, crona  vs  rob, mikasa, yubel
[ 117/700 ] WIN    30 turns   naruto, hisoka, maka  vs  toga, rimuru, ryohei
Applying bleed effect! Checking special code
Applying bleed effect! Checking special code
Applying bleed effect! Checking special code
Applying bleed effect! Checking special code
Applying bleed effect! Checking special code
[ 118/700 ] LOSS   34 turns   naruto, uzui, jinwoo  vs  inosuke, ichigo, mash
Applying bleed effect! Checking special code
Applying bleed effect! Checking special code
[ 119/700 ] WIN    18 turns   naruto, saturn, goku  vs  shinra, inuyasha, power
[ 120/700 ] WIN    22 turns   naruto, ban, jupiter  vs  lyserg, bakugo, misaka
[ 121/700 ] LOSS   18 turns   naruto, kid, xanxus  vs  cooler, eren, ban
[ 122/700 ] WIN    16 turns   naruto, hawkmon, madoka  vs  shiro, jupiter, orihime
[ 123/700 ] LOSS   18 turns   naruto, arthur, sayaka  vs  nobara, ichigo, mavis
Applying bleed effect! Checking special code
[ 124/700 ] LOSS   57 turns   naruto, denji, tsubaki  vs  sasuke, impmon, lucy
[ 125/700 ] LOSS   19 turns   naruto, blackstar, jinwoo  vs  nobara, cell, vegeta
[ 126/700 ] WIN    39 turns   naruto, jeanne, itachi  vs  adam, kitara, toph
[ 127/700 ] WIN    15 turns   naruto, chrome, crona  vs  todoroki, byakuya, tamaki
[ 128/700 ] WIN    24 turns   naruto, tamaki, hinata  vs  marco, gon, muichiro
[ 129/700 ] WIN    17 turns   naruto, hashirama, madoka  vs  gatomon, hinata, yuji
[ 130/700 ] WIN    24 turns   naruto, kitara, touka  vs  zoro, emiyaarcher, jeanne
Applying bleed effect! Checking special code
Applying bleed effect! Checking special code
Applying bleed effect! Checking special code
[ 131/700 ] WIN    37 turns   naruto, hibari, horohoro  vs  chrome, power, ken
[ 132/700 ] LOSS   25 turns   naruto, ryuko, halibel  vs  gon, tsunayoshi, aang
[ 133/700 ] WIN    16 turns   naruto, renamon, sheele  vs  saber, rob, inuyasha
[ 134/700 ] WIN    41 turns   naruto, midoriya, marco  vs  gunha, usopp, touka
[ 135/700 ] LOSS   25 turns   naruto, jinwoo, koro  vs  yugi, tamaki, hisoka
[ 136/700 ] WIN    19 turns   naruto, gunha, saturn  vs  yuno, mars, akame
[ 137/700 ] LOSS   24 turns   naruto, jack, sukuna  vs  jinwoo, mash, mercury
[ 138/700 ] WIN    27 turns   naruto, gogeta, tsunayoshi  vs  cell, yuno, midoriya
[ 139/700 ] WIN    18 turns   naruto, neferpitou, usopp  vs  shinoa, arthur, rimuru
[ 140/700 ] WIN    24 turns   naruto, tamaki, killua  vs  gojo, edward, horohoro
[ 141/700 ] LOSS   26 turns   naruto, sheele, gallantmon  vs  mercury, toga, nagisa
[ 142/700 ] WIN    19 turns   naruto, ichibe, nagisa  vs  hawkmon, bakugo, mine
[ 143/700 ] LOSS   29 turns   naruto, lyserg, shinra  vs  sukuna, gunha, astolfo
[ 144/700 ] LOSS   28 turns   naruto, hisoka, yamamoto  vs  midoriya, gray, sasuke
[ 145/700 ] WIN    29 turns   naruto, uzui, kuroko  vs  yugi, saber, lizandpatty
[ 146/700 ] WIN    18 turns   naruto, machinedramon, cooler  vs  madoka, tokoyami, gogeta
[ 147/700 ] WIN    21 turns   naruto, hibari, yoh  vs  emiya, gilgamesh, halibel
[ 148/700 ] WIN    22 turns   naruto, hinata, kurotsuchi  vs  midoriya, blackstar, megumin
[ 149/700 ] LOSS   48 turns   naruto, toga, venus  vs  jesse, arthur, tatsumi
[ 150/700 ] WIN    19 turns   naruto, mami, broly  vs  shiro, tokoyami, hibari
[ 151/700 ] LOSS   21 turns   naruto, myotismon, gunha  vs  allmight, ichigo, kuroko
[ 152/700 ] LOSS   17 turns   naruto, machinedramon, tsunayoshi  vs  neferpitou, noelle, cooler
Applying bleed effect! Checking special code
Applying bleed effect! Checking special code
Applying bleed effect! Checking special code
Applying bleed effect! Checking special code
Applying bleed effect! Checking special code
Applying bleed effect! Checking special code
[ 153/700 ] LOSS   23 turns   naruto, king, mami  vs  usopp, tanjiro, blackwargreymon
[ 154/700 ] WIN    23 turns   naruto, toji, koro  vs  emiyaarcher, crona, kaiba
[ 155/700 ] WIN    20 turns   naruto, uzui, noelle  vs  gogeta, crona, kuroko
Applying bleed effect! Checking special code
[ 156/700 ] WIN    15 turns   naruto, nel, neferpitou  vs  yoh, inosuke, aiohto
[ 157/700 ] WIN    30 turns   naruto, zoro, frankenstein  vs  nonon, gon, gogeta
[ 158/700 ] LOSS   21 turns   naruto, sheele, soul  vs  semiramis, levi, shinoa
[ 159/700 ] WIN    25 turns   naruto, nel, touka  vs  genos, yuji, arthur
Applying bleed effect! Checking special code
Applying bleed effect! Checking special code
[ 160/700 ] WIN    40 turns   naruto, crona, pegasus  vs  lucy, rakko, kurapika
[ 161/700 ] LOSS   25 turns   naruto, zoro, gunha  vs  gohan, ganta, broly
[ 162/700 ] LOSS   28 turns   naruto, meliodas, arthur  vs  edward, death, hinata
[ 163/700 ] WIN    20 turns   naruto, death, lyserg  vs  todoroki, rimuru, crona
[ 164/700 ] LOSS   19 turns   naruto, tsuyu, tsubasa  vs  broly, misaka, eren
[ 165/700 ] WIN    21 turns   naruto, venus, aang  vs  mash, tsubaki, inuyasha
[ 166/700 ] LOSS   40 turns   naruto, todoroki, hinata  vs  hisoka, nel, maka
[ 167/700 ] LOSS   25 turns   naruto, goku, inuyasha  vs  tsubaki, ryohei, kaiba
[ 168/700 ] WIN    44 turns   naruto, blackstar, myotismon  vs  genos, jeanne, hashirama
[ 169/700 ] LOSS   21 turns   naruto, gasai, shinra  vs  madoka, veldora, gallantmon
Applying bleed effect! Checking special code
Applying bleed effect! Checking special code
Applying bleed effect! Checking special code
[ 170/700 ] WIN    27 turns   naruto, mikasa, rakko  vs  tanjiro, tsunayoshi, diane
[ 171/700 ] LOSS   24 turns   naruto, sakura, lyserg  vs  broly, adam, hinata
[ 172/700 ] WIN    18 turns   naruto, eren, gray  vs  korra, ganta, shinra
Applying bleed effect! Checking special code
Applying bleed effect! Checking special code
Applying bleed effect! Checking special code
Applying bleed effect! Checking special code
Applying bleed effect! Checking special code
Applying bleed effect! Checking special code
Applying bleed effect! Checking special code
[ 173/700 ] WIN    31 turns   naruto, touka, ken  vs  nonon, inuyasha, denji
Applying bleed effect! Checking special code
Applying bleed effect! Checking special code
Applying bleed effect! Checking special code
Applying bleed effect! Checking special code
[ 174/700 ] WIN    25 turns   naruto, semiramis, madoka  vs  rakko, yuno, allmight
[ 175/700 ] WIN    20 turns   naruto, jack, lucy  vs  jupiter, gon, xanxus
[ 176/700 ] WIN    16 turns   naruto, seventeen, gatomon  vs  levi, frieren, yubel
[ 177/700 ] LOSS   22 turns   naruto, gallantmon, kuroko  vs  rob, yugi, goku
Applying bleed effect! Checking special code
Applying bleed effect! Checking special code
[ 178/700 ] LOSS   29 turns   naruto, ryohei, kurotsuchi  vs  crona, inosuke, zenitsu
[ 179/700 ] WIN    19 turns   naruto, todoroki, gray  vs  cooler, erza, chrome
[ 180/700 ] LOSS   24 turns   naruto, muichiro, hibari  vs  adam, uraraka, yubel
[ 181/700 ] LOSS   23 turns   naruto, yubel, shiro  vs  gasai, veldora, squalo
[ 182/700 ] LOSS   17 turns   naruto, gilgamesh, jeanne  vs  cell, madoka, mars
[ 183/700 ] WIN    21 turns   naruto, diane, broly  vs  blackwargreymon, ban, sayaka
Applying bleed effect! Checking special code
Applying bleed effect! Checking special code
Applying bleed effect! Checking special code
Applying bleed effect! Checking special code
Applying bleed effect! Checking special code
[ 184/700 ] LOSS   23 turns   naruto, rakko, tsuyu  vs  megumin, gray, tsubasa
[ 185/700 ] WIN    33 turns   naruto, blackstar, uranus  vs  venus, touka, gojo
Applying bleed effect! Checking special code
Applying bleed effect! Checking special code
Applying bleed effect! Checking special code
Applying bleed effect! Checking special code
Applying bleed effect! Checking special code
Applying bleed effect! Checking special code
Applying bleed effect! Checking special code
[ 186/700 ] WIN    44 turns   naruto, emiyaarcher, shokuhou  vs  rengoku, natsu, death
Applying bleed effect! Checking special code
Applying bleed effect! Checking special code
Applying bleed effect! Checking special code
[ 187/700 ] LOSS   18 turns   naruto, nobara, cooler  vs  mami, nonon, denji
[ 188/700 ] LOSS   27 turns   naruto, nimaiya, ban  vs  luffy, muichiro, venus
[ 189/700 ] WIN    23 turns   naruto, diane, myotismon  vs  aiohto, akame, jeanne
Yubel's S1 Triggered!
[ 190/700 ] WIN    19 turns   naruto, yubel, gasai  vs  megumin, astolfo, yamamoto
[ 191/700 ] WIN    21 turns   naruto, toji, saturn  vs  veldora, emiya, goku
[ 192/700 ] LOSS   23 turns   naruto, inuyasha, kid  vs  goku, gallantmon, shinra
[ 193/700 ] WIN    41 turns   naruto, kitara, tsunayoshi  vs  orihime, myotismon, korra
[ 194/700 ] WIN    17 turns   naruto, edward, shinra  vs  cooler, megumi, nagisa
[ 195/700 ] LOSS   19 turns   naruto, omnimon, diane  vs  uranus, ladydevimon, hashirama
[ 196/700 ] WIN    32 turns   naruto, jesse, yuno  vs  orihime, adam, lucy
Applying bleed effect! Checking special code
[ 197/700 ] WIN    26 turns   naruto, power, omnimon  vs  noelle, uzui, inuyasha
Applying bleed effect! Checking special code
[ 198/700 ] WIN    23 turns   naruto, yamamoto, ryohei  vs  tatsumi, kuroko, rengoku
[ 199/700 ] LOSS   15 turns   naruto, misaka, mami  vs  luffy, toga, todoroki
[ 200/700 ] WIN    67 turns   naruto, tsuyu, jupiter  vs  inuyasha, jeanne, chrome
Applying bleed effect! Checking special code
[ 201/700 ] WIN    34 turns   naruto, tanjiro, kid  vs  diane, pegasus, venus
[ 202/700 ] LOSS   27 turns   naruto, satsuki, levi  vs  chrome, nagisa, sasuke
Applying bleed effect! Checking special code
[ 203/700 ] LOSS   23 turns   naruto, inosuke, crona  vs  toji, venus, midoriya
[ 204/700 ] WIN    24 turns   naruto, zenitsu, goku  vs  astolfo, jeanne, omnimon
Applying bleed effect! Checking special code
Applying bleed effect! Checking special code
[ 205/700 ] LOSS   19 turns   naruto, nel, king  vs  hisoka, rakko, gasai
[ 206/700 ] LOSS   34 turns   naruto, kitara, impmon  vs  neferpitou, tanjiro, semiramis
[ 207/700 ] WIN    23 turns   naruto, edward, neferpitou  vs  usopp, impmon, gojo
[ 208/700 ] LOSS   18 turns   naruto, adam, mine  vs  ichigo, sayaka, natsu
[ 209/700 ] WIN    28 turns   naruto, maka, mash  vs  tsubasa, yugi, orihime
[ 210/700 ] LOSS   28 turns   naruto, muichiro, hisoka  vs  rengoku, yuno, natsu
[ 211/700 ] LOSS   13 turns   naruto, tatsumi, machinedramon  vs  zoro, tamaki, esdeath
[ 212/700 ] LOSS   39 turns   naruto, minene, venus  vs  gasai, uraraka, lucy
[ 213/700 ] LOSS   27 turns   naruto, esdeath, nobara  vs  cell, ryohei, gray
[ 214/700 ] WIN    16 turns   naruto, asta, kuroko  vs  adam, akame, noelle
[ 215/700 ] LOSS   28 turns   naruto, gohan, uranus  vs  usopp, inuyasha, eren
[ 216/700 ] LOSS   19 turns   naruto, jinwoo, boruto  vs  eren, kuroko, tokoyami
[ 217/700 ] LOSS   14 turns   naruto, tsuyu, uzui  vs  asta, xanxus, seventeen
[ 218/700 ] WIN    26 turns   naruto, tokoyami, broly  vs  tamaki, yoh, megumi
Applying bleed effect! Checking special code
Applying bleed effect! Checking special code
Applying bleed effect! Checking special code
Applying bleed effect! Checking special code
Applying bleed effect! Checking special code
Applying bleed effect! Checking special code
[ 219/700 ] WIN    23 turns   naruto, ken, power  vs  tsubaki, zenitsu, shinra
[ 220/700 ] LOSS   14 turns   naruto, adam, hibari  vs  luffy, uraraka, sukuna
Applying bleed effect! Checking special code
Applying bleed effect! Checking special code
Applying bleed effect! Checking special code
[ 221/700 ] LOSS   13 turns   naruto, king, denji  vs  mash, lucy, saber
[ 222/700 ] WIN    26 turns   naruto, uzui, toga  vs  shiro, emiya, aang
[ 223/700 ] LOSS   20 turns   naruto, cell, frankenstein  vs  killua, gon, machinedramon
[ 224/700 ] WIN    12 turns   naruto, luffy, sayaka  vs  omnimon, kuroko, aiohto
[ 225/700 ] WIN    22 turns   naruto, soul, kaiba  vs  hinata, tsunayoshi, allmight
[ 226/700 ] WIN    15 turns   naruto, diane, jesse  vs  death, hibari, pegasus
[ 227/700 ] LOSS   25 turns   naruto, misaka, esdeath  vs  vegeta, maka, mami
[ 228/700 ] LOSS   20 turns   naruto, rakko, goku  vs  renamon, maka, boruto
[ 229/700 ] LOSS   19 turns   naruto, erza, ichibe  vs  mars, kitara, megumi
[ 230/700 ] LOSS   20 turns   naruto, semiramis, horohoro  vs  toudou, satsuki, vegeta
[ 231/700 ] WIN    37 turns   naruto, cooler, gatomon  vs  saitama, usopp, uranus
[ 232/700 ] WIN    22 turns   naruto, jack, crona  vs  alphonse, zoro, gallantmon
[ 233/700 ] WIN    42 turns   naruto, toudou, arthur  vs  todoroki, ichibe, hinata
[ 234/700 ] WIN    15 turns   naruto, lyserg, esdeath  vs  adam, satsuki, eren
[ 235/700 ] WIN    27 turns   naruto, megumin, lizandpatty  vs  tatsumi, jupiter, arthur
[ 236/700 ] WIN    27 turns   naruto, tsuyu, omnimon  vs  blackstar, shiro, horohoro
[ 237/700 ] LOSS   12 turns   naruto, rob, sukuna  vs  sheele, satsuki, genos
Applying bleed effect! Checking special code
Applying bleed effect! Checking special code
Applying bleed effect! Checking special code
Applying bleed effect! Checking special code
Applying bleed effect! Checking special code
[ 238/700 ] LOSS   36 turns   naruto, omnimon, emiya  vs  levi, itachi, rakko
Applying bleed effect! Checking special code
Applying bleed effect! Checking special code
Applying bleed effect! Checking special code
[ 239/700 ] WIN    23 turns   naruto, power, xanxus  vs  yuji, venus, jesse
[ 240/700 ] WIN    20 turns   naruto, halibel, kid  vs  mars, yamamoto, goku
[ 241/700 ] LOSS   16 turns   naruto, gon, broly  vs  gallantmon, erza, meliodas
[ 242/700 ] LOSS   20 turns   naruto, muichiro, misaka  vs  alphonse, asta, kaiba
[ 243/700 ] WIN    19 turns   naruto, eren, levi  vs  midoriya, soul, toph
[ 244/700 ] WIN    24 turns   naruto, frieren, nimaiya  vs  rimuru, meliodas, akame
[ 245/700 ] WIN    55 turns   naruto, nagisa, ryohei  vs  toga, renamon, megumin
[ 246/700 ] WIN    19 turns   naruto, lizandpatty, noelle  vs  yamamoto, byakuya, toga
[ 247/700 ] WIN    19 turns   naruto, gallantmon, mine  vs  orihime, usopp, rimuru
[ 248/700 ] WIN    18 turns   naruto, nagisa, alphamon  vs  jesse, arthur, ace
[ 249/700 ] WIN    16 turns   naruto, megumin, lucy  vs  pegasus, alphonse, eren
[ 250/700 ] WIN    16 turns   naruto, cooler, sukuna  vs  arthur, sayaka, broly
[ 251/700 ] WIN    29 turns   naruto, uzui, uranus  vs  madoka, yoh, boruto
Applying bleed effect! Checking special code
Applying bleed effect! Checking special code
Applying bleed effect! Checking special code
Applying bleed effect! Checking special code
Applying bleed effect! Checking special code
Applying bleed effect! Checking special code
Applying bleed effect! Checking special code
[ 252/700 ] LOSS   20 turns   naruto, megumi, saitama  vs  kitara, alphonse, king
[ 253/700 ] WIN    25 turns   naruto, kuroko, emiyaarcher  vs  hibari, diane, mercury
[ 254/700 ] WIN    17 turns   naruto, vegeta, arthur  vs  todoroki, sakura, koro
[ 255/700 ] LOSS   23 turns   naruto, kuroko, lyserg  vs  mercury, venus, tatsumi
[ 256/700 ] LOSS   24 turns   naruto, gilgamesh, shokuhou  vs  horohoro, mash, emiya
[ 257/700 ] LOSS   20 turns   naruto, jeanne, nimaiya  vs  veldora, uraraka, blackwargreymon
[ 258/700 ] WIN    17 turns   naruto, hashirama, renamon  vs  megumi, rob, rimuru
[ 259/700 ] LOSS   37 turns   naruto, tanjiro, crona  vs  impmon, adam, frankenstein
[ 260/700 ] WIN    40 turns   naruto, pegasus, levi  vs  blackstar, lyserg, tsubaki
Applying bleed effect! Checking special code
Applying bleed effect! Checking special code
Applying bleed effect! Checking special code
Applying bleed effect! Checking special code
[ 261/700 ] WIN    21 turns   naruto, squalo, megumi  vs  gojo, ken, gohan
[ 262/700 ] WIN    27 turns   naruto, hawkmon, koro  vs  edward, maka, toudou
Applying bleed effect! Checking special code
Applying bleed effect! Checking special code
[ 263/700 ] WIN    20 turns   naruto, rengoku, gasai  vs  toga, vegeta, rimuru
[ 264/700 ] WIN    22 turns   naruto, nezuko, kurotsuchi  vs  muichiro, veldora, rob
Applying bleed effect! Checking special code
Applying bleed effect! Checking special code
Applying bleed effect! Checking special code
Applying bleed effect! Checking special code
Applying bleed effect! Checking special code
Applying bleed effect! Checking special code
Applying bleed effect! Checking special code
Applying bleed effect! Checking special code
Applying bleed effect! Checking special code
Applying bleed effect! Checking special code
Applying bleed effect! Checking special code
[ 265/700 ] WIN    23 turns   naruto, rengoku, king  vs  kid, zenitsu, nagisa
[ 266/700 ] WIN    32 turns   naruto, tsubasa, sakura  vs  squalo, toudou, toph
[ 267/700 ] WIN    22 turns   naruto, ganta, maka  vs  tatsumi, ace, blackstar
[ 268/700 ] WIN    23 turns   naruto, renamon, misaka  vs  gunha, akame, mavis
[ 269/700 ] LOSS   16 turns   naruto, hisoka, rakko  vs  renamon, hibari, zenitsu
[ 270/700 ] WIN    13 turns   naruto, gasai, mine  vs  noelle, ganta, gunha
Applying bleed effect! Checking special code
Applying bleed effect! Checking special code
Applying bleed effect! Checking special code
Applying bleed effect! Checking special code
Applying bleed effect! Checking special code
[ 271/700 ] WIN    23 turns   naruto, luffy, allmight  vs  uraraka, koro, ken
[ 272/700 ] WIN    13 turns   naruto, aang, saber  vs  yubel, gogeta, tokoyami
[ 273/700 ] WIN    19 turns   naruto, shiro, ichigo  vs  veldora, xanxus, kid
[ 274/700 ] WIN    16 turns   naruto, levi, mine  vs  zoro, itachi, gilgamesh
[ 275/700 ] WIN    18 turns   naruto, ban, seventeen  vs  ryohei, nimaiya, tsubasa
[ 276/700 ] WIN    18 turns   naruto, gon, levi  vs  meliodas, jupiter, sakura
[ 277/700 ] WIN    18 turns   naruto, saturn, sukuna  vs  kurapika, jinwoo, mercury
[ 278/700 ] LOSS   30 turns   naruto, edward, adam  vs  nel, toudou, inosuke
Applying bleed effect! Checking special code
Applying bleed effect! Checking special code
Applying bleed effect! Checking special code
Applying bleed effect! Checking special code
Applying bleed effect! Checking special code
[ 279/700 ] LOSS   22 turns   naruto, ace, tamaki  vs  gohan, cell, ken
[ 280/700 ] WIN    23 turns   naruto, jupiter, death  vs  blackstar, misaka, emiyaarcher
[ 281/700 ] LOSS   22 turns   naruto, ryuko, rimuru  vs  yamamoto, madoka, pegasus
[ 282/700 ] WIN    33 turns   naruto, hashirama, goku  vs  uzui, genos, gohan
[ 283/700 ] WIN    20 turns   naruto, eren, usopp  vs  zoro, inuyasha, todoroki
[ 284/700 ] WIN    16 turns   naruto, megumi, astolfo  vs  impmon, kurotsuchi, inuyasha
[ 285/700 ] WIN    20 turns   naruto, chrome, machinedramon  vs  omnimon, koro, ace
[ 286/700 ] LOSS   20 turns   naruto, esdeath, allmight  vs  mikasa, hashirama, lyserg
Applying bleed effect! Checking special code
[ 287/700 ] LOSS   33 turns   naruto, machinedramon, rakko  vs  orihime, goku, touka
[ 288/700 ] WIN    26 turns   naruto, alphonse, nonon  vs  gilgamesh, gatomon, lucy
Yubel's S1 Triggered!
[ 289/700 ] WIN    24 turns   naruto, blackstar, lucy  vs  koro, lyserg, yubel
[ 290/700 ] WIN    24 turns   naruto, mars, sheele  vs  pegasus, kuroko, mine
Applying bleed effect! Checking special code
Applying bleed effect! Checking special code
Applying bleed effect! Checking special code
[ 291/700 ] WIN    37 turns   naruto, nonon, ganta  vs  gohan, genos, rengoku
[ 292/700 ] LOSS   13 turns   naruto, ryohei, byakuya  vs  ban, gasai, kuroko
[ 293/700 ] WIN    57 turns   naruto, ganta, esdeath  vs  shiro, minene, luffy
Applying bleed effect! Checking special code
[ 294/700 ] WIN    21 turns   naruto, tamaki, tsubasa  vs  korra, inosuke, saber
[ 295/700 ] LOSS   16 turns   naruto, tatsumi, toga  vs  xanxus, luffy, yuji
[ 296/700 ] WIN    23 turns   naruto, mars, gatomon  vs  tamaki, sukuna, vegeta
[ 297/700 ] WIN    24 turns   naruto, uzui, blackstar  vs  shokuhou, nel, ace
[ 298/700 ] LOSS   18 turns   naruto, shiro, edward  vs  jaden, blackstar, toga
[ 299/700 ] WIN    16 turns   naruto, saitama, frankenstein  vs  gogeta, aang, death
[ 300/700 ] LOSS   32 turns   naruto, alphonse, gojo  vs  hawkmon, ace, nezuko
[ 301/700 ] WIN    26 turns   naruto, kid, seventeen  vs  yubel, kurapika, killua
[ 302/700 ] WIN    19 turns   naruto, toji, emiya  vs  koro, hibari, arthur
[ 303/700 ] WIN    23 turns   naruto, squalo, saber  vs  itachi, gunha, frankenstein
Applying bleed effect! Checking special code
[ 304/700 ] WIN    41 turns   naruto, gilgamesh, kurapika  vs  death, diane, eren
[ 305/700 ] LOSS   25 turns   naruto, gilgamesh, boruto  vs  eren, gray, kitara
[ 306/700 ] WIN    20 turns   naruto, squalo, seventeen  vs  levi, yuno, natsu
[ 307/700 ] WIN    16 turns   naruto, blackwargreymon, asta  vs  megumi, toph, uraraka
[ 308/700 ] WIN    17 turns   naruto, mine, ryuko  vs  kurotsuchi, gallantmon, ichibe
[ 309/700 ] WIN    26 turns   naruto, toji, gasai  vs  astolfo, gunha, korra
[ 310/700 ] LOSS   33 turns   naruto, sakura, blackwargreymon  vs  tsuyu, koro, mars
Applying bleed effect! Checking special code
Applying bleed effect! Checking special code
Applying bleed effect! Checking special code
Applying bleed effect! Checking special code
[ 311/700 ] LOSS   30 turns   naruto, korra, marco  vs  seventeen, usopp, rengoku
[ 312/700 ] LOSS   26 turns   naruto, omnimon, pegasus  vs  zenitsu, ban, renamon
[ 313/700 ] WIN    24 turns   naruto, uraraka, gon  vs  maka, machinedramon, gojo
[ 314/700 ] WIN    16 turns   naruto, emiya, soul  vs  kid, mami, gasai
Applying bleed effect! Checking special code
[ 315/700 ] WIN    24 turns   naruto, myotismon, rengoku  vs  squalo, halibel, mami
[ 316/700 ] LOSS   40 turns   naruto, gohan, tanjiro  vs  shokuhou, nel, blackwargreymon
[ 317/700 ] WIN    18 turns   naruto, gasai, jaden  vs  yuji, diane, cell
[ 318/700 ] LOSS   28 turns   naruto, toji, mami  vs  semiramis, nagisa, hinata
Applying bleed effect! Checking special code
Applying bleed effect! Checking special code
Applying bleed effect! Checking special code
Applying bleed effect! Checking special code
Applying bleed effect! Checking special code
Applying bleed effect! Checking special code
Applying bleed effect! Checking special code
[ 319/700 ] LOSS   22 turns   naruto, boruto, horohoro  vs  impmon, rengoku, itachi
[ 320/700 ] WIN    20 turns   naruto, genos, broly  vs  tokoyami, semiramis, tamaki
Applying bleed effect! Checking special code
Applying bleed effect! Checking special code
Applying bleed effect! Checking special code
Applying bleed effect! Checking special code
Applying bleed effect! Checking special code
Applying bleed effect! Checking special code
[ 321/700 ] WIN    18 turns   naruto, rengoku, edward  vs  midoriya, korra, tsuyu
[ 322/700 ] WIN    21 turns   naruto, soul, boruto  vs  jinwoo, kuroko, adam
[ 323/700 ] WIN    28 turns   naruto, blackwargreymon, death  vs  nonon, jesse, muichiro
[ 324/700 ] WIN    29 turns   naruto, touka, uranus  vs  squalo, zoro, mami
[ 325/700 ] WIN    14 turns   naruto, touka, mash  vs  tokoyami, lyserg, ganta
Applying bleed effect! Checking special code
Applying bleed effect! Checking special code
Applying bleed effect! Checking special code
Applying bleed effect! Checking special code
[ 326/700 ] WIN    15 turns   naruto, satsuki, death  vs  ken, hinata, ganta
[ 327/700 ] LOSS   18 turns   naruto, squalo, lucy  vs  cell, ladydevimon, satsuki
Applying bleed effect! Checking special code
Applying bleed effect! Checking special code
Applying bleed effect! Checking special code
Applying bleed effect! Checking special code
Applying bleed effect! Checking special code
[ 328/700 ] LOSS   20 turns   naruto, esdeath, gilgamesh  vs  ichigo, broly, ken
[ 329/700 ] LOSS   26 turns   naruto, tatsumi, yoh  vs  mars, tamaki, sheele
[ 330/700 ] WIN    33 turns   naruto, shinra, mars  vs  blackwargreymon, allmight, gatomon
[ 331/700 ] LOSS   16 turns   naruto, emiya, frieren  vs  crona, ichibe, jupiter
[ 332/700 ] LOSS   23 turns   naruto, gallantmon, sakura  vs  jinwoo, venus, sasuke
[ 333/700 ] LOSS   23 turns   naruto, orihime, jack  vs  neferpitou, usopp, cell
[ 334/700 ] WIN    25 turns   naruto, ganta, hibari  vs  alphonse, gunha, jinwoo
[ 335/700 ] WIN    14 turns   naruto, jaden, genos  vs  blackwargreymon, bakugo, machinedramon
Yubel's S1 Triggered!
[ 336/700 ] WIN    23 turns   naruto, rob, killua  vs  emiya, ban, yubel
[ 337/700 ] WIN    60 turns   naruto, aiohto, frieren  vs  lizandpatty, veldora, orihime
[ 338/700 ] LOSS   35 turns   naruto, inuyasha, esdeath  vs  mine, zenitsu, neferpitou
[ 339/700 ] LOSS   23 turns   naruto, zenitsu, lizandpatty  vs  sheele, tamaki, blackstar
[ 340/700 ] WIN    41 turns   naruto, nel, yoh  vs  gon, gray, natsu
[ 341/700 ] WIN    26 turns   naruto, ryohei, midoriya  vs  kitara, touka, frankenstein
[ 342/700 ] LOSS   28 turns   naruto, tokoyami, byakuya  vs  rimuru, aiohto, sayaka
[ 343/700 ] LOSS   20 turns   naruto, tamaki, tanjiro  vs  killua, madoka, rimuru
[ 344/700 ] WIN    18 turns   naruto, pegasus, esdeath  vs  aiohto, lyserg, tamaki
Yubel's S1 Triggered!
[ 345/700 ] WIN    33 turns   naruto, gojo, eren  vs  yubel, pegasus, gunha
[ 346/700 ] WIN    15 turns   naruto, saturn, ban  vs  mami, asta, ryohei
[ 347/700 ] WIN    21 turns   naruto, jesse, pegasus  vs  tatsumi, toph, mars
[ 348/700 ] WIN    25 turns   naruto, saber, natsu  vs  akame, gojo, arthur
Applying bleed effect! Checking special code
Applying bleed effect! Checking special code
Applying bleed effect! Checking special code
Applying bleed effect! Checking special code
[ 349/700 ] LOSS   19 turns   naruto, mine, tsubasa  vs  ichigo, rakko, emiyaarcher
[ 350/700 ] WIN    23 turns   naruto, jinwoo, yoh  vs  jesse, hibari, asta
[ 351/700 ] LOSS   17 turns   naruto, tsubaki, toji  vs  myotismon, ganta, machinedramon
Applying bleed effect! Checking special code
[ 352/700 ] LOSS   38 turns   naruto, marco, koro  vs  frankenstein, power, satsuki
[ 353/700 ] LOSS   32 turns   naruto, midoriya, levi  vs  toji, gatomon, chrome
[ 354/700 ] LOSS   16 turns   naruto, maka, kitara  vs  emiyaarcher, madoka, yuno
[ 355/700 ] WIN    33 turns   naruto, jupiter, orihime  vs  natsu, venus, tatsumi
[ 356/700 ] LOSS   17 turns   naruto, jeanne, emiyaarcher  vs  kuroko, maka, nonon
Applying bleed effect! Checking special code
Applying bleed effect! Checking special code
Applying bleed effect! Checking special code
[ 357/700 ] WIN    16 turns   naruto, emiya, neferpitou  vs  gallantmon, power, horohoro
[ 358/700 ] WIN    22 turns   naruto, emiyaarcher, inuyasha  vs  arthur, semiramis, nobara
[ 359/700 ] WIN    36 turns   naruto, broly, minene  vs  veldora, hawkmon, megumi
[ 360/700 ] LOSS   21 turns   naruto, touka, cell  vs  broly, lizandpatty, toudou
[ 361/700 ] WIN    18 turns   naruto, gatomon, yamamoto  vs  aang, toph, shinoa
[ 362/700 ] WIN    23 turns   naruto, arthur, venus  vs  sheele, genos, yugi
[ 363/700 ] LOSS   26 turns   naruto, saitama, nagisa  vs  tsunayoshi, frankenstein, nel
[ 364/700 ] WIN    45 turns   naruto, gatomon, orihime  vs  erza, inuyasha, marco
[ 365/700 ] WIN    18 turns   naruto, gon, inuyasha  vs  luffy, ryuko, kuroko
[ 366/700 ] WIN    30 turns   naruto, soul, kid  vs  jesse, ladydevimon, hisoka
[ 367/700 ] LOSS   15 turns   naruto, machinedramon, jupiter  vs  aiohto, ichibe, mikasa
[ 368/700 ] WIN    46 turns   naruto, jinwoo, toudou  vs  mash, uranus, luffy
[ 369/700 ] WIN    18 turns   naruto, eren, hibari  vs  gunha, yubel, blackwargreymon
[ 370/700 ] LOSS   15 turns   naruto, uzui, midoriya  vs  halibel, bakugo, zoro
[ 371/700 ] LOSS   19 turns   naruto, ace, toph  vs  neferpitou, chrome, rimuru
[ 372/700 ] WIN    24 turns   naruto, yuji, nagisa  vs  meliodas, allmight, asta
[ 373/700 ] WIN    21 turns   naruto, koro, gasai  vs  toji, xanxus, usopp
Applying bleed effect! Checking special code
Applying bleed effect! Checking special code
Applying bleed effect! Checking special code
Applying bleed effect! Checking special code
Applying bleed effect! Checking special code
[ 374/700 ] WIN    14 turns   naruto, adam, alphamon  vs  hawkmon, rakko, erza
[ 375/700 ] WIN    27 turns   naruto, ichigo, tokoyami  vs  natsu, zenitsu, gilgamesh
[ 376/700 ] WIN    18 turns   naruto, ichibe, gasai  vs  midoriya, tsubaki, megumi
[ 377/700 ] WIN    20 turns   naruto, maka, noelle  vs  machinedramon, gogeta, ryuko
[ 378/700 ] WIN    13 turns   naruto, jack, gray  vs  ganta, jesse, gon
[ 379/700 ] WIN    51 turns   naruto, madoka, gunha  vs  saitama, omnimon, squalo
[ 380/700 ] WIN    27 turns   naruto, nimaiya, yuno  vs  shokuhou, ganta, uraraka
[ 381/700 ] WIN    16 turns   naruto, seventeen, mavis  vs  tatsumaki, uzui, rob
[ 382/700 ] WIN    29 turns   naruto, xanxus, lyserg  vs  allmight, gojo, yuji
[ 383/700 ] WIN    18 turns   naruto, goku, orihime  vs  korra, mami, nel
Applying bleed effect! Checking special code
Applying bleed effect! Checking special code
[ 384/700 ] WIN    33 turns   naruto, jupiter, denji  vs  tatsumi, gogeta, koro
[ 385/700 ] WIN    16 turns   naruto, nimaiya, luffy  vs  yuno, jaden, tsuyu
[ 386/700 ] WIN    18 turns   naruto, gojo, horohoro  vs  sukuna, aang, tsunayoshi
[ 387/700 ] WIN    22 turns   naruto, uraraka, boruto  vs  gatomon, rob, gojo
Applying bleed effect! Checking special code
[ 388/700 ] WIN    25 turns   naruto, kitara, gojo  vs  hawkmon, toph, king
[ 389/700 ] WIN    25 turns   naruto, ban, satsuki  vs  tsunayoshi, bakugo, minene
[ 390/700 ] WIN    17 turns   naruto, seventeen, jaden  vs  cooler, nel, alphonse
Applying bleed effect! Checking special code
Applying bleed effect! Checking special code
[ 391/700 ] WIN    39 turns   naruto, megumi, akame  vs  gilgamesh, gallantmon, inosuke
[ 392/700 ] LOSS  102 turns   naruto, korra, gon  vs  mercury, eren, gogeta
[ 393/700 ] LOSS   14 turns   naruto, sayaka, kurapika  vs  venus, noelle, genos
[ 394/700 ] WIN    14 turns   naruto, mine, renamon  vs  bakugo, byakuya, gojo
[ 395/700 ] LOSS   25 turns   naruto, emiyaarcher, chrome  vs  yugi, broly, yuno
[ 396/700 ] WIN    28 turns   naruto, diane, mavis  vs  death, sheele, todoroki
[ 397/700 ] LOSS   26 turns   naruto, toga, lyserg  vs  ryuko, kurapika, vegeta
[ 398/700 ] WIN    29 turns   naruto, diane, gilgamesh  vs  emiya, yuji, broly
Applying bleed effect! Checking special code
[ 399/700 ] LOSS   16 turns   naruto, byakuya, allmight  vs  jupiter, inosuke, luffy
Yubel's S1 Triggered!
Yubel's S1 Triggered!
[ 400/700 ] WIN    18 turns   naruto, uraraka, byakuya  vs  yubel, toudou, mami
[ 401/700 ] LOSS   17 turns   naruto, sheele, chrome  vs  sukuna, ladydevimon, veldora
[ 402/700 ] LOSS   23 turns   naruto, gallantmon, pegasus  vs  sukuna, uraraka, ken
Yubel's S1 Triggered!
[ 403/700 ] LOSS   21 turns   naruto, genos, erza  vs  ichigo, yubel, esdeath
[ 404/700 ] LOSS   28 turns   naruto, muichiro, squalo  vs  allmight, death, saitama
[ 405/700 ] LOSS   17 turns   naruto, venus, yamamoto  vs  kuroko, machinedramon, genos
[ 406/700 ] WIN    40 turns   naruto, gon, yuno  vs  boruto, ladydevimon, ace
Yubel's S1 Triggered!
[ 407/700 ] LOSS   17 turns   naruto, yubel, noelle  vs  death, frankenstein, edward
Yubel's S1 Triggered!
Yubel's S1 Triggered!
[ 408/700 ] LOSS   15 turns   naruto, zoro, yubel  vs  king, luffy, yuno
[ 409/700 ] LOSS   17 turns   naruto, hawkmon, ganta  vs  saitama, jupiter, marco
Applying bleed effect! Checking special code
Applying bleed effect! Checking special code
Applying bleed effect! Checking special code
Applying bleed effect! Checking special code
Applying bleed effect! Checking special code
Applying bleed effect! Checking special code
Applying bleed effect! Checking special code
Applying bleed effect! Checking special code
[ 410/700 ] WIN    23 turns   naruto, ken, saber  vs  marco, koro, meliodas
[ 411/700 ] WIN    33 turns   naruto, maka, tsubaki  vs  sasuke, ryuko, toudou
[ 412/700 ] LOSS   27 turns   naruto, ryohei, orihime  vs  alphamon, gohan, genos
Applying bleed effect! Checking special code
Applying bleed effect! Checking special code
Applying bleed effect! Checking special code
[ 413/700 ] WIN    27 turns   naruto, uraraka, levi  vs  mercury, ryohei, rengoku
[ 414/700 ] WIN    22 turns   naruto, itachi, meliodas  vs  ban, renamon, killua
Applying bleed effect! Checking special code
Applying bleed effect! Checking special code
Applying bleed effect! Checking special code
Applying bleed effect! Checking special code
[ 415/700 ] LOSS   26 turns   naruto, luffy, midoriya  vs  tsunayoshi, denji, mikasa
[ 416/700 ] WIN    20 turns   naruto, yuno, soul  vs  touka, yuji, gunha
[ 417/700 ] WIN    22 turns   naruto, kid, esdeath  vs  uraraka, misaka, tsubaki
[ 418/700 ] WIN    11 turns   naruto, ace, mash  vs  asta, horohoro, adam
[ 419/700 ] LOSS   37 turns   naruto, ace, sheele  vs  megumin, marco, shokuhou
[ 420/700 ] WIN    18 turns   naruto, gogeta, genos  vs  cooler, midoriya, ace
[ 421/700 ] WIN    14 turns   naruto, uranus, lucy  vs  semiramis, tsunayoshi, alphonse
[ 422/700 ] LOSS   19 turns   naruto, boruto, sakura  vs  allmight, hibari, mavis
Applying bleed effect! Checking special code
[ 423/700 ] WIN    22 turns   naruto, aiohto, frieren  vs  nobara, maka, power
[ 424/700 ] WIN    24 turns   naruto, kurapika, tatsumaki  vs  soul, nobara, usopp
[ 425/700 ] LOSS   16 turns   naruto, touka, nobara  vs  muichiro, asta, impmon
[ 426/700 ] LOSS   11 turns   naruto, shokuhou, kid  vs  saber, seventeen, mine
[ 427/700 ] WIN    23 turns   naruto, arthur, nagisa  vs  nel, mami, blackwargreymon
[ 428/700 ] WIN    20 turns   naruto, allmight, alphamon  vs  kuroko, jesse, gohan
[ 429/700 ] WIN    33 turns   naruto, mars, saber  vs  blackstar, touka, sakura
[ 430/700 ] LOSS   16 turns   naruto, sakura, frieren  vs  crona, astolfo, hisoka
Applying bleed effect! Checking special code
Applying bleed effect! Checking special code
Applying bleed effect! Checking special code
[ 431/700 ] WIN    20 turns   naruto, astolfo, natsu  vs  denji, midoriya, emiya
[ 432/700 ] LOSS   32 turns   naruto, inuyasha, usopp  vs  cooler, boruto, jesse
[ 433/700 ] LOSS   33 turns   naruto, arthur, tokoyami  vs  natsu, neferpitou, satsuki
[ 434/700 ] WIN    26 turns   naruto, kitara, goku  vs  semiramis, halibel, gray
[ 435/700 ] WIN    29 turns   naruto, ryohei, todoroki  vs  saber, zenitsu, renamon
[ 436/700 ] LOSS   31 turns   naruto, jinwoo, goku  vs  toudou, sayaka, genos
[ 437/700 ] WIN    18 turns   naruto, gojo, kaiba  vs  erza, veldora, yuji
[ 438/700 ] LOSS   28 turns   naruto, halibel, megumi  vs  jupiter, tatsumi, machinedramon
[ 439/700 ] DRAW  500 turns   naruto, alphonse, saber  vs  muichiro, jaden, frankenstein
[ 440/700 ] WIN    34 turns   naruto, megumi, madoka  vs  arthur, nezuko, shinra
[ 441/700 ] WIN    32 turns   naruto, eren, arthur  vs  todoroki, renamon, ace
Applying bleed effect! Checking special code
Applying bleed effect! Checking special code
Applying bleed effect! Checking special code
Applying bleed effect! Checking special code
Applying bleed effect! Checking special code
Applying bleed effect! Checking special code
Applying bleed effect! Checking special code
[ 442/700 ] LOSS   15 turns   naruto, soul, killua  vs  ken, nonon, shokuhou
[ 443/700 ] WIN    26 turns   naruto, uranus, machinedramon  vs  toudou, midoriya, yuji
[ 444/700 ] LOSS   31 turns   naruto, vegeta, aiohto  vs  korra, gojo, satsuki
[ 445/700 ] WIN    22 turns   naruto, horohoro, jinwoo  vs  jesse, shokuhou, cooler
[ 446/700 ] WIN    24 turns   naruto, misaka, rob  vs  aiohto, impmon, astolfo
Applying bleed effect! Checking special code
[ 447/700 ] WIN    24 turns   naruto, halibel, rakko  vs  korra, maka, gatomon
[ 448/700 ] WIN    33 turns   naruto, rimuru, eren  vs  allmight, crona, gunha
[ 449/700 ] LOSS   43 turns   naruto, ichigo, sheele  vs  usopp, gojo, jupiter
Applying bleed effect! Checking special code
Applying bleed effect! Checking special code
Applying bleed effect! Checking special code
Applying bleed effect! Checking special code
Applying bleed effect! Checking special code
Applying bleed effect! Checking special code
Applying bleed effect! Checking special code
Applying bleed effect! Checking special code
[ 450/700 ] LOSS   20 turns   naruto, diane, sheele  vs  venus, nobara, rakko
[ 451/700 ] WIN    18 turns   naruto, bakugo, renamon  vs  omnimon, yuno, nel
[ 452/700 ] WIN    23 turns   naruto, broly, usopp  vs  veldora, mars, saitama
[ 453/700 ] LOSS   18 turns   naruto, meliodas, mine  vs  maka, blackwargreymon, zoro
Applying bleed effect! Checking special code
[ 454/700 ] LOSS   21 turns   naruto, tatsumi, power  vs  gallantmon, cooler, hisoka
[ 455/700 ] WIN    26 turns   naruto, death, tsubaki  vs  toga, mine, tsuyu
[ 456/700 ] WIN    18 turns   naruto, nagisa, todoroki  vs  kurotsuchi, machinedramon, nonon
[ 457/700 ] LOSS   27 turns   naruto, nobara, rob  vs  impmon, mine, arthur
[ 458/700 ] WIN    23 turns   naruto, machinedramon, saitama  vs  venus, uranus, ladydevimon
[ 459/700 ] WIN    16 turns   naruto, hawkmon, yugi  vs  sheele, omnimon, impmon
[ 460/700 ] WIN    20 turns   naruto, alphamon, ryuko  vs  yuno, mami, mine
[ 461/700 ] LOSS   48 turns   naruto, touka, jinwoo  vs  korra, tamaki, ace
[ 462/700 ] WIN    20 turns   naruto, toji, cooler  vs  byakuya, minene, hisoka
[ 463/700 ] LOSS   41 turns   naruto, jesse, jeanne  vs  chrome, yugi, gohan
[ 464/700 ] WIN    23 turns   naruto, kuroko, arthur  vs  hisoka, machinedramon, usopp
[ 465/700 ] LOSS   16 turns   naruto, cell, levi  vs  frankenstein, zenitsu, gon
[ 466/700 ] WIN    17 turns   naruto, mash, nimaiya  vs  toga, saber, ryuko
Applying bleed effect! Checking special code
Applying bleed effect! Checking special code
[ 467/700 ] WIN    16 turns   naruto, rengoku, tokoyami  vs  ban, killua, hinata
[ 468/700 ] WIN    42 turns   naruto, zoro, inuyasha  vs  saber, hibari, emiya
[ 469/700 ] LOSS   28 turns   naruto, orihime, midoriya  vs  saber, nezuko, marco
Applying bleed effect! Checking special code
Applying bleed effect! Checking special code
Applying bleed effect! Checking special code
Applying bleed effect! Checking special code
Applying bleed effect! Checking special code
Applying bleed effect! Checking special code
Applying bleed effect! Checking special code
[ 470/700 ] LOSS   20 turns   naruto, gallantmon, broly  vs  tatsumaki, killua, ken
[ 471/700 ] LOSS   26 turns   naruto, omnimon, yuno  vs  saitama, byakuya, satsuki
[ 472/700 ] LOSS   17 turns   naruto, ace, inuyasha  vs  machinedramon, zenitsu, ladydevimon
[ 473/700 ] WIN    11 turns   naruto, asta, sayaka  vs  muichiro, machinedramon, gohan
[ 474/700 ] LOSS   19 turns   naruto, natsu, sakura  vs  toudou, ichibe, vegeta
Applying bleed effect! Checking special code
Applying bleed effect! Checking special code
Applying bleed effect! Checking special code
Applying bleed effect! Checking special code
Applying bleed effect! Checking special code
Applying bleed effect! Checking special code
Applying bleed effect! Checking special code
Applying bleed effect! Checking special code
Applying bleed effect! Checking special code
Applying bleed effect! Checking special code
[ 475/700 ] LOSS   20 turns   naruto, tsuyu, kurapika  vs  jinwoo, rengoku, ken
[ 476/700 ] LOSS   18 turns   naruto, megumin, mars  vs  mercury, squalo, adam
[ 477/700 ] LOSS   18 turns   naruto, megumin, emiyaarcher  vs  mikasa, soul, impmon
Applying bleed effect! Checking special code
Applying bleed effect! Checking special code
Applying bleed effect! Checking special code
Applying bleed effect! Checking special code
Applying bleed effect! Checking special code
Applying bleed effect! Checking special code
Applying bleed effect! Checking special code
[ 478/700 ] WIN    32 turns   naruto, hinata, lyserg  vs  soul, noelle, king
[ 479/700 ] WIN    13 turns   naruto, esdeath, alphamon  vs  nonon, mami, death
[ 480/700 ] LOSS   24 turns   naruto, koro, frankenstein  vs  jaden, noelle, arthur
[ 481/700 ] WIN    30 turns   naruto, nezuko, squalo  vs  shiro, eren, inuyasha
Applying bleed effect! Checking special code
Applying bleed effect! Checking special code
[ 482/700 ] LOSS   30 turns   naruto, broly, shokuhou  vs  itachi, denji, kitara
[ 483/700 ] WIN    30 turns   naruto, toph, tatsumi  vs  uzui, megumin, jeanne
[ 484/700 ] WIN    56 turns   naruto, kuroko, blackstar  vs  pegasus, bakugo, hinata
Yubel's S1 Triggered!
[ 485/700 ] WIN    22 turns   naruto, frankenstein, jesse  vs  emiyaarcher, yubel, chrome
[ 486/700 ] WIN    34 turns   naruto, megumi, tatsumaki  vs  toudou, kitara, mavis
[ 487/700 ] LOSS   26 turns   naruto, vegeta, kid  vs  myotismon, mash, tsuyu
[ 488/700 ] WIN    19 turns   naruto, ace, frieren  vs  squalo, tsunayoshi, orihime
[ 489/700 ] LOSS   24 turns   naruto, muichiro, yamamoto  vs  korra, toji, frankenstein
[ 490/700 ] WIN    24 turns   naruto, natsu, rimuru  vs  orihime, pegasus, genos
Applying bleed effect! Checking special code
Applying bleed effect! Checking special code
Applying bleed effect! Checking special code
Applying bleed effect! Checking special code
Applying bleed effect! Checking special code
Applying bleed effect! Checking special code
[ 491/700 ] WIN    28 turns   naruto, inuyasha, levi  vs  tatsumi, sheele, ken
[ 492/700 ] WIN    27 turns   naruto, tsuyu, nel  vs  xanxus, halibel, gunha
[ 493/700 ] WIN    28 turns   naruto, blackwargreymon, impmon  vs  gogeta, lucy, allmight
[ 494/700 ] LOSS   22 turns   naruto, maka, adam  vs  kuroko, pegasus, neferpitou
[ 495/700 ] LOSS   24 turns   naruto, tatsumi, nobara  vs  muichiro, nonon, hashirama
Applying bleed effect! Checking special code
Applying bleed effect! Checking special code
[ 496/700 ] LOSS   23 turns   naruto, boruto, ken  vs  nobara, nimaiya, chrome
[ 497/700 ] WIN    18 turns   naruto, toudou, eren  vs  gallantmon, denji, inuyasha
[ 498/700 ] WIN    32 turns   naruto, bakugo, ladydevimon  vs  gilgamesh, misaka, yugi
Applying bleed effect! Checking special code
Applying bleed effect! Checking special code
[ 499/700 ] LOSS   17 turns   naruto, gallantmon, kurapika  vs  king, shinra, hashirama
[ 500/700 ] WIN    16 turns   naruto, touka, alphamon  vs  gilgamesh, cooler, uzui
[ 501/700 ] WIN    32 turns   naruto, hisoka, uranus  vs  blackstar, touka, meliodas
[ 502/700 ] WIN    21 turns   naruto, arthur, hinata  vs  kuroko, muichiro, ganta
Applying bleed effect! Checking special code
Applying bleed effect! Checking special code
Applying bleed effect! Checking special code
Applying bleed effect! Checking special code
[ 503/700 ] LOSS   20 turns   naruto, myotismon, diane  vs  inosuke, alphonse, nagisa
[ 504/700 ] LOSS   16 turns   naruto, tanjiro, seventeen  vs  ichigo, emiya, gojo
[ 505/700 ] WIN    22 turns   naruto, kid, genos  vs  marco, gon, jupiter
[ 506/700 ] LOSS   26 turns   naruto, zoro, edward  vs  tatsumi, tokoyami, arthur
[ 507/700 ] WIN    35 turns   naruto, nel, sakura  vs  tsunayoshi, tatsumaki, eren
[ 508/700 ] WIN    63 turns   naruto, arthur, erza  vs  toudou, esdeath, gatomon
[ 509/700 ] LOSS   22 turns   naruto, tamaki, toph  vs  esdeath, kurapika, broly
[ 510/700 ] WIN    12 turns   naruto, madoka, allmight  vs  asta, kitara, koro
Applying bleed effect! Checking special code
Applying bleed effect! Checking special code
Applying bleed effect! Checking special code
Applying bleed effect! Checking special code
Applying bleed effect! Checking special code
[ 511/700 ] WIN    14 turns   naruto, ken, nonon  vs  adam, renamon, touka
Applying bleed effect! Checking special code
Applying bleed effect! Checking special code
Applying bleed effect! Checking special code
Applying bleed effect! Checking special code
Applying bleed effect! Checking special code
Applying bleed effect! Checking special code
Applying bleed effect! Checking special code
Applying bleed effect! Checking special code
Applying bleed effect! Checking special code
Applying bleed effect! Checking special code
Applying bleed effect! Checking special code
Applying bleed effect! Checking special code
[ 512/700 ] WIN    23 turns   naruto, orihime, jinwoo  vs  king, shokuhou, eren
[ 513/700 ] LOSS   23 turns   naruto, uzui, saitama  vs  kuroko, alphonse, genos
[ 514/700 ] LOSS   25 turns   naruto, erza, gohan  vs  jinwoo, asta, bakugo
[ 515/700 ] WIN    25 turns   naruto, jinwoo, xanxus  vs  gunha, yugi, erza
Applying bleed effect! Checking special code
[ 516/700 ] WIN    28 turns   naruto, rakko, venus  vs  maka, diane, lyserg
Applying bleed effect! Checking special code
[ 517/700 ] LOSS   22 turns   naruto, horohoro, pegasus  vs  hawkmon, misaka, rakko
Applying bleed effect! Checking special code
[ 518/700 ] WIN    20 turns   naruto, asta, nagisa  vs  gunha, power, orihime
[ 519/700 ] LOSS   20 turns   naruto, yoh, touka  vs  lizandpatty, esdeath, meliodas
[ 520/700 ] LOSS   21 turns   naruto, mami, usopp  vs  madoka, itachi, mikasa
[ 521/700 ] LOSS   15 turns   naruto, nobara, goku  vs  ichibe, genos, nezuko
Applying bleed effect! Checking special code
Applying bleed effect! Checking special code
Applying bleed effect! Checking special code
[ 522/700 ] LOSS   16 turns   naruto, nimaiya, impmon  vs  rengoku, asta, nagisa
[ 523/700 ] LOSS   25 turns   naruto, gunha, bakugo  vs  venus, gogeta, blackwargreymon
[ 524/700 ] WIN    29 turns   naruto, inuyasha, tatsumaki  vs  veldora, yubel, kuroko
[ 525/700 ] LOSS   21 turns   naruto, cooler, horohoro  vs  saitama, toph, ryohei
[ 526/700 ] LOSS   33 turns   naruto, aiohto, esdeath  vs  sheele, cell, tsubaki
[ 527/700 ] WIN    27 turns   naruto, yuji, zoro  vs  uranus, gasai, yugi
[ 528/700 ] WIN    18 turns   naruto, mami, asta  vs  sasuke, mercury, nimaiya
Applying bleed effect! Checking special code
Applying bleed effect! Checking special code
[ 529/700 ] WIN    24 turns   naruto, marco, toph  vs  diane, rengoku, todoroki
[ 530/700 ] LOSS   21 turns   naruto, minene, mash  vs  halibel, megumin, jesse
[ 531/700 ] WIN    16 turns   naruto, broly, allmight  vs  yugi, tanjiro, eren
Applying bleed effect! Checking special code
Applying bleed effect! Checking special code
Applying bleed effect! Checking special code
Applying bleed effect! Checking special code
Applying bleed effect! Checking special code
[ 532/700 ] LOSS   17 turns   naruto, megumi, madoka  vs  asta, toji, denji
[ 533/700 ] WIN    34 turns   naruto, saber, minene  vs  sakura, cooler, jack
[ 534/700 ] LOSS   18 turns   naruto, pegasus, touka  vs  tatsumi, gatomon, alphonse
[ 535/700 ] WIN    65 turns   naruto, tsuyu, midoriya  vs  tatsumaki, zoro, chrome
[ 536/700 ] WIN    21 turns   naruto, shinra, itachi  vs  gogeta, cell, inuyasha
Applying bleed effect! Checking special code
Applying bleed effect! Checking special code
Applying bleed effect! Checking special code
Applying bleed effect! Checking special code
[ 537/700 ] LOSS   21 turns   naruto, lizandpatty, rengoku  vs  nezuko, bakugo, tokoyami
[ 538/700 ] WIN    17 turns   naruto, allmight, levi  vs  chrome, kurotsuchi, gallantmon
[ 539/700 ] WIN    25 turns   naruto, inosuke, alphamon  vs  jaden, emiyaarcher, levi
[ 540/700 ] WIN    31 turns   naruto, pegasus, arthur  vs  gasai, mikasa, zenitsu
[ 541/700 ] LOSS   29 turns   naruto, renamon, gatomon  vs  eren, saitama, kuroko
[ 542/700 ] WIN    50 turns   naruto, crona, pegasus  vs  tokoyami, tanjiro, nonon
[ 543/700 ] LOSS   48 turns   naruto, ganta, saturn  vs  lizandpatty, esdeath, blackstar
[ 544/700 ] WIN    21 turns   naruto, cell, rengoku  vs  ban, bakugo, toph
[ 545/700 ] WIN    29 turns   naruto, chrome, nobara  vs  jinwoo, neferpitou, semiramis
[ 546/700 ] LOSS   30 turns   naruto, yamamoto, inuyasha  vs  renamon, jesse, jupiter
[ 547/700 ] WIN    31 turns   naruto, rimuru, inuyasha  vs  nagisa, yoh, sheele
[ 548/700 ] WIN    15 turns   naruto, hibari, kuroko  vs  gunha, mami, noelle
[ 549/700 ] WIN    29 turns   naruto, adam, omnimon  vs  toph, toji, hisoka
[ 550/700 ] LOSS   31 turns   naruto, saber, shiro  vs  neferpitou, bakugo, renamon
[ 551/700 ] WIN    32 turns   naruto, nonon, tsubaki  vs  mercury, kid, saitama
[ 552/700 ] WIN    29 turns   naruto, tokoyami, crona  vs  esdeath, arthur, death
[ 553/700 ] LOSS   16 turns   naruto, boruto, lyserg  vs  sukuna, satsuki, gasai
[ 554/700 ] LOSS   23 turns   naruto, inosuke, yoh  vs  kurotsuchi, alphamon, esdeath
[ 555/700 ] WIN    20 turns   naruto, zoro, sheele  vs  frankenstein, byakuya, boruto
Applying bleed effect! Checking special code
[ 556/700 ] LOSS   24 turns   naruto, saturn, nimaiya  vs  gatomon, power, todoroki
[ 557/700 ] WIN    20 turns   naruto, ryuko, astolfo  vs  ladydevimon, lizandpatty, megumin
[ 558/700 ] WIN    22 turns   naruto, broly, renamon  vs  aiohto, aang, squalo
[ 559/700 ] WIN    26 turns   naruto, adam, aang  vs  nagisa, misaka, nonon
[ 560/700 ] WIN    27 turns   naruto, hinata, gohan  vs  tsubaki, uranus, shokuhou
[ 561/700 ] WIN    39 turns   naruto, mami, pegasus  vs  rob, sasuke, nonon
[ 562/700 ] WIN    47 turns   naruto, alphonse, hashirama  vs  meliodas, emiya, muichiro
[ 563/700 ] LOSS   35 turns   naruto, tsubasa, kid  vs  killua, alphamon, death
[ 564/700 ] WIN    16 turns   naruto, impmon, venus  vs  squalo, sheele, aang
[ 565/700 ] WIN    36 turns   naruto, yubel, astolfo  vs  mavis, jesse, orihime
[ 566/700 ] LOSS   15 turns   naruto, veldora, toudou  vs  neferpitou, erza, akame
[ 567/700 ] LOSS  146 turns   naruto, eren, mine  vs  asta, yoh, orihime
[ 568/700 ] LOSS   23 turns   naruto, tatsumaki, nonon  vs  sayaka, byakuya, usopp
[ 569/700 ] LOSS   34 turns   naruto, esdeath, yamamoto  vs  tokoyami, asta, gunha
[ 570/700 ] LOSS   36 turns   naruto, rob, inosuke  vs  uzui, yubel, sasuke
Applying bleed effect! Checking special code
Applying bleed effect! Checking special code
[ 571/700 ] WIN    18 turns   naruto, meliodas, muichiro  vs  rengoku, rob, gilgamesh
[ 572/700 ] WIN    28 turns   naruto, myotismon, rimuru  vs  yugi, gohan, omnimon
[ 573/700 ] LOSS   25 turns   naruto, mercury, nobara  vs  adam, gallantmon, astolfo
Applying bleed effect! Checking special code
Applying bleed effect! Checking special code
[ 574/700 ] WIN    16 turns   naruto, alphamon, yoh  vs  rakko, zoro, zenitsu
[ 575/700 ] WIN    22 turns   naruto, kid, tsubasa  vs  goku, frankenstein, pegasus
[ 576/700 ] LOSS   24 turns   naruto, gohan, lucy  vs  yoh, saturn, inuyasha
[ 577/700 ] WIN    23 turns   naruto, midoriya, zenitsu  vs  death, blackwargreymon, hibari
[ 578/700 ] LOSS   24 turns   naruto, lyserg, jack  vs  gohan, itachi, gallantmon
[ 579/700 ] LOSS   18 turns   naruto, hibari, pegasus  vs  jaden, sasuke, uranus
[ 580/700 ] WIN    17 turns   naruto, megumi, soul  vs  renamon, mars, xanxus
[ 581/700 ] WIN    20 turns   naruto, yuno, ladydevimon  vs  vegeta, tsubasa, mars
[ 582/700 ] WIN    28 turns   naruto, tokoyami, ryuko  vs  mars, gojo, yuno
[ 583/700 ] LOSS   20 turns   naruto, tatsumi, tamaki  vs  bakugo, edward, satsuki
[ 584/700 ] LOSS   32 turns   naruto, ace, tamaki  vs  nel, levi, sasuke
[ 585/700 ] LOSS   28 turns   naruto, rimuru, lyserg  vs  adam, death, toudou
[ 586/700 ] WIN    20 turns   naruto, minene, gallantmon  vs  crona, gon, shinoa
[ 587/700 ] WIN    22 turns   naruto, cell, myotismon  vs  ryuko, byakuya, killua
[ 588/700 ] LOSS   13 turns   naruto, uraraka, cooler  vs  nimaiya, frieren, toga
[ 589/700 ] LOSS   46 turns   naruto, genos, jinwoo  vs  aiohto, megumi, cooler
[ 590/700 ] WIN    18 turns   naruto, ichigo, frieren  vs  seventeen, gilgamesh, venus
[ 591/700 ] LOSS   19 turns   naruto, machinedramon, tatsumaki  vs  koro, tamaki, nimaiya
[ 592/700 ] WIN    22 turns   naruto, hisoka, gasai  vs  semiramis, alphamon, akame
[ 593/700 ] LOSS   19 turns   naruto, gon, tatsumaki  vs  semiramis, gunha, blackstar
[ 594/700 ] WIN    25 turns   naruto, aiohto, zenitsu  vs  todoroki, bakugo, toji
[ 595/700 ] WIN    24 turns   naruto, ichibe, uranus  vs  frankenstein, kaiba, gon
Applying bleed effect! Checking special code
Applying bleed effect! Checking special code
[ 596/700 ] WIN    20 turns   naruto, denji, megumin  vs  madoka, kaiba, jack
[ 597/700 ] LOSS   19 turns   naruto, saber, jeanne  vs  satsuki, mine, ladydevimon
[ 598/700 ] WIN    30 turns   naruto, mavis, tanjiro  vs  impmon, chrome, renamon
[ 599/700 ] WIN    32 turns   naruto, emiya, gon  vs  mavis, korra, xanxus
[ 600/700 ] WIN    29 turns   naruto, nonon, impmon  vs  tsubaki, jack, zoro
Applying bleed effect! Checking special code
Applying bleed effect! Checking special code
Applying bleed effect! Checking special code
Applying bleed effect! Checking special code
Applying bleed effect! Checking special code
Applying bleed effect! Checking special code
Applying bleed effect! Checking special code
Applying bleed effect! Checking special code
[ 601/700 ] WIN    19 turns   naruto, soul, zoro  vs  tsuyu, toga, king
[ 602/700 ] WIN    19 turns   naruto, shinra, kurotsuchi  vs  tsubasa, sheele, edward
[ 603/700 ] LOSS   25 turns   naruto, toga, halibel  vs  tokoyami, blackwargreymon, erza
[ 604/700 ] LOSS   26 turns   naruto, yugi, levi  vs  orihime, toga, jaden
[ 605/700 ] WIN    19 turns   naruto, blackstar, touka  vs  sasuke, sheele, myotismon
[ 606/700 ] WIN    41 turns   naruto, death, itachi  vs  alphamon, jeanne, pegasus
[ 607/700 ] WIN    35 turns   naruto, broly, uraraka  vs  blackwargreymon, horohoro, lizandpatty
[ 608/700 ] LOSS   12 turns   naruto, emiyaarcher, gojo  vs  luffy, genos, eren
Applying bleed effect! Checking special code
[ 609/700 ] LOSS   19 turns   naruto, zoro, mikasa  vs  lizandpatty, esdeath, king
[ 610/700 ] LOSS   23 turns   naruto, mikasa, jinwoo  vs  killua, tamaki, shinoa
Applying bleed effect! Checking special code
[ 611/700 ] WIN    22 turns   naruto, rakko, kuroko  vs  muichiro, soul, nezuko
Yubel's S1 Triggered!
Yubel's S1 Triggered!
[ 612/700 ] LOSS   22 turns   naruto, gatomon, akame  vs  uranus, yubel, lyserg
[ 613/700 ] WIN    43 turns   naruto, satsuki, gallantmon  vs  jupiter, gunha, yamamoto
[ 614/700 ] LOSS   23 turns   naruto, yoh, noelle  vs  jaden, mercury, soul
[ 615/700 ] LOSS   34 turns   naruto, inuyasha, squalo  vs  tsubaki, muichiro, alphonse
[ 616/700 ] WIN    22 turns   naruto, uzui, blackwargreymon  vs  impmon, kurotsuchi, hawkmon
[ 617/700 ] WIN    29 turns   naruto, semiramis, shinoa  vs  allmight, halibel, boruto
[ 618/700 ] LOSS   18 turns   naruto, hisoka, yugi  vs  mash, genos, yoh
[ 619/700 ] LOSS   22 turns   naruto, seventeen, todoroki  vs  muichiro, arthur, renamon
[ 620/700 ] LOSS   32 turns   naruto, nimaiya, tatsumaki  vs  sayaka, death, adam
[ 621/700 ] LOSS   22 turns   naruto, edward, ganta  vs  sasuke, touka, hinata
[ 622/700 ] WIN    16 turns   naruto, aang, genos  vs  yuji, denji, emiya
[ 623/700 ] WIN    19 turns   naruto, lucy, genos  vs  aiohto, zenitsu, koro
Applying bleed effect! Checking special code
[ 624/700 ] LOSS   16 turns   naruto, rengoku, levi  vs  killua, mash, jack
[ 625/700 ] WIN    18 turns   naruto, mash, renamon  vs  bakugo, levi, nonon
[ 626/700 ] WIN    21 turns   naruto, jaden, ace  vs  gon, allmight, tsubaki
[ 627/700 ] WIN    31 turns   naruto, tokoyami, yoh  vs  lucy, muichiro, mikasa
[ 628/700 ] WIN    17 turns   naruto, blackwargreymon, seventeen  vs  tsubasa, zenitsu, ace
[ 629/700 ] LOSS   25 turns   naruto, ace, blackwargreymon  vs  sheele, crona, arthur
[ 630/700 ] WIN    17 turns   naruto, nonon, gatomon  vs  eren, emiya, xanxus
[ 631/700 ] WIN    25 turns   naruto, cell, saitama  vs  veldora, allmight, chrome
[ 632/700 ] LOSS   22 turns   naruto, sukuna, hashirama  vs  nonon, shinoa, jaden
[ 633/700 ] WIN    23 turns   naruto, luffy, diane  vs  gunha, emiyaarcher, genos
[ 634/700 ] LOSS   16 turns   naruto, shinoa, gilgamesh  vs  saber, mash, vegeta
[ 635/700 ] WIN    29 turns   naruto, korra, satsuki  vs  yuno, yamamoto, gasai
[ 636/700 ] LOSS   19 turns   naruto, maka, xanxus  vs  killua, satsuki, gray
[ 637/700 ] WIN    22 turns   naruto, killua, sukuna  vs  ryuko, venus, king
[ 638/700 ] LOSS   34 turns   naruto, goku, aang  vs  sakura, boruto, sheele
[ 639/700 ] LOSS   11 turns   naruto, hibari, kid  vs  alphamon, renamon, maka
[ 640/700 ] LOSS   31 turns   naruto, hisoka, neferpitou  vs  arthur, frieren, aang
Applying bleed effect! Checking special code
Applying bleed effect! Checking special code
Applying bleed effect! Checking special code
Applying bleed effect! Checking special code
[ 641/700 ] WIN    32 turns   naruto, touka, boruto  vs  jack, zoro, ken
[ 642/700 ] WIN    22 turns   naruto, cooler, uranus  vs  xanxus, kurapika, mine
Applying bleed effect! Checking special code
[ 643/700 ] WIN    24 turns   naruto, natsu, diane  vs  tsubaki, yuji, denji
[ 644/700 ] WIN    35 turns   naruto, noelle, nagisa  vs  gojo, blackstar, saitama
[ 645/700 ] WIN    12 turns   naruto, kurotsuchi, madoka  vs  ganta, kuroko, shiro
[ 646/700 ] LOSS   18 turns   naruto, allmight, tanjiro  vs  sasuke, asta, gatomon
[ 647/700 ] LOSS   32 turns   naruto, kurotsuchi, muichiro  vs  akame, genos, kitara
[ 648/700 ] LOSS   18 turns   naruto, uzui, mash  vs  touka, halibel, astolfo
[ 649/700 ] WIN    18 turns   naruto, halibel, tsubasa  vs  blackwargreymon, hibari, rob
[ 650/700 ] WIN    35 turns   naruto, ryuko, veldora  vs  toudou, alphonse, luffy
[ 651/700 ] WIN    17 turns   naruto, akame, madoka  vs  tatsumi, gon, kurapika
[ 652/700 ] LOSS   38 turns   naruto, ace, emiya  vs  tanjiro, noelle, gojo
[ 653/700 ] LOSS   21 turns   naruto, kuroko, byakuya  vs  megumin, emiya, boruto
[ 654/700 ] WIN    18 turns   naruto, nagisa, gunha  vs  yubel, zoro, madoka
[ 655/700 ] LOSS   30 turns   naruto, madoka, noelle  vs  uzui, death, todoroki
[ 656/700 ] LOSS   24 turns   naruto, blackstar, semiramis  vs  natsu, xanxus, nimaiya
[ 657/700 ] WIN    15 turns   naruto, touka, uranus  vs  jesse, hisoka, adam
[ 658/700 ] WIN    18 turns   naruto, saitama, natsu  vs  kurapika, mami, diane
[ 659/700 ] WIN    22 turns   naruto, tatsumaki, yuji  vs  mikasa, levi, hawkmon
[ 660/700 ] LOSS   20 turns   naruto, erza, death  vs  yuno, halibel, alphamon
[ 661/700 ] WIN    31 turns   naruto, alphamon, emiyaarcher  vs  adam, xanxus, kurotsuchi
Applying bleed effect! Checking special code
Applying bleed effect! Checking special code
Applying bleed effect! Checking special code
[ 662/700 ] LOSS   23 turns   naruto, ken, rimuru  vs  astolfo, touka, alphamon
Applying bleed effect! Checking special code
[ 663/700 ] LOSS   18 turns   naruto, frankenstein, rengoku  vs  alphonse, vegeta, adam
[ 664/700 ] WIN    34 turns   naruto, frieren, tsubaki  vs  rimuru, ichibe, korra
[ 665/700 ] WIN    23 turns   naruto, semiramis, yugi  vs  megumi, inuyasha, rob
[ 666/700 ] WIN    30 turns   naruto, tsuyu, misaka  vs  inuyasha, boruto, gallantmon
[ 667/700 ] LOSS   21 turns   naruto, tsubaki, saitama  vs  sayaka, erza, astolfo
[ 668/700 ] WIN    21 turns   naruto, allmight, omnimon  vs  cell, kid, uzui
[ 669/700 ] LOSS   19 turns   naruto, cooler, pegasus  vs  killua, boruto, marco
[ 670/700 ] LOSS   36 turns   naruto, tokoyami, bakugo  vs  ichibe, midoriya, halibel
[ 671/700 ] LOSS   27 turns   naruto, diane, natsu  vs  luffy, emiyaarcher, nagisa
[ 672/700 ] WIN    21 turns   naruto, gilgamesh, mavis  vs  uraraka, minene, toga
[ 673/700 ] WIN    25 turns   naruto, jaden, megumi  vs  shinra, goku, boruto
Applying bleed effect! Checking special code
Applying bleed effect! Checking special code
Applying bleed effect! Checking special code
Applying bleed effect! Checking special code
Applying bleed effect! Checking special code
[ 674/700 ] WIN    15 turns   naruto, diane, rakko  vs  mami, usopp, rimuru
[ 675/700 ] LOSS   27 turns   naruto, gogeta, toga  vs  toji, orihime, touka
[ 676/700 ] LOSS   18 turns   naruto, denji, jupiter  vs  halibel, natsu, blackstar
[ 677/700 ] LOSS   23 turns   naruto, kid, shokuhou  vs  saturn, sakura, alphonse
[ 678/700 ] LOSS   21 turns   naruto, tsuyu, mami  vs  misaka, shokuhou, gilgamesh
[ 679/700 ] LOSS   18 turns   naruto, yubel, lyserg  vs  yuno, gasai, sayaka
[ 680/700 ] WIN    14 turns   naruto, gunha, jack  vs  nonon, boruto, jupiter
[ 681/700 ] WIN    14 turns   naruto, pegasus, mavis  vs  yuno, ichigo, uraraka
[ 682/700 ] WIN    45 turns   naruto, madoka, tatsumaki  vs  ryohei, gogeta, touka
Applying bleed effect! Checking special code
Applying bleed effect! Checking special code
Applying bleed effect! Checking special code
[ 683/700 ] LOSS   28 turns   naruto, megumi, meliodas  vs  king, zenitsu, gatomon
[ 684/700 ] LOSS   13 turns   naruto, boruto, yuji  vs  frankenstein, gasai, tatsumi
[ 685/700 ] WIN    23 turns   naruto, meliodas, maka  vs  jinwoo, chrome, itachi
Applying bleed effect! Checking special code
Applying bleed effect! Checking special code
[ 686/700 ] WIN    23 turns   naruto, emiyaarcher, cooler  vs  blackwargreymon, inosuke, mami
[ 687/700 ] WIN    26 turns   naruto, tanjiro, eren  vs  byakuya, mercury, inuyasha
[ 688/700 ] LOSS   29 turns   naruto, nobara, nezuko  vs  myotismon, eren, kid
Applying bleed effect! Checking special code
[ 689/700 ] WIN    34 turns   naruto, boruto, mash  vs  gon, rakko, megumi
[ 690/700 ] WIN    23 turns   naruto, gatomon, saitama  vs  frieren, zenitsu, veldora
[ 691/700 ] WIN    49 turns   naruto, shinoa, tokoyami  vs  shiro, astolfo, broly
[ 692/700 ] WIN    21 turns   naruto, allmight, tamaki  vs  nobara, tatsumi, korra
[ 693/700 ] LOSS   15 turns   naruto, halibel, tatsumi  vs  kaiba, luffy, muichiro
[ 694/700 ] WIN    19 turns   naruto, gasai, usopp  vs  sukuna, midoriya, blackstar
[ 695/700 ] LOSS   17 turns   naruto, kurotsuchi, byakuya  vs  maka, yoh, broly
[ 696/700 ] WIN    71 turns   naruto, jupiter, saber  vs  ace, seventeen, natsu
[ 697/700 ] WIN    30 turns   naruto, gogeta, toga  vs  ichibe, broly, emiya
[ 698/700 ] LOSS   18 turns   naruto, broly, sukuna  vs  emiya, seventeen, tsunayoshi
[ 699/700 ] WIN    19 turns   naruto, zenitsu, natsu  vs  impmon, renamon, frankenstein
Applying bleed effect! Checking special code
Applying bleed effect! Checking special code
Applying bleed effect! Checking special code
[ 700/700 ] WIN    23 turns   naruto, orihime, rengoku  vs  korra, tsunayoshi, noelle
=== TRAINER RUN COMPLETE ===
Matches: 700   W: 405   L: 294   D: 1   Win: 57.9%   (opponent: self)
Policy saved to res://training/checkpoints/focus_naruto/w1.json  (generation 5, trained_matches 10700)
