Godot Engine v4.6.2.stable.official.71f334935 - https://godotengine.org

[trainer] seed=61001 matches=700 opponent=self eval=false out=res://training/checkpoints/focus_allmight/w1.json checkpoint=res://training/checkpoints/focused_current.json
[authored] loaded 1 authored character(s)
[   1/700 ] LOSS   13 turns   allmight, ace, tatsumaki  vs  nel, sayaka, hinata
[   2/700 ] LOSS   20 turns   allmight, gohan, gon  vs  muichiro, ladydevimon, jaden
[   3/700 ] LOSS   23 turns   allmight, saitama, orihime  vs  megumin, zenitsu, myotismon
[   4/700 ] WIN    18 turns   allmight, ladydevimon, renamon  vs  tsubaki, gasai, edward
[   5/700 ] LOSS   20 turns   allmight, shinra, sheele  vs  chrome, gallantmon, jupiter
Applying bleed effect! Checking special code
Applying bleed effect! Checking special code
Applying bleed effect! Checking special code
[   6/700 ] LOSS   14 turns   allmight, rimuru, tsubasa  vs  power, korra, seventeen
[   7/700 ] WIN    16 turns   allmight, marco, jack  vs  tokoyami, ryuko, semiramis
[   8/700 ] LOSS   12 turns   allmight, omnimon, asta  vs  tatsumaki, todoroki, gatomon
[   9/700 ] LOSS   22 turns   allmight, shinoa, chrome  vs  levi, emiya, yamamoto
[  10/700 ] WIN    17 turns   allmight, gasai, blackstar  vs  tsubaki, zoro, rimuru
[  11/700 ] LOSS   43 turns   allmight, yugi, koro  vs  sakura, gogeta, natsu
[  12/700 ] LOSS   24 turns   allmight, kaiba, tsubasa  vs  misaka, broly, aiohto
[  13/700 ] LOSS   33 turns   allmight, jesse, lucy  vs  impmon, orihime, saturn
[  14/700 ] LOSS   16 turns   allmight, kaiba, renamon  vs  inosuke, tokoyami, ichigo
[  15/700 ] LOSS   27 turns   allmight, sheele, tsuyu  vs  renamon, ace, tokoyami
[  16/700 ] LOSS   13 turns   allmight, goku, omnimon  vs  satsuki, gojo, tatsumi
[  17/700 ] WIN    14 turns   allmight, astolfo, horohoro  vs  gilgamesh, koro, tsuyu
[  18/700 ] WIN    17 turns   allmight, alphamon, ryohei  vs  renamon, hawkmon, halibel
Applying bleed effect! Checking special code
[  19/700 ] LOSS   22 turns   allmight, minene, inosuke  vs  toga, sayaka, tamaki
[  20/700 ] WIN    39 turns   allmight, frieren, yoh  vs  lyserg, lizandpatty, nobara
[  21/700 ] WIN    25 turns   allmight, muichiro, satsuki  vs  shinoa, mars, gatomon
[  22/700 ] WIN    24 turns   allmight, megumin, omnimon  vs  hisoka, eren, bakugo
[  23/700 ] LOSS   27 turns   allmight, sheele, arthur  vs  eren, luffy, tsubasa
[  24/700 ] WIN    22 turns   allmight, hinata, esdeath  vs  tanjiro, tsubaki, squalo
[  25/700 ] LOSS   15 turns   allmight, asta, astolfo  vs  tsubasa, frankenstein, koro
[  26/700 ] WIN    26 turns   allmight, zenitsu, crona  vs  cooler, minene, rimuru
[  27/700 ] LOSS   25 turns   allmight, korra, zoro  vs  toudou, gohan, vegeta
Applying bleed effect! Checking special code
Applying bleed effect! Checking special code
Applying bleed effect! Checking special code
[  28/700 ] LOSS   15 turns   allmight, tsubaki, ganta  vs  rengoku, boruto, jaden
[  29/700 ] LOSS   17 turns   allmight, crona, zenitsu  vs  luffy, uzui, aiohto
[  30/700 ] LOSS   40 turns   allmight, hinata, pegasus  vs  asta, nonon, goku
[  31/700 ] WIN    17 turns   allmight, sheele, impmon  vs  myotismon, noelle, hawkmon
Applying bleed effect! Checking special code
[  32/700 ] WIN    23 turns   allmight, jupiter, natsu  vs  korra, king, megumi
[  33/700 ] LOSS   16 turns   allmight, rob, goku  vs  sukuna, tatsumaki, semiramis
[  34/700 ] WIN    17 turns   allmight, blackwargreymon, death  vs  gohan, sukuna, tsunayoshi
[  35/700 ] WIN    20 turns   allmight, madoka, nobara  vs  ryohei, natsu, alphamon
[  36/700 ] LOSS   20 turns   allmight, vegeta, nimaiya  vs  toga, ladydevimon, itachi
[  37/700 ] LOSS   19 turns   allmight, rob, omnimon  vs  gilgamesh, seventeen, myotismon
Applying bleed effect! Checking special code
Applying bleed effect! Checking special code
[  38/700 ] LOSS   26 turns   allmight, denji, mine  vs  koro, mavis, arthur
Applying bleed effect! Checking special code
Applying bleed effect! Checking special code
Applying bleed effect! Checking special code
Applying bleed effect! Checking special code
Applying bleed effect! Checking special code
Yubel's S1 Triggered!
Applying bleed effect! Checking special code
Applying bleed effect! Checking special code
[  39/700 ] WIN    24 turns   allmight, halibel, inosuke  vs  yubel, cooler, genos
[  40/700 ] WIN    18 turns   allmight, nimaiya, gray  vs  renamon, goku, alphonse
[  41/700 ] LOSS   17 turns   allmight, madoka, arthur  vs  itachi, ganta, uranus
[  42/700 ] WIN    15 turns   allmight, lizandpatty, nagisa  vs  kid, shokuhou, gilgamesh
[  43/700 ] LOSS   27 turns   allmight, akame, mami  vs  yuno, sayaka, noelle
Applying bleed effect! Checking special code
Applying bleed effect! Checking special code
Applying bleed effect! Checking special code
Applying bleed effect! Checking special code
Applying bleed effect! Checking special code
[  44/700 ] LOSS   57 turns   allmight, yoh, venus  vs  jaden, mash, diane
Applying bleed effect! Checking special code
Applying bleed effect! Checking special code
Applying bleed effect! Checking special code
Applying bleed effect! Checking special code
Applying bleed effect! Checking special code
Applying bleed effect! Checking special code
Applying bleed effect! Checking special code
[  45/700 ] LOSS   33 turns   allmight, nezuko, jack  vs  kurapika, saber, ken
[  46/700 ] LOSS   37 turns   allmight, noelle, tanjiro  vs  kurapika, halibel, marco
[  47/700 ] LOSS   39 turns   allmight, frankenstein, uraraka  vs  megumin, king, frieren
[  48/700 ] WIN    16 turns   allmight, luffy, neferpitou  vs  jack, frieren, maka
Applying bleed effect! Checking special code
[  49/700 ] WIN    31 turns   allmight, nezuko, power  vs  nobara, xanxus, machinedramon
[  50/700 ] WIN    17 turns   allmight, blackstar, bakugo  vs  toji, shiro, crona
[  51/700 ] LOSS   24 turns   allmight, kurotsuchi, zenitsu  vs  xanxus, asta, eren
[  52/700 ] LOSS   49 turns   allmight, yamamoto, aiohto  vs  natsu, byakuya, minene
[  53/700 ] WIN    25 turns   allmight, toji, touka  vs  hawkmon, yugi, gasai
Applying bleed effect! Checking special code
Applying bleed effect! Checking special code
Applying bleed effect! Checking special code
Applying bleed effect! Checking special code
Applying bleed effect! Checking special code
[  54/700 ] LOSS   14 turns   allmight, yubel, toji  vs  lizandpatty, king, emiya
Applying bleed effect! Checking special code
Applying bleed effect! Checking special code
Applying bleed effect! Checking special code
[  55/700 ] WIN    28 turns   allmight, denji, yuji  vs  shinra, koro, death
Applying bleed effect! Checking special code
Applying bleed effect! Checking special code
Applying bleed effect! Checking special code
[  56/700 ] WIN    23 turns   allmight, ladydevimon, ichigo  vs  misaka, power, sheele
[  57/700 ] LOSS   24 turns   allmight, shinoa, ryuko  vs  gilgamesh, erza, cell
[  58/700 ] WIN    17 turns   allmight, mercury, tokoyami  vs  yuji, kitara, yugi
[  59/700 ] LOSS   19 turns   allmight, gohan, alphonse  vs  alphamon, jeanne, jaden
[  60/700 ] LOSS   18 turns   allmight, ganta, inuyasha  vs  adam, sakura, gon
[  61/700 ] WIN    24 turns   allmight, nagisa, blackstar  vs  orihime, misaka, kid
[  62/700 ] LOSS   29 turns   allmight, muichiro, ganta  vs  nobara, naruto, itachi
[  63/700 ] LOSS   17 turns   allmight, blackstar, kid  vs  tanjiro, cell, saturn
Applying bleed effect! Checking special code
Applying bleed effect! Checking special code
Applying bleed effect! Checking special code
[  64/700 ] WIN    17 turns   allmight, nimaiya, genos  vs  ken, machinedramon, ichigo
Applying bleed effect! Checking special code
[  65/700 ] LOSS   28 turns   allmight, zoro, inuyasha  vs  power, ban, diane
Applying bleed effect! Checking special code
Applying bleed effect! Checking special code
Applying bleed effect! Checking special code
[  66/700 ] WIN    23 turns   allmight, power, uzui  vs  kid, jeanne, blackwargreymon
Applying bleed effect! Checking special code
[  67/700 ] LOSS   29 turns   allmight, halibel, edward  vs  mash, misaka, denji
[  68/700 ] LOSS   19 turns   allmight, misaka, gasai  vs  neferpitou, tokoyami, naruto
[  69/700 ] WIN    33 turns   allmight, hibari, kurapika  vs  nobara, nezuko, uranus
[  70/700 ] WIN    28 turns   allmight, kuroko, madoka  vs  arthur, megumin, uranus
[  71/700 ] LOSS   15 turns   allmight, hisoka, luffy  vs  venus, madoka, hinata
[  72/700 ] LOSS   21 turns   allmight, itachi, jeanne  vs  jupiter, crona, ryohei
[  73/700 ] LOSS   17 turns   allmight, aang, gilgamesh  vs  soul, ban, alphonse
[  74/700 ] LOSS   12 turns   allmight, mikasa, shiro  vs  goku, sukuna, inuyasha
[  75/700 ] LOSS   19 turns   allmight, goku, alphamon  vs  bakugo, usopp, noelle
[  76/700 ] WIN    15 turns   allmight, genos, gogeta  vs  sakura, death, jesse
[  77/700 ] LOSS   12 turns   allmight, jinwoo, yuji  vs  seventeen, rimuru, luffy
Applying bleed effect! Checking special code
Applying bleed effect! Checking special code
Applying bleed effect! Checking special code
Applying bleed effect! Checking special code
[  78/700 ] LOSS   17 turns   allmight, seventeen, astolfo  vs  denji, alphonse, mash
[  79/700 ] LOSS   18 turns   allmight, myotismon, jeanne  vs  tatsumaki, blackstar, neferpitou
Applying bleed effect! Checking special code
[  80/700 ] WIN    21 turns   allmight, ban, nagisa  vs  tanjiro, eren, rengoku
Applying bleed effect! Checking special code
Applying bleed effect! Checking special code
Applying bleed effect! Checking special code
[  81/700 ] LOSS   19 turns   allmight, hisoka, king  vs  kuroko, astolfo, ladydevimon
Applying bleed effect! Checking special code
[  82/700 ] LOSS   24 turns   allmight, inosuke, uraraka  vs  zenitsu, boruto, koro
[  83/700 ] LOSS   21 turns   allmight, ace, touka  vs  megumi, adam, zoro
[  84/700 ] WIN    20 turns   allmight, cell, shinoa  vs  nel, xanxus, kuroko
[  85/700 ] LOSS   22 turns   allmight, erza, tsuyu  vs  eren, halibel, tsunayoshi
Yubel's S1 Triggered!
Yubel's S1 Triggered!
[  86/700 ] WIN    34 turns   allmight, saitama, yubel  vs  arthur, ace, tsubaki
[  87/700 ] WIN    29 turns   allmight, sayaka, nagisa  vs  lizandpatty, broly, gilgamesh
[  88/700 ] LOSS   44 turns   allmight, hawkmon, yuno  vs  saturn, vegeta, nobara
[  89/700 ] WIN    22 turns   allmight, alphonse, impmon  vs  chrome, uzui, korra
Applying bleed effect! Checking special code
Applying bleed effect! Checking special code
[  90/700 ] WIN    14 turns   allmight, nimaiya, megumi  vs  rengoku, gohan, gilgamesh
[  91/700 ] WIN    13 turns   allmight, ichibe, ladydevimon  vs  semiramis, ichigo, hinata
[  92/700 ] LOSS   17 turns   allmight, omnimon, veldora  vs  zenitsu, squalo, seventeen
[  93/700 ] LOSS   22 turns   allmight, minene, chrome  vs  sukuna, ryohei, adam
[  94/700 ] LOSS   22 turns   allmight, yuno, jeanne  vs  nonon, maka, gallantmon
[  95/700 ] LOSS   36 turns   allmight, machinedramon, arthur  vs  luffy, myotismon, yubel
Applying bleed effect! Checking special code
Applying bleed effect! Checking special code
[  96/700 ] LOSS   17 turns   allmight, rakko, cooler  vs  nagisa, shinra, mine
[  97/700 ] WIN    18 turns   allmight, mash, megumin  vs  emiyaarcher, minene, byakuya
[  98/700 ] WIN    29 turns   allmight, mami, nagisa  vs  inuyasha, venus, edward
[  99/700 ] LOSS   20 turns   allmight, rimuru, shinoa  vs  gunha, asta, myotismon
[ 100/700 ] LOSS   15 turns   allmight, omnimon, minene  vs  hashirama, toph, satsuki
[ 101/700 ] LOSS   15 turns   allmight, asta, lucy  vs  ryohei, frieren, rimuru
Applying bleed effect! Checking special code
Applying bleed effect! Checking special code
[ 102/700 ] WIN    22 turns   allmight, zenitsu, power  vs  mikasa, toji, kitara
[ 103/700 ] WIN    28 turns   allmight, ichigo, chrome  vs  kaiba, jeanne, todoroki
[ 104/700 ] LOSS   21 turns   allmight, naruto, cooler  vs  arthur, tokoyami, touka
Applying bleed effect! Checking special code
Applying bleed effect! Checking special code
Applying bleed effect! Checking special code
Applying bleed effect! Checking special code
[ 105/700 ] WIN    28 turns   allmight, lucy, rengoku  vs  ichigo, myotismon, denji
[ 106/700 ] LOSS   16 turns   allmight, yuji, lizandpatty  vs  horohoro, sukuna, luffy
[ 107/700 ] LOSS   43 turns   allmight, inuyasha, toudou  vs  yubel, akame, myotismon
[ 108/700 ] WIN    25 turns   allmight, misaka, gallantmon  vs  uraraka, naruto, bakugo
[ 109/700 ] LOSS   21 turns   allmight, sayaka, nonon  vs  jack, usopp, noelle
[ 110/700 ] LOSS   28 turns   allmight, shinoa, pegasus  vs  tsuyu, ban, tsunayoshi
[ 111/700 ] LOSS   23 turns   allmight, hashirama, lyserg  vs  neferpitou, edward, gallantmon
Applying bleed effect! Checking special code
Applying bleed effect! Checking special code
Applying bleed effect! Checking special code
Applying bleed effect! Checking special code
Applying bleed effect! Checking special code
Applying bleed effect! Checking special code
[ 112/700 ] WIN    23 turns   allmight, rakko, muichiro  vs  impmon, ryohei, emiyaarcher
[ 113/700 ] LOSS   14 turns   allmight, mikasa, kitara  vs  machinedramon, nagisa, jupiter
[ 114/700 ] LOSS   20 turns   allmight, cell, aang  vs  naruto, ichigo, noelle
Applying bleed effect! Checking special code
Applying bleed effect! Checking special code
Applying bleed effect! Checking special code
[ 115/700 ] WIN    28 turns   allmight, denji, broly  vs  rengoku, alphonse, bakugo
Yubel's S1 Triggered!
Yubel's S1 Triggered!
[ 116/700 ] WIN   164 turns   allmight, saturn, crona  vs  marco, mikasa, yubel
[ 117/700 ] WIN    24 turns   allmight, hisoka, maka  vs  tsuyu, rimuru, ryohei
Applying bleed effect! Checking special code
[ 118/700 ] WIN    33 turns   allmight, uzui, jinwoo  vs  inosuke, ichigo, mash
Applying bleed effect! Checking special code
[ 119/700 ] WIN    20 turns   allmight, saturn, goku  vs  shinra, inuyasha, power
[ 120/700 ] WIN    50 turns   allmight, ban, jupiter  vs  lyserg, uraraka, misaka
[ 121/700 ] LOSS   24 turns   allmight, kid, xanxus  vs  cooler, eren, ban
[ 122/700 ] WIN    16 turns   allmight, hawkmon, madoka  vs  shiro, jupiter, orihime
[ 123/700 ] LOSS   20 turns   allmight, arthur, sayaka  vs  yuji, ichigo, mavis
Applying bleed effect! Checking special code
Applying bleed effect! Checking special code
Applying bleed effect! Checking special code
[ 124/700 ] LOSS   19 turns   allmight, denji, tsubaki  vs  naruto, impmon, lucy
[ 125/700 ] LOSS   21 turns   allmight, blackstar, jinwoo  vs  yuji, cell, vegeta
[ 126/700 ] LOSS   50 turns   allmight, jeanne, boruto  vs  adam, kitara, toph
[ 127/700 ] LOSS   19 turns   allmight, chrome, crona  vs  bakugo, byakuya, tamaki
[ 128/700 ] LOSS   37 turns   allmight, tamaki, sakura  vs  ace, gon, muichiro
[ 129/700 ] LOSS   26 turns   allmight, hinata, madoka  vs  gatomon, sakura, rob
[ 130/700 ] LOSS   19 turns   allmight, kitara, touka  vs  luffy, emiyaarcher, jeanne
Applying bleed effect! Checking special code
Applying bleed effect! Checking special code
Applying bleed effect! Checking special code
Applying bleed effect! Checking special code
Applying bleed effect! Checking special code
Applying bleed effect! Checking special code
Applying bleed effect! Checking special code
Applying bleed effect! Checking special code
[ 131/700 ] LOSS   16 turns   allmight, hibari, horohoro  vs  chrome, power, ken
[ 132/700 ] LOSS   15 turns   allmight, ryuko, halibel  vs  gon, tsunayoshi, aang
[ 133/700 ] WIN    28 turns   allmight, renamon, sheele  vs  saber, marco, inuyasha
[ 134/700 ] LOSS   16 turns   allmight, toji, ace  vs  gunha, zoro, touka
[ 135/700 ] LOSS   17 turns   allmight, jinwoo, koro  vs  yugi, tamaki, hisoka
[ 136/700 ] WIN    23 turns   allmight, gunha, saturn  vs  yuno, mars, akame
[ 137/700 ] LOSS   14 turns   allmight, jack, megumi  vs  jinwoo, mash, mercury
[ 138/700 ] WIN    20 turns   allmight, gogeta, tsunayoshi  vs  cell, yuno, toji
[ 139/700 ] LOSS   23 turns   allmight, neferpitou, zoro  vs  shinoa, arthur, rimuru
[ 140/700 ] LOSS   17 turns   allmight, tamaki, killua  vs  sukuna, edward, horohoro
[ 141/700 ] LOSS   26 turns   allmight, sheele, gallantmon  vs  mercury, tsuyu, nagisa
[ 142/700 ] WIN    25 turns   allmight, ichibe, nagisa  vs  hawkmon, uraraka, mine
[ 143/700 ] WIN    28 turns   allmight, lyserg, shinra  vs  megumi, gunha, astolfo
[ 144/700 ] LOSS   20 turns   allmight, hisoka, yamamoto  vs  toji, gray, naruto
[ 145/700 ] LOSS   24 turns   allmight, uzui, kuroko  vs  yugi, saber, lizandpatty
[ 146/700 ] LOSS   11 turns   allmight, machinedramon, cooler  vs  madoka, todoroki, gogeta
[ 147/700 ] WIN    49 turns   allmight, hibari, yoh  vs  emiya, gilgamesh, halibel
[ 148/700 ] LOSS   21 turns   allmight, sakura, kurotsuchi  vs  toji, blackstar, megumin
[ 149/700 ] LOSS   20 turns   allmight, tsuyu, venus  vs  jesse, arthur, tatsumi
[ 150/700 ] LOSS   15 turns   allmight, mami, broly  vs  shiro, todoroki, hibari
[ 151/700 ] LOSS   27 turns   allmight, myotismon, gunha  vs  toga, ichigo, kuroko
[ 152/700 ] LOSS   15 turns   allmight, machinedramon, tsunayoshi  vs  neferpitou, noelle, cooler
Applying bleed effect! Checking special code
Applying bleed effect! Checking special code
Applying bleed effect! Checking special code
Applying bleed effect! Checking special code
Applying bleed effect! Checking special code
Applying bleed effect! Checking special code
Applying bleed effect! Checking special code
Applying bleed effect! Checking special code
Applying bleed effect! Checking special code
Applying bleed effect! Checking special code
Applying bleed effect! Checking special code
[ 153/700 ] WIN    24 turns   allmight, king, mami  vs  zoro, tanjiro, blackwargreymon
[ 154/700 ] LOSS   22 turns   allmight, gojo, koro  vs  emiyaarcher, crona, kaiba
[ 155/700 ] WIN    32 turns   allmight, uzui, noelle  vs  gogeta, crona, kuroko
Applying bleed effect! Checking special code
[ 156/700 ] WIN    25 turns   allmight, nel, neferpitou  vs  yoh, inosuke, aiohto
[ 157/700 ] LOSS   31 turns   allmight, luffy, frankenstein  vs  nonon, gon, gogeta
[ 158/700 ] LOSS   15 turns   allmight, sheele, soul  vs  semiramis, levi, shinoa
[ 159/700 ] WIN    17 turns   allmight, nel, touka  vs  genos, rob, arthur
Applying bleed effect! Checking special code
Applying bleed effect! Checking special code
[ 160/700 ] LOSS   25 turns   allmight, crona, pegasus  vs  lucy, rakko, kurapika
[ 161/700 ] LOSS   28 turns   allmight, luffy, gunha  vs  gohan, ganta, broly
[ 162/700 ] LOSS   38 turns   allmight, meliodas, arthur  vs  edward, death, sakura
[ 163/700 ] LOSS   12 turns   allmight, death, lyserg  vs  bakugo, rimuru, crona
[ 164/700 ] LOSS   31 turns   allmight, tokoyami, tsubasa  vs  broly, misaka, eren
[ 165/700 ] LOSS   15 turns   allmight, venus, aang  vs  mash, tsubaki, inuyasha
[ 166/700 ] LOSS   16 turns   allmight, bakugo, sakura  vs  hisoka, nel, maka
[ 167/700 ] LOSS   19 turns   allmight, goku, inuyasha  vs  tsubaki, ryohei, kaiba
[ 168/700 ] LOSS   22 turns   allmight, blackstar, myotismon  vs  genos, jeanne, hinata
[ 169/700 ] WIN    16 turns   allmight, gasai, shinra  vs  madoka, veldora, gallantmon
Applying bleed effect! Checking special code
Applying bleed effect! Checking special code
Applying bleed effect! Checking special code
Applying bleed effect! Checking special code
Applying bleed effect! Checking special code
Applying bleed effect! Checking special code
[ 170/700 ] WIN    23 turns   allmight, mikasa, rakko  vs  tanjiro, tsunayoshi, diane
[ 171/700 ] LOSS   22 turns   allmight, sasuke, lyserg  vs  broly, adam, sakura
[ 172/700 ] WIN    20 turns   allmight, eren, gray  vs  korra, ganta, shinra
Applying bleed effect! Checking special code
Applying bleed effect! Checking special code
Applying bleed effect! Checking special code
Applying bleed effect! Checking special code
Applying bleed effect! Checking special code
Applying bleed effect! Checking special code
[ 173/700 ] WIN    17 turns   allmight, touka, ken  vs  nonon, inuyasha, denji
Applying bleed effect! Checking special code
Applying bleed effect! Checking special code
[ 174/700 ] WIN    17 turns   allmight, semiramis, madoka  vs  rakko, yuno, toga
[ 175/700 ] WIN    16 turns   allmight, jack, lucy  vs  jupiter, gon, xanxus
[ 176/700 ] WIN    16 turns   allmight, seventeen, gatomon  vs  levi, frieren, yubel
[ 177/700 ] LOSS   64 turns   allmight, gallantmon, kuroko  vs  marco, yugi, goku
Applying bleed effect! Checking special code
Applying bleed effect! Checking special code
Applying bleed effect! Checking special code
Applying bleed effect! Checking special code
Applying bleed effect! Checking special code
Applying bleed effect! Checking special code
[ 178/700 ] WIN    31 turns   allmight, ryohei, kurotsuchi  vs  crona, inosuke, zenitsu
[ 179/700 ] WIN    19 turns   allmight, bakugo, gray  vs  cooler, erza, chrome
[ 180/700 ] LOSS   32 turns   allmight, muichiro, hibari  vs  adam, midoriya, yubel
Yubel's S1 Triggered!
Yubel's S1 Triggered!
[ 181/700 ] LOSS   23 turns   allmight, yubel, shiro  vs  gasai, veldora, squalo
[ 182/700 ] LOSS   13 turns   allmight, gilgamesh, jeanne  vs  cell, madoka, mars
[ 183/700 ] LOSS   14 turns   allmight, diane, broly  vs  blackwargreymon, ban, sayaka
Applying bleed effect! Checking special code
Applying bleed effect! Checking special code
[ 184/700 ] LOSS   19 turns   allmight, rakko, tokoyami  vs  megumin, gray, tsubasa
[ 185/700 ] LOSS   16 turns   allmight, blackstar, uranus  vs  venus, touka, sukuna
Applying bleed effect! Checking special code
Applying bleed effect! Checking special code
[ 186/700 ] LOSS   23 turns   allmight, emiyaarcher, shokuhou  vs  rengoku, natsu, death
Applying bleed effect! Checking special code
Applying bleed effect! Checking special code
Applying bleed effect! Checking special code
Applying bleed effect! Checking special code
Applying bleed effect! Checking special code
[ 187/700 ] WIN    31 turns   allmight, yuji, cooler  vs  mami, nonon, denji
[ 188/700 ] LOSS   27 turns   allmight, nimaiya, ban  vs  itachi, muichiro, venus
Applying bleed effect! Checking special code
[ 189/700 ] WIN    31 turns   allmight, diane, myotismon  vs  aiohto, akame, jeanne
Yubel's S1 Triggered!
[ 190/700 ] LOSS   20 turns   allmight, yubel, gasai  vs  megumin, astolfo, yamamoto
[ 191/700 ] WIN    17 turns   allmight, gojo, saturn  vs  veldora, emiya, goku
[ 192/700 ] LOSS   19 turns   allmight, inuyasha, kid  vs  goku, gallantmon, shinra
[ 193/700 ] WIN    33 turns   allmight, kitara, tsunayoshi  vs  orihime, myotismon, korra
[ 194/700 ] LOSS   30 turns   allmight, edward, shinra  vs  cooler, nobara, nagisa
[ 195/700 ] LOSS   15 turns   allmight, omnimon, diane  vs  uranus, ladydevimon, hinata
[ 196/700 ] WIN    30 turns   allmight, jesse, yuno  vs  orihime, adam, lucy
Applying bleed effect! Checking special code
Applying bleed effect! Checking special code
Applying bleed effect! Checking special code
[ 197/700 ] LOSS   23 turns   allmight, power, omnimon  vs  noelle, uzui, inuyasha
Applying bleed effect! Checking special code
[ 198/700 ] WIN    25 turns   allmight, yamamoto, ryohei  vs  tatsumi, kuroko, rengoku
[ 199/700 ] LOSS   32 turns   allmight, misaka, mami  vs  itachi, tsuyu, bakugo
[ 200/700 ] LOSS   35 turns   allmight, tokoyami, jupiter  vs  inuyasha, jeanne, chrome
Applying bleed effect! Checking special code
[ 201/700 ] LOSS   35 turns   allmight, tanjiro, kid  vs  diane, pegasus, venus
[ 202/700 ] WIN    27 turns   allmight, satsuki, levi  vs  chrome, nagisa, naruto
Applying bleed effect! Checking special code
Applying bleed effect! Checking special code
[ 203/700 ] LOSS   23 turns   allmight, inosuke, crona  vs  gojo, venus, toji
[ 204/700 ] LOSS   17 turns   allmight, zenitsu, goku  vs  astolfo, jeanne, omnimon
Applying bleed effect! Checking special code
Applying bleed effect! Checking special code
Applying bleed effect! Checking special code
Applying bleed effect! Checking special code
Applying bleed effect! Checking special code
Applying bleed effect! Checking special code
Applying bleed effect! Checking special code
Applying bleed effect! Checking special code
Applying bleed effect! Checking special code
Applying bleed effect! Checking special code
Applying bleed effect! Checking special code
Applying bleed effect! Checking special code
Applying bleed effect! Checking special code
Applying bleed effect! Checking special code
Applying bleed effect! Checking special code
[ 205/700 ] WIN    18 turns   allmight, nel, king  vs  hisoka, rakko, gasai
[ 206/700 ] LOSS   28 turns   allmight, kitara, impmon  vs  neferpitou, tanjiro, semiramis
[ 207/700 ] LOSS   22 turns   allmight, edward, neferpitou  vs  zoro, impmon, sukuna
[ 208/700 ] LOSS   16 turns   allmight, adam, mine  vs  ichigo, sayaka, natsu
[ 209/700 ] WIN    22 turns   allmight, maka, mash  vs  tsubasa, yugi, orihime
Applying bleed effect! Checking special code
Applying bleed effect! Checking special code
[ 210/700 ] LOSS   22 turns   allmight, muichiro, hisoka  vs  rengoku, yuno, natsu
[ 211/700 ] LOSS   13 turns   allmight, tatsumi, machinedramon  vs  luffy, tamaki, esdeath
[ 212/700 ] LOSS   21 turns   allmight, minene, venus  vs  gasai, midoriya, lucy
[ 213/700 ] LOSS   25 turns   allmight, esdeath, yuji  vs  cell, ryohei, gray
[ 214/700 ] WIN    16 turns   allmight, asta, kuroko  vs  adam, akame, noelle
[ 215/700 ] LOSS   14 turns   allmight, gohan, uranus  vs  zoro, inuyasha, eren
[ 216/700 ] DRAW  500 turns   allmight, jinwoo, hashirama  vs  eren, kuroko, todoroki
[ 217/700 ] LOSS   16 turns   allmight, tokoyami, uzui  vs  asta, xanxus, seventeen
[ 218/700 ] WIN    16 turns   allmight, todoroki, broly  vs  tamaki, yoh, nobara
Applying bleed effect! Checking special code
Applying bleed effect! Checking special code
Applying bleed effect! Checking special code
Applying bleed effect! Checking special code
Applying bleed effect! Checking special code
[ 219/700 ] WIN    13 turns   allmight, ken, power  vs  tsubaki, zenitsu, shinra
[ 220/700 ] WIN    25 turns   allmight, adam, hibari  vs  itachi, midoriya, megumi
Applying bleed effect! Checking special code
Applying bleed effect! Checking special code
[ 221/700 ] LOSS   13 turns   allmight, king, denji  vs  mash, lucy, saber
[ 222/700 ] LOSS   17 turns   allmight, uzui, tsuyu  vs  shiro, emiya, aang
[ 223/700 ] LOSS   16 turns   allmight, cell, frankenstein  vs  killua, gon, machinedramon
[ 224/700 ] WIN    18 turns   allmight, itachi, sayaka  vs  omnimon, kuroko, aiohto
[ 225/700 ] LOSS   16 turns   allmight, soul, kaiba  vs  sakura, tsunayoshi, toga
[ 226/700 ] LOSS   38 turns   allmight, diane, jesse  vs  death, hibari, pegasus
[ 227/700 ] WIN    15 turns   allmight, misaka, esdeath  vs  vegeta, maka, mami
Applying bleed effect! Checking special code
Applying bleed effect! Checking special code
Applying bleed effect! Checking special code
Applying bleed effect! Checking special code
[ 228/700 ] LOSS   14 turns   allmight, rakko, goku  vs  renamon, maka, hashirama
[ 229/700 ] WIN    22 turns   allmight, erza, ichibe  vs  mars, kitara, nobara
[ 230/700 ] LOSS   22 turns   allmight, semiramis, horohoro  vs  toudou, satsuki, vegeta
[ 231/700 ] LOSS   14 turns   allmight, cooler, gatomon  vs  saitama, zoro, uranus
[ 232/700 ] LOSS   13 turns   allmight, jack, crona  vs  alphonse, luffy, gallantmon
[ 233/700 ] LOSS   35 turns   allmight, toudou, arthur  vs  bakugo, ichibe, sakura
[ 234/700 ] LOSS   14 turns   allmight, lyserg, esdeath  vs  adam, satsuki, eren
[ 235/700 ] LOSS   16 turns   allmight, megumin, lizandpatty  vs  tatsumi, jupiter, arthur
[ 236/700 ] LOSS   18 turns   allmight, tokoyami, omnimon  vs  blackstar, shiro, horohoro
[ 237/700 ] LOSS   16 turns   allmight, marco, megumi  vs  sheele, satsuki, genos
Applying bleed effect! Checking special code
[ 238/700 ] LOSS   26 turns   allmight, omnimon, emiya  vs  levi, boruto, rakko
Applying bleed effect! Checking special code
[ 239/700 ] WIN    29 turns   allmight, power, xanxus  vs  rob, venus, jesse
[ 240/700 ] WIN    36 turns   allmight, halibel, kid  vs  mars, yamamoto, goku
[ 241/700 ] LOSS   12 turns   allmight, gon, broly  vs  gallantmon, erza, meliodas
[ 242/700 ] LOSS   16 turns   allmight, muichiro, misaka  vs  alphonse, asta, kaiba
[ 243/700 ] WIN    37 turns   allmight, eren, levi  vs  toji, soul, toph
[ 244/700 ] WIN    12 turns   allmight, frieren, nimaiya  vs  rimuru, meliodas, akame
[ 245/700 ] WIN    19 turns   allmight, nagisa, ryohei  vs  tsuyu, renamon, megumin
[ 246/700 ] LOSS   26 turns   allmight, lizandpatty, noelle  vs  yamamoto, byakuya, tsuyu
[ 247/700 ] LOSS   16 turns   allmight, gallantmon, mine  vs  orihime, zoro, rimuru
[ 248/700 ] WIN    18 turns   allmight, nagisa, alphamon  vs  jesse, arthur, usopp
[ 249/700 ] WIN    32 turns   allmight, megumin, lucy  vs  pegasus, alphonse, eren
[ 250/700 ] WIN    32 turns   allmight, cooler, megumi  vs  arthur, sayaka, broly
[ 251/700 ] LOSS   12 turns   allmight, uzui, uranus  vs  madoka, yoh, hashirama
Applying bleed effect! Checking special code
Applying bleed effect! Checking special code
[ 252/700 ] LOSS   18 turns   allmight, nobara, saitama  vs  kitara, alphonse, king
[ 253/700 ] LOSS   28 turns   allmight, kuroko, emiyaarcher  vs  hibari, diane, mercury
[ 254/700 ] WIN    21 turns   allmight, vegeta, arthur  vs  bakugo, sasuke, koro
[ 255/700 ] LOSS   15 turns   allmight, kuroko, lyserg  vs  mercury, venus, tatsumi
[ 256/700 ] LOSS   14 turns   allmight, gilgamesh, shokuhou  vs  horohoro, mash, emiya
[ 257/700 ] LOSS   18 turns   allmight, jeanne, nimaiya  vs  veldora, midoriya, blackwargreymon
[ 258/700 ] WIN    19 turns   allmight, hinata, renamon  vs  nobara, marco, rimuru
[ 259/700 ] LOSS   35 turns   allmight, tanjiro, crona  vs  impmon, adam, frankenstein
[ 260/700 ] LOSS   29 turns   allmight, pegasus, levi  vs  blackstar, lyserg, tsubaki
Applying bleed effect! Checking special code
Applying bleed effect! Checking special code
Applying bleed effect! Checking special code
Applying bleed effect! Checking special code
Applying bleed effect! Checking special code
Applying bleed effect! Checking special code
[ 261/700 ] LOSS   16 turns   allmight, squalo, nobara  vs  sukuna, ken, gohan
[ 262/700 ] LOSS   20 turns   allmight, hawkmon, koro  vs  edward, maka, toudou
Applying bleed effect! Checking special code
Applying bleed effect! Checking special code
Applying bleed effect! Checking special code
Applying bleed effect! Checking special code
[ 263/700 ] LOSS   25 turns   allmight, rengoku, gasai  vs  tsuyu, vegeta, rimuru
[ 264/700 ] WIN    80 turns   allmight, nezuko, kurotsuchi  vs  muichiro, veldora, marco
Applying bleed effect! Checking special code
Applying bleed effect! Checking special code
Applying bleed effect! Checking special code
Applying bleed effect! Checking special code
Applying bleed effect! Checking special code
Applying bleed effect! Checking special code
Applying bleed effect! Checking special code
Applying bleed effect! Checking special code
Applying bleed effect! Checking special code
[ 265/700 ] LOSS   16 turns   allmight, rengoku, king  vs  kid, zenitsu, nagisa
[ 266/700 ] WIN    20 turns   allmight, tsubasa, sasuke  vs  squalo, toudou, toph
[ 267/700 ] LOSS   19 turns   allmight, ganta, maka  vs  tatsumi, usopp, blackstar
[ 268/700 ] WIN    15 turns   allmight, renamon, misaka  vs  gunha, akame, mavis
Applying bleed effect! Checking special code
[ 269/700 ] LOSS   16 turns   allmight, hisoka, rakko  vs  renamon, hibari, zenitsu
[ 270/700 ] LOSS   14 turns   allmight, gasai, mine  vs  noelle, ganta, gunha
Applying bleed effect! Checking special code
Applying bleed effect! Checking special code
Applying bleed effect! Checking special code
Applying bleed effect! Checking special code
[ 271/700 ] LOSS   26 turns   allmight, itachi, toga  vs  midoriya, koro, ken
Yubel's S1 Triggered!
Yubel's S1 Triggered!
[ 272/700 ] WIN    13 turns   allmight, aang, saber  vs  yubel, gogeta, todoroki
[ 273/700 ] LOSS   30 turns   allmight, shiro, ichigo  vs  veldora, xanxus, kid
[ 274/700 ] LOSS   11 turns   allmight, levi, mine  vs  luffy, boruto, gilgamesh
[ 275/700 ] LOSS   25 turns   allmight, ban, seventeen  vs  ryohei, nimaiya, tsubasa
[ 276/700 ] LOSS   15 turns   allmight, gon, levi  vs  meliodas, jupiter, sasuke
[ 277/700 ] LOSS   21 turns   allmight, saturn, megumi  vs  kurapika, jinwoo, mercury
Applying bleed effect! Checking special code
[ 278/700 ] LOSS   22 turns   allmight, edward, adam  vs  nel, toudou, inosuke
Applying bleed effect! Checking special code
Applying bleed effect! Checking special code
Applying bleed effect! Checking special code
Applying bleed effect! Checking special code
[ 279/700 ] LOSS   16 turns   allmight, usopp, tamaki  vs  gohan, cell, ken
[ 280/700 ] LOSS   18 turns   allmight, jupiter, death  vs  blackstar, misaka, emiyaarcher
[ 281/700 ] LOSS   30 turns   allmight, ryuko, rimuru  vs  yamamoto, madoka, pegasus
[ 282/700 ] LOSS   16 turns   allmight, hinata, goku  vs  uzui, genos, gohan
[ 283/700 ] WIN    44 turns   allmight, eren, zoro  vs  luffy, inuyasha, bakugo
[ 284/700 ] WIN    32 turns   allmight, nobara, astolfo  vs  impmon, kurotsuchi, inuyasha
[ 285/700 ] WIN    33 turns   allmight, chrome, machinedramon  vs  omnimon, koro, usopp
[ 286/700 ] WIN    41 turns   allmight, esdeath, toga  vs  mikasa, hinata, lyserg
Applying bleed effect! Checking special code
Applying bleed effect! Checking special code
Applying bleed effect! Checking special code
Applying bleed effect! Checking special code
Applying bleed effect! Checking special code
Applying bleed effect! Checking special code
Applying bleed effect! Checking special code
[ 287/700 ] WIN    30 turns   allmight, machinedramon, rakko  vs  orihime, goku, touka
[ 288/700 ] WIN    32 turns   allmight, alphonse, nonon  vs  gilgamesh, gatomon, lucy
[ 289/700 ] LOSS   34 turns   allmight, blackstar, lucy  vs  koro, lyserg, yubel
[ 290/700 ] LOSS   21 turns   allmight, mars, sheele  vs  pegasus, kuroko, mine
Applying bleed effect! Checking special code
Applying bleed effect! Checking special code
Applying bleed effect! Checking special code
[ 291/700 ] WIN    17 turns   allmight, nonon, ganta  vs  gohan, genos, rengoku
[ 292/700 ] LOSS   23 turns   allmight, ryohei, byakuya  vs  ban, gasai, kuroko
[ 293/700 ] WIN    17 turns   allmight, ganta, esdeath  vs  shiro, minene, itachi
Applying bleed effect! Checking special code
Applying bleed effect! Checking special code
[ 294/700 ] WIN    23 turns   allmight, tamaki, tsubasa  vs  korra, inosuke, saber
[ 295/700 ] LOSS   28 turns   allmight, tatsumi, tsuyu  vs  xanxus, itachi, rob
[ 296/700 ] LOSS   15 turns   allmight, mars, gatomon  vs  tamaki, megumi, vegeta
[ 297/700 ] LOSS   33 turns   allmight, uzui, blackstar  vs  shokuhou, nel, usopp
[ 298/700 ] LOSS   22 turns   allmight, shiro, edward  vs  jaden, blackstar, tsuyu
[ 299/700 ] WIN    22 turns   allmight, saitama, frankenstein  vs  gogeta, aang, death
[ 300/700 ] WIN    19 turns   allmight, alphonse, sukuna  vs  hawkmon, usopp, nezuko
[ 301/700 ] WIN    24 turns   allmight, kid, seventeen  vs  yubel, kurapika, killua
[ 302/700 ] LOSS   22 turns   allmight, gojo, emiya  vs  koro, hibari, arthur
[ 303/700 ] LOSS   16 turns   allmight, squalo, saber  vs  boruto, gunha, frankenstein
Applying bleed effect! Checking special code
[ 304/700 ] LOSS   20 turns   allmight, gilgamesh, kurapika  vs  death, diane, eren
[ 305/700 ] WIN    26 turns   allmight, gilgamesh, hashirama  vs  eren, gray, kitara
[ 306/700 ] LOSS   23 turns   allmight, squalo, seventeen  vs  levi, yuno, natsu
[ 307/700 ] WIN    16 turns   allmight, blackwargreymon, asta  vs  nobara, toph, midoriya
[ 308/700 ] LOSS   18 turns   allmight, mine, ryuko  vs  kurotsuchi, gallantmon, ichibe
[ 309/700 ] WIN    22 turns   allmight, gojo, gasai  vs  astolfo, gunha, korra
[ 310/700 ] LOSS   25 turns   allmight, sasuke, blackwargreymon  vs  tokoyami, koro, mars
Applying bleed effect! Checking special code
[ 311/700 ] LOSS   16 turns   allmight, korra, ace  vs  seventeen, zoro, rengoku
[ 312/700 ] LOSS   17 turns   allmight, omnimon, pegasus  vs  zenitsu, ban, renamon
[ 313/700 ] WIN    20 turns   allmight, midoriya, gon  vs  maka, machinedramon, sukuna
[ 314/700 ] WIN    15 turns   allmight, emiya, soul  vs  kid, mami, gasai
Applying bleed effect! Checking special code
[ 315/700 ] WIN    28 turns   allmight, myotismon, rengoku  vs  squalo, halibel, mami
[ 316/700 ] LOSS   22 turns   allmight, gohan, tanjiro  vs  shokuhou, nel, blackwargreymon
Applying bleed effect! Checking special code
[ 317/700 ] WIN    20 turns   allmight, gasai, jaden  vs  rob, diane, cell
[ 318/700 ] LOSS   15 turns   allmight, gojo, mami  vs  semiramis, nagisa, sakura
Applying bleed effect! Checking special code
Applying bleed effect! Checking special code
[ 319/700 ] LOSS   22 turns   allmight, hashirama, horohoro  vs  impmon, rengoku, boruto
[ 320/700 ] WIN    26 turns   allmight, genos, broly  vs  todoroki, semiramis, tamaki
Applying bleed effect! Checking special code
Applying bleed effect! Checking special code
Applying bleed effect! Checking special code
Applying bleed effect! Checking special code
[ 321/700 ] WIN    30 turns   allmight, rengoku, edward  vs  toji, korra, tokoyami
[ 322/700 ] WIN    27 turns   allmight, soul, hashirama  vs  jinwoo, kuroko, adam
[ 323/700 ] DRAW  500 turns   allmight, blackwargreymon, death  vs  nonon, jesse, muichiro
[ 324/700 ] LOSS   16 turns   allmight, touka, uranus  vs  squalo, luffy, mami
[ 325/700 ] WIN    16 turns   allmight, touka, mash  vs  todoroki, lyserg, ganta
Applying bleed effect! Checking special code
Applying bleed effect! Checking special code
Applying bleed effect! Checking special code
Applying bleed effect! Checking special code
Applying bleed effect! Checking special code
[ 326/700 ] WIN    17 turns   allmight, satsuki, death  vs  ken, sakura, ganta
[ 327/700 ] LOSS   18 turns   allmight, squalo, lucy  vs  cell, ladydevimon, satsuki
Applying bleed effect! Checking special code
Applying bleed effect! Checking special code
Applying bleed effect! Checking special code
Applying bleed effect! Checking special code
[ 328/700 ] LOSS   24 turns   allmight, esdeath, gilgamesh  vs  ichigo, broly, ken
[ 329/700 ] LOSS   22 turns   allmight, tatsumi, yoh  vs  mars, tamaki, sheele
[ 330/700 ] LOSS   18 turns   allmight, shinra, mars  vs  blackwargreymon, toga, gatomon
[ 331/700 ] LOSS   18 turns   allmight, emiya, frieren  vs  crona, ichibe, jupiter
[ 332/700 ] LOSS   17 turns   allmight, gallantmon, sasuke  vs  jinwoo, venus, naruto
[ 333/700 ] LOSS   17 turns   allmight, orihime, jack  vs  neferpitou, zoro, cell
[ 334/700 ] LOSS   16 turns   allmight, ganta, hibari  vs  alphonse, gunha, jinwoo
[ 335/700 ] WIN    20 turns   allmight, jaden, genos  vs  blackwargreymon, uraraka, machinedramon
[ 336/700 ] WIN    21 turns   allmight, marco, killua  vs  emiya, ban, yubel
[ 337/700 ] LOSS   23 turns   allmight, aiohto, frieren  vs  lizandpatty, veldora, orihime
[ 338/700 ] LOSS   13 turns   allmight, inuyasha, esdeath  vs  mine, zenitsu, neferpitou
[ 339/700 ] LOSS   27 turns   allmight, zenitsu, lizandpatty  vs  sheele, tamaki, blackstar
[ 340/700 ] LOSS   20 turns   allmight, nel, yoh  vs  gon, gray, natsu
[ 341/700 ] LOSS    9 turns   allmight, ryohei, toji  vs  kitara, touka, frankenstein
[ 342/700 ] LOSS   18 turns   allmight, todoroki, byakuya  vs  rimuru, aiohto, sayaka
[ 343/700 ] LOSS   12 turns   allmight, tamaki, tanjiro  vs  killua, madoka, rimuru
[ 344/700 ] LOSS   27 turns   allmight, pegasus, esdeath  vs  aiohto, lyserg, tamaki
[ 345/700 ] WIN    17 turns   allmight, sukuna, eren  vs  yubel, pegasus, gunha
[ 346/700 ] LOSS   15 turns   allmight, saturn, ban  vs  mami, asta, ryohei
[ 347/700 ] LOSS   24 turns   allmight, jesse, pegasus  vs  tatsumi, toph, mars
[ 348/700 ] LOSS   18 turns   allmight, saber, natsu  vs  akame, sukuna, arthur
Applying bleed effect! Checking special code
[ 349/700 ] WIN    20 turns   allmight, mine, tsubasa  vs  ichigo, rakko, emiyaarcher
[ 350/700 ] LOSS   25 turns   allmight, jinwoo, yoh  vs  jesse, hibari, asta
[ 351/700 ] LOSS   25 turns   allmight, tsubaki, gojo  vs  myotismon, ganta, machinedramon
Applying bleed effect! Checking special code
Applying bleed effect! Checking special code
[ 352/700 ] LOSS   20 turns   allmight, ace, koro  vs  frankenstein, power, satsuki
[ 353/700 ] LOSS   24 turns   allmight, toji, levi  vs  gojo, gatomon, chrome
[ 354/700 ] LOSS   18 turns   allmight, maka, kitara  vs  emiyaarcher, madoka, yuno
[ 355/700 ] LOSS   20 turns   allmight, jupiter, orihime  vs  natsu, venus, tatsumi
[ 356/700 ] LOSS   19 turns   allmight, jeanne, emiyaarcher  vs  kuroko, maka, nonon
Applying bleed effect! Checking special code
Applying bleed effect! Checking special code
Applying bleed effect! Checking special code
Applying bleed effect! Checking special code
[ 357/700 ] WIN    20 turns   allmight, emiya, neferpitou  vs  gallantmon, power, horohoro
[ 358/700 ] WIN    24 turns   allmight, emiyaarcher, inuyasha  vs  arthur, semiramis, yuji
[ 359/700 ] WIN    22 turns   allmight, broly, minene  vs  veldora, hawkmon, nobara
[ 360/700 ] WIN    28 turns   allmight, touka, cell  vs  broly, lizandpatty, toudou
[ 361/700 ] WIN    36 turns   allmight, gatomon, yamamoto  vs  aang, toph, shinoa
[ 362/700 ] LOSS   20 turns   allmight, arthur, venus  vs  sheele, genos, yugi
[ 363/700 ] LOSS   12 turns   allmight, saitama, nagisa  vs  tsunayoshi, frankenstein, nel
[ 364/700 ] LOSS   16 turns   allmight, gatomon, orihime  vs  erza, inuyasha, ace
[ 365/700 ] WIN    16 turns   allmight, gon, inuyasha  vs  itachi, ryuko, kuroko
[ 366/700 ] LOSS   17 turns   allmight, soul, kid  vs  jesse, ladydevimon, hisoka
[ 367/700 ] LOSS   20 turns   allmight, machinedramon, jupiter  vs  aiohto, ichibe, mikasa
[ 368/700 ] LOSS   13 turns   allmight, jinwoo, toudou  vs  mash, uranus, itachi
[ 369/700 ] LOSS   23 turns   allmight, eren, hibari  vs  gunha, yubel, blackwargreymon
[ 370/700 ] LOSS   21 turns   allmight, uzui, toji  vs  halibel, uraraka, luffy
[ 371/700 ] LOSS   17 turns   allmight, usopp, toph  vs  neferpitou, chrome, rimuru
[ 372/700 ] WIN    17 turns   allmight, rob, nagisa  vs  meliodas, toga, asta
[ 373/700 ] LOSS   24 turns   allmight, koro, gasai  vs  gojo, xanxus, zoro
Applying bleed effect! Checking special code
[ 374/700 ] WIN    14 turns   allmight, adam, alphamon  vs  hawkmon, rakko, erza
[ 375/700 ] LOSS   20 turns   allmight, ichigo, todoroki  vs  natsu, zenitsu, gilgamesh
[ 376/700 ] WIN    20 turns   allmight, ichibe, gasai  vs  toji, tsubaki, nobara
[ 377/700 ] LOSS   24 turns   allmight, maka, noelle  vs  machinedramon, gogeta, ryuko
[ 378/700 ] WIN    23 turns   allmight, jack, gray  vs  ganta, jesse, gon
[ 379/700 ] WIN    15 turns   allmight, madoka, gunha  vs  saitama, omnimon, squalo
[ 380/700 ] WIN    22 turns   allmight, nimaiya, yuno  vs  shokuhou, ganta, midoriya
[ 381/700 ] WIN    20 turns   allmight, seventeen, mavis  vs  tatsumaki, uzui, marco
[ 382/700 ] LOSS   15 turns   allmight, xanxus, lyserg  vs  toga, sukuna, rob
[ 383/700 ] LOSS   49 turns   allmight, goku, orihime  vs  korra, mami, nel
Applying bleed effect! Checking special code
Applying bleed effect! Checking special code
[ 384/700 ] WIN    35 turns   allmight, jupiter, denji  vs  tatsumi, gogeta, koro
[ 385/700 ] WIN    30 turns   allmight, nimaiya, itachi  vs  yuno, jaden, tokoyami
[ 386/700 ] LOSS   15 turns   allmight, sukuna, horohoro  vs  megumi, aang, tsunayoshi
[ 387/700 ] WIN    20 turns   allmight, midoriya, hashirama  vs  gatomon, marco, sukuna
Applying bleed effect! Checking special code
Applying bleed effect! Checking special code
Applying bleed effect! Checking special code
Applying bleed effect! Checking special code
Applying bleed effect! Checking special code
Applying bleed effect! Checking special code
Applying bleed effect! Checking special code
Applying bleed effect! Checking special code
Applying bleed effect! Checking special code
Applying bleed effect! Checking special code
Applying bleed effect! Checking special code
Applying bleed effect! Checking special code
Applying bleed effect! Checking special code
Applying bleed effect! Checking special code
Applying bleed effect! Checking special code
Applying bleed effect! Checking special code
Applying bleed effect! Checking special code
[ 388/700 ] LOSS   16 turns   allmight, kitara, sukuna  vs  hawkmon, toph, king
[ 389/700 ] WIN    25 turns   allmight, ban, satsuki  vs  tsunayoshi, uraraka, minene
[ 390/700 ] LOSS   38 turns   allmight, seventeen, jaden  vs  cooler, nel, alphonse
Applying bleed effect! Checking special code
Applying bleed effect! Checking special code
Applying bleed effect! Checking special code
Applying bleed effect! Checking special code
[ 391/700 ] LOSS   15 turns   allmight, nobara, akame  vs  gilgamesh, gallantmon, inosuke
[ 392/700 ] LOSS   24 turns   allmight, korra, gon  vs  mercury, eren, gogeta
[ 393/700 ] LOSS   23 turns   allmight, sayaka, kurapika  vs  venus, noelle, genos
[ 394/700 ] WIN    16 turns   allmight, mine, renamon  vs  uraraka, byakuya, sukuna
[ 395/700 ] LOSS   33 turns   allmight, emiyaarcher, chrome  vs  yugi, broly, yuno
[ 396/700 ] LOSS   15 turns   allmight, diane, mavis  vs  death, sheele, bakugo
[ 397/700 ] LOSS   18 turns   allmight, tsuyu, lyserg  vs  ryuko, kurapika, vegeta
Applying bleed effect! Checking special code
Applying bleed effect! Checking special code
Applying bleed effect! Checking special code
[ 398/700 ] WIN    59 turns   allmight, diane, gilgamesh  vs  emiya, rob, broly
Applying bleed effect! Checking special code
Applying bleed effect! Checking special code
[ 399/700 ] LOSS   16 turns   allmight, byakuya, toga  vs  jupiter, inosuke, itachi
Yubel's S1 Triggered!
Yubel's S1 Triggered!
Yubel's S1 Triggered!
[ 400/700 ] WIN    16 turns   allmight, midoriya, byakuya  vs  yubel, toudou, mami
[ 401/700 ] LOSS   25 turns   allmight, sheele, chrome  vs  megumi, ladydevimon, veldora
Applying bleed effect! Checking special code
Applying bleed effect! Checking special code
Applying bleed effect! Checking special code
Applying bleed effect! Checking special code
[ 402/700 ] WIN    31 turns   allmight, gallantmon, pegasus  vs  megumi, midoriya, ken
[ 403/700 ] LOSS   12 turns   allmight, genos, erza  vs  ichigo, yubel, esdeath
[ 404/700 ] LOSS   28 turns   allmight, muichiro, squalo  vs  toga, death, saitama
[ 405/700 ] LOSS   21 turns   allmight, venus, yamamoto  vs  kuroko, machinedramon, genos
[ 406/700 ] LOSS   17 turns   allmight, gon, yuno  vs  hashirama, ladydevimon, usopp
Yubel's S1 Triggered!
[ 407/700 ] LOSS   19 turns   allmight, yubel, noelle  vs  death, frankenstein, edward
Applying bleed effect! Checking special code
Applying bleed effect! Checking special code
Yubel's S1 Triggered!
Applying bleed effect! Checking special code
Applying bleed effect! Checking special code
Applying bleed effect! Checking special code
[ 408/700 ] LOSS   19 turns   allmight, luffy, yubel  vs  king, itachi, yuno
[ 409/700 ] LOSS   13 turns   allmight, hawkmon, ganta  vs  saitama, jupiter, ace
Applying bleed effect! Checking special code
Applying bleed effect! Checking special code
Applying bleed effect! Checking special code
Applying bleed effect! Checking special code
Applying bleed effect! Checking special code
Applying bleed effect! Checking special code
Applying bleed effect! Checking special code
Applying bleed effect! Checking special code
[ 410/700 ] WIN    19 turns   allmight, ken, saber  vs  ace, koro, meliodas
[ 411/700 ] WIN    31 turns   allmight, maka, tsubaki  vs  naruto, ryuko, toudou
[ 412/700 ] LOSS   55 turns   allmight, ryohei, orihime  vs  alphamon, gohan, genos
Applying bleed effect! Checking special code
Applying bleed effect! Checking special code
[ 413/700 ] LOSS   26 turns   allmight, midoriya, levi  vs  mercury, ryohei, rengoku
[ 414/700 ] LOSS   21 turns   allmight, boruto, meliodas  vs  ban, renamon, killua
Applying bleed effect! Checking special code
Applying bleed effect! Checking special code
Applying bleed effect! Checking special code
Applying bleed effect! Checking special code
[ 415/700 ] LOSS   22 turns   allmight, itachi, toji  vs  tsunayoshi, denji, mikasa
[ 416/700 ] LOSS   13 turns   allmight, yuno, soul  vs  touka, rob, gunha
[ 417/700 ] WIN    22 turns   allmight, kid, esdeath  vs  midoriya, misaka, tsubaki
[ 418/700 ] WIN    11 turns   allmight, usopp, mash  vs  asta, horohoro, adam
[ 419/700 ] WIN    18 turns   allmight, usopp, sheele  vs  megumin, ace, shokuhou
[ 420/700 ] WIN    18 turns   allmight, gogeta, genos  vs  cooler, toji, usopp
[ 421/700 ] WIN    42 turns   allmight, uranus, lucy  vs  semiramis, tsunayoshi, alphonse
[ 422/700 ] LOSS   25 turns   allmight, hashirama, sasuke  vs  toga, hibari, mavis
Applying bleed effect! Checking special code
[ 423/700 ] WIN    18 turns   allmight, aiohto, frieren  vs  yuji, maka, power
[ 424/700 ] LOSS   18 turns   allmight, kurapika, tatsumaki  vs  soul, yuji, zoro
[ 425/700 ] LOSS   20 turns   allmight, touka, yuji  vs  muichiro, asta, impmon
[ 426/700 ] LOSS   13 turns   allmight, shokuhou, kid  vs  saber, seventeen, mine
[ 427/700 ] WIN    21 turns   allmight, arthur, nagisa  vs  nel, mami, blackwargreymon
[ 428/700 ] WIN    18 turns   allmight, toga, alphamon  vs  kuroko, jesse, gohan
[ 429/700 ] WIN    25 turns   allmight, mars, saber  vs  blackstar, touka, sasuke
[ 430/700 ] LOSS   14 turns   allmight, sasuke, frieren  vs  crona, astolfo, hisoka
Applying bleed effect! Checking special code
Applying bleed effect! Checking special code
[ 431/700 ] WIN    54 turns   allmight, astolfo, natsu  vs  denji, toji, emiya
[ 432/700 ] LOSS   18 turns   allmight, inuyasha, zoro  vs  cooler, hashirama, jesse
[ 433/700 ] LOSS   21 turns   allmight, arthur, todoroki  vs  natsu, neferpitou, satsuki
[ 434/700 ] LOSS   17 turns   allmight, kitara, goku  vs  semiramis, halibel, gray
[ 435/700 ] LOSS   16 turns   allmight, ryohei, bakugo  vs  saber, zenitsu, renamon
[ 436/700 ] LOSS   14 turns   allmight, jinwoo, goku  vs  toudou, sayaka, genos
[ 437/700 ] LOSS   39 turns   allmight, sukuna, kaiba  vs  erza, veldora, rob
[ 438/700 ] LOSS   22 turns   allmight, halibel, nobara  vs  jupiter, tatsumi, machinedramon
[ 439/700 ] LOSS   27 turns   allmight, alphonse, saber  vs  muichiro, jaden, frankenstein
[ 440/700 ] LOSS   21 turns   allmight, nobara, madoka  vs  arthur, nezuko, shinra
[ 441/700 ] LOSS   27 turns   allmight, eren, arthur  vs  bakugo, renamon, usopp
Applying bleed effect! Checking special code
Applying bleed effect! Checking special code
Applying bleed effect! Checking special code
Applying bleed effect! Checking special code
Applying bleed effect! Checking special code
Applying bleed effect! Checking special code
Applying bleed effect! Checking special code
[ 442/700 ] LOSS   15 turns   allmight, soul, killua  vs  ken, nonon, shokuhou
[ 443/700 ] LOSS   16 turns   allmight, uranus, machinedramon  vs  toudou, toji, rob
[ 444/700 ] WIN    20 turns   allmight, vegeta, aiohto  vs  korra, sukuna, satsuki
[ 445/700 ] WIN    24 turns   allmight, horohoro, jinwoo  vs  jesse, shokuhou, cooler
[ 446/700 ] WIN    14 turns   allmight, misaka, marco  vs  aiohto, impmon, astolfo
[ 447/700 ] WIN    38 turns   allmight, halibel, rakko  vs  korra, maka, gatomon
[ 448/700 ] WIN    27 turns   allmight, rimuru, eren  vs  toga, crona, gunha
[ 449/700 ] WIN    16 turns   allmight, ichigo, sheele  vs  zoro, sukuna, jupiter
Applying bleed effect! Checking special code
Applying bleed effect! Checking special code
Applying bleed effect! Checking special code
Applying bleed effect! Checking special code
[ 450/700 ] LOSS   26 turns   allmight, diane, sheele  vs  venus, yuji, rakko
[ 451/700 ] WIN    39 turns   allmight, uraraka, renamon  vs  omnimon, yuno, nel
[ 452/700 ] WIN    24 turns   allmight, broly, zoro  vs  veldora, mars, saitama
[ 453/700 ] WIN    11 turns   allmight, meliodas, mine  vs  maka, blackwargreymon, luffy
Applying bleed effect! Checking special code
Applying bleed effect! Checking special code
[ 454/700 ] WIN    24 turns   allmight, tatsumi, power  vs  gallantmon, cooler, hisoka
[ 455/700 ] LOSS   17 turns   allmight, death, tsubaki  vs  tsuyu, mine, tokoyami
[ 456/700 ] LOSS   25 turns   allmight, nagisa, bakugo  vs  kurotsuchi, machinedramon, nonon
[ 457/700 ] WIN    36 turns   allmight, yuji, marco  vs  impmon, mine, arthur
[ 458/700 ] LOSS   15 turns   allmight, machinedramon, saitama  vs  venus, uranus, ladydevimon
[ 459/700 ] LOSS   37 turns   allmight, hawkmon, yugi  vs  sheele, omnimon, impmon
[ 460/700 ] WIN    16 turns   allmight, alphamon, ryuko  vs  yuno, mami, mine
[ 461/700 ] WIN    29 turns   allmight, touka, jinwoo  vs  korra, tamaki, usopp
[ 462/700 ] WIN    28 turns   allmight, gojo, cooler  vs  byakuya, minene, hisoka
[ 463/700 ] WIN   299 turns   allmight, jesse, jeanne  vs  chrome, yugi, gohan
[ 464/700 ] LOSS   59 turns   allmight, kuroko, arthur  vs  hisoka, machinedramon, zoro
[ 465/700 ] LOSS   18 turns   allmight, cell, levi  vs  frankenstein, zenitsu, gon
[ 466/700 ] WIN    15 turns   allmight, mash, nimaiya  vs  tsuyu, saber, ryuko
Applying bleed effect! Checking special code
Applying bleed effect! Checking special code
Applying bleed effect! Checking special code
Applying bleed effect! Checking special code
[ 467/700 ] LOSS   18 turns   allmight, rengoku, todoroki  vs  ban, killua, sakura
[ 468/700 ] WIN    18 turns   allmight, luffy, inuyasha  vs  saber, hibari, emiya
[ 469/700 ] LOSS   22 turns   allmight, orihime, toji  vs  saber, nezuko, ace
Applying bleed effect! Checking special code
Applying bleed effect! Checking special code
Applying bleed effect! Checking special code
Applying bleed effect! Checking special code
Applying bleed effect! Checking special code
Applying bleed effect! Checking special code
[ 470/700 ] WIN    23 turns   allmight, gallantmon, broly  vs  tatsumaki, killua, ken
[ 471/700 ] LOSS   26 turns   allmight, omnimon, yuno  vs  saitama, byakuya, satsuki
[ 472/700 ] LOSS   13 turns   allmight, usopp, inuyasha  vs  machinedramon, zenitsu, ladydevimon
[ 473/700 ] WIN    15 turns   allmight, asta, sayaka  vs  muichiro, machinedramon, gohan
[ 474/700 ] LOSS   17 turns   allmight, natsu, sasuke  vs  toudou, ichibe, vegeta
Applying bleed effect! Checking special code
Applying bleed effect! Checking special code
Applying bleed effect! Checking special code
Applying bleed effect! Checking special code
[ 475/700 ] WIN    17 turns   allmight, tokoyami, kurapika  vs  jinwoo, rengoku, ken
[ 476/700 ] WIN    33 turns   allmight, megumin, mars  vs  mercury, squalo, adam
[ 477/700 ] LOSS   20 turns   allmight, megumin, emiyaarcher  vs  mikasa, soul, impmon
Applying bleed effect! Checking special code
Applying bleed effect! Checking special code
Applying bleed effect! Checking special code
Applying bleed effect! Checking special code
Applying bleed effect! Checking special code
Applying bleed effect! Checking special code
[ 478/700 ] LOSS   20 turns   allmight, sakura, lyserg  vs  soul, noelle, king
[ 479/700 ] WIN    16 turns   allmight, esdeath, alphamon  vs  nonon, mami, death
[ 480/700 ] LOSS   17 turns   allmight, koro, frankenstein  vs  jaden, noelle, arthur
[ 481/700 ] LOSS   19 turns   allmight, nezuko, squalo  vs  shiro, eren, inuyasha
[ 482/700 ] LOSS   37 turns   allmight, broly, shokuhou  vs  boruto, denji, kitara
[ 483/700 ] WIN    26 turns   allmight, toph, tatsumi  vs  uzui, megumin, jeanne
[ 484/700 ] WIN    24 turns   allmight, kuroko, blackstar  vs  pegasus, uraraka, sakura
Yubel's S1 Triggered!
[ 485/700 ] LOSS   28 turns   allmight, frankenstein, jesse  vs  emiyaarcher, yubel, chrome
[ 486/700 ] LOSS   31 turns   allmight, nobara, tatsumaki  vs  toudou, kitara, mavis
[ 487/700 ] LOSS   18 turns   allmight, vegeta, kid  vs  myotismon, mash, tokoyami
[ 488/700 ] WIN    39 turns   allmight, usopp, frieren  vs  squalo, tsunayoshi, orihime
[ 489/700 ] LOSS   24 turns   allmight, muichiro, yamamoto  vs  korra, gojo, frankenstein
[ 490/700 ] LOSS   25 turns   allmight, natsu, rimuru  vs  orihime, pegasus, genos
Applying bleed effect! Checking special code
Applying bleed effect! Checking special code
Applying bleed effect! Checking special code
Applying bleed effect! Checking special code
Applying bleed effect! Checking special code
[ 491/700 ] LOSS   15 turns   allmight, inuyasha, levi  vs  tatsumi, sheele, ken
[ 492/700 ] WIN    21 turns   allmight, tokoyami, nel  vs  xanxus, halibel, gunha
[ 493/700 ] WIN    24 turns   allmight, blackwargreymon, impmon  vs  gogeta, lucy, toga
[ 494/700 ] LOSS   20 turns   allmight, maka, adam  vs  kuroko, pegasus, neferpitou
[ 495/700 ] WIN    27 turns   allmight, tatsumi, yuji  vs  muichiro, nonon, hinata
Applying bleed effect! Checking special code
Applying bleed effect! Checking special code
Applying bleed effect! Checking special code
[ 496/700 ] LOSS   25 turns   allmight, hashirama, ken  vs  yuji, nimaiya, chrome
Applying bleed effect! Checking special code
Applying bleed effect! Checking special code
[ 497/700 ] WIN    30 turns   allmight, toudou, eren  vs  gallantmon, denji, inuyasha
[ 498/700 ] WIN    24 turns   allmight, uraraka, ladydevimon  vs  gilgamesh, misaka, yugi
Applying bleed effect! Checking special code
Applying bleed effect! Checking special code
Applying bleed effect! Checking special code
Applying bleed effect! Checking special code
Applying bleed effect! Checking special code
Applying bleed effect! Checking special code
Applying bleed effect! Checking special code
[ 499/700 ] LOSS   13 turns   allmight, gallantmon, kurapika  vs  king, shinra, hinata
[ 500/700 ] WIN    18 turns   allmight, touka, alphamon  vs  gilgamesh, cooler, uzui
[ 501/700 ] WIN    20 turns   allmight, hisoka, uranus  vs  blackstar, touka, meliodas
[ 502/700 ] LOSS   16 turns   allmight, arthur, sakura  vs  kuroko, muichiro, ganta
Applying bleed effect! Checking special code
Applying bleed effect! Checking special code
Applying bleed effect! Checking special code
[ 503/700 ] LOSS   22 turns   allmight, myotismon, diane  vs  inosuke, alphonse, nagisa
[ 504/700 ] LOSS   18 turns   allmight, tanjiro, seventeen  vs  ichigo, emiya, sukuna
[ 505/700 ] LOSS   17 turns   allmight, kid, genos  vs  ace, gon, jupiter
[ 506/700 ] WIN    45 turns   allmight, luffy, edward  vs  tatsumi, todoroki, arthur
[ 507/700 ] LOSS   34 turns   allmight, nel, sasuke  vs  tsunayoshi, tatsumaki, eren
[ 508/700 ] LOSS   20 turns   allmight, arthur, erza  vs  toudou, esdeath, gatomon
[ 509/700 ] LOSS   24 turns   allmight, tamaki, toph  vs  esdeath, kurapika, broly
[ 510/700 ] LOSS   16 turns   allmight, madoka, toga  vs  asta, kitara, koro
Applying bleed effect! Checking special code
Applying bleed effect! Checking special code
Applying bleed effect! Checking special code
Applying bleed effect! Checking special code
Applying bleed effect! Checking special code
[ 511/700 ] WIN    16 turns   allmight, ken, nonon  vs  adam, renamon, touka
Applying bleed effect! Checking special code
Applying bleed effect! Checking special code
Applying bleed effect! Checking special code
Applying bleed effect! Checking special code
Applying bleed effect! Checking special code
[ 512/700 ] LOSS   28 turns   allmight, orihime, jinwoo  vs  king, shokuhou, eren
[ 513/700 ] LOSS   31 turns   allmight, uzui, saitama  vs  kuroko, alphonse, genos
[ 514/700 ] LOSS   21 turns   allmight, erza, gohan  vs  jinwoo, asta, uraraka
[ 515/700 ] LOSS   16 turns   allmight, jinwoo, xanxus  vs  gunha, yugi, erza
Applying bleed effect! Checking special code
Applying bleed effect! Checking special code
[ 516/700 ] WIN    24 turns   allmight, rakko, venus  vs  maka, diane, lyserg
Applying bleed effect! Checking special code
[ 517/700 ] LOSS   18 turns   allmight, horohoro, pegasus  vs  hawkmon, misaka, rakko
Applying bleed effect! Checking special code
[ 518/700 ] WIN    28 turns   allmight, asta, nagisa  vs  gunha, power, orihime
[ 519/700 ] LOSS   10 turns   allmight, yoh, touka  vs  lizandpatty, esdeath, meliodas
[ 520/700 ] LOSS   23 turns   allmight, mami, zoro  vs  madoka, boruto, mikasa
[ 521/700 ] LOSS   15 turns   allmight, yuji, goku  vs  ichibe, genos, nezuko
Applying bleed effect! Checking special code
Applying bleed effect! Checking special code
[ 522/700 ] LOSS   14 turns   allmight, nimaiya, impmon  vs  rengoku, asta, nagisa
[ 523/700 ] WIN    22 turns   allmight, gunha, uraraka  vs  venus, gogeta, blackwargreymon
Yubel's S1 Triggered!
[ 524/700 ] LOSS   16 turns   allmight, inuyasha, tatsumaki  vs  veldora, yubel, kuroko
[ 525/700 ] WIN    18 turns   allmight, cooler, horohoro  vs  saitama, toph, ryohei
[ 526/700 ] LOSS   23 turns   allmight, aiohto, esdeath  vs  sheele, cell, tsubaki
[ 527/700 ] LOSS   17 turns   allmight, rob, luffy  vs  uranus, gasai, yugi
[ 528/700 ] LOSS   19 turns   allmight, mami, asta  vs  naruto, mercury, nimaiya
Applying bleed effect! Checking special code
Applying bleed effect! Checking special code
Applying bleed effect! Checking special code
Applying bleed effect! Checking special code
Applying bleed effect! Checking special code
Applying bleed effect! Checking special code
Applying bleed effect! Checking special code
[ 529/700 ] LOSS   21 turns   allmight, ace, toph  vs  diane, rengoku, bakugo
[ 530/700 ] WIN    24 turns   allmight, minene, mash  vs  halibel, megumin, jesse
[ 531/700 ] LOSS   15 turns   allmight, broly, toga  vs  yugi, tanjiro, eren
Applying bleed effect! Checking special code
[ 532/700 ] LOSS   23 turns   allmight, nobara, madoka  vs  asta, gojo, denji
[ 533/700 ] LOSS   17 turns   allmight, saber, minene  vs  sasuke, cooler, jack
[ 534/700 ] WIN    22 turns   allmight, pegasus, touka  vs  tatsumi, gatomon, alphonse
[ 535/700 ] LOSS   20 turns   allmight, tokoyami, toji  vs  tatsumaki, luffy, chrome
[ 536/700 ] WIN    21 turns   allmight, shinra, boruto  vs  gogeta, cell, inuyasha
Applying bleed effect! Checking special code
Applying bleed effect! Checking special code
Applying bleed effect! Checking special code
[ 537/700 ] LOSS   17 turns   allmight, lizandpatty, rengoku  vs  nezuko, uraraka, todoroki
[ 538/700 ] LOSS   22 turns   allmight, toga, levi  vs  chrome, kurotsuchi, gallantmon
Applying bleed effect! Checking special code
[ 539/700 ] WIN    29 turns   allmight, inosuke, alphamon  vs  jaden, emiyaarcher, levi
[ 540/700 ] LOSS   24 turns   allmight, pegasus, arthur  vs  gasai, mikasa, zenitsu
[ 541/700 ] LOSS   21 turns   allmight, renamon, gatomon  vs  eren, saitama, kuroko
[ 542/700 ] WIN    20 turns   allmight, crona, pegasus  vs  todoroki, tanjiro, nonon
[ 543/700 ] LOSS   24 turns   allmight, ganta, saturn  vs  lizandpatty, esdeath, blackstar
Applying bleed effect! Checking special code
Applying bleed effect! Checking special code
[ 544/700 ] LOSS   24 turns   allmight, cell, rengoku  vs  ban, uraraka, toph
[ 545/700 ] LOSS   20 turns   allmight, chrome, yuji  vs  jinwoo, neferpitou, semiramis
[ 546/700 ] LOSS   26 turns   allmight, yamamoto, inuyasha  vs  renamon, jesse, jupiter
[ 547/700 ] LOSS   26 turns   allmight, rimuru, inuyasha  vs  nagisa, yoh, sheele
[ 548/700 ] WIN    20 turns   allmight, hibari, kuroko  vs  gunha, mami, noelle
[ 549/700 ] LOSS   20 turns   allmight, adam, omnimon  vs  toph, gojo, hisoka
[ 550/700 ] LOSS   17 turns   allmight, saber, shiro  vs  neferpitou, uraraka, renamon
[ 551/700 ] LOSS   19 turns   allmight, nonon, tsubaki  vs  mercury, kid, saitama
[ 552/700 ] WIN    47 turns   allmight, todoroki, crona  vs  esdeath, arthur, death
[ 553/700 ] LOSS   12 turns   allmight, hashirama, lyserg  vs  megumi, satsuki, gasai
Applying bleed effect! Checking special code
[ 554/700 ] LOSS   21 turns   allmight, inosuke, yoh  vs  kurotsuchi, alphamon, esdeath
[ 555/700 ] WIN    32 turns   allmight, luffy, sheele  vs  frankenstein, byakuya, hashirama
Applying bleed effect! Checking special code
[ 556/700 ] WIN    21 turns   allmight, saturn, nimaiya  vs  gatomon, power, bakugo
[ 557/700 ] LOSS   23 turns   allmight, ryuko, astolfo  vs  ladydevimon, lizandpatty, megumin
[ 558/700 ] LOSS   17 turns   allmight, broly, renamon  vs  aiohto, aang, squalo
[ 559/700 ] WIN    18 turns   allmight, adam, aang  vs  nagisa, misaka, nonon
[ 560/700 ] WIN    21 turns   allmight, sakura, gohan  vs  tsubaki, uranus, shokuhou
[ 561/700 ] LOSS   28 turns   allmight, mami, pegasus  vs  marco, naruto, nonon
[ 562/700 ] WIN    29 turns   allmight, alphonse, hinata  vs  meliodas, emiya, muichiro
[ 563/700 ] WIN    36 turns   allmight, tsubasa, kid  vs  killua, alphamon, death
[ 564/700 ] WIN    22 turns   allmight, impmon, venus  vs  squalo, sheele, aang
[ 565/700 ] LOSS   19 turns   allmight, yubel, astolfo  vs  mavis, jesse, orihime
[ 566/700 ] LOSS   17 turns   allmight, veldora, toudou  vs  neferpitou, erza, akame
[ 567/700 ] LOSS   72 turns   allmight, eren, mine  vs  asta, yoh, orihime
[ 568/700 ] LOSS   17 turns   allmight, tatsumaki, nonon  vs  sayaka, byakuya, zoro
[ 569/700 ] LOSS   22 turns   allmight, esdeath, yamamoto  vs  todoroki, asta, gunha
Applying bleed effect! Checking special code
Applying bleed effect! Checking special code
[ 570/700 ] WIN    21 turns   allmight, marco, inosuke  vs  uzui, yubel, naruto
Applying bleed effect! Checking special code
Applying bleed effect! Checking special code
Applying bleed effect! Checking special code
Applying bleed effect! Checking special code
Applying bleed effect! Checking special code
Applying bleed effect! Checking special code
[ 571/700 ] LOSS   17 turns   allmight, meliodas, muichiro  vs  rengoku, marco, gilgamesh
[ 572/700 ] LOSS   15 turns   allmight, myotismon, rimuru  vs  yugi, gohan, omnimon
[ 573/700 ] WIN    18 turns   allmight, mercury, yuji  vs  adam, gallantmon, astolfo
Applying bleed effect! Checking special code
Applying bleed effect! Checking special code
[ 574/700 ] WIN    16 turns   allmight, alphamon, yoh  vs  rakko, luffy, zenitsu
[ 575/700 ] WIN    17 turns   allmight, kid, tsubasa  vs  goku, frankenstein, pegasus
[ 576/700 ] LOSS   16 turns   allmight, gohan, lucy  vs  yoh, saturn, inuyasha
[ 577/700 ] LOSS   20 turns   allmight, toji, zenitsu  vs  death, blackwargreymon, hibari
[ 578/700 ] LOSS   22 turns   allmight, lyserg, jack  vs  gohan, boruto, gallantmon
[ 579/700 ] LOSS   24 turns   allmight, hibari, pegasus  vs  jaden, naruto, uranus
[ 580/700 ] LOSS   14 turns   allmight, nobara, soul  vs  renamon, mars, xanxus
[ 581/700 ] WIN    26 turns   allmight, yuno, ladydevimon  vs  vegeta, tsubasa, mars
[ 582/700 ] LOSS   13 turns   allmight, todoroki, ryuko  vs  mars, sukuna, yuno
[ 583/700 ] LOSS   20 turns   allmight, tatsumi, tamaki  vs  uraraka, edward, satsuki
[ 584/700 ] LOSS   20 turns   allmight, usopp, tamaki  vs  nel, levi, naruto
[ 585/700 ] LOSS   26 turns   allmight, rimuru, lyserg  vs  adam, death, toudou
[ 586/700 ] WIN    20 turns   allmight, minene, gallantmon  vs  crona, gon, shinoa
[ 587/700 ] LOSS   27 turns   allmight, cell, myotismon  vs  ryuko, byakuya, killua
[ 588/700 ] LOSS   15 turns   allmight, midoriya, cooler  vs  nimaiya, frieren, tsuyu
[ 589/700 ] LOSS   30 turns   allmight, genos, jinwoo  vs  aiohto, nobara, cooler
[ 590/700 ] LOSS   19 turns   allmight, ichigo, frieren  vs  seventeen, gilgamesh, venus
[ 591/700 ] LOSS   14 turns   allmight, machinedramon, tatsumaki  vs  koro, tamaki, nimaiya
[ 592/700 ] LOSS   13 turns   allmight, hisoka, gasai  vs  semiramis, alphamon, akame
[ 593/700 ] LOSS   15 turns   allmight, gon, tatsumaki  vs  semiramis, gunha, blackstar
[ 594/700 ] LOSS   20 turns   allmight, aiohto, zenitsu  vs  bakugo, uraraka, gojo
[ 595/700 ] LOSS   21 turns   allmight, ichibe, uranus  vs  frankenstein, kaiba, gon
Applying bleed effect! Checking special code
Applying bleed effect! Checking special code
[ 596/700 ] LOSS   13 turns   allmight, denji, megumin  vs  madoka, kaiba, jack
[ 597/700 ] LOSS   13 turns   allmight, saber, jeanne  vs  satsuki, mine, ladydevimon
[ 598/700 ] WIN    14 turns   allmight, mavis, tanjiro  vs  impmon, chrome, renamon
[ 599/700 ] LOSS   17 turns   allmight, emiya, gon  vs  mavis, korra, xanxus
[ 600/700 ] LOSS   12 turns   allmight, nonon, impmon  vs  tsubaki, jack, luffy
Applying bleed effect! Checking special code
Applying bleed effect! Checking special code
Applying bleed effect! Checking special code
Applying bleed effect! Checking special code
Applying bleed effect! Checking special code
Applying bleed effect! Checking special code
Applying bleed effect! Checking special code
[ 601/700 ] WIN    23 turns   allmight, soul, luffy  vs  tokoyami, tsuyu, king
[ 602/700 ] WIN    35 turns   allmight, shinra, kurotsuchi  vs  tsubasa, sheele, edward
[ 603/700 ] LOSS   13 turns   allmight, tsuyu, halibel  vs  todoroki, blackwargreymon, erza
[ 604/700 ] LOSS   34 turns   allmight, yugi, levi  vs  orihime, tsuyu, jaden
[ 605/700 ] WIN    23 turns   allmight, blackstar, touka  vs  naruto, sheele, myotismon
[ 606/700 ] LOSS   18 turns   allmight, death, boruto  vs  alphamon, jeanne, pegasus
[ 607/700 ] LOSS   18 turns   allmight, broly, midoriya  vs  blackwargreymon, horohoro, lizandpatty
[ 608/700 ] LOSS   14 turns   allmight, emiyaarcher, sukuna  vs  itachi, genos, eren
Applying bleed effect! Checking special code
Applying bleed effect! Checking special code
[ 609/700 ] LOSS   17 turns   allmight, luffy, mikasa  vs  lizandpatty, esdeath, king
[ 610/700 ] LOSS   21 turns   allmight, mikasa, jinwoo  vs  killua, tamaki, shinoa
[ 611/700 ] WIN    28 turns   allmight, rakko, kuroko  vs  muichiro, soul, nezuko
Yubel's S1 Triggered!
[ 612/700 ] LOSS   32 turns   allmight, gatomon, akame  vs  uranus, yubel, lyserg
[ 613/700 ] LOSS   26 turns   allmight, satsuki, gallantmon  vs  jupiter, gunha, yamamoto
[ 614/700 ] WIN    34 turns   allmight, yoh, noelle  vs  jaden, mercury, soul
[ 615/700 ] LOSS   20 turns   allmight, inuyasha, squalo  vs  tsubaki, muichiro, alphonse
[ 616/700 ] WIN    24 turns   allmight, uzui, blackwargreymon  vs  impmon, kurotsuchi, hawkmon
[ 617/700 ] LOSS   22 turns   allmight, semiramis, shinoa  vs  toga, halibel, hashirama
[ 618/700 ] WIN    21 turns   allmight, hisoka, yugi  vs  mash, genos, yoh
[ 619/700 ] LOSS   24 turns   allmight, seventeen, bakugo  vs  muichiro, arthur, renamon
[ 620/700 ] WIN    21 turns   allmight, nimaiya, tatsumaki  vs  sayaka, death, adam
[ 621/700 ] LOSS   23 turns   allmight, edward, ganta  vs  naruto, touka, sakura
Applying bleed effect! Checking special code
Applying bleed effect! Checking special code
Applying bleed effect! Checking special code
[ 622/700 ] WIN    22 turns   allmight, aang, genos  vs  rob, denji, emiya
[ 623/700 ] LOSS   26 turns   allmight, lucy, genos  vs  aiohto, zenitsu, koro
Applying bleed effect! Checking special code
Applying bleed effect! Checking special code
Applying bleed effect! Checking special code
[ 624/700 ] LOSS   16 turns   allmight, rengoku, levi  vs  killua, mash, jack
[ 625/700 ] LOSS   19 turns   allmight, mash, renamon  vs  uraraka, levi, nonon
[ 626/700 ] LOSS   32 turns   allmight, jaden, usopp  vs  gon, toga, tsubaki
[ 627/700 ] LOSS   18 turns   allmight, todoroki, yoh  vs  lucy, muichiro, mikasa
[ 628/700 ] LOSS   26 turns   allmight, blackwargreymon, seventeen  vs  tsubasa, zenitsu, usopp
[ 629/700 ] WIN    30 turns   allmight, usopp, blackwargreymon  vs  sheele, crona, arthur
[ 630/700 ] LOSS   20 turns   allmight, nonon, gatomon  vs  eren, emiya, xanxus
[ 631/700 ] WIN    35 turns   allmight, cell, saitama  vs  veldora, toga, chrome
[ 632/700 ] LOSS   16 turns   allmight, megumi, hinata  vs  nonon, shinoa, jaden
Applying bleed effect! Checking special code
[ 633/700 ] WIN    33 turns   allmight, itachi, diane  vs  gunha, emiyaarcher, genos
[ 634/700 ] LOSS   16 turns   allmight, shinoa, gilgamesh  vs  saber, mash, vegeta
[ 635/700 ] WIN    27 turns   allmight, korra, satsuki  vs  yuno, yamamoto, gasai
[ 636/700 ] LOSS   15 turns   allmight, maka, xanxus  vs  killua, satsuki, gray
Applying bleed effect! Checking special code
Applying bleed effect! Checking special code
[ 637/700 ] LOSS   12 turns   allmight, killua, megumi  vs  ryuko, venus, king
[ 638/700 ] LOSS   18 turns   allmight, goku, aang  vs  sasuke, hashirama, sheele
[ 639/700 ] LOSS   13 turns   allmight, hibari, kid  vs  alphamon, renamon, maka
[ 640/700 ] WIN    24 turns   allmight, hisoka, neferpitou  vs  arthur, frieren, aang
Applying bleed effect! Checking special code
Applying bleed effect! Checking special code
Applying bleed effect! Checking special code
Applying bleed effect! Checking special code
[ 641/700 ] LOSS   13 turns   allmight, touka, hashirama  vs  jack, luffy, ken
[ 642/700 ] LOSS   17 turns   allmight, cooler, uranus  vs  xanxus, kurapika, mine
Applying bleed effect! Checking special code
Applying bleed effect! Checking special code
Applying bleed effect! Checking special code
Applying bleed effect! Checking special code
Applying bleed effect! Checking special code
Applying bleed effect! Checking special code
[ 643/700 ] LOSS   39 turns   allmight, natsu, diane  vs  tsubaki, rob, denji
[ 644/700 ] LOSS   20 turns   allmight, noelle, nagisa  vs  sukuna, blackstar, saitama
[ 645/700 ] LOSS   21 turns   allmight, kurotsuchi, madoka  vs  ganta, kuroko, shiro
[ 646/700 ] LOSS   22 turns   allmight, toga, tanjiro  vs  naruto, asta, gatomon
[ 647/700 ] WIN    21 turns   allmight, kurotsuchi, muichiro  vs  akame, genos, kitara
[ 648/700 ] LOSS   18 turns   allmight, uzui, mash  vs  touka, halibel, astolfo
[ 649/700 ] LOSS   47 turns   allmight, halibel, tsubasa  vs  blackwargreymon, hibari, marco
[ 650/700 ] LOSS   16 turns   allmight, ryuko, veldora  vs  toudou, alphonse, itachi
[ 651/700 ] WIN    19 turns   allmight, akame, madoka  vs  tatsumi, gon, kurapika
[ 652/700 ] LOSS   16 turns   allmight, usopp, emiya  vs  tanjiro, noelle, sukuna
[ 653/700 ] LOSS   17 turns   allmight, kuroko, byakuya  vs  megumin, emiya, hashirama
[ 654/700 ] WIN    16 turns   allmight, nagisa, gunha  vs  yubel, luffy, madoka
[ 655/700 ] LOSS   10 turns   allmight, madoka, noelle  vs  uzui, death, bakugo
[ 656/700 ] LOSS   38 turns   allmight, blackstar, semiramis  vs  natsu, xanxus, nimaiya
[ 657/700 ] LOSS   22 turns   allmight, touka, uranus  vs  jesse, hisoka, adam
[ 658/700 ] LOSS   23 turns   allmight, saitama, natsu  vs  kurapika, mami, diane
[ 659/700 ] LOSS   19 turns   allmight, tatsumaki, rob  vs  mikasa, levi, hawkmon
[ 660/700 ] LOSS   12 turns   allmight, erza, death  vs  yuno, halibel, alphamon
[ 661/700 ] WIN    19 turns   allmight, alphamon, emiyaarcher  vs  adam, xanxus, kurotsuchi
Applying bleed effect! Checking special code
Applying bleed effect! Checking special code
[ 662/700 ] LOSS   13 turns   allmight, ken, rimuru  vs  astolfo, touka, alphamon
[ 663/700 ] LOSS   12 turns   allmight, frankenstein, rengoku  vs  alphonse, vegeta, adam
[ 664/700 ] LOSS   31 turns   allmight, frieren, tsubaki  vs  rimuru, ichibe, korra
[ 665/700 ] LOSS   34 turns   allmight, semiramis, yugi  vs  nobara, inuyasha, marco
[ 666/700 ] WIN    24 turns   allmight, tokoyami, misaka  vs  inuyasha, hashirama, gallantmon
[ 667/700 ] LOSS   21 turns   allmight, tsubaki, saitama  vs  sayaka, erza, astolfo
[ 668/700 ] LOSS   16 turns   allmight, toga, omnimon  vs  cell, kid, uzui
[ 669/700 ] LOSS   17 turns   allmight, cooler, pegasus  vs  killua, hashirama, ace
[ 670/700 ] LOSS   14 turns   allmight, todoroki, uraraka  vs  ichibe, toji, halibel
[ 671/700 ] LOSS   25 turns   allmight, diane, natsu  vs  itachi, emiyaarcher, nagisa
[ 672/700 ] LOSS  460 turns   allmight, gilgamesh, mavis  vs  midoriya, minene, tsuyu
[ 673/700 ] LOSS   16 turns   allmight, jaden, nobara  vs  shinra, goku, hashirama
Applying bleed effect! Checking special code
Applying bleed effect! Checking special code
Applying bleed effect! Checking special code
Applying bleed effect! Checking special code
Applying bleed effect! Checking special code
Applying bleed effect! Checking special code
Applying bleed effect! Checking special code
[ 674/700 ] WIN    20 turns   allmight, diane, rakko  vs  mami, zoro, rimuru
[ 675/700 ] LOSS   27 turns   allmight, gogeta, tsuyu  vs  gojo, orihime, touka
[ 676/700 ] LOSS   22 turns   allmight, denji, jupiter  vs  halibel, natsu, blackstar
[ 677/700 ] LOSS   21 turns   allmight, kid, shokuhou  vs  saturn, sasuke, alphonse
[ 678/700 ] LOSS   19 turns   allmight, tokoyami, mami  vs  misaka, shokuhou, gilgamesh
Yubel's S1 Triggered!
[ 679/700 ] LOSS   16 turns   allmight, yubel, lyserg  vs  yuno, gasai, sayaka
[ 680/700 ] LOSS   19 turns   allmight, gunha, jack  vs  nonon, hashirama, jupiter
[ 681/700 ] WIN    30 turns   allmight, pegasus, mavis  vs  yuno, ichigo, midoriya
[ 682/700 ] LOSS   10 turns   allmight, madoka, tatsumaki  vs  ryohei, gogeta, touka
Applying bleed effect! Checking special code
Applying bleed effect! Checking special code
[ 683/700 ] LOSS   26 turns   allmight, nobara, meliodas  vs  king, zenitsu, gatomon
[ 684/700 ] LOSS   21 turns   allmight, hashirama, rob  vs  frankenstein, gasai, tatsumi
[ 685/700 ] WIN    19 turns   allmight, meliodas, maka  vs  jinwoo, chrome, boruto
Applying bleed effect! Checking special code
Applying bleed effect! Checking special code
[ 686/700 ] LOSS   34 turns   allmight, emiyaarcher, cooler  vs  blackwargreymon, inosuke, mami
[ 687/700 ] LOSS   39 turns   allmight, tanjiro, eren  vs  byakuya, mercury, inuyasha
[ 688/700 ] LOSS   67 turns   allmight, yuji, nezuko  vs  myotismon, eren, kid
Applying bleed effect! Checking special code
Applying bleed effect! Checking special code
[ 689/700 ] WIN    16 turns   allmight, hashirama, mash  vs  gon, rakko, nobara
[ 690/700 ] WIN    25 turns   allmight, gatomon, saitama  vs  frieren, zenitsu, veldora
[ 691/700 ] LOSS   12 turns   allmight, shinoa, todoroki  vs  shiro, astolfo, broly
[ 692/700 ] WIN    23 turns   allmight, toga, tamaki  vs  yuji, tatsumi, korra
[ 693/700 ] LOSS   33 turns   allmight, halibel, tatsumi  vs  kaiba, itachi, muichiro
[ 694/700 ] LOSS   14 turns   allmight, gasai, zoro  vs  megumi, toji, blackstar
[ 695/700 ] LOSS   17 turns   allmight, kurotsuchi, byakuya  vs  maka, yoh, broly
[ 696/700 ] LOSS   22 turns   allmight, jupiter, saber  vs  usopp, seventeen, natsu
[ 697/700 ] LOSS   19 turns   allmight, gogeta, tsuyu  vs  ichibe, broly, emiya
[ 698/700 ] LOSS   16 turns   allmight, broly, megumi  vs  emiya, seventeen, tsunayoshi
[ 699/700 ] WIN    25 turns   allmight, zenitsu, natsu  vs  impmon, renamon, frankenstein
Applying bleed effect! Checking special code
Applying bleed effect! Checking special code
Applying bleed effect! Checking special code
Applying bleed effect! Checking special code
Applying bleed effect! Checking special code
Applying bleed effect! Checking special code
[ 700/700 ] WIN    25 turns   allmight, orihime, rengoku  vs  korra, tsunayoshi, noelle
=== TRAINER RUN COMPLETE ===
Matches: 700   W: 247   L: 451   D: 2   Win: 35.3%   (opponent: self)
Policy saved to res://training/checkpoints/focus_allmight/w1.json  (generation 5, trained_matches 10700)
