Godot Engine v4.6.2.stable.official.71f334935 - https://godotengine.org

[trainer] seed=61003 matches=700 opponent=self eval=false out=res://training/checkpoints/focus_alphamon/w3.json checkpoint=res://training/checkpoints/focused_current.json
[authored] loaded 1 authored character(s)
[   1/700 ] WIN    16 turns   alphamon, lyserg, toji  vs  sukuna, muichiro, ban
[   2/700 ] WIN    40 turns   alphamon, xanxus, cooler  vs  eren, zoro, tsuyu
[   3/700 ] WIN    31 turns   alphamon, arthur, hawkmon  vs  alphonse, uzui, tsubaki
[   4/700 ] LOSS   21 turns   alphamon, crona, vegeta  vs  neferpitou, machinedramon, yubel
Applying bleed effect! Checking special code
[   5/700 ] WIN    17 turns   alphamon, allmight, gogeta  vs  pegasus, denji, inuyasha
[   6/700 ] WIN    14 turns   alphamon, gojo, nezuko  vs  allmight, mash, saitama
[   7/700 ] LOSS   27 turns   alphamon, midoriya, gojo  vs  natsu, ban, omnimon
[   8/700 ] LOSS   36 turns   alphamon, gogeta, death  vs  emiyaarcher, marco, natsu
[   9/700 ] LOSS   26 turns   alphamon, shiro, xanxus  vs  ban, tamaki, sukuna
Applying bleed effect! Checking special code
Applying bleed effect! Checking special code
Applying bleed effect! Checking special code
[  10/700 ] WIN    17 turns   alphamon, uranus, denji  vs  toga, saber, nobara
[  11/700 ] WIN    28 turns   alphamon, rob, minene  vs  renamon, tsubasa, saber
[  12/700 ] WIN    10 turns   alphamon, esdeath, gasai  vs  toga, ladydevimon, yubel
[  13/700 ] LOSS   18 turns   alphamon, lyserg, gunha  vs  tatsumaki, sasuke, ryuko
[  14/700 ] WIN    26 turns   alphamon, tsuyu, uzui  vs  hisoka, muichiro, ichigo
[  15/700 ] WIN    16 turns   alphamon, kaiba, nel  vs  frieren, veldora, uranus
[  16/700 ] WIN    29 turns   alphamon, hinata, mercury  vs  gon, kitara, toudou
Applying bleed effect! Checking special code
Applying bleed effect! Checking special code
[  17/700 ] WIN    27 turns   alphamon, boruto, blackwargreymon  vs  tatsumi, jesse, king
[  18/700 ] WIN    14 turns   alphamon, minene, alphonse  vs  kaiba, emiyaarcher, frankenstein
[  19/700 ] LOSS   35 turns   alphamon, bakugo, byakuya  vs  yamamoto, broly, ichibe
[  20/700 ] WIN    33 turns   alphamon, gasai, todoroki  vs  gojo, mami, denji
[  21/700 ] LOSS   18 turns   alphamon, blackwargreymon, kuroko  vs  shinra, saitama, zoro
[  22/700 ] LOSS   34 turns   alphamon, gatomon, toudou  vs  yuji, hawkmon, sakura
Applying bleed effect! Checking special code
Applying bleed effect! Checking special code
[  23/700 ] LOSS   21 turns   alphamon, adam, killua  vs  inosuke, sakura, saturn
[  24/700 ] LOSS   19 turns   alphamon, frankenstein, zoro  vs  jupiter, maka, ichigo
[  25/700 ] LOSS   33 turns   alphamon, jeanne, vegeta  vs  aiohto, aang, diane
[  26/700 ] LOSS   37 turns   alphamon, tatsumaki, muichiro  vs  ryuko, mikasa, gatomon
[  27/700 ] WIN    27 turns   alphamon, astolfo, adam  vs  madoka, levi, blackstar
[  28/700 ] LOSS   29 turns   alphamon, ganta, sakura  vs  semiramis, horohoro, yugi
[  29/700 ] LOSS   38 turns   alphamon, mars, tamaki  vs  jesse, astolfo, erza
[  30/700 ] LOSS   21 turns   alphamon, gilgamesh, aang  vs  neferpitou, gasai, megumi
[  31/700 ] WIN    12 turns   alphamon, touka, soul  vs  mash, horohoro, madoka
[  32/700 ] WIN    23 turns   alphamon, toga, seventeen  vs  emiyaarcher, usopp, naruto
[  33/700 ] WIN    15 turns   alphamon, lizandpatty, xanxus  vs  shiro, jesse, soul
[  34/700 ] WIN    20 turns   alphamon, tatsumaki, ryohei  vs  jaden, saber, tsubasa
[  35/700 ] WIN    31 turns   alphamon, mash, toudou  vs  rob, ryohei, nonon
[  36/700 ] LOSS   22 turns   alphamon, shinoa, denji  vs  kitara, neferpitou, jinwoo
[  37/700 ] LOSS   16 turns   alphamon, aang, misaka  vs  jack, mercury, ichigo
Yubel's S1 Triggered!
[  38/700 ] WIN    18 turns   alphamon, nel, shinoa  vs  yubel, genos, asta
[  39/700 ] WIN    20 turns   alphamon, ryohei, denji  vs  gunha, marco, usopp
Applying bleed effect! Checking special code
Applying bleed effect! Checking special code
Applying bleed effect! Checking special code
Applying bleed effect! Checking special code
[  40/700 ] WIN    17 turns   alphamon, tatsumi, ken  vs  inosuke, gilgamesh, omnimon
[  41/700 ] WIN    14 turns   alphamon, chrome, muichiro  vs  shokuhou, korra, byakuya
[  42/700 ] LOSS   21 turns   alphamon, arthur, jack  vs  sukuna, uraraka, veldora
[  43/700 ] LOSS   16 turns   alphamon, kuroko, alphonse  vs  esdeath, sukuna, nobara
[  44/700 ] WIN    16 turns   alphamon, arthur, minene  vs  semiramis, jupiter, allmight
[  45/700 ] LOSS   19 turns   alphamon, semiramis, vegeta  vs  blackstar, death, machinedramon
Applying bleed effect! Checking special code
[  46/700 ] WIN    13 turns   alphamon, usopp, myotismon  vs  sasuke, hibari, denji
[  47/700 ] WIN    17 turns   alphamon, halibel, mikasa  vs  squalo, madoka, zoro
[  48/700 ] LOSS   18 turns   alphamon, rakko, eren  vs  ichigo, kuroko, gohan
[  49/700 ] WIN    15 turns   alphamon, adam, yugi  vs  kid, xanxus, emiyaarcher
[  50/700 ] LOSS   22 turns   alphamon, sheele, tsubaki  vs  lizandpatty, jaden, gilgamesh
[  51/700 ] WIN    20 turns   alphamon, aiohto, uzui  vs  eren, kitara, mikasa
[  52/700 ] WIN    30 turns   alphamon, jaden, frieren  vs  tsuyu, yuji, shinoa
[  53/700 ] WIN    16 turns   alphamon, seventeen, kurapika  vs  saitama, uraraka, sukuna
[  54/700 ] WIN    26 turns   alphamon, yuno, myotismon  vs  sakura, horohoro, nagisa
[  55/700 ] WIN    12 turns   alphamon, venus, zenitsu  vs  gray, chrome, marco
Applying bleed effect! Checking special code
Applying bleed effect! Checking special code
Applying bleed effect! Checking special code
Applying bleed effect! Checking special code
Applying bleed effect! Checking special code
Applying bleed effect! Checking special code
[  56/700 ] WIN    23 turns   alphamon, gunha, killua  vs  uraraka, ken, crona
[  57/700 ] LOSS   17 turns   alphamon, kitara, frieren  vs  zenitsu, gon, toga
[  58/700 ] LOSS   22 turns   alphamon, noelle, kitara  vs  satsuki, blackwargreymon, toga
[  59/700 ] WIN    10 turns   alphamon, asta, shinra  vs  sasuke, ganta, machinedramon
[  60/700 ] LOSS   46 turns   alphamon, aiohto, jeanne  vs  semiramis, yuji, kaiba
[  61/700 ] LOSS   40 turns   alphamon, yuji, venus  vs  adam, lizandpatty, korra
[  62/700 ] WIN    17 turns   alphamon, nonon, broly  vs  erza, ryuko, adam
[  63/700 ] WIN    25 turns   alphamon, vegeta, arthur  vs  broly, esdeath, ladydevimon
[  64/700 ] WIN    17 turns   alphamon, ryuko, sheele  vs  orihime, pegasus, gojo
[  65/700 ] LOSS   42 turns   alphamon, noelle, yoh  vs  jeanne, nagisa, muichiro
[  66/700 ] WIN    25 turns   alphamon, sasuke, erza  vs  tamaki, tatsumi, goku
[  67/700 ] WIN    14 turns   alphamon, midoriya, muichiro  vs  gatomon, tsunayoshi, soul
[  68/700 ] WIN    15 turns   alphamon, goku, shokuhou  vs  ladydevimon, killua, levi
[  69/700 ] LOSS   23 turns   alphamon, toga, impmon  vs  emiyaarcher, ryohei, mercury
[  70/700 ] LOSS   21 turns   alphamon, gohan, sakura  vs  ryuko, gallantmon, akame
[  71/700 ] LOSS   11 turns   alphamon, todoroki, ganta  vs  satsuki, esdeath, tsubaki
[  72/700 ] LOSS   25 turns   alphamon, toph, jinwoo  vs  kid, uranus, lizandpatty
[  73/700 ] LOSS   29 turns   alphamon, luffy, edward  vs  chrome, machinedramon, impmon
[  74/700 ] LOSS   18 turns   alphamon, kaiba, bakugo  vs  genos, saturn, kuroko
[  75/700 ] LOSS   18 turns   alphamon, mars, goku  vs  frieren, cooler, veldora
[  76/700 ] WIN    12 turns   alphamon, aang, shinra  vs  sheele, pegasus, shiro
[  77/700 ] LOSS   34 turns   alphamon, venus, kid  vs  soul, saturn, koro
[  78/700 ] WIN    20 turns   alphamon, meliodas, horohoro  vs  blackstar, gojo, venus
[  79/700 ] WIN    18 turns   alphamon, uranus, satsuki  vs  myotismon, madoka, sakura
[  80/700 ] WIN    14 turns   alphamon, myotismon, jesse  vs  gallantmon, crona, sakura
[  81/700 ] LOSS   17 turns   alphamon, renamon, cooler  vs  venus, satsuki, sheele
[  82/700 ] WIN    18 turns   alphamon, nobara, mavis  vs  eren, hawkmon, omnimon
[  83/700 ] WIN    18 turns   alphamon, usopp, naruto  vs  rob, yamamoto, blackwargreymon
[  84/700 ] WIN    16 turns   alphamon, akame, nel  vs  crona, zenitsu, tanjiro
[  85/700 ] LOSS   22 turns   alphamon, gogeta, lyserg  vs  gray, marco, rimuru
[  86/700 ] WIN    16 turns   alphamon, megumi, ichibe  vs  tatsumi, horohoro, toga
[  87/700 ] WIN    11 turns   alphamon, yubel, akame  vs  death, veldora, aiohto
Applying bleed effect! Checking special code
Applying bleed effect! Checking special code
[  88/700 ] WIN    13 turns   alphamon, broly, squalo  vs  sheele, semiramis, ken
[  89/700 ] LOSS   16 turns   alphamon, machinedramon, nagisa  vs  ganta, satsuki, renamon
[  90/700 ] WIN    16 turns   alphamon, akame, yamamoto  vs  xanxus, bakugo, erza
Applying bleed effect! Checking special code
[  91/700 ] WIN    27 turns   alphamon, touka, eren  vs  semiramis, denji, tokoyami
[  92/700 ] WIN    15 turns   alphamon, madoka, aang  vs  jesse, nezuko, yugi
[  93/700 ] WIN    21 turns   alphamon, sakura, akame  vs  sheele, lyserg, yuno
[  94/700 ] LOSS   16 turns   alphamon, semiramis, lyserg  vs  renamon, mikasa, halibel
Applying bleed effect! Checking special code
Applying bleed effect! Checking special code
Applying bleed effect! Checking special code
[  95/700 ] WIN    20 turns   alphamon, todoroki, korra  vs  kaiba, denji, marco
Applying bleed effect! Checking special code
Applying bleed effect! Checking special code
Applying bleed effect! Checking special code
[  96/700 ] WIN    19 turns   alphamon, chrome, nel  vs  king, gasai, goku
[  97/700 ] WIN    18 turns   alphamon, emiyaarcher, nagisa  vs  cell, toph, mash
[  98/700 ] WIN    19 turns   alphamon, usopp, machinedramon  vs  squalo, maka, halibel
[  99/700 ] LOSS   32 turns   alphamon, eren, allmight  vs  gasai, aang, yuno
[ 100/700 ] WIN    14 turns   alphamon, sheele, sasuke  vs  kid, vegeta, megumin
Yubel's S1 Triggered!
[ 101/700 ] WIN    19 turns   alphamon, saitama, midoriya  vs  yubel, gogeta, shinra
[ 102/700 ] WIN    22 turns   alphamon, venus, cooler  vs  gohan, soul, omnimon
Yubel's S1 Triggered!
[ 103/700 ] WIN    34 turns   alphamon, eren, omnimon  vs  jinwoo, rimuru, yubel
Applying bleed effect! Checking special code
[ 104/700 ] WIN    15 turns   alphamon, kaiba, denji  vs  yubel, sheele, sukuna
Applying bleed effect! Checking special code
Applying bleed effect! Checking special code
[ 105/700 ] WIN    28 turns   alphamon, touka, ryuko  vs  yugi, gunha, rengoku
[ 106/700 ] WIN    18 turns   alphamon, machinedramon, kaiba  vs  mikasa, gray, jesse
[ 107/700 ] WIN    14 turns   alphamon, kitara, diane  vs  jeanne, ace, allmight
[ 108/700 ] WIN    17 turns   alphamon, jack, cell  vs  meliodas, sakura, lucy
[ 109/700 ] LOSS   20 turns   alphamon, denji, tatsumaki  vs  rob, horohoro, soul
[ 110/700 ] WIN    22 turns   alphamon, ryohei, tatsumaki  vs  allmight, tsuyu, megumi
[ 111/700 ] WIN    12 turns   alphamon, tanjiro, power  vs  sheele, jeanne, sukuna
[ 112/700 ] WIN    33 turns   alphamon, impmon, nonon  vs  levi, horohoro, minene
[ 113/700 ] WIN    14 turns   alphamon, eren, lizandpatty  vs  gogeta, gunha, hawkmon
[ 114/700 ] WIN    14 turns   alphamon, kurotsuchi, nonon  vs  chrome, kid, naruto
[ 115/700 ] WIN    29 turns   alphamon, kid, yoh  vs  inuyasha, nagisa, veldora
[ 116/700 ] LOSS   17 turns   alphamon, midoriya, genos  vs  asta, marco, satsuki
[ 117/700 ] WIN    19 turns   alphamon, nonon, lyserg  vs  aiohto, luffy, gilgamesh
[ 118/700 ] WIN    18 turns   alphamon, lucy, erza  vs  korra, marco, yoh
[ 119/700 ] WIN    22 turns   alphamon, sasuke, ichigo  vs  seventeen, ryuko, gallantmon
[ 120/700 ] WIN    19 turns   alphamon, boruto, meliodas  vs  crona, emiyaarcher, ban
[ 121/700 ] WIN    22 turns   alphamon, sayaka, ryohei  vs  hinata, ganta, mars
[ 122/700 ] WIN    14 turns   alphamon, nimaiya, tokoyami  vs  sayaka, jeanne, sheele
[ 123/700 ] WIN    22 turns   alphamon, cell, mars  vs  gasai, usopp, gunha
[ 124/700 ] LOSS   20 turns   alphamon, death, misaka  vs  gogeta, ganta, kuroko
Applying bleed effect! Checking special code
Applying bleed effect! Checking special code
Applying bleed effect! Checking special code
[ 125/700 ] LOSS   18 turns   alphamon, crona, denji  vs  genos, toji, natsu
[ 126/700 ] WIN    16 turns   alphamon, inuyasha, hinata  vs  hawkmon, chrome, kurapika
[ 127/700 ] WIN    12 turns   alphamon, rob, horohoro  vs  toudou, gilgamesh, machinedramon
[ 128/700 ] WIN    20 turns   alphamon, itachi, zenitsu  vs  boruto, tamaki, neferpitou
[ 129/700 ] WIN    18 turns   alphamon, nel, chrome  vs  tsubaki, korra, kid
[ 130/700 ] LOSS   19 turns   alphamon, crona, tsuyu  vs  tatsumaki, hinata, ladydevimon
[ 131/700 ] WIN    13 turns   alphamon, hashirama, chrome  vs  gohan, hinata, edward
[ 132/700 ] WIN    18 turns   alphamon, goku, renamon  vs  chrome, gilgamesh, omnimon
[ 133/700 ] WIN    15 turns   alphamon, kurapika, gilgamesh  vs  zenitsu, mars, sayaka
Applying bleed effect! Checking special code
Applying bleed effect! Checking special code
[ 134/700 ] WIN    10 turns   alphamon, yugi, jaden  vs  kid, nel, rakko
[ 135/700 ] LOSS   20 turns   alphamon, kurotsuchi, tsunayoshi  vs  edward, gallantmon, yubel
[ 136/700 ] WIN    16 turns   alphamon, gilgamesh, gray  vs  satsuki, allmight, mercury
Applying bleed effect! Checking special code
[ 137/700 ] WIN    13 turns   alphamon, aang, genos  vs  cooler, inosuke, gray
[ 138/700 ] WIN    23 turns   alphamon, astolfo, gojo  vs  blackstar, arthur, korra
[ 139/700 ] WIN    18 turns   alphamon, neferpitou, orihime  vs  vegeta, edward, eren
[ 140/700 ] WIN    22 turns   alphamon, tsubasa, maka  vs  lyserg, akame, erza
Applying bleed effect! Checking special code
Applying bleed effect! Checking special code
[ 141/700 ] WIN    11 turns   alphamon, allmight, minene  vs  hawkmon, misaka, rakko
[ 142/700 ] WIN    25 turns   alphamon, mikasa, yamamoto  vs  gray, toph, emiyaarcher
Yubel's S1 Triggered!
[ 143/700 ] WIN    14 turns   alphamon, yugi, naruto  vs  yubel, frankenstein, mine
[ 144/700 ] WIN    14 turns   alphamon, mavis, saturn  vs  tokoyami, uzui, mine
Applying bleed effect! Checking special code
[ 145/700 ] LOSS   10 turns   alphamon, inosuke, rakko  vs  mavis, touka, koro
[ 146/700 ] WIN    21 turns   alphamon, killua, hawkmon  vs  toga, toph, naruto
[ 147/700 ] WIN    15 turns   alphamon, mami, gunha  vs  nezuko, power, pegasus
[ 148/700 ] LOSS   24 turns   alphamon, omnimon, lizandpatty  vs  misaka, broly, cell
[ 149/700 ] WIN    16 turns   alphamon, emiyaarcher, neferpitou  vs  misaka, broly, akame
[ 150/700 ] LOSS   16 turns   alphamon, megumin, astolfo  vs  renamon, adam, misaka
[ 151/700 ] WIN    31 turns   alphamon, zoro, toph  vs  madoka, muichiro, mash
[ 152/700 ] LOSS   24 turns   alphamon, zoro, lyserg  vs  orihime, uranus, shinoa
[ 153/700 ] LOSS   29 turns   alphamon, gray, goku  vs  tsubaki, tanjiro, erza
[ 154/700 ] LOSS   20 turns   alphamon, tatsumaki, jesse  vs  gatomon, zoro, todoroki
[ 155/700 ] WIN    13 turns   alphamon, aiohto, nimaiya  vs  ichibe, sakura, inuyasha
[ 156/700 ] LOSS   29 turns   alphamon, gatomon, ryohei  vs  marco, ryuko, satsuki
[ 157/700 ] WIN    14 turns   alphamon, tokoyami, soul  vs  akame, hinata, alphonse
Applying bleed effect! Checking special code
Applying bleed effect! Checking special code
Applying bleed effect! Checking special code
[ 158/700 ] WIN    27 turns   alphamon, power, adam  vs  naruto, death, sakura
[ 159/700 ] WIN    31 turns   alphamon, satsuki, misaka  vs  gon, rimuru, marco
[ 160/700 ] WIN    14 turns   alphamon, aang, sakura  vs  marco, tokoyami, mami
[ 161/700 ] WIN    13 turns   alphamon, gatomon, koro  vs  ichibe, gojo, gohan
