Godot Engine v4.6.2.stable.official.71f334935 - https://godotengine.org

[trainer] seed=61002 matches=700 opponent=self eval=false out=res://training/checkpoints/focus_aiohto/w2.json checkpoint=res://training/checkpoints/focused_current.json
[authored] loaded 1 authored character(s)
[   1/700 ] LOSS   22 turns   aiohto, saber, usopp  vs  death, korra, broly
[   2/700 ] WIN    26 turns   aiohto, broly, mash  vs  zoro, neferpitou, myotismon
[   3/700 ] LOSS   20 turns   aiohto, alphamon, seventeen  vs  bakugo, ladydevimon, mikasa
[   4/700 ] LOSS   27 turns   aiohto, toudou, yuji  vs  mavis, hawkmon, itachi
[   5/700 ] WIN    26 turns   aiohto, nezuko, luffy  vs  frieren, jesse, naruto
[   6/700 ] WIN    29 turns   aiohto, saber, gallantmon  vs  frankenstein, lyserg, nobara
[   7/700 ] LOSS   13 turns   aiohto, mavis, yoh  vs  asta, chrome, killua
[   8/700 ] WIN    16 turns   aiohto, gallantmon, sayaka  vs  usopp, korra, minene
[   9/700 ] WIN    30 turns   aiohto, tatsumaki, uraraka  vs  sukuna, veldora, ryohei
Applying bleed effect! Checking special code
Applying bleed effect! Checking special code
[  10/700 ] WIN    33 turns   aiohto, machinedramon, ichigo  vs  koro, rengoku, tsubaki
[  11/700 ] LOSS   28 turns   aiohto, akame, nezuko  vs  jesse, seventeen, kaiba
[  12/700 ] LOSS   23 turns   aiohto, horohoro, hawkmon  vs  gray, byakuya, rimuru
Applying bleed effect! Checking special code
Applying bleed effect! Checking special code
[  13/700 ] WIN    25 turns   aiohto, blackwargreymon, jaden  vs  ban, emiya, rengoku
[  14/700 ] WIN    38 turns   aiohto, diane, bakugo  vs  megumi, minene, zoro
[  15/700 ] WIN    21 turns   aiohto, gojo, gasai  vs  blackwargreymon, cooler, shokuhou
[  16/700 ] LOSS   51 turns   aiohto, veldora, pegasus  vs  maka, uraraka, ryohei
[  17/700 ] WIN    17 turns   aiohto, sasuke, nagisa  vs  bakugo, yoh, boruto
[  18/700 ] WIN    14 turns   aiohto, renamon, alphonse  vs  orihime, luffy, hawkmon
[  19/700 ] LOSS   22 turns   aiohto, tanjiro, gohan  vs  kitara, hibari, misaka
Applying bleed effect! Checking special code
Yubel's S1 Triggered!
Applying bleed effect! Checking special code
[  20/700 ] WIN    19 turns   aiohto, seventeen, yubel  vs  goku, power, nezuko
[  21/700 ] LOSS   19 turns   aiohto, rob, naruto  vs  yugi, jaden, ryohei
[  22/700 ] LOSS   18 turns   aiohto, gatomon, squalo  vs  venus, megumin, gon
[  23/700 ] LOSS   29 turns   aiohto, gon, adam  vs  uraraka, machinedramon, impmon
[  24/700 ] WIN    31 turns   aiohto, muichiro, yuji  vs  saitama, killua, halibel
[  25/700 ] WIN    29 turns   aiohto, killua, tamaki  vs  semiramis, levi, gogeta
Applying bleed effect! Checking special code
Applying bleed effect! Checking special code
Applying bleed effect! Checking special code
Applying bleed effect! Checking special code
[  26/700 ] LOSS   20 turns   aiohto, boruto, yuji  vs  rengoku, jupiter, sukuna
[  27/700 ] WIN    18 turns   aiohto, astolfo, frankenstein  vs  aang, levi, gogeta
[  28/700 ] LOSS   21 turns   aiohto, tatsumi, tsunayoshi  vs  blackwargreymon, tanjiro, genos
[  29/700 ] WIN    21 turns   aiohto, uranus, sakura  vs  megumi, saber, alphonse
[  30/700 ] WIN    24 turns   aiohto, lyserg, saturn  vs  usopp, uzui, tanjiro
Applying bleed effect! Checking special code
Applying bleed effect! Checking special code
[  31/700 ] LOSS   18 turns   aiohto, renamon, megumi  vs  kuroko, edward, rakko
[  32/700 ] WIN    22 turns   aiohto, diane, jinwoo  vs  saturn, rob, venus
Applying bleed effect! Checking special code
[  33/700 ] WIN    23 turns   aiohto, power, frieren  vs  lizandpatty, blackwargreymon, emiyaarcher
[  34/700 ] LOSS   21 turns   aiohto, broly, sheele  vs  aang, sasuke, bakugo
[  35/700 ] WIN    28 turns   aiohto, nonon, edward  vs  gilgamesh, tokoyami, kaiba
[  36/700 ] WIN    31 turns   aiohto, nel, kurotsuchi  vs  veldora, ace, vegeta
[  37/700 ] LOSS   32 turns   aiohto, alphonse, nobara  vs  gatomon, crona, renamon
[  38/700 ] LOSS   26 turns   aiohto, frankenstein, kuroko  vs  adam, mercury, usopp
[  39/700 ] WIN    17 turns   aiohto, aang, saitama  vs  tsubasa, megumi, bakugo
[  40/700 ] LOSS   31 turns   aiohto, hibari, mine  vs  killua, jaden, natsu
[  41/700 ] LOSS   40 turns   aiohto, muichiro, tatsumaki  vs  yamamoto, kurapika, tanjiro
[  42/700 ] WIN    15 turns   aiohto, jack, aang  vs  mars, jupiter, lyserg
[  43/700 ] LOSS   22 turns   aiohto, kuroko, neferpitou  vs  usopp, uraraka, semiramis
[  44/700 ] LOSS   30 turns   aiohto, gojo, misaka  vs  sakura, jupiter, shinra
[  45/700 ] LOSS   30 turns   aiohto, tatsumaki, edward  vs  jupiter, toudou, esdeath
[  46/700 ] LOSS   34 turns   aiohto, renamon, vegeta  vs  nel, megumi, natsu
[  47/700 ] WIN    25 turns   aiohto, uraraka, levi  vs  lucy, gray, noelle
[  48/700 ] WIN    23 turns   aiohto, asta, tatsumi  vs  xanxus, chrome, hinata
[  49/700 ] WIN    41 turns   aiohto, kurapika, tokoyami  vs  crona, rimuru, marco
[  50/700 ] WIN    32 turns   aiohto, blackstar, eren  vs  meliodas, asta, frankenstein
[  51/700 ] WIN    21 turns   aiohto, veldora, saber  vs  tatsumi, sasuke, semiramis
Applying bleed effect! Checking special code
Applying bleed effect! Checking special code
Applying bleed effect! Checking special code
[  52/700 ] LOSS   18 turns   aiohto, bakugo, machinedramon  vs  natsu, ken, gon
[  53/700 ] LOSS   28 turns   aiohto, ban, nonon  vs  uzui, impmon, shokuhou
[  54/700 ] WIN    39 turns   aiohto, ganta, yoh  vs  alphonse, lucy, tsuyu
[  55/700 ] LOSS   33 turns   aiohto, tsubasa, ganta  vs  inuyasha, madoka, cooler
[  56/700 ] LOSS   28 turns   aiohto, jeanne, itachi  vs  sakura, gohan, maka
[  57/700 ] LOSS   25 turns   aiohto, ace, yugi  vs  mikasa, nagisa, korra
[  58/700 ] LOSS   30 turns   aiohto, yamamoto, chrome  vs  hinata, rimuru, jinwoo
[  59/700 ] WIN    16 turns   aiohto, mash, neferpitou  vs  myotismon, shinoa, ryuko
[  60/700 ] LOSS   21 turns   aiohto, yoh, hawkmon  vs  erza, vegeta, kid
[  61/700 ] WIN    16 turns   aiohto, hashirama, yuji  vs  mami, goku, jupiter
[  62/700 ] WIN    29 turns   aiohto, yoh, hisoka  vs  todoroki, gogeta, natsu
[  63/700 ] WIN    26 turns   aiohto, allmight, horohoro  vs  marco, nobara, rob
[  64/700 ] WIN    21 turns   aiohto, ryohei, astolfo  vs  hashirama, bakugo, tokoyami
[  65/700 ] WIN    17 turns   aiohto, kaiba, hashirama  vs  zenitsu, venus, ryuko
[  66/700 ] LOSS   17 turns   aiohto, death, goku  vs  kuroko, chrome, nobara
[  67/700 ] WIN    22 turns   aiohto, frankenstein, hashirama  vs  shiro, emiyaarcher, vegeta
[  68/700 ] LOSS   16 turns   aiohto, tanjiro, sasuke  vs  vegeta, luffy, jaden
[  69/700 ] WIN    20 turns   aiohto, naruto, power  vs  usopp, boruto, touka
[  70/700 ] WIN    23 turns   aiohto, shiro, inuyasha  vs  toph, toji, frieren
[  71/700 ] WIN    32 turns   aiohto, mash, tsuyu  vs  soul, saitama, yoh
[  72/700 ] WIN    22 turns   aiohto, nonon, astolfo  vs  uranus, gogeta, gojo
[  73/700 ] LOSS   22 turns   aiohto, korra, erza  vs  xanxus, kaiba, shinra
Applying bleed effect! Checking special code
Applying bleed effect! Checking special code
Applying bleed effect! Checking special code
Applying bleed effect! Checking special code
[  74/700 ] LOSS   27 turns   aiohto, adam, king  vs  yugi, power, nel
[  75/700 ] WIN    25 turns   aiohto, uranus, jack  vs  semiramis, mikasa, ganta
[  76/700 ] LOSS   22 turns   aiohto, marco, yoh  vs  horohoro, natsu, venus
[  77/700 ] WIN    66 turns   aiohto, toph, kitara  vs  mars, shokuhou, emiyaarcher
[  78/700 ] LOSS   23 turns   aiohto, chrome, gallantmon  vs  minene, renamon, tokoyami
Applying bleed effect! Checking special code
Applying bleed effect! Checking special code
[  79/700 ] WIN    27 turns   aiohto, rakko, frankenstein  vs  megumin, gilgamesh, jupiter
[  80/700 ] WIN    20 turns   aiohto, ichigo, ryohei  vs  shokuhou, mash, ichibe
[  81/700 ] WIN    17 turns   aiohto, esdeath, vegeta  vs  noelle, natsu, saitama
[  82/700 ] WIN    24 turns   aiohto, tatsumaki, gogeta  vs  omnimon, gasai, sukuna
[  83/700 ] LOSS   27 turns   aiohto, veldora, yuji  vs  machinedramon, frankenstein, itachi
[  84/700 ] WIN    13 turns   aiohto, touka, alphonse  vs  madoka, genos, usopp
[  85/700 ] LOSS   16 turns   aiohto, gilgamesh, mash  vs  satsuki, luffy, halibel
[  86/700 ] WIN    20 turns   aiohto, nimaiya, yoh  vs  ichigo, allmight, kaiba
[  87/700 ] WIN   103 turns   aiohto, blackwargreymon, tsunayoshi  vs  marco, alphonse, venus
Applying bleed effect! Checking special code
Applying bleed effect! Checking special code
[  88/700 ] WIN    40 turns   aiohto, death, rengoku  vs  maka, shiro, zoro
[  89/700 ] WIN    18 turns   aiohto, tatsumaki, gatomon  vs  cell, yoh, jeanne
[  90/700 ] LOSS   27 turns   aiohto, ichigo, kaiba  vs  diane, genos, mash
[  91/700 ] LOSS   18 turns   aiohto, megumi, jupiter  vs  emiyaarcher, nagisa, yuji
[  92/700 ] WIN   159 turns   aiohto, chrome, impmon  vs  hisoka, blackwargreymon, marco
[  93/700 ] WIN    24 turns   aiohto, uraraka, luffy  vs  cooler, sakura, neferpitou
[  94/700 ] LOSS   17 turns   aiohto, kurotsuchi, death  vs  soul, nagisa, hashirama
[  95/700 ] LOSS   32 turns   aiohto, jupiter, ryuko  vs  uraraka, jeanne, yuji
[  96/700 ] LOSS   29 turns   aiohto, blackstar, saturn  vs  madoka, jack, xanxus
[  97/700 ] WIN    20 turns   aiohto, mine, killua  vs  xanxus, rimuru, nobara
[  98/700 ] LOSS   19 turns   aiohto, emiyaarcher, gunha  vs  yuno, tokoyami, gasai
Applying bleed effect! Checking special code
Applying bleed effect! Checking special code
Applying bleed effect! Checking special code
[  99/700 ] WIN    18 turns   aiohto, kurotsuchi, frankenstein  vs  asta, rengoku, koro
Applying bleed effect! Checking special code
[ 100/700 ] WIN    22 turns   aiohto, jupiter, shokuhou  vs  denji, toji, asta
[ 101/700 ] WIN    25 turns   aiohto, kaiba, blackwargreymon  vs  kurapika, chrome, asta
[ 102/700 ] LOSS   27 turns   aiohto, blackstar, emiya  vs  aang, hashirama, uraraka
Yubel's S1 Triggered!
Yubel's S1 Triggered!
[ 103/700 ] WIN    21 turns   aiohto, venus, gunha  vs  toph, lizandpatty, yubel
[ 104/700 ] WIN    35 turns   aiohto, emiyaarcher, saturn  vs  tamaki, arthur, gallantmon
[ 105/700 ] WIN    16 turns   aiohto, naruto, satsuki  vs  sukuna, midoriya, nel
[ 106/700 ] LOSS   20 turns   aiohto, koro, saber  vs  gunha, zenitsu, nobara
[ 107/700 ] WIN    23 turns   aiohto, ichigo, tanjiro  vs  blackstar, toga, seventeen
Applying bleed effect! Checking special code
Applying bleed effect! Checking special code
[ 108/700 ] WIN    19 turns   aiohto, denji, sheele  vs  zoro, megumi, shokuhou
[ 109/700 ] WIN    23 turns   aiohto, mercury, veldora  vs  yugi, gon, yubel
[ 110/700 ] LOSS   24 turns   aiohto, ichibe, machinedramon  vs  jaden, jesse, tatsumi
[ 111/700 ] WIN    48 turns   aiohto, blackwargreymon, kid  vs  sukuna, ban, machinedramon
[ 112/700 ] LOSS   48 turns   aiohto, vegeta, ganta  vs  kitara, saturn, yoh
Applying bleed effect! Checking special code
Applying bleed effect! Checking special code
Applying bleed effect! Checking special code
Applying bleed effect! Checking special code
Applying bleed effect! Checking special code
[ 113/700 ] LOSS   31 turns   aiohto, saber, gojo  vs  levi, omnimon, rengoku
Applying bleed effect! Checking special code
[ 114/700 ] WIN    21 turns   aiohto, rengoku, inuyasha  vs  nonon, halibel, yugi
[ 115/700 ] WIN    25 turns   aiohto, emiyaarcher, seventeen  vs  sheele, crona, orihime
[ 116/700 ] LOSS   28 turns   aiohto, hawkmon, king  vs  broly, edward, eren
[ 117/700 ] WIN    63 turns   aiohto, mars, edward  vs  shokuhou, tatsumaki, asta
Applying bleed effect! Checking special code
Applying bleed effect! Checking special code
Applying bleed effect! Checking special code
Applying bleed effect! Checking special code
[ 118/700 ] WIN    26 turns   aiohto, vegeta, jesse  vs  venus, sasuke, king
[ 119/700 ] WIN    26 turns   aiohto, meliodas, impmon  vs  neferpitou, maka, genos
[ 120/700 ] LOSS   22 turns   aiohto, killua, hashirama  vs  kurapika, noelle, venus
[ 121/700 ] WIN    20 turns   aiohto, jaden, tsubaki  vs  yoh, luffy, kaiba
[ 122/700 ] LOSS   28 turns   aiohto, shinoa, nobara  vs  toph, genos, rimuru
[ 123/700 ] WIN    21 turns   aiohto, uzui, diane  vs  blackstar, kurotsuchi, vegeta
[ 124/700 ] WIN    23 turns   aiohto, adam, lucy  vs  jack, jinwoo, toudou
[ 125/700 ] LOSS   36 turns   aiohto, yamamoto, tsubasa  vs  blackwargreymon, muichiro, semiramis
[ 126/700 ] LOSS   20 turns   aiohto, nimaiya, genos  vs  horohoro, satsuki, tamaki
[ 127/700 ] LOSS   24 turns   aiohto, nonon, yoh  vs  meliodas, mash, mine
[ 128/700 ] LOSS   24 turns   aiohto, kuroko, megumi  vs  gilgamesh, natsu, uzui
[ 129/700 ] WIN    16 turns   aiohto, ace, semiramis  vs  genos, zoro, ichibe
[ 130/700 ] WIN    29 turns   aiohto, squalo, yamamoto  vs  nobara, uranus, jesse
[ 131/700 ] WIN    33 turns   aiohto, rimuru, pegasus  vs  muichiro, kaiba, toph
[ 132/700 ] WIN    24 turns   aiohto, lucy, kurapika  vs  halibel, allmight, emiyaarcher
Applying bleed effect! Checking special code
Applying bleed effect! Checking special code
Applying bleed effect! Checking special code
Applying bleed effect! Checking special code
Applying bleed effect! Checking special code
Applying bleed effect! Checking special code
[ 133/700 ] LOSS   15 turns   aiohto, shokuhou, saitama  vs  ace, kuroko, ken
[ 134/700 ] LOSS   18 turns   aiohto, ichigo, misaka  vs  power, gasai, touka
[ 135/700 ] WIN    14 turns   aiohto, sukuna, tsubasa  vs  nel, soul, kurotsuchi
[ 136/700 ] LOSS   26 turns   aiohto, arthur, pegasus  vs  ichigo, kuroko, tsubaki
[ 137/700 ] LOSS   28 turns   aiohto, shinoa, killua  vs  halibel, chrome, tsunayoshi
[ 138/700 ] LOSS   25 turns   aiohto, zenitsu, yuji  vs  ganta, eren, venus
[ 139/700 ] WIN    20 turns   aiohto, misaka, marco  vs  kurotsuchi, sheele, crona
[ 140/700 ] WIN    17 turns   aiohto, sukuna, lyserg  vs  ban, shinra, ace
[ 141/700 ] WIN    15 turns   aiohto, saber, seventeen  vs  ganta, sayaka, chrome
Applying bleed effect! Checking special code
Applying bleed effect! Checking special code
[ 142/700 ] WIN    21 turns   aiohto, mikasa, allmight  vs  crona, tokoyami, denji
[ 143/700 ] WIN    12 turns   aiohto, alphamon, cell  vs  gallantmon, mine, levi
Applying bleed effect! Checking special code
Applying bleed effect! Checking special code
[ 144/700 ] WIN    30 turns   aiohto, denji, saturn  vs  crona, koro, nagisa
[ 145/700 ] LOSS   16 turns   aiohto, nobara, tatsumaki  vs  bakugo, nagisa, chrome
[ 146/700 ] WIN    41 turns   aiohto, emiya, gohan  vs  yamamoto, gojo, gasai
[ 147/700 ] WIN    12 turns   aiohto, todoroki, halibel  vs  korra, ace, toga
[ 148/700 ] WIN    19 turns   aiohto, kuroko, cell  vs  crona, death, cooler
[ 149/700 ] LOSS   16 turns   aiohto, megumin, gallantmon  vs  boruto, frieren, rob
[ 150/700 ] LOSS   21 turns   aiohto, semiramis, sheele  vs  sasuke, chrome, emiyaarcher
[ 151/700 ] LOSS   20 turns   aiohto, lucy, todoroki  vs  jupiter, gallantmon, nel
Applying bleed effect! Checking special code
Applying bleed effect! Checking special code
[ 152/700 ] LOSS   28 turns   aiohto, tsuyu, inosuke  vs  halibel, astolfo, uranus
[ 153/700 ] LOSS   30 turns   aiohto, erza, nonon  vs  uzui, boruto, frankenstein
[ 154/700 ] WIN    30 turns   aiohto, esdeath, toph  vs  uzui, toudou, mars
Applying bleed effect! Checking special code
[ 155/700 ] LOSS   24 turns   aiohto, inosuke, boruto  vs  eren, yugi, uraraka
[ 156/700 ] LOSS   25 turns   aiohto, sakura, todoroki  vs  saitama, inuyasha, nagisa
[ 157/700 ] WIN    22 turns   aiohto, myotismon, squalo  vs  tsubasa, cooler, mine
[ 158/700 ] WIN    16 turns   aiohto, gray, machinedramon  vs  saitama, ryuko, inuyasha
[ 159/700 ] WIN    25 turns   aiohto, usopp, gallantmon  vs  killua, mine, halibel
[ 160/700 ] WIN    22 turns   aiohto, blackstar, zoro  vs  erza, kaiba, nonon
[ 161/700 ] WIN    17 turns   aiohto, vegeta, yuji  vs  allmight, yamamoto, saber
[ 162/700 ] WIN    28 turns   aiohto, toudou, eren  vs  gohan, kaiba, mine
[ 163/700 ] LOSS   32 turns   aiohto, naruto, shinra  vs  mars, tsubaki, saturn
[ 164/700 ] LOSS   24 turns   aiohto, gojo, megumin  vs  asta, uzui, emiya
[ 165/700 ] WIN    17 turns   aiohto, nimaiya, kaiba  vs  kuroko, lyserg, blackwargreymon
[ 166/700 ] LOSS   30 turns   aiohto, inuyasha, crona  vs  genos, ryohei, adam
[ 167/700 ] WIN    19 turns   aiohto, renamon, naruto  vs  nobara, impmon, emiyaarcher
[ 168/700 ] LOSS   35 turns   aiohto, erza, mami  vs  luffy, nobara, saitama
[ 169/700 ] WIN    35 turns   aiohto, cooler, semiramis  vs  zoro, kaiba, nezuko
[ 170/700 ] WIN    19 turns   aiohto, hibari, yuno  vs  omnimon, adam, gilgamesh
[ 171/700 ] LOSS   23 turns   aiohto, emiyaarcher, killua  vs  mars, yuji, gogeta
[ 172/700 ] WIN   295 turns   aiohto, gojo, muichiro  vs  usopp, mercury, eren
[ 173/700 ] WIN    31 turns   aiohto, kaiba, akame  vs  mine, nagisa, todoroki
[ 174/700 ] WIN    34 turns   aiohto, esdeath, yamamoto  vs  zoro, rimuru, uraraka
[ 175/700 ] WIN    40 turns   aiohto, uraraka, orihime  vs  mars, toudou, shinoa
Applying bleed effect! Checking special code
Applying bleed effect! Checking special code
[ 176/700 ] LOSS   61 turns   aiohto, gunha, inosuke  vs  blackstar, orihime, gallantmon
[ 177/700 ] LOSS   22 turns   aiohto, crona, renamon  vs  kaiba, myotismon, tamaki
[ 178/700 ] WIN    22 turns   aiohto, gogeta, mine  vs  madoka, yoh, toji
[ 179/700 ] LOSS   24 turns   aiohto, hawkmon, nel  vs  gunha, erza, saturn
[ 180/700 ] LOSS   28 turns   aiohto, frankenstein, seventeen  vs  renamon, impmon, cell
[ 181/700 ] WIN    41 turns   aiohto, adam, toudou  vs  jesse, muichiro, meliodas
[ 182/700 ] LOSS   40 turns   aiohto, jeanne, cell  vs  mikasa, rimuru, myotismon
[ 183/700 ] LOSS   31 turns   aiohto, hashirama, inosuke  vs  gasai, gohan, edward
[ 184/700 ] LOSS   38 turns   aiohto, omnimon, minene  vs  jinwoo, naruto, yugi
[ 185/700 ] WIN    33 turns   aiohto, uranus, akame  vs  korra, minene, bakugo
Applying bleed effect! Checking special code
Applying bleed effect! Checking special code
Applying bleed effect! Checking special code
[ 186/700 ] LOSS   23 turns   aiohto, yubel, ken  vs  renamon, frankenstein, hibari
Yubel's S1 Triggered!
[ 187/700 ] WIN    32 turns   aiohto, xanxus, gasai  vs  yugi, yubel, hinata
[ 188/700 ] LOSS   27 turns   aiohto, cell, renamon  vs  uraraka, minene, yuji
[ 189/700 ] LOSS   21 turns   aiohto, tsunayoshi, hawkmon  vs  edward, sukuna, jupiter
[ 190/700 ] LOSS   32 turns   aiohto, eren, naruto  vs  saber, sheele, omnimon
Applying bleed effect! Checking special code
[ 191/700 ] WIN    33 turns   aiohto, lyserg, king  vs  alphonse, impmon, saitama
[ 192/700 ] WIN    21 turns   aiohto, toudou, kurotsuchi  vs  veldora, gatomon, mami
[ 193/700 ] WIN    16 turns   aiohto, genos, saber  vs  sayaka, levi, blackwargreymon
[ 194/700 ] WIN    17 turns   aiohto, hashirama, satsuki  vs  jeanne, minene, zenitsu
[ 195/700 ] WIN    21 turns   aiohto, kuroko, yubel  vs  tamaki, crona, zoro
[ 196/700 ] WIN    16 turns   aiohto, nezuko, diane  vs  blackwargreymon, toga, gatomon
[ 197/700 ] WIN    21 turns   aiohto, usopp, hisoka  vs  lucy, diane, nimaiya
[ 198/700 ] LOSS   22 turns   aiohto, allmight, venus  vs  mine, uzui, tanjiro
[ 199/700 ] LOSS   18 turns   aiohto, boruto, diane  vs  madoka, toph, death
[ 200/700 ] LOSS   72 turns   aiohto, semiramis, koro  vs  aang, erza, jaden
[ 201/700 ] WIN    20 turns   aiohto, sayaka, cooler  vs  blackwargreymon, kitara, gilgamesh
[ 202/700 ] WIN    35 turns   aiohto, allmight, saturn  vs  gunha, ichigo, kuroko
[ 203/700 ] WIN    18 turns   aiohto, lucy, rengoku  vs  hinata, byakuya, ladydevimon
[ 204/700 ] WIN    27 turns   aiohto, cell, ichibe  vs  gon, megumi, emiya
[ 205/700 ] WIN    78 turns   aiohto, ace, luffy  vs  arthur, kurotsuchi, gallantmon
[ 206/700 ] WIN    22 turns   aiohto, yubel, aang  vs  ace, goku, gasai
[ 207/700 ] WIN    36 turns   aiohto, tokoyami, omnimon  vs  esdeath, machinedramon, gojo
[ 208/700 ] WIN    15 turns   aiohto, crona, ladydevimon  vs  sayaka, shokuhou, megumi
Applying bleed effect! Checking special code
Applying bleed effect! Checking special code
Applying bleed effect! Checking special code
Applying bleed effect! Checking special code
[ 209/700 ] LOSS   25 turns   aiohto, mars, mami  vs  denji, gunha, alphamon
[ 210/700 ] LOSS   16 turns   aiohto, emiya, megumi  vs  tsubasa, mikasa, bakugo
[ 211/700 ] WIN    22 turns   aiohto, broly, toph  vs  alphonse, omnimon, mikasa
[ 212/700 ] WIN    33 turns   aiohto, misaka, sukuna  vs  muichiro, alphamon, todoroki
[ 213/700 ] WIN    31 turns   aiohto, death, gasai  vs  machinedramon, gon, emiyaarcher
[ 214/700 ] WIN    46 turns   aiohto, sayaka, tatsumaki  vs  tsubaki, uraraka, gilgamesh
Yubel's S1 Triggered!
[ 215/700 ] LOSS   17 turns   aiohto, yubel, seventeen  vs  lizandpatty, esdeath, gojo
[ 216/700 ] WIN    35 turns   aiohto, xanxus, saitama  vs  toji, shiro, emiya
[ 217/700 ] LOSS   29 turns   aiohto, yamamoto, saber  vs  luffy, frieren, orihime
[ 218/700 ] WIN    31 turns   aiohto, hinata, sheele  vs  impmon, tsubasa, aang
Yubel's S1 Triggered!
[ 219/700 ] WIN    27 turns   aiohto, venus, orihime  vs  nonon, yubel, shinoa
[ 220/700 ] WIN    16 turns   aiohto, saber, saturn  vs  sayaka, kurapika, hinata
[ 221/700 ] WIN    31 turns   aiohto, impmon, mars  vs  muichiro, jeanne, saitama
[ 222/700 ] WIN    42 turns   aiohto, yamamoto, omnimon  vs  touka, killua, tsuyu
[ 223/700 ] LOSS   23 turns   aiohto, kitara, erza  vs  boruto, renamon, saitama
[ 224/700 ] LOSS   16 turns   aiohto, mami, genos  vs  maka, madoka, minene
[ 225/700 ] WIN    15 turns   aiohto, lucy, megumin  vs  jack, tokoyami, jinwoo
[ 226/700 ] WIN    33 turns   aiohto, koro, myotismon  vs  halibel, tsuyu, vegeta
[ 227/700 ] LOSS   29 turns   aiohto, shinoa, luffy  vs  sukuna, ichigo, vegeta
[ 228/700 ] WIN    35 turns   aiohto, toph, hisoka  vs  minene, yamamoto, allmight
Applying bleed effect! Checking special code
Applying bleed effect! Checking special code
[ 229/700 ] LOSS   19 turns   aiohto, shinra, denji  vs  genos, satsuki, sheele
[ 230/700 ] LOSS   19 turns   aiohto, astolfo, goku  vs  luffy, ganta, toga
[ 231/700 ] WIN    34 turns   aiohto, megumi, orihime  vs  yamamoto, tatsumi, mash
[ 232/700 ] WIN    18 turns   aiohto, gilgamesh, kurapika  vs  uzui, jeanne, machinedramon
[ 233/700 ] WIN    16 turns   aiohto, gohan, gilgamesh  vs  kaiba, mami, mine
[ 234/700 ] LOSS   18 turns   aiohto, madoka, koro  vs  nagisa, killua, megumin
[ 235/700 ] WIN    15 turns   aiohto, noelle, asta  vs  hibari, yugi, nel
[ 236/700 ] LOSS   29 turns   aiohto, alphonse, natsu  vs  edward, nagisa, hibari
[ 237/700 ] WIN    15 turns   aiohto, kid, satsuki  vs  ryohei, nimaiya, megumi
[ 238/700 ] WIN    16 turns   aiohto, sayaka, uraraka  vs  maka, yuno, adam
[ 239/700 ] LOSS   42 turns   aiohto, goku, koro  vs  kurotsuchi, orihime, veldora
[ 240/700 ] LOSS   21 turns   aiohto, edward, gallantmon  vs  neferpitou, venus, mash
[ 241/700 ] WIN    46 turns   aiohto, korra, shokuhou  vs  xanxus, edward, shinoa
[ 242/700 ] WIN    25 turns   aiohto, cooler, gunha  vs  kurapika, venus, bakugo
Applying bleed effect! Checking special code
Applying bleed effect! Checking special code
Applying bleed effect! Checking special code
[ 243/700 ] LOSS   41 turns   aiohto, xanxus, byakuya  vs  inosuke, sheele, jaden
[ 244/700 ] LOSS   25 turns   aiohto, halibel, yuno  vs  mavis, gray, luffy
[ 245/700 ] LOSS   33 turns   aiohto, diane, gasai  vs  yuji, marco, frieren
[ 246/700 ] LOSS   19 turns   aiohto, ryuko, death  vs  aang, tanjiro, cooler
Applying bleed effect! Checking special code
[ 247/700 ] LOSS   29 turns   aiohto, soul, zoro  vs  rengoku, hawkmon, kuroko
[ 248/700 ] WIN    31 turns   aiohto, tsubaki, kurotsuchi  vs  minene, mami, nezuko
[ 249/700 ] LOSS   23 turns   aiohto, shinra, meliodas  vs  kuroko, mami, kaiba
[ 250/700 ] LOSS   27 turns   aiohto, tsubaki, kitara  vs  saber, satsuki, nonon
[ 251/700 ] LOSS   20 turns   aiohto, ace, touka  vs  genos, uranus, zoro
[ 252/700 ] WIN    44 turns   aiohto, hisoka, bakugo  vs  gilgamesh, killua, yamamoto
[ 253/700 ] LOSS   18 turns   aiohto, ichigo, tatsumaki  vs  yuno, levi, bakugo
[ 254/700 ] LOSS   21 turns   aiohto, gray, mavis  vs  soul, nel, myotismon
Applying bleed effect! Checking special code
Applying bleed effect! Checking special code
Applying bleed effect! Checking special code
Applying bleed effect! Checking special code
Applying bleed effect! Checking special code
[ 255/700 ] LOSS   40 turns   aiohto, myotismon, inosuke  vs  jaden, tsubasa, orihime
[ 256/700 ] WIN    25 turns   aiohto, boruto, xanxus  vs  arthur, death, jeanne
Applying bleed effect! Checking special code
Applying bleed effect! Checking special code
Applying bleed effect! Checking special code
Applying bleed effect! Checking special code
[ 257/700 ] WIN    31 turns   aiohto, ken, usopp  vs  uranus, mami, ichibe
[ 258/700 ] WIN    16 turns   aiohto, genos, saturn  vs  sasuke, ganta, saber
[ 259/700 ] WIN    85 turns   aiohto, nimaiya, minene  vs  kid, megumi, orihime
Applying bleed effect! Checking special code
Applying bleed effect! Checking special code
Applying bleed effect! Checking special code
Applying bleed effect! Checking special code
Applying bleed effect! Checking special code
Applying bleed effect! Checking special code
[ 260/700 ] LOSS   16 turns   aiohto, squalo, ryuko  vs  pegasus, rengoku, jupiter
Applying bleed effect! Checking special code
Applying bleed effect! Checking special code
Applying bleed effect! Checking special code
Applying bleed effect! Checking special code
Applying bleed effect! Checking special code
Applying bleed effect! Checking special code
[ 261/700 ] WIN    38 turns   aiohto, nel, power  vs  orihime, tsubasa, tsubaki
Applying bleed effect! Checking special code
[ 262/700 ] WIN    17 turns   aiohto, sheele, allmight  vs  power, emiyaarcher, shiro
[ 263/700 ] WIN    20 turns   aiohto, hisoka, gasai  vs  bakugo, lucy, sasuke
[ 264/700 ] WIN    12 turns   aiohto, nel, frankenstein  vs  sukuna, ban, ichigo
[ 265/700 ] WIN    27 turns   aiohto, minene, tsuyu  vs  allmight, gon, maka
[ 266/700 ] LOSS   22 turns   aiohto, asta, killua  vs  hashirama, alphamon, gohan
[ 267/700 ] WIN    44 turns   aiohto, gray, rengoku  vs  minene, impmon, emiyaarcher
[ 268/700 ] WIN    22 turns   aiohto, emiyaarcher, gunha  vs  tatsumaki, genos, madoka
Applying bleed effect! Checking special code
Applying bleed effect! Checking special code
Applying bleed effect! Checking special code
Applying bleed effect! Checking special code
[ 269/700 ] WIN    41 turns   aiohto, alphamon, orihime  vs  impmon, ken, tanjiro
[ 270/700 ] WIN    19 turns   aiohto, impmon, hashirama  vs  rimuru, sukuna, sayaka
[ 271/700 ] WIN    38 turns   aiohto, neferpitou, tanjiro  vs  emiya, muichiro, todoroki
[ 272/700 ] LOSS   17 turns   aiohto, kurotsuchi, gojo  vs  kuroko, hawkmon, toga
Applying bleed effect! Checking special code
Applying bleed effect! Checking special code
[ 273/700 ] WIN    21 turns   aiohto, mars, naruto  vs  king, impmon, todoroki
Applying bleed effect! Checking special code
Applying bleed effect! Checking special code
Applying bleed effect! Checking special code
Applying bleed effect! Checking special code
Applying bleed effect! Checking special code
Applying bleed effect! Checking special code
Applying bleed effect! Checking special code
Applying bleed effect! Checking special code
Applying bleed effect! Checking special code
[ 274/700 ] LOSS   33 turns   aiohto, mikasa, tatsumaki  vs  rengoku, marco, inosuke
[ 275/700 ] LOSS   23 turns   aiohto, allmight, jack  vs  shinra, cooler, gatomon
[ 276/700 ] WIN    30 turns   aiohto, tanjiro, asta  vs  kaiba, gilgamesh, gohan
[ 277/700 ] WIN    37 turns   aiohto, kaiba, erza  vs  soul, ban, semiramis
[ 278/700 ] LOSS   26 turns   aiohto, nonon, allmight  vs  gunha, xanxus, kurapika
[ 279/700 ] LOSS   33 turns   aiohto, arthur, tsunayoshi  vs  kuroko, toga, ban
Applying bleed effect! Checking special code
Applying bleed effect! Checking special code
Applying bleed effect! Checking special code
Applying bleed effect! Checking special code
Applying bleed effect! Checking special code
Applying bleed effect! Checking special code
Applying bleed effect! Checking special code
Applying bleed effect! Checking special code
Applying bleed effect! Checking special code
Applying bleed effect! Checking special code
Applying bleed effect! Checking special code
Applying bleed effect! Checking special code
Applying bleed effect! Checking special code
Applying bleed effect! Checking special code
Applying bleed effect! Checking special code
Applying bleed effect! Checking special code
[ 280/700 ] LOSS   15 turns   aiohto, cooler, ryuko  vs  king, rob, tsuyu
[ 281/700 ] WIN    20 turns   aiohto, luffy, sasuke  vs  kuroko, blackwargreymon, inosuke
Applying bleed effect! Checking special code
[ 282/700 ] LOSS   28 turns   aiohto, megumin, gasai  vs  crona, kurotsuchi, power
[ 283/700 ] WIN    29 turns   aiohto, edward, mars  vs  ryuko, sasuke, toga
Applying bleed effect! Checking special code
Applying bleed effect! Checking special code
[ 284/700 ] WIN    16 turns   aiohto, tsubaki, alphamon  vs  shinra, shiro, rengoku
[ 285/700 ] LOSS   20 turns   aiohto, horohoro, xanxus  vs  ryohei, nimaiya, broly
[ 286/700 ] LOSS   20 turns   aiohto, blackwargreymon, tokoyami  vs  mash, impmon, saber
[ 287/700 ] LOSS   15 turns   aiohto, venus, mars  vs  tsubasa, renamon, ichigo
[ 288/700 ] WIN    19 turns   aiohto, lyserg, venus  vs  gilgamesh, omnimon, nonon
[ 289/700 ] WIN    30 turns   aiohto, gojo, ban  vs  boruto, edward, kaiba
[ 290/700 ] WIN    60 turns   aiohto, myotismon, vegeta  vs  jaden, ryohei, touka
Applying bleed effect! Checking special code
Applying bleed effect! Checking special code
[ 291/700 ] WIN    23 turns   aiohto, rakko, zoro  vs  pegasus, inuyasha, mavis
Applying bleed effect! Checking special code
Applying bleed effect! Checking special code
Applying bleed effect! Checking special code
Applying bleed effect! Checking special code
Applying bleed effect! Checking special code
Applying bleed effect! Checking special code
[ 292/700 ] LOSS   33 turns   aiohto, neferpitou, todoroki  vs  saber, omnimon, rakko
Yubel's S1 Triggered!
[ 293/700 ] LOSS   24 turns   aiohto, yubel, eren  vs  saitama, nel, rimuru
[ 294/700 ] WIN    26 turns   aiohto, gray, nonon  vs  marco, esdeath, tsubasa
[ 295/700 ] LOSS   19 turns   aiohto, allmight, horohoro  vs  seventeen, alphonse, astolfo
[ 296/700 ] WIN    24 turns   aiohto, machinedramon, satsuki  vs  squalo, alphonse, muichiro
[ 297/700 ] LOSS   17 turns   aiohto, tanjiro, gallantmon  vs  jaden, mercury, omnimon
[ 298/700 ] WIN    22 turns   aiohto, pegasus, soul  vs  jack, misaka, impmon
[ 299/700 ] WIN    28 turns   aiohto, impmon, luffy  vs  rob, yugi, soul
Applying bleed effect! Checking special code
Applying bleed effect! Checking special code
Applying bleed effect! Checking special code
Applying bleed effect! Checking special code
Applying bleed effect! Checking special code
Applying bleed effect! Checking special code
Applying bleed effect! Checking special code
Applying bleed effect! Checking special code
Applying bleed effect! Checking special code
Applying bleed effect! Checking special code
Applying bleed effect! Checking special code
Applying bleed effect! Checking special code
Applying bleed effect! Checking special code
Applying bleed effect! Checking special code
Applying bleed effect! Checking special code
Applying bleed effect! Checking special code
Applying bleed effect! Checking special code
[ 300/700 ] LOSS   29 turns   aiohto, king, rimuru  vs  denji, lizandpatty, shiro
[ 301/700 ] WIN    26 turns   aiohto, kurotsuchi, touka  vs  shinoa, esdeath, toudou
[ 302/700 ] LOSS   79 turns   aiohto, goku, mash  vs  shinoa, eren, itachi
[ 303/700 ] WIN    27 turns   aiohto, chrome, levi  vs  yugi, emiya, uzui
[ 304/700 ] WIN    43 turns   aiohto, ban, nonon  vs  nel, jinwoo, kitara
[ 305/700 ] LOSS   36 turns   aiohto, emiyaarcher, sasuke  vs  nezuko, tsubasa, nimaiya
Applying bleed effect! Checking special code
Applying bleed effect! Checking special code
[ 306/700 ] WIN    17 turns   aiohto, emiya, mercury  vs  denji, edward, hisoka
[ 307/700 ] LOSS   42 turns   aiohto, boruto, tatsumi  vs  adam, kitara, vegeta
[ 308/700 ] WIN    26 turns   aiohto, madoka, vegeta  vs  uzui, levi, sheele
[ 309/700 ] LOSS   30 turns   aiohto, edward, tanjiro  vs  sheele, vegeta, myotismon
[ 310/700 ] WIN    32 turns   aiohto, shinra, mine  vs  naruto, ichigo, muichiro
[ 311/700 ] LOSS   25 turns   aiohto, blackwargreymon, boruto  vs  ban, nel, shinra
[ 312/700 ] LOSS   28 turns   aiohto, tamaki, gilgamesh  vs  frieren, eren, gatomon
[ 313/700 ] WIN    18 turns   aiohto, toga, kid  vs  esdeath, frankenstein, ichigo
[ 314/700 ] WIN    23 turns   aiohto, alphamon, squalo  vs  yamamoto, kitara, frieren
[ 315/700 ] WIN    34 turns   aiohto, frankenstein, tsubaki  vs  gray, lucy, rob
[ 316/700 ] WIN    21 turns   aiohto, gojo, aang  vs  gilgamesh, meliodas, shinoa
[ 317/700 ] LOSS   17 turns   aiohto, saber, adam  vs  mami, mercury, satsuki
[ 318/700 ] WIN    27 turns   aiohto, lyserg, frankenstein  vs  akame, esdeath, horohoro
[ 319/700 ] WIN    30 turns   aiohto, cell, zenitsu  vs  hibari, sasuke, usopp
Applying bleed effect! Checking special code
[ 320/700 ] WIN    18 turns   aiohto, inosuke, satsuki  vs  death, madoka, renamon
[ 321/700 ] LOSS   40 turns   aiohto, uranus, jeanne  vs  hashirama, gallantmon, sakura
[ 322/700 ] LOSS   44 turns   aiohto, venus, tsunayoshi  vs  luffy, bakugo, alphamon
[ 323/700 ] WIN    27 turns   aiohto, venus, itachi  vs  misaka, touka, levi
[ 324/700 ] LOSS   28 turns   aiohto, sayaka, goku  vs  tamaki, soul, luffy
Applying bleed effect! Checking special code
Applying bleed effect! Checking special code
[ 325/700 ] WIN    20 turns   aiohto, gallantmon, xanxus  vs  kuroko, power, jesse
Applying bleed effect! Checking special code
Applying bleed effect! Checking special code
[ 326/700 ] WIN    44 turns   aiohto, kuroko, midoriya  vs  rengoku, crona, tsunayoshi
[ 327/700 ] WIN    40 turns   aiohto, saturn, jack  vs  tsunayoshi, sakura, satsuki
[ 328/700 ] WIN    21 turns   aiohto, squalo, gohan  vs  shiro, esdeath, lyserg
[ 329/700 ] LOSS   50 turns   aiohto, death, touka  vs  venus, mercury, gatomon
[ 330/700 ] WIN    26 turns   aiohto, madoka, mash  vs  goku, kid, esdeath
[ 331/700 ] WIN    21 turns   aiohto, hawkmon, lizandpatty  vs  tsunayoshi, venus, edward
[ 332/700 ] WIN    35 turns   aiohto, eren, astolfo  vs  sakura, vegeta, renamon
[ 333/700 ] WIN    38 turns   aiohto, byakuya, emiyaarcher  vs  diane, uraraka, ban
[ 334/700 ] LOSS   15 turns   aiohto, king, midoriya  vs  frieren, broly, gilgamesh
Applying bleed effect! Checking special code
[ 335/700 ] WIN    18 turns   aiohto, levi, gunha  vs  gasai, denji, kaiba
Applying bleed effect! Checking special code
Applying bleed effect! Checking special code
Applying bleed effect! Checking special code
Applying bleed effect! Checking special code
Applying bleed effect! Checking special code
Applying bleed effect! Checking special code
Applying bleed effect! Checking special code
Applying bleed effect! Checking special code
[ 336/700 ] WIN   125 turns   aiohto, orihime, goku  vs  kitara, inosuke, kid
[ 337/700 ] LOSS   28 turns   aiohto, horohoro, tamaki  vs  hisoka, squalo, nezuko
[ 338/700 ] WIN    29 turns   aiohto, mars, yugi  vs  impmon, nezuko, meliodas
[ 339/700 ] LOSS   22 turns   aiohto, tanjiro, shiro  vs  allmight, tsunayoshi, naruto
[ 340/700 ] LOSS   35 turns   aiohto, noelle, levi  vs  mash, blackwargreymon, xanxus
[ 341/700 ] LOSS   22 turns   aiohto, noelle, jinwoo  vs  tsuyu, meliodas, yubel
[ 342/700 ] LOSS   20 turns   aiohto, tamaki, xanxus  vs  nel, hibari, ace
[ 343/700 ] WIN    25 turns   aiohto, kurotsuchi, ichigo  vs  noelle, uraraka, kid
[ 344/700 ] WIN    27 turns   aiohto, hisoka, semiramis  vs  kid, tanjiro, astolfo
Applying bleed effect! Checking special code
Applying bleed effect! Checking special code
Applying bleed effect! Checking special code
Applying bleed effect! Checking special code
Applying bleed effect! Checking special code
[ 345/700 ] LOSS   20 turns   aiohto, sakura, shinoa  vs  frankenstein, rakko, rob
[ 346/700 ] WIN    41 turns   aiohto, koro, tamaki  vs  kuroko, horohoro, machinedramon
[ 347/700 ] WIN    25 turns   aiohto, astolfo, nel  vs  jesse, shiro, emiya
[ 348/700 ] LOSS   19 turns   aiohto, toudou, levi  vs  mikasa, frieren, sukuna
[ 349/700 ] LOSS   56 turns   aiohto, mikasa, seventeen  vs  levi, toph, mars
[ 350/700 ] LOSS   24 turns   aiohto, alphamon, blackwargreymon  vs  tanjiro, luffy, kuroko
[ 351/700 ] LOSS   29 turns   aiohto, natsu, nonon  vs  myotismon, kitara, venus
[ 352/700 ] WIN    12 turns   aiohto, meliodas, xanxus  vs  megumi, seventeen, jinwoo
[ 353/700 ] LOSS   20 turns   aiohto, midoriya, hawkmon  vs  ryohei, tsubasa, soul
[ 354/700 ] LOSS   19 turns   aiohto, uranus, crona  vs  tatsumi, astolfo, levi
[ 355/700 ] WIN    31 turns   aiohto, minene, toph  vs  uraraka, hibari, horohoro
[ 356/700 ] LOSS   23 turns   aiohto, saturn, jaden  vs  boruto, bakugo, crona
[ 357/700 ] LOSS   16 turns   aiohto, levi, neferpitou  vs  hawkmon, seventeen, nimaiya
[ 358/700 ] WIN    19 turns   aiohto, naruto, uranus  vs  myotismon, astolfo, zenitsu
[ 359/700 ] LOSS   20 turns   aiohto, tanjiro, hinata  vs  maka, natsu, jaden
[ 360/700 ] LOSS   23 turns   aiohto, levi, crona  vs  meliodas, itachi, gatomon
[ 361/700 ] LOSS   19 turns   aiohto, mavis, gallantmon  vs  semiramis, rob, mine
[ 362/700 ] LOSS   17 turns   aiohto, hisoka, gon  vs  nagisa, yuno, noelle
[ 363/700 ] WIN    29 turns   aiohto, nagisa, toji  vs  sasuke, yoh, gohan
[ 364/700 ] LOSS   22 turns   aiohto, akame, nonon  vs  uranus, maka, sheele
Applying bleed effect! Checking special code
Applying bleed effect! Checking special code
Applying bleed effect! Checking special code
Applying bleed effect! Checking special code
Applying bleed effect! Checking special code
[ 365/700 ] LOSS   17 turns   aiohto, usopp, ken  vs  sukuna, esdeath, myotismon
[ 366/700 ] WIN    29 turns   aiohto, kurapika, yoh  vs  pegasus, ichigo, killua
[ 367/700 ] WIN    21 turns   aiohto, vegeta, levi  vs  kaiba, minene, yoh
[ 368/700 ] WIN    26 turns   aiohto, lucy, sakura  vs  tokoyami, jupiter, emiyaarcher
[ 369/700 ] WIN    19 turns   aiohto, blackwargreymon, shinra  vs  korra, frankenstein, nimaiya
[ 370/700 ] LOSS   30 turns   aiohto, tsubaki, touka  vs  horohoro, gon, yamamoto
[ 371/700 ] LOSS   18 turns   aiohto, chrome, tatsumaki  vs  usopp, bakugo, esdeath
[ 372/700 ] WIN    20 turns   aiohto, sheele, nobara  vs  asta, kid, misaka
Applying bleed effect! Checking special code
[ 373/700 ] LOSS   21 turns   aiohto, power, nezuko  vs  natsu, zenitsu, todoroki
[ 374/700 ] LOSS   22 turns   aiohto, saber, blackwargreymon  vs  seventeen, mars, misaka
[ 375/700 ] LOSS   42 turns   aiohto, gray, astolfo  vs  noelle, kitara, uzui
[ 376/700 ] LOSS   37 turns   aiohto, tokoyami, inuyasha  vs  esdeath, ichigo, zoro
[ 377/700 ] WIN    33 turns   aiohto, squalo, erza  vs  kaiba, renamon, mami
[ 378/700 ] LOSS   20 turns   aiohto, byakuya, misaka  vs  rob, death, tamaki
[ 379/700 ] WIN    26 turns   aiohto, killua, ichibe  vs  levi, alphonse, cell
[ 380/700 ] WIN    27 turns   aiohto, rimuru, tanjiro  vs  sayaka, gojo, broly
[ 381/700 ] LOSS   18 turns   aiohto, tsunayoshi, genos  vs  adam, sheele, yuji
Applying bleed effect! Checking special code
Applying bleed effect! Checking special code
[ 382/700 ] LOSS   14 turns   aiohto, shinra, inosuke  vs  cell, mash, crona
[ 383/700 ] LOSS   25 turns   aiohto, yuji, nel  vs  gon, emiyaarcher, soul
[ 384/700 ] LOSS   28 turns   aiohto, jinwoo, uraraka  vs  kaiba, asta, nonon
[ 385/700 ] LOSS   33 turns   aiohto, saber, koro  vs  noelle, muichiro, frieren
[ 386/700 ] LOSS   21 turns   aiohto, koro, ganta  vs  asta, uraraka, nel
[ 387/700 ] WIN    28 turns   aiohto, megumi, tokoyami  vs  korra, koro, ban
[ 388/700 ] WIN    26 turns   aiohto, sakura, uraraka  vs  esdeath, mikasa, yamamoto
[ 389/700 ] WIN   199 turns   aiohto, misaka, emiyaarcher  vs  frankenstein, marco, tanjiro
Applying bleed effect! Checking special code
Applying bleed effect! Checking special code
Applying bleed effect! Checking special code
[ 390/700 ] WIN    19 turns   aiohto, toji, eren  vs  hisoka, denji, nonon
[ 391/700 ] LOSS   22 turns   aiohto, kid, akame  vs  gallantmon, shinra, muichiro
[ 392/700 ] WIN    22 turns   aiohto, ryohei, cell  vs  mash, xanxus, blackwargreymon
Yubel's S1 Triggered!
Yubel's S1 Triggered!
Yubel's S1 Triggered!
Yubel's S1 Triggered!
Yubel's S1 Triggered!
[ 393/700 ] LOSS   32 turns   aiohto, korra, uraraka  vs  mercury, asta, yubel
[ 394/700 ] LOSS   30 turns   aiohto, ryuko, usopp  vs  meliodas, orihime, itachi
[ 395/700 ] LOSS   29 turns   aiohto, kaiba, lyserg  vs  zenitsu, saitama, sakura
[ 396/700 ] WIN    37 turns   aiohto, touka, uranus  vs  genos, sakura, gasai
Applying bleed effect! Checking special code
Applying bleed effect! Checking special code
Applying bleed effect! Checking special code
[ 397/700 ] WIN    24 turns   aiohto, uraraka, eren  vs  frieren, jack, king
[ 398/700 ] LOSS   21 turns   aiohto, ichigo, mercury  vs  satsuki, nobara, vegeta
Applying bleed effect! Checking special code
[ 399/700 ] WIN    21 turns   aiohto, semiramis, ken  vs  usopp, tamaki, todoroki
[ 400/700 ] LOSS   40 turns   aiohto, sasuke, koro  vs  natsu, nagisa, gatomon
Applying bleed effect! Checking special code
Applying bleed effect! Checking special code
Applying bleed effect! Checking special code
Applying bleed effect! Checking special code
[ 401/700 ] LOSS   23 turns   aiohto, ken, gohan  vs  kuroko, blackstar, allmight
[ 402/700 ] LOSS   29 turns   aiohto, gray, gallantmon  vs  koro, uranus, shinra
[ 403/700 ] WIN    20 turns   aiohto, shinra, nagisa  vs  hisoka, rakko, aang
[ 404/700 ] WIN    16 turns   aiohto, todoroki, sukuna  vs  frieren, yoh, mercury
[ 405/700 ] WIN    26 turns   aiohto, adam, misaka  vs  shinoa, eren, tsubasa
[ 406/700 ] LOSS   26 turns   aiohto, inuyasha, korra  vs  sayaka, goku, gunha
[ 407/700 ] LOSS   18 turns   aiohto, myotismon, hashirama  vs  shiro, mikasa, saber
[ 408/700 ] WIN    26 turns   aiohto, maka, jaden  vs  vegeta, veldora, hawkmon
[ 409/700 ] LOSS   33 turns   aiohto, madoka, erza  vs  saturn, koro, mash
[ 410/700 ] LOSS   13 turns   aiohto, esdeath, shinoa  vs  gohan, halibel, chrome
[ 411/700 ] WIN    13 turns   aiohto, jaden, ace  vs  crona, horohoro, ladydevimon
[ 412/700 ] LOSS   19 turns   aiohto, muichiro, blackstar  vs  seventeen, megumi, toji
Applying bleed effect! Checking special code
Applying bleed effect! Checking special code
Applying bleed effect! Checking special code
[ 413/700 ] WIN    24 turns   aiohto, edward, kaiba  vs  death, diane, asta
Applying bleed effect! Checking special code
Applying bleed effect! Checking special code
Applying bleed effect! Checking special code
[ 414/700 ] LOSS   23 turns   aiohto, power, korra  vs  jaden, toga, myotismon
[ 415/700 ] LOSS   32 turns   aiohto, squalo, toji  vs  ace, boruto, toudou
[ 416/700 ] WIN    22 turns   aiohto, semiramis, midoriya  vs  toph, denji, vegeta
Applying bleed effect! Checking special code
Applying bleed effect! Checking special code
Applying bleed effect! Checking special code
Applying bleed effect! Checking special code
Applying bleed effect! Checking special code
Applying bleed effect! Checking special code
Applying bleed effect! Checking special code
[ 417/700 ] WIN    18 turns   aiohto, tsubaki, ken  vs  pegasus, rob, kurapika
[ 418/700 ] LOSS   33 turns   aiohto, madoka, nobara  vs  mars, sasuke, lyserg
Applying bleed effect! Checking special code
[ 419/700 ] LOSS   29 turns   aiohto, megumin, power  vs  halibel, kurotsuchi, uranus
[ 420/700 ] WIN    91 turns   aiohto, eren, squalo  vs  mash, marco, kurotsuchi
[ 421/700 ] LOSS   29 turns   aiohto, toudou, kaiba  vs  arthur, aang, broly
Applying bleed effect! Checking special code
Applying bleed effect! Checking special code
Applying bleed effect! Checking special code
Applying bleed effect! Checking special code
Applying bleed effect! Checking special code
[ 422/700 ] WIN    22 turns   aiohto, frankenstein, denji  vs  inuyasha, maka, inosuke
[ 423/700 ] LOSS   26 turns   aiohto, gatomon, denji  vs  saturn, mercury, edward
[ 424/700 ] LOSS   15 turns   aiohto, ace, jinwoo  vs  shinra, blackstar, megumi
[ 425/700 ] LOSS   33 turns   aiohto, madoka, hinata  vs  gallantmon, rob, yuno
Applying bleed effect! Checking special code
[ 426/700 ] WIN    14 turns   aiohto, itachi, alphamon  vs  power, mine, tatsumaki
[ 427/700 ] LOSS   19 turns   aiohto, inuyasha, sayaka  vs  tsubasa, jack, broly
[ 428/700 ] LOSS   24 turns   aiohto, jack, jinwoo  vs  vegeta, misaka, gatomon
Applying bleed effect! Checking special code
Applying bleed effect! Checking special code
Applying bleed effect! Checking special code
Applying bleed effect! Checking special code
Applying bleed effect! Checking special code
Applying bleed effect! Checking special code
Applying bleed effect! Checking special code
[ 429/700 ] LOSS   25 turns   aiohto, nobara, astolfo  vs  yugi, zoro, rakko
Applying bleed effect! Checking special code
Applying bleed effect! Checking special code
Applying bleed effect! Checking special code
Applying bleed effect! Checking special code
Applying bleed effect! Checking special code
[ 430/700 ] LOSS   21 turns   aiohto, shinra, genos  vs  uranus, king, sheele
Applying bleed effect! Checking special code
Applying bleed effect! Checking special code
[ 431/700 ] WIN    24 turns   aiohto, yubel, emiya  vs  denji, jupiter, erza
[ 432/700 ] WIN    19 turns   aiohto, yamamoto, machinedramon  vs  sukuna, gasai, pegasus
[ 433/700 ] WIN    32 turns   aiohto, yubel, shiro  vs  akame, emiyaarcher, ryuko
[ 434/700 ] WIN    28 turns   aiohto, nonon, misaka  vs  tsubasa, ace, rob
[ 435/700 ] WIN    24 turns   aiohto, jupiter, ichigo  vs  hisoka, uranus, ban
[ 436/700 ] LOSS   31 turns   aiohto, frieren, alphamon  vs  naruto, hibari, crona
[ 437/700 ] LOSS   26 turns   aiohto, yuji, nezuko  vs  omnimon, yuno, alphamon
Applying bleed effect! Checking special code
Applying bleed effect! Checking special code
Applying bleed effect! Checking special code
Applying bleed effect! Checking special code
Applying bleed effect! Checking special code
Applying bleed effect! Checking special code
[ 438/700 ] LOSS   17 turns   aiohto, xanxus, yoh  vs  halibel, rakko, death
[ 439/700 ] LOSS   62 turns   aiohto, usopp, misaka  vs  mars, lucy, hawkmon
Applying bleed effect! Checking special code
Applying bleed effect! Checking special code
Applying bleed effect! Checking special code
Applying bleed effect! Checking special code
Yubel's S1 Triggered!
[ 440/700 ] WIN    53 turns   aiohto, midoriya, astolfo  vs  saber, yubel, rengoku
[ 441/700 ] WIN    26 turns   aiohto, orihime, hibari  vs  lucy, sasuke, myotismon
Applying bleed effect! Checking special code
Applying bleed effect! Checking special code
Applying bleed effect! Checking special code
Applying bleed effect! Checking special code
Applying bleed effect! Checking special code
Applying bleed effect! Checking special code
Applying bleed effect! Checking special code
[ 442/700 ] WIN    15 turns   aiohto, gunha, king  vs  goku, mine, nonon
[ 443/700 ] WIN    35 turns   aiohto, maka, toph  vs  halibel, tatsumi, tsubasa
[ 444/700 ] WIN    19 turns   aiohto, veldora, vegeta  vs  tsunayoshi, luffy, akame
[ 445/700 ] WIN    18 turns   aiohto, kuroko, seventeen  vs  mercury, crona, tsuyu
[ 446/700 ] WIN    18 turns   aiohto, byakuya, inosuke  vs  uraraka, allmight, mami
[ 447/700 ] LOSS   36 turns   aiohto, mikasa, zoro  vs  lyserg, nagisa, hinata
[ 448/700 ] LOSS   33 turns   aiohto, orihime, squalo  vs  gasai, kurapika, cooler
[ 449/700 ] WIN    19 turns   aiohto, saber, kurotsuchi  vs  ladydevimon, kid, ryuko
[ 450/700 ] WIN    39 turns   aiohto, crona, gon  vs  sakura, sheele, veldora
Applying bleed effect! Checking special code
Applying bleed effect! Checking special code
Applying bleed effect! Checking special code
Applying bleed effect! Checking special code
[ 451/700 ] LOSS   26 turns   aiohto, tanjiro, uzui  vs  rengoku, ganta, gallantmon
[ 452/700 ] WIN    21 turns   aiohto, alphonse, byakuya  vs  zoro, tsubaki, ryohei
[ 453/700 ] LOSS   25 turns   aiohto, machinedramon, hawkmon  vs  tsunayoshi, yugi, saber
Applying bleed effect! Checking special code
Applying bleed effect! Checking special code
[ 454/700 ] WIN    35 turns   aiohto, tatsumi, lizandpatty  vs  power, ichigo, toji
[ 455/700 ] LOSS   20 turns   aiohto, tanjiro, nobara  vs  genos, zenitsu, shinoa
Applying bleed effect! Checking special code
Applying bleed effect! Checking special code
[ 456/700 ] WIN    35 turns   aiohto, king, yamamoto  vs  alphamon, inuyasha, saber
[ 457/700 ] WIN    28 turns   aiohto, jack, blackstar  vs  chrome, emiya, tatsumi
[ 458/700 ] LOSS   20 turns   aiohto, gon, lucy  vs  sheele, killua, squalo
[ 459/700 ] WIN    33 turns   aiohto, soul, gallantmon  vs  tsunayoshi, myotismon, ganta
[ 460/700 ] LOSS   33 turns   aiohto, hinata, edward  vs  nagisa, zoro, soul
[ 461/700 ] LOSS   21 turns   aiohto, gojo, marco  vs  kaiba, usopp, natsu
[ 462/700 ] LOSS   23 turns   aiohto, goku, gallantmon  vs  nagisa, bakugo, crona
[ 463/700 ] WIN    24 turns   aiohto, crona, uzui  vs  shokuhou, semiramis, muichiro
[ 464/700 ] LOSS   26 turns   aiohto, misaka, frankenstein  vs  saber, shinra, megumi
[ 465/700 ] LOSS   21 turns   aiohto, touka, blackwargreymon  vs  midoriya, mikasa, uranus
[ 466/700 ] WIN    22 turns   aiohto, nimaiya, kurapika  vs  gunha, shokuhou, kaiba
[ 467/700 ] WIN    33 turns   aiohto, lizandpatty, alphamon  vs  hashirama, sasuke, toji
Yubel's S1 Triggered!
Yubel's S1 Triggered!
[ 468/700 ] WIN    17 turns   aiohto, asta, tsuyu  vs  yubel, megumi, gilgamesh
[ 469/700 ] WIN    25 turns   aiohto, jeanne, tanjiro  vs  shiro, akame, aang
[ 470/700 ] WIN    37 turns   aiohto, soul, gallantmon  vs  mash, gogeta, yubel
[ 471/700 ] LOSS   12 turns   aiohto, kitara, gatomon  vs  itachi, jaden, inuyasha
[ 472/700 ] WIN    26 turns   aiohto, crona, zenitsu  vs  rimuru, erza, halibel
[ 473/700 ] LOSS   22 turns   aiohto, sheele, neferpitou  vs  genos, ryohei, gilgamesh
[ 474/700 ] LOSS   23 turns   aiohto, mami, lizandpatty  vs  hibari, blackstar, astolfo
Applying bleed effect! Checking special code
[ 475/700 ] LOSS   16 turns   aiohto, tamaki, ken  vs  saitama, byakuya, nimaiya
[ 476/700 ] LOSS   25 turns   aiohto, madoka, mash  vs  ban, chrome, mavis
Applying bleed effect! Checking special code
Applying bleed effect! Checking special code
Applying bleed effect! Checking special code
Applying bleed effect! Checking special code
Applying bleed effect! Checking special code
Applying bleed effect! Checking special code
[ 477/700 ] WIN    19 turns   aiohto, king, hinata  vs  cell, eren, soul
[ 478/700 ] WIN    27 turns   aiohto, yamamoto, gunha  vs  toji, todoroki, cooler
[ 479/700 ] WIN    32 turns   aiohto, ichigo, tatsumaki  vs  zenitsu, frankenstein, pegasus
Applying bleed effect! Checking special code
[ 480/700 ] WIN    16 turns   aiohto, inosuke, erza  vs  adam, todoroki, shokuhou
[ 481/700 ] WIN    32 turns   aiohto, asta, chrome  vs  emiya, uranus, hisoka
[ 482/700 ] WIN    29 turns   aiohto, uzui, nobara  vs  yubel, toudou, tsubaki
[ 483/700 ] WIN    35 turns   aiohto, broly, nonon  vs  inuyasha, rimuru, ichigo
[ 484/700 ] WIN    20 turns   aiohto, yuji, alphamon  vs  nel, tokoyami, mami
[ 485/700 ] LOSS   23 turns   aiohto, megumin, kurapika  vs  gohan, gogeta, ladydevimon
[ 486/700 ] WIN    21 turns   aiohto, alphonse, rob  vs  hibari, akame, venus
[ 487/700 ] WIN    23 turns   aiohto, astolfo, ichibe  vs  tsubaki, toga, ichigo
[ 488/700 ] LOSS   42 turns   aiohto, cell, ace  vs  ban, seventeen, kurotsuchi
[ 489/700 ] WIN    20 turns   aiohto, meliodas, yugi  vs  squalo, edward, semiramis
[ 490/700 ] LOSS   27 turns   aiohto, toji, machinedramon  vs  boruto, kuroko, genos
[ 491/700 ] WIN    27 turns   aiohto, gojo, muichiro  vs  genos, uranus, emiya
[ 492/700 ] WIN    18 turns   aiohto, diane, cooler  vs  jeanne, crona, gohan
[ 493/700 ] WIN    25 turns   aiohto, seventeen, eren  vs  cooler, asta, gilgamesh
[ 494/700 ] WIN    36 turns   aiohto, maka, mash  vs  nonon, tamaki, gasai
[ 495/700 ] WIN    24 turns   aiohto, killua, sheele  vs  touka, ban, gatomon
[ 496/700 ] WIN    33 turns   aiohto, sheele, blackwargreymon  vs  toudou, sasuke, sukuna
[ 497/700 ] WIN    40 turns   aiohto, ryohei, nezuko  vs  saitama, killua, machinedramon
[ 498/700 ] LOSS   21 turns   aiohto, rob, neferpitou  vs  nagisa, gilgamesh, uraraka
[ 499/700 ] LOSS   33 turns   aiohto, myotismon, frieren  vs  ichigo, rimuru, mami
[ 500/700 ] WIN    19 turns   aiohto, goku, hawkmon  vs  nonon, ryuko, venus
[ 501/700 ] WIN    22 turns   aiohto, sheele, kuroko  vs  arthur, machinedramon, jeanne
Applying bleed effect! Checking special code
Applying bleed effect! Checking special code
Applying bleed effect! Checking special code
Applying bleed effect! Checking special code
Applying bleed effect! Checking special code
Applying bleed effect! Checking special code
Applying bleed effect! Checking special code
Applying bleed effect! Checking special code
[ 502/700 ] WIN    30 turns   aiohto, semiramis, broly  vs  ryuko, ichibe, ken
Applying bleed effect! Checking special code
Applying bleed effect! Checking special code
Applying bleed effect! Checking special code
Applying bleed effect! Checking special code
[ 503/700 ] LOSS   21 turns   aiohto, frankenstein, blackstar  vs  nagisa, arthur, rakko
[ 504/700 ] WIN    38 turns   aiohto, akame, shinra  vs  tamaki, soul, veldora
Applying bleed effect! Checking special code
Applying bleed effect! Checking special code
Applying bleed effect! Checking special code
[ 505/700 ] WIN    29 turns   aiohto, denji, mikasa  vs  muichiro, hinata, byakuya
[ 506/700 ] WIN    17 turns   aiohto, edward, meliodas  vs  hibari, tsubaki, xanxus
Applying bleed effect! Checking special code
Applying bleed effect! Checking special code
Applying bleed effect! Checking special code
Applying bleed effect! Checking special code
[ 507/700 ] WIN    16 turns   aiohto, yamamoto, jaden  vs  impmon, gon, ken
[ 508/700 ] LOSS   19 turns   aiohto, jack, usopp  vs  nezuko, yubel, astolfo
[ 509/700 ] LOSS   33 turns   aiohto, ban, nobara  vs  gatomon, levi, usopp
[ 510/700 ] WIN    28 turns   aiohto, todoroki, usopp  vs  yamamoto, kuroko, tanjiro
[ 511/700 ] WIN    16 turns   aiohto, itachi, alphonse  vs  diane, midoriya, soul
[ 512/700 ] LOSS   28 turns   aiohto, blackwargreymon, zenitsu  vs  megumin, tatsumaki, tsubaki
[ 513/700 ] LOSS   18 turns   aiohto, tsubasa, tsunayoshi  vs  uzui, levi, venus
Applying bleed effect! Checking special code
Applying bleed effect! Checking special code
[ 514/700 ] LOSS   30 turns   aiohto, power, kitara  vs  yamamoto, shinoa, gallantmon
[ 515/700 ] WIN    25 turns   aiohto, tsubasa, jinwoo  vs  nezuko, edward, jeanne
[ 516/700 ] LOSS   18 turns   aiohto, mikasa, tatsumi  vs  uzui, arthur, shinra
[ 517/700 ] WIN    23 turns   aiohto, blackwargreymon, ace  vs  neferpitou, hawkmon, horohoro
[ 518/700 ] WIN    23 turns   aiohto, ban, uranus  vs  madoka, nel, astolfo
[ 519/700 ] WIN    20 turns   aiohto, tsubasa, gohan  vs  gatomon, hashirama, vegeta
[ 520/700 ] WIN    31 turns   aiohto, midoriya, gogeta  vs  sasuke, toph, boruto
[ 521/700 ] LOSS   20 turns   aiohto, gogeta, veldora  vs  aang, astolfo, killua
Applying bleed effect! Checking special code
Applying bleed effect! Checking special code
Applying bleed effect! Checking special code
Applying bleed effect! Checking special code
Applying bleed effect! Checking special code
Applying bleed effect! Checking special code
[ 522/700 ] LOSS   33 turns   aiohto, ken, mars  vs  nagisa, jinwoo, frankenstein
[ 523/700 ] WIN    18 turns   aiohto, emiyaarcher, impmon  vs  luffy, renamon, shiro
[ 524/700 ] WIN    16 turns   aiohto, gilgamesh, horohoro  vs  midoriya, lucy, gunha
Applying bleed effect! Checking special code
Applying bleed effect! Checking special code
[ 525/700 ] WIN    45 turns   aiohto, rengoku, seventeen  vs  toph, squalo, tamaki
[ 526/700 ] WIN    22 turns   aiohto, ladydevimon, kitara  vs  rimuru, ace, inuyasha
[ 527/700 ] LOSS   38 turns   aiohto, itachi, luffy  vs  omnimon, yoh, jaden
[ 528/700 ] LOSS   18 turns   aiohto, gohan, jesse  vs  misaka, bakugo, hawkmon
Applying bleed effect! Checking special code
[ 529/700 ] WIN    15 turns   aiohto, mercury, luffy  vs  zoro, gray, rengoku
[ 530/700 ] WIN    30 turns   aiohto, impmon, mami  vs  uraraka, ban, uzui
[ 531/700 ] WIN    23 turns   aiohto, renamon, nonon  vs  halibel, shokuhou, yoh
[ 532/700 ] WIN    17 turns   aiohto, crona, madoka  vs  zoro, noelle, kurotsuchi
[ 533/700 ] WIN    19 turns   aiohto, cell, marco  vs  korra, noelle, machinedramon
Applying bleed effect! Checking special code
Applying bleed effect! Checking special code
[ 534/700 ] LOSS   12 turns   aiohto, power, veldora  vs  mash, yugi, madoka
[ 535/700 ] LOSS   27 turns   aiohto, ace, seventeen  vs  touka, ladydevimon, yuji
[ 536/700 ] LOSS   35 turns   aiohto, nagisa, gunha  vs  yuji, kurotsuchi, erza
[ 537/700 ] LOSS   28 turns   aiohto, bakugo, kurapika  vs  tokoyami, mavis, todoroki
[ 538/700 ] LOSS   22 turns   aiohto, yuji, blackwargreymon  vs  broly, killua, myotismon
[ 539/700 ] LOSS   17 turns   aiohto, marco, lizandpatty  vs  genos, sayaka, seventeen
[ 540/700 ] LOSS   27 turns   aiohto, cooler, mercury  vs  alphamon, aang, saber
Applying bleed effect! Checking special code
Applying bleed effect! Checking special code
Applying bleed effect! Checking special code
Applying bleed effect! Checking special code
[ 541/700 ] WIN    16 turns   aiohto, korra, denji  vs  mami, yuji, satsuki
[ 542/700 ] WIN    25 turns   aiohto, frankenstein, death  vs  tatsumi, seventeen, uraraka
[ 543/700 ] LOSS   21 turns   aiohto, shinoa, ryohei  vs  yuno, genos, neferpitou
[ 544/700 ] WIN    34 turns   aiohto, midoriya, gohan  vs  kitara, ladydevimon, goku
[ 545/700 ] WIN    17 turns   aiohto, shinra, sayaka  vs  nobara, ryohei, nezuko
Applying bleed effect! Checking special code
Applying bleed effect! Checking special code
Applying bleed effect! Checking special code
[ 546/700 ] LOSS   24 turns   aiohto, mikasa, impmon  vs  nel, power, kurapika
[ 547/700 ] WIN    18 turns   aiohto, tokoyami, levi  vs  sasuke, madoka, mars
[ 548/700 ] LOSS   22 turns   aiohto, mine, alphamon  vs  nonon, lizandpatty, satsuki
Applying bleed effect! Checking special code
[ 549/700 ] LOSS   34 turns   aiohto, nezuko, toph  vs  uraraka, mash, diane
[ 550/700 ] LOSS   26 turns   aiohto, mars, saitama  vs  alphamon, bakugo, levi
[ 551/700 ] WIN    32 turns   aiohto, ladydevimon, death  vs  saturn, tatsumaki, gojo
[ 552/700 ] LOSS   19 turns   aiohto, crona, hibari  vs  jaden, todoroki, satsuki
[ 553/700 ] WIN    23 turns   aiohto, saturn, asta  vs  noelle, alphamon, edward
[ 554/700 ] WIN    27 turns   aiohto, crona, ace  vs  allmight, gon, hawkmon
Applying bleed effect! Checking special code
Applying bleed effect! Checking special code
Applying bleed effect! Checking special code
Applying bleed effect! Checking special code
[ 555/700 ] WIN    24 turns   aiohto, kaiba, power  vs  zoro, hawkmon, rengoku
[ 556/700 ] WIN    18 turns   aiohto, shiro, mercury  vs  frankenstein, orihime, yuji
Applying bleed effect! Checking special code
Applying bleed effect! Checking special code
[ 557/700 ] WIN    17 turns   aiohto, gohan, rengoku  vs  yubel, shiro, veldora
Applying bleed effect! Checking special code
Applying bleed effect! Checking special code
[ 558/700 ] LOSS   35 turns   aiohto, inosuke, levi  vs  natsu, renamon, toudou
[ 559/700 ] WIN    23 turns   aiohto, jupiter, cell  vs  ichigo, megumi, gogeta
[ 560/700 ] WIN    23 turns   aiohto, marco, tsubaki  vs  koro, adam, ryuko
[ 561/700 ] WIN    14 turns   aiohto, madoka, gatomon  vs  midoriya, maka, tsubasa
[ 562/700 ] LOSS   20 turns   aiohto, korra, gilgamesh  vs  lizandpatty, jinwoo, adam
Applying bleed effect! Checking special code
Applying bleed effect! Checking special code
Applying bleed effect! Checking special code
Applying bleed effect! Checking special code
Applying bleed effect! Checking special code
[ 563/700 ] WIN    24 turns   aiohto, rakko, toph  vs  sukuna, alphonse, death
[ 564/700 ] WIN    21 turns   aiohto, uraraka, broly  vs  yugi, nonon, aang
[ 565/700 ] LOSS   22 turns   aiohto, tsubasa, zoro  vs  madoka, todoroki, jupiter
[ 566/700 ] WIN    17 turns   aiohto, blackstar, nimaiya  vs  yugi, yoh, sakura
Yubel's S1 Triggered!
[ 567/700 ] WIN    23 turns   aiohto, mikasa, ryohei  vs  yubel, hibari, cooler
[ 568/700 ] WIN    15 turns   aiohto, rob, satsuki  vs  myotismon, seventeen, ganta
[ 569/700 ] LOSS   22 turns   aiohto, denji, edward  vs  zoro, jinwoo, kurotsuchi
[ 570/700 ] LOSS   21 turns   aiohto, arthur, edward  vs  broly, frieren, astolfo
Applying bleed effect! Checking special code
Applying bleed effect! Checking special code
[ 571/700 ] LOSS   26 turns   aiohto, gatomon, emiyaarcher  vs  eren, rengoku, mars
Applying bleed effect! Checking special code
Applying bleed effect! Checking special code
Applying bleed effect! Checking special code
[ 572/700 ] WIN    20 turns   aiohto, tsunayoshi, tamaki  vs  crona, ken, meliodas
[ 573/700 ] LOSS   17 turns   aiohto, omnimon, touka  vs  levi, aang, megumin
[ 574/700 ] LOSS   18 turns   aiohto, mash, saber  vs  rimuru, ichigo, meliodas
[ 575/700 ] WIN    21 turns   aiohto, saturn, ichibe  vs  inuyasha, uranus, touka
[ 576/700 ] WIN    12 turns   aiohto, blackwargreymon, lucy  vs  usopp, megumi, shiro
[ 577/700 ] LOSS   45 turns   aiohto, kuroko, tatsumaki  vs  akame, gasai, marco
[ 578/700 ] WIN    26 turns   aiohto, death, ryuko  vs  gunha, hawkmon, pegasus
[ 579/700 ] LOSS   25 turns   aiohto, gasai, megumin  vs  gon, edward, death
[ 580/700 ] WIN    19 turns   aiohto, kitara, saber  vs  noelle, maka, midoriya
[ 581/700 ] WIN    17 turns   aiohto, chrome, astolfo  vs  rimuru, ichigo, tanjiro
[ 582/700 ] WIN    16 turns   aiohto, mavis, touka  vs  hibari, toga, satsuki
[ 583/700 ] WIN    25 turns   aiohto, kurotsuchi, arthur  vs  boruto, touka, seventeen
[ 584/700 ] LOSS   20 turns   aiohto, tanjiro, toudou  vs  astolfo, myotismon, squalo
[ 585/700 ] WIN    38 turns   aiohto, goku, bakugo  vs  ace, veldora, levi
[ 586/700 ] WIN    46 turns   aiohto, orihime, myotismon  vs  touka, saturn, eren
[ 587/700 ] LOSS   14 turns   aiohto, tsubaki, goku  vs  madoka, alphonse, nonon
Applying bleed effect! Checking special code
Applying bleed effect! Checking special code
Applying bleed effect! Checking special code
[ 588/700 ] WIN    20 turns   aiohto, rakko, neferpitou  vs  nimaiya, blackwargreymon, tsunayoshi
[ 589/700 ] WIN    31 turns   aiohto, sakura, omnimon  vs  toph, misaka, gohan
[ 590/700 ] WIN    18 turns   aiohto, inuyasha, gatomon  vs  frieren, frankenstein, muichiro
[ 591/700 ] LOSS   20 turns   aiohto, xanxus, muichiro  vs  tokoyami, alphonse, ladydevimon
[ 592/700 ] WIN    20 turns   aiohto, zoro, semiramis  vs  venus, emiyaarcher, sakura
[ 593/700 ] WIN    31 turns   aiohto, kurapika, rimuru  vs  sayaka, astolfo, ladydevimon
[ 594/700 ] WIN    21 turns   aiohto, toph, jupiter  vs  byakuya, toga, impmon
Applying bleed effect! Checking special code
Applying bleed effect! Checking special code
Applying bleed effect! Checking special code
Applying bleed effect! Checking special code
Applying bleed effect! Checking special code
Applying bleed effect! Checking special code
[ 595/700 ] LOSS   23 turns   aiohto, shinoa, usopp  vs  gon, denji, rengoku
[ 596/700 ] LOSS   20 turns   aiohto, saber, toga  vs  tsunayoshi, tokoyami, astolfo
[ 597/700 ] LOSS   25 turns   aiohto, adam, jack  vs  tatsumi, gatomon, gojo
[ 598/700 ] WIN    12 turns   aiohto, jack, madoka  vs  squalo, goku, gogeta
Applying bleed effect! Checking special code
Applying bleed effect! Checking special code
[ 599/700 ] WIN    47 turns   aiohto, uranus, todoroki  vs  power, saturn, shokuhou
Applying bleed effect! Checking special code
[ 600/700 ] LOSS   27 turns   aiohto, edward, genos  vs  yuji, rengoku, tanjiro
[ 601/700 ] WIN    26 turns   aiohto, noelle, soul  vs  rob, korra, saitama
[ 602/700 ] LOSS   22 turns   aiohto, venus, minene  vs  sayaka, gatomon, nagisa
[ 603/700 ] WIN    25 turns   aiohto, kaiba, korra  vs  ryuko, saber, adam
Applying bleed effect! Checking special code
Applying bleed effect! Checking special code
[ 604/700 ] WIN    19 turns   aiohto, meliodas, tsubaki  vs  esdeath, king, ace
Applying bleed effect! Checking special code
Applying bleed effect! Checking special code
Applying bleed effect! Checking special code
Applying bleed effect! Checking special code
Applying bleed effect! Checking special code
Applying bleed effect! Checking special code
Applying bleed effect! Checking special code
[ 605/700 ] LOSS   34 turns   aiohto, bakugo, sakura  vs  gohan, asta, king
[ 606/700 ] WIN    29 turns   aiohto, lizandpatty, toga  vs  toudou, blackwargreymon, chrome
Applying bleed effect! Checking special code
Applying bleed effect! Checking special code
Applying bleed effect! Checking special code
Applying bleed effect! Checking special code
Applying bleed effect! Checking special code
Applying bleed effect! Checking special code
[ 607/700 ] LOSS   18 turns   aiohto, erza, usopp  vs  megumi, rakko, inosuke
Applying bleed effect! Checking special code
[ 608/700 ] LOSS   13 turns   aiohto, gunha, shokuhou  vs  rengoku, kuroko, nimaiya
[ 609/700 ] WIN    24 turns   aiohto, esdeath, hisoka  vs  toji, mikasa, lucy
[ 610/700 ] LOSS   28 turns   aiohto, venus, vegeta  vs  semiramis, jinwoo, machinedramon
[ 611/700 ] LOSS   22 turns   aiohto, shokuhou, levi  vs  ichibe, mash, lizandpatty
[ 612/700 ] WIN    41 turns   aiohto, natsu, misaka  vs  arthur, broly, shokuhou
[ 613/700 ] WIN    17 turns   aiohto, ichigo, ryohei  vs  saber, toga, hawkmon
Applying bleed effect! Checking special code
[ 614/700 ] LOSS   42 turns   aiohto, jesse, ladydevimon  vs  toph, rengoku, cell
[ 615/700 ] WIN    23 turns   aiohto, tamaki, uraraka  vs  mercury, gohan, korra
[ 616/700 ] LOSS   12 turns   aiohto, impmon, zenitsu  vs  saitama, shinoa, asta
Applying bleed effect! Checking special code
Applying bleed effect! Checking special code
Applying bleed effect! Checking special code
Applying bleed effect! Checking special code
Applying bleed effect! Checking special code
[ 617/700 ] WIN    28 turns   aiohto, ken, saitama  vs  myotismon, boruto, sakura
[ 618/700 ] LOSS   21 turns   aiohto, toph, jinwoo  vs  impmon, sayaka, hibari
[ 619/700 ] WIN    34 turns   aiohto, yugi, satsuki  vs  ichibe, korra, genos
[ 620/700 ] WIN    26 turns   aiohto, yubel, jack  vs  hashirama, koro, gilgamesh
[ 621/700 ] LOSS   27 turns   aiohto, yugi, rimuru  vs  adam, tatsumaki, aang
[ 622/700 ] WIN    42 turns   aiohto, tanjiro, tokoyami  vs  death, ichibe, nel
[ 623/700 ] WIN    18 turns   aiohto, frankenstein, death  vs  megumin, machinedramon, levi
[ 624/700 ] WIN    52 turns   aiohto, toji, omnimon  vs  tanjiro, byakuya, tamaki
Applying bleed effect! Checking special code
Applying bleed effect! Checking special code
Applying bleed effect! Checking special code
Applying bleed effect! Checking special code
Applying bleed effect! Checking special code
[ 625/700 ] WIN    18 turns   aiohto, toudou, frieren  vs  ken, ryuko, blackstar
[ 626/700 ] WIN    22 turns   aiohto, venus, myotismon  vs  tokoyami, sakura, mami
[ 627/700 ] WIN    13 turns   aiohto, satsuki, nel  vs  venus, korra, edward
Applying bleed effect! Checking special code
Applying bleed effect! Checking special code
Applying bleed effect! Checking special code
Applying bleed effect! Checking special code
Applying bleed effect! Checking special code
Applying bleed effect! Checking special code
[ 628/700 ] WIN    21 turns   aiohto, blackstar, kuroko  vs  koro, lucy, ken
[ 629/700 ] LOSS   21 turns   aiohto, rimuru, usopp  vs  lucy, toudou, frieren
[ 630/700 ] WIN    17 turns   aiohto, shinra, nonon  vs  frieren, yuno, ganta
Applying bleed effect! Checking special code
Applying bleed effect! Checking special code
Applying bleed effect! Checking special code
Applying bleed effect! Checking special code
Applying bleed effect! Checking special code
[ 631/700 ] LOSS   29 turns   aiohto, ken, xanxus  vs  omnimon, sheele, lizandpatty
[ 632/700 ] WIN    16 turns   aiohto, emiya, uranus  vs  shiro, akame, impmon
[ 633/700 ] LOSS   14 turns   aiohto, genos, zenitsu  vs  gohan, luffy, meliodas
Applying bleed effect! Checking special code
Applying bleed effect! Checking special code
Applying bleed effect! Checking special code
Applying bleed effect! Checking special code
Applying bleed effect! Checking special code
Applying bleed effect! Checking special code
[ 634/700 ] WIN    12 turns   aiohto, ken, tokoyami  vs  saitama, inosuke, touka
[ 635/700 ] LOSS   18 turns   aiohto, mikasa, kurotsuchi  vs  neferpitou, hashirama, genos
Yubel's S1 Triggered!
[ 636/700 ] LOSS   43 turns   aiohto, shinoa, nonon  vs  machinedramon, pegasus, yubel
[ 637/700 ] LOSS   29 turns   aiohto, allmight, kurapika  vs  cell, chrome, uranus
[ 638/700 ] LOSS   19 turns   aiohto, frieren, yoh  vs  kaiba, shinra, cell
[ 639/700 ] LOSS   20 turns   aiohto, marco, kurotsuchi  vs  neferpitou, mikasa, boruto
Applying bleed effect! Checking special code
[ 640/700 ] WIN    24 turns   aiohto, denji, gatomon  vs  meliodas, yoh, jesse
Applying bleed effect! Checking special code
Applying bleed effect! Checking special code
Applying bleed effect! Checking special code
Applying bleed effect! Checking special code
Applying bleed effect! Checking special code
[ 641/700 ] WIN    23 turns   aiohto, gunha, nagisa  vs  tsunayoshi, king, nezuko
Applying bleed effect! Checking special code
Applying bleed effect! Checking special code
Applying bleed effect! Checking special code
Applying bleed effect! Checking special code
Applying bleed effect! Checking special code
[ 642/700 ] LOSS   19 turns   aiohto, nagisa, zenitsu  vs  jinwoo, ken, natsu
[ 643/700 ] WIN    39 turns   aiohto, kurapika, ichigo  vs  uranus, shiro, mine
[ 644/700 ] WIN    17 turns   aiohto, mercury, nimaiya  vs  mine, diane, gatomon
[ 645/700 ] LOSS   33 turns   aiohto, emiyaarcher, mash  vs  byakuya, ichibe, ace
[ 646/700 ] LOSS   28 turns   aiohto, gray, mavis  vs  gatomon, tanjiro, arthur
[ 647/700 ] WIN    22 turns   aiohto, blackstar, ryohei  vs  broly, toph, megumi
[ 648/700 ] WIN    23 turns   aiohto, toji, saturn  vs  pegasus, myotismon, gogeta
[ 649/700 ] LOSS   14 turns   aiohto, yugi, frankenstein  vs  misaka, killua, toph
[ 650/700 ] WIN    16 turns   aiohto, luffy, uzui  vs  shinoa, nimaiya, impmon
[ 651/700 ] LOSS   37 turns   aiohto, seventeen, megumi  vs  ace, noelle, alphonse
Applying bleed effect! Checking special code
[ 652/700 ] LOSS   26 turns   aiohto, usopp, power  vs  halibel, adam, ryuko
[ 653/700 ] WIN    29 turns   aiohto, nezuko, rimuru  vs  yamamoto, toji, nel
[ 654/700 ] WIN    22 turns   aiohto, mine, tsuyu  vs  gogeta, tsubasa, saitama
[ 655/700 ] WIN    18 turns   aiohto, jaden, semiramis  vs  goku, tsuyu, kuroko
Applying bleed effect! Checking special code
[ 656/700 ] WIN    20 turns   aiohto, asta, ryuko  vs  naruto, power, myotismon
[ 657/700 ] LOSS   45 turns   aiohto, gasai, pegasus  vs  power, yoh, emiya
[ 658/700 ] WIN    30 turns   aiohto, yuji, gallantmon  vs  mash, toji, allmight
[ 659/700 ] LOSS   33 turns   aiohto, nel, blackwargreymon  vs  tanjiro, ichibe, soul
Applying bleed effect! Checking special code
Applying bleed effect! Checking special code
Applying bleed effect! Checking special code
[ 660/700 ] WIN    19 turns   aiohto, zoro, marco  vs  tamaki, nonon, rakko
Applying bleed effect! Checking special code
Applying bleed effect! Checking special code
Applying bleed effect! Checking special code
Applying bleed effect! Checking special code
Applying bleed effect! Checking special code
Applying bleed effect! Checking special code
[ 661/700 ] WIN    78 turns   aiohto, byakuya, uraraka  vs  jesse, king, erza
[ 662/700 ] WIN    27 turns   aiohto, alphamon, jinwoo  vs  lucy, emiyaarcher, todoroki
[ 663/700 ] WIN    28 turns   aiohto, saitama, itachi  vs  sasuke, tanjiro, astolfo
Applying bleed effect! Checking special code
[ 664/700 ] LOSS   29 turns   aiohto, power, alphonse  vs  kuroko, rimuru, shinoa
[ 665/700 ] WIN    30 turns   aiohto, kid, impmon  vs  blackstar, hawkmon, vegeta
[ 666/700 ] WIN    28 turns   aiohto, kitara, gogeta  vs  shinra, jesse, ichigo
Applying bleed effect! Checking special code
Applying bleed effect! Checking special code
[ 667/700 ] LOSS   24 turns   aiohto, king, emiya  vs  kurotsuchi, toudou, ichibe
Applying bleed effect! Checking special code
Applying bleed effect! Checking special code
Applying bleed effect! Checking special code
Applying bleed effect! Checking special code
Applying bleed effect! Checking special code
Applying bleed effect! Checking special code
[ 668/700 ] LOSS   36 turns   aiohto, sheele, tsubaki  vs  myotismon, king, jesse
[ 669/700 ] LOSS   14 turns   aiohto, yubel, kitara  vs  nagisa, allmight, gilgamesh
[ 670/700 ] WIN    33 turns   aiohto, venus, toph  vs  lizandpatty, halibel, tatsumaki
Yubel's S1 Triggered!
Yubel's S1 Triggered!
Yubel's S1 Triggered!
[ 671/700 ] LOSS   17 turns   aiohto, yubel, shiro  vs  nimaiya, lizandpatty, edward
[ 672/700 ] WIN    15 turns   aiohto, gohan, ichigo  vs  sukuna, ryohei, vegeta
[ 673/700 ] WIN    25 turns   aiohto, chrome, blackwargreymon  vs  sakura, jesse, gilgamesh
[ 674/700 ] LOSS   18 turns   aiohto, killua, venus  vs  tsubasa, madoka, allmight
[ 675/700 ] LOSS   28 turns   aiohto, tamaki, natsu  vs  saitama, squalo, adam
[ 676/700 ] WIN    39 turns   aiohto, muichiro, mars  vs  noelle, yubel, kaiba
Applying bleed effect! Checking special code
Applying bleed effect! Checking special code
Applying bleed effect! Checking special code
[ 677/700 ] LOSS   23 turns   aiohto, goku, byakuya  vs  rakko, toph, jupiter
Applying bleed effect! Checking special code
Applying bleed effect! Checking special code
Applying bleed effect! Checking special code
[ 678/700 ] WIN    16 turns   aiohto, marco, gon  vs  inosuke, hinata, mash
[ 679/700 ] WIN    15 turns   aiohto, sukuna, impmon  vs  emiyaarcher, ganta, adam
[ 680/700 ] WIN    29 turns   aiohto, cooler, nezuko  vs  lyserg, erza, tatsumaki
[ 681/700 ] WIN    29 turns   aiohto, mami, toga  vs  inuyasha, nimaiya, luffy
[ 682/700 ] WIN    30 turns   aiohto, diane, kurotsuchi  vs  saber, nobara, ichigo
Applying bleed effect! Checking special code
Applying bleed effect! Checking special code
Applying bleed effect! Checking special code
[ 683/700 ] WIN    23 turns   aiohto, veldora, kitara  vs  tanjiro, levi, king
Applying bleed effect! Checking special code
Applying bleed effect! Checking special code
[ 684/700 ] LOSS   17 turns   aiohto, orihime, shiro  vs  mavis, ganta, inosuke
[ 685/700 ] WIN    21 turns   aiohto, kitara, cell  vs  megumin, korra, shinoa
[ 686/700 ] LOSS   24 turns   aiohto, rengoku, tsunayoshi  vs  hashirama, todoroki, kitara
[ 687/700 ] LOSS   24 turns   aiohto, ryuko, alphamon  vs  gogeta, alphonse, squalo
[ 688/700 ] LOSS   23 turns   aiohto, bakugo, genos  vs  blackstar, saturn, mavis
[ 689/700 ] WIN    18 turns   aiohto, kuroko, gohan  vs  yuno, inuyasha, killua
[ 690/700 ] LOSS   22 turns   aiohto, hawkmon, mavis  vs  lizandpatty, toga, jinwoo
[ 691/700 ] LOSS   18 turns   aiohto, ryohei, bakugo  vs  rimuru, xanxus, seventeen
Applying bleed effect! Checking special code
Applying bleed effect! Checking special code
Applying bleed effect! Checking special code
Applying bleed effect! Checking special code
Applying bleed effect! Checking special code
[ 692/700 ] LOSS   46 turns   aiohto, hinata, orihime  vs  akame, levi, rakko
[ 693/700 ] WIN   154 turns   aiohto, usopp, ganta  vs  blackwargreymon, crona, marco
[ 694/700 ] LOSS   23 turns   aiohto, hinata, emiyaarcher  vs  kaiba, nobara, mavis
[ 695/700 ] WIN    23 turns   aiohto, renamon, nezuko  vs  soul, emiya, myotismon
[ 696/700 ] WIN    24 turns   aiohto, astolfo, allmight  vs  yuno, hisoka, eren
[ 697/700 ] LOSS   34 turns   aiohto, ryuko, orihime  vs  noelle, kaiba, ichibe
[ 698/700 ] LOSS   19 turns   aiohto, uzui, vegeta  vs  rob, emiya, satsuki
[ 699/700 ] WIN    21 turns   aiohto, ichibe, lizandpatty  vs  diane, tatsumi, ace
Applying bleed effect! Checking special code
[ 700/700 ] WIN    16 turns   aiohto, jaden, king  vs  kid, death, levi
=== TRAINER RUN COMPLETE ===
Matches: 700   W: 391   L: 309   D: 0   Win: 55.9%   (opponent: self)
Policy saved to res://training/checkpoints/focus_aiohto/w2.json  (generation 5, trained_matches 10700)
