Godot Engine v4.6.2.stable.official.71f334935 - https://godotengine.org

[trainer] seed=61004 matches=700 opponent=self eval=false out=res://training/checkpoints/focus_alphamon/w4.json checkpoint=res://training/checkpoints/focused_current.json
[authored] loaded 1 authored character(s)
[   1/700 ] WIN    17 turns   alphamon, kuroko, rimuru  vs  nagisa, gojo, aiohto
[   2/700 ] WIN    17 turns   alphamon, korra, lizandpatty  vs  goku, mine, mami
[   3/700 ] LOSS   28 turns   alphamon, natsu, jack  vs  astolfo, broly, bakugo
[   4/700 ] WIN    18 turns   alphamon, maka, broly  vs  xanxus, saber, saitama
[   5/700 ] LOSS   24 turns   alphamon, gallantmon, shinra  vs  mine, veldora, kid
[   6/700 ] LOSS   23 turns   alphamon, pegasus, bakugo  vs  meliodas, yamamoto, tatsumi
[   7/700 ] WIN    26 turns   alphamon, kaiba, yugi  vs  hinata, broly, aiohto
[   8/700 ] WIN    17 turns   alphamon, esdeath, natsu  vs  aang, tokoyami, mine
[   9/700 ] WIN    19 turns   alphamon, byakuya, kurapika  vs  erza, nel, jeanne
[  10/700 ] LOSS   19 turns   alphamon, tatsumaki, sakura  vs  toji, rimuru, esdeath
[  11/700 ] WIN    14 turns   alphamon, vegeta, jaden  vs  tsunayoshi, sakura, tsuyu
[  12/700 ] WIN    26 turns   alphamon, touka, gohan  vs  tanjiro, xanxus, erza
[  13/700 ] WIN    24 turns   alphamon, sasuke, cell  vs  ryohei, gohan, muichiro
[  14/700 ] WIN    14 turns   alphamon, gon, kurapika  vs  saber, todoroki, crona
Applying bleed effect! Checking special code
[  15/700 ] WIN    30 turns   alphamon, nobara, denji  vs  aiohto, ban, lucy
[  16/700 ] WIN    21 turns   alphamon, ryohei, broly  vs  minene, tsunayoshi, gohan
[  17/700 ] WIN    20 turns   alphamon, tatsumi, meliodas  vs  hinata, zoro, nezuko
[  18/700 ] LOSS   19 turns   alphamon, bakugo, usopp  vs  vegeta, ladydevimon, ganta
[  19/700 ] WIN    12 turns   alphamon, mars, uranus  vs  lyserg, yoh, cell
[  20/700 ] WIN    17 turns   alphamon, toph, genos  vs  saturn, asta, mami
[  21/700 ] WIN    18 turns   alphamon, yamamoto, jaden  vs  erza, myotismon, ganta
[  22/700 ] WIN    17 turns   alphamon, tsubaki, soul  vs  alphonse, nel, lucy
[  23/700 ] WIN    19 turns   alphamon, muichiro, semiramis  vs  maka, lucy, megumin
Applying bleed effect! Checking special code
Applying bleed effect! Checking special code
Applying bleed effect! Checking special code
Applying bleed effect! Checking special code
[  24/700 ] LOSS   18 turns   alphamon, mine, nobara  vs  hibari, rakko, meliodas
Applying bleed effect! Checking special code
[  25/700 ] LOSS   34 turns   alphamon, levi, impmon  vs  jupiter, uranus, diane
[  26/700 ] LOSS   16 turns   alphamon, lucy, seventeen  vs  byakuya, nel, tokoyami
[  27/700 ] WIN    21 turns   alphamon, cooler, erza  vs  horohoro, diane, gojo
Yubel's S1 Triggered!
[  28/700 ] WIN    40 turns   alphamon, xanxus, yubel  vs  uzui, kurapika, mikasa
[  29/700 ] WIN    20 turns   alphamon, gon, denji  vs  yamamoto, rimuru, sukuna
[  30/700 ] WIN    17 turns   alphamon, misaka, emiya  vs  allmight, vegeta, aiohto
Applying bleed effect! Checking special code
[  31/700 ] WIN    14 turns   alphamon, adam, rakko  vs  gohan, kitara, hisoka
[  32/700 ] WIN    28 turns   alphamon, saturn, toudou  vs  ichibe, mars, noelle
[  33/700 ] WIN    19 turns   alphamon, gunha, megumin  vs  horohoro, mash, arthur
[  34/700 ] WIN    17 turns   alphamon, aang, aiohto  vs  minene, hawkmon, yamamoto
[  35/700 ] WIN    20 turns   alphamon, yuji, toji  vs  aang, semiramis, squalo
[  36/700 ] WIN    18 turns   alphamon, hisoka, king  vs  asta, mercury, gohan
[  37/700 ] LOSS   26 turns   alphamon, byakuya, meliodas  vs  saturn, esdeath, muichiro
[  38/700 ] LOSS   20 turns   alphamon, hibari, lucy  vs  eren, maka, seventeen
[  39/700 ] WIN    14 turns   alphamon, usopp, blackstar  vs  veldora, tsubaki, toga
Yubel's S1 Triggered!
Yubel's S1 Triggered!
[  40/700 ] LOSS   42 turns   alphamon, rob, kitara  vs  tatsumi, yubel, mars
[  41/700 ] WIN    18 turns   alphamon, esdeath, sayaka  vs  nimaiya, goku, satsuki
[  42/700 ] WIN    11 turns   alphamon, yoh, nimaiya  vs  xanxus, gogeta, naruto
[  43/700 ] LOSS   16 turns   alphamon, kaiba, diane  vs  zenitsu, nimaiya, mercury
[  44/700 ] LOSS   22 turns   alphamon, hinata, usopp  vs  hibari, nagisa, aang
Applying bleed effect! Checking special code
[  45/700 ] WIN    23 turns   alphamon, halibel, asta  vs  yugi, diane, koro
[  46/700 ] LOSS   33 turns   alphamon, adam, gasai  vs  rob, yuji, cooler
[  47/700 ] WIN    20 turns   alphamon, bakugo, kitara  vs  gohan, saitama, yoh
[  48/700 ] WIN    12 turns   alphamon, shokuhou, hinata  vs  ichibe, todoroki, ganta
[  49/700 ] WIN    10 turns   alphamon, madoka, yubel  vs  sukuna, yuno, yoh
Yubel's S1 Triggered!
Yubel's S1 Triggered!
Yubel's S1 Triggered!
[  50/700 ] WIN    24 turns   alphamon, genos, saber  vs  sheele, meliodas, yubel
Applying bleed effect! Checking special code
Applying bleed effect! Checking special code
[  51/700 ] WIN    29 turns   alphamon, yugi, uranus  vs  jeanne, halibel, diane
[  52/700 ] WIN    21 turns   alphamon, toji, cooler  vs  inuyasha, jupiter, tsubasa
[  53/700 ] WIN    13 turns   alphamon, yubel, frankenstein  vs  sheele, sukuna, minene
[  54/700 ] WIN    18 turns   alphamon, noelle, tamaki  vs  orihime, hisoka, luffy
[  55/700 ] WIN    17 turns   alphamon, kurapika, mami  vs  toph, horohoro, jupiter
[  56/700 ] WIN    17 turns   alphamon, chrome, astolfo  vs  uraraka, tamaki, aiohto
[  57/700 ] WIN    17 turns   alphamon, hinata, jeanne  vs  boruto, tokoyami, machinedramon
[  58/700 ] WIN    15 turns   alphamon, nezuko, rob  vs  nonon, nimaiya, nel
[  59/700 ] LOSS   22 turns   alphamon, shokuhou, ryuko  vs  mars, saturn, tsunayoshi
[  60/700 ] WIN    13 turns   alphamon, soul, astolfo  vs  genos, nel, mercury
[  61/700 ] LOSS   21 turns   alphamon, lizandpatty, hinata  vs  saturn, tanjiro, vegeta
[  62/700 ] WIN    17 turns   alphamon, arthur, tanjiro  vs  yuno, shiro, yoh
Applying bleed effect! Checking special code
Applying bleed effect! Checking special code
[  63/700 ] WIN    18 turns   alphamon, ryuko, tamaki  vs  uranus, inosuke, frankenstein
Applying bleed effect! Checking special code
[  64/700 ] LOSS   27 turns   alphamon, impmon, koro  vs  diane, luffy, chrome
[  65/700 ] LOSS   19 turns   alphamon, yamamoto, jinwoo  vs  megumi, satsuki, vegeta
[  66/700 ] WIN    20 turns   alphamon, orihime, yugi  vs  sasuke, tatsumi, mikasa
[  67/700 ] WIN    14 turns   alphamon, muichiro, mikasa  vs  lyserg, xanxus, shinra
Applying bleed effect! Checking special code
Applying bleed effect! Checking special code
[  68/700 ] WIN    16 turns   alphamon, bakugo, rakko  vs  madoka, soul, impmon
[  69/700 ] LOSS   22 turns   alphamon, rakko, genos  vs  yoh, natsu, machinedramon
[  70/700 ] WIN    14 turns   alphamon, toji, blackstar  vs  nobara, tsunayoshi, goku
[  71/700 ] WIN    13 turns   alphamon, gohan, madoka  vs  eren, erza, tokoyami
[  72/700 ] LOSS   35 turns   alphamon, hisoka, veldora  vs  uzui, shinoa, gray
[  73/700 ] WIN    12 turns   alphamon, gilgamesh, gojo  vs  byakuya, aang, kid
[  74/700 ] WIN    22 turns   alphamon, frieren, vegeta  vs  yubel, kuroko, levi
[  75/700 ] WIN    15 turns   alphamon, ryohei, jinwoo  vs  gojo, byakuya, shokuhou
[  76/700 ] LOSS   22 turns   alphamon, gray, megumi  vs  goku, sukuna, misaka
Applying bleed effect! Checking special code
Applying bleed effect! Checking special code
[  77/700 ] WIN    15 turns   alphamon, aang, uraraka  vs  bakugo, ken, rimuru
Applying bleed effect! Checking special code
Applying bleed effect! Checking special code
Applying bleed effect! Checking special code
Applying bleed effect! Checking special code
Applying bleed effect! Checking special code
Applying bleed effect! Checking special code
Applying bleed effect! Checking special code
[  78/700 ] LOSS   23 turns   alphamon, adam, natsu  vs  gasai, ken, usopp
[  79/700 ] WIN    11 turns   alphamon, rakko, meliodas  vs  pegasus, allmight, ladydevimon
[  80/700 ] LOSS   33 turns   alphamon, tsunayoshi, allmight  vs  soul, killua, boruto
Applying bleed effect! Checking special code
[  81/700 ] WIN    20 turns   alphamon, mercury, inuyasha  vs  gunha, rakko, genos
[  82/700 ] WIN    12 turns   alphamon, sheele, yugi  vs  jeanne, todoroki, shokuhou
[  83/700 ] LOSS   18 turns   alphamon, emiya, jesse  vs  zenitsu, allmight, gohan
[  84/700 ] WIN    14 turns   alphamon, ryohei, kaiba  vs  hawkmon, yugi, edward
[  85/700 ] WIN    32 turns   alphamon, ryohei, diane  vs  uzui, omnimon, squalo
[  86/700 ] WIN    15 turns   alphamon, yubel, tamaki  vs  gasai, blackstar, uzui
[  87/700 ] LOSS   22 turns   alphamon, midoriya, koro  vs  broly, mavis, nezuko
[  88/700 ] WIN    13 turns   alphamon, mavis, cooler  vs  gohan, chrome, emiyaarcher
[  89/700 ] WIN    16 turns   alphamon, hibari, squalo  vs  yubel, aiohto, gatomon
[  90/700 ] WIN    15 turns   alphamon, megumin, rob  vs  gogeta, nonon, emiyaarcher
[  91/700 ] WIN    18 turns   alphamon, erza, lyserg  vs  ladydevimon, marco, tatsumi
[  92/700 ] WIN    16 turns   alphamon, ichigo, uzui  vs  tokoyami, rimuru, tsunayoshi
Applying bleed effect! Checking special code
Applying bleed effect! Checking special code
Applying bleed effect! Checking special code
Applying bleed effect! Checking special code
[  93/700 ] WIN    16 turns   alphamon, frankenstein, genos  vs  omnimon, ken, tsubasa
Applying bleed effect! Checking special code
[  94/700 ] WIN    13 turns   alphamon, byakuya, jaden  vs  shiro, inosuke, shokuhou
[  95/700 ] WIN    16 turns   alphamon, minene, jeanne  vs  ganta, todoroki, jesse
[  96/700 ] WIN    24 turns   alphamon, hisoka, blackwargreymon  vs  mami, uzui, ichibe
[  97/700 ] WIN    12 turns   alphamon, toph, gogeta  vs  cell, rimuru, eren
Applying bleed effect! Checking special code
Applying bleed effect! Checking special code
[  98/700 ] WIN    13 turns   alphamon, tsunayoshi, jaden  vs  toji, jesse, rakko
[  99/700 ] WIN    18 turns   alphamon, asta, tsubaki  vs  tsubasa, ladydevimon, rimuru
[ 100/700 ] WIN    21 turns   alphamon, aiohto, boruto  vs  uranus, midoriya, adam
[ 101/700 ] LOSS   22 turns   alphamon, ganta, usopp  vs  esdeath, gilgamesh, jinwoo
[ 102/700 ] LOSS   12 turns   alphamon, gasai, jeanne  vs  death, mash, meliodas
[ 103/700 ] WIN    18 turns   alphamon, boruto, toudou  vs  natsu, arthur, saitama
[ 104/700 ] WIN    20 turns   alphamon, tatsumi, tamaki  vs  hawkmon, ganta, hinata
[ 105/700 ] WIN    19 turns   alphamon, saitama, koro  vs  tatsumaki, yuji, naruto
[ 106/700 ] LOSS   17 turns   alphamon, adam, semiramis  vs  diane, ladydevimon, vegeta
[ 107/700 ] LOSS   38 turns   alphamon, emiyaarcher, kaiba  vs  aang, orihime, mars
[ 108/700 ] WIN    14 turns   alphamon, ladydevimon, frankenstein  vs  levi, yugi, muichiro
Applying bleed effect! Checking special code
Applying bleed effect! Checking special code
Applying bleed effect! Checking special code
Applying bleed effect! Checking special code
[ 109/700 ] WIN    17 turns   alphamon, king, rakko  vs  megumi, allmight, naruto
[ 110/700 ] LOSS   29 turns   alphamon, gunha, tsubaki  vs  horohoro, shinra, chrome
[ 111/700 ] WIN    13 turns   alphamon, gohan, zenitsu  vs  gojo, sayaka, byakuya
[ 112/700 ] LOSS   43 turns   alphamon, levi, kid  vs  goku, gallantmon, lizandpatty
[ 113/700 ] WIN    16 turns   alphamon, uranus, ladydevimon  vs  saber, inuyasha, naruto
Applying bleed effect! Checking special code
Applying bleed effect! Checking special code
Applying bleed effect! Checking special code
Applying bleed effect! Checking special code
[ 114/700 ] WIN    16 turns   alphamon, meliodas, blackstar  vs  arthur, rakko, gojo
[ 115/700 ] WIN    18 turns   alphamon, ladydevimon, pegasus  vs  rob, cooler, gon
[ 116/700 ] LOSS   25 turns   alphamon, shokuhou, megumi  vs  seventeen, jupiter, adam
[ 117/700 ] WIN    15 turns   alphamon, maka, chrome  vs  kurapika, tsuyu, gasai
[ 118/700 ] LOSS   16 turns   alphamon, bakugo, chrome  vs  sukuna, renamon, zoro
[ 119/700 ] LOSS   34 turns   alphamon, death, veldora  vs  jaden, uranus, chrome
[ 120/700 ] LOSS   22 turns   alphamon, neferpitou, sakura  vs  gojo, mars, mavis
[ 121/700 ] WIN    19 turns   alphamon, gatomon, blackwargreymon  vs  esdeath, mercury, sakura
[ 122/700 ] WIN    26 turns   alphamon, gunha, saturn  vs  zoro, mavis, tsunayoshi
Applying bleed effect! Checking special code
Applying bleed effect! Checking special code
[ 123/700 ] WIN    16 turns   alphamon, blackstar, lucy  vs  power, inuyasha, ganta
[ 124/700 ] WIN    20 turns   alphamon, blackstar, jupiter  vs  denji, chrome, mars
[ 125/700 ] LOSS   19 turns   alphamon, killua, naruto  vs  venus, jack, shinra
[ 126/700 ] WIN    26 turns   alphamon, ryohei, gunha  vs  saber, horohoro, hashirama
[ 127/700 ] WIN    15 turns   alphamon, toga, tsunayoshi  vs  nezuko, itachi, emiyaarcher
[ 128/700 ] LOSS   27 turns   alphamon, lucy, nezuko  vs  esdeath, gray, ryuko
[ 129/700 ] WIN    26 turns   alphamon, nezuko, kitara  vs  jaden, marco, inuyasha
[ 130/700 ] WIN    12 turns   alphamon, erza, minene  vs  yubel, jeanne, gunha
[ 131/700 ] WIN    25 turns   alphamon, nonon, ganta  vs  emiya, machinedramon, naruto
[ 132/700 ] WIN    32 turns   alphamon, gon, korra  vs  mavis, power, hibari
Applying bleed effect! Checking special code
[ 133/700 ] LOSS   21 turns   alphamon, king, venus  vs  death, itachi, impmon
[ 134/700 ] WIN    19 turns   alphamon, veldora, edward  vs  ladydevimon, omnimon, akame
[ 135/700 ] WIN    17 turns   alphamon, ban, kurotsuchi  vs  hibari, chrome, eren
[ 136/700 ] WIN    29 turns   alphamon, yamamoto, nimaiya  vs  alphonse, ichigo, mikasa
[ 137/700 ] LOSS   23 turns   alphamon, rimuru, toph  vs  jaden, todoroki, hinata
Applying bleed effect! Checking special code
Applying bleed effect! Checking special code
[ 138/700 ] WIN    20 turns   alphamon, machinedramon, rakko  vs  touka, kitara, ganta
[ 139/700 ] WIN    16 turns   alphamon, tanjiro, tokoyami  vs  yuji, horohoro, midoriya
Applying bleed effect! Checking special code
Applying bleed effect! Checking special code
[ 140/700 ] WIN    13 turns   alphamon, gojo, toph  vs  rakko, megumin, jinwoo
Applying bleed effect! Checking special code
Applying bleed effect! Checking special code
Applying bleed effect! Checking special code
Applying bleed effect! Checking special code
[ 141/700 ] WIN    20 turns   alphamon, ken, emiya  vs  saturn, machinedramon, gasai
[ 142/700 ] WIN    15 turns   alphamon, jack, cooler  vs  lucy, sakura, toga
[ 143/700 ] LOSS   26 turns   alphamon, nobara, emiyaarcher  vs  lizandpatty, death, impmon
[ 144/700 ] WIN    22 turns   alphamon, nobara, killua  vs  death, shinoa, uranus
[ 145/700 ] WIN    23 turns   alphamon, kurotsuchi, emiyaarcher  vs  blackwargreymon, jinwoo, venus
[ 146/700 ] WIN    18 turns   alphamon, gatomon, kurapika  vs  toudou, arthur, tamaki
[ 147/700 ] WIN    24 turns   alphamon, hinata, myotismon  vs  gallantmon, meliodas, megumin
[ 148/700 ] LOSS   18 turns   alphamon, frankenstein, asta  vs  gogeta, neferpitou, blackwargreymon
Applying bleed effect! Checking special code
Applying bleed effect! Checking special code
[ 149/700 ] WIN    17 turns   alphamon, kaiba, mavis  vs  shokuhou, rakko, levi
[ 150/700 ] WIN    17 turns   alphamon, kid, crona  vs  toji, usopp, tsubasa
[ 151/700 ] LOSS   30 turns   alphamon, esdeath, ken  vs  gunha, mavis, jesse
[ 152/700 ] WIN    15 turns   alphamon, levi, meliodas  vs  chrome, lucy, hibari
[ 153/700 ] LOSS   24 turns   alphamon, vegeta, goku  vs  lizandpatty, gogeta, ichigo
[ 154/700 ] LOSS   29 turns   alphamon, tsunayoshi, jaden  vs  chrome, natsu, esdeath
[ 155/700 ] WIN    14 turns   alphamon, ban, hinata  vs  korra, levi, emiyaarcher
[ 156/700 ] WIN    27 turns   alphamon, kuroko, itachi  vs  blackwargreymon, gatomon, mavis
[ 157/700 ] WIN    18 turns   alphamon, sayaka, toji  vs  squalo, natsu, kurapika
[ 158/700 ] WIN    21 turns   alphamon, ichibe, zoro  vs  noelle, zenitsu, tsunayoshi
[ 159/700 ] WIN    14 turns   alphamon, toudou, shinoa  vs  ban, hashirama, mine
[ 160/700 ] LOSS   21 turns   alphamon, hinata, yuno  vs  ganta, alphonse, gon
[ 161/700 ] LOSS   12 turns   alphamon, yoh, ryuko  vs  lyserg, luffy, madoka
