Godot Engine v4.6.2.stable.official.71f334935 - https://godotengine.org

[trainer] seed=61002 matches=700 opponent=self eval=false out=res://training/checkpoints/focus_allmight/w2.json checkpoint=res://training/checkpoints/focused_current.json
[authored] loaded 1 authored character(s)
[   1/700 ] LOSS   20 turns   allmight, saber, usopp  vs  death, tatsumi, broly
[   2/700 ] WIN    18 turns   allmight, broly, mash  vs  zoro, neferpitou, myotismon
[   3/700 ] WIN    11 turns   allmight, alphamon, seventeen  vs  bakugo, ladydevimon, levi
[   4/700 ] LOSS   49 turns   allmight, toudou, yuji  vs  madoka, hawkmon, itachi
[   5/700 ] WIN    26 turns   allmight, zenitsu, luffy  vs  frieren, jesse, naruto
[   6/700 ] WIN    21 turns   allmight, saber, gallantmon  vs  frankenstein, lyserg, nobara
[   7/700 ] LOSS   19 turns   allmight, madoka, yoh  vs  yuno, squalo, killua
[   8/700 ] LOSS   16 turns   allmight, gallantmon, mami  vs  usopp, tatsumi, minene
[   9/700 ] LOSS   23 turns   allmight, tatsumaki, uraraka  vs  sukuna, veldora, chrome
[  10/700 ] WIN    19 turns   allmight, machinedramon, ichigo  vs  koro, muichiro, kid
[  11/700 ] LOSS   18 turns   allmight, sheele, zenitsu  vs  jesse, seventeen, kaiba
[  12/700 ] LOSS   17 turns   allmight, horohoro, hawkmon  vs  erza, byakuya, rimuru
[  13/700 ] WIN    24 turns   allmight, blackwargreymon, jaden  vs  tsunayoshi, emiya, muichiro
Applying bleed effect! Checking special code
Applying bleed effect! Checking special code
Applying bleed effect! Checking special code
[  14/700 ] LOSS   19 turns   allmight, king, bakugo  vs  megumi, minene, zoro
[  15/700 ] LOSS   17 turns   allmight, gojo, gasai  vs  blackwargreymon, cooler, shokuhou
[  16/700 ] LOSS   21 turns   allmight, veldora, pegasus  vs  soul, uraraka, chrome
[  17/700 ] WIN    23 turns   allmight, sasuke, nagisa  vs  bakugo, yoh, boruto
[  18/700 ] LOSS   49 turns   allmight, renamon, alphonse  vs  orihime, luffy, hawkmon
[  19/700 ] LOSS   20 turns   allmight, nezuko, gohan  vs  toph, eren, misaka
Yubel's S1 Triggered!
[  20/700 ] LOSS   23 turns   allmight, seventeen, yubel  vs  goku, power, zenitsu
[  21/700 ] LOSS   60 turns   allmight, rob, naruto  vs  yugi, jaden, chrome
[  22/700 ] LOSS   16 turns   allmight, gatomon, xanxus  vs  venus, megumin, gon
[  23/700 ] LOSS   17 turns   allmight, gon, adam  vs  uraraka, machinedramon, impmon
[  24/700 ] LOSS   18 turns   allmight, uzui, yuji  vs  saitama, killua, halibel
[  25/700 ] WIN    17 turns   allmight, killua, tamaki  vs  semiramis, aiohto, gogeta
[  26/700 ] LOSS   16 turns   allmight, boruto, yuji  vs  muichiro, jupiter, sukuna
[  27/700 ] LOSS   23 turns   allmight, astolfo, frankenstein  vs  kitara, aiohto, gogeta
[  28/700 ] LOSS   21 turns   allmight, akame, yamamoto  vs  blackwargreymon, nezuko, genos
[  29/700 ] LOSS   22 turns   allmight, uranus, sakura  vs  megumi, saber, alphonse
[  30/700 ] WIN    26 turns   allmight, lyserg, saturn  vs  usopp, meliodas, nezuko
Applying bleed effect! Checking special code
Applying bleed effect! Checking special code
Applying bleed effect! Checking special code
Applying bleed effect! Checking special code
[  31/700 ] LOSS   16 turns   allmight, renamon, megumi  vs  kuroko, edward, rakko
Applying bleed effect! Checking special code
Applying bleed effect! Checking special code
Applying bleed effect! Checking special code
Applying bleed effect! Checking special code
Applying bleed effect! Checking special code
Applying bleed effect! Checking special code
Applying bleed effect! Checking special code
Applying bleed effect! Checking special code
Applying bleed effect! Checking special code
Applying bleed effect! Checking special code
Applying bleed effect! Checking special code
Applying bleed effect! Checking special code
[  32/700 ] LOSS   25 turns   allmight, king, jinwoo  vs  saturn, rob, venus
Applying bleed effect! Checking special code
Applying bleed effect! Checking special code
[  33/700 ] LOSS   19 turns   allmight, power, frieren  vs  crona, blackwargreymon, emiyaarcher
[  34/700 ] WIN    18 turns   allmight, broly, mine  vs  kitara, sasuke, bakugo
[  35/700 ] LOSS   19 turns   allmight, nonon, edward  vs  gilgamesh, tokoyami, kaiba
[  36/700 ] LOSS   20 turns   allmight, nel, kurotsuchi  vs  veldora, ace, vegeta
[  37/700 ] LOSS   12 turns   allmight, alphonse, nobara  vs  gatomon, aang, renamon
[  38/700 ] LOSS   18 turns   allmight, frankenstein, kuroko  vs  adam, mercury, usopp
[  39/700 ] WIN    47 turns   allmight, kitara, saitama  vs  tsubasa, megumi, bakugo
[  40/700 ] LOSS   14 turns   allmight, eren, esdeath  vs  killua, jaden, lucy
[  41/700 ] LOSS   50 turns   allmight, uzui, tatsumaki  vs  ryohei, kurapika, nezuko
[  42/700 ] LOSS   18 turns   allmight, jack, kitara  vs  mars, jupiter, lyserg
[  43/700 ] WIN    17 turns   allmight, kuroko, neferpitou  vs  usopp, uraraka, semiramis
[  44/700 ] LOSS   18 turns   allmight, gojo, misaka  vs  sakura, jupiter, shinra
[  45/700 ] LOSS   34 turns   allmight, tatsumaki, edward  vs  jupiter, toudou, tanjiro
[  46/700 ] LOSS   32 turns   allmight, renamon, vegeta  vs  nel, megumi, lucy
[  47/700 ] LOSS   20 turns   allmight, uraraka, aiohto  vs  gray, erza, maka
[  48/700 ] LOSS   12 turns   allmight, yuno, akame  vs  hibari, squalo, hinata
[  49/700 ] WIN    29 turns   allmight, kurapika, tokoyami  vs  aang, rimuru, marco
Applying bleed effect! Checking special code
[  50/700 ] LOSS   13 turns   allmight, tsubaki, mikasa  vs  diane, yuno, frankenstein
[  51/700 ] WIN    25 turns   allmight, veldora, saber  vs  akame, sasuke, semiramis
Applying bleed effect! Checking special code
Applying bleed effect! Checking special code
Applying bleed effect! Checking special code
[  52/700 ] LOSS   21 turns   allmight, bakugo, machinedramon  vs  lucy, ken, gon
[  53/700 ] LOSS   13 turns   allmight, tsunayoshi, nonon  vs  meliodas, impmon, shokuhou
[  54/700 ] LOSS   20 turns   allmight, ganta, yoh  vs  alphonse, gray, tsuyu
[  55/700 ] WIN    20 turns   allmight, tsubasa, ganta  vs  inuyasha, sayaka, cooler
[  56/700 ] LOSS   24 turns   allmight, jeanne, itachi  vs  sakura, gohan, soul
[  57/700 ] LOSS   18 turns   allmight, ace, yugi  vs  levi, nagisa, tatsumi
[  58/700 ] WIN    27 turns   allmight, ryohei, squalo  vs  hinata, rimuru, jinwoo
[  59/700 ] WIN    18 turns   allmight, mash, neferpitou  vs  myotismon, shinoa, ryuko
[  60/700 ] LOSS   19 turns   allmight, yoh, hawkmon  vs  mavis, vegeta, lizandpatty
[  61/700 ] WIN    20 turns   allmight, hashirama, yuji  vs  asta, goku, jupiter
[  62/700 ] LOSS   20 turns   allmight, yoh, hisoka  vs  todoroki, gogeta, lucy
[  63/700 ] WIN    24 turns   allmight, natsu, horohoro  vs  marco, nobara, rob
[  64/700 ] LOSS   12 turns   allmight, chrome, astolfo  vs  hashirama, bakugo, tokoyami
Applying bleed effect! Checking special code
Applying bleed effect! Checking special code
Applying bleed effect! Checking special code
[  65/700 ] WIN    19 turns   allmight, kaiba, hashirama  vs  inosuke, venus, ryuko
[  66/700 ] LOSS   18 turns   allmight, death, goku  vs  kuroko, squalo, nobara
[  67/700 ] WIN    18 turns   allmight, frankenstein, hashirama  vs  shiro, emiyaarcher, vegeta
[  68/700 ] LOSS   22 turns   allmight, nezuko, sasuke  vs  vegeta, luffy, jaden
Applying bleed effect! Checking special code
Applying bleed effect! Checking special code
[  69/700 ] LOSS   15 turns   allmight, naruto, power  vs  usopp, boruto, touka
[  70/700 ] WIN    29 turns   allmight, shiro, inuyasha  vs  korra, toji, frieren
[  71/700 ] LOSS   35 turns   allmight, mash, tsuyu  vs  blackstar, saitama, yoh
[  72/700 ] LOSS   27 turns   allmight, nonon, astolfo  vs  uranus, gogeta, gojo
[  73/700 ] WIN    15 turns   allmight, tatsumi, mavis  vs  hibari, kaiba, shinra
Applying bleed effect! Checking special code
Applying bleed effect! Checking special code
[  74/700 ] WIN    30 turns   allmight, adam, ban  vs  yugi, power, nel
[  75/700 ] WIN    25 turns   allmight, uranus, jack  vs  semiramis, levi, ganta
[  76/700 ] LOSS   16 turns   allmight, marco, yoh  vs  horohoro, lucy, venus
[  77/700 ] LOSS   33 turns   allmight, korra, toph  vs  mars, shokuhou, emiyaarcher
[  78/700 ] WIN    32 turns   allmight, squalo, gallantmon  vs  minene, renamon, tokoyami
Applying bleed effect! Checking special code
Applying bleed effect! Checking special code
Applying bleed effect! Checking special code
[  79/700 ] LOSS   10 turns   allmight, rakko, frankenstein  vs  megumin, gilgamesh, jupiter
[  80/700 ] WIN    21 turns   allmight, ichigo, chrome  vs  shokuhou, mash, ichibe
[  81/700 ] LOSS   18 turns   allmight, tanjiro, vegeta  vs  maka, lucy, saitama
[  82/700 ] LOSS   17 turns   allmight, tatsumaki, gogeta  vs  omnimon, gasai, sukuna
[  83/700 ] LOSS   19 turns   allmight, veldora, yuji  vs  machinedramon, frankenstein, itachi
[  84/700 ] WIN    12 turns   allmight, touka, alphonse  vs  sayaka, genos, usopp
[  85/700 ] LOSS   14 turns   allmight, gilgamesh, mash  vs  satsuki, luffy, halibel
[  86/700 ] LOSS   25 turns   allmight, nimaiya, yoh  vs  ichigo, natsu, kaiba
[  87/700 ] LOSS   14 turns   allmight, blackwargreymon, yamamoto  vs  marco, alphonse, venus
[  88/700 ] LOSS   19 turns   allmight, death, muichiro  vs  soul, shiro, zoro
[  89/700 ] WIN    18 turns   allmight, tatsumaki, gatomon  vs  cell, yoh, jeanne
Applying bleed effect! Checking special code
Applying bleed effect! Checking special code
[  90/700 ] LOSS   17 turns   allmight, ichigo, kaiba  vs  king, genos, mash
[  91/700 ] LOSS   18 turns   allmight, megumi, jupiter  vs  emiyaarcher, nagisa, yuji
[  92/700 ] LOSS   34 turns   allmight, squalo, impmon  vs  hisoka, blackwargreymon, marco
[  93/700 ] LOSS   23 turns   allmight, uraraka, luffy  vs  cooler, sakura, neferpitou
[  94/700 ] LOSS   19 turns   allmight, kurotsuchi, death  vs  blackstar, nagisa, hashirama
[  95/700 ] LOSS   30 turns   allmight, jupiter, ryuko  vs  uraraka, jeanne, yuji
[  96/700 ] LOSS   13 turns   allmight, tsubaki, saturn  vs  sayaka, jack, hibari
[  97/700 ] WIN    16 turns   allmight, esdeath, killua  vs  hibari, rimuru, nobara
[  98/700 ] LOSS   19 turns   allmight, emiyaarcher, gunha  vs  noelle, tokoyami, gasai
[  99/700 ] WIN    20 turns   allmight, kurotsuchi, frankenstein  vs  yuno, muichiro, koro
Applying bleed effect! Checking special code
Applying bleed effect! Checking special code
[ 100/700 ] WIN    14 turns   allmight, jupiter, shokuhou  vs  denji, toji, yuno
[ 101/700 ] LOSS   18 turns   allmight, kaiba, blackwargreymon  vs  kurapika, squalo, yuno
[ 102/700 ] LOSS   23 turns   allmight, tsubaki, emiya  vs  kitara, hashirama, uraraka
[ 103/700 ] WIN    23 turns   allmight, venus, gunha  vs  korra, crona, yubel
[ 104/700 ] WIN    23 turns   allmight, emiyaarcher, saturn  vs  tamaki, arthur, gallantmon
[ 105/700 ] WIN    14 turns   allmight, naruto, satsuki  vs  sukuna, midoriya, nel
Applying bleed effect! Checking special code
[ 106/700 ] LOSS   20 turns   allmight, koro, saber  vs  gunha, inosuke, nobara
[ 107/700 ] LOSS   20 turns   allmight, ichigo, nezuko  vs  tsubaki, toga, seventeen
Applying bleed effect! Checking special code
Applying bleed effect! Checking special code
Applying bleed effect! Checking special code
[ 108/700 ] WIN    29 turns   allmight, denji, mine  vs  zoro, megumi, shokuhou
[ 109/700 ] WIN    32 turns   allmight, mercury, veldora  vs  yugi, gon, yubel
[ 110/700 ] LOSS   22 turns   allmight, ichibe, machinedramon  vs  jaden, jesse, akame
[ 111/700 ] WIN    17 turns   allmight, blackwargreymon, lizandpatty  vs  sukuna, tsunayoshi, machinedramon
[ 112/700 ] LOSS   26 turns   allmight, vegeta, ganta  vs  toph, saturn, yoh
[ 113/700 ] WIN    22 turns   allmight, saber, gojo  vs  aiohto, omnimon, muichiro
[ 114/700 ] LOSS   16 turns   allmight, muichiro, inuyasha  vs  nonon, halibel, yugi
[ 115/700 ] LOSS   28 turns   allmight, emiyaarcher, seventeen  vs  mine, aang, orihime
[ 116/700 ] LOSS   14 turns   allmight, hawkmon, ban  vs  broly, edward, mikasa
[ 117/700 ] LOSS   30 turns   allmight, mars, edward  vs  shokuhou, tatsumaki, yuno
[ 118/700 ] WIN    38 turns   allmight, vegeta, jesse  vs  venus, sasuke, ban
Applying bleed effect! Checking special code
[ 119/700 ] LOSS   17 turns   allmight, diane, impmon  vs  neferpitou, soul, genos
[ 120/700 ] WIN    17 turns   allmight, killua, hashirama  vs  kurapika, maka, venus
[ 121/700 ] WIN   158 turns   allmight, jaden, kid  vs  yoh, luffy, kaiba
[ 122/700 ] LOSS   16 turns   allmight, shinoa, nobara  vs  korra, genos, rimuru
Applying bleed effect! Checking special code
Applying bleed effect! Checking special code
Applying bleed effect! Checking special code
Applying bleed effect! Checking special code
Applying bleed effect! Checking special code
Applying bleed effect! Checking special code
[ 123/700 ] LOSS   24 turns   allmight, meliodas, king  vs  tsubaki, kurotsuchi, vegeta
[ 124/700 ] LOSS   18 turns   allmight, adam, gray  vs  jack, jinwoo, toudou
[ 125/700 ] WIN    31 turns   allmight, ryohei, tsubasa  vs  blackwargreymon, uzui, semiramis
[ 126/700 ] LOSS   14 turns   allmight, nimaiya, genos  vs  horohoro, satsuki, tamaki
[ 127/700 ] LOSS   10 turns   allmight, nonon, yoh  vs  diane, mash, esdeath
[ 128/700 ] WIN    33 turns   allmight, kuroko, megumi  vs  gilgamesh, lucy, meliodas
[ 129/700 ] LOSS   21 turns   allmight, ace, semiramis  vs  genos, zoro, ichibe
[ 130/700 ] WIN    23 turns   allmight, xanxus, ryohei  vs  nobara, uranus, jesse
[ 131/700 ] LOSS   24 turns   allmight, rimuru, pegasus  vs  uzui, kaiba, korra
[ 132/700 ] WIN    24 turns   allmight, gray, kurapika  vs  halibel, natsu, emiyaarcher
Applying bleed effect! Checking special code
Applying bleed effect! Checking special code
Applying bleed effect! Checking special code
Applying bleed effect! Checking special code
Applying bleed effect! Checking special code
[ 133/700 ] LOSS   13 turns   allmight, shokuhou, saitama  vs  ace, kuroko, ken
[ 134/700 ] LOSS   12 turns   allmight, ichigo, misaka  vs  power, gasai, touka
[ 135/700 ] LOSS   17 turns   allmight, sukuna, tsubasa  vs  nel, blackstar, kurotsuchi
[ 136/700 ] LOSS   36 turns   allmight, arthur, pegasus  vs  ichigo, kuroko, kid
[ 137/700 ] WIN    17 turns   allmight, shinoa, killua  vs  halibel, squalo, yamamoto
Applying bleed effect! Checking special code
Applying bleed effect! Checking special code
Applying bleed effect! Checking special code
[ 138/700 ] LOSS   15 turns   allmight, inosuke, yuji  vs  ganta, mikasa, venus
[ 139/700 ] LOSS   47 turns   allmight, misaka, marco  vs  kurotsuchi, mine, aang
[ 140/700 ] WIN    19 turns   allmight, sukuna, lyserg  vs  tsunayoshi, shinra, ace
[ 141/700 ] WIN    15 turns   allmight, saber, seventeen  vs  ganta, mami, squalo
[ 142/700 ] LOSS   22 turns   allmight, levi, natsu  vs  aang, tokoyami, denji
[ 143/700 ] LOSS   17 turns   allmight, alphamon, cell  vs  gallantmon, esdeath, aiohto
Applying bleed effect! Checking special code
Applying bleed effect! Checking special code
Applying bleed effect! Checking special code
Applying bleed effect! Checking special code
Applying bleed effect! Checking special code
Applying bleed effect! Checking special code
[ 144/700 ] LOSS   27 turns   allmight, denji, saturn  vs  aang, koro, nagisa
[ 145/700 ] LOSS   17 turns   allmight, nobara, tatsumaki  vs  bakugo, nagisa, squalo
[ 146/700 ] LOSS   18 turns   allmight, emiya, gohan  vs  ryohei, gojo, gasai
[ 147/700 ] LOSS   19 turns   allmight, todoroki, halibel  vs  tatsumi, ace, toga
[ 148/700 ] WIN    25 turns   allmight, kuroko, cell  vs  aang, death, cooler
[ 149/700 ] LOSS   18 turns   allmight, megumin, gallantmon  vs  boruto, frieren, rob
[ 150/700 ] LOSS   19 turns   allmight, semiramis, mine  vs  sasuke, squalo, emiyaarcher
[ 151/700 ] LOSS   14 turns   allmight, gray, todoroki  vs  jupiter, gallantmon, nel
Applying bleed effect! Checking special code
Applying bleed effect! Checking special code
[ 152/700 ] LOSS   18 turns   allmight, tsuyu, rengoku  vs  halibel, astolfo, uranus
[ 153/700 ] LOSS   32 turns   allmight, mavis, nonon  vs  meliodas, boruto, frankenstein
[ 154/700 ] LOSS   25 turns   allmight, tanjiro, korra  vs  meliodas, toudou, mars
Applying bleed effect! Checking special code
Applying bleed effect! Checking special code
Applying bleed effect! Checking special code
[ 155/700 ] LOSS   24 turns   allmight, rengoku, boruto  vs  mikasa, yugi, uraraka
[ 156/700 ] LOSS   19 turns   allmight, sakura, todoroki  vs  saitama, inuyasha, nagisa
[ 157/700 ] LOSS   17 turns   allmight, myotismon, xanxus  vs  tsubasa, cooler, esdeath
[ 158/700 ] WIN    24 turns   allmight, erza, machinedramon  vs  saitama, ryuko, inuyasha
[ 159/700 ] LOSS   24 turns   allmight, usopp, gallantmon  vs  killua, esdeath, halibel
[ 160/700 ] LOSS   29 turns   allmight, tsubaki, zoro  vs  mavis, kaiba, nonon
[ 161/700 ] LOSS   18 turns   allmight, vegeta, yuji  vs  natsu, ryohei, saber
[ 162/700 ] WIN    30 turns   allmight, toudou, mikasa  vs  gohan, kaiba, esdeath
[ 163/700 ] LOSS   36 turns   allmight, naruto, shinra  vs  mars, kid, saturn
[ 164/700 ] WIN    29 turns   allmight, gojo, megumin  vs  yuno, meliodas, emiya
[ 165/700 ] WIN    15 turns   allmight, nimaiya, kaiba  vs  kuroko, lyserg, blackwargreymon
[ 166/700 ] WIN    25 turns   allmight, inuyasha, aang  vs  genos, chrome, adam
[ 167/700 ] WIN    19 turns   allmight, renamon, naruto  vs  nobara, impmon, emiyaarcher
[ 168/700 ] WIN    18 turns   allmight, mavis, asta  vs  luffy, nobara, saitama
[ 169/700 ] LOSS   29 turns   allmight, cooler, semiramis  vs  zoro, kaiba, zenitsu
[ 170/700 ] LOSS   28 turns   allmight, eren, noelle  vs  omnimon, adam, gilgamesh
[ 171/700 ] LOSS   17 turns   allmight, emiyaarcher, killua  vs  mars, yuji, gogeta
[ 172/700 ] LOSS   34 turns   allmight, gojo, uzui  vs  usopp, mercury, mikasa
[ 173/700 ] LOSS   19 turns   allmight, kaiba, sheele  vs  esdeath, nagisa, todoroki
[ 174/700 ] LOSS   35 turns   allmight, tanjiro, ryohei  vs  zoro, rimuru, uraraka
[ 175/700 ] LOSS   29 turns   allmight, uraraka, orihime  vs  mars, toudou, shinoa
Applying bleed effect! Checking special code
Applying bleed effect! Checking special code
Applying bleed effect! Checking special code
Applying bleed effect! Checking special code
Applying bleed effect! Checking special code
[ 176/700 ] WIN    32 turns   allmight, gunha, rengoku  vs  tsubaki, orihime, gallantmon
[ 177/700 ] LOSS   16 turns   allmight, aang, renamon  vs  kaiba, myotismon, tamaki
[ 178/700 ] WIN    18 turns   allmight, gogeta, esdeath  vs  sayaka, yoh, toji
[ 179/700 ] LOSS   16 turns   allmight, hawkmon, nel  vs  gunha, mavis, saturn
[ 180/700 ] WIN    17 turns   allmight, frankenstein, seventeen  vs  renamon, impmon, cell
[ 181/700 ] LOSS   38 turns   allmight, adam, toudou  vs  jesse, uzui, diane
[ 182/700 ] LOSS   14 turns   allmight, jeanne, cell  vs  levi, rimuru, myotismon
Applying bleed effect! Checking special code
Applying bleed effect! Checking special code
Applying bleed effect! Checking special code
Applying bleed effect! Checking special code
[ 183/700 ] WIN    20 turns   allmight, hashirama, rengoku  vs  gasai, gohan, edward
[ 184/700 ] LOSS   26 turns   allmight, omnimon, minene  vs  jinwoo, naruto, yugi
[ 185/700 ] LOSS   18 turns   allmight, uranus, sheele  vs  tatsumi, minene, bakugo
Applying bleed effect! Checking special code
Applying bleed effect! Checking special code
Applying bleed effect! Checking special code
Applying bleed effect! Checking special code
[ 186/700 ] LOSS    9 turns   allmight, yubel, ken  vs  renamon, frankenstein, eren
[ 187/700 ] WIN    24 turns   allmight, hibari, gasai  vs  yugi, yubel, hinata
[ 188/700 ] LOSS   20 turns   allmight, cell, renamon  vs  uraraka, minene, yuji
[ 189/700 ] LOSS   29 turns   allmight, yamamoto, hawkmon  vs  edward, sukuna, jupiter
[ 190/700 ] LOSS   24 turns   allmight, mikasa, naruto  vs  saber, mine, omnimon
[ 191/700 ] LOSS   36 turns   allmight, lyserg, ban  vs  alphonse, impmon, saitama
[ 192/700 ] LOSS   18 turns   allmight, toudou, kurotsuchi  vs  veldora, gatomon, asta
[ 193/700 ] LOSS   17 turns   allmight, genos, saber  vs  mami, aiohto, blackwargreymon
Applying bleed effect! Checking special code
Applying bleed effect! Checking special code
Applying bleed effect! Checking special code
[ 194/700 ] WIN    21 turns   allmight, hashirama, satsuki  vs  jeanne, minene, inosuke
Yubel's S1 Triggered!
Yubel's S1 Triggered!
[ 195/700 ] LOSS   14 turns   allmight, kuroko, yubel  vs  tamaki, aang, zoro
Applying bleed effect! Checking special code
Applying bleed effect! Checking special code
Applying bleed effect! Checking special code
Applying bleed effect! Checking special code
Applying bleed effect! Checking special code
Applying bleed effect! Checking special code
Applying bleed effect! Checking special code
Applying bleed effect! Checking special code
Applying bleed effect! Checking special code
[ 196/700 ] WIN    22 turns   allmight, zenitsu, king  vs  blackwargreymon, toga, gatomon
Applying bleed effect! Checking special code
Applying bleed effect! Checking special code
Applying bleed effect! Checking special code
Applying bleed effect! Checking special code
Applying bleed effect! Checking special code
Applying bleed effect! Checking special code
Applying bleed effect! Checking special code
Applying bleed effect! Checking special code
Applying bleed effect! Checking special code
Applying bleed effect! Checking special code
[ 197/700 ] LOSS   14 turns   allmight, usopp, hisoka  vs  gray, king, nimaiya
[ 198/700 ] LOSS   22 turns   allmight, natsu, venus  vs  esdeath, meliodas, nezuko
Applying bleed effect! Checking special code
Applying bleed effect! Checking special code
[ 199/700 ] WIN    29 turns   allmight, boruto, king  vs  sayaka, korra, death
[ 200/700 ] WIN    17 turns   allmight, semiramis, koro  vs  kitara, mavis, jaden
[ 201/700 ] LOSS   23 turns   allmight, mami, cooler  vs  blackwargreymon, toph, gilgamesh
[ 202/700 ] WIN    17 turns   allmight, natsu, saturn  vs  gunha, ichigo, kuroko
[ 203/700 ] WIN    24 turns   allmight, gray, muichiro  vs  hinata, byakuya, ladydevimon
[ 204/700 ] LOSS   30 turns   allmight, cell, ichibe  vs  gon, megumi, emiya
[ 205/700 ] LOSS   25 turns   allmight, ace, luffy  vs  arthur, kurotsuchi, gallantmon
[ 206/700 ] LOSS   26 turns   allmight, yubel, kitara  vs  ace, goku, gasai
[ 207/700 ] LOSS   24 turns   allmight, tokoyami, omnimon  vs  tanjiro, machinedramon, gojo
[ 208/700 ] WIN    15 turns   allmight, aang, ladydevimon  vs  mami, shokuhou, megumi
[ 209/700 ] LOSS   11 turns   allmight, mars, asta  vs  denji, gunha, alphamon
[ 210/700 ] LOSS   20 turns   allmight, emiya, megumi  vs  tsubasa, levi, bakugo
[ 211/700 ] WIN    27 turns   allmight, broly, korra  vs  alphonse, omnimon, levi
[ 212/700 ] LOSS   16 turns   allmight, misaka, sukuna  vs  uzui, alphamon, todoroki
[ 213/700 ] LOSS   11 turns   allmight, death, gasai  vs  machinedramon, gon, emiyaarcher
[ 214/700 ] LOSS   16 turns   allmight, mami, tatsumaki  vs  kid, uraraka, gilgamesh
Yubel's S1 Triggered!
Yubel's S1 Triggered!
[ 215/700 ] LOSS   35 turns   allmight, yubel, seventeen  vs  crona, tanjiro, gojo
[ 216/700 ] LOSS   20 turns   allmight, hibari, saitama  vs  toji, shiro, emiya
[ 217/700 ] WIN    30 turns   allmight, ryohei, saber  vs  luffy, frieren, orihime
[ 218/700 ] LOSS   22 turns   allmight, hinata, mine  vs  impmon, tsubasa, kitara
[ 219/700 ] LOSS   26 turns   allmight, venus, orihime  vs  nonon, yubel, shinoa
[ 220/700 ] LOSS   34 turns   allmight, saber, saturn  vs  mami, kurapika, hinata
[ 221/700 ] WIN    33 turns   allmight, impmon, mars  vs  uzui, jeanne, saitama
[ 222/700 ] WIN    28 turns   allmight, ryohei, omnimon  vs  touka, killua, tsuyu
[ 223/700 ] WIN    24 turns   allmight, toph, mavis  vs  boruto, renamon, saitama
[ 224/700 ] LOSS   16 turns   allmight, asta, genos  vs  soul, sayaka, minene
[ 225/700 ] LOSS   18 turns   allmight, gray, megumin  vs  jack, tokoyami, jinwoo
[ 226/700 ] LOSS   32 turns   allmight, koro, myotismon  vs  halibel, tsuyu, vegeta
[ 227/700 ] WIN    18 turns   allmight, shinoa, luffy  vs  sukuna, ichigo, vegeta
[ 228/700 ] LOSS   26 turns   allmight, korra, hisoka  vs  minene, ryohei, natsu
Applying bleed effect! Checking special code
Applying bleed effect! Checking special code
[ 229/700 ] LOSS   17 turns   allmight, shinra, denji  vs  genos, satsuki, mine
[ 230/700 ] LOSS   17 turns   allmight, astolfo, goku  vs  luffy, ganta, toga
[ 231/700 ] LOSS   27 turns   allmight, megumi, orihime  vs  ryohei, akame, mash
[ 232/700 ] WIN    26 turns   allmight, gilgamesh, kurapika  vs  meliodas, jeanne, machinedramon
[ 233/700 ] WIN    15 turns   allmight, gohan, gilgamesh  vs  kaiba, asta, esdeath
[ 234/700 ] LOSS   15 turns   allmight, sayaka, koro  vs  nagisa, killua, megumin
[ 235/700 ] LOSS  124 turns   allmight, maka, yuno  vs  eren, yugi, nel
[ 236/700 ] LOSS   25 turns   allmight, alphonse, lucy  vs  edward, nagisa, eren
[ 237/700 ] LOSS   14 turns   allmight, lizandpatty, satsuki  vs  chrome, nimaiya, megumi
[ 238/700 ] LOSS   35 turns   allmight, mami, uraraka  vs  soul, noelle, adam
[ 239/700 ] LOSS   18 turns   allmight, goku, koro  vs  kurotsuchi, orihime, veldora
[ 240/700 ] WIN    17 turns   allmight, edward, gallantmon  vs  neferpitou, venus, mash
[ 241/700 ] LOSS   24 turns   allmight, tatsumi, shokuhou  vs  hibari, edward, shinoa
[ 242/700 ] WIN    25 turns   allmight, cooler, gunha  vs  kurapika, venus, bakugo
[ 243/700 ] LOSS   13 turns   allmight, hibari, byakuya  vs  rengoku, mine, jaden
[ 244/700 ] LOSS   19 turns   allmight, halibel, noelle  vs  madoka, erza, luffy
Applying bleed effect! Checking special code
Applying bleed effect! Checking special code
Applying bleed effect! Checking special code
Applying bleed effect! Checking special code
Applying bleed effect! Checking special code
[ 245/700 ] LOSS   17 turns   allmight, king, gasai  vs  yuji, marco, frieren
[ 246/700 ] LOSS   21 turns   allmight, ryuko, death  vs  kitara, nezuko, cooler
[ 247/700 ] LOSS   15 turns   allmight, blackstar, zoro  vs  muichiro, hawkmon, kuroko
[ 248/700 ] LOSS   14 turns   allmight, kid, kurotsuchi  vs  minene, asta, zenitsu
Applying bleed effect! Checking special code
[ 249/700 ] LOSS   31 turns   allmight, shinra, diane  vs  kuroko, asta, kaiba
[ 250/700 ] LOSS   19 turns   allmight, kid, toph  vs  saber, satsuki, nonon
[ 251/700 ] LOSS   16 turns   allmight, ace, touka  vs  genos, uranus, zoro
[ 252/700 ] WIN    17 turns   allmight, hisoka, bakugo  vs  gilgamesh, killua, ryohei
[ 253/700 ] LOSS   15 turns   allmight, ichigo, tatsumaki  vs  noelle, aiohto, bakugo
[ 254/700 ] WIN    20 turns   allmight, erza, madoka  vs  blackstar, nel, myotismon
Applying bleed effect! Checking special code
[ 255/700 ] LOSS   20 turns   allmight, myotismon, rengoku  vs  jaden, tsubasa, orihime
[ 256/700 ] WIN    19 turns   allmight, boruto, hibari  vs  arthur, death, jeanne
Applying bleed effect! Checking special code
[ 257/700 ] LOSS   14 turns   allmight, ken, usopp  vs  uranus, asta, ichibe
[ 258/700 ] WIN    14 turns   allmight, genos, saturn  vs  sasuke, ganta, saber
[ 259/700 ] WIN    19 turns   allmight, nimaiya, minene  vs  lizandpatty, megumi, orihime
[ 260/700 ] LOSS   14 turns   allmight, xanxus, ryuko  vs  pegasus, muichiro, jupiter
Applying bleed effect! Checking special code
Applying bleed effect! Checking special code
Applying bleed effect! Checking special code
Applying bleed effect! Checking special code
[ 261/700 ] WIN    28 turns   allmight, nel, power  vs  orihime, tsubasa, kid
Applying bleed effect! Checking special code
[ 262/700 ] WIN    33 turns   allmight, mine, natsu  vs  power, emiyaarcher, shiro
[ 263/700 ] WIN    16 turns   allmight, hisoka, gasai  vs  bakugo, gray, sasuke
[ 264/700 ] LOSS   13 turns   allmight, nel, frankenstein  vs  sukuna, tsunayoshi, ichigo
[ 265/700 ] LOSS   13 turns   allmight, minene, tsuyu  vs  natsu, gon, soul
[ 266/700 ] LOSS   20 turns   allmight, yuno, killua  vs  hashirama, alphamon, gohan
[ 267/700 ] WIN    34 turns   allmight, erza, muichiro  vs  minene, impmon, emiyaarcher
[ 268/700 ] LOSS   15 turns   allmight, emiyaarcher, gunha  vs  tatsumaki, genos, sayaka
Applying bleed effect! Checking special code
[ 269/700 ] WIN    17 turns   allmight, alphamon, orihime  vs  impmon, ken, nezuko
[ 270/700 ] WIN    25 turns   allmight, impmon, hashirama  vs  rimuru, sukuna, mami
[ 271/700 ] WIN    20 turns   allmight, neferpitou, nezuko  vs  emiya, uzui, todoroki
[ 272/700 ] LOSS   19 turns   allmight, kurotsuchi, gojo  vs  kuroko, hawkmon, toga
[ 273/700 ] LOSS   16 turns   allmight, mars, naruto  vs  ban, impmon, todoroki
Applying bleed effect! Checking special code
Applying bleed effect! Checking special code
[ 274/700 ] LOSS   41 turns   allmight, levi, tatsumaki  vs  muichiro, marco, rengoku
[ 275/700 ] WIN    42 turns   allmight, natsu, jack  vs  shinra, cooler, gatomon
[ 276/700 ] WIN    22 turns   allmight, nezuko, yuno  vs  kaiba, gilgamesh, gohan
[ 277/700 ] WIN    14 turns   allmight, kaiba, mavis  vs  blackstar, tsunayoshi, semiramis
[ 278/700 ] LOSS   28 turns   allmight, nonon, natsu  vs  gunha, hibari, kurapika
[ 279/700 ] LOSS   15 turns   allmight, arthur, yamamoto  vs  kuroko, toga, tsunayoshi
[ 280/700 ] WIN    24 turns   allmight, cooler, ryuko  vs  ban, rob, tsuyu
[ 281/700 ] WIN    36 turns   allmight, luffy, sasuke  vs  kuroko, blackwargreymon, rengoku
Applying bleed effect! Checking special code
[ 282/700 ] LOSS   16 turns   allmight, megumin, gasai  vs  aang, kurotsuchi, power
[ 283/700 ] LOSS   28 turns   allmight, edward, mars  vs  ryuko, sasuke, toga
[ 284/700 ] WIN    16 turns   allmight, kid, alphamon  vs  shinra, shiro, muichiro
[ 285/700 ] LOSS   30 turns   allmight, horohoro, hibari  vs  chrome, nimaiya, broly
[ 286/700 ] LOSS   22 turns   allmight, blackwargreymon, tokoyami  vs  mash, impmon, saber
[ 287/700 ] LOSS   17 turns   allmight, venus, mars  vs  tsubasa, renamon, ichigo
[ 288/700 ] WIN    17 turns   allmight, lyserg, venus  vs  gilgamesh, omnimon, nonon
[ 289/700 ] LOSS   31 turns   allmight, gojo, tsunayoshi  vs  boruto, edward, kaiba
[ 290/700 ] WIN    24 turns   allmight, myotismon, vegeta  vs  jaden, chrome, touka
Applying bleed effect! Checking special code
Applying bleed effect! Checking special code
Applying bleed effect! Checking special code
Applying bleed effect! Checking special code
[ 291/700 ] WIN    19 turns   allmight, rakko, zoro  vs  pegasus, inuyasha, madoka
Applying bleed effect! Checking special code
Applying bleed effect! Checking special code
Applying bleed effect! Checking special code
[ 292/700 ] WIN    20 turns   allmight, neferpitou, todoroki  vs  saber, omnimon, rakko
Yubel's S1 Triggered!
[ 293/700 ] LOSS   16 turns   allmight, yubel, mikasa  vs  saitama, nel, rimuru
[ 294/700 ] WIN    24 turns   allmight, erza, nonon  vs  marco, tanjiro, tsubasa
[ 295/700 ] LOSS   13 turns   allmight, natsu, horohoro  vs  seventeen, alphonse, astolfo
[ 296/700 ] WIN    30 turns   allmight, machinedramon, satsuki  vs  xanxus, alphonse, uzui
[ 297/700 ] LOSS   21 turns   allmight, nezuko, gallantmon  vs  jaden, mercury, omnimon
[ 298/700 ] WIN    19 turns   allmight, pegasus, blackstar  vs  jack, misaka, impmon
[ 299/700 ] WIN    30 turns   allmight, impmon, luffy  vs  rob, yugi, blackstar
Applying bleed effect! Checking special code
Applying bleed effect! Checking special code
[ 300/700 ] LOSS   29 turns   allmight, ban, rimuru  vs  denji, crona, shiro
[ 301/700 ] LOSS   21 turns   allmight, kurotsuchi, touka  vs  shinoa, tanjiro, toudou
[ 302/700 ] LOSS   22 turns   allmight, goku, mash  vs  shinoa, mikasa, itachi
[ 303/700 ] WIN    37 turns   allmight, squalo, aiohto  vs  yugi, emiya, meliodas
[ 304/700 ] LOSS   26 turns   allmight, tsunayoshi, nonon  vs  nel, jinwoo, toph
[ 305/700 ] LOSS   21 turns   allmight, emiyaarcher, sasuke  vs  zenitsu, tsubasa, nimaiya
Applying bleed effect! Checking special code
[ 306/700 ] LOSS   28 turns   allmight, emiya, mercury  vs  denji, edward, hisoka
[ 307/700 ] WIN    33 turns   allmight, boruto, akame  vs  adam, toph, vegeta
[ 308/700 ] LOSS   15 turns   allmight, sayaka, vegeta  vs  meliodas, aiohto, mine
[ 309/700 ] WIN    27 turns   allmight, edward, nezuko  vs  mine, vegeta, myotismon
[ 310/700 ] LOSS   11 turns   allmight, shinra, esdeath  vs  naruto, ichigo, uzui
[ 311/700 ] LOSS   27 turns   allmight, blackwargreymon, boruto  vs  tsunayoshi, nel, shinra
[ 312/700 ] LOSS   14 turns   allmight, tamaki, gilgamesh  vs  frieren, mikasa, gatomon
[ 313/700 ] LOSS   19 turns   allmight, toga, lizandpatty  vs  tanjiro, frankenstein, ichigo
[ 314/700 ] WIN    19 turns   allmight, alphamon, xanxus  vs  ryohei, toph, frieren
[ 315/700 ] LOSS   16 turns   allmight, frankenstein, kid  vs  erza, gray, rob
Applying bleed effect! Checking special code
Applying bleed effect! Checking special code
[ 316/700 ] LOSS   30 turns   allmight, gojo, kitara  vs  gilgamesh, diane, shinoa
[ 317/700 ] LOSS   15 turns   allmight, saber, adam  vs  asta, mercury, satsuki
[ 318/700 ] LOSS   16 turns   allmight, lyserg, frankenstein  vs  sheele, tanjiro, horohoro
[ 319/700 ] WIN   134 turns   allmight, cell, inosuke  vs  eren, sasuke, usopp
Applying bleed effect! Checking special code
[ 320/700 ] LOSS   18 turns   allmight, rengoku, satsuki  vs  death, sayaka, renamon
[ 321/700 ] LOSS   16 turns   allmight, uranus, jeanne  vs  hashirama, gallantmon, sakura
[ 322/700 ] LOSS   20 turns   allmight, venus, yamamoto  vs  luffy, bakugo, alphamon
[ 323/700 ] LOSS   32 turns   allmight, venus, itachi  vs  misaka, touka, aiohto
[ 324/700 ] LOSS   15 turns   allmight, mami, goku  vs  tamaki, blackstar, luffy
Applying bleed effect! Checking special code
[ 325/700 ] LOSS   85 turns   allmight, gallantmon, hibari  vs  kuroko, power, jesse
[ 326/700 ] WIN    34 turns   allmight, kuroko, midoriya  vs  muichiro, aang, yamamoto
[ 327/700 ] LOSS   31 turns   allmight, saturn, jack  vs  yamamoto, sakura, satsuki
[ 328/700 ] LOSS   24 turns   allmight, xanxus, gohan  vs  shiro, tanjiro, lyserg
[ 329/700 ] LOSS   14 turns   allmight, death, touka  vs  venus, mercury, gatomon
[ 330/700 ] LOSS   13 turns   allmight, sayaka, mash  vs  goku, lizandpatty, tanjiro
[ 331/700 ] LOSS   18 turns   allmight, hawkmon, crona  vs  yamamoto, venus, edward
[ 332/700 ] LOSS   18 turns   allmight, mikasa, astolfo  vs  sakura, vegeta, renamon
Applying bleed effect! Checking special code
Applying bleed effect! Checking special code
Applying bleed effect! Checking special code
Applying bleed effect! Checking special code
[ 333/700 ] LOSS   21 turns   allmight, byakuya, emiyaarcher  vs  king, uraraka, tsunayoshi
[ 334/700 ] LOSS   25 turns   allmight, ban, midoriya  vs  frieren, broly, gilgamesh
Applying bleed effect! Checking special code
Applying bleed effect! Checking special code
[ 335/700 ] LOSS   25 turns   allmight, aiohto, gunha  vs  gasai, denji, kaiba
[ 336/700 ] LOSS   28 turns   allmight, orihime, goku  vs  toph, rengoku, lizandpatty
[ 337/700 ] WIN    19 turns   allmight, horohoro, tamaki  vs  hisoka, xanxus, zenitsu
Applying bleed effect! Checking special code
[ 338/700 ] LOSS   28 turns   allmight, mars, yugi  vs  impmon, zenitsu, diane
[ 339/700 ] LOSS   21 turns   allmight, nezuko, shiro  vs  natsu, yamamoto, naruto
[ 340/700 ] WIN    22 turns   allmight, maka, aiohto  vs  mash, blackwargreymon, hibari
[ 341/700 ] WIN    47 turns   allmight, maka, jinwoo  vs  tsuyu, diane, yubel
[ 342/700 ] LOSS   16 turns   allmight, tamaki, hibari  vs  nel, eren, ace
[ 343/700 ] LOSS   18 turns   allmight, kurotsuchi, ichigo  vs  maka, uraraka, lizandpatty
[ 344/700 ] LOSS   32 turns   allmight, hisoka, semiramis  vs  lizandpatty, nezuko, astolfo
Applying bleed effect! Checking special code
Applying bleed effect! Checking special code
Applying bleed effect! Checking special code
Applying bleed effect! Checking special code
Applying bleed effect! Checking special code
[ 345/700 ] LOSS   18 turns   allmight, sakura, shinoa  vs  frankenstein, rakko, rob
[ 346/700 ] LOSS   18 turns   allmight, koro, tamaki  vs  kuroko, horohoro, machinedramon
[ 347/700 ] WIN    23 turns   allmight, astolfo, nel  vs  jesse, shiro, emiya
[ 348/700 ] LOSS   27 turns   allmight, toudou, aiohto  vs  levi, frieren, sukuna
[ 349/700 ] WIN    19 turns   allmight, levi, seventeen  vs  aiohto, korra, mars
[ 350/700 ] LOSS   18 turns   allmight, alphamon, blackwargreymon  vs  nezuko, luffy, kuroko
[ 351/700 ] LOSS   33 turns   allmight, lucy, nonon  vs  myotismon, toph, venus
Applying bleed effect! Checking special code
Applying bleed effect! Checking special code
[ 352/700 ] LOSS   25 turns   allmight, diane, hibari  vs  megumi, seventeen, jinwoo
[ 353/700 ] LOSS   14 turns   allmight, midoriya, hawkmon  vs  chrome, tsubasa, blackstar
[ 354/700 ] LOSS   21 turns   allmight, uranus, aang  vs  akame, astolfo, aiohto
[ 355/700 ] LOSS   24 turns   allmight, minene, korra  vs  uraraka, eren, horohoro
[ 356/700 ] LOSS   23 turns   allmight, saturn, jaden  vs  boruto, bakugo, aang
[ 357/700 ] LOSS   16 turns   allmight, aiohto, neferpitou  vs  hawkmon, seventeen, nimaiya
Applying bleed effect! Checking special code
[ 358/700 ] WIN    25 turns   allmight, naruto, uranus  vs  myotismon, astolfo, inosuke
[ 359/700 ] LOSS   30 turns   allmight, nezuko, hinata  vs  soul, lucy, jaden
[ 360/700 ] WIN    22 turns   allmight, aiohto, aang  vs  diane, itachi, gatomon
[ 361/700 ] LOSS   13 turns   allmight, madoka, gallantmon  vs  semiramis, rob, esdeath
[ 362/700 ] LOSS   25 turns   allmight, hisoka, gon  vs  nagisa, noelle, maka
[ 363/700 ] WIN    31 turns   allmight, nagisa, toji  vs  sasuke, yoh, gohan
[ 364/700 ] LOSS   18 turns   allmight, sheele, nonon  vs  uranus, soul, mine
Applying bleed effect! Checking special code
Applying bleed effect! Checking special code
Applying bleed effect! Checking special code
Applying bleed effect! Checking special code
Applying bleed effect! Checking special code
Applying bleed effect! Checking special code
[ 365/700 ] LOSS   19 turns   allmight, usopp, ken  vs  sukuna, tanjiro, myotismon
[ 366/700 ] LOSS   18 turns   allmight, kurapika, yoh  vs  pegasus, ichigo, killua
[ 367/700 ] WIN    27 turns   allmight, vegeta, aiohto  vs  kaiba, minene, yoh
[ 368/700 ] LOSS   15 turns   allmight, gray, sakura  vs  tokoyami, jupiter, emiyaarcher
[ 369/700 ] LOSS   16 turns   allmight, blackwargreymon, shinra  vs  tatsumi, frankenstein, nimaiya
[ 370/700 ] LOSS   12 turns   allmight, kid, touka  vs  horohoro, gon, ryohei
[ 371/700 ] LOSS   24 turns   allmight, squalo, tatsumaki  vs  usopp, bakugo, tanjiro
[ 372/700 ] LOSS   21 turns   allmight, mine, nobara  vs  yuno, lizandpatty, misaka
Applying bleed effect! Checking special code
Applying bleed effect! Checking special code
Applying bleed effect! Checking special code
Applying bleed effect! Checking special code
Applying bleed effect! Checking special code
[ 373/700 ] WIN    23 turns   allmight, power, zenitsu  vs  lucy, inosuke, todoroki
[ 374/700 ] LOSS   18 turns   allmight, saber, blackwargreymon  vs  seventeen, mars, misaka
[ 375/700 ] WIN    25 turns   allmight, erza, astolfo  vs  maka, toph, meliodas
[ 376/700 ] LOSS   23 turns   allmight, tokoyami, inuyasha  vs  tanjiro, ichigo, zoro
[ 377/700 ] WIN    26 turns   allmight, xanxus, mavis  vs  kaiba, renamon, asta
[ 378/700 ] WIN    19 turns   allmight, byakuya, misaka  vs  rob, death, tamaki
[ 379/700 ] WIN    18 turns   allmight, killua, ichibe  vs  aiohto, alphonse, cell
[ 380/700 ] LOSS   20 turns   allmight, rimuru, nezuko  vs  mami, gojo, broly
[ 381/700 ] LOSS   22 turns   allmight, yamamoto, genos  vs  adam, mine, yuji
[ 382/700 ] LOSS   18 turns   allmight, shinra, rengoku  vs  cell, mash, aang
[ 383/700 ] LOSS   23 turns   allmight, yuji, nel  vs  gon, emiyaarcher, blackstar
[ 384/700 ] WIN    27 turns   allmight, jinwoo, uraraka  vs  kaiba, yuno, nonon
[ 385/700 ] LOSS   17 turns   allmight, saber, koro  vs  maka, uzui, frieren
[ 386/700 ] LOSS   15 turns   allmight, koro, ganta  vs  yuno, uraraka, nel
[ 387/700 ] LOSS   37 turns   allmight, megumi, tokoyami  vs  tatsumi, koro, tsunayoshi
[ 388/700 ] LOSS   25 turns   allmight, sakura, uraraka  vs  tanjiro, levi, ryohei
[ 389/700 ] LOSS   22 turns   allmight, misaka, emiyaarcher  vs  frankenstein, marco, nezuko
Applying bleed effect! Checking special code
[ 390/700 ] LOSS   18 turns   allmight, toji, mikasa  vs  hisoka, denji, nonon
[ 391/700 ] WIN    21 turns   allmight, lizandpatty, sheele  vs  gallantmon, shinra, uzui
[ 392/700 ] LOSS   21 turns   allmight, chrome, cell  vs  mash, hibari, blackwargreymon
[ 393/700 ] WIN    15 turns   allmight, tatsumi, uraraka  vs  mercury, yuno, yubel
[ 394/700 ] LOSS   25 turns   allmight, ryuko, usopp  vs  diane, orihime, itachi
Applying bleed effect! Checking special code
Applying bleed effect! Checking special code
Applying bleed effect! Checking special code
[ 395/700 ] LOSS   35 turns   allmight, kaiba, lyserg  vs  inosuke, saitama, sakura
[ 396/700 ] LOSS   18 turns   allmight, touka, uranus  vs  genos, sakura, gasai
[ 397/700 ] WIN    28 turns   allmight, uraraka, mikasa  vs  frieren, jack, ban
[ 398/700 ] LOSS   21 turns   allmight, ichigo, mercury  vs  satsuki, nobara, vegeta
Applying bleed effect! Checking special code
Applying bleed effect! Checking special code
Applying bleed effect! Checking special code
Applying bleed effect! Checking special code
[ 399/700 ] LOSS   24 turns   allmight, semiramis, ken  vs  usopp, tamaki, todoroki
[ 400/700 ] WIN    23 turns   allmight, sasuke, koro  vs  lucy, nagisa, gatomon
Applying bleed effect! Checking special code
Applying bleed effect! Checking special code
Applying bleed effect! Checking special code
Applying bleed effect! Checking special code
Applying bleed effect! Checking special code
Applying bleed effect! Checking special code
Applying bleed effect! Checking special code
[ 401/700 ] WIN    28 turns   allmight, ken, gohan  vs  kuroko, tsubaki, natsu
[ 402/700 ] WIN    16 turns   allmight, erza, gallantmon  vs  koro, uranus, shinra
Applying bleed effect! Checking special code
[ 403/700 ] LOSS   19 turns   allmight, shinra, nagisa  vs  hisoka, rakko, kitara
[ 404/700 ] LOSS   13 turns   allmight, todoroki, sukuna  vs  frieren, yoh, mercury
[ 405/700 ] LOSS   17 turns   allmight, adam, misaka  vs  shinoa, mikasa, tsubasa
[ 406/700 ] WIN    24 turns   allmight, inuyasha, tatsumi  vs  mami, goku, gunha
[ 407/700 ] WIN    49 turns   allmight, myotismon, hashirama  vs  shiro, levi, saber
[ 408/700 ] LOSS   21 turns   allmight, soul, jaden  vs  vegeta, veldora, hawkmon
[ 409/700 ] WIN    20 turns   allmight, sayaka, mavis  vs  saturn, koro, mash
[ 410/700 ] LOSS   21 turns   allmight, tanjiro, shinoa  vs  gohan, halibel, squalo
[ 411/700 ] LOSS   16 turns   allmight, jaden, ace  vs  aang, horohoro, ladydevimon
[ 412/700 ] LOSS   29 turns   allmight, uzui, tsubaki  vs  seventeen, megumi, toji
Applying bleed effect! Checking special code
Applying bleed effect! Checking special code
[ 413/700 ] WIN    20 turns   allmight, edward, kaiba  vs  death, king, yuno
[ 414/700 ] WIN    22 turns   allmight, power, tatsumi  vs  jaden, toga, myotismon
[ 415/700 ] LOSS   20 turns   allmight, xanxus, toji  vs  ace, boruto, toudou
Applying bleed effect! Checking special code
[ 416/700 ] LOSS   21 turns   allmight, semiramis, midoriya  vs  korra, denji, vegeta
Applying bleed effect! Checking special code
Applying bleed effect! Checking special code
Applying bleed effect! Checking special code
Applying bleed effect! Checking special code
Applying bleed effect! Checking special code
Applying bleed effect! Checking special code
Applying bleed effect! Checking special code
Applying bleed effect! Checking special code
[ 417/700 ] WIN    18 turns   allmight, kid, ken  vs  pegasus, rob, kurapika
[ 418/700 ] LOSS   18 turns   allmight, sayaka, nobara  vs  mars, sasuke, lyserg
Applying bleed effect! Checking special code
[ 419/700 ] LOSS   21 turns   allmight, megumin, power  vs  halibel, kurotsuchi, uranus
[ 420/700 ] LOSS   18 turns   allmight, mikasa, xanxus  vs  mash, marco, kurotsuchi
[ 421/700 ] WIN    22 turns   allmight, toudou, kaiba  vs  arthur, kitara, broly
Applying bleed effect! Checking special code
[ 422/700 ] LOSS   23 turns   allmight, frankenstein, denji  vs  inuyasha, soul, rengoku
[ 423/700 ] LOSS   18 turns   allmight, gatomon, denji  vs  saturn, mercury, edward
[ 424/700 ] LOSS   23 turns   allmight, ace, jinwoo  vs  shinra, tsubaki, megumi
[ 425/700 ] LOSS   17 turns   allmight, sayaka, hinata  vs  gallantmon, rob, noelle
Applying bleed effect! Checking special code
Applying bleed effect! Checking special code
[ 426/700 ] WIN    30 turns   allmight, itachi, alphamon  vs  power, esdeath, tatsumaki
[ 427/700 ] LOSS   15 turns   allmight, inuyasha, mami  vs  tsubasa, jack, broly
[ 428/700 ] WIN    23 turns   allmight, jack, jinwoo  vs  vegeta, misaka, gatomon
Applying bleed effect! Checking special code
[ 429/700 ] WIN    20 turns   allmight, nobara, astolfo  vs  yugi, zoro, rakko
[ 430/700 ] LOSS   17 turns   allmight, shinra, genos  vs  uranus, ban, mine
Yubel's S1 Triggered!
Applying bleed effect! Checking special code
Applying bleed effect! Checking special code
[ 431/700 ] LOSS   13 turns   allmight, yubel, emiya  vs  denji, jupiter, mavis
[ 432/700 ] LOSS   22 turns   allmight, ryohei, machinedramon  vs  sukuna, gasai, pegasus
[ 433/700 ] LOSS   25 turns   allmight, yubel, shiro  vs  sheele, emiyaarcher, ryuko
[ 434/700 ] LOSS   45 turns   allmight, nonon, misaka  vs  tsubasa, ace, rob
[ 435/700 ] LOSS   15 turns   allmight, jupiter, ichigo  vs  hisoka, uranus, tsunayoshi
[ 436/700 ] LOSS   17 turns   allmight, frieren, alphamon  vs  naruto, eren, aang
[ 437/700 ] LOSS   14 turns   allmight, yuji, zenitsu  vs  omnimon, noelle, alphamon
Applying bleed effect! Checking special code
Applying bleed effect! Checking special code
Applying bleed effect! Checking special code
Applying bleed effect! Checking special code
[ 438/700 ] LOSS   37 turns   allmight, hibari, yoh  vs  halibel, rakko, death
[ 439/700 ] LOSS   24 turns   allmight, usopp, misaka  vs  mars, gray, hawkmon
[ 440/700 ] LOSS   24 turns   allmight, midoriya, astolfo  vs  saber, yubel, muichiro
[ 441/700 ] LOSS   22 turns   allmight, orihime, eren  vs  gray, sasuke, myotismon
[ 442/700 ] LOSS   21 turns   allmight, gunha, ban  vs  goku, esdeath, nonon
[ 443/700 ] WIN    27 turns   allmight, soul, korra  vs  halibel, akame, tsubasa
[ 444/700 ] LOSS   28 turns   allmight, veldora, vegeta  vs  yamamoto, luffy, sheele
[ 445/700 ] LOSS   17 turns   allmight, kuroko, seventeen  vs  mercury, aang, tsuyu
Applying bleed effect! Checking special code
Applying bleed effect! Checking special code
Applying bleed effect! Checking special code
[ 446/700 ] LOSS   13 turns   allmight, byakuya, rengoku  vs  uraraka, natsu, asta
[ 447/700 ] LOSS   18 turns   allmight, levi, zoro  vs  lyserg, nagisa, hinata
[ 448/700 ] LOSS   14 turns   allmight, orihime, xanxus  vs  gasai, kurapika, cooler
[ 449/700 ] LOSS   42 turns   allmight, saber, kurotsuchi  vs  ladydevimon, lizandpatty, ryuko
[ 450/700 ] WIN    25 turns   allmight, aang, gon  vs  sakura, mine, veldora
[ 451/700 ] WIN    17 turns   allmight, nezuko, meliodas  vs  muichiro, ganta, gallantmon
[ 452/700 ] WIN    31 turns   allmight, alphonse, byakuya  vs  zoro, kid, chrome
[ 453/700 ] LOSS   22 turns   allmight, machinedramon, hawkmon  vs  yamamoto, yugi, saber
[ 454/700 ] LOSS   20 turns   allmight, akame, crona  vs  power, ichigo, toji
Applying bleed effect! Checking special code
Applying bleed effect! Checking special code
[ 455/700 ] LOSS   16 turns   allmight, nezuko, nobara  vs  genos, inosuke, shinoa
[ 456/700 ] LOSS   16 turns   allmight, ban, ryohei  vs  alphamon, inuyasha, saber
[ 457/700 ] LOSS   21 turns   allmight, jack, tsubaki  vs  squalo, emiya, akame
[ 458/700 ] WIN    17 turns   allmight, gon, gray  vs  mine, killua, xanxus
[ 459/700 ] LOSS   38 turns   allmight, blackstar, gallantmon  vs  yamamoto, myotismon, ganta
[ 460/700 ] WIN    28 turns   allmight, hinata, edward  vs  nagisa, zoro, blackstar
[ 461/700 ] WIN    22 turns   allmight, gojo, marco  vs  kaiba, usopp, lucy
[ 462/700 ] LOSS   19 turns   allmight, goku, gallantmon  vs  nagisa, bakugo, aang
[ 463/700 ] WIN    20 turns   allmight, aang, meliodas  vs  shokuhou, semiramis, uzui
[ 464/700 ] LOSS   20 turns   allmight, misaka, frankenstein  vs  saber, shinra, megumi
[ 465/700 ] LOSS   13 turns   allmight, touka, blackwargreymon  vs  midoriya, levi, uranus
[ 466/700 ] LOSS   25 turns   allmight, nimaiya, kurapika  vs  gunha, shokuhou, kaiba
[ 467/700 ] WIN    15 turns   allmight, crona, alphamon  vs  hashirama, sasuke, toji
Yubel's S1 Triggered!
Yubel's S1 Triggered!
Yubel's S1 Triggered!
Yubel's S1 Triggered!
[ 468/700 ] LOSS   24 turns   allmight, yuno, tsuyu  vs  yubel, megumi, gilgamesh
[ 469/700 ] DRAW  500 turns   allmight, jeanne, nezuko  vs  shiro, sheele, kitara
[ 470/700 ] WIN    27 turns   allmight, blackstar, gallantmon  vs  mash, gogeta, yubel
[ 471/700 ] LOSS    8 turns   allmight, toph, gatomon  vs  itachi, jaden, inuyasha
Applying bleed effect! Checking special code
Applying bleed effect! Checking special code
[ 472/700 ] LOSS   10 turns   allmight, aang, inosuke  vs  rimuru, mavis, halibel
[ 473/700 ] LOSS   20 turns   allmight, mine, neferpitou  vs  genos, chrome, gilgamesh
[ 474/700 ] WIN    58 turns   allmight, asta, crona  vs  eren, tsubaki, astolfo
Applying bleed effect! Checking special code
Applying bleed effect! Checking special code
Applying bleed effect! Checking special code
Applying bleed effect! Checking special code
Applying bleed effect! Checking special code
[ 475/700 ] LOSS   14 turns   allmight, tamaki, ken  vs  saitama, byakuya, nimaiya
[ 476/700 ] WIN    16 turns   allmight, sayaka, mash  vs  tsunayoshi, squalo, madoka
[ 477/700 ] LOSS   18 turns   allmight, ban, hinata  vs  cell, mikasa, blackstar
[ 478/700 ] LOSS   19 turns   allmight, ryohei, gunha  vs  toji, todoroki, cooler
Applying bleed effect! Checking special code
Applying bleed effect! Checking special code
Applying bleed effect! Checking special code
[ 479/700 ] LOSS   19 turns   allmight, ichigo, tatsumaki  vs  inosuke, frankenstein, pegasus
Applying bleed effect! Checking special code
Applying bleed effect! Checking special code
Applying bleed effect! Checking special code
[ 480/700 ] WIN    16 turns   allmight, rengoku, mavis  vs  adam, todoroki, shokuhou
[ 481/700 ] WIN    22 turns   allmight, yuno, squalo  vs  emiya, uranus, hisoka
Yubel's S1 Triggered!
[ 482/700 ] WIN    25 turns   allmight, meliodas, nobara  vs  yubel, toudou, kid
[ 483/700 ] WIN    21 turns   allmight, broly, nonon  vs  inuyasha, rimuru, ichigo
[ 484/700 ] WIN    20 turns   allmight, yuji, alphamon  vs  nel, tokoyami, asta
[ 485/700 ] LOSS   21 turns   allmight, megumin, kurapika  vs  gohan, gogeta, ladydevimon
[ 486/700 ] LOSS   31 turns   allmight, alphonse, rob  vs  eren, sheele, venus
[ 487/700 ] LOSS   32 turns   allmight, astolfo, ichibe  vs  kid, toga, ichigo
[ 488/700 ] LOSS   16 turns   allmight, cell, ace  vs  tsunayoshi, seventeen, kurotsuchi
Applying bleed effect! Checking special code
[ 489/700 ] LOSS   21 turns   allmight, diane, yugi  vs  xanxus, edward, semiramis
[ 490/700 ] LOSS   20 turns   allmight, toji, machinedramon  vs  boruto, kuroko, genos
[ 491/700 ] WIN    26 turns   allmight, gojo, uzui  vs  genos, uranus, emiya
Applying bleed effect! Checking special code
Applying bleed effect! Checking special code
Applying bleed effect! Checking special code
Applying bleed effect! Checking special code
Applying bleed effect! Checking special code
[ 492/700 ] LOSS  117 turns   allmight, king, cooler  vs  jeanne, aang, gohan
[ 493/700 ] WIN    16 turns   allmight, seventeen, mikasa  vs  cooler, yuno, gilgamesh
[ 494/700 ] LOSS   12 turns   allmight, soul, mash  vs  nonon, tamaki, gasai
[ 495/700 ] LOSS   15 turns   allmight, killua, mine  vs  touka, tsunayoshi, gatomon
[ 496/700 ] LOSS   20 turns   allmight, mine, blackwargreymon  vs  toudou, sasuke, sukuna
[ 497/700 ] LOSS   23 turns   allmight, chrome, zenitsu  vs  saitama, killua, machinedramon
[ 498/700 ] WIN    28 turns   allmight, rob, neferpitou  vs  nagisa, gilgamesh, uraraka
[ 499/700 ] LOSS   15 turns   allmight, myotismon, frieren  vs  ichigo, rimuru, asta
[ 500/700 ] LOSS   16 turns   allmight, goku, hawkmon  vs  nonon, ryuko, venus
[ 501/700 ] WIN    20 turns   allmight, mine, kuroko  vs  arthur, machinedramon, jeanne
Applying bleed effect! Checking special code
Applying bleed effect! Checking special code
[ 502/700 ] WIN    16 turns   allmight, semiramis, broly  vs  ryuko, ichibe, ken
[ 503/700 ] LOSS   27 turns   allmight, frankenstein, tsubaki  vs  nagisa, arthur, rakko
[ 504/700 ] WIN    20 turns   allmight, sheele, shinra  vs  tamaki, blackstar, veldora
Applying bleed effect! Checking special code
Applying bleed effect! Checking special code
Applying bleed effect! Checking special code
[ 505/700 ] LOSS   20 turns   allmight, denji, levi  vs  uzui, hinata, byakuya
[ 506/700 ] LOSS   16 turns   allmight, edward, diane  vs  eren, kid, hibari
Applying bleed effect! Checking special code
Applying bleed effect! Checking special code
Applying bleed effect! Checking special code
Applying bleed effect! Checking special code
Applying bleed effect! Checking special code
Applying bleed effect! Checking special code
Applying bleed effect! Checking special code
Applying bleed effect! Checking special code
Applying bleed effect! Checking special code
[ 507/700 ] LOSS   15 turns   allmight, ryohei, jaden  vs  impmon, gon, ken
[ 508/700 ] LOSS   15 turns   allmight, jack, usopp  vs  zenitsu, yubel, astolfo
[ 509/700 ] LOSS   17 turns   allmight, tsunayoshi, nobara  vs  gatomon, aiohto, usopp
[ 510/700 ] WIN    16 turns   allmight, todoroki, usopp  vs  ryohei, kuroko, nezuko
Applying bleed effect! Checking special code
Applying bleed effect! Checking special code
Applying bleed effect! Checking special code
Applying bleed effect! Checking special code
Applying bleed effect! Checking special code
Applying bleed effect! Checking special code
Applying bleed effect! Checking special code
[ 511/700 ] WIN    36 turns   allmight, itachi, alphonse  vs  king, midoriya, blackstar
Applying bleed effect! Checking special code
[ 512/700 ] WIN    27 turns   allmight, blackwargreymon, inosuke  vs  megumin, tatsumaki, kid
[ 513/700 ] LOSS   18 turns   allmight, tsubasa, yamamoto  vs  meliodas, aiohto, venus
Applying bleed effect! Checking special code
[ 514/700 ] LOSS   28 turns   allmight, power, toph  vs  ryohei, shinoa, gallantmon
[ 515/700 ] LOSS   27 turns   allmight, tsubasa, jinwoo  vs  zenitsu, edward, jeanne
[ 516/700 ] LOSS   20 turns   allmight, levi, akame  vs  meliodas, arthur, shinra
[ 517/700 ] LOSS   16 turns   allmight, blackwargreymon, ace  vs  neferpitou, hawkmon, horohoro
[ 518/700 ] LOSS   20 turns   allmight, tsunayoshi, uranus  vs  sayaka, nel, astolfo
[ 519/700 ] LOSS   15 turns   allmight, tsubasa, gohan  vs  gatomon, hashirama, vegeta
[ 520/700 ] LOSS   28 turns   allmight, midoriya, gogeta  vs  sasuke, korra, boruto
[ 521/700 ] LOSS   14 turns   allmight, gogeta, veldora  vs  kitara, astolfo, killua
Applying bleed effect! Checking special code
[ 522/700 ] LOSS   13 turns   allmight, ken, mars  vs  nagisa, jinwoo, frankenstein
[ 523/700 ] LOSS   19 turns   allmight, emiyaarcher, impmon  vs  luffy, renamon, shiro
[ 524/700 ] LOSS   11 turns   allmight, gilgamesh, horohoro  vs  midoriya, gray, gunha
[ 525/700 ] WIN    21 turns   allmight, muichiro, seventeen  vs  korra, xanxus, tamaki
[ 526/700 ] WIN    16 turns   allmight, ladydevimon, toph  vs  rimuru, ace, inuyasha
[ 527/700 ] LOSS   48 turns   allmight, itachi, luffy  vs  omnimon, yoh, jaden
[ 528/700 ] LOSS   28 turns   allmight, gohan, jesse  vs  misaka, bakugo, hawkmon
[ 529/700 ] LOSS   20 turns   allmight, mercury, luffy  vs  zoro, erza, muichiro
[ 530/700 ] WIN    25 turns   allmight, impmon, asta  vs  uraraka, tsunayoshi, meliodas
[ 531/700 ] WIN    17 turns   allmight, renamon, nonon  vs  halibel, shokuhou, yoh
[ 532/700 ] LOSS   20 turns   allmight, aang, sayaka  vs  zoro, maka, kurotsuchi
[ 533/700 ] LOSS   20 turns   allmight, cell, marco  vs  tatsumi, maka, machinedramon
Applying bleed effect! Checking special code
[ 534/700 ] LOSS   22 turns   allmight, power, veldora  vs  mash, yugi, sayaka
[ 535/700 ] LOSS   17 turns   allmight, ace, seventeen  vs  touka, ladydevimon, yuji
[ 536/700 ] LOSS   31 turns   allmight, nagisa, gunha  vs  yuji, kurotsuchi, mavis
[ 537/700 ] LOSS   14 turns   allmight, bakugo, kurapika  vs  tokoyami, madoka, todoroki
[ 538/700 ] LOSS   22 turns   allmight, yuji, blackwargreymon  vs  broly, killua, myotismon
[ 539/700 ] LOSS   21 turns   allmight, marco, crona  vs  genos, mami, seventeen
[ 540/700 ] LOSS   13 turns   allmight, cooler, mercury  vs  alphamon, kitara, saber
[ 541/700 ] LOSS   20 turns   allmight, tatsumi, denji  vs  asta, yuji, satsuki
[ 542/700 ] LOSS   13 turns   allmight, frankenstein, death  vs  akame, seventeen, uraraka
[ 543/700 ] LOSS   21 turns   allmight, shinoa, chrome  vs  noelle, genos, neferpitou
[ 544/700 ] LOSS   23 turns   allmight, midoriya, gohan  vs  toph, ladydevimon, goku
[ 545/700 ] WIN    23 turns   allmight, shinra, mami  vs  nobara, chrome, zenitsu
Applying bleed effect! Checking special code
[ 546/700 ] LOSS   26 turns   allmight, levi, impmon  vs  nel, power, kurapika
[ 547/700 ] WIN    15 turns   allmight, tokoyami, aiohto  vs  sasuke, sayaka, mars
[ 548/700 ] LOSS   14 turns   allmight, esdeath, alphamon  vs  nonon, crona, satsuki
Applying bleed effect! Checking special code
Applying bleed effect! Checking special code
Applying bleed effect! Checking special code
[ 549/700 ] LOSS   20 turns   allmight, zenitsu, korra  vs  uraraka, mash, king
[ 550/700 ] LOSS   16 turns   allmight, mars, saitama  vs  alphamon, bakugo, aiohto
[ 551/700 ] WIN    26 turns   allmight, ladydevimon, death  vs  saturn, tatsumaki, gojo
[ 552/700 ] LOSS   31 turns   allmight, aang, eren  vs  jaden, todoroki, satsuki
[ 553/700 ] LOSS   20 turns   allmight, saturn, yuno  vs  maka, alphamon, edward
[ 554/700 ] LOSS   21 turns   allmight, aang, ace  vs  natsu, gon, hawkmon
[ 555/700 ] WIN    22 turns   allmight, kaiba, power  vs  zoro, hawkmon, muichiro
[ 556/700 ] LOSS   21 turns   allmight, shiro, mercury  vs  frankenstein, orihime, yuji
[ 557/700 ] LOSS   81 turns   allmight, gohan, muichiro  vs  yubel, shiro, veldora
Applying bleed effect! Checking special code
[ 558/700 ] WIN    26 turns   allmight, rengoku, aiohto  vs  lucy, renamon, toudou
[ 559/700 ] WIN    23 turns   allmight, jupiter, cell  vs  ichigo, megumi, gogeta
[ 560/700 ] LOSS   36 turns   allmight, marco, kid  vs  koro, adam, ryuko
[ 561/700 ] LOSS   15 turns   allmight, sayaka, gatomon  vs  midoriya, soul, tsubasa
[ 562/700 ] WIN    25 turns   allmight, tatsumi, gilgamesh  vs  crona, jinwoo, adam
Applying bleed effect! Checking special code
Applying bleed effect! Checking special code
Applying bleed effect! Checking special code
Applying bleed effect! Checking special code
[ 563/700 ] LOSS   16 turns   allmight, rakko, korra  vs  sukuna, alphonse, death
[ 564/700 ] WIN    14 turns   allmight, uraraka, broly  vs  yugi, nonon, kitara
[ 565/700 ] WIN    18 turns   allmight, tsubasa, zoro  vs  sayaka, todoroki, jupiter
[ 566/700 ] WIN    15 turns   allmight, tsubaki, nimaiya  vs  yugi, yoh, sakura
[ 567/700 ] WIN    38 turns   allmight, levi, chrome  vs  yubel, eren, cooler
[ 568/700 ] WIN    19 turns   allmight, rob, satsuki  vs  myotismon, seventeen, ganta
Applying bleed effect! Checking special code
Applying bleed effect! Checking special code
[ 569/700 ] LOSS   26 turns   allmight, denji, edward  vs  zoro, jinwoo, kurotsuchi
[ 570/700 ] WIN    31 turns   allmight, arthur, edward  vs  broly, frieren, astolfo
[ 571/700 ] LOSS   26 turns   allmight, gatomon, emiyaarcher  vs  mikasa, muichiro, mars
Applying bleed effect! Checking special code
Applying bleed effect! Checking special code
Applying bleed effect! Checking special code
Applying bleed effect! Checking special code
Applying bleed effect! Checking special code
[ 572/700 ] LOSS   19 turns   allmight, yamamoto, tamaki  vs  aang, ken, diane
[ 573/700 ] LOSS   37 turns   allmight, omnimon, touka  vs  aiohto, kitara, megumin
Applying bleed effect! Checking special code
[ 574/700 ] WIN    55 turns   allmight, mash, saber  vs  rimuru, ichigo, diane
[ 575/700 ] WIN    33 turns   allmight, saturn, ichibe  vs  inuyasha, uranus, touka
[ 576/700 ] WIN    15 turns   allmight, blackwargreymon, gray  vs  usopp, megumi, shiro
[ 577/700 ] LOSS   33 turns   allmight, kuroko, tatsumaki  vs  sheele, gasai, marco
[ 578/700 ] LOSS   21 turns   allmight, death, ryuko  vs  gunha, hawkmon, pegasus
[ 579/700 ] LOSS   17 turns   allmight, gasai, megumin  vs  gon, edward, death
[ 580/700 ] LOSS   18 turns   allmight, toph, saber  vs  maka, soul, midoriya
[ 581/700 ] WIN    26 turns   allmight, squalo, astolfo  vs  rimuru, ichigo, nezuko
[ 582/700 ] WIN    18 turns   allmight, madoka, touka  vs  eren, toga, satsuki
[ 583/700 ] WIN    39 turns   allmight, kurotsuchi, arthur  vs  boruto, touka, seventeen
[ 584/700 ] LOSS   24 turns   allmight, nezuko, toudou  vs  astolfo, myotismon, xanxus
[ 585/700 ] WIN    26 turns   allmight, goku, bakugo  vs  ace, veldora, aiohto
[ 586/700 ] LOSS   27 turns   allmight, orihime, myotismon  vs  touka, saturn, mikasa
[ 587/700 ] LOSS   18 turns   allmight, kid, goku  vs  sayaka, alphonse, nonon
Applying bleed effect! Checking special code
Applying bleed effect! Checking special code
[ 588/700 ] WIN    22 turns   allmight, rakko, neferpitou  vs  nimaiya, blackwargreymon, yamamoto
[ 589/700 ] LOSS   54 turns   allmight, sakura, omnimon  vs  korra, misaka, gohan
[ 590/700 ] LOSS   17 turns   allmight, inuyasha, gatomon  vs  frieren, frankenstein, uzui
[ 591/700 ] LOSS   14 turns   allmight, hibari, uzui  vs  tokoyami, alphonse, ladydevimon
[ 592/700 ] WIN    22 turns   allmight, zoro, semiramis  vs  venus, emiyaarcher, sakura
[ 593/700 ] LOSS   16 turns   allmight, kurapika, rimuru  vs  mami, astolfo, ladydevimon
[ 594/700 ] LOSS   22 turns   allmight, korra, jupiter  vs  byakuya, toga, impmon
Applying bleed effect! Checking special code
Applying bleed effect! Checking special code
[ 595/700 ] WIN    28 turns   allmight, shinoa, usopp  vs  gon, denji, muichiro
[ 596/700 ] LOSS   18 turns   allmight, saber, toga  vs  yamamoto, tokoyami, astolfo
[ 597/700 ] LOSS   23 turns   allmight, adam, jack  vs  akame, gatomon, gojo
[ 598/700 ] WIN    16 turns   allmight, jack, sayaka  vs  xanxus, goku, gogeta
Applying bleed effect! Checking special code
Applying bleed effect! Checking special code
Applying bleed effect! Checking special code
Applying bleed effect! Checking special code
[ 599/700 ] LOSS   22 turns   allmight, uranus, todoroki  vs  power, saturn, shokuhou
[ 600/700 ] WIN    22 turns   allmight, edward, genos  vs  yuji, muichiro, nezuko
[ 601/700 ] WIN    31 turns   allmight, maka, blackstar  vs  rob, tatsumi, saitama
[ 602/700 ] LOSS   16 turns   allmight, venus, minene  vs  mami, gatomon, nagisa
[ 603/700 ] LOSS   30 turns   allmight, kaiba, tatsumi  vs  ryuko, saber, adam
Applying bleed effect! Checking special code
[ 604/700 ] WIN    27 turns   allmight, diane, kid  vs  tanjiro, ban, ace
[ 605/700 ] LOSS   24 turns   allmight, bakugo, sakura  vs  gohan, yuno, ban
[ 606/700 ] LOSS   18 turns   allmight, crona, toga  vs  toudou, blackwargreymon, squalo
Applying bleed effect! Checking special code
Applying bleed effect! Checking special code
Applying bleed effect! Checking special code
Applying bleed effect! Checking special code
Applying bleed effect! Checking special code
Applying bleed effect! Checking special code
Applying bleed effect! Checking special code
[ 607/700 ] LOSS   12 turns   allmight, mavis, usopp  vs  megumi, rakko, rengoku
[ 608/700 ] LOSS   13 turns   allmight, gunha, shokuhou  vs  muichiro, kuroko, nimaiya
[ 609/700 ] WIN    14 turns   allmight, tanjiro, hisoka  vs  toji, levi, gray
[ 610/700 ] WIN    18 turns   allmight, venus, vegeta  vs  semiramis, jinwoo, machinedramon
[ 611/700 ] LOSS   22 turns   allmight, shokuhou, aiohto  vs  ichibe, mash, crona
[ 612/700 ] LOSS   43 turns   allmight, lucy, misaka  vs  arthur, broly, shokuhou
[ 613/700 ] WIN    19 turns   allmight, ichigo, chrome  vs  saber, toga, hawkmon
[ 614/700 ] LOSS   18 turns   allmight, jesse, ladydevimon  vs  korra, muichiro, cell
[ 615/700 ] LOSS   20 turns   allmight, tamaki, uraraka  vs  mercury, gohan, tatsumi
Applying bleed effect! Checking special code
Applying bleed effect! Checking special code
Applying bleed effect! Checking special code
[ 616/700 ] LOSS   30 turns   allmight, impmon, inosuke  vs  saitama, shinoa, yuno
Applying bleed effect! Checking special code
Applying bleed effect! Checking special code
Applying bleed effect! Checking special code
Applying bleed effect! Checking special code
Applying bleed effect! Checking special code
Applying bleed effect! Checking special code
Applying bleed effect! Checking special code
Applying bleed effect! Checking special code
[ 617/700 ] WIN    20 turns   allmight, ken, saitama  vs  myotismon, boruto, sakura
[ 618/700 ] LOSS   47 turns   allmight, korra, jinwoo  vs  impmon, mami, eren
[ 619/700 ] WIN    32 turns   allmight, yugi, satsuki  vs  ichibe, tatsumi, genos
Yubel's S1 Triggered!
[ 620/700 ] LOSS   11 turns   allmight, yubel, jack  vs  hashirama, koro, gilgamesh
[ 621/700 ] WIN    30 turns   allmight, yugi, rimuru  vs  adam, tatsumaki, kitara
[ 622/700 ] LOSS   31 turns   allmight, nezuko, tokoyami  vs  death, ichibe, nel
[ 623/700 ] LOSS   14 turns   allmight, frankenstein, death  vs  megumin, machinedramon, aiohto
[ 624/700 ] WIN    22 turns   allmight, toji, omnimon  vs  nezuko, byakuya, tamaki
Applying bleed effect! Checking special code
Applying bleed effect! Checking special code
Applying bleed effect! Checking special code
Applying bleed effect! Checking special code
Applying bleed effect! Checking special code
Applying bleed effect! Checking special code
Applying bleed effect! Checking special code
Applying bleed effect! Checking special code
[ 625/700 ] LOSS   21 turns   allmight, toudou, frieren  vs  ken, ryuko, tsubaki
[ 626/700 ] LOSS   22 turns   allmight, venus, myotismon  vs  tokoyami, sakura, asta
[ 627/700 ] WIN    17 turns   allmight, satsuki, nel  vs  venus, tatsumi, edward
Applying bleed effect! Checking special code
Applying bleed effect! Checking special code
Applying bleed effect! Checking special code
[ 628/700 ] WIN    24 turns   allmight, tsubaki, kuroko  vs  koro, gray, ken
[ 629/700 ] LOSS   27 turns   allmight, rimuru, usopp  vs  gray, toudou, frieren
[ 630/700 ] WIN    21 turns   allmight, shinra, nonon  vs  frieren, noelle, ganta
Applying bleed effect! Checking special code
Applying bleed effect! Checking special code
Applying bleed effect! Checking special code
Applying bleed effect! Checking special code
Applying bleed effect! Checking special code
Applying bleed effect! Checking special code
Applying bleed effect! Checking special code
[ 631/700 ] WIN    20 turns   allmight, ken, hibari  vs  omnimon, mine, crona
[ 632/700 ] LOSS   31 turns   allmight, emiya, uranus  vs  shiro, sheele, impmon
Applying bleed effect! Checking special code
Applying bleed effect! Checking special code
[ 633/700 ] LOSS   18 turns   allmight, genos, inosuke  vs  gohan, luffy, diane
Applying bleed effect! Checking special code
Applying bleed effect! Checking special code
Applying bleed effect! Checking special code
Applying bleed effect! Checking special code
Applying bleed effect! Checking special code
Applying bleed effect! Checking special code
[ 634/700 ] LOSS   17 turns   allmight, ken, tokoyami  vs  saitama, rengoku, touka
[ 635/700 ] LOSS   14 turns   allmight, levi, kurotsuchi  vs  neferpitou, hashirama, genos
[ 636/700 ] WIN    20 turns   allmight, shinoa, nonon  vs  machinedramon, pegasus, yubel
[ 637/700 ] LOSS   24 turns   allmight, natsu, kurapika  vs  cell, squalo, uranus
[ 638/700 ] LOSS   25 turns   allmight, frieren, yoh  vs  kaiba, shinra, cell
[ 639/700 ] LOSS   20 turns   allmight, marco, kurotsuchi  vs  neferpitou, levi, boruto
Applying bleed effect! Checking special code
Applying bleed effect! Checking special code
Applying bleed effect! Checking special code
Applying bleed effect! Checking special code
Applying bleed effect! Checking special code
Applying bleed effect! Checking special code
[ 640/700 ] WIN    46 turns   allmight, denji, gatomon  vs  diane, yoh, jesse
[ 641/700 ] LOSS   26 turns   allmight, gunha, nagisa  vs  yamamoto, ban, zenitsu
Applying bleed effect! Checking special code
Applying bleed effect! Checking special code
Applying bleed effect! Checking special code
Applying bleed effect! Checking special code
Applying bleed effect! Checking special code
Applying bleed effect! Checking special code
Applying bleed effect! Checking special code
Applying bleed effect! Checking special code
Applying bleed effect! Checking special code
[ 642/700 ] LOSS   21 turns   allmight, nagisa, inosuke  vs  jinwoo, ken, lucy
[ 643/700 ] LOSS   23 turns   allmight, kurapika, ichigo  vs  uranus, shiro, esdeath
Applying bleed effect! Checking special code
[ 644/700 ] WIN    17 turns   allmight, mercury, nimaiya  vs  esdeath, king, gatomon
[ 645/700 ] WIN    18 turns   allmight, emiyaarcher, mash  vs  byakuya, ichibe, ace
[ 646/700 ] WIN    23 turns   allmight, erza, madoka  vs  gatomon, nezuko, arthur
[ 647/700 ] WIN    26 turns   allmight, tsubaki, chrome  vs  broly, korra, megumi
[ 648/700 ] WIN    27 turns   allmight, toji, saturn  vs  pegasus, myotismon, gogeta
[ 649/700 ] LOSS   20 turns   allmight, yugi, frankenstein  vs  misaka, killua, korra
[ 650/700 ] LOSS   15 turns   allmight, luffy, meliodas  vs  shinoa, nimaiya, impmon
[ 651/700 ] LOSS   31 turns   allmight, seventeen, megumi  vs  ace, maka, alphonse
[ 652/700 ] LOSS   16 turns   allmight, usopp, power  vs  halibel, adam, ryuko
[ 653/700 ] LOSS   24 turns   allmight, zenitsu, rimuru  vs  ryohei, toji, nel
[ 654/700 ] LOSS   19 turns   allmight, esdeath, tsuyu  vs  gogeta, tsubasa, saitama
[ 655/700 ] WIN    14 turns   allmight, jaden, semiramis  vs  goku, tsuyu, kuroko
Applying bleed effect! Checking special code
Applying bleed effect! Checking special code
[ 656/700 ] WIN    20 turns   allmight, yuno, ryuko  vs  naruto, power, myotismon
Applying bleed effect! Checking special code
[ 657/700 ] WIN    24 turns   allmight, gasai, pegasus  vs  power, yoh, emiya
[ 658/700 ] WIN    22 turns   allmight, yuji, gallantmon  vs  mash, toji, natsu
[ 659/700 ] WIN    32 turns   allmight, nel, blackwargreymon  vs  nezuko, ichibe, blackstar
Applying bleed effect! Checking special code
Applying bleed effect! Checking special code
Applying bleed effect! Checking special code
Applying bleed effect! Checking special code
Applying bleed effect! Checking special code
Applying bleed effect! Checking special code
Applying bleed effect! Checking special code
Applying bleed effect! Checking special code
[ 660/700 ] WIN    27 turns   allmight, zoro, marco  vs  tamaki, nonon, rakko
[ 661/700 ] WIN    18 turns   allmight, byakuya, uraraka  vs  jesse, ban, mavis
[ 662/700 ] WIN    14 turns   allmight, alphamon, jinwoo  vs  gray, emiyaarcher, todoroki
[ 663/700 ] LOSS   19 turns   allmight, saitama, itachi  vs  sasuke, nezuko, astolfo
Applying bleed effect! Checking special code
[ 664/700 ] LOSS   19 turns   allmight, power, alphonse  vs  kuroko, rimuru, shinoa
[ 665/700 ] WIN    42 turns   allmight, lizandpatty, impmon  vs  tsubaki, hawkmon, vegeta
[ 666/700 ] LOSS   15 turns   allmight, toph, gogeta  vs  shinra, jesse, ichigo
[ 667/700 ] LOSS   26 turns   allmight, ban, emiya  vs  kurotsuchi, toudou, ichibe
[ 668/700 ] LOSS   22 turns   allmight, mine, kid  vs  myotismon, ban, jesse
[ 669/700 ] LOSS   16 turns   allmight, yubel, toph  vs  nagisa, natsu, gilgamesh
[ 670/700 ] LOSS   18 turns   allmight, venus, korra  vs  crona, halibel, tatsumaki
Yubel's S1 Triggered!
[ 671/700 ] LOSS   15 turns   allmight, yubel, shiro  vs  nimaiya, crona, edward
[ 672/700 ] LOSS   22 turns   allmight, gohan, ichigo  vs  sukuna, chrome, vegeta
[ 673/700 ] LOSS   24 turns   allmight, squalo, blackwargreymon  vs  sakura, jesse, gilgamesh
[ 674/700 ] LOSS   16 turns   allmight, killua, venus  vs  tsubasa, sayaka, natsu
[ 675/700 ] WIN    15 turns   allmight, tamaki, lucy  vs  saitama, xanxus, adam
[ 676/700 ] LOSS   28 turns   allmight, uzui, mars  vs  maka, yubel, kaiba
Applying bleed effect! Checking special code
[ 677/700 ] LOSS   17 turns   allmight, goku, byakuya  vs  rakko, korra, jupiter
Applying bleed effect! Checking special code
Applying bleed effect! Checking special code
Applying bleed effect! Checking special code
Applying bleed effect! Checking special code
Applying bleed effect! Checking special code
Applying bleed effect! Checking special code
Applying bleed effect! Checking special code
Applying bleed effect! Checking special code
[ 678/700 ] WIN    46 turns   allmight, marco, gon  vs  rengoku, hinata, mash
[ 679/700 ] LOSS   12 turns   allmight, sukuna, impmon  vs  emiyaarcher, ganta, adam
[ 680/700 ] LOSS   20 turns   allmight, cooler, zenitsu  vs  lyserg, mavis, tatsumaki
[ 681/700 ] WIN    19 turns   allmight, asta, toga  vs  inuyasha, nimaiya, luffy
Applying bleed effect! Checking special code
[ 682/700 ] WIN    28 turns   allmight, king, kurotsuchi  vs  saber, nobara, ichigo
[ 683/700 ] LOSS   24 turns   allmight, veldora, toph  vs  nezuko, aiohto, ban
Applying bleed effect! Checking special code
[ 684/700 ] LOSS   11 turns   allmight, orihime, shiro  vs  madoka, ganta, rengoku
[ 685/700 ] LOSS   14 turns   allmight, toph, cell  vs  megumin, tatsumi, shinoa
[ 686/700 ] LOSS   18 turns   allmight, muichiro, yamamoto  vs  hashirama, todoroki, toph
[ 687/700 ] LOSS   30 turns   allmight, ryuko, alphamon  vs  gogeta, alphonse, xanxus
[ 688/700 ] LOSS   15 turns   allmight, bakugo, genos  vs  tsubaki, saturn, madoka
[ 689/700 ] LOSS   29 turns   allmight, kuroko, gohan  vs  noelle, inuyasha, killua
[ 690/700 ] WIN    15 turns   allmight, hawkmon, madoka  vs  crona, toga, jinwoo
[ 691/700 ] LOSS   14 turns   allmight, chrome, bakugo  vs  rimuru, hibari, seventeen
Applying bleed effect! Checking special code
Applying bleed effect! Checking special code
Applying bleed effect! Checking special code
Applying bleed effect! Checking special code
Applying bleed effect! Checking special code
Applying bleed effect! Checking special code
Applying bleed effect! Checking special code
Applying bleed effect! Checking special code
Applying bleed effect! Checking special code
Applying bleed effect! Checking special code
Applying bleed effect! Checking special code
[ 692/700 ] WIN    47 turns   allmight, hinata, orihime  vs  sheele, aiohto, rakko
[ 693/700 ] LOSS   14 turns   allmight, usopp, ganta  vs  blackwargreymon, aang, marco
[ 694/700 ] LOSS   17 turns   allmight, hinata, emiyaarcher  vs  kaiba, nobara, madoka
[ 695/700 ] WIN    17 turns   allmight, renamon, zenitsu  vs  blackstar, emiya, myotismon
[ 696/700 ] LOSS   25 turns   allmight, astolfo, natsu  vs  noelle, hisoka, mikasa
[ 697/700 ] LOSS   64 turns   allmight, ryuko, orihime  vs  maka, kaiba, ichibe
[ 698/700 ] LOSS   17 turns   allmight, meliodas, vegeta  vs  rob, emiya, satsuki
Applying bleed effect! Checking special code
Applying bleed effect! Checking special code
Applying bleed effect! Checking special code
Applying bleed effect! Checking special code
Applying bleed effect! Checking special code
Applying bleed effect! Checking special code
Applying bleed effect! Checking special code
Applying bleed effect! Checking special code
Applying bleed effect! Checking special code
Applying bleed effect! Checking special code
Applying bleed effect! Checking special code
Applying bleed effect! Checking special code
[ 699/700 ] LOSS   16 turns   allmight, ichibe, crona  vs  king, akame, ace
[ 700/700 ] LOSS   25 turns   allmight, jaden, ban  vs  lizandpatty, death, aiohto
=== TRAINER RUN COMPLETE ===
Matches: 700   W: 233   L: 466   D: 1   Win: 33.3%   (opponent: self)
Policy saved to res://training/checkpoints/focus_allmight/w2.json  (generation 5, trained_matches 10700)
