Godot Engine v4.6.2.stable.official.71f334935 - https://godotengine.org

[trainer] seed=61004 matches=700 opponent=self eval=false out=res://training/checkpoints/focus_gray/w4.json checkpoint=res://training/checkpoints/focused_current.json
[authored] loaded 1 authored character(s)
[   1/700 ] LOSS   34 turns   gray, gunha, veldora  vs  nagisa, gojo, jinwoo
[   2/700 ] LOSS   10 turns   gray, tatsumi, crona  vs  vegeta, esdeath, asta
[   3/700 ] WIN    23 turns   gray, natsu, semiramis  vs  astolfo, gatomon, bakugo
[   4/700 ] LOSS   17 turns   gray, soul, gatomon  vs  hibari, gilgamesh, genos
[   5/700 ] LOSS   12 turns   gray, omnimon, tamaki  vs  esdeath, edward, lizandpatty
Applying bleed effect! Checking special code
Applying bleed effect! Checking special code
[   6/700 ] WIN    28 turns   gray, pegasus, bakugo  vs  diane, ryohei, akame
[   7/700 ] WIN    14 turns   gray, kaiba, yugi  vs  hinata, gatomon, jinwoo
[   8/700 ] LOSS   20 turns   gray, tanjiro, natsu  vs  kitara, tokoyami, esdeath
[   9/700 ] LOSS   28 turns   gray, nel, hisoka  vs  mavis, halibel, jeanne
[  10/700 ] LOSS   45 turns   gray, shinra, sakura  vs  toji, veldora, tanjiro
[  11/700 ] WIN    18 turns   gray, gohan, jaden  vs  yamamoto, sakura, tsuyu
[  12/700 ] LOSS   19 turns   gray, rimuru, gogeta  vs  nezuko, hibari, mavis
[  13/700 ] WIN    16 turns   gray, sasuke, seventeen  vs  chrome, gogeta, uzui
[  14/700 ] LOSS   15 turns   gray, killua, hisoka  vs  gilgamesh, todoroki, aang
Applying bleed effect! Checking special code
Applying bleed effect! Checking special code
Applying bleed effect! Checking special code
[  15/700 ] WIN    24 turns   gray, nobara, power  vs  jinwoo, tsunayoshi, lucy
[  16/700 ] WIN    19 turns   gray, chrome, gatomon  vs  tsubasa, yamamoto, gogeta
Applying bleed effect! Checking special code
Applying bleed effect! Checking special code
[  17/700 ] WIN    24 turns   gray, akame, diane  vs  hinata, zoro, zenitsu
[  18/700 ] WIN    16 turns   gray, bakugo, usopp  vs  gohan, machinedramon, shiro
[  19/700 ] WIN    30 turns   gray, mars, uranus  vs  lyserg, yoh, seventeen
[  20/700 ] LOSS   17 turns   gray, korra, tatsumaki  vs  saturn, yuno, asta
[  21/700 ] WIN    24 turns   gray, ryohei, jaden  vs  mavis, ladydevimon, shiro
[  22/700 ] WIN    19 turns   gray, kid, blackstar  vs  goku, halibel, lucy
[  23/700 ] WIN    15 turns   gray, uzui, frankenstein  vs  soul, lucy, megumin
Applying bleed effect! Checking special code
[  24/700 ] WIN    17 turns   gray, esdeath, nobara  vs  eren, emiya, diane
Applying bleed effect! Checking special code
Applying bleed effect! Checking special code
Applying bleed effect! Checking special code
[  25/700 ] WIN    19 turns   gray, aiohto, renamon  vs  jupiter, uranus, king
[  26/700 ] WIN    19 turns   gray, lucy, broly  vs  nel, halibel, tokoyami
Applying bleed effect! Checking special code
Applying bleed effect! Checking special code
Applying bleed effect! Checking special code
Applying bleed effect! Checking special code
Applying bleed effect! Checking special code
[  27/700 ] WIN    17 turns   gray, cell, mavis  vs  horohoro, king, gojo
[  28/700 ] LOSS   11 turns   gray, hibari, yubel  vs  meliodas, hisoka, levi
Applying bleed effect! Checking special code
Applying bleed effect! Checking special code
[  29/700 ] WIN    18 turns   gray, killua, power  vs  ryohei, veldora, sukuna
[  30/700 ] WIN    17 turns   gray, kuroko, saber  vs  allmight, gohan, jinwoo
Applying bleed effect! Checking special code
Applying bleed effect! Checking special code
Applying bleed effect! Checking special code
Applying bleed effect! Checking special code
Applying bleed effect! Checking special code
Applying bleed effect! Checking special code
[  31/700 ] WIN    24 turns   gray, denji, emiya  vs  gogeta, toph, neferpitou
[  32/700 ] WIN    23 turns   gray, saturn, toudou  vs  kurotsuchi, mars, maka
[  33/700 ] LOSS   18 turns   gray, shokuhou, megumin  vs  horohoro, ryuko, gon
[  34/700 ] WIN    33 turns   gray, kitara, jinwoo  vs  tsubasa, adam, ryohei
[  35/700 ] WIN    26 turns   gray, yuji, toji  vs  kitara, frankenstein, xanxus
[  36/700 ] WIN    18 turns   gray, neferpitou, ban  vs  yuno, mercury, gogeta
Applying bleed effect! Checking special code
[  37/700 ] WIN    57 turns   gray, nel, diane  vs  saturn, tanjiro, uzui
[  38/700 ] LOSS   21 turns   gray, eren, lucy  vs  mikasa, soul, broly
[  39/700 ] WIN    18 turns   gray, usopp, tsubaki  vs  edward, kid, toga
[  40/700 ] WIN    27 turns   gray, rob, toph  vs  akame, yubel, mars
[  41/700 ] LOSS   23 turns   gray, tanjiro, mami  vs  ichibe, vegeta, nonon
[  42/700 ] WIN    29 turns   gray, yoh, ichibe  vs  hibari, cooler, naruto
Applying bleed effect! Checking special code
Applying bleed effect! Checking special code
Applying bleed effect! Checking special code
[  43/700 ] WIN    15 turns   gray, kaiba, king  vs  inosuke, ichibe, mercury
[  44/700 ] LOSS   24 turns   gray, hinata, usopp  vs  eren, nagisa, kitara
Applying bleed effect! Checking special code
Applying bleed effect! Checking special code
Applying bleed effect! Checking special code
Applying bleed effect! Checking special code
Applying bleed effect! Checking special code
Applying bleed effect! Checking special code
[  45/700 ] LOSS   22 turns   gray, nimaiya, yuno  vs  yugi, king, koro
Applying bleed effect! Checking special code
Applying bleed effect! Checking special code
Applying bleed effect! Checking special code
Applying bleed effect! Checking special code
[  46/700 ] WIN    18 turns   gray, denji, gasai  vs  rob, yuji, cell
[  47/700 ] WIN    14 turns   gray, bakugo, toph  vs  gogeta, genos, yoh
Applying bleed effect! Checking special code
Applying bleed effect! Checking special code
Applying bleed effect! Checking special code
Applying bleed effect! Checking special code
Applying bleed effect! Checking special code
Applying bleed effect! Checking special code
[  48/700 ] WIN    16 turns   gray, rakko, hinata  vs  kurotsuchi, todoroki, shiro
[  49/700 ] WIN    20 turns   gray, sayaka, yubel  vs  sukuna, noelle, yoh
[  50/700 ] WIN    20 turns   gray, tatsumaki, gilgamesh  vs  mine, diane, yubel
Applying bleed effect! Checking special code
[  51/700 ] WIN    11 turns   gray, yugi, uranus  vs  jeanne, nimaiya, king
[  52/700 ] WIN    15 turns   gray, toji, cell  vs  inuyasha, jupiter, saitama
Yubel's S1 Triggered!
[  53/700 ] WIN    14 turns   gray, yubel, mash  vs  mine, sukuna, tsubasa
[  54/700 ] WIN    20 turns   gray, maka, arthur  vs  byakuya, neferpitou, luffy
[  55/700 ] WIN    17 turns   gray, hisoka, asta  vs  korra, horohoro, jupiter
[  56/700 ] WIN    21 turns   gray, squalo, astolfo  vs  uraraka, arthur, jinwoo
[  57/700 ] LOSS   18 turns   gray, hinata, jeanne  vs  boruto, tokoyami, gallantmon
[  58/700 ] LOSS   18 turns   gray, zenitsu, rob  vs  ichigo, ichibe, halibel
Applying bleed effect! Checking special code
Applying bleed effect! Checking special code
[  59/700 ] WIN    43 turns   gray, rakko, satsuki  vs  mars, saturn, yamamoto
[  60/700 ] WIN    19 turns   gray, blackstar, astolfo  vs  tatsumaki, halibel, mercury
[  61/700 ] WIN    24 turns   gray, crona, hinata  vs  saturn, nezuko, gohan
Applying bleed effect! Checking special code
Applying bleed effect! Checking special code
Applying bleed effect! Checking special code
Applying bleed effect! Checking special code
Applying bleed effect! Checking special code
Applying bleed effect! Checking special code
[  62/700 ] WIN    27 turns   gray, gon, nezuko  vs  noelle, ken, yoh
Applying bleed effect! Checking special code
Applying bleed effect! Checking special code
Applying bleed effect! Checking special code
Applying bleed effect! Checking special code
Applying bleed effect! Checking special code
Applying bleed effect! Checking special code
Applying bleed effect! Checking special code
Applying bleed effect! Checking special code
Applying bleed effect! Checking special code
[  63/700 ] LOSS   47 turns   gray, satsuki, arthur  vs  uranus, rengoku, mash
Applying bleed effect! Checking special code
Applying bleed effect! Checking special code
Applying bleed effect! Checking special code
Applying bleed effect! Checking special code
Applying bleed effect! Checking special code
Applying bleed effect! Checking special code
Applying bleed effect! Checking special code
Applying bleed effect! Checking special code
[  64/700 ] LOSS   15 turns   gray, renamon, koro  vs  king, luffy, squalo
[  65/700 ] WIN    16 turns   gray, ryohei, minene  vs  megumi, nonon, gohan
[  66/700 ] WIN    16 turns   gray, byakuya, yugi  vs  sasuke, akame, levi
[  67/700 ] WIN    18 turns   gray, uzui, levi  vs  lyserg, hibari, tamaki
[  68/700 ] LOSS   17 turns   gray, bakugo, emiya  vs  sayaka, blackstar, renamon
[  69/700 ] LOSS   20 turns   gray, emiya, tatsumaki  vs  yoh, natsu, gallantmon
[  70/700 ] WIN    28 turns   gray, toji, tsubaki  vs  nobara, yamamoto, vegeta
[  71/700 ] LOSS   16 turns   gray, gogeta, sayaka  vs  mikasa, mavis, tokoyami
[  72/700 ] WIN    16 turns   gray, neferpitou, edward  vs  meliodas, shinoa, erza
[  73/700 ] WIN    16 turns   gray, emiyaarcher, gojo  vs  nel, kitara, lizandpatty
[  74/700 ] LOSS   19 turns   gray, frieren, gohan  vs  yubel, gunha, aiohto
Applying bleed effect! Checking special code
[  75/700 ] WIN    31 turns   gray, chrome, minene  vs  gojo, nel, rakko
[  76/700 ] WIN    17 turns   gray, erza, megumi  vs  vegeta, sukuna, kuroko
[  77/700 ] WIN    31 turns   gray, kitara, uraraka  vs  bakugo, touka, veldora
[  78/700 ] WIN    18 turns   gray, denji, natsu  vs  gasai, touka, usopp
[  79/700 ] WIN    27 turns   gray, emiya, diane  vs  pegasus, allmight, machinedramon
[  80/700 ] WIN    24 turns   gray, yamamoto, allmight  vs  blackstar, kurapika, boruto
[  81/700 ] WIN    12 turns   gray, mercury, inuyasha  vs  shokuhou, emiya, tatsumaki
Applying bleed effect! Checking special code
[  82/700 ] WIN    20 turns   gray, mine, yugi  vs  jeanne, todoroki, rakko
Applying bleed effect! Checking special code
Applying bleed effect! Checking special code
[  83/700 ] WIN    15 turns   gray, saber, jesse  vs  inosuke, allmight, gogeta
[  84/700 ] WIN    24 turns   gray, chrome, kaiba  vs  adam, yugi, alphonse
Applying bleed effect! Checking special code
Applying bleed effect! Checking special code
Applying bleed effect! Checking special code
[  85/700 ] WIN    23 turns   gray, chrome, king  vs  meliodas, alphamon, xanxus
[  86/700 ] LOSS   19 turns   gray, yubel, arthur  vs  gasai, tsubaki, meliodas
[  87/700 ] LOSS   21 turns   gray, midoriya, koro  vs  gatomon, madoka, zenitsu
[  88/700 ] LOSS   16 turns   gray, madoka, cell  vs  gogeta, squalo, jack
[  89/700 ] WIN    20 turns   gray, eren, xanxus  vs  yubel, jinwoo, hawkmon
[  90/700 ] WIN    19 turns   gray, megumin, rob  vs  cooler, ichigo, jack
[  91/700 ] WIN    17 turns   gray, mavis, lyserg  vs  machinedramon, marco, akame
[  92/700 ] WIN    24 turns   gray, orihime, meliodas  vs  tokoyami, veldora, yamamoto
[  93/700 ] LOSS    9 turns   gray, mash, tatsumaki  vs  alphamon, touka, saitama
Applying bleed effect! Checking special code
Applying bleed effect! Checking special code
Applying bleed effect! Checking special code
Applying bleed effect! Checking special code
Applying bleed effect! Checking special code
Applying bleed effect! Checking special code
Applying bleed effect! Checking special code
Applying bleed effect! Checking special code
Applying bleed effect! Checking special code
Applying bleed effect! Checking special code
[  94/700 ] WIN    15 turns   gray, nel, jaden  vs  ken, rengoku, rakko
[  95/700 ] WIN    30 turns   gray, tsubasa, jeanne  vs  shiro, todoroki, jesse
[  96/700 ] WIN    20 turns   gray, neferpitou, blackwargreymon  vs  asta, meliodas, kurotsuchi
[  97/700 ] WIN    28 turns   gray, korra, cooler  vs  seventeen, veldora, mikasa
[  98/700 ] WIN    19 turns   gray, yamamoto, jaden  vs  toji, jesse, emiya
[  99/700 ] LOSS   23 turns   gray, yuno, kid  vs  saitama, machinedramon, veldora
Applying bleed effect! Checking special code
Applying bleed effect! Checking special code
Applying bleed effect! Checking special code
[ 100/700 ] WIN    21 turns   gray, jinwoo, boruto  vs  uranus, midoriya, denji
[ 101/700 ] LOSS   18 turns   gray, shiro, usopp  vs  tanjiro, emiyaarcher, minene
Applying bleed effect! Checking special code
[ 102/700 ] WIN    21 turns   gray, gasai, jeanne  vs  death, ryuko, diane
[ 103/700 ] WIN    28 turns   gray, boruto, toudou  vs  natsu, gon, genos
[ 104/700 ] WIN    20 turns   gray, akame, arthur  vs  adam, shiro, hinata
[ 105/700 ] LOSS   20 turns   gray, genos, koro  vs  shinra, yuji, naruto
Applying bleed effect! Checking special code
Applying bleed effect! Checking special code
Applying bleed effect! Checking special code
Applying bleed effect! Checking special code
Applying bleed effect! Checking special code
Applying bleed effect! Checking special code
Applying bleed effect! Checking special code
Applying bleed effect! Checking special code
Applying bleed effect! Checking special code
[ 106/700 ] WIN    14 turns   gray, denji, frankenstein  vs  king, machinedramon, gohan
[ 107/700 ] WIN    19 turns   gray, jack, kaiba  vs  kitara, byakuya, mars
[ 108/700 ] WIN    16 turns   gray, machinedramon, mash  vs  aiohto, yugi, uzui
[ 109/700 ] WIN    41 turns   gray, ban, emiya  vs  megumi, allmight, naruto
[ 110/700 ] LOSS   19 turns   gray, shokuhou, kid  vs  horohoro, tamaki, squalo
Applying bleed effect! Checking special code
[ 111/700 ] WIN    21 turns   gray, gogeta, inosuke  vs  gojo, mami, nel
[ 112/700 ] WIN    20 turns   gray, aiohto, lizandpatty  vs  vegeta, omnimon, crona
[ 113/700 ] WIN    18 turns   gray, uranus, machinedramon  vs  gilgamesh, inuyasha, naruto
Applying bleed effect! Checking special code
[ 114/700 ] LOSS   41 turns   gray, diane, tsubaki  vs  gon, emiya, gojo
[ 115/700 ] LOSS   22 turns   gray, machinedramon, pegasus  vs  rob, cell, killua
Applying bleed effect! Checking special code
Applying bleed effect! Checking special code
Applying bleed effect! Checking special code
Applying bleed effect! Checking special code
[ 116/700 ] LOSS   21 turns   gray, rakko, megumi  vs  broly, jupiter, denji
[ 117/700 ] WIN    20 turns   gray, soul, squalo  vs  hisoka, tsuyu, gasai
[ 118/700 ] WIN    15 turns   gray, bakugo, squalo  vs  sukuna, myotismon, zoro
[ 119/700 ] LOSS   24 turns   gray, death, edward  vs  jaden, uranus, squalo
[ 120/700 ] LOSS   20 turns   gray, misaka, sakura  vs  gojo, mars, madoka
[ 121/700 ] WIN    23 turns   gray, hawkmon, blackwargreymon  vs  tanjiro, mercury, sakura
[ 122/700 ] LOSS   25 turns   gray, shokuhou, saturn  vs  zoro, madoka, yamamoto
[ 123/700 ] WIN    20 turns   gray, tsubaki, lucy  vs  impmon, inuyasha, shiro
Applying bleed effect! Checking special code
Applying bleed effect! Checking special code
[ 124/700 ] LOSS   23 turns   gray, tsubaki, jupiter  vs  power, squalo, mars
[ 125/700 ] LOSS   17 turns   gray, kurapika, naruto  vs  venus, semiramis, tamaki
[ 126/700 ] LOSS   25 turns   gray, chrome, shokuhou  vs  gilgamesh, horohoro, hashirama
[ 127/700 ] WIN    23 turns   gray, toga, yamamoto  vs  zenitsu, itachi, jack
[ 128/700 ] WIN    16 turns   gray, lucy, zenitsu  vs  tanjiro, erza, satsuki
[ 129/700 ] LOSS   17 turns   gray, zenitsu, toph  vs  jaden, marco, inuyasha
[ 130/700 ] WIN    14 turns   gray, mavis, tsubasa  vs  yubel, jeanne, shokuhou
[ 131/700 ] LOSS   25 turns   gray, ichigo, shiro  vs  saber, gallantmon, naruto
[ 132/700 ] WIN    20 turns   gray, killua, tatsumi  vs  madoka, impmon, eren
[ 133/700 ] LOSS   31 turns   gray, ban, venus  vs  death, itachi, renamon
[ 134/700 ] LOSS   12 turns   gray, edward, alphonse  vs  machinedramon, alphamon, sheele
[ 135/700 ] LOSS   14 turns   gray, tsunayoshi, ganta  vs  eren, squalo, mikasa
[ 136/700 ] WIN    13 turns   gray, ryohei, ichibe  vs  goku, orihime, levi
[ 137/700 ] WIN    28 turns   gray, veldora, korra  vs  jaden, todoroki, hinata
[ 138/700 ] WIN    24 turns   gray, gallantmon, emiya  vs  rimuru, toph, shiro
[ 139/700 ] WIN    16 turns   gray, nezuko, tokoyami  vs  yuji, horohoro, midoriya
[ 140/700 ] WIN    23 turns   gray, gojo, korra  vs  emiya, megumin, minene
[ 141/700 ] WIN    20 turns   gray, touka, saber  vs  saturn, gallantmon, gasai
[ 142/700 ] WIN    19 turns   gray, semiramis, cell  vs  lucy, sakura, toga
[ 143/700 ] WIN    21 turns   gray, nobara, jack  vs  crona, death, renamon
[ 144/700 ] LOSS   14 turns   gray, nobara, kurapika  vs  death, shinoa, uranus
[ 145/700 ] LOSS   17 turns   gray, ganta, jack  vs  blackwargreymon, minene, venus
[ 146/700 ] LOSS   25 turns   gray, hawkmon, hisoka  vs  toudou, gon, arthur
Applying bleed effect! Checking special code
Applying bleed effect! Checking special code
Applying bleed effect! Checking special code
[ 147/700 ] LOSS   39 turns   gray, hinata, ladydevimon  vs  omnimon, diane, megumin
[ 148/700 ] LOSS   22 turns   gray, mash, yuno  vs  cooler, misaka, blackwargreymon
Applying bleed effect! Checking special code
Applying bleed effect! Checking special code
Applying bleed effect! Checking special code
[ 149/700 ] WIN    17 turns   gray, kaiba, madoka  vs  rakko, emiya, aiohto
[ 150/700 ] LOSS   24 turns   gray, lizandpatty, aang  vs  toji, usopp, saitama
[ 151/700 ] WIN    13 turns   gray, tanjiro, touka  vs  shokuhou, madoka, jesse
[ 152/700 ] WIN    31 turns   gray, aiohto, diane  vs  squalo, lucy, eren
[ 153/700 ] LOSS   32 turns   gray, gohan, vegeta  vs  crona, cooler, orihime
[ 154/700 ] WIN    32 turns   gray, yamamoto, jaden  vs  squalo, natsu, tanjiro
[ 155/700 ] WIN    30 turns   gray, tsunayoshi, hinata  vs  tatsumi, aiohto, jack
[ 156/700 ] LOSS   12 turns   gray, gunha, itachi  vs  blackwargreymon, hawkmon, madoka
[ 157/700 ] LOSS   16 turns   gray, mami, toji  vs  xanxus, natsu, hisoka
Applying bleed effect! Checking special code
Applying bleed effect! Checking special code
[ 158/700 ] WIN    19 turns   gray, kurotsuchi, zoro  vs  maka, inosuke, yamamoto
[ 159/700 ] WIN    16 turns   gray, toudou, shinoa  vs  tsunayoshi, hashirama, esdeath
[ 160/700 ] WIN    20 turns   gray, hinata, noelle  vs  shiro, goku, killua
[ 161/700 ] LOSS   16 turns   gray, yoh, satsuki  vs  lyserg, luffy, sayaka
[ 162/700 ] LOSS   20 turns   gray, tsubasa, renamon  vs  gilgamesh, nel, hisoka
[ 163/700 ] WIN    14 turns   gray, asta, sasuke  vs  jeanne, erza, mercury
[ 164/700 ] WIN    17 turns   gray, allmight, saturn  vs  ryohei, broly, koro
[ 165/700 ] WIN    15 turns   gray, saturn, minene  vs  nonon, ryuko, jeanne
[ 166/700 ] LOSS   13 turns   gray, mavis, lyserg  vs  lucy, shinra, impmon
[ 167/700 ] LOSS   24 turns   gray, tsunayoshi, halibel  vs  yoh, crona, horohoro
[ 168/700 ] LOSS   19 turns   gray, erza, ichigo  vs  ichibe, omnimon, lyserg
[ 169/700 ] WIN    19 turns   gray, veldora, mikasa  vs  tsunayoshi, zenitsu, venus
[ 170/700 ] LOSS   22 turns   gray, shokuhou, yubel  vs  cell, bakugo, yoh
[ 171/700 ] WIN    20 turns   gray, venus, yugi  vs  blackstar, frieren, frankenstein
[ 172/700 ] LOSS   24 turns   gray, muichiro, kurapika  vs  yuji, blackstar, koro
[ 173/700 ] LOSS   30 turns   gray, mercury, tsubasa  vs  neferpitou, gon, jupiter
Applying bleed effect! Checking special code
[ 174/700 ] WIN    22 turns   gray, toudou, xanxus  vs  kitara, natsu, inosuke
Applying bleed effect! Checking special code
[ 175/700 ] WIN    35 turns   gray, ken, mine  vs  mars, erza, renamon
[ 176/700 ] WIN    12 turns   gray, hawkmon, blackstar  vs  levi, ganta, uranus
Applying bleed effect! Checking special code
Applying bleed effect! Checking special code
Applying bleed effect! Checking special code
Applying bleed effect! Checking special code
Applying bleed effect! Checking special code
Applying bleed effect! Checking special code
[ 177/700 ] LOSS   31 turns   gray, vegeta, kurapika  vs  yugi, denji, touka
[ 178/700 ] WIN    16 turns   gray, kurotsuchi, erza  vs  gilgamesh, yubel, toga
[ 179/700 ] LOSS   37 turns   gray, xanxus, genos  vs  kaiba, gasai, yamamoto
[ 180/700 ] WIN    26 turns   gray, yuji, tsubaki  vs  saber, eren, muichiro
Yubel's S1 Triggered!
Yubel's S1 Triggered!
[ 181/700 ] WIN    13 turns   gray, kuroko, sayaka  vs  yubel, sheele, tsunayoshi
Applying bleed effect! Checking special code
Applying bleed effect! Checking special code
Applying bleed effect! Checking special code
Applying bleed effect! Checking special code
[ 182/700 ] LOSS   17 turns   gray, rengoku, mikasa  vs  yamamoto, jinwoo, hashirama
[ 183/700 ] WIN    36 turns   gray, levi, tanjiro  vs  emiyaarcher, sakura, kaiba
[ 184/700 ] WIN    16 turns   gray, genos, ganta  vs  kitara, toudou, horohoro
[ 185/700 ] LOSS   17 turns   gray, shokuhou, saturn  vs  boruto, tsubaki, mercury
[ 186/700 ] LOSS   15 turns   gray, erza, yubel  vs  kuroko, mine, soul
[ 187/700 ] WIN    14 turns   gray, jaden, cooler  vs  usopp, gunha, lucy
[ 188/700 ] WIN    24 turns   gray, yoh, venus  vs  yugi, inuyasha, lizandpatty
Applying bleed effect! Checking special code
Applying bleed effect! Checking special code
Applying bleed effect! Checking special code
[ 189/700 ] WIN    12 turns   gray, tsubasa, shinoa  vs  king, genos, gilgamesh
[ 190/700 ] LOSS   22 turns   gray, natsu, denji  vs  genos, seventeen, muichiro
[ 191/700 ] WIN    20 turns   gray, byakuya, shinoa  vs  lizandpatty, alphonse, vegeta
[ 192/700 ] WIN    27 turns   gray, jinwoo, kurotsuchi  vs  broly, satsuki, pegasus
[ 193/700 ] WIN    13 turns   gray, lizandpatty, gasai  vs  gojo, frieren, jupiter
[ 194/700 ] WIN    20 turns   gray, saitama, jack  vs  ladydevimon, naruto, megumi
[ 195/700 ] WIN    20 turns   gray, gohan, boruto  vs  neferpitou, xanxus, renamon
[ 196/700 ] WIN    28 turns   gray, natsu, cooler  vs  hinata, gallantmon, orihime
Applying bleed effect! Checking special code
Applying bleed effect! Checking special code
Applying bleed effect! Checking special code
[ 197/700 ] WIN    16 turns   gray, vegeta, denji  vs  adam, todoroki, blackstar
[ 198/700 ] WIN    24 turns   gray, megumi, nel  vs  jesse, muichiro, jaden
[ 199/700 ] LOSS   17 turns   gray, hisoka, gallantmon  vs  ichibe, aiohto, gunha
[ 200/700 ] WIN    18 turns   gray, lyserg, mavis  vs  midoriya, hinata, yamamoto
Applying bleed effect! Checking special code
[ 201/700 ] WIN    19 turns   gray, tsubaki, esdeath  vs  maka, yuji, rengoku
[ 202/700 ] LOSS   22 turns   gray, lucy, ban  vs  ryohei, zenitsu, edward
[ 203/700 ] LOSS   17 turns   gray, orihime, jesse  vs  sakura, mavis, kaiba
[ 204/700 ] WIN    16 turns   gray, meliodas, astolfo  vs  omnimon, lizandpatty, nezuko
[ 205/700 ] WIN    27 turns   gray, nezuko, crona  vs  omnimon, naruto, kid
[ 206/700 ] WIN    17 turns   gray, lizandpatty, maka  vs  frankenstein, akame, mash
[ 207/700 ] LOSS   19 turns   gray, touka, emiyaarcher  vs  ladydevimon, saturn, erza
[ 208/700 ] WIN    13 turns   gray, ryohei, luffy  vs  nobara, xanxus, jeanne
[ 209/700 ] WIN    19 turns   gray, vegeta, myotismon  vs  yuno, kurotsuchi, diane
[ 210/700 ] WIN    23 turns   gray, levi, veldora  vs  lizandpatty, marco, sasuke
[ 211/700 ] LOSS   29 turns   gray, gilgamesh, lizandpatty  vs  tokoyami, cooler, aiohto
[ 212/700 ] WIN    15 turns   gray, yubel, zoro  vs  tatsumi, akame, gohan
[ 213/700 ] WIN    32 turns   gray, sayaka, orihime  vs  touka, emiyaarcher, jeanne
Applying bleed effect! Checking special code
Applying bleed effect! Checking special code
Applying bleed effect! Checking special code
Applying bleed effect! Checking special code
Applying bleed effect! Checking special code
Applying bleed effect! Checking special code
Applying bleed effect! Checking special code
Applying bleed effect! Checking special code
Applying bleed effect! Checking special code
Applying bleed effect! Checking special code
Applying bleed effect! Checking special code
Applying bleed effect! Checking special code
Applying bleed effect! Checking special code
Applying bleed effect! Checking special code
Applying bleed effect! Checking special code
Applying bleed effect! Checking special code
Applying bleed effect! Checking special code
[ 214/700 ] WIN    26 turns   gray, marco, power  vs  noelle, king, rakko
[ 215/700 ] WIN    16 turns   gray, saber, shiro  vs  jeanne, gon, ladydevimon
[ 216/700 ] LOSS   20 turns   gray, natsu, goku  vs  sasuke, toudou, saitama
[ 217/700 ] LOSS   15 turns   gray, boruto, hawkmon  vs  mash, ganta, genos
[ 218/700 ] WIN    20 turns   gray, tsubasa, kid  vs  usopp, yamamoto, uzui
Applying bleed effect! Checking special code
Applying bleed effect! Checking special code
Applying bleed effect! Checking special code
Applying bleed effect! Checking special code
Applying bleed effect! Checking special code
Applying bleed effect! Checking special code
Applying bleed effect! Checking special code
Applying bleed effect! Checking special code
Applying bleed effect! Checking special code
Applying bleed effect! Checking special code
Applying bleed effect! Checking special code
[ 219/700 ] WIN    23 turns   gray, saturn, toga  vs  king, rob, orihime
[ 220/700 ] LOSS   27 turns   gray, nezuko, frankenstein  vs  ryohei, arthur, marco
[ 221/700 ] WIN    12 turns   gray, bakugo, toudou  vs  misaka, horohoro, naruto
Applying bleed effect! Checking special code
Applying bleed effect! Checking special code
[ 222/700 ] WIN    12 turns   gray, kitara, hisoka  vs  king, zenitsu, tsuyu
[ 223/700 ] LOSS   14 turns   gray, edward, nimaiya  vs  mami, neferpitou, toudou
Applying bleed effect! Checking special code
Applying bleed effect! Checking special code
[ 224/700 ] WIN    16 turns   gray, shinra, yugi  vs  toji, alphonse, inosuke
[ 225/700 ] LOSS   35 turns   gray, mars, bakugo  vs  halibel, semiramis, zoro
[ 226/700 ] LOSS   16 turns   gray, ace, gallantmon  vs  bakugo, sheele, emiya
[ 227/700 ] LOSS   14 turns   gray, ryohei, bakugo  vs  ladydevimon, tsuyu, kuroko
[ 228/700 ] LOSS   37 turns   gray, tatsumaki, gogeta  vs  mars, chrome, ryohei
[ 229/700 ] LOSS   31 turns   gray, gilgamesh, shokuhou  vs  emiya, nobara, blackstar
[ 230/700 ] WIN    14 turns   gray, hashirama, uraraka  vs  sayaka, lucy, nimaiya
[ 231/700 ] WIN    28 turns   gray, mars, nel  vs  aiohto, impmon, frieren
[ 232/700 ] LOSS   26 turns   gray, muichiro, byakuya  vs  saturn, gohan, astolfo
[ 233/700 ] WIN    25 turns   gray, tsubasa, boruto  vs  mami, erza, gogeta
[ 234/700 ] WIN    21 turns   gray, horohoro, tatsumi  vs  toudou, mash, asta
[ 235/700 ] WIN    20 turns   gray, shokuhou, nel  vs  tatsumaki, aiohto, natsu
[ 236/700 ] WIN    29 turns   gray, zoro, alphonse  vs  marco, ban, emiyaarcher
[ 237/700 ] WIN    16 turns   gray, mash, gon  vs  gogeta, blackwargreymon, hashirama
[ 238/700 ] WIN    24 turns   gray, marco, mine  vs  hibari, gon, chrome
[ 239/700 ] WIN    19 turns   gray, kitara, misaka  vs  emiyaarcher, jeanne, uranus
[ 240/700 ] WIN    19 turns   gray, uranus, yuji  vs  diane, nezuko, mercury
[ 241/700 ] WIN    16 turns   gray, satsuki, mash  vs  allmight, ryuko, korra
[ 242/700 ] WIN    16 turns   gray, bakugo, mine  vs  hisoka, ichibe, ichigo
[ 243/700 ] WIN    23 turns   gray, jaden, shinoa  vs  noelle, mine, marco
[ 244/700 ] WIN    24 turns   gray, kuroko, aang  vs  ryohei, tsubaki, jeanne
[ 245/700 ] WIN    23 turns   gray, uzui, hisoka  vs  ganta, kuroko, mars
[ 246/700 ] WIN    38 turns   gray, nezuko, muichiro  vs  hibari, marco, mash
[ 247/700 ] WIN    17 turns   gray, tatsumaki, misaka  vs  boruto, cooler, gojo
[ 248/700 ] WIN    23 turns   gray, yamamoto, luffy  vs  natsu, goku, cooler
[ 249/700 ] WIN    26 turns   gray, megumi, uzui  vs  jeanne, ryohei, kid
[ 250/700 ] WIN    16 turns   gray, mine, akame  vs  alphonse, megumin, satsuki
Applying bleed effect! Checking special code
Applying bleed effect! Checking special code
Applying bleed effect! Checking special code
Applying bleed effect! Checking special code
Applying bleed effect! Checking special code
Applying bleed effect! Checking special code
Applying bleed effect! Checking special code
Applying bleed effect! Checking special code
[ 251/700 ] LOSS   20 turns   gray, emiya, nonon  vs  asta, gilgamesh, king
[ 252/700 ] LOSS   20 turns   gray, shokuhou, gohan  vs  blackstar, zoro, mash
Applying bleed effect! Checking special code
[ 253/700 ] LOSS   17 turns   gray, midoriya, inosuke  vs  gatomon, toji, crona
[ 254/700 ] WIN    41 turns   gray, edward, tatsumaki  vs  minene, kid, gogeta
[ 255/700 ] WIN    19 turns   gray, jesse, aiohto  vs  frankenstein, luffy, sasuke
[ 256/700 ] WIN    21 turns   gray, nagisa, lizandpatty  vs  venus, kuroko, aiohto
[ 257/700 ] WIN    14 turns   gray, gogeta, touka  vs  asta, sukuna, ganta
[ 258/700 ] WIN    19 turns   gray, tatsumi, hisoka  vs  nobara, gojo, squalo
[ 259/700 ] LOSS   38 turns   gray, toga, xanxus  vs  arthur, kid, tatsumi
[ 260/700 ] WIN    14 turns   gray, alphonse, emiyaarcher  vs  ganta, akame, goku
[ 261/700 ] WIN    12 turns   gray, jack, machinedramon  vs  toga, shinra, gatomon
[ 262/700 ] LOSS   22 turns   gray, kaiba, kid  vs  shinra, edward, broly
[ 263/700 ] WIN    23 turns   gray, lyserg, rimuru  vs  venus, akame, mars
[ 264/700 ] WIN    19 turns   gray, death, ban  vs  frankenstein, tsunayoshi, toudou
[ 265/700 ] LOSS   40 turns   gray, hinata, megumin  vs  alphamon, byakuya, toji
[ 266/700 ] LOSS   26 turns   gray, sakura, yuji  vs  mash, astolfo, jaden
[ 267/700 ] LOSS   19 turns   gray, killua, nezuko  vs  marco, hibari, yuji
[ 268/700 ] LOSS   24 turns   gray, chrome, muichiro  vs  natsu, saber, madoka
[ 269/700 ] LOSS   21 turns   gray, pegasus, jack  vs  venus, astolfo, cell
Applying bleed effect! Checking special code
Applying bleed effect! Checking special code
[ 270/700 ] WIN    27 turns   gray, inosuke, nel  vs  zoro, korra, hinata
[ 271/700 ] WIN    20 turns   gray, toga, nimaiya  vs  midoriya, nezuko, sheele
[ 272/700 ] LOSS   12 turns   gray, venus, todoroki  vs  shinoa, sasuke, madoka
[ 273/700 ] WIN    22 turns   gray, koro, kid  vs  genos, ichibe, lucy
[ 274/700 ] WIN    22 turns   gray, midoriya, cell  vs  nonon, machinedramon, toga
[ 275/700 ] WIN    17 turns   gray, tsubasa, ichigo  vs  akame, kuroko, muichiro
[ 276/700 ] WIN    17 turns   gray, toph, gohan  vs  gogeta, minene, shiro
Yubel's S1 Triggered!
Yubel's S1 Triggered!
[ 277/700 ] WIN    13 turns   gray, yubel, madoka  vs  yoh, kaiba, midoriya
[ 278/700 ] WIN    16 turns   gray, blackwargreymon, frankenstein  vs  horohoro, veldora, jack
[ 279/700 ] LOSS   13 turns   gray, tamaki, mine  vs  tsubasa, gogeta, meliodas
Applying bleed effect! Checking special code
Applying bleed effect! Checking special code
Applying bleed effect! Checking special code
Applying bleed effect! Checking special code
Applying bleed effect! Checking special code
Applying bleed effect! Checking special code
Applying bleed effect! Checking special code
Applying bleed effect! Checking special code
Applying bleed effect! Checking special code
[ 280/700 ] LOSS   16 turns   gray, ryuko, arthur  vs  ladydevimon, semiramis, ken
Applying bleed effect! Checking special code
Applying bleed effect! Checking special code
[ 281/700 ] WIN    15 turns   gray, hibari, tamaki  vs  korra, rengoku, satsuki
[ 282/700 ] LOSS   20 turns   gray, akame, inuyasha  vs  yuji, genos, soul
[ 283/700 ] LOSS   23 turns   gray, gunha, death  vs  hisoka, madoka, blackstar
[ 284/700 ] WIN    24 turns   gray, impmon, minene  vs  inuyasha, kurapika, ban
[ 285/700 ] WIN    18 turns   gray, sheele, emiya  vs  impmon, blackstar, jack
[ 286/700 ] LOSS   21 turns   gray, arthur, shinoa  vs  mami, kuroko, kurapika
Applying bleed effect! Checking special code
Applying bleed effect! Checking special code
[ 287/700 ] WIN    23 turns   gray, death, mercury  vs  marco, rakko, hinata
[ 288/700 ] WIN    20 turns   gray, kuroko, kaiba  vs  rob, marco, impmon
[ 289/700 ] WIN    19 turns   gray, kid, sukuna  vs  goku, mash, frieren
[ 290/700 ] LOSS   25 turns   gray, tsubasa, saturn  vs  yuno, broly, yuji
[ 291/700 ] WIN    14 turns   gray, mash, mikasa  vs  yugi, zenitsu, ichibe
Applying bleed effect! Checking special code
Applying bleed effect! Checking special code
Applying bleed effect! Checking special code
Applying bleed effect! Checking special code
Applying bleed effect! Checking special code
Applying bleed effect! Checking special code
Applying bleed effect! Checking special code
[ 292/700 ] LOSS   25 turns   gray, gilgamesh, tsuyu  vs  noelle, shiro, rakko
[ 293/700 ] WIN    26 turns   gray, aiohto, megumin  vs  itachi, erza, sayaka
[ 294/700 ] LOSS   17 turns   gray, sasuke, sukuna  vs  ryohei, shiro, sakura
[ 295/700 ] WIN    16 turns   gray, jaden, death  vs  pegasus, sakura, gogeta
[ 296/700 ] LOSS   23 turns   gray, arthur, frieren  vs  astolfo, seventeen, sayaka
[ 297/700 ] LOSS   15 turns   gray, sukuna, rimuru  vs  uranus, shinoa, nel
[ 298/700 ] LOSS   24 turns   gray, orihime, emiya  vs  sukuna, mash, tamaki
[ 299/700 ] WIN    14 turns   gray, astolfo, noelle  vs  allmight, pegasus, hisoka
[ 300/700 ] WIN    23 turns   gray, mavis, alphonse  vs  mami, gunha, toga
[ 301/700 ] LOSS   28 turns   gray, natsu, squalo  vs  tsuyu, aang, tatsumaki
[ 302/700 ] WIN    18 turns   gray, eren, madoka  vs  kaiba, gon, tanjiro
[ 303/700 ] LOSS   14 turns   gray, ryuko, yoh  vs  uranus, gon, lyserg
[ 304/700 ] LOSS   15 turns   gray, veldora, jack  vs  nel, tsubasa, venus
[ 305/700 ] WIN    22 turns   gray, tsuyu, squalo  vs  hibari, kitara, bakugo
[ 306/700 ] WIN    29 turns   gray, hinata, lizandpatty  vs  saturn, kurapika, mars
[ 307/700 ] WIN    22 turns   gray, rob, crona  vs  jesse, squalo, tsubasa
[ 308/700 ] WIN    20 turns   gray, eren, gallantmon  vs  alphonse, uzui, ichigo
[ 309/700 ] LOSS   21 turns   gray, tamaki, erza  vs  ace, renamon, megumi
Applying bleed effect! Checking special code
[ 310/700 ] LOSS   17 turns   gray, adam, power  vs  saturn, hibari, ace
[ 311/700 ] WIN    11 turns   gray, nimaiya, saitama  vs  gogeta, xanxus, tamaki
[ 312/700 ] WIN    25 turns   gray, sakura, byakuya  vs  nel, shinra, noelle
[ 313/700 ] WIN    14 turns   gray, kuroko, kitara  vs  akame, goku, megumin
[ 314/700 ] LOSS   18 turns   gray, tsubaki, kid  vs  halibel, inuyasha, jaden
Applying bleed effect! Checking special code
Applying bleed effect! Checking special code
Applying bleed effect! Checking special code
Applying bleed effect! Checking special code
[ 315/700 ] WIN    12 turns   gray, gon, king  vs  tanjiro, jeanne, chrome
Applying bleed effect! Checking special code
Applying bleed effect! Checking special code
Applying bleed effect! Checking special code
Applying bleed effect! Checking special code
Applying bleed effect! Checking special code
Applying bleed effect! Checking special code
Applying bleed effect! Checking special code
[ 316/700 ] WIN    16 turns   gray, tsuyu, ryohei  vs  mars, toph, ken
[ 317/700 ] LOSS   12 turns   gray, yuji, ladydevimon  vs  mavis, alphamon, sayaka
[ 318/700 ] LOSS   27 turns   gray, allmight, tokoyami  vs  ryuko, tanjiro, ban
Yubel's S1 Triggered!
[ 319/700 ] LOSS   17 turns   gray, seventeen, gohan  vs  yugi, yubel, satsuki
Applying bleed effect! Checking special code
Applying bleed effect! Checking special code
Applying bleed effect! Checking special code
Applying bleed effect! Checking special code
Applying bleed effect! Checking special code
Applying bleed effect! Checking special code
[ 320/700 ] LOSS   25 turns   gray, toji, maka  vs  satsuki, denji, yugi
Applying bleed effect! Checking special code
Applying bleed effect! Checking special code
Applying bleed effect! Checking special code
Applying bleed effect! Checking special code
Applying bleed effect! Checking special code
[ 321/700 ] LOSS   19 turns   gray, itachi, ken  vs  hashirama, orihime, meliodas
Yubel's S1 Triggered!
[ 322/700 ] WIN    12 turns   gray, sukuna, yubel  vs  muichiro, boruto, chrome
Yubel's S1 Triggered!
Yubel's S1 Triggered!
[ 323/700 ] LOSS   16 turns   gray, toudou, ganta  vs  mami, luffy, yubel
[ 324/700 ] WIN    19 turns   gray, halibel, yuno  vs  koro, eren, tanjiro
Applying bleed effect! Checking special code
Applying bleed effect! Checking special code
[ 325/700 ] WIN    16 turns   gray, kitara, zenitsu  vs  halibel, inosuke, semiramis
[ 326/700 ] WIN    13 turns   gray, satsuki, horohoro  vs  sayaka, misaka, ban
Applying bleed effect! Checking special code
Applying bleed effect! Checking special code
[ 327/700 ] LOSS   15 turns   gray, tsubasa, uraraka  vs  rakko, madoka, gunha
[ 328/700 ] WIN    23 turns   gray, yoh, alphonse  vs  genos, jeanne, yugi
Applying bleed effect! Checking special code
[ 329/700 ] WIN    17 turns   gray, kitara, inuyasha  vs  minene, inosuke, tanjiro
[ 330/700 ] LOSS   33 turns   gray, semiramis, madoka  vs  nagisa, nonon, orihime
[ 331/700 ] LOSS   28 turns   gray, nonon, shinoa  vs  halibel, boruto, cell
Applying bleed effect! Checking special code
Applying bleed effect! Checking special code
Applying bleed effect! Checking special code
Applying bleed effect! Checking special code
Applying bleed effect! Checking special code
Applying bleed effect! Checking special code
[ 332/700 ] LOSS   19 turns   gray, inuyasha, muichiro  vs  soul, king, touka
[ 333/700 ] WIN    19 turns   gray, todoroki, kitara  vs  saber, blackwargreymon, emiya
[ 334/700 ] LOSS   15 turns   gray, mavis, shiro  vs  noelle, saber, seventeen
[ 335/700 ] LOSS   14 turns   gray, blackwargreymon, lucy  vs  mine, sheele, noelle
Applying bleed effect! Checking special code
Applying bleed effect! Checking special code
Applying bleed effect! Checking special code
Applying bleed effect! Checking special code
Applying bleed effect! Checking special code
[ 336/700 ] LOSS   28 turns   gray, denji, lucy  vs  death, gojo, horohoro
[ 337/700 ] WIN    34 turns   gray, kitara, tamaki  vs  boruto, emiyaarcher, arthur
[ 338/700 ] LOSS   19 turns   gray, arthur, saturn  vs  nezuko, madoka, alphamon
[ 339/700 ] WIN    21 turns   gray, toudou, saturn  vs  mikasa, megumin, sakura
[ 340/700 ] WIN    26 turns   gray, korra, kurapika  vs  gon, jaden, yuji
[ 341/700 ] WIN    11 turns   gray, blackwargreymon, lizandpatty  vs  genos, machinedramon, ichigo
Yubel's S1 Triggered!
[ 342/700 ] WIN    16 turns   gray, seventeen, toph  vs  squalo, frieren, yubel
[ 343/700 ] WIN    17 turns   gray, hashirama, chrome  vs  frieren, yuno, yamamoto
[ 344/700 ] WIN    20 turns   gray, asta, cooler  vs  saturn, chrome, naruto
Applying bleed effect! Checking special code
[ 345/700 ] WIN    32 turns   gray, rengoku, natsu  vs  kurotsuchi, gasai, tanjiro
[ 346/700 ] LOSS   16 turns   gray, yubel, frankenstein  vs  sakura, byakuya, shokuhou
[ 347/700 ] WIN    15 turns   gray, lizandpatty, alphonse  vs  uzui, jupiter, saturn
[ 348/700 ] WIN    19 turns   gray, blackstar, madoka  vs  hinata, alphamon, yuno
[ 349/700 ] WIN    15 turns   gray, yugi, sasuke  vs  frieren, gohan, zoro
[ 350/700 ] LOSS   28 turns   gray, lizandpatty, rimuru  vs  natsu, boruto, kurotsuchi
[ 351/700 ] LOSS   32 turns   gray, tsuyu, toji  vs  muichiro, jaden, uraraka
[ 352/700 ] WIN    16 turns   gray, gon, hashirama  vs  nezuko, gallantmon, nobara
[ 353/700 ] LOSS   46 turns   gray, arthur, gohan  vs  kuroko, ban, sayaka
[ 354/700 ] WIN    16 turns   gray, aang, mami  vs  hinata, usopp, shiro
[ 355/700 ] LOSS   22 turns   gray, genos, akame  vs  machinedramon, pegasus, kuroko
Applying bleed effect! Checking special code
[ 356/700 ] LOSS   18 turns   gray, king, sheele  vs  broly, mine, aiohto
[ 357/700 ] WIN    16 turns   gray, frieren, kurapika  vs  horohoro, megumi, hibari
[ 358/700 ] WIN    18 turns   gray, nezuko, sakura  vs  veldora, midoriya, alphonse
[ 359/700 ] LOSS   14 turns   gray, edward, nonon  vs  erza, hibari, alphamon
[ 360/700 ] LOSS   17 turns   gray, yoh, jupiter  vs  gogeta, gasai, gilgamesh
[ 361/700 ] WIN    19 turns   gray, kid, omnimon  vs  broly, sayaka, nel
[ 362/700 ] WIN    21 turns   gray, blackstar, halibel  vs  jesse, kuroko, blackwargreymon
[ 363/700 ] WIN    17 turns   gray, jack, astolfo  vs  mash, kaiba, yuji
[ 364/700 ] WIN    19 turns   gray, blackwargreymon, ace  vs  saitama, lucy, ryuko
Applying bleed effect! Checking special code
Applying bleed effect! Checking special code
Applying bleed effect! Checking special code
Applying bleed effect! Checking special code
[ 365/700 ] WIN    23 turns   gray, yamamoto, killua  vs  boruto, king, tatsumi
[ 366/700 ] LOSS   31 turns   gray, jesse, ganta  vs  semiramis, ichigo, arthur
[ 367/700 ] WIN    16 turns   gray, astolfo, omnimon  vs  muichiro, hawkmon, frieren
[ 368/700 ] WIN    23 turns   gray, gojo, yugi  vs  todoroki, erza, tsunayoshi
[ 369/700 ] LOSS   24 turns   gray, arthur, midoriya  vs  tanjiro, zenitsu, broly
[ 370/700 ] WIN    15 turns   gray, emiyaarcher, power  vs  zenitsu, yuji, edward
[ 371/700 ] LOSS   15 turns   gray, nonon, gogeta  vs  hashirama, emiyaarcher, tokoyami
[ 372/700 ] LOSS   17 turns   gray, kurotsuchi, myotismon  vs  toph, toga, kuroko
[ 373/700 ] WIN    28 turns   gray, diane, zenitsu  vs  hisoka, uraraka, gogeta
[ 374/700 ] WIN    19 turns   gray, hibari, gallantmon  vs  genos, sheele, minene
[ 375/700 ] WIN    19 turns   gray, neferpitou, saitama  vs  kid, edward, toudou
[ 376/700 ] LOSS   39 turns   gray, arthur, toji  vs  inuyasha, ryohei, emiya
[ 377/700 ] WIN    19 turns   gray, machinedramon, ban  vs  kitara, lyserg, gilgamesh
Applying bleed effect! Checking special code
Applying bleed effect! Checking special code
[ 378/700 ] WIN    17 turns   gray, power, megumi  vs  kurotsuchi, koro, gatomon
[ 379/700 ] LOSS   22 turns   gray, saitama, broly  vs  erza, ladydevimon, zenitsu
[ 380/700 ] LOSS   20 turns   gray, neferpitou, nobara  vs  gatomon, kid, jack
[ 381/700 ] LOSS   18 turns   gray, hibari, mami  vs  killua, esdeath, noelle
Applying bleed effect! Checking special code
Applying bleed effect! Checking special code
Applying bleed effect! Checking special code
Applying bleed effect! Checking special code
Applying bleed effect! Checking special code
Applying bleed effect! Checking special code
Applying bleed effect! Checking special code
Applying bleed effect! Checking special code
[ 382/700 ] LOSS   22 turns   gray, tsuyu, inosuke  vs  tatsumi, king, ban
[ 383/700 ] WIN    27 turns   gray, vegeta, tatsumi  vs  omnimon, nel, rimuru
[ 384/700 ] LOSS   20 turns   gray, touka, toph  vs  cell, neferpitou, hashirama
[ 385/700 ] WIN    28 turns   gray, korra, noelle  vs  hibari, cell, veldora
[ 386/700 ] WIN    24 turns   gray, crona, asta  vs  death, eren, myotismon
[ 387/700 ] LOSS   17 turns   gray, yoh, saitama  vs  power, muichiro, renamon
[ 388/700 ] WIN    19 turns   gray, maka, aiohto  vs  touka, natsu, hashirama
[ 389/700 ] LOSS   32 turns   gray, sheele, lyserg  vs  cell, omnimon, yamamoto
[ 390/700 ] LOSS   41 turns   gray, nobara, nel  vs  tatsumaki, aang, megumin
[ 391/700 ] WIN    23 turns   gray, misaka, ryuko  vs  zenitsu, bakugo, gogeta
Yubel's S1 Triggered!
[ 392/700 ] WIN    22 turns   gray, esdeath, megumin  vs  gunha, arthur, yubel
Applying bleed effect! Checking special code
[ 393/700 ] WIN    20 turns   gray, uzui, rengoku  vs  naruto, aiohto, alphamon
[ 394/700 ] WIN    21 turns   gray, noelle, gilgamesh  vs  omnimon, lyserg, mami
Yubel's S1 Triggered!
Yubel's S1 Triggered!
[ 395/700 ] WIN    19 turns   gray, frankenstein, mami  vs  edward, misaka, yubel
[ 396/700 ] WIN    23 turns   gray, hashirama, hinata  vs  jinwoo, zoro, nel
[ 397/700 ] WIN    28 turns   gray, zoro, mami  vs  crona, ichibe, jinwoo
[ 398/700 ] LOSS   30 turns   gray, toph, usopp  vs  mash, maka, levi
[ 399/700 ] LOSS   15 turns   gray, ganta, bakugo  vs  jack, shokuhou, blackwargreymon
[ 400/700 ] WIN    20 turns   gray, yuno, sukuna  vs  toji, diane, toga
[ 401/700 ] WIN    16 turns   gray, yamamoto, impmon  vs  genos, gilgamesh, shinra
Applying bleed effect! Checking special code
Applying bleed effect! Checking special code
Applying bleed effect! Checking special code
Applying bleed effect! Checking special code
[ 402/700 ] WIN    18 turns   gray, yugi, denji  vs  xanxus, gilgamesh, jeanne
[ 403/700 ] LOSS   15 turns   gray, midoriya, inuyasha  vs  touka, ryohei, esdeath
[ 404/700 ] WIN    17 turns   gray, jesse, goku  vs  mars, gatomon, jeanne
[ 405/700 ] WIN    18 turns   gray, nel, rob  vs  allmight, xanxus, muichiro
[ 406/700 ] WIN    21 turns   gray, halibel, kid  vs  noelle, tanjiro, allmight
[ 407/700 ] LOSS   22 turns   gray, zenitsu, nezuko  vs  neferpitou, boruto, jinwoo
[ 408/700 ] WIN    25 turns   gray, frieren, maka  vs  alphamon, todoroki, tatsumaki
[ 409/700 ] WIN    16 turns   gray, rimuru, tamaki  vs  arthur, genos, kuroko
[ 410/700 ] LOSS   19 turns   gray, arthur, ace  vs  renamon, saitama, tsubaki
[ 411/700 ] WIN    37 turns   gray, gon, jinwoo  vs  impmon, jack, orihime
[ 412/700 ] LOSS   38 turns   gray, gohan, tsubasa  vs  pegasus, saturn, rimuru
[ 413/700 ] WIN    15 turns   gray, seventeen, tokoyami  vs  hawkmon, asta, vegeta
[ 414/700 ] WIN    16 turns   gray, venus, gojo  vs  shinoa, ichigo, toga
[ 415/700 ] LOSS   31 turns   gray, ace, nezuko  vs  shokuhou, toji, marco
[ 416/700 ] WIN    15 turns   gray, kurapika, byakuya  vs  seventeen, lyserg, tatsumaki
[ 417/700 ] WIN    27 turns   gray, jupiter, itachi  vs  kurotsuchi, lyserg, kid
[ 418/700 ] WIN    12 turns   gray, satsuki, usopp  vs  horohoro, noelle, crona
[ 419/700 ] WIN    19 turns   gray, megumin, semiramis  vs  tsunayoshi, itachi, frankenstein
[ 420/700 ] LOSS   28 turns   gray, kid, saitama  vs  goku, bakugo, touka
[ 421/700 ] LOSS   21 turns   gray, shinra, shiro  vs  kuroko, eren, korra
[ 422/700 ] WIN    20 turns   gray, tamaki, inuyasha  vs  uranus, kuroko, hawkmon
[ 423/700 ] WIN    22 turns   gray, neferpitou, shokuhou  vs  toph, alphamon, tatsumaki
[ 424/700 ] WIN    19 turns   gray, minene, ichibe  vs  killua, tamaki, pegasus
Applying bleed effect! Checking special code
[ 425/700 ] WIN    19 turns   gray, adam, shiro  vs  inosuke, nobara, tsubasa
[ 426/700 ] LOSS   23 turns   gray, ace, shiro  vs  vegeta, arthur, yuji
[ 427/700 ] WIN     8 turns   gray, frankenstein, madoka  vs  kurotsuchi, vegeta, toph
[ 428/700 ] WIN    16 turns   gray, alphonse, mash  vs  squalo, kitara, uzui
Applying bleed effect! Checking special code
Applying bleed effect! Checking special code
Applying bleed effect! Checking special code
[ 429/700 ] WIN    13 turns   gray, chrome, rengoku  vs  halibel, tsubaki, goku
[ 430/700 ] WIN    20 turns   gray, aang, pegasus  vs  nel, arthur, soul
[ 431/700 ] WIN    24 turns   gray, tsuyu, yugi  vs  jack, neferpitou, alphonse
[ 432/700 ] WIN    36 turns   gray, midoriya, nonon  vs  toph, koro, megumin
Applying bleed effect! Checking special code
[ 433/700 ] LOSS   23 turns   gray, tsubasa, nobara  vs  tamaki, inosuke, uraraka
[ 434/700 ] WIN    20 turns   gray, machinedramon, boruto  vs  genos, yoh, venus
Applying bleed effect! Checking special code
Applying bleed effect! Checking special code
[ 435/700 ] WIN    20 turns   gray, emiyaarcher, impmon  vs  astolfo, rakko, jinwoo
[ 436/700 ] LOSS   16 turns   gray, cell, shokuhou  vs  natsu, zenitsu, touka
[ 437/700 ] LOSS   20 turns   gray, gohan, erza  vs  seventeen, satsuki, yuji
[ 438/700 ] WIN    19 turns   gray, maka, gallantmon  vs  sasuke, gasai, orihime
Applying bleed effect! Checking special code
Applying bleed effect! Checking special code
Applying bleed effect! Checking special code
Applying bleed effect! Checking special code
Applying bleed effect! Checking special code
Applying bleed effect! Checking special code
[ 439/700 ] LOSS   14 turns   gray, shinoa, gojo  vs  nimaiya, king, mikasa
[ 440/700 ] WIN    19 turns   gray, gohan, megumin  vs  renamon, xanxus, blackwargreymon
[ 441/700 ] WIN    16 turns   gray, muichiro, korra  vs  pegasus, chrome, gallantmon
Applying bleed effect! Checking special code
Applying bleed effect! Checking special code
Applying bleed effect! Checking special code
Applying bleed effect! Checking special code
[ 442/700 ] WIN    26 turns   gray, soul, denji  vs  nagisa, hisoka, saitama
Applying bleed effect! Checking special code
Applying bleed effect! Checking special code
[ 443/700 ] WIN    19 turns   gray, nagisa, ken  vs  soul, yoh, gunha
[ 444/700 ] LOSS   20 turns   gray, gilgamesh, renamon  vs  asta, gon, orihime
Yubel's S1 Triggered!
[ 445/700 ] LOSS   14 turns   gray, cooler, edward  vs  nimaiya, yubel, machinedramon
[ 446/700 ] WIN    22 turns   gray, mavis, saturn  vs  kid, crona, jeanne
[ 447/700 ] WIN    18 turns   gray, saber, machinedramon  vs  tsubasa, uranus, megumi
[ 448/700 ] WIN    21 turns   gray, nimaiya, myotismon  vs  pegasus, gohan, madoka
[ 449/700 ] WIN    20 turns   gray, emiya, jaden  vs  jack, saturn, midoriya
[ 450/700 ] LOSS   21 turns   gray, tatsumaki, kurotsuchi  vs  seventeen, jaden, death
[ 451/700 ] WIN    15 turns   gray, toga, sheele  vs  death, lucy, noelle
Applying bleed effect! Checking special code
Applying bleed effect! Checking special code
Applying bleed effect! Checking special code
Applying bleed effect! Checking special code
Applying bleed effect! Checking special code
Applying bleed effect! Checking special code
Applying bleed effect! Checking special code
Applying bleed effect! Checking special code
Applying bleed effect! Checking special code
[ 452/700 ] LOSS   16 turns   gray, erza, tanjiro  vs  ladydevimon, akame, king
[ 453/700 ] WIN    19 turns   gray, kaiba, koro  vs  nobara, renamon, machinedramon
Applying bleed effect! Checking special code
Applying bleed effect! Checking special code
Applying bleed effect! Checking special code
Applying bleed effect! Checking special code
Applying bleed effect! Checking special code
Applying bleed effect! Checking special code
[ 454/700 ] WIN    17 turns   gray, yuno, usopp  vs  levi, veldora, king
[ 455/700 ] WIN    27 turns   gray, sakura, broly  vs  mercury, kurotsuchi, tsuyu
[ 456/700 ] WIN    39 turns   gray, luffy, natsu  vs  sasuke, toji, sayaka
[ 457/700 ] WIN    27 turns   gray, lizandpatty, goku  vs  jaden, yamamoto, midoriya
[ 458/700 ] WIN    16 turns   gray, yuji, tamaki  vs  asta, minene, killua
Applying bleed effect! Checking special code
Applying bleed effect! Checking special code
Applying bleed effect! Checking special code
Applying bleed effect! Checking special code
Applying bleed effect! Checking special code
[ 459/700 ] WIN    20 turns   gray, pegasus, cooler  vs  rakko, erza, kurapika
[ 460/700 ] WIN    33 turns   gray, jinwoo, renamon  vs  chrome, kuroko, minene
[ 461/700 ] WIN    15 turns   gray, blackstar, emiya  vs  mavis, ichigo, yoh
Applying bleed effect! Checking special code
[ 462/700 ] WIN    15 turns   gray, aiohto, edward  vs  sheele, denji, toga
[ 463/700 ] WIN    16 turns   gray, hibari, sheele  vs  arthur, rob, tsubaki
[ 464/700 ] WIN    33 turns   gray, ladydevimon, kitara  vs  yuno, kurotsuchi, frankenstein
[ 465/700 ] WIN    16 turns   gray, touka, lizandpatty  vs  meliodas, korra, minene
[ 466/700 ] WIN    21 turns   gray, shinra, pegasus  vs  neferpitou, noelle, todoroki
[ 467/700 ] WIN    23 turns   gray, alphamon, diane  vs  shiro, gatomon, neferpitou
[ 468/700 ] WIN    19 turns   gray, renamon, levi  vs  uraraka, myotismon, zenitsu
[ 469/700 ] LOSS   24 turns   gray, megumi, boruto  vs  pegasus, nobara, hashirama
[ 470/700 ] WIN    18 turns   gray, death, levi  vs  allmight, seventeen, jeanne
[ 471/700 ] WIN    19 turns   gray, jack, rob  vs  death, tsubaki, sukuna
[ 472/700 ] WIN    20 turns   gray, boruto, gatomon  vs  nagisa, frieren, minene
Applying bleed effect! Checking special code
Applying bleed effect! Checking special code
Applying bleed effect! Checking special code
[ 473/700 ] WIN    40 turns   gray, arthur, nagisa  vs  machinedramon, nezuko, rengoku
[ 474/700 ] WIN    22 turns   gray, cooler, marco  vs  alphamon, broly, kuroko
[ 475/700 ] WIN    19 turns   gray, maka, frankenstein  vs  byakuya, uraraka, emiyaarcher
[ 476/700 ] WIN    16 turns   gray, mami, eren  vs  orihime, tamaki, sukuna
[ 477/700 ] LOSS   15 turns   gray, satsuki, jesse  vs  halibel, power, mercury
[ 478/700 ] LOSS   18 turns   gray, emiya, yuno  vs  meliodas, touka, jinwoo
[ 479/700 ] WIN    18 turns   gray, jeanne, zoro  vs  toudou, omnimon, shokuhou
Applying bleed effect! Checking special code
Applying bleed effect! Checking special code
Applying bleed effect! Checking special code
Applying bleed effect! Checking special code
Applying bleed effect! Checking special code
Applying bleed effect! Checking special code
Applying bleed effect! Checking special code
Applying bleed effect! Checking special code
Applying bleed effect! Checking special code
Applying bleed effect! Checking special code
Applying bleed effect! Checking special code
[ 480/700 ] WIN    20 turns   gray, ryohei, ken  vs  itachi, rakko, shinra
[ 481/700 ] WIN    20 turns   gray, horohoro, aiohto  vs  semiramis, jesse, usopp
Applying bleed effect! Checking special code
[ 482/700 ] WIN    24 turns   gray, megumi, diane  vs  yuji, zoro, squalo
[ 483/700 ] WIN    20 turns   gray, yuno, blackwargreymon  vs  tsuyu, diane, toph
Applying bleed effect! Checking special code
Applying bleed effect! Checking special code
[ 484/700 ] WIN    15 turns   gray, naruto, jack  vs  frieren, rakko, midoriya
[ 485/700 ] WIN    11 turns   gray, koro, aang  vs  gogeta, allmight, megumin
Applying bleed effect! Checking special code
[ 486/700 ] WIN    18 turns   gray, yugi, gunha  vs  tamaki, rakko, xanxus
[ 487/700 ] WIN    16 turns   gray, omnimon, yuji  vs  aang, denji, byakuya
[ 488/700 ] LOSS   30 turns   gray, myotismon, edward  vs  tokoyami, marco, gunha
[ 489/700 ] WIN    18 turns   gray, todoroki, hashirama  vs  xanxus, toudou, kitara
[ 490/700 ] WIN    23 turns   gray, vegeta, tsuyu  vs  kaiba, madoka, chrome
[ 491/700 ] WIN    16 turns   gray, kaiba, emiya  vs  akame, tokoyami, shokuhou
[ 492/700 ] WIN    31 turns   gray, kid, usopp  vs  muichiro, nezuko, ladydevimon
[ 493/700 ] LOSS   16 turns   gray, marco, toga  vs  emiyaarcher, hashirama, uranus
[ 494/700 ] WIN    29 turns   gray, nel, erza  vs  king, power, blackstar
[ 495/700 ] LOSS   24 turns   gray, yuji, touka  vs  mami, horohoro, edward
[ 496/700 ] WIN    24 turns   gray, nezuko, lucy  vs  chrome, yamamoto, toudou
Applying bleed effect! Checking special code
Applying bleed effect! Checking special code
[ 497/700 ] WIN    17 turns   gray, mash, mars  vs  tsubasa, rakko, jinwoo
[ 498/700 ] LOSS   19 turns   gray, gogeta, halibel  vs  neferpitou, hashirama, shinoa
Applying bleed effect! Checking special code
[ 499/700 ] WIN    12 turns   gray, soul, gatomon  vs  lyserg, shiro, power
[ 500/700 ] WIN    19 turns   gray, ichigo, jack  vs  blackstar, impmon, diane
Applying bleed effect! Checking special code
Applying bleed effect! Checking special code
Applying bleed effect! Checking special code
[ 501/700 ] WIN    10 turns   gray, kaiba, ladydevimon  vs  gallantmon, allmight, inosuke
[ 502/700 ] WIN    21 turns   gray, byakuya, blackwargreymon  vs  naruto, chrome, toji
Applying bleed effect! Checking special code
Applying bleed effect! Checking special code
Applying bleed effect! Checking special code
Applying bleed effect! Checking special code
[ 503/700 ] LOSS   31 turns   gray, tatsumaki, naruto  vs  kuroko, touka, ken
[ 504/700 ] WIN    12 turns   gray, lucy, aiohto  vs  tsunayoshi, allmight, ban
[ 505/700 ] WIN    31 turns   gray, nagisa, omnimon  vs  kurapika, muichiro, saitama
[ 506/700 ] WIN    26 turns   gray, gohan, zoro  vs  death, ace, arthur
Applying bleed effect! Checking special code
Applying bleed effect! Checking special code
Applying bleed effect! Checking special code
Applying bleed effect! Checking special code
Applying bleed effect! Checking special code
Applying bleed effect! Checking special code
[ 507/700 ] WIN    16 turns   gray, gohan, arthur  vs  sheele, ken, crona
[ 508/700 ] WIN    15 turns   gray, gohan, megumi  vs  yuno, todoroki, yoh
[ 509/700 ] LOSS   14 turns   gray, nimaiya, death  vs  ryohei, hinata, megumi
Applying bleed effect! Checking special code
Applying bleed effect! Checking special code
Applying bleed effect! Checking special code
Applying bleed effect! Checking special code
Applying bleed effect! Checking special code
[ 510/700 ] WIN    13 turns   gray, jaden, jupiter  vs  rakko, yuno, noelle
[ 511/700 ] WIN    13 turns   gray, chrome, alphonse  vs  lucy, orihime, inuyasha
Applying bleed effect! Checking special code
Applying bleed effect! Checking special code
Applying bleed effect! Checking special code
Applying bleed effect! Checking special code
Applying bleed effect! Checking special code
Applying bleed effect! Checking special code
Applying bleed effect! Checking special code
[ 512/700 ] LOSS   24 turns   gray, arthur, tatsumaki  vs  rakko, orihime, yamamoto
[ 513/700 ] WIN    24 turns   gray, bakugo, rob  vs  uraraka, ichigo, arthur
[ 514/700 ] WIN    15 turns   gray, ladydevimon, akame  vs  ichigo, pegasus, tokoyami
[ 515/700 ] WIN    23 turns   gray, hawkmon, mine  vs  bakugo, ichigo, shokuhou
Applying bleed effect! Checking special code
[ 516/700 ] WIN    14 turns   gray, mine, jesse  vs  denji, lizandpatty, kurapika
[ 517/700 ] WIN    13 turns   gray, blackwargreymon, gohan  vs  toga, cooler, tsuyu
Applying bleed effect! Checking special code
Applying bleed effect! Checking special code
Applying bleed effect! Checking special code
Applying bleed effect! Checking special code
[ 518/700 ] WIN    25 turns   gray, ken, koro  vs  korra, minene, pegasus
[ 519/700 ] WIN    20 turns   gray, gatomon, zenitsu  vs  sakura, shiro, kurapika
[ 520/700 ] LOSS   17 turns   gray, byakuya, ace  vs  ichibe, squalo, ladydevimon
[ 521/700 ] WIN    16 turns   gray, shinra, zenitsu  vs  chrome, gohan, horohoro
[ 522/700 ] WIN    14 turns   gray, tsuyu, jack  vs  saber, yugi, jeanne
[ 523/700 ] WIN    16 turns   gray, mavis, nimaiya  vs  aiohto, misaka, genos
[ 524/700 ] WIN    18 turns   gray, korra, genos  vs  ace, astolfo, cell
[ 525/700 ] LOSS   26 turns   gray, yugi, korra  vs  veldora, arthur, satsuki
[ 526/700 ] LOSS   15 turns   gray, venus, noelle  vs  chrome, seventeen, hashirama
[ 527/700 ] WIN    15 turns   gray, natsu, toudou  vs  byakuya, ryuko, inuyasha
[ 528/700 ] WIN    15 turns   gray, blackstar, mine  vs  sasuke, emiya, hawkmon
[ 529/700 ] WIN    17 turns   gray, ryohei, tsunayoshi  vs  megumi, toga, seventeen
[ 530/700 ] LOSS   11 turns   gray, yuji, soul  vs  venus, gunha, mami
[ 531/700 ] LOSS   21 turns   gray, denji, emiyaarcher  vs  vegeta, frankenstein, kuroko
[ 532/700 ] WIN    19 turns   gray, saber, alphamon  vs  tatsumi, ganta, boruto
[ 533/700 ] WIN    21 turns   gray, tatsumi, inuyasha  vs  uraraka, saitama, orihime
[ 534/700 ] WIN    14 turns   gray, marco, astolfo  vs  minene, meliodas, mercury
[ 535/700 ] WIN    19 turns   gray, cell, ichigo  vs  sakura, kaiba, alphonse
[ 536/700 ] WIN    11 turns   gray, touka, asta  vs  sukuna, blackwargreymon, korra
[ 537/700 ] WIN    22 turns   gray, ryohei, gatomon  vs  tsunayoshi, nagisa, jeanne
[ 538/700 ] WIN    10 turns   gray, mash, jack  vs  esdeath, cell, hibari
[ 539/700 ] WIN    26 turns   gray, gogeta, omnimon  vs  noelle, ladydevimon, natsu
[ 540/700 ] WIN    13 turns   gray, ganta, yuno  vs  mars, kurotsuchi, tsunayoshi
[ 541/700 ] WIN    12 turns   gray, death, touka  vs  gon, mars, kitara
[ 542/700 ] WIN    12 turns   gray, neferpitou, eren  vs  semiramis, astolfo, ryuko
Applying bleed effect! Checking special code
Applying bleed effect! Checking special code
Applying bleed effect! Checking special code
[ 543/700 ] WIN    15 turns   gray, jupiter, jinwoo  vs  xanxus, zoro, king
[ 544/700 ] LOSS   24 turns   gray, vegeta, hinata  vs  megumin, alphamon, shinoa
[ 545/700 ] LOSS   26 turns   gray, myotismon, tatsumaki  vs  tatsumi, tsubasa, chrome
Applying bleed effect! Checking special code
Applying bleed effect! Checking special code
[ 546/700 ] WIN    18 turns   gray, shokuhou, yamamoto  vs  usopp, power, rimuru
[ 547/700 ] WIN    13 turns   gray, tatsumi, shokuhou  vs  ace, tokoyami, yamamoto
Applying bleed effect! Checking special code
Applying bleed effect! Checking special code
Applying bleed effect! Checking special code
[ 548/700 ] WIN    11 turns   gray, jesse, seventeen  vs  pegasus, ken, jinwoo
[ 549/700 ] LOSS   19 turns   gray, hinata, frieren  vs  gasai, horohoro, neferpitou
[ 550/700 ] LOSS   27 turns   gray, saturn, vegeta  vs  maka, tokoyami, halibel
[ 551/700 ] WIN    31 turns   gray, halibel, genos  vs  alphamon, rob, blackwargreymon
[ 552/700 ] WIN    16 turns   gray, muichiro, nimaiya  vs  veldora, tsubaki, gogeta
[ 553/700 ] LOSS   35 turns   gray, cell, nagisa  vs  ryohei, blackwargreymon, sakura
[ 554/700 ] LOSS   26 turns   gray, asta, tsunayoshi  vs  tanjiro, shinoa, eren
Applying bleed effect! Checking special code
Applying bleed effect! Checking special code
[ 555/700 ] WIN    13 turns   gray, ichibe, rob  vs  rengoku, mars, rimuru
[ 556/700 ] WIN    10 turns   gray, hashirama, mavis  vs  pegasus, ganta, gon
[ 557/700 ] LOSS   13 turns   gray, itachi, soul  vs  meliodas, aiohto, gilgamesh
[ 558/700 ] LOSS   35 turns   gray, misaka, satsuki  vs  kurapika, saber, mikasa
[ 559/700 ] LOSS   23 turns   gray, impmon, gohan  vs  sukuna, alphamon, gon
[ 560/700 ] WIN    26 turns   gray, midoriya, cell  vs  xanxus, chrome, emiya
[ 561/700 ] LOSS   18 turns   gray, gatomon, zoro  vs  gojo, mavis, lucy
[ 562/700 ] LOSS   16 turns   gray, yubel, shinra  vs  kuroko, luffy, jeanne
Applying bleed effect! Checking special code
Applying bleed effect! Checking special code
Applying bleed effect! Checking special code
Applying bleed effect! Checking special code
[ 563/700 ] LOSS   12 turns   gray, inosuke, korra  vs  lucy, jaden, ken
[ 564/700 ] WIN    19 turns   gray, shinra, toga  vs  sakura, impmon, jupiter
[ 565/700 ] WIN    20 turns   gray, kid, tsubaki  vs  mami, koro, sukuna
[ 566/700 ] WIN    28 turns   gray, omnimon, byakuya  vs  jinwoo, gojo, nezuko
[ 567/700 ] WIN    21 turns   gray, aang, saber  vs  arthur, nimaiya, saturn
[ 568/700 ] WIN    16 turns   gray, tamaki, mine  vs  byakuya, satsuki, king
[ 569/700 ] LOSS   30 turns   gray, kitara, megumi  vs  ban, lyserg, kurapika
[ 570/700 ] LOSS   16 turns   gray, arthur, edward  vs  xanxus, alphamon, jaden
[ 571/700 ] WIN    20 turns   gray, allmight, mercury  vs  halibel, eren, koro
[ 572/700 ] LOSS   17 turns   gray, shokuhou, ace  vs  killua, eren, kid
[ 573/700 ] WIN    16 turns   gray, gilgamesh, omnimon  vs  lyserg, orihime, gatomon
[ 574/700 ] WIN    33 turns   gray, korra, mavis  vs  uzui, astolfo, marco
[ 575/700 ] LOSS   23 turns   gray, yuno, shiro  vs  mavis, toph, tsubasa
Applying bleed effect! Checking special code
Applying bleed effect! Checking special code
Applying bleed effect! Checking special code
Applying bleed effect! Checking special code
[ 576/700 ] WIN    13 turns   gray, emiyaarcher, king  vs  yuno, veldora, gon
Yubel's S1 Triggered!
[ 577/700 ] WIN    15 turns   gray, saturn, yubel  vs  impmon, ban, jeanne
[ 578/700 ] WIN    19 turns   gray, megumin, gilgamesh  vs  touka, hawkmon, blackstar
[ 579/700 ] LOSS   23 turns   gray, lyserg, bakugo  vs  satsuki, rob, genos
[ 580/700 ] WIN    30 turns   gray, adam, levi  vs  yuji, emiya, vegeta
[ 581/700 ] WIN    21 turns   gray, veldora, toji  vs  asta, hawkmon, orihime
[ 582/700 ] WIN    22 turns   gray, nezuko, kitara  vs  inuyasha, meliodas, frankenstein
Yubel's S1 Triggered!
Yubel's S1 Triggered!
[ 583/700 ] WIN    22 turns   gray, nimaiya, yubel  vs  hisoka, jinwoo, squalo
[ 584/700 ] WIN    14 turns   gray, uzui, cooler  vs  muichiro, nezuko, mars
[ 585/700 ] LOSS   14 turns   gray, gogeta, impmon  vs  uranus, levi, tanjiro
[ 586/700 ] LOSS   16 turns   gray, denji, omnimon  vs  madoka, maka, megumin
[ 587/700 ] LOSS   11 turns   gray, megumi, touka  vs  rimuru, esdeath, mavis
[ 588/700 ] WIN    17 turns   gray, byakuya, mash  vs  cell, rimuru, gohan
Applying bleed effect! Checking special code
[ 589/700 ] WIN    18 turns   gray, yuno, sasuke  vs  soul, death, diane
Applying bleed effect! Checking special code
Applying bleed effect! Checking special code
Applying bleed effect! Checking special code
Applying bleed effect! Checking special code
Applying bleed effect! Checking special code
Applying bleed effect! Checking special code
Applying bleed effect! Checking special code
Applying bleed effect! Checking special code
[ 590/700 ] WIN    28 turns   gray, saitama, tsuyu  vs  nobara, kurotsuchi, king
Applying bleed effect! Checking special code
Applying bleed effect! Checking special code
Applying bleed effect! Checking special code
Applying bleed effect! Checking special code
Applying bleed effect! Checking special code
[ 591/700 ] WIN    19 turns   gray, uranus, king  vs  tsubaki, gunha, megumi
[ 592/700 ] LOSS   13 turns   gray, mine, myotismon  vs  toudou, jupiter, death
[ 593/700 ] WIN    15 turns   gray, alphamon, tsubasa  vs  touka, ace, gon
Applying bleed effect! Checking special code
Applying bleed effect! Checking special code
Applying bleed effect! Checking special code
Applying bleed effect! Checking special code
[ 594/700 ] WIN    23 turns   gray, power, nezuko  vs  jaden, shiro, inosuke
[ 595/700 ] WIN    16 turns   gray, alphamon, gallantmon  vs  madoka, koro, yubel
[ 596/700 ] LOSS   17 turns   gray, sakura, toga  vs  chrome, neferpitou, adam
[ 597/700 ] WIN    19 turns   gray, yuji, shiro  vs  erza, tsubaki, gon
[ 598/700 ] WIN    16 turns   gray, nagisa, noelle  vs  adam, ichigo, aiohto
Applying bleed effect! Checking special code
Applying bleed effect! Checking special code
Applying bleed effect! Checking special code
Applying bleed effect! Checking special code
[ 599/700 ] WIN    17 turns   gray, hibari, todoroki  vs  edward, king, yuji
[ 600/700 ] WIN    14 turns   gray, tamaki, eren  vs  gilgamesh, omnimon, sasuke
[ 601/700 ] LOSS   16 turns   gray, alphonse, luffy  vs  boruto, levi, saitama
[ 602/700 ] WIN    11 turns   gray, koro, toji  vs  gogeta, frieren, meliodas
[ 603/700 ] LOSS   17 turns   gray, toudou, adam  vs  ryohei, tanjiro, frieren
[ 604/700 ] WIN    15 turns   gray, mercury, sasuke  vs  saturn, tokoyami, megumin
[ 605/700 ] WIN    12 turns   gray, broly, gunha  vs  rakko, bakugo, tatsumi
[ 606/700 ] WIN    21 turns   gray, jinwoo, nonon  vs  aiohto, jeanne, sayaka
[ 607/700 ] WIN    28 turns   gray, gohan, hisoka  vs  squalo, boruto, hinata
[ 608/700 ] LOSS   22 turns   gray, zenitsu, shinoa  vs  marco, sasuke, astolfo
Applying bleed effect! Checking special code
Applying bleed effect! Checking special code
[ 609/700 ] WIN    12 turns   gray, jack, rakko  vs  midoriya, squalo, usopp
Applying bleed effect! Checking special code
[ 610/700 ] WIN    20 turns   gray, saber, ganta  vs  goku, killua, king
Applying bleed effect! Checking special code
[ 611/700 ] WIN    18 turns   gray, blackwargreymon, broly  vs  gojo, rakko, machinedramon
[ 612/700 ] LOSS   18 turns   gray, todoroki, toji  vs  uraraka, genos, crona
[ 613/700 ] LOSS   14 turns   gray, tsubaki, kitara  vs  esdeath, halibel, itachi
[ 614/700 ] WIN    25 turns   gray, emiyaarcher, frieren  vs  megumi, shinoa, shiro
[ 615/700 ] LOSS   20 turns   gray, saitama, yuji  vs  gatomon, asta, saturn
[ 616/700 ] WIN    15 turns   gray, nobara, toph  vs  asta, bakugo, todoroki
[ 617/700 ] LOSS   20 turns   gray, kitara, muichiro  vs  byakuya, renamon, megumin
[ 618/700 ] WIN    16 turns   gray, noelle, astolfo  vs  mercury, lizandpatty, byakuya
[ 619/700 ] WIN    10 turns   gray, jinwoo, gogeta  vs  todoroki, jupiter, midoriya
[ 620/700 ] WIN    10 turns   gray, toga, luffy  vs  sasuke, yuno, frieren
Applying bleed effect! Checking special code
Applying bleed effect! Checking special code
Applying bleed effect! Checking special code
Applying bleed effect! Checking special code
Applying bleed effect! Checking special code
Applying bleed effect! Checking special code
Applying bleed effect! Checking special code
Applying bleed effect! Checking special code
[ 621/700 ] LOSS   22 turns   gray, sayaka, king  vs  orihime, mavis, genos
[ 622/700 ] WIN    14 turns   gray, crona, nimaiya  vs  aiohto, megumin, blackwargreymon
Applying bleed effect! Checking special code
Applying bleed effect! Checking special code
[ 623/700 ] WIN    11 turns   gray, alphamon, king  vs  bakugo, ichigo, gasai
[ 624/700 ] WIN    15 turns   gray, emiyaarcher, ichigo  vs  blackstar, hawkmon, ryuko
[ 625/700 ] LOSS   25 turns   gray, kaiba, koro  vs  gasai, jupiter, asta
[ 626/700 ] WIN    17 turns   gray, tsuyu, kitara  vs  gogeta, gojo, mami
[ 627/700 ] LOSS   18 turns   gray, shinoa, ryuko  vs  ryohei, sheele, hibari
[ 628/700 ] WIN    19 turns   gray, zenitsu, neferpitou  vs  mars, nimaiya, touka
[ 629/700 ] LOSS   16 turns   gray, goku, byakuya  vs  asta, neferpitou, semiramis
[ 630/700 ] WIN    14 turns   gray, uranus, halibel  vs  emiya, megumin, mash
[ 631/700 ] WIN    18 turns   gray, nagisa, jesse  vs  jack, koro, uzui
Applying bleed effect! Checking special code
Applying bleed effect! Checking special code
[ 632/700 ] LOSS   23 turns   gray, king, mami  vs  tsubaki, nagisa, rimuru
[ 633/700 ] WIN    17 turns   gray, machinedramon, naruto  vs  jupiter, maka, tsubasa
[ 634/700 ] WIN    25 turns   gray, tsubaki, emiyaarcher  vs  emiya, kurapika, saturn
[ 635/700 ] WIN    15 turns   gray, muichiro, kurapika  vs  mikasa, kitara, megumi
[ 636/700 ] LOSS   16 turns   gray, jeanne, akame  vs  lucy, toph, cell
[ 637/700 ] LOSS   23 turns   gray, toudou, frieren  vs  nagisa, yamamoto, hibari
[ 638/700 ] WIN    25 turns   gray, ace, hinata  vs  zenitsu, emiya, lyserg
Applying bleed effect! Checking special code
Applying bleed effect! Checking special code
Applying bleed effect! Checking special code
[ 639/700 ] WIN    16 turns   gray, kaiba, uraraka  vs  levi, ken, yoh
[ 640/700 ] WIN    13 turns   gray, cooler, kurapika  vs  cell, hisoka, toji
[ 641/700 ] WIN    19 turns   gray, mash, squalo  vs  frieren, emiyaarcher, gunha
[ 642/700 ] LOSS   19 turns   gray, tatsumi, mami  vs  blackstar, todoroki, jinwoo
[ 643/700 ] LOSS   24 turns   gray, maka, hashirama  vs  sukuna, ladydevimon, alphonse
[ 644/700 ] WIN    23 turns   gray, natsu, jeanne  vs  cell, midoriya, renamon
[ 645/700 ] WIN    40 turns   gray, blackstar, erza  vs  ichigo, sasuke, nel
[ 646/700 ] LOSS   20 turns   gray, saitama, venus  vs  lizandpatty, boruto, marco
[ 647/700 ] LOSS   16 turns   gray, minene, soul  vs  xanxus, hashirama, mercury
[ 648/700 ] WIN    36 turns   gray, hawkmon, tsuyu  vs  jesse, tokoyami, akame
[ 649/700 ] LOSS   32 turns   gray, akame, omnimon  vs  itachi, usopp, nezuko
[ 650/700 ] WIN    17 turns   gray, gohan, lucy  vs  aiohto, boruto, asta
[ 651/700 ] WIN    17 turns   gray, soul, machinedramon  vs  jesse, adam, koro
[ 652/700 ] WIN    13 turns   gray, saturn, mash  vs  sayaka, satsuki, hibari
[ 653/700 ] LOSS   21 turns   gray, akame, tanjiro  vs  nel, frankenstein, eren
[ 654/700 ] WIN    16 turns   gray, astolfo, tanjiro  vs  kurotsuchi, gilgamesh, toga
[ 655/700 ] LOSS   10 turns   gray, lucy, sakura  vs  kurotsuchi, shinoa, asta
[ 656/700 ] WIN    16 turns   gray, naruto, venus  vs  uzui, seventeen, cooler
[ 657/700 ] WIN    19 turns   gray, levi, jack  vs  gunha, sasuke, gatomon
Applying bleed effect! Checking special code
Applying bleed effect! Checking special code
Applying bleed effect! Checking special code
Applying bleed effect! Checking special code
Applying bleed effect! Checking special code
Applying bleed effect! Checking special code
[ 658/700 ] LOSS   43 turns   gray, koro, denji  vs  toudou, saber, akame
[ 659/700 ] LOSS   39 turns   gray, yamamoto, rob  vs  halibel, uraraka, astolfo
[ 660/700 ] WIN    14 turns   gray, erza, alphamon  vs  arthur, sukuna, jaden
[ 661/700 ] WIN    17 turns   gray, aang, noelle  vs  sheele, toji, killua
[ 662/700 ] WIN    12 turns   gray, gatomon, chrome  vs  akame, death, maka
[ 663/700 ] WIN    19 turns   gray, nonon, omnimon  vs  shokuhou, mars, tamaki
Applying bleed effect! Checking special code
Applying bleed effect! Checking special code
[ 664/700 ] WIN     8 turns   gray, semiramis, mash  vs  rimuru, king, lucy
[ 665/700 ] WIN    15 turns   gray, crona, itachi  vs  boruto, edward, tsubaki
[ 666/700 ] WIN    16 turns   gray, noelle, sukuna  vs  eren, mikasa, tatsumi
[ 667/700 ] LOSS   43 turns   gray, todoroki, emiyaarcher  vs  nezuko, kitara, chrome
Applying bleed effect! Checking special code
[ 668/700 ] WIN    14 turns   gray, yugi, tanjiro  vs  pegasus, ken, ban
[ 669/700 ] LOSS   23 turns   gray, emiyaarcher, jesse  vs  edward, semiramis, itachi
[ 670/700 ] WIN    17 turns   gray, satsuki, uzui  vs  rimuru, kuroko, frankenstein
[ 671/700 ] LOSS   17 turns   gray, gilgamesh, satsuki  vs  ban, luffy, blackstar
[ 672/700 ] WIN     8 turns   gray, veldora, lucy  vs  hinata, shiro, sakura
[ 673/700 ] WIN    26 turns   gray, nezuko, yubel  vs  kitara, emiya, mash
[ 674/700 ] WIN    19 turns   gray, ace, adam  vs  hibari, jack, soul
Applying bleed effect! Checking special code
Applying bleed effect! Checking special code
Applying bleed effect! Checking special code
Applying bleed effect! Checking special code
[ 675/700 ] WIN    24 turns   gray, orihime, natsu  vs  kid, rengoku, chrome
[ 676/700 ] WIN    19 turns   gray, power, kurapika  vs  frankenstein, edward, noelle
[ 677/700 ] WIN    12 turns   gray, byakuya, jack  vs  toph, tsunayoshi, cooler
[ 678/700 ] WIN    38 turns   gray, gogeta, toga  vs  saitama, gatomon, death
[ 679/700 ] WIN    23 turns   gray, gatomon, minene  vs  adam, veldora, natsu
[ 680/700 ] WIN    15 turns   gray, kuroko, ichibe  vs  uraraka, toji, yoh
[ 681/700 ] WIN    24 turns   gray, sayaka, mercury  vs  aiohto, denji, sheele
[ 682/700 ] WIN    18 turns   gray, tatsumi, mami  vs  tsubaki, gohan, lucy
[ 683/700 ] WIN     8 turns   gray, hashirama, mine  vs  todoroki, sasuke, usopp
[ 684/700 ] LOSS   12 turns   gray, cooler, ryuko  vs  broly, mash, todoroki
[ 685/700 ] WIN    19 turns   gray, rob, meliodas  vs  neferpitou, crona, ganta
[ 686/700 ] WIN    16 turns   gray, mami, aang  vs  alphamon, jack, midoriya
[ 687/700 ] WIN    12 turns   gray, edward, gasai  vs  emiya, gilgamesh, vegeta
Applying bleed effect! Checking special code
Applying bleed effect! Checking special code
Applying bleed effect! Checking special code
Applying bleed effect! Checking special code
Applying bleed effect! Checking special code
Applying bleed effect! Checking special code
[ 688/700 ] LOSS  116 turns   gray, jupiter, marco  vs  diane, seventeen, gasai
[ 689/700 ] LOSS   17 turns   gray, yubel, horohoro  vs  myotismon, sasuke, esdeath
[ 690/700 ] WIN    22 turns   gray, nonon, ganta  vs  diane, omnimon, horohoro
Applying bleed effect! Checking special code
Applying bleed effect! Checking special code
[ 691/700 ] WIN    14 turns   gray, denji, jinwoo  vs  tsubaki, vegeta, tsuyu
[ 692/700 ] WIN    15 turns   gray, ladydevimon, touka  vs  noelle, aang, mash
Applying bleed effect! Checking special code
Applying bleed effect! Checking special code
Applying bleed effect! Checking special code
Applying bleed effect! Checking special code
Applying bleed effect! Checking special code
[ 693/700 ] WIN    34 turns   gray, toga, nel  vs  crona, inosuke, marco
Applying bleed effect! Checking special code
[ 694/700 ] LOSS   20 turns   gray, power, koro  vs  kuroko, akame, touka
Applying bleed effect! Checking special code
Applying bleed effect! Checking special code
[ 695/700 ] WIN    19 turns   gray, venus, blackstar  vs  cell, power, tsubaki
[ 696/700 ] LOSS   19 turns   gray, korra, mikasa  vs  toji, jack, alphamon
[ 697/700 ] WIN    16 turns   gray, alphonse, gon  vs  myotismon, ladydevimon, mercury
[ 698/700 ] LOSS   19 turns   gray, goku, myotismon  vs  natsu, allmight, megumin
[ 699/700 ] WIN    18 turns   gray, gohan, lyserg  vs  goku, jesse, jupiter
[ 700/700 ] LOSS   30 turns   gray, gohan, levi  vs  touka, cell, halibel
=== TRAINER RUN COMPLETE ===
Matches: 700   W: 465   L: 235   D: 0   Win: 66.4%   (opponent: self)
Policy saved to res://training/checkpoints/focus_gray/w4.json  (generation 5, trained_matches 10700)
