Godot Engine v4.6.2.stable.official.71f334935 - https://godotengine.org

[trainer] seed=61003 matches=700 opponent=self eval=false out=res://training/checkpoints/focus_aiohto/w3.json checkpoint=res://training/checkpoints/focused_current.json
[authored] loaded 1 authored character(s)
[   1/700 ] WIN    26 turns   aiohto, lyserg, toji  vs  sukuna, muichiro, ban
[   2/700 ] LOSS   47 turns   aiohto, xanxus, cell  vs  eren, zoro, tsuyu
[   3/700 ] WIN    21 turns   aiohto, gon, adam  vs  goku, uzui, tsubaki
[   4/700 ] LOSS   18 turns   aiohto, crona, gohan  vs  misaka, gallantmon, yubel
[   5/700 ] WIN    13 turns   aiohto, allmight, cooler  vs  pegasus, power, inuyasha
[   6/700 ] LOSS   25 turns   aiohto, gojo, nezuko  vs  allmight, ryuko, genos
[   7/700 ] LOSS   19 turns   aiohto, midoriya, gojo  vs  natsu, ban, alphamon
[   8/700 ] LOSS   14 turns   aiohto, cooler, death  vs  jack, marco, natsu
Applying bleed effect! Checking special code
Applying bleed effect! Checking special code
Applying bleed effect! Checking special code
[   9/700 ] WIN    21 turns   aiohto, ken, xanxus  vs  ban, arthur, sukuna
Applying bleed effect! Checking special code
Applying bleed effect! Checking special code
Applying bleed effect! Checking special code
[  10/700 ] LOSS   24 turns   aiohto, uranus, power  vs  toga, gilgamesh, nobara
[  11/700 ] LOSS   41 turns   aiohto, rob, tsubasa  vs  myotismon, saitama, gilgamesh
[  12/700 ] WIN    15 turns   aiohto, esdeath, gasai  vs  toga, machinedramon, yubel
[  13/700 ] LOSS   16 turns   aiohto, lyserg, shokuhou  vs  shinra, sasuke, satsuki
[  14/700 ] LOSS   27 turns   aiohto, tsuyu, uzui  vs  neferpitou, muichiro, orihime
[  15/700 ] LOSS   51 turns   aiohto, kaiba, halibel  vs  frieren, edward, uranus
[  16/700 ] WIN    23 turns   aiohto, hinata, mercury  vs  killua, kitara, toudou
[  17/700 ] WIN    23 turns   aiohto, boruto, blackwargreymon  vs  tatsumi, jesse, king
[  18/700 ] LOSS   17 turns   aiohto, tsubasa, goku  vs  kaiba, jack, mash
[  19/700 ] WIN    14 turns   aiohto, bakugo, nel  vs  yamamoto, gatomon, kurotsuchi
[  20/700 ] WIN    25 turns   aiohto, gasai, todoroki  vs  gojo, mami, power
[  21/700 ] WIN    21 turns   aiohto, blackwargreymon, gunha  vs  tamaki, genos, zoro
[  22/700 ] LOSS   18 turns   aiohto, hawkmon, toudou  vs  yuji, adam, sakura
Applying bleed effect! Checking special code
Applying bleed effect! Checking special code
Applying bleed effect! Checking special code
Applying bleed effect! Checking special code
Applying bleed effect! Checking special code
[  23/700 ] WIN    34 turns   aiohto, denji, kurapika  vs  inosuke, sakura, saturn
[  24/700 ] WIN    38 turns   aiohto, mash, zoro  vs  jupiter, maka, orihime
Applying bleed effect! Checking special code
[  25/700 ] LOSS   19 turns   aiohto, jeanne, gohan  vs  jinwoo, aang, diane
[  26/700 ] WIN    20 turns   aiohto, shinra, muichiro  vs  satsuki, mikasa, hawkmon
Applying bleed effect! Checking special code
Applying bleed effect! Checking special code
Applying bleed effect! Checking special code
[  27/700 ] LOSS   20 turns   aiohto, astolfo, denji  vs  madoka, levi, blackstar
[  28/700 ] WIN    20 turns   aiohto, shiro, sakura  vs  frankenstein, horohoro, yugi
[  29/700 ] WIN    37 turns   aiohto, mars, arthur  vs  jesse, astolfo, erza
[  30/700 ] WIN    28 turns   aiohto, emiyaarcher, aang  vs  misaka, gasai, megumi
[  31/700 ] WIN    24 turns   aiohto, rimuru, soul  vs  ryuko, horohoro, madoka
[  32/700 ] LOSS   24 turns   aiohto, toga, broly  vs  jack, usopp, naruto
Applying bleed effect! Checking special code
Applying bleed effect! Checking special code
Applying bleed effect! Checking special code
Applying bleed effect! Checking special code
[  33/700 ] WIN    21 turns   aiohto, lizandpatty, xanxus  vs  ken, jesse, soul
[  34/700 ] LOSS   17 turns   aiohto, shinra, ryohei  vs  jaden, gilgamesh, saitama
[  35/700 ] LOSS   26 turns   aiohto, ryuko, toudou  vs  rob, ryohei, ichigo
Applying bleed effect! Checking special code
[  36/700 ] WIN    33 turns   aiohto, shinoa, power  vs  kitara, misaka, minene
[  37/700 ] WIN    23 turns   aiohto, aang, kuroko  vs  semiramis, mercury, orihime
Yubel's S1 Triggered!
[  38/700 ] WIN    20 turns   aiohto, halibel, shinoa  vs  yubel, tatsumaki, asta
Applying bleed effect! Checking special code
Applying bleed effect! Checking special code
Applying bleed effect! Checking special code
Applying bleed effect! Checking special code
Applying bleed effect! Checking special code
[  39/700 ] WIN    26 turns   aiohto, ryohei, power  vs  shokuhou, marco, usopp
[  40/700 ] WIN    31 turns   aiohto, tatsumi, touka  vs  inosuke, emiyaarcher, alphamon
Applying bleed effect! Checking special code
Applying bleed effect! Checking special code
[  41/700 ] WIN    26 turns   aiohto, chrome, muichiro  vs  rakko, korra, nel
[  42/700 ] WIN    22 turns   aiohto, gon, semiramis  vs  sukuna, uraraka, edward
[  43/700 ] WIN    17 turns   aiohto, gunha, goku  vs  esdeath, sukuna, nobara
[  44/700 ] LOSS   19 turns   aiohto, gon, tsubasa  vs  frankenstein, jupiter, allmight
[  45/700 ] WIN    18 turns   aiohto, frankenstein, gohan  vs  blackstar, death, gallantmon
[  46/700 ] WIN    17 turns   aiohto, usopp, ladydevimon  vs  sasuke, hibari, power
[  47/700 ] LOSS   20 turns   aiohto, nimaiya, mikasa  vs  squalo, madoka, zoro
[  48/700 ] WIN    29 turns   aiohto, emiya, eren  vs  orihime, gunha, gogeta
[  49/700 ] WIN    24 turns   aiohto, denji, yugi  vs  kid, xanxus, jack
[  50/700 ] LOSS   28 turns   aiohto, sheele, tsubaki  vs  lizandpatty, jaden, emiyaarcher
[  51/700 ] LOSS   25 turns   aiohto, jinwoo, uzui  vs  eren, kitara, mikasa
[  52/700 ] WIN    30 turns   aiohto, jaden, frieren  vs  tsuyu, yuji, shinoa
[  53/700 ] WIN    14 turns   aiohto, broly, hisoka  vs  genos, uraraka, sukuna
[  54/700 ] LOSS   25 turns   aiohto, yuno, ladydevimon  vs  sakura, horohoro, nagisa
[  55/700 ] LOSS   23 turns   aiohto, venus, zenitsu  vs  gray, chrome, marco
[  56/700 ] LOSS   20 turns   aiohto, shokuhou, kurapika  vs  uraraka, touka, crona
[  57/700 ] WIN    18 turns   aiohto, kitara, frieren  vs  zenitsu, killua, toga
[  58/700 ] WIN    27 turns   aiohto, noelle, kitara  vs  nonon, blackwargreymon, toga
[  59/700 ] WIN    16 turns   aiohto, asta, tamaki  vs  sasuke, shiro, gallantmon
[  60/700 ] LOSS   20 turns   aiohto, jinwoo, jeanne  vs  frankenstein, yuji, kaiba
Applying bleed effect! Checking special code
Applying bleed effect! Checking special code
Applying bleed effect! Checking special code
Applying bleed effect! Checking special code
Applying bleed effect! Checking special code
[  61/700 ] LOSS   30 turns   aiohto, yuji, venus  vs  denji, lizandpatty, korra
Applying bleed effect! Checking special code
[  62/700 ] LOSS   28 turns   aiohto, ichigo, gatomon  vs  erza, satsuki, denji
[  63/700 ] WIN    22 turns   aiohto, gohan, gon  vs  gatomon, esdeath, machinedramon
[  64/700 ] WIN    25 turns   aiohto, satsuki, sheele  vs  byakuya, pegasus, gojo
[  65/700 ] WIN    27 turns   aiohto, noelle, yoh  vs  jeanne, nagisa, muichiro
[  66/700 ] LOSS   20 turns   aiohto, sasuke, erza  vs  arthur, tatsumi, vegeta
[  67/700 ] WIN    20 turns   aiohto, midoriya, muichiro  vs  hawkmon, tsunayoshi, soul
[  68/700 ] WIN    19 turns   aiohto, vegeta, rakko  vs  machinedramon, kurapika, levi
[  69/700 ] WIN    24 turns   aiohto, toga, renamon  vs  jack, ryohei, mercury
[  70/700 ] LOSS   25 turns   aiohto, gogeta, sakura  vs  satsuki, omnimon, akame
[  71/700 ] LOSS   13 turns   aiohto, todoroki, shiro  vs  nonon, esdeath, tsubaki
[  72/700 ] LOSS   15 turns   aiohto, toph, minene  vs  kid, uranus, lizandpatty
[  73/700 ] LOSS   27 turns   aiohto, luffy, alphonse  vs  chrome, gallantmon, renamon
[  74/700 ] LOSS   24 turns   aiohto, kaiba, bakugo  vs  tatsumaki, saturn, gunha
[  75/700 ] WIN    21 turns   aiohto, mars, vegeta  vs  frieren, cell, edward
Applying bleed effect! Checking special code
Applying bleed effect! Checking special code
Applying bleed effect! Checking special code
Applying bleed effect! Checking special code
Applying bleed effect! Checking special code
Applying bleed effect! Checking special code
[  76/700 ] WIN    16 turns   aiohto, aang, tamaki  vs  sheele, pegasus, ken
[  77/700 ] WIN    21 turns   aiohto, venus, kid  vs  soul, saturn, koro
[  78/700 ] WIN    20 turns   aiohto, meliodas, horohoro  vs  blackstar, gojo, venus
[  79/700 ] LOSS   19 turns   aiohto, uranus, nonon  vs  ladydevimon, madoka, sakura
[  80/700 ] WIN    18 turns   aiohto, ladydevimon, jesse  vs  omnimon, crona, sakura
[  81/700 ] WIN    24 turns   aiohto, myotismon, cell  vs  venus, nonon, sheele
[  82/700 ] WIN    30 turns   aiohto, nobara, mavis  vs  eren, adam, alphamon
[  83/700 ] WIN    16 turns   aiohto, usopp, naruto  vs  rob, yamamoto, blackwargreymon
[  84/700 ] LOSS   25 turns   aiohto, akame, halibel  vs  crona, zenitsu, tanjiro
[  85/700 ] LOSS   20 turns   aiohto, cooler, lyserg  vs  gray, marco, veldora
[  86/700 ] WIN    32 turns   aiohto, megumi, kurotsuchi  vs  tatsumi, horohoro, toga
Yubel's S1 Triggered!
[  87/700 ] LOSS   21 turns   aiohto, yubel, akame  vs  death, edward, jinwoo
[  88/700 ] WIN    11 turns   aiohto, gatomon, squalo  vs  sheele, frankenstein, touka
[  89/700 ] WIN    35 turns   aiohto, gallantmon, nagisa  vs  shiro, nonon, myotismon
[  90/700 ] LOSS   13 turns   aiohto, akame, yamamoto  vs  xanxus, bakugo, erza
Applying bleed effect! Checking special code
Applying bleed effect! Checking special code
Applying bleed effect! Checking special code
Applying bleed effect! Checking special code
Applying bleed effect! Checking special code
[  91/700 ] LOSS   32 turns   aiohto, rimuru, eren  vs  frankenstein, power, tokoyami
[  92/700 ] WIN    21 turns   aiohto, madoka, aang  vs  jesse, nezuko, yugi
[  93/700 ] LOSS   14 turns   aiohto, sakura, akame  vs  sheele, lyserg, yuno
[  94/700 ] LOSS   16 turns   aiohto, frankenstein, lyserg  vs  myotismon, mikasa, nimaiya
Applying bleed effect! Checking special code
[  95/700 ] LOSS   21 turns   aiohto, todoroki, korra  vs  kaiba, power, marco
Applying bleed effect! Checking special code
Applying bleed effect! Checking special code
Applying bleed effect! Checking special code
Applying bleed effect! Checking special code
Applying bleed effect! Checking special code
Applying bleed effect! Checking special code
Applying bleed effect! Checking special code
Applying bleed effect! Checking special code
Applying bleed effect! Checking special code
Applying bleed effect! Checking special code
[  96/700 ] LOSS   26 turns   aiohto, chrome, halibel  vs  king, gasai, vegeta
[  97/700 ] WIN    20 turns   aiohto, jack, nagisa  vs  seventeen, toph, ryuko
[  98/700 ] LOSS   20 turns   aiohto, usopp, gallantmon  vs  squalo, maka, nimaiya
[  99/700 ] LOSS   20 turns   aiohto, eren, allmight  vs  gasai, aang, yuno
[ 100/700 ] LOSS   19 turns   aiohto, sheele, sasuke  vs  kid, gohan, megumin
[ 101/700 ] LOSS   22 turns   aiohto, genos, midoriya  vs  yubel, cooler, tamaki
[ 102/700 ] WIN    24 turns   aiohto, venus, cell  vs  gogeta, soul, alphamon
[ 103/700 ] WIN    14 turns   aiohto, eren, alphamon  vs  minene, veldora, yubel
Yubel's S1 Triggered!
Yubel's S1 Triggered!
Applying bleed effect! Checking special code
Applying bleed effect! Checking special code
[ 104/700 ] LOSS   20 turns   aiohto, kaiba, power  vs  yubel, sheele, sukuna
Applying bleed effect! Checking special code
Applying bleed effect! Checking special code
Applying bleed effect! Checking special code
[ 105/700 ] WIN    18 turns   aiohto, rimuru, satsuki  vs  yugi, shokuhou, rengoku
[ 106/700 ] WIN    20 turns   aiohto, gallantmon, kaiba  vs  mikasa, gray, jesse
[ 107/700 ] WIN    16 turns   aiohto, kitara, diane  vs  jeanne, ace, allmight
[ 108/700 ] WIN    23 turns   aiohto, semiramis, seventeen  vs  meliodas, sakura, lucy
Applying bleed effect! Checking special code
Applying bleed effect! Checking special code
[ 109/700 ] WIN    23 turns   aiohto, power, shinra  vs  rob, horohoro, soul
[ 110/700 ] WIN    16 turns   aiohto, ryohei, shinra  vs  allmight, tsuyu, megumi
[ 111/700 ] LOSS   23 turns   aiohto, tanjiro, impmon  vs  sheele, jeanne, sukuna
[ 112/700 ] LOSS   18 turns   aiohto, renamon, ichigo  vs  levi, horohoro, tsubasa
[ 113/700 ] WIN    20 turns   aiohto, eren, lizandpatty  vs  cooler, shokuhou, adam
[ 114/700 ] LOSS   41 turns   aiohto, ganta, ichigo  vs  chrome, kid, naruto
[ 115/700 ] LOSS   24 turns   aiohto, kid, yoh  vs  inuyasha, nagisa, edward
[ 116/700 ] LOSS   15 turns   aiohto, midoriya, tatsumaki  vs  asta, marco, nonon
[ 117/700 ] WIN    21 turns   aiohto, ichigo, lyserg  vs  jinwoo, luffy, emiyaarcher
[ 118/700 ] WIN    22 turns   aiohto, lucy, erza  vs  korra, marco, yoh
[ 119/700 ] WIN    29 turns   aiohto, sasuke, orihime  vs  broly, satsuki, omnimon
[ 120/700 ] WIN    15 turns   aiohto, boruto, meliodas  vs  crona, jack, ban
[ 121/700 ] WIN    26 turns   aiohto, sayaka, ryohei  vs  hinata, shiro, mars
[ 122/700 ] WIN    27 turns   aiohto, ichibe, tokoyami  vs  sayaka, jeanne, sheele
[ 123/700 ] WIN    18 turns   aiohto, seventeen, mars  vs  gasai, usopp, shokuhou
[ 124/700 ] LOSS   18 turns   aiohto, death, kuroko  vs  cooler, shiro, gunha
[ 125/700 ] WIN    27 turns   aiohto, crona, power  vs  tatsumaki, toji, natsu
[ 126/700 ] WIN    38 turns   aiohto, inuyasha, hinata  vs  adam, chrome, hisoka
[ 127/700 ] LOSS   30 turns   aiohto, rob, horohoro  vs  toudou, emiyaarcher, gallantmon
[ 128/700 ] LOSS   29 turns   aiohto, itachi, zenitsu  vs  boruto, arthur, misaka
[ 129/700 ] WIN    14 turns   aiohto, halibel, chrome  vs  tsubaki, korra, kid
[ 130/700 ] LOSS   19 turns   aiohto, crona, tsuyu  vs  shinra, hinata, machinedramon
[ 131/700 ] WIN    17 turns   aiohto, hashirama, chrome  vs  gogeta, hinata, alphonse
[ 132/700 ] WIN    32 turns   aiohto, vegeta, myotismon  vs  chrome, emiyaarcher, alphamon
[ 133/700 ] LOSS   21 turns   aiohto, hisoka, emiyaarcher  vs  zenitsu, mars, sayaka
[ 134/700 ] WIN    26 turns   aiohto, yugi, jaden  vs  kid, halibel, emiya
[ 135/700 ] LOSS   26 turns   aiohto, ganta, tsunayoshi  vs  alphonse, omnimon, yubel
[ 136/700 ] WIN    17 turns   aiohto, emiyaarcher, gray  vs  nonon, allmight, mercury
Applying bleed effect! Checking special code
[ 137/700 ] WIN    19 turns   aiohto, aang, tatsumaki  vs  cell, inosuke, gray
[ 138/700 ] LOSS   28 turns   aiohto, astolfo, gojo  vs  blackstar, gon, korra
[ 139/700 ] WIN    22 turns   aiohto, misaka, byakuya  vs  gohan, alphonse, eren
[ 140/700 ] WIN    18 turns   aiohto, saitama, maka  vs  lyserg, akame, erza
[ 141/700 ] LOSS   22 turns   aiohto, allmight, tsubasa  vs  adam, kuroko, emiya
[ 142/700 ] WIN    29 turns   aiohto, mikasa, yamamoto  vs  gray, toph, jack
[ 143/700 ] WIN    20 turns   aiohto, yugi, naruto  vs  yubel, mash, mine
[ 144/700 ] WIN    36 turns   aiohto, mavis, saturn  vs  tokoyami, uzui, mine
[ 145/700 ] LOSS   12 turns   aiohto, inosuke, emiya  vs  mavis, rimuru, koro
[ 146/700 ] WIN    29 turns   aiohto, kurapika, adam  vs  toga, toph, naruto
[ 147/700 ] LOSS   24 turns   aiohto, mami, shokuhou  vs  nezuko, impmon, pegasus
[ 148/700 ] LOSS   16 turns   aiohto, alphamon, lizandpatty  vs  kuroko, gatomon, seventeen
[ 149/700 ] WIN    16 turns   aiohto, jack, misaka  vs  kuroko, gatomon, akame
[ 150/700 ] WIN    28 turns   aiohto, megumin, astolfo  vs  myotismon, denji, kuroko
[ 151/700 ] LOSS   16 turns   aiohto, zoro, toph  vs  madoka, muichiro, ryuko
[ 152/700 ] LOSS   18 turns   aiohto, zoro, lyserg  vs  byakuya, uranus, shinoa
[ 153/700 ] WIN    24 turns   aiohto, gray, vegeta  vs  tsubaki, tanjiro, erza
[ 154/700 ] WIN    27 turns   aiohto, shinra, jesse  vs  hawkmon, zoro, todoroki
[ 155/700 ] WIN    23 turns   aiohto, jinwoo, ichibe  vs  kurotsuchi, sakura, inuyasha
[ 156/700 ] LOSS   19 turns   aiohto, hawkmon, ryohei  vs  marco, satsuki, nonon
[ 157/700 ] WIN    14 turns   aiohto, tokoyami, soul  vs  akame, hinata, goku
[ 158/700 ] WIN    33 turns   aiohto, impmon, denji  vs  naruto, death, sakura
[ 159/700 ] LOSS   32 turns   aiohto, nonon, kuroko  vs  killua, veldora, marco
[ 160/700 ] LOSS   31 turns   aiohto, aang, sakura  vs  marco, tokoyami, mami
[ 161/700 ] WIN    19 turns   aiohto, hawkmon, koro  vs  kurotsuchi, gojo, gogeta
[ 162/700 ] WIN    14 turns   aiohto, toji, yugi  vs  tokoyami, ganta, shinoa
[ 163/700 ] WIN    15 turns   aiohto, toga, gilgamesh  vs  hawkmon, xanxus, astolfo
[ 164/700 ] WIN    26 turns   aiohto, jinwoo, maka  vs  crona, genos, tsubasa
[ 165/700 ] WIN    20 turns   aiohto, mikasa, saitama  vs  alphamon, kurapika, adam
Applying bleed effect! Checking special code
Applying bleed effect! Checking special code
[ 166/700 ] WIN    21 turns   aiohto, alphonse, tanjiro  vs  hinata, power, toga
[ 167/700 ] WIN    18 turns   aiohto, kid, emiya  vs  lyserg, jupiter, jeanne
[ 168/700 ] WIN    24 turns   aiohto, shinoa, halibel  vs  xanxus, jinwoo, omnimon
Applying bleed effect! Checking special code
Applying bleed effect! Checking special code
[ 169/700 ] WIN    22 turns   aiohto, luffy, ichibe  vs  natsu, ken, zoro
[ 170/700 ] WIN    29 turns   aiohto, lucy, neferpitou  vs  tsuyu, luffy, tsubasa
[ 171/700 ] WIN    30 turns   aiohto, ban, yubel  vs  lizandpatty, kurotsuchi, tatsumi
[ 172/700 ] WIN    32 turns   aiohto, saitama, gon  vs  todoroki, machinedramon, tsubaki
[ 173/700 ] WIN    21 turns   aiohto, arthur, chrome  vs  midoriya, kitara, squalo
[ 174/700 ] LOSS   18 turns   aiohto, asta, emiyaarcher  vs  astolfo, zoro, sayaka
[ 175/700 ] WIN    32 turns   aiohto, sasuke, blackstar  vs  adam, gohan, cell
[ 176/700 ] LOSS   17 turns   aiohto, marco, kaiba  vs  hibari, todoroki, squalo
[ 177/700 ] WIN    21 turns   aiohto, tsunayoshi, byakuya  vs  boruto, yugi, myotismon
[ 178/700 ] WIN    40 turns   aiohto, orihime, kaiba  vs  emiyaarcher, bakugo, mine
[ 179/700 ] LOSS   18 turns   aiohto, nel, frieren  vs  lizandpatty, todoroki, tsuyu
[ 180/700 ] WIN    18 turns   aiohto, naruto, pegasus  vs  goku, muichiro, tatsumaki
[ 181/700 ] WIN    22 turns   aiohto, nagisa, naruto  vs  gon, veldora, kitara
[ 182/700 ] LOSS   22 turns   aiohto, tsubasa, korra  vs  hisoka, kurapika, myotismon
Applying bleed effect! Checking special code
[ 183/700 ] WIN    40 turns   aiohto, ichigo, mikasa  vs  rengoku, tanjiro, toudou
[ 184/700 ] WIN    22 turns   aiohto, myotismon, jupiter  vs  gohan, tsunayoshi, gilgamesh
[ 185/700 ] WIN    17 turns   aiohto, lucy, blackwargreymon  vs  korra, ryuko, yubel
[ 186/700 ] WIN    18 turns   aiohto, soul, astolfo  vs  jaden, nezuko, renamon
[ 187/700 ] LOSS   22 turns   aiohto, megumi, megumin  vs  marco, uraraka, erza
[ 188/700 ] WIN    21 turns   aiohto, lucy, halibel  vs  uzui, inuyasha, myotismon
[ 189/700 ] WIN    56 turns   aiohto, venus, natsu  vs  sasuke, toudou, blackwargreymon
[ 190/700 ] WIN    21 turns   aiohto, crona, veldora  vs  death, renamon, orihime
[ 191/700 ] WIN    20 turns   aiohto, ichibe, meliodas  vs  seventeen, gohan, crona
[ 192/700 ] LOSS   12 turns   aiohto, yoh, inuyasha  vs  jupiter, frankenstein, frieren
[ 193/700 ] LOSS   17 turns   aiohto, zenitsu, hisoka  vs  goku, saturn, ichigo
[ 194/700 ] LOSS   46 turns   aiohto, kitara, saber  vs  toudou, sakura, uraraka
[ 195/700 ] LOSS   31 turns   aiohto, nezuko, luffy  vs  erza, tsubaki, chrome
[ 196/700 ] WIN    24 turns   aiohto, omnimon, itachi  vs  gilgamesh, kuroko, kid
[ 197/700 ] LOSS   16 turns   aiohto, bakugo, kitara  vs  megumi, esdeath, shinoa
Applying bleed effect! Checking special code
Applying bleed effect! Checking special code
[ 198/700 ] WIN    17 turns   aiohto, esdeath, rakko  vs  mami, omnimon, ichibe
[ 199/700 ] WIN    18 turns   aiohto, blackstar, eren  vs  sukuna, frieren, natsu
[ 200/700 ] LOSS   23 turns   aiohto, uzui, rob  vs  shokuhou, mine, marco
[ 201/700 ] WIN    29 turns   aiohto, killua, pegasus  vs  jupiter, sakura, gallantmon
[ 202/700 ] WIN    17 turns   aiohto, ichigo, neferpitou  vs  levi, sakura, orihime
[ 203/700 ] WIN    20 turns   aiohto, nezuko, usopp  vs  megumin, xanxus, nonon
[ 204/700 ] WIN    10 turns   aiohto, astolfo, mash  vs  tatsumi, hawkmon, uzui
Applying bleed effect! Checking special code
Applying bleed effect! Checking special code
Applying bleed effect! Checking special code
[ 205/700 ] LOSS   31 turns   aiohto, inosuke, ken  vs  saturn, kurapika, meliodas
[ 206/700 ] WIN    17 turns   aiohto, gasai, tamaki  vs  gatomon, pegasus, soul
[ 207/700 ] WIN    28 turns   aiohto, lucy, gunha  vs  blackstar, orihime, tsunayoshi
[ 208/700 ] WIN    23 turns   aiohto, saitama, goku  vs  cooler, pegasus, semiramis
[ 209/700 ] WIN    18 turns   aiohto, gilgamesh, cell  vs  toga, tanjiro, byakuya
[ 210/700 ] WIN    23 turns   aiohto, ace, saitama  vs  genos, yoh, nel
[ 211/700 ] WIN    12 turns   aiohto, soul, saturn  vs  tsunayoshi, goku, megumin
Applying bleed effect! Checking special code
Applying bleed effect! Checking special code
Applying bleed effect! Checking special code
Applying bleed effect! Checking special code
Applying bleed effect! Checking special code
[ 212/700 ] LOSS   19 turns   aiohto, kurapika, denji  vs  genos, megumi, rakko
[ 213/700 ] WIN    23 turns   aiohto, blackwargreymon, jinwoo  vs  mami, akame, emiya
Applying bleed effect! Checking special code
[ 214/700 ] LOSS   23 turns   aiohto, toji, shokuhou  vs  zoro, emiyaarcher, power
[ 215/700 ] WIN    16 turns   aiohto, kurotsuchi, nel  vs  tanjiro, shinoa, jeanne
Applying bleed effect! Checking special code
Applying bleed effect! Checking special code
Applying bleed effect! Checking special code
Applying bleed effect! Checking special code
Applying bleed effect! Checking special code
[ 216/700 ] WIN    25 turns   aiohto, shinoa, emiya  vs  tokoyami, gray, rengoku
[ 217/700 ] LOSS   26 turns   aiohto, mash, blackstar  vs  tsubaki, lizandpatty, kaiba
[ 218/700 ] WIN    20 turns   aiohto, korra, gunha  vs  sukuna, zenitsu, neferpitou
[ 219/700 ] LOSS   27 turns   aiohto, mine, noelle  vs  gatomon, shinoa, megumi
[ 220/700 ] WIN    16 turns   aiohto, gunha, uzui  vs  denji, veldora, tsuyu
[ 221/700 ] WIN    37 turns   aiohto, tsubaki, gallantmon  vs  lyserg, nobara, ganta
[ 222/700 ] LOSS   20 turns   aiohto, cooler, natsu  vs  neferpitou, shinra, death
Applying bleed effect! Checking special code
Applying bleed effect! Checking special code
Applying bleed effect! Checking special code
Applying bleed effect! Checking special code
Applying bleed effect! Checking special code
Applying bleed effect! Checking special code
Applying bleed effect! Checking special code
Applying bleed effect! Checking special code
[ 223/700 ] LOSS   31 turns   aiohto, megumi, king  vs  tsubaki, nagisa, gohan
Applying bleed effect! Checking special code
Applying bleed effect! Checking special code
Applying bleed effect! Checking special code
Applying bleed effect! Checking special code
[ 224/700 ] LOSS   21 turns   aiohto, naruto, rimuru  vs  neferpitou, toph, denji
[ 225/700 ] LOSS   10 turns   aiohto, koro, halibel  vs  shinoa, mine, naruto
[ 226/700 ] LOSS   34 turns   aiohto, vegeta, toudou  vs  killua, shinra, tsunayoshi
[ 227/700 ] LOSS   15 turns   aiohto, kurotsuchi, halibel  vs  jinwoo, mavis, madoka
Applying bleed effect! Checking special code
Applying bleed effect! Checking special code
Applying bleed effect! Checking special code
Applying bleed effect! Checking special code
Applying bleed effect! Checking special code
Applying bleed effect! Checking special code
Applying bleed effect! Checking special code
Applying bleed effect! Checking special code
[ 228/700 ] LOSS   20 turns   aiohto, rengoku, diane  vs  ken, neferpitou, orihime
[ 229/700 ] LOSS   32 turns   aiohto, gray, shinoa  vs  muichiro, renamon, saitama
[ 230/700 ] LOSS   22 turns   aiohto, jeanne, sukuna  vs  uraraka, byakuya, marco
[ 231/700 ] LOSS   25 turns   aiohto, zoro, allmight  vs  toji, zenitsu, renamon
[ 232/700 ] WIN    28 turns   aiohto, alphamon, jupiter  vs  hashirama, megumin, ace
Applying bleed effect! Checking special code
Applying bleed effect! Checking special code
Applying bleed effect! Checking special code
Applying bleed effect! Checking special code
[ 233/700 ] LOSS   20 turns   aiohto, tsubasa, horohoro  vs  king, yamamoto, satsuki
Applying bleed effect! Checking special code
Applying bleed effect! Checking special code
Applying bleed effect! Checking special code
Applying bleed effect! Checking special code
Applying bleed effect! Checking special code
Applying bleed effect! Checking special code
Applying bleed effect! Checking special code
[ 234/700 ] LOSS   15 turns   aiohto, horohoro, jupiter  vs  meliodas, luffy, king
[ 235/700 ] LOSS   22 turns   aiohto, nonon, saber  vs  machinedramon, midoriya, eren
[ 236/700 ] WIN    23 turns   aiohto, vegeta, king  vs  yugi, tatsumi, byakuya
[ 237/700 ] WIN    22 turns   aiohto, mash, arthur  vs  ichigo, zoro, hashirama
Applying bleed effect! Checking special code
Applying bleed effect! Checking special code
[ 238/700 ] WIN    22 turns   aiohto, kuroko, neferpitou  vs  aang, cooler, rengoku
Applying bleed effect! Checking special code
Applying bleed effect! Checking special code
[ 239/700 ] LOSS   16 turns   aiohto, king, emiya  vs  maka, machinedramon, yuno
[ 240/700 ] LOSS   35 turns   aiohto, kitara, cell  vs  misaka, noelle, nel
[ 241/700 ] WIN    17 turns   aiohto, squalo, machinedramon  vs  cell, allmight, rimuru
[ 242/700 ] WIN    23 turns   aiohto, noelle, blackwargreymon  vs  crona, esdeath, tatsumaki
[ 243/700 ] WIN    24 turns   aiohto, tatsumi, arthur  vs  todoroki, marco, uranus
[ 244/700 ] WIN    29 turns   aiohto, bakugo, halibel  vs  nobara, itachi, crona
[ 245/700 ] WIN    43 turns   aiohto, astolfo, crona  vs  marco, ichigo, korra
[ 246/700 ] WIN    22 turns   aiohto, nel, gasai  vs  alphonse, minene, inuyasha
[ 247/700 ] LOSS   38 turns   aiohto, yuno, orihime  vs  jaden, toph, muichiro
[ 248/700 ] WIN    21 turns   aiohto, lyserg, gilgamesh  vs  gallantmon, nonon, minene
[ 249/700 ] WIN    64 turns   aiohto, zenitsu, natsu  vs  arthur, minene, mash
[ 250/700 ] WIN    18 turns   aiohto, asta, saturn  vs  ace, tsubasa, noelle
[ 251/700 ] WIN    19 turns   aiohto, madoka, frieren  vs  sakura, renamon, emiyaarcher
[ 252/700 ] WIN    37 turns   aiohto, itachi, horohoro  vs  jesse, arthur, seventeen
[ 253/700 ] WIN    16 turns   aiohto, megumin, killua  vs  tsubaki, jack, mash
[ 254/700 ] WIN    10 turns   aiohto, alphonse, madoka  vs  shokuhou, yoh, uzui
[ 255/700 ] LOSS   13 turns   aiohto, erza, myotismon  vs  sheele, gojo, venus
[ 256/700 ] LOSS   22 turns   aiohto, yamamoto, death  vs  boruto, jaden, madoka
[ 257/700 ] WIN    26 turns   aiohto, madoka, megumin  vs  semiramis, jack, veldora
Applying bleed effect! Checking special code
Applying bleed effect! Checking special code
Applying bleed effect! Checking special code
[ 258/700 ] LOSS   16 turns   aiohto, jack, itachi  vs  rakko, seventeen, madoka
[ 259/700 ] LOSS   16 turns   aiohto, gasai, maka  vs  goku, omnimon, asta
[ 260/700 ] WIN    22 turns   aiohto, tamaki, blackwargreymon  vs  jack, jinwoo, nobara
Applying bleed effect! Checking special code
Applying bleed effect! Checking special code
Applying bleed effect! Checking special code
Applying bleed effect! Checking special code
Applying bleed effect! Checking special code
Applying bleed effect! Checking special code
Applying bleed effect! Checking special code
Applying bleed effect! Checking special code
Applying bleed effect! Checking special code
Applying bleed effect! Checking special code
Applying bleed effect! Checking special code
Applying bleed effect! Checking special code
Applying bleed effect! Checking special code
[ 261/700 ] WIN    41 turns   aiohto, denji, king  vs  orihime, nel, rob
[ 262/700 ] WIN    28 turns   aiohto, myotismon, ichibe  vs  nagisa, koro, mars
[ 263/700 ] WIN    25 turns   aiohto, toudou, zoro  vs  muichiro, levi, megumin
[ 264/700 ] WIN    15 turns   aiohto, rob, jupiter  vs  noelle, nonon, shinra
[ 265/700 ] LOSS   21 turns   aiohto, kitara, allmight  vs  lyserg, nonon, ichibe
[ 266/700 ] WIN    15 turns   aiohto, mavis, killua  vs  shokuhou, tanjiro, impmon
Applying bleed effect! Checking special code
Applying bleed effect! Checking special code
Applying bleed effect! Checking special code
Applying bleed effect! Checking special code
Applying bleed effect! Checking special code
Applying bleed effect! Checking special code
Applying bleed effect! Checking special code
Applying bleed effect! Checking special code
Applying bleed effect! Checking special code
[ 267/700 ] LOSS   30 turns   aiohto, death, ken  vs  eren, arthur, adam
[ 268/700 ] WIN    31 turns   aiohto, halibel, ryohei  vs  vegeta, orihime, mikasa
Applying bleed effect! Checking special code
[ 269/700 ] LOSS   12 turns   aiohto, rimuru, rengoku  vs  ganta, megumi, neferpitou
[ 270/700 ] WIN    24 turns   aiohto, sayaka, hibari  vs  mine, yoh, gallantmon
[ 271/700 ] LOSS   17 turns   aiohto, shinoa, megumi  vs  gon, gojo, kuroko
[ 272/700 ] WIN    17 turns   aiohto, mine, gallantmon  vs  kid, halibel, tatsumi
[ 273/700 ] LOSS   11 turns   aiohto, astolfo, nimaiya  vs  mine, asta, jack
[ 274/700 ] WIN    31 turns   aiohto, mami, satsuki  vs  uzui, neferpitou, astolfo
[ 275/700 ] LOSS   33 turns   aiohto, broly, kurotsuchi  vs  toji, tanjiro, nagisa
[ 276/700 ] LOSS   16 turns   aiohto, goku, gilgamesh  vs  mavis, veldora, alphonse
[ 277/700 ] WIN    16 turns   aiohto, cooler, gon  vs  tamaki, itachi, inuyasha
[ 278/700 ] LOSS   23 turns   aiohto, omnimon, orihime  vs  hashirama, emiya, ryohei
[ 279/700 ] LOSS   15 turns   aiohto, sheele, nobara  vs  jack, halibel, natsu
Yubel's S1 Triggered!
[ 280/700 ] LOSS   19 turns   aiohto, nonon, tatsumi  vs  yubel, rimuru, seventeen
[ 281/700 ] WIN    16 turns   aiohto, gogeta, nimaiya  vs  akame, minene, zenitsu
Applying bleed effect! Checking special code
Applying bleed effect! Checking special code
[ 282/700 ] LOSS   22 turns   aiohto, yoh, noelle  vs  gunha, mami, denji
[ 283/700 ] LOSS   22 turns   aiohto, semiramis, sakura  vs  myotismon, gasai, chrome
[ 284/700 ] WIN    18 turns   aiohto, cell, gatomon  vs  mikasa, luffy, power
Applying bleed effect! Checking special code
Applying bleed effect! Checking special code
Applying bleed effect! Checking special code
[ 285/700 ] LOSS   17 turns   aiohto, power, toudou  vs  cooler, tsunayoshi, genos
[ 286/700 ] LOSS   27 turns   aiohto, myotismon, blackwargreymon  vs  eren, impmon, goku
[ 287/700 ] WIN    17 turns   aiohto, uraraka, esdeath  vs  jeanne, orihime, diane
[ 288/700 ] WIN    26 turns   aiohto, yuji, mikasa  vs  gogeta, asta, ryohei
[ 289/700 ] WIN    16 turns   aiohto, asta, ganta  vs  allmight, cooler, muichiro
[ 290/700 ] WIN    15 turns   aiohto, tsunayoshi, toji  vs  xanxus, sayaka, todoroki
Applying bleed effect! Checking special code
Applying bleed effect! Checking special code
Applying bleed effect! Checking special code
Applying bleed effect! Checking special code
Applying bleed effect! Checking special code
Applying bleed effect! Checking special code
Applying bleed effect! Checking special code
Applying bleed effect! Checking special code
[ 291/700 ] LOSS   18 turns   aiohto, rakko, inuyasha  vs  gilgamesh, denji, usopp
[ 292/700 ] LOSS   19 turns   aiohto, zenitsu, alphonse  vs  aang, gray, ryohei
Applying bleed effect! Checking special code
Applying bleed effect! Checking special code
Applying bleed effect! Checking special code
Applying bleed effect! Checking special code
Applying bleed effect! Checking special code
[ 293/700 ] WIN    18 turns   aiohto, sasuke, nezuko  vs  king, tanjiro, sheele
[ 294/700 ] LOSS   33 turns   aiohto, touka, yoh  vs  impmon, orihime, tatsumaki
[ 295/700 ] WIN    22 turns   aiohto, nagisa, marco  vs  toudou, boruto, nonon
[ 296/700 ] WIN    24 turns   aiohto, marco, tatsumi  vs  kid, toph, saber
[ 297/700 ] LOSS   21 turns   aiohto, ace, gogeta  vs  uzui, arthur, killua
[ 298/700 ] LOSS   18 turns   aiohto, tatsumaki, kaiba  vs  gasai, shiro, seventeen
[ 299/700 ] WIN    29 turns   aiohto, nonon, adam  vs  yamamoto, usopp, tsunayoshi
[ 300/700 ] WIN    24 turns   aiohto, lyserg, mavis  vs  luffy, lizandpatty, xanxus
[ 301/700 ] WIN    17 turns   aiohto, ichibe, neferpitou  vs  jack, edward, uzui
[ 302/700 ] WIN    24 turns   aiohto, tokoyami, chrome  vs  misaka, megumin, venus
[ 303/700 ] WIN    24 turns   aiohto, shinra, noelle  vs  ladydevimon, yamamoto, nezuko
Applying bleed effect! Checking special code
Applying bleed effect! Checking special code
Applying bleed effect! Checking special code
[ 304/700 ] LOSS   18 turns   aiohto, denji, jesse  vs  killua, gunha, touka
[ 305/700 ] WIN    20 turns   aiohto, kurapika, emiya  vs  noelle, rob, tamaki
[ 306/700 ] LOSS   18 turns   aiohto, gasai, seventeen  vs  eren, venus, alphonse
[ 307/700 ] WIN    18 turns   aiohto, mavis, lyserg  vs  goku, frieren, cooler
Applying bleed effect! Checking special code
[ 308/700 ] WIN    16 turns   aiohto, yubel, frieren  vs  saitama, inosuke, semiramis
[ 309/700 ] LOSS   14 turns   aiohto, shinoa, akame  vs  soul, seventeen, satsuki
[ 310/700 ] WIN    29 turns   aiohto, gogeta, tamaki  vs  naruto, midoriya, lyserg
[ 311/700 ] WIN    24 turns   aiohto, asta, mami  vs  midoriya, cell, ryohei
[ 312/700 ] LOSS   26 turns   aiohto, zenitsu, emiya  vs  nagisa, shinra, gon
[ 313/700 ] WIN    23 turns   aiohto, kurapika, neferpitou  vs  cooler, bakugo, usopp
[ 314/700 ] LOSS   34 turns   aiohto, jinwoo, emiyaarcher  vs  toph, sayaka, usopp
[ 315/700 ] LOSS   17 turns   aiohto, horohoro, soul  vs  kuroko, gallantmon, king
[ 316/700 ] WIN    22 turns   aiohto, tatsumaki, arthur  vs  gogeta, hawkmon, nel
[ 317/700 ] LOSS   23 turns   aiohto, ryohei, koro  vs  zenitsu, tanjiro, gilgamesh
[ 318/700 ] LOSS   46 turns   aiohto, gojo, toph  vs  toudou, gogeta, sakura
Applying bleed effect! Checking special code
[ 319/700 ] WIN    24 turns   aiohto, soul, chrome  vs  gon, diane, toudou
[ 320/700 ] WIN    38 turns   aiohto, meliodas, nezuko  vs  gatomon, kaiba, nagisa
Applying bleed effect! Checking special code
Applying bleed effect! Checking special code
Applying bleed effect! Checking special code
Applying bleed effect! Checking special code
Applying bleed effect! Checking special code
[ 321/700 ] WIN    16 turns   aiohto, blackstar, omnimon  vs  ken, toudou, mami
Applying bleed effect! Checking special code
Applying bleed effect! Checking special code
Applying bleed effect! Checking special code
[ 322/700 ] WIN    22 turns   aiohto, tatsumaki, genos  vs  jesse, gasai, power
Applying bleed effect! Checking special code
Applying bleed effect! Checking special code
[ 323/700 ] WIN    16 turns   aiohto, jupiter, nagisa  vs  denji, bakugo, saber
[ 324/700 ] WIN    15 turns   aiohto, mine, soul  vs  lizandpatty, touka, shinoa
[ 325/700 ] WIN    27 turns   aiohto, tsuyu, uraraka  vs  inosuke, edward, koro
[ 326/700 ] LOSS   14 turns   aiohto, mine, lizandpatty  vs  arthur, jupiter, aang
[ 327/700 ] LOSS   32 turns   aiohto, nezuko, gogeta  vs  omnimon, neferpitou, ganta
[ 328/700 ] WIN    23 turns   aiohto, jupiter, nagisa  vs  killua, gojo, emiyaarcher
[ 329/700 ] WIN    24 turns   aiohto, gon, genos  vs  toji, shiro, alphonse
[ 330/700 ] WIN    24 turns   aiohto, jaden, ban  vs  chrome, cell, shiro
[ 331/700 ] LOSS   27 turns   aiohto, impmon, cell  vs  yugi, mine, gallantmon
[ 332/700 ] WIN    15 turns   aiohto, megumin, touka  vs  itachi, inuyasha, mami
[ 333/700 ] WIN    27 turns   aiohto, veldora, muichiro  vs  lyserg, kitara, blackwargreymon
[ 334/700 ] LOSS   26 turns   aiohto, gogeta, midoriya  vs  emiyaarcher, itachi, mine
[ 335/700 ] LOSS   23 turns   aiohto, touka, muichiro  vs  blackwargreymon, uraraka, levi
[ 336/700 ] WIN    18 turns   aiohto, todoroki, yuji  vs  noelle, meliodas, uzui
Applying bleed effect! Checking special code
Applying bleed effect! Checking special code
Applying bleed effect! Checking special code
[ 337/700 ] WIN    23 turns   aiohto, boruto, hawkmon  vs  rengoku, sakura, rakko
[ 338/700 ] WIN    16 turns   aiohto, blackwargreymon, death  vs  kaiba, rengoku, usopp
[ 339/700 ] WIN    24 turns   aiohto, pegasus, shinra  vs  saturn, gilgamesh, horohoro
Applying bleed effect! Checking special code
[ 340/700 ] WIN    18 turns   aiohto, vegeta, omnimon  vs  myotismon, rakko, shinoa
[ 341/700 ] WIN    40 turns   aiohto, todoroki, toji  vs  edward, itachi, mami
[ 342/700 ] WIN    26 turns   aiohto, maka, halibel  vs  hawkmon, impmon, uzui
[ 343/700 ] WIN    16 turns   aiohto, ladydevimon, nezuko  vs  maka, myotismon, yuno
[ 344/700 ] WIN    15 turns   aiohto, shinra, machinedramon  vs  sakura, minene, kitara
[ 345/700 ] WIN    29 turns   aiohto, nagisa, megumi  vs  levi, mash, blackwargreymon
Applying bleed effect! Checking special code
[ 346/700 ] LOSS   35 turns   aiohto, touka, erza  vs  diane, esdeath, aang
Applying bleed effect! Checking special code
Applying bleed effect! Checking special code
Applying bleed effect! Checking special code
[ 347/700 ] WIN    26 turns   aiohto, nonon, hashirama  vs  rakko, ladydevimon, diane
[ 348/700 ] WIN    20 turns   aiohto, inuyasha, hibari  vs  sasuke, byakuya, kaiba
Applying bleed effect! Checking special code
Applying bleed effect! Checking special code
[ 349/700 ] WIN    20 turns   aiohto, jupiter, veldora  vs  inosuke, death, nobara
[ 350/700 ] LOSS   21 turns   aiohto, hisoka, jack  vs  midoriya, mavis, kuroko
Applying bleed effect! Checking special code
Applying bleed effect! Checking special code
Applying bleed effect! Checking special code
Applying bleed effect! Checking special code
Applying bleed effect! Checking special code
[ 351/700 ] LOSS   22 turns   aiohto, nimaiya, killua  vs  misaka, ken, lizandpatty
Applying bleed effect! Checking special code
Applying bleed effect! Checking special code
Applying bleed effect! Checking special code
[ 352/700 ] LOSS   25 turns   aiohto, astolfo, omnimon  vs  diane, ryohei, allmight
Yubel's S1 Triggered!
[ 353/700 ] LOSS   16 turns   aiohto, venus, hibari  vs  saitama, nagisa, yubel
[ 354/700 ] WIN    19 turns   aiohto, mavis, vegeta  vs  mars, tsunayoshi, nonon
[ 355/700 ] WIN    19 turns   aiohto, kitara, naruto  vs  byakuya, broly, jesse
[ 356/700 ] LOSS   19 turns   aiohto, ace, ryuko  vs  tsubasa, genos, misaka
[ 357/700 ] WIN    20 turns   aiohto, broly, tsubaki  vs  yuno, megumin, seventeen
[ 358/700 ] WIN    10 turns   aiohto, toph, sasuke  vs  frankenstein, halibel, todoroki
[ 359/700 ] WIN    17 turns   aiohto, squalo, jupiter  vs  omnimon, ichigo, kuroko
[ 360/700 ] WIN    17 turns   aiohto, squalo, lucy  vs  nobara, semiramis, ryuko
[ 361/700 ] LOSS   22 turns   aiohto, emiya, midoriya  vs  neferpitou, koro, luffy
[ 362/700 ] WIN    14 turns   aiohto, squalo, jack  vs  usopp, uzui, power
[ 363/700 ] WIN    16 turns   aiohto, soul, ladydevimon  vs  boruto, pegasus, gojo
Applying bleed effect! Checking special code
Applying bleed effect! Checking special code
[ 364/700 ] WIN    15 turns   aiohto, astolfo, satsuki  vs  veldora, rakko, tsubaki
[ 365/700 ] WIN    37 turns   aiohto, mercury, jupiter  vs  tokoyami, diane, gatomon
[ 366/700 ] WIN    15 turns   aiohto, frieren, jack  vs  sayaka, inuyasha, meliodas
[ 367/700 ] WIN    15 turns   aiohto, koro, broly  vs  gallantmon, allmight, emiya
[ 368/700 ] WIN    19 turns   aiohto, sayaka, broly  vs  jeanne, rengoku, jinwoo
[ 369/700 ] WIN    20 turns   aiohto, toudou, ryuko  vs  ganta, jinwoo, lizandpatty
[ 370/700 ] WIN    21 turns   aiohto, cooler, sheele  vs  megumi, xanxus, bakugo
Applying bleed effect! Checking special code
[ 371/700 ] WIN    25 turns   aiohto, yamamoto, rakko  vs  soul, nezuko, meliodas
[ 372/700 ] LOSS   18 turns   aiohto, tsubaki, cooler  vs  gohan, kurapika, tatsumi
Applying bleed effect! Checking special code
Applying bleed effect! Checking special code
Applying bleed effect! Checking special code
[ 373/700 ] WIN    35 turns   aiohto, ken, machinedramon  vs  frankenstein, itachi, nezuko
Applying bleed effect! Checking special code
Applying bleed effect! Checking special code
Applying bleed effect! Checking special code
Applying bleed effect! Checking special code
Applying bleed effect! Checking special code
Applying bleed effect! Checking special code
Applying bleed effect! Checking special code
Applying bleed effect! Checking special code
Applying bleed effect! Checking special code
Applying bleed effect! Checking special code
Applying bleed effect! Checking special code
[ 374/700 ] LOSS   23 turns   aiohto, gojo, myotismon  vs  adam, ganta, king
[ 375/700 ] LOSS   25 turns   aiohto, gojo, kid  vs  esdeath, megumi, xanxus
[ 376/700 ] LOSS   23 turns   aiohto, naruto, halibel  vs  astolfo, usopp, kaiba
[ 377/700 ] LOSS   15 turns   aiohto, jesse, allmight  vs  gallantmon, veldora, sayaka
Applying bleed effect! Checking special code
[ 378/700 ] LOSS   39 turns   aiohto, ichibe, blackstar  vs  denji, mars, boruto
[ 379/700 ] WIN    19 turns   aiohto, shinra, uraraka  vs  hawkmon, sayaka, sakura
[ 380/700 ] WIN    13 turns   aiohto, alphamon, esdeath  vs  nobara, megumi, bakugo
[ 381/700 ] WIN    16 turns   aiohto, asta, killua  vs  rimuru, xanxus, tanjiro
Applying bleed effect! Checking special code
Applying bleed effect! Checking special code
Applying bleed effect! Checking special code
Applying bleed effect! Checking special code
Applying bleed effect! Checking special code
Applying bleed effect! Checking special code
Applying bleed effect! Checking special code
[ 382/700 ] WIN    12 turns   aiohto, inosuke, ken  vs  vegeta, cooler, machinedramon
[ 383/700 ] WIN    15 turns   aiohto, ladydevimon, uzui  vs  mash, jinwoo, inuyasha
[ 384/700 ] WIN    26 turns   aiohto, tamaki, rengoku  vs  horohoro, hisoka, mine
Applying bleed effect! Checking special code
[ 385/700 ] WIN    28 turns   aiohto, diane, sasuke  vs  shiro, tatsumi, toji
[ 386/700 ] LOSS   19 turns   aiohto, akame, hinata  vs  luffy, mercury, emiya
[ 387/700 ] LOSS   12 turns   aiohto, inosuke, soul  vs  madoka, bakugo, marco
[ 388/700 ] WIN    28 turns   aiohto, tatsumaki, omnimon  vs  nimaiya, rob, tsubaki
[ 389/700 ] WIN    20 turns   aiohto, mine, vegeta  vs  tatsumi, diane, horohoro
[ 390/700 ] WIN    16 turns   aiohto, saturn, ban  vs  nobara, koro, megumin
[ 391/700 ] LOSS   23 turns   aiohto, misaka, ganta  vs  kuroko, emiya, gojo
[ 392/700 ] LOSS   14 turns   aiohto, usopp, machinedramon  vs  vegeta, alphamon, halibel
[ 393/700 ] LOSS   12 turns   aiohto, eren, ichibe  vs  madoka, toji, power
[ 394/700 ] WIN    18 turns   aiohto, satsuki, bakugo  vs  zenitsu, tokoyami, sayaka
[ 395/700 ] WIN    14 turns   aiohto, tamaki, mine  vs  tsuyu, ganta, akame
Applying bleed effect! Checking special code
Applying bleed effect! Checking special code
[ 396/700 ] WIN    19 turns   aiohto, jaden, byakuya  vs  mavis, hinata, denji
Applying bleed effect! Checking special code
Applying bleed effect! Checking special code
Applying bleed effect! Checking special code
Applying bleed effect! Checking special code
Applying bleed effect! Checking special code
[ 397/700 ] WIN    23 turns   aiohto, kitara, king  vs  kid, veldora, gohan
[ 398/700 ] LOSS   24 turns   aiohto, rimuru, impmon  vs  hinata, zoro, sakura
[ 399/700 ] WIN    20 turns   aiohto, edward, akame  vs  misaka, satsuki, rakko
[ 400/700 ] WIN    60 turns   aiohto, ryohei, minene  vs  lucy, tsubaki, meliodas
[ 401/700 ] LOSS   18 turns   aiohto, noelle, venus  vs  mine, alphonse, neferpitou
Applying bleed effect! Checking special code
Applying bleed effect! Checking special code
Applying bleed effect! Checking special code
[ 402/700 ] WIN    16 turns   aiohto, ganta, hinata  vs  rengoku, gatomon, allmight
[ 403/700 ] WIN    18 turns   aiohto, rengoku, mars  vs  gohan, jeanne, gatomon
[ 404/700 ] LOSS   24 turns   aiohto, yugi, soul  vs  hibari, nezuko, toga
Applying bleed effect! Checking special code
Applying bleed effect! Checking special code
Applying bleed effect! Checking special code
[ 405/700 ] WIN    33 turns   aiohto, rakko, tsunayoshi  vs  jesse, omnimon, jaden
[ 406/700 ] LOSS   16 turns   aiohto, ganta, frankenstein  vs  uraraka, alphamon, pegasus
[ 407/700 ] LOSS   10 turns   aiohto, nimaiya, gojo  vs  tsunayoshi, jeanne, touka
Applying bleed effect! Checking special code
Applying bleed effect! Checking special code
Applying bleed effect! Checking special code
Applying bleed effect! Checking special code
Applying bleed effect! Checking special code
Applying bleed effect! Checking special code
Applying bleed effect! Checking special code
[ 408/700 ] WIN    27 turns   aiohto, nimaiya, hibari  vs  king, kurotsuchi, madoka
Applying bleed effect! Checking special code
Applying bleed effect! Checking special code
Applying bleed effect! Checking special code
[ 409/700 ] WIN    19 turns   aiohto, muichiro, ichibe  vs  rengoku, shokuhou, uraraka
Applying bleed effect! Checking special code
Applying bleed effect! Checking special code
Applying bleed effect! Checking special code
Applying bleed effect! Checking special code
Applying bleed effect! Checking special code
Applying bleed effect! Checking special code
[ 410/700 ] WIN    20 turns   aiohto, korra, jaden  vs  king, mercury, lizandpatty
Applying bleed effect! Checking special code
Applying bleed effect! Checking special code
Applying bleed effect! Checking special code
Applying bleed effect! Checking special code
[ 411/700 ] WIN    19 turns   aiohto, esdeath, rengoku  vs  nonon, arthur, denji
[ 412/700 ] WIN    16 turns   aiohto, gon, luffy  vs  tsubasa, touka, tokoyami
[ 413/700 ] LOSS   23 turns   aiohto, rob, tatsumi  vs  toji, zenitsu, nezuko
[ 414/700 ] WIN    20 turns   aiohto, uzui, nezuko  vs  impmon, diane, yugi
Yubel's S1 Triggered!
[ 415/700 ] LOSS   20 turns   aiohto, yuji, yubel  vs  akame, mavis, kuroko
[ 416/700 ] LOSS   24 turns   aiohto, mercury, ryohei  vs  gray, lucy, nel
[ 417/700 ] WIN    25 turns   aiohto, tsubaki, shokuhou  vs  tatsumaki, mash, allmight
Applying bleed effect! Checking special code
Applying bleed effect! Checking special code
Applying bleed effect! Checking special code
Applying bleed effect! Checking special code
Applying bleed effect! Checking special code
[ 418/700 ] WIN    32 turns   aiohto, mami, death  vs  inosuke, denji, noelle
[ 419/700 ] WIN    20 turns   aiohto, saitama, sakura  vs  tsubasa, adam, todoroki
[ 420/700 ] WIN    20 turns   aiohto, gogeta, kurapika  vs  shinoa, pegasus, sheele
Applying bleed effect! Checking special code
Applying bleed effect! Checking special code
[ 421/700 ] WIN    14 turns   aiohto, mercury, saber  vs  megumin, mine, power
[ 422/700 ] LOSS   21 turns   aiohto, bakugo, ryuko  vs  frieren, halibel, gunha
[ 423/700 ] WIN    21 turns   aiohto, soul, broly  vs  tsunayoshi, muichiro, sayaka
[ 424/700 ] WIN    26 turns   aiohto, pegasus, akame  vs  bakugo, alphamon, diane
[ 425/700 ] WIN    12 turns   aiohto, yuno, meliodas  vs  adam, nonon, ichigo
Applying bleed effect! Checking special code
[ 426/700 ] LOSS   30 turns   aiohto, power, semiramis  vs  ichibe, hisoka, astolfo
[ 427/700 ] WIN    23 turns   aiohto, death, esdeath  vs  emiya, gallantmon, zoro
[ 428/700 ] LOSS   24 turns   aiohto, crona, goku  vs  jeanne, nobara, alphamon
[ 429/700 ] WIN    20 turns   aiohto, semiramis, mash  vs  jinwoo, saber, hawkmon
[ 430/700 ] LOSS   24 turns   aiohto, hinata, kid  vs  nagisa, marco, uraraka
[ 431/700 ] WIN    28 turns   aiohto, nobara, natsu  vs  yubel, lizandpatty, tsubaki
[ 432/700 ] WIN    26 turns   aiohto, toji, adam  vs  gasai, inuyasha, saber
Applying bleed effect! Checking special code
Applying bleed effect! Checking special code
Applying bleed effect! Checking special code
[ 433/700 ] WIN    20 turns   aiohto, renamon, korra  vs  jupiter, king, tsubasa
[ 434/700 ] LOSS   26 turns   aiohto, mine, maka  vs  yamamoto, omnimon, satsuki
Applying bleed effect! Checking special code
[ 435/700 ] WIN    21 turns   aiohto, orihime, kurotsuchi  vs  yugi, rakko, maka
Applying bleed effect! Checking special code
Applying bleed effect! Checking special code
Applying bleed effect! Checking special code
Applying bleed effect! Checking special code
Applying bleed effect! Checking special code
Applying bleed effect! Checking special code
[ 436/700 ] LOSS   19 turns   aiohto, tamaki, emiyaarcher  vs  ryohei, ken, astolfo
[ 437/700 ] WIN    39 turns   aiohto, kuroko, megumin  vs  shiro, hinata, yamamoto
[ 438/700 ] LOSS   26 turns   aiohto, yugi, nimaiya  vs  meliodas, minene, veldora
[ 439/700 ] WIN    25 turns   aiohto, toudou, tsubaki  vs  sasuke, rengoku, jeanne
[ 440/700 ] LOSS   17 turns   aiohto, mikasa, meliodas  vs  squalo, hibari, mine
[ 441/700 ] LOSS   13 turns   aiohto, levi, edward  vs  ladydevimon, tatsumaki, esdeath
[ 442/700 ] WIN   131 turns   aiohto, broly, chrome  vs  yamamoto, veldora, ban
Applying bleed effect! Checking special code
Applying bleed effect! Checking special code
Applying bleed effect! Checking special code
Applying bleed effect! Checking special code
[ 443/700 ] WIN    23 turns   aiohto, yubel, rengoku  vs  squalo, pegasus, hawkmon
[ 444/700 ] WIN    19 turns   aiohto, sasuke, mavis  vs  inuyasha, diane, todoroki
Applying bleed effect! Checking special code
Applying bleed effect! Checking special code
[ 445/700 ] LOSS   38 turns   aiohto, chrome, usopp  vs  hashirama, power, frieren
[ 446/700 ] LOSS   28 turns   aiohto, blackstar, gogeta  vs  adam, uraraka, goku
[ 447/700 ] WIN    22 turns   aiohto, broly, yamamoto  vs  mikasa, lyserg, koro
[ 448/700 ] WIN    16 turns   aiohto, kitara, todoroki  vs  allmight, akame, boruto
Yubel's S1 Triggered!
Yubel's S1 Triggered!
Yubel's S1 Triggered!
Yubel's S1 Triggered!
[ 449/700 ] WIN    30 turns   aiohto, ryohei, yubel  vs  yamamoto, semiramis, veldora
[ 450/700 ] WIN    30 turns   aiohto, tatsumi, chrome  vs  aang, cell, byakuya
[ 451/700 ] LOSS   17 turns   aiohto, mikasa, nonon  vs  allmight, alphonse, rimuru
[ 452/700 ] WIN    23 turns   aiohto, mikasa, ryohei  vs  lizandpatty, yoh, sasuke
[ 453/700 ] LOSS   25 turns   aiohto, gallantmon, orihime  vs  blackstar, crona, vegeta
[ 454/700 ] LOSS   39 turns   aiohto, megumin, saitama  vs  gogeta, itachi, naruto
[ 455/700 ] WIN    50 turns   aiohto, jinwoo, frieren  vs  yoh, gallantmon, tamaki
[ 456/700 ] WIN    28 turns   aiohto, frieren, orihime  vs  sukuna, rob, uzui
Applying bleed effect! Checking special code
[ 457/700 ] LOSS   18 turns   aiohto, gojo, broly  vs  diane, erza, uzui
[ 458/700 ] WIN    35 turns   aiohto, usopp, sayaka  vs  yugi, tokoyami, ichibe
[ 459/700 ] WIN    13 turns   aiohto, alphamon, saber  vs  tatsumaki, sasuke, jeanne
[ 460/700 ] WIN    26 turns   aiohto, myotismon, tsubasa  vs  uraraka, naruto, shiro
[ 461/700 ] WIN    22 turns   aiohto, sukuna, rob  vs  impmon, asta, usopp
Applying bleed effect! Checking special code
Applying bleed effect! Checking special code
Applying bleed effect! Checking special code
Applying bleed effect! Checking special code
Applying bleed effect! Checking special code
Applying bleed effect! Checking special code
[ 462/700 ] LOSS   32 turns   aiohto, power, gasai  vs  yamamoto, uzui, crona
[ 463/700 ] WIN    20 turns   aiohto, boruto, usopp  vs  byakuya, gogeta, zenitsu
[ 464/700 ] LOSS   30 turns   aiohto, satsuki, myotismon  vs  broly, sheele, cooler
[ 465/700 ] LOSS   36 turns   aiohto, halibel, astolfo  vs  soul, yugi, ichibe
[ 466/700 ] LOSS   19 turns   aiohto, cooler, lyserg  vs  lizandpatty, touka, kid
Applying bleed effect! Checking special code
[ 467/700 ] WIN    23 turns   aiohto, ichibe, aang  vs  yuji, king, shiro
[ 468/700 ] WIN    27 turns   aiohto, meliodas, veldora  vs  frankenstein, midoriya, tsuyu
[ 469/700 ] LOSS   33 turns   aiohto, allmight, gallantmon  vs  kaiba, natsu, alphonse
[ 470/700 ] LOSS   19 turns   aiohto, saitama, vegeta  vs  nimaiya, tamaki, gunha
[ 471/700 ] LOSS   33 turns   aiohto, ladydevimon, toji  vs  misaka, shinra, nagisa
[ 472/700 ] LOSS   15 turns   aiohto, hinata, venus  vs  uranus, impmon, nagisa
Applying bleed effect! Checking special code
Applying bleed effect! Checking special code
Applying bleed effect! Checking special code
Applying bleed effect! Checking special code
[ 473/700 ] LOSS   20 turns   aiohto, denji, rimuru  vs  sheele, gilgamesh, gojo
[ 474/700 ] WIN    16 turns   aiohto, luffy, gon  vs  seventeen, touka, tsubaki
[ 475/700 ] LOSS   16 turns   aiohto, neferpitou, mami  vs  bakugo, tsunayoshi, chrome
[ 476/700 ] LOSS   16 turns   aiohto, yubel, cell  vs  asta, luffy, nel
[ 477/700 ] LOSS   18 turns   aiohto, mami, jesse  vs  zenitsu, frieren, gunha
[ 478/700 ] LOSS   17 turns   aiohto, gojo, midoriya  vs  soul, mars, uranus
[ 479/700 ] WIN    17 turns   aiohto, gunha, kurapika  vs  chrome, pegasus, crona
Applying bleed effect! Checking special code
Applying bleed effect! Checking special code
Applying bleed effect! Checking special code
Applying bleed effect! Checking special code
Applying bleed effect! Checking special code
Applying bleed effect! Checking special code
Applying bleed effect! Checking special code
Applying bleed effect! Checking special code
[ 480/700 ] LOSS   18 turns   aiohto, lucy, ichigo  vs  rimuru, ken, uzui
[ 481/700 ] WIN    18 turns   aiohto, seventeen, tamaki  vs  gunha, omnimon, hinata
[ 482/700 ] WIN    18 turns   aiohto, toph, saturn  vs  misaka, luffy, tsunayoshi
[ 483/700 ] WIN    24 turns   aiohto, natsu, yuji  vs  shiro, gojo, toji
[ 484/700 ] WIN    15 turns   aiohto, gilgamesh, broly  vs  tamaki, gon, toph
Applying bleed effect! Checking special code
Applying bleed effect! Checking special code
Applying bleed effect! Checking special code
Applying bleed effect! Checking special code
Applying bleed effect! Checking special code
Applying bleed effect! Checking special code
[ 485/700 ] WIN    24 turns   aiohto, yuno, nezuko  vs  emiya, yugi, inosuke
[ 486/700 ] WIN    17 turns   aiohto, shokuhou, aang  vs  gohan, renamon, death
[ 487/700 ] WIN    33 turns   aiohto, blackwargreymon, tatsumi  vs  uzui, gunha, alphonse
Applying bleed effect! Checking special code
Applying bleed effect! Checking special code
Yubel's S1 Triggered!
Applying bleed effect! Checking special code
[ 488/700 ] LOSS   28 turns   aiohto, pegasus, yubel  vs  saturn, power, blackstar
[ 489/700 ] WIN    21 turns   aiohto, megumin, asta  vs  vegeta, jeanne, megumi
Applying bleed effect! Checking special code
[ 490/700 ] WIN    23 turns   aiohto, emiya, hashirama  vs  denji, squalo, hinata
[ 491/700 ] WIN    20 turns   aiohto, ichibe, natsu  vs  machinedramon, nobara, esdeath
[ 492/700 ] LOSS   20 turns   aiohto, usopp, touka  vs  jupiter, tatsumaki, sheele
[ 493/700 ] WIN    26 turns   aiohto, venus, toph  vs  machinedramon, nel, shokuhou
[ 494/700 ] WIN    15 turns   aiohto, usopp, saitama  vs  tsunayoshi, ganta, muichiro
[ 495/700 ] WIN    33 turns   aiohto, nobara, blackwargreymon  vs  adam, ban, naruto
[ 496/700 ] WIN    20 turns   aiohto, tsunayoshi, killua  vs  shiro, usopp, crona
[ 497/700 ] LOSS   21 turns   aiohto, gasai, killua  vs  naruto, venus, yoh
[ 498/700 ] LOSS   18 turns   aiohto, halibel, noelle  vs  broly, neferpitou, saturn
Applying bleed effect! Checking special code
Applying bleed effect! Checking special code
Applying bleed effect! Checking special code
[ 499/700 ] LOSS   37 turns   aiohto, ken, saturn  vs  rakko, edward, astolfo
[ 500/700 ] WIN    17 turns   aiohto, gohan, tsunayoshi  vs  gatomon, megumin, megumi
[ 501/700 ] LOSS   20 turns   aiohto, boruto, mikasa  vs  esdeath, saber, eren
[ 502/700 ] LOSS   25 turns   aiohto, xanxus, horohoro  vs  levi, sasuke, mine
[ 503/700 ] WIN    14 turns   aiohto, chrome, saber  vs  yuno, kid, sheele
[ 504/700 ] WIN    12 turns   aiohto, mikasa, seventeen  vs  vegeta, sayaka, shiro
[ 505/700 ] LOSS   32 turns   aiohto, lyserg, emiya  vs  sakura, natsu, nobara
[ 506/700 ] WIN    20 turns   aiohto, seventeen, mercury  vs  jesse, mikasa, rob
[ 507/700 ] LOSS   52 turns   aiohto, toph, uraraka  vs  ban, frieren, orihime
[ 508/700 ] LOSS   27 turns   aiohto, sayaka, akame  vs  gojo, mash, squalo
[ 509/700 ] LOSS   10 turns   aiohto, shinoa, impmon  vs  esdeath, levi, alphamon
[ 510/700 ] WIN    20 turns   aiohto, aang, tsubasa  vs  nonon, tsuyu, levi
[ 511/700 ] WIN    16 turns   aiohto, sheele, mavis  vs  kitara, jaden, usopp
[ 512/700 ] WIN    43 turns   aiohto, byakuya, sukuna  vs  pegasus, toji, arthur
[ 513/700 ] LOSS   22 turns   aiohto, shinoa, gasai  vs  ichibe, frankenstein, tatsumaki
[ 514/700 ] LOSS   27 turns   aiohto, kitara, hisoka  vs  megumi, asta, vegeta
Applying bleed effect! Checking special code
Applying bleed effect! Checking special code
[ 515/700 ] WIN    27 turns   aiohto, lyserg, denji  vs  usopp, vegeta, saitama
[ 516/700 ] LOSS   22 turns   aiohto, kuroko, gon  vs  emiyaarcher, uzui, edward
[ 517/700 ] WIN    21 turns   aiohto, nimaiya, frankenstein  vs  genos, machinedramon, hisoka
[ 518/700 ] WIN    16 turns   aiohto, lucy, veldora  vs  tatsumi, shinra, astolfo
[ 519/700 ] LOSS   25 turns   aiohto, midoriya, gojo  vs  minene, mercury, tamaki
[ 520/700 ] LOSS   25 turns   aiohto, lyserg, killua  vs  rob, semiramis, kid
[ 521/700 ] WIN    25 turns   aiohto, nagisa, korra  vs  ganta, nonon, ryohei
[ 522/700 ] WIN    21 turns   aiohto, cooler, gunha  vs  usopp, tatsumaki, frankenstein
[ 523/700 ] LOSS   12 turns   aiohto, yamamoto, blackstar  vs  hashirama, maka, mavis
[ 524/700 ] WIN    28 turns   aiohto, nezuko, shiro  vs  zenitsu, satsuki, yugi
[ 525/700 ] WIN    34 turns   aiohto, nobara, nagisa  vs  tsubasa, hashirama, ganta
[ 526/700 ] WIN    19 turns   aiohto, astolfo, sukuna  vs  erza, tsuyu, yuji
[ 527/700 ] LOSS   21 turns   aiohto, kitara, ichigo  vs  gallantmon, cell, blackwargreymon
[ 528/700 ] LOSS   18 turns   aiohto, cell, emiya  vs  madoka, squalo, halibel
[ 529/700 ] WIN    22 turns   aiohto, esdeath, toji  vs  natsu, sayaka, naruto
Applying bleed effect! Checking special code
Applying bleed effect! Checking special code
Applying bleed effect! Checking special code
[ 530/700 ] WIN    38 turns   aiohto, toph, rengoku  vs  renamon, frieren, muichiro
Applying bleed effect! Checking special code
Applying bleed effect! Checking special code
[ 531/700 ] LOSS   24 turns   aiohto, jeanne, naruto  vs  rengoku, aang, kid
Applying bleed effect! Checking special code
Applying bleed effect! Checking special code
[ 532/700 ] LOSS   23 turns   aiohto, power, saber  vs  crona, toga, zenitsu
[ 533/700 ] LOSS   31 turns   aiohto, natsu, astolfo  vs  naruto, jesse, blackstar
[ 534/700 ] LOSS   37 turns   aiohto, jesse, ryuko  vs  hibari, yuno, gasai
[ 535/700 ] WIN    20 turns   aiohto, myotismon, gunha  vs  levi, genos, jesse
[ 536/700 ] WIN    25 turns   aiohto, blackstar, nobara  vs  yugi, saber, lyserg
Applying bleed effect! Checking special code
Applying bleed effect! Checking special code
Applying bleed effect! Checking special code
Applying bleed effect! Checking special code
Applying bleed effect! Checking special code
Applying bleed effect! Checking special code
Applying bleed effect! Checking special code
Applying bleed effect! Checking special code
Applying bleed effect! Checking special code
Applying bleed effect! Checking special code
[ 537/700 ] LOSS   31 turns   aiohto, power, sheele  vs  gojo, saturn, king
[ 538/700 ] WIN    19 turns   aiohto, rimuru, yuji  vs  sayaka, tatsumi, mine
[ 539/700 ] WIN    20 turns   aiohto, sayaka, kurotsuchi  vs  crona, gallantmon, yuji
[ 540/700 ] WIN    23 turns   aiohto, luffy, gunha  vs  gatomon, cooler, veldora
[ 541/700 ] WIN    26 turns   aiohto, ryuko, kitara  vs  ichigo, hinata, muichiro
[ 542/700 ] LOSS   22 turns   aiohto, saturn, renamon  vs  gunha, sukuna, ryohei
Yubel's S1 Triggered!
[ 543/700 ] LOSS   25 turns   aiohto, broly, tatsumaki  vs  frieren, koro, yubel
Yubel's S1 Triggered!
Yubel's S1 Triggered!
[ 544/700 ] LOSS   22 turns   aiohto, yubel, erza  vs  madoka, mine, goku
[ 545/700 ] WIN    19 turns   aiohto, eren, madoka  vs  impmon, inuyasha, seventeen
[ 546/700 ] LOSS   18 turns   aiohto, noelle, veldora  vs  myotismon, ganta, frankenstein
[ 547/700 ] LOSS   20 turns   aiohto, rimuru, minene  vs  korra, death, luffy
Yubel's S1 Triggered!
Applying bleed effect! Checking special code
[ 548/700 ] WIN    28 turns   aiohto, diane, yubel  vs  eren, hawkmon, blackstar
[ 549/700 ] WIN    39 turns   aiohto, saber, toudou  vs  orihime, megumi, tatsumi
[ 550/700 ] WIN    19 turns   aiohto, gunha, venus  vs  esdeath, yuji, shiro
[ 551/700 ] WIN    22 turns   aiohto, gallantmon, uraraka  vs  hibari, jeanne, astolfo
[ 552/700 ] WIN    17 turns   aiohto, touka, bakugo  vs  tamaki, veldora, korra
[ 553/700 ] LOSS   16 turns   aiohto, jeanne, rob  vs  jack, halibel, nagisa
Applying bleed effect! Checking special code
Applying bleed effect! Checking special code
[ 554/700 ] WIN    26 turns   aiohto, naruto, saber  vs  inosuke, shinra, saturn
Applying bleed effect! Checking special code
[ 555/700 ] WIN    18 turns   aiohto, mercury, yamamoto  vs  power, shiro, tatsumaki
[ 556/700 ] WIN    18 turns   aiohto, erza, tatsumi  vs  gon, zenitsu, semiramis
[ 557/700 ] WIN    16 turns   aiohto, nagisa, todoroki  vs  jupiter, midoriya, mavis
Applying bleed effect! Checking special code
Applying bleed effect! Checking special code
Applying bleed effect! Checking special code
Applying bleed effect! Checking special code
Applying bleed effect! Checking special code
Applying bleed effect! Checking special code
[ 558/700 ] LOSS   17 turns   aiohto, inuyasha, killua  vs  natsu, king, semiramis
[ 559/700 ] WIN    17 turns   aiohto, jupiter, gon  vs  shinoa, shiro, sayaka
[ 560/700 ] LOSS   19 turns   aiohto, horohoro, alphamon  vs  uraraka, madoka, toudou
[ 561/700 ] LOSS   46 turns   aiohto, mikasa, aang  vs  marco, gunha, shinra
[ 562/700 ] LOSS   20 turns   aiohto, mars, impmon  vs  kaiba, astolfo, saturn
[ 563/700 ] LOSS   17 turns   aiohto, gasai, tsubaki  vs  orihime, gray, itachi
[ 564/700 ] WIN    34 turns   aiohto, tatsumaki, neferpitou  vs  yuji, mikasa, alphonse
[ 565/700 ] WIN    33 turns   aiohto, nagisa, alphonse  vs  arthur, hisoka, korra
[ 566/700 ] LOSS   16 turns   aiohto, tokoyami, yoh  vs  alphonse, meliodas, soul
[ 567/700 ] LOSS   13 turns   aiohto, todoroki, minene  vs  hinata, gallantmon, frieren
[ 568/700 ] WIN    30 turns   aiohto, eren, rob  vs  gojo, yugi, emiya
[ 569/700 ] WIN    20 turns   aiohto, sasuke, soul  vs  hibari, misaka, alphonse
[ 570/700 ] WIN    21 turns   aiohto, vegeta, hibari  vs  nezuko, saber, gatomon
[ 571/700 ] WIN    16 turns   aiohto, venus, saber  vs  death, mikasa, gogeta
[ 572/700 ] WIN    21 turns   aiohto, renamon, gasai  vs  eren, korra, cell
[ 573/700 ] LOSS   29 turns   aiohto, sakura, kuroko  vs  gojo, impmon, inuyasha
[ 574/700 ] LOSS   38 turns   aiohto, kuroko, nagisa  vs  machinedramon, xanxus, levi
Applying bleed effect! Checking special code
Applying bleed effect! Checking special code
[ 575/700 ] WIN    20 turns   aiohto, sasuke, uzui  vs  blackwargreymon, rengoku, lucy
[ 576/700 ] WIN    16 turns   aiohto, tsunayoshi, ryuko  vs  allmight, usopp, yugi
[ 577/700 ] WIN    18 turns   aiohto, ryuko, yuno  vs  uraraka, jeanne, yugi
[ 578/700 ] WIN    30 turns   aiohto, shinoa, omnimon  vs  tsuyu, hisoka, megumi
[ 579/700 ] LOSS   23 turns   aiohto, xanxus, usopp  vs  misaka, gojo, bakugo
[ 580/700 ] WIN    14 turns   aiohto, lizandpatty, neferpitou  vs  aang, jinwoo, emiya
Applying bleed effect! Checking special code
Applying bleed effect! Checking special code
Applying bleed effect! Checking special code
[ 581/700 ] WIN    19 turns   aiohto, power, naruto  vs  byakuya, midoriya, lyserg
Applying bleed effect! Checking special code
Applying bleed effect! Checking special code
Applying bleed effect! Checking special code
Applying bleed effect! Checking special code
[ 582/700 ] WIN    44 turns   aiohto, power, denji  vs  jeanne, marco, mars
[ 583/700 ] LOSS   32 turns   aiohto, kid, jinwoo  vs  muichiro, natsu, allmight
[ 584/700 ] WIN    25 turns   aiohto, lizandpatty, sayaka  vs  kaiba, mercury, vegeta
[ 585/700 ] LOSS   20 turns   aiohto, ichibe, tsuyu  vs  jupiter, mavis, hisoka
[ 586/700 ] WIN    41 turns   aiohto, xanxus, ichibe  vs  midoriya, misaka, itachi
[ 587/700 ] WIN    22 turns   aiohto, frankenstein, halibel  vs  emiyaarcher, hinata, blackwargreymon
[ 588/700 ] WIN    13 turns   aiohto, mine, edward  vs  tsubasa, jinwoo, erza
[ 589/700 ] WIN    19 turns   aiohto, alphonse, venus  vs  allmight, cooler, hashirama
[ 590/700 ] LOSS   26 turns   aiohto, kurotsuchi, shiro  vs  blackstar, power, jack
[ 591/700 ] WIN    28 turns   aiohto, akame, saitama  vs  sayaka, goku, sheele
[ 592/700 ] LOSS   14 turns   aiohto, korra, byakuya  vs  muichiro, hibari, mavis
[ 593/700 ] WIN    23 turns   aiohto, shiro, jesse  vs  gojo, gunha, kid
Applying bleed effect! Checking special code
Applying bleed effect! Checking special code
Applying bleed effect! Checking special code
Applying bleed effect! Checking special code
Applying bleed effect! Checking special code
Applying bleed effect! Checking special code
[ 594/700 ] LOSS   18 turns   aiohto, koro, nobara  vs  ken, gohan, ichigo
Applying bleed effect! Checking special code
[ 595/700 ] LOSS   27 turns   aiohto, saber, hashirama  vs  usopp, inosuke, genos
[ 596/700 ] LOSS   31 turns   aiohto, gallantmon, sayaka  vs  mami, maka, aang
[ 597/700 ] WIN    25 turns   aiohto, natsu, noelle  vs  vegeta, kaiba, gray
[ 598/700 ] WIN    29 turns   aiohto, kid, yugi  vs  mikasa, arthur, nezuko
[ 599/700 ] WIN    18 turns   aiohto, meliodas, naruto  vs  muichiro, toudou, mikasa
[ 600/700 ] LOSS   31 turns   aiohto, saitama, tamaki  vs  edward, hashirama, nobara
[ 601/700 ] LOSS   16 turns   aiohto, xanxus, killua  vs  hawkmon, zenitsu, frieren
[ 602/700 ] WIN    25 turns   aiohto, diane, mikasa  vs  ichibe, noelle, tsubaki
Applying bleed effect! Checking special code
Applying bleed effect! Checking special code
Applying bleed effect! Checking special code
Applying bleed effect! Checking special code
[ 603/700 ] LOSS   17 turns   aiohto, blackwargreymon, nezuko  vs  inosuke, todoroki, misaka
[ 604/700 ] WIN    40 turns   aiohto, frankenstein, gray  vs  itachi, omnimon, hawkmon
[ 605/700 ] WIN    19 turns   aiohto, mash, kurapika  vs  mami, sayaka, satsuki
[ 606/700 ] LOSS   37 turns   aiohto, kaiba, mash  vs  tatsumaki, zenitsu, madoka
[ 607/700 ] WIN    19 turns   aiohto, tatsumaki, nezuko  vs  maka, korra, todoroki
[ 608/700 ] WIN    24 turns   aiohto, esdeath, ban  vs  genos, kuroko, kid
[ 609/700 ] LOSS   16 turns   aiohto, zenitsu, luffy  vs  tatsumaki, cell, genos
[ 610/700 ] LOSS   16 turns   aiohto, xanxus, kuroko  vs  muichiro, inuyasha, gon
Applying bleed effect! Checking special code
[ 611/700 ] WIN    26 turns   aiohto, ichibe, toji  vs  rakko, jesse, saturn
[ 612/700 ] LOSS   15 turns   aiohto, toga, sheele  vs  gilgamesh, saturn, broly
[ 613/700 ] WIN    50 turns   aiohto, natsu, inosuke  vs  goku, ladydevimon, lyserg
[ 614/700 ] LOSS   24 turns   aiohto, blackstar, gojo  vs  edward, megumi, ban
Applying bleed effect! Checking special code
Applying bleed effect! Checking special code
[ 615/700 ] WIN    17 turns   aiohto, toji, mavis  vs  power, broly, denji
Applying bleed effect! Checking special code
[ 616/700 ] WIN    31 turns   aiohto, gallantmon, frankenstein  vs  hibari, power, alphonse
Applying bleed effect! Checking special code
Applying bleed effect! Checking special code
Applying bleed effect! Checking special code
Applying bleed effect! Checking special code
[ 617/700 ] LOSS   12 turns   aiohto, allmight, veldora  vs  naruto, king, lyserg
[ 618/700 ] LOSS   32 turns   aiohto, tokoyami, yuji  vs  tamaki, toudou, asta
Applying bleed effect! Checking special code
Yubel's S1 Triggered!
[ 619/700 ] LOSS   44 turns   aiohto, saitama, diane  vs  tsubasa, saturn, yubel
Applying bleed effect! Checking special code
Applying bleed effect! Checking special code
Applying bleed effect! Checking special code
Applying bleed effect! Checking special code
[ 620/700 ] WIN    22 turns   aiohto, saturn, byakuya  vs  muichiro, jeanne, ken
[ 621/700 ] LOSS   18 turns   aiohto, usopp, jinwoo  vs  yoh, inosuke, hashirama
[ 622/700 ] LOSS   20 turns   aiohto, jinwoo, byakuya  vs  gohan, renamon, hawkmon
[ 623/700 ] LOSS   32 turns   aiohto, nagisa, veldora  vs  ichibe, kurapika, omnimon
[ 624/700 ] WIN    25 turns   aiohto, nezuko, satsuki  vs  ladydevimon, venus, ichibe
Applying bleed effect! Checking special code
[ 625/700 ] LOSS   19 turns   aiohto, veldora, shinra  vs  rengoku, lucy, usopp
[ 626/700 ] LOSS   26 turns   aiohto, gogeta, zenitsu  vs  kurotsuchi, marco, yoh
[ 627/700 ] LOSS   24 turns   aiohto, yamamoto, orihime  vs  tamaki, zenitsu, sukuna
[ 628/700 ] LOSS   12 turns   aiohto, killua, renamon  vs  noelle, uranus, bakugo
[ 629/700 ] LOSS   26 turns   aiohto, akame, horohoro  vs  saturn, cooler, gatomon
[ 630/700 ] LOSS   28 turns   aiohto, allmight, sasuke  vs  frieren, sakura, eren
[ 631/700 ] LOSS   33 turns   aiohto, tsunayoshi, squalo  vs  yamamoto, saber, mars
[ 632/700 ] LOSS   29 turns   aiohto, gilgamesh, mars  vs  astolfo, hashirama, usopp
[ 633/700 ] WIN    18 turns   aiohto, mercury, arthur  vs  veldora, todoroki, mikasa
Yubel's S1 Triggered!
[ 634/700 ] LOSS   55 turns   aiohto, shinoa, akame  vs  edward, mikasa, yubel
[ 635/700 ] LOSS   30 turns   aiohto, rob, jaden  vs  boruto, cooler, tsuyu
[ 636/700 ] WIN    16 turns   aiohto, toudou, chrome  vs  mine, yuji, saber
Applying bleed effect! Checking special code
[ 637/700 ] WIN    22 turns   aiohto, shinoa, touka  vs  diane, arthur, kurotsuchi
[ 638/700 ] LOSS   45 turns   aiohto, nezuko, sheele  vs  maka, xanxus, gasai
[ 639/700 ] WIN    21 turns   aiohto, hisoka, tanjiro  vs  xanxus, madoka, adam
[ 640/700 ] WIN    25 turns   aiohto, halibel, lyserg  vs  xanxus, myotismon, sayaka
[ 641/700 ] LOSS   34 turns   aiohto, nezuko, myotismon  vs  yamamoto, allmight, frieren
[ 642/700 ] WIN    22 turns   aiohto, chrome, gray  vs  misaka, mami, touka
[ 643/700 ] LOSS   16 turns   aiohto, todoroki, mine  vs  myotismon, alphamon, gallantmon
[ 644/700 ] LOSS   25 turns   aiohto, veldora, goku  vs  gohan, lucy, renamon
[ 645/700 ] LOSS   13 turns   aiohto, venus, uraraka  vs  zenitsu, meliodas, megumin
[ 646/700 ] WIN    19 turns   aiohto, hashirama, madoka  vs  gohan, jinwoo, edward
[ 647/700 ] WIN    16 turns   aiohto, mine, eren  vs  naruto, alphonse, jeanne
[ 648/700 ] LOSS   21 turns   aiohto, saber, minene  vs  madoka, seventeen, horohoro
Applying bleed effect! Checking special code
[ 649/700 ] WIN    34 turns   aiohto, noelle, pegasus  vs  midoriya, ken, minene
Applying bleed effect! Checking special code
Applying bleed effect! Checking special code
Applying bleed effect! Checking special code
Applying bleed effect! Checking special code
[ 650/700 ] WIN    46 turns   aiohto, eren, diane  vs  veldora, jesse, shiro
[ 651/700 ] WIN    27 turns   aiohto, boruto, marco  vs  nel, korra, muichiro
[ 652/700 ] LOSS   22 turns   aiohto, king, kurotsuchi  vs  nobara, maka, sheele
[ 653/700 ] WIN    15 turns   aiohto, jack, luffy  vs  boruto, crona, mami
[ 654/700 ] LOSS   30 turns   aiohto, eren, kurapika  vs  koro, hisoka, toga
[ 655/700 ] WIN    35 turns   aiohto, venus, koro  vs  vegeta, tsubaki, levi
Applying bleed effect! Checking special code
Applying bleed effect! Checking special code
[ 656/700 ] LOSS   19 turns   aiohto, gogeta, rengoku  vs  satsuki, gray, crona
[ 657/700 ] WIN    15 turns   aiohto, luffy, rimuru  vs  halibel, ryuko, mami
[ 658/700 ] LOSS   22 turns   aiohto, todoroki, jinwoo  vs  ryohei, broly, xanxus
[ 659/700 ] LOSS   21 turns   aiohto, alphonse, aang  vs  vegeta, ichibe, crona
[ 660/700 ] LOSS   25 turns   aiohto, sayaka, blackstar  vs  tamaki, mikasa, squalo
[ 661/700 ] WIN    22 turns   aiohto, omnimon, alphamon  vs  crona, nobara, gunha
[ 662/700 ] WIN    21 turns   aiohto, saturn, gohan  vs  hashirama, mercury, nonon
[ 663/700 ] WIN    18 turns   aiohto, ichibe, hibari  vs  goku, tokoyami, kaiba
[ 664/700 ] LOSS   19 turns   aiohto, jaden, ban  vs  satsuki, megumi, jupiter
[ 665/700 ] WIN    16 turns   aiohto, gunha, ladydevimon  vs  saitama, mine, mavis
[ 666/700 ] WIN    31 turns   aiohto, marco, myotismon  vs  uraraka, usopp, nel
[ 667/700 ] WIN    20 turns   aiohto, lucy, naruto  vs  yamamoto, levi, lyserg
Applying bleed effect! Checking special code
[ 668/700 ] WIN    19 turns   aiohto, tatsumi, myotismon  vs  blackwargreymon, allmight, ken
[ 669/700 ] WIN    21 turns   aiohto, yuji, midoriya  vs  gohan, soul, emiya
[ 670/700 ] WIN    15 turns   aiohto, blackwargreymon, aang  vs  emiya, genos, todoroki
[ 671/700 ] LOSS   28 turns   aiohto, mash, yugi  vs  lucy, mercury, jaden
[ 672/700 ] LOSS   19 turns   aiohto, frieren, frankenstein  vs  mikasa, seventeen, gatomon
[ 673/700 ] WIN    23 turns   aiohto, veldora, yuji  vs  gasai, saitama, zenitsu
[ 674/700 ] WIN    31 turns   aiohto, myotismon, hashirama  vs  cooler, rimuru, ryuko
[ 675/700 ] WIN    21 turns   aiohto, zenitsu, power  vs  uranus, esdeath, myotismon
Applying bleed effect! Checking special code
[ 676/700 ] WIN    21 turns   aiohto, rakko, yuno  vs  gohan, tsuyu, kurotsuchi
[ 677/700 ] LOSS   27 turns   aiohto, inuyasha, toga  vs  astolfo, ichigo, sayaka
[ 678/700 ] LOSS   21 turns   aiohto, mami, soul  vs  crona, hinata, zenitsu
[ 679/700 ] LOSS   13 turns   aiohto, kaiba, jupiter  vs  nimaiya, yugi, madoka
[ 680/700 ] WIN    15 turns   aiohto, misaka, seventeen  vs  veldora, goku, sheele
[ 681/700 ] WIN    24 turns   aiohto, tamaki, uzui  vs  megumin, misaka, horohoro
[ 682/700 ] WIN    19 turns   aiohto, saturn, gallantmon  vs  nobara, gon, jeanne
[ 683/700 ] WIN    70 turns   aiohto, natsu, levi  vs  death, yamamoto, muichiro
Applying bleed effect! Checking special code
Applying bleed effect! Checking special code
Applying bleed effect! Checking special code
Applying bleed effect! Checking special code
[ 684/700 ] WIN    18 turns   aiohto, misaka, king  vs  hinata, sheele, lyserg
[ 685/700 ] LOSS   16 turns   aiohto, yubel, shokuhou  vs  gatomon, mash, tatsumi
Applying bleed effect! Checking special code
Applying bleed effect! Checking special code
Applying bleed effect! Checking special code
[ 686/700 ] WIN    18 turns   aiohto, rakko, emiyaarcher  vs  erza, blackwargreymon, tatsumaki
Applying bleed effect! Checking special code
[ 687/700 ] WIN    14 turns   aiohto, meliodas, erza  vs  inuyasha, goku, rakko
[ 688/700 ] WIN    17 turns   aiohto, semiramis, kurotsuchi  vs  jinwoo, shinoa, yoh
[ 689/700 ] WIN    26 turns   aiohto, eren, veldora  vs  kaiba, tsunayoshi, denji
Applying bleed effect! Checking special code
Applying bleed effect! Checking special code
Applying bleed effect! Checking special code
Applying bleed effect! Checking special code
Applying bleed effect! Checking special code
[ 690/700 ] LOSS   18 turns   aiohto, ken, omnimon  vs  shinra, tsubaki, mine
[ 691/700 ] LOSS   20 turns   aiohto, renamon, zoro  vs  sheele, touka, kurapika
Applying bleed effect! Checking special code
Applying bleed effect! Checking special code
Applying bleed effect! Checking special code
Applying bleed effect! Checking special code
Applying bleed effect! Checking special code
[ 692/700 ] LOSS   21 turns   aiohto, hisoka, squalo  vs  jack, naruto, inosuke
[ 693/700 ] WIN    28 turns   aiohto, gojo, hawkmon  vs  blackstar, kaiba, mami
[ 694/700 ] WIN    12 turns   aiohto, ganta, satsuki  vs  todoroki, tatsumi, sukuna
[ 695/700 ] LOSS   33 turns   aiohto, koro, adam  vs  edward, akame, itachi
[ 696/700 ] LOSS   17 turns   aiohto, killua, saitama  vs  meliodas, blackstar, aang
[ 697/700 ] WIN    19 turns   aiohto, jaden, mercury  vs  uzui, toga, mikasa
[ 698/700 ] WIN    25 turns   aiohto, tatsumaki, chrome  vs  uzui, lizandpatty, jaden
Applying bleed effect! Checking special code
Applying bleed effect! Checking special code
Applying bleed effect! Checking special code
Applying bleed effect! Checking special code
Applying bleed effect! Checking special code
Applying bleed effect! Checking special code
Applying bleed effect! Checking special code
Applying bleed effect! Checking special code
Applying bleed effect! Checking special code
[ 699/700 ] WIN    16 turns   aiohto, asta, mikasa  vs  saber, rengoku, king
[ 700/700 ] WIN    19 turns   aiohto, muichiro, frankenstein  vs  arthur, edward, impmon
=== TRAINER RUN COMPLETE ===
Matches: 700   W: 413   L: 287   D: 0   Win: 59.0%   (opponent: self)
Policy saved to res://training/checkpoints/focus_aiohto/w3.json  (generation 5, trained_matches 10700)
