Godot Engine v4.6.2.stable.official.71f334935 - https://godotengine.org

[trainer] seed=61000 matches=700 opponent=self eval=false out=res://training/checkpoints/focus_akame/w0.json checkpoint=res://training/checkpoints/focused_current.json
[authored] loaded 1 authored character(s)
[   1/700 ] LOSS   23 turns   akame, jaden, tsubaki  vs  saitama, jack, megumin
Applying bleed effect! Checking special code
Applying bleed effect! Checking special code
Applying bleed effect! Checking special code
Applying bleed effect! Checking special code
Applying bleed effect! Checking special code
Applying bleed effect! Checking special code
Applying bleed effect! Checking special code
Applying bleed effect! Checking special code
Applying bleed effect! Checking special code
[   2/700 ] LOSS   27 turns   akame, inosuke, rakko  vs  gon, maka, tatsumaki
[   3/700 ] LOSS   14 turns   akame, bakugo, gray  vs  blackstar, asta, machinedramon
[   4/700 ] WIN    24 turns   akame, jupiter, yamamoto  vs  sayaka, ryuko, blackstar
[   5/700 ] LOSS   27 turns   akame, hawkmon, touka  vs  jeanne, tsubaki, inuyasha
[   6/700 ] WIN    24 turns   akame, venus, hibari  vs  ganta, hisoka, veldora
[   7/700 ] LOSS   24 turns   akame, aang, veldora  vs  tatsumi, lyserg, gallantmon
Applying bleed effect! Checking special code
Applying bleed effect! Checking special code
Applying bleed effect! Checking special code
Applying bleed effect! Checking special code
Applying bleed effect! Checking special code
Applying bleed effect! Checking special code
Applying bleed effect! Checking special code
Applying bleed effect! Checking special code
Applying bleed effect! Checking special code
[   8/700 ] LOSS   21 turns   akame, cell, nel  vs  zenitsu, hinata, king
[   9/700 ] WIN    20 turns   akame, sukuna, natsu  vs  gogeta, arthur, crona
Applying bleed effect! Checking special code
Applying bleed effect! Checking special code
Applying bleed effect! Checking special code
[  10/700 ] LOSS   23 turns   akame, toji, arthur  vs  gogeta, denji, venus
[  11/700 ] LOSS   16 turns   akame, hinata, yubel  vs  soul, sayaka, byakuya
[  12/700 ] LOSS   30 turns   akame, tatsumaki, squalo  vs  kaiba, minene, kurapika
[  13/700 ] LOSS   22 turns   akame, alphonse, power  vs  jupiter, aiohto, tokoyami
[  14/700 ] LOSS   21 turns   akame, toga, satsuki  vs  nonon, mars, shinra
[  15/700 ] LOSS   15 turns   akame, cell, shinra  vs  rimuru, mash, ryuko
[  16/700 ] WIN    18 turns   akame, seventeen, hinata  vs  todoroki, omnimon, kid
[  17/700 ] WIN    30 turns   akame, alphamon, byakuya  vs  nobara, uraraka, erza
[  18/700 ] WIN    34 turns   akame, halibel, venus  vs  ban, kaiba, omnimon
Yubel's S1 Triggered!
[  19/700 ] WIN    28 turns   akame, hinata, xanxus  vs  yubel, myotismon, hibari
[  20/700 ] LOSS   23 turns   akame, mash, misaka  vs  gray, lyserg, toph
[  21/700 ] LOSS   29 turns   akame, goku, zoro  vs  naruto, kitara, halibel
Applying bleed effect! Checking special code
Applying bleed effect! Checking special code
Applying bleed effect! Checking special code
Applying bleed effect! Checking special code
Applying bleed effect! Checking special code
Applying bleed effect! Checking special code
Applying bleed effect! Checking special code
Applying bleed effect! Checking special code
Applying bleed effect! Checking special code
Applying bleed effect! Checking special code
[  22/700 ] LOSS   24 turns   akame, sayaka, king  vs  nel, gatomon, tatsumi
[  23/700 ] WIN    31 turns   akame, eren, uraraka  vs  myotismon, midoriya, inosuke
[  24/700 ] LOSS   19 turns   akame, satsuki, tatsumaki  vs  semiramis, nobara, gilgamesh
[  25/700 ] LOSS   20 turns   akame, orihime, semiramis  vs  esdeath, ladydevimon, renamon
[  26/700 ] LOSS   24 turns   akame, ace, yamamoto  vs  kitara, aiohto, pegasus
[  27/700 ] WIN    33 turns   akame, nel, jack  vs  gunha, arthur, ryuko
[  28/700 ] LOSS   17 turns   akame, esdeath, rob  vs  toji, luffy, byakuya
[  29/700 ] LOSS   20 turns   akame, erza, seventeen  vs  crona, genos, mash
Applying bleed effect! Checking special code
Applying bleed effect! Checking special code
Applying bleed effect! Checking special code
Applying bleed effect! Checking special code
Applying bleed effect! Checking special code
Applying bleed effect! Checking special code
Applying bleed effect! Checking special code
[  30/700 ] LOSS   34 turns   akame, pegasus, rakko  vs  nezuko, ken, usopp
[  31/700 ] LOSS   15 turns   akame, nobara, squalo  vs  nel, gallantmon, frankenstein
[  32/700 ] LOSS   21 turns   akame, squalo, alphonse  vs  jack, jupiter, kurapika
[  33/700 ] LOSS   25 turns   akame, tamaki, natsu  vs  satsuki, gatomon, alphamon
[  34/700 ] LOSS   14 turns   akame, jeanne, allmight  vs  semiramis, bakugo, sukuna
[  35/700 ] WIN    21 turns   akame, hisoka, eren  vs  jeanne, hawkmon, blackwargreymon
[  36/700 ] LOSS   13 turns   akame, soul, vegeta  vs  killua, veldora, toga
[  37/700 ] LOSS   21 turns   akame, alphonse, pegasus  vs  aang, naruto, mine
[  38/700 ] LOSS   25 turns   akame, kurapika, uraraka  vs  hibari, touka, gray
[  39/700 ] WIN    41 turns   akame, soul, kurotsuchi  vs  tanjiro, ace, veldora
Applying bleed effect! Checking special code
Applying bleed effect! Checking special code
[  40/700 ] WIN    38 turns   akame, emiya, diane  vs  allmight, misaka, squalo
Applying bleed effect! Checking special code
Applying bleed effect! Checking special code
Applying bleed effect! Checking special code
[  41/700 ] LOSS   25 turns   akame, rengoku, tatsumaki  vs  astolfo, nobara, rimuru
[  42/700 ] WIN    26 turns   akame, blackwargreymon, ichibe  vs  gatomon, shokuhou, erza
Applying bleed effect! Checking special code
[  43/700 ] LOSS   31 turns   akame, mami, kaiba  vs  mercury, cooler, inosuke
[  44/700 ] WIN    16 turns   akame, frieren, alphamon  vs  adam, allmight, halibel
[  45/700 ] LOSS   27 turns   akame, hisoka, hashirama  vs  zenitsu, ichigo, minene
Applying bleed effect! Checking special code
Applying bleed effect! Checking special code
[  46/700 ] LOSS   25 turns   akame, mikasa, touka  vs  goku, adam, diane
[  47/700 ] LOSS   18 turns   akame, itachi, shokuhou  vs  gojo, tatsumi, lizandpatty
[  48/700 ] LOSS   21 turns   akame, diane, jeanne  vs  rimuru, jack, mavis
[  49/700 ] LOSS   33 turns   akame, tokoyami, mine  vs  nobara, venus, zoro
[  50/700 ] LOSS   22 turns   akame, yoh, squalo  vs  hibari, ryuko, ryohei
[  51/700 ] WIN    35 turns   akame, killua, edward  vs  megumi, sayaka, korra
[  52/700 ] LOSS   35 turns   akame, lyserg, korra  vs  tsubasa, marco, midoriya
[  53/700 ] LOSS   17 turns   akame, nel, tsubasa  vs  neferpitou, ladydevimon, nimaiya
[  54/700 ] WIN    23 turns   akame, kurapika, shinra  vs  levi, tsubaki, yugi
Applying bleed effect! Checking special code
Applying bleed effect! Checking special code
Applying bleed effect! Checking special code
Applying bleed effect! Checking special code
[  55/700 ] LOSS   23 turns   akame, toga, gray  vs  uzui, power, gojo
[  56/700 ] LOSS   21 turns   akame, genos, yugi  vs  blackwargreymon, yamamoto, ryohei
[  57/700 ] WIN    25 turns   akame, tsunayoshi, ichibe  vs  nel, frieren, ganta
[  58/700 ] LOSS   19 turns   akame, esdeath, gunha  vs  horohoro, nimaiya, impmon
[  59/700 ] LOSS   23 turns   akame, kaiba, mami  vs  mavis, orihime, gallantmon
[  60/700 ] LOSS   23 turns   akame, emiyaarcher, todoroki  vs  kuroko, blackstar, lucy
[  61/700 ] WIN    27 turns   akame, ladydevimon, impmon  vs  levi, maka, horohoro
[  62/700 ] WIN    45 turns   akame, ryohei, death  vs  tsuyu, arthur, kitara
[  63/700 ] LOSS   17 turns   akame, emiyaarcher, shokuhou  vs  ryuko, byakuya, toudou
Applying bleed effect! Checking special code
Applying bleed effect! Checking special code
Applying bleed effect! Checking special code
[  64/700 ] LOSS   15 turns   akame, king, sasuke  vs  mercury, nimaiya, erza
[  65/700 ] LOSS   16 turns   akame, squalo, saitama  vs  satsuki, korra, shinra
[  66/700 ] LOSS   17 turns   akame, squalo, machinedramon  vs  hinata, crona, mercury
[  67/700 ] LOSS   21 turns   akame, blackstar, orihime  vs  hibari, broly, squalo
[  68/700 ] LOSS   17 turns   akame, jupiter, emiya  vs  byakuya, pegasus, nimaiya
[  69/700 ] WIN    15 turns   akame, sukuna, ryuko  vs  toji, gojo, lyserg
[  70/700 ] LOSS   25 turns   akame, nezuko, arthur  vs  gallantmon, satsuki, uranus
[  71/700 ] WIN    18 turns   akame, rimuru, seventeen  vs  jeanne, kurotsuchi, ichigo
Applying bleed effect! Checking special code
Applying bleed effect! Checking special code
Applying bleed effect! Checking special code
[  72/700 ] LOSS   19 turns   akame, frieren, rengoku  vs  nagisa, eren, toudou
[  73/700 ] LOSS   22 turns   akame, gilgamesh, broly  vs  death, uzui, squalo
Applying bleed effect! Checking special code
Applying bleed effect! Checking special code
Applying bleed effect! Checking special code
Applying bleed effect! Checking special code
[  74/700 ] WIN    30 turns   akame, inosuke, adam  vs  tsubaki, cooler, jinwoo
[  75/700 ] WIN    21 turns   akame, esdeath, sukuna  vs  horohoro, nezuko, byakuya
[  76/700 ] LOSS   24 turns   akame, ace, mine  vs  shokuhou, arthur, alphamon
Applying bleed effect! Checking special code
Applying bleed effect! Checking special code
[  77/700 ] LOSS   19 turns   akame, inosuke, horohoro  vs  killua, mine, sakura
[  78/700 ] LOSS   20 turns   akame, byakuya, satsuki  vs  arthur, gasai, jesse
[  79/700 ] WIN    23 turns   akame, tsunayoshi, tokoyami  vs  pegasus, denji, veldora
[  80/700 ] LOSS   21 turns   akame, midoriya, ace  vs  gasai, shinra, tokoyami
[  81/700 ] WIN    32 turns   akame, lizandpatty, impmon  vs  gojo, chrome, gohan
[  82/700 ] WIN    16 turns   akame, mercury, alphamon  vs  emiyaarcher, yamamoto, tamaki
[  83/700 ] LOSS   11 turns   akame, nobara, gojo  vs  touka, tsuyu, jaden
[  84/700 ] LOSS   20 turns   akame, gunha, aang  vs  tatsumaki, shiro, sukuna
[  85/700 ] WIN    25 turns   akame, tatsumi, mash  vs  usopp, aiohto, sayaka
Applying bleed effect! Checking special code
Applying bleed effect! Checking special code
Applying bleed effect! Checking special code
Applying bleed effect! Checking special code
Applying bleed effect! Checking special code
Applying bleed effect! Checking special code
[  86/700 ] LOSS   20 turns   akame, minene, lizandpatty  vs  denji, king, kuroko
Applying bleed effect! Checking special code
Applying bleed effect! Checking special code
Applying bleed effect! Checking special code
Applying bleed effect! Checking special code
Applying bleed effect! Checking special code
Applying bleed effect! Checking special code
Applying bleed effect! Checking special code
[  87/700 ] LOSS   20 turns   akame, rakko, king  vs  horohoro, hawkmon, nonon
[  88/700 ] WIN    28 turns   akame, zenitsu, megumin  vs  machinedramon, gohan, orihime
[  89/700 ] WIN    29 turns   akame, halibel, nagisa  vs  emiya, soul, cooler
[  90/700 ] LOSS   20 turns   akame, shokuhou, nobara  vs  gray, nonon, sheele
[  91/700 ] LOSS   15 turns   akame, inuyasha, jeanne  vs  tanjiro, mami, shinoa
[  92/700 ] LOSS   24 turns   akame, esdeath, hibari  vs  nagisa, ryohei, nel
[  93/700 ] LOSS   20 turns   akame, gasai, korra  vs  aiohto, yuji, gon
[  94/700 ] LOSS   51 turns   akame, toph, yoh  vs  blackwargreymon, mami, aang
[  95/700 ] LOSS   20 turns   akame, meliodas, semiramis  vs  shinoa, blackwargreymon, cooler
[  96/700 ] WIN    43 turns   akame, gon, naruto  vs  misaka, rengoku, soul
Applying bleed effect! Checking special code
[  97/700 ] LOSS   18 turns   akame, mars, lyserg  vs  astolfo, shinoa, rakko
Applying bleed effect! Checking special code
Applying bleed effect! Checking special code
[  98/700 ] WIN    19 turns   akame, gray, minene  vs  power, astolfo, uzui
[  99/700 ] WIN    20 turns   akame, nagisa, yuji  vs  emiyaarcher, maka, lyserg
Applying bleed effect! Checking special code
Applying bleed effect! Checking special code
[ 100/700 ] WIN    25 turns   akame, nobara, inosuke  vs  ban, ryuko, xanxus
[ 101/700 ] LOSS   19 turns   akame, ichigo, minene  vs  ryohei, yuno, tsubasa
[ 102/700 ] LOSS   16 turns   akame, ryohei, yoh  vs  satsuki, nimaiya, venus
Applying bleed effect! Checking special code
Applying bleed effect! Checking special code
Applying bleed effect! Checking special code
[ 103/700 ] WIN    16 turns   akame, jack, emiyaarcher  vs  rengoku, uranus, tsuyu
[ 104/700 ] LOSS   13 turns   akame, myotismon, killua  vs  chrome, mercury, jaden
Applying bleed effect! Checking special code
Applying bleed effect! Checking special code
Applying bleed effect! Checking special code
[ 105/700 ] LOSS   20 turns   akame, natsu, jeanne  vs  power, jesse, gallantmon
[ 106/700 ] WIN    26 turns   akame, omnimon, nobara  vs  toga, myotismon, korra
[ 107/700 ] WIN    20 turns   akame, power, aiohto  vs  allmight, killua, bakugo
[ 108/700 ] WIN    21 turns   akame, blackstar, megumi  vs  yoh, saitama, nobara
[ 109/700 ] WIN    28 turns   akame, horohoro, broly  vs  gon, tamaki, saber
Applying bleed effect! Checking special code
[ 110/700 ] LOSS   37 turns   akame, gohan, rengoku  vs  edward, astolfo, naruto
[ 111/700 ] LOSS   13 turns   akame, frankenstein, megumi  vs  blackwargreymon, saitama, bakugo
[ 112/700 ] LOSS   38 turns   akame, minene, sayaka  vs  ganta, kurotsuchi, ladydevimon
[ 113/700 ] LOSS   24 turns   akame, inuyasha, muichiro  vs  levi, gray, noelle
Applying bleed effect! Checking special code
[ 114/700 ] WIN    25 turns   akame, power, mercury  vs  kaiba, toph, tatsumi
[ 115/700 ] WIN    10 turns   akame, alphamon, sasuke  vs  hawkmon, crona, adam
[ 116/700 ] LOSS   23 turns   akame, horohoro, sayaka  vs  uraraka, noelle, tatsumi
[ 117/700 ] WIN    47 turns   akame, ryohei, emiyaarcher  vs  orihime, kaiba, boruto
[ 118/700 ] LOSS   15 turns   akame, alphamon, natsu  vs  shinra, saitama, ichigo
[ 119/700 ] LOSS   18 turns   akame, byakuya, yoh  vs  ryuko, veldora, eren
[ 120/700 ] WIN    20 turns   akame, rimuru, jack  vs  sukuna, emiyaarcher, mami
Applying bleed effect! Checking special code
Applying bleed effect! Checking special code
Applying bleed effect! Checking special code
Applying bleed effect! Checking special code
Applying bleed effect! Checking special code
Applying bleed effect! Checking special code
Applying bleed effect! Checking special code
Applying bleed effect! Checking special code
Applying bleed effect! Checking special code
[ 121/700 ] LOSS   17 turns   akame, hisoka, ken  vs  inosuke, megumin, rakko
[ 122/700 ] LOSS   33 turns   akame, usopp, alphamon  vs  shiro, cell, gohan
[ 123/700 ] WIN    18 turns   akame, zenitsu, crona  vs  sasuke, mami, sukuna
[ 124/700 ] LOSS   23 turns   akame, ryohei, tsubaki  vs  asta, bakugo, megumin
[ 125/700 ] LOSS   23 turns   akame, edward, veldora  vs  yoh, neferpitou, korra
[ 126/700 ] LOSS   21 turns   akame, megumi, meliodas  vs  inuyasha, uranus, frankenstein
[ 127/700 ] WIN    37 turns   akame, cooler, saturn  vs  shiro, mercury, gilgamesh
Applying bleed effect! Checking special code
Applying bleed effect! Checking special code
Applying bleed effect! Checking special code
Applying bleed effect! Checking special code
[ 128/700 ] WIN    31 turns   akame, hisoka, rengoku  vs  kaiba, muichiro, semiramis
Applying bleed effect! Checking special code
Applying bleed effect! Checking special code
Applying bleed effect! Checking special code
Applying bleed effect! Checking special code
[ 129/700 ] WIN    29 turns   akame, diane, mikasa  vs  vegeta, astolfo, nonon
Applying bleed effect! Checking special code
[ 130/700 ] WIN    26 turns   akame, misaka, kurapika  vs  power, hinata, gojo
[ 131/700 ] WIN    29 turns   akame, nimaiya, todoroki  vs  ban, chrome, veldora
[ 132/700 ] WIN    30 turns   akame, tatsumaki, chrome  vs  allmight, meliodas, satsuki
[ 133/700 ] LOSS   17 turns   akame, gilgamesh, rimuru  vs  orihime, luffy, midoriya
[ 134/700 ] LOSS   16 turns   akame, ban, asta  vs  sayaka, jack, natsu
Applying bleed effect! Checking special code
Applying bleed effect! Checking special code
Applying bleed effect! Checking special code
[ 135/700 ] WIN    37 turns   akame, satsuki, emiya  vs  zoro, semiramis, rakko
Applying bleed effect! Checking special code
[ 136/700 ] LOSS   19 turns   akame, power, hisoka  vs  emiyaarcher, koro, squalo
[ 137/700 ] LOSS   17 turns   akame, muichiro, zenitsu  vs  cell, gray, jaden
[ 138/700 ] LOSS   24 turns   akame, erza, myotismon  vs  semiramis, inuyasha, broly
Applying bleed effect! Checking special code
Applying bleed effect! Checking special code
Applying bleed effect! Checking special code
Applying bleed effect! Checking special code
Applying bleed effect! Checking special code
Applying bleed effect! Checking special code
Applying bleed effect! Checking special code
Applying bleed effect! Checking special code
Applying bleed effect! Checking special code
Applying bleed effect! Checking special code
Applying bleed effect! Checking special code
[ 139/700 ] WIN    17 turns   akame, blackwargreymon, king  vs  crona, hinata, usopp
[ 140/700 ] LOSS   14 turns   akame, hisoka, mami  vs  asta, mine, byakuya
[ 141/700 ] LOSS   24 turns   akame, nonon, crona  vs  gohan, lucy, ryohei
[ 142/700 ] LOSS   19 turns   akame, gasai, hawkmon  vs  gon, gallantmon, vegeta
Applying bleed effect! Checking special code
[ 143/700 ] LOSS   16 turns   akame, gilgamesh, ladydevimon  vs  tatsumi, sayaka, diane
[ 144/700 ] LOSS   40 turns   akame, koro, eren  vs  sakura, esdeath, hinata
[ 145/700 ] LOSS   18 turns   akame, rimuru, minene  vs  maka, blackstar, mine
[ 146/700 ] LOSS   25 turns   akame, jaden, kaiba  vs  vegeta, toga, zoro
Applying bleed effect! Checking special code
Applying bleed effect! Checking special code
Applying bleed effect! Checking special code
Applying bleed effect! Checking special code
[ 147/700 ] LOSS   22 turns   akame, gray, impmon  vs  rob, kuroko, rakko
[ 148/700 ] LOSS   19 turns   akame, hisoka, noelle  vs  gilgamesh, tanjiro, natsu
Applying bleed effect! Checking special code
Applying bleed effect! Checking special code
[ 149/700 ] WIN    20 turns   akame, nobara, bakugo  vs  rakko, kurotsuchi, minene
[ 150/700 ] LOSS   21 turns   akame, bakugo, squalo  vs  yuno, esdeath, edward
[ 151/700 ] LOSS   29 turns   akame, impmon, aiohto  vs  jesse, kaiba, broly
[ 152/700 ] WIN    72 turns   akame, lucy, meliodas  vs  orihime, toudou, uraraka
[ 153/700 ] WIN    30 turns   akame, blackwargreymon, cooler  vs  venus, inuyasha, ace
Applying bleed effect! Checking special code
Applying bleed effect! Checking special code
[ 154/700 ] WIN    25 turns   akame, halibel, neferpitou  vs  emiya, diane, tsubaki
[ 155/700 ] LOSS   14 turns   akame, sasuke, shiro  vs  ryuko, hisoka, rob
Applying bleed effect! Checking special code
Applying bleed effect! Checking special code
[ 156/700 ] LOSS   28 turns   akame, cell, uzui  vs  venus, inosuke, lucy
[ 157/700 ] WIN    19 turns   akame, ganta, nagisa  vs  yuji, mine, ken
Applying bleed effect! Checking special code
Applying bleed effect! Checking special code
Applying bleed effect! Checking special code
Applying bleed effect! Checking special code
Applying bleed effect! Checking special code
Applying bleed effect! Checking special code
Applying bleed effect! Checking special code
[ 158/700 ] LOSS   15 turns   akame, saber, shinra  vs  saitama, ken, mami
[ 159/700 ] LOSS   17 turns   akame, usopp, jinwoo  vs  luffy, shiro, omnimon
Applying bleed effect! Checking special code
Applying bleed effect! Checking special code
Applying bleed effect! Checking special code
[ 160/700 ] LOSS   28 turns   akame, yamamoto, king  vs  noelle, lizandpatty, venus
[ 161/700 ] LOSS   23 turns   akame, hashirama, tatsumi  vs  tamaki, saitama, megumi
[ 162/700 ] LOSS   17 turns   akame, meliodas, hawkmon  vs  natsu, asta, hinata
[ 163/700 ] WIN    50 turns   akame, alphonse, machinedramon  vs  hawkmon, megumi, edward
[ 164/700 ] WIN    23 turns   akame, ace, jinwoo  vs  tsunayoshi, hisoka, goku
[ 165/700 ] LOSS   16 turns   akame, blackwargreymon, machinedramon  vs  hibari, myotismon, uranus
Applying bleed effect! Checking special code
Applying bleed effect! Checking special code
Applying bleed effect! Checking special code
Applying bleed effect! Checking special code
Applying bleed effect! Checking special code
[ 166/700 ] LOSS   14 turns   akame, sheele, shinra  vs  ace, king, yugi
[ 167/700 ] WIN    40 turns   akame, kuroko, diane  vs  lucy, toga, frieren
[ 168/700 ] WIN    28 turns   akame, tokoyami, aang  vs  noelle, naruto, ban
[ 169/700 ] LOSS   34 turns   akame, marco, ganta  vs  death, tatsumaki, frieren
[ 170/700 ] LOSS   24 turns   akame, muichiro, jinwoo  vs  nel, mavis, alphamon
Yubel's S1 Triggered!
Yubel's S1 Triggered!
[ 171/700 ] LOSS   35 turns   akame, hinata, nobara  vs  yubel, sakura, gojo
[ 172/700 ] LOSS   20 turns   akame, shiro, korra  vs  gohan, nimaiya, orihime
Applying bleed effect! Checking special code
Applying bleed effect! Checking special code
Applying bleed effect! Checking special code
[ 173/700 ] LOSS   18 turns   akame, tokoyami, rengoku  vs  saber, gon, gohan
[ 174/700 ] WIN    22 turns   akame, yuno, cooler  vs  byakuya, veldora, tsuyu
[ 175/700 ] LOSS   27 turns   akame, ladydevimon, inuyasha  vs  eren, ban, gojo
[ 176/700 ] LOSS   17 turns   akame, cooler, toji  vs  sukuna, hisoka, todoroki
Applying bleed effect! Checking special code
[ 177/700 ] WIN    21 turns   akame, tsubasa, saitama  vs  denji, sakura, jeanne
[ 178/700 ] LOSS   25 turns   akame, vegeta, gon  vs  mikasa, nonon, astolfo
[ 179/700 ] WIN    40 turns   akame, saitama, ban  vs  muichiro, tatsumaki, hisoka
[ 180/700 ] LOSS   27 turns   akame, emiyaarcher, luffy  vs  tsunayoshi, gray, shiro
[ 181/700 ] LOSS   17 turns   akame, todoroki, nonon  vs  usopp, mars, megumin
[ 182/700 ] LOSS   40 turns   akame, kuroko, blackstar  vs  tanjiro, tamaki, alphonse
Applying bleed effect! Checking special code
[ 183/700 ] LOSS   24 turns   akame, ban, gojo  vs  toga, denji, nel
[ 184/700 ] LOSS   19 turns   akame, horohoro, levi  vs  satsuki, shinra, hibari
[ 185/700 ] LOSS   14 turns   akame, tsuyu, levi  vs  maka, gon, gallantmon
[ 186/700 ] LOSS   41 turns   akame, zoro, emiya  vs  nezuko, pegasus, tokoyami
[ 187/700 ] WIN    28 turns   akame, zenitsu, tatsumi  vs  gojo, yugi, xanxus
[ 188/700 ] LOSS   21 turns   akame, hibari, koro  vs  seventeen, tsubasa, rob
[ 189/700 ] WIN    32 turns   akame, ace, zoro  vs  sasuke, korra, shiro
[ 190/700 ] LOSS   20 turns   akame, byakuya, inuyasha  vs  pegasus, shiro, squalo
[ 191/700 ] LOSS   21 turns   akame, yuji, megumi  vs  touka, orihime, bakugo
[ 192/700 ] LOSS   22 turns   akame, tatsumaki, levi  vs  adam, lyserg, gunha
[ 193/700 ] WIN    19 turns   akame, shinra, nel  vs  shiro, lyserg, kaiba
[ 194/700 ] WIN    22 turns   akame, gallantmon, uzui  vs  ganta, midoriya, tatsumaki
[ 195/700 ] WIN    38 turns   akame, yuno, boruto  vs  alphonse, nonon, jeanne
Applying bleed effect! Checking special code
Applying bleed effect! Checking special code
Applying bleed effect! Checking special code
Applying bleed effect! Checking special code
Applying bleed effect! Checking special code
Applying bleed effect! Checking special code
[ 196/700 ] LOSS   23 turns   akame, noelle, king  vs  boruto, mars, tamaki
Applying bleed effect! Checking special code
Applying bleed effect! Checking special code
Applying bleed effect! Checking special code
[ 197/700 ] LOSS   25 turns   akame, denji, saturn  vs  shinoa, kitara, satsuki
[ 198/700 ] LOSS   18 turns   akame, zoro, touka  vs  byakuya, saturn, impmon
[ 199/700 ] LOSS   23 turns   akame, blackstar, mars  vs  rob, gray, yamamoto
[ 200/700 ] LOSS   19 turns   akame, tatsumaki, mine  vs  jeanne, broly, levi
[ 201/700 ] LOSS   19 turns   akame, impmon, edward  vs  sheele, killua, blackstar
[ 202/700 ] WIN    24 turns   akame, usopp, luffy  vs  ace, ban, esdeath
Applying bleed effect! Checking special code
Applying bleed effect! Checking special code
[ 203/700 ] LOSS   14 turns   akame, sayaka, sasuke  vs  jack, denji, renamon
Applying bleed effect! Checking special code
Applying bleed effect! Checking special code
Applying bleed effect! Checking special code
[ 204/700 ] LOSS   17 turns   akame, arthur, omnimon  vs  ace, rengoku, mami
Applying bleed effect! Checking special code
Applying bleed effect! Checking special code
Applying bleed effect! Checking special code
Applying bleed effect! Checking special code
Applying bleed effect! Checking special code
Applying bleed effect! Checking special code
Applying bleed effect! Checking special code
Applying bleed effect! Checking special code
Applying bleed effect! Checking special code
Applying bleed effect! Checking special code
Applying bleed effect! Checking special code
Applying bleed effect! Checking special code
[ 205/700 ] LOSS   21 turns   akame, byakuya, king  vs  semiramis, marco, yuji
[ 206/700 ] WIN    22 turns   akame, neferpitou, mercury  vs  gon, byakuya, bakugo
[ 207/700 ] WIN    18 turns   akame, sukuna, ace  vs  veldora, sayaka, saitama
Applying bleed effect! Checking special code
[ 208/700 ] LOSS   12 turns   akame, nonon, denji  vs  korra, gunha, nimaiya
[ 209/700 ] WIN    27 turns   akame, itachi, myotismon  vs  hisoka, nobara, impmon
[ 210/700 ] LOSS   26 turns   akame, toudou, soul  vs  yubel, myotismon, cooler
[ 211/700 ] LOSS   32 turns   akame, jaden, tsubasa  vs  emiyaarcher, myotismon, kid
Applying bleed effect! Checking special code
Applying bleed effect! Checking special code
Applying bleed effect! Checking special code
Applying bleed effect! Checking special code
Applying bleed effect! Checking special code
Applying bleed effect! Checking special code
Applying bleed effect! Checking special code
[ 212/700 ] WIN    59 turns   akame, mercury, natsu  vs  rakko, inosuke, toph
[ 213/700 ] LOSS   21 turns   akame, gohan, jack  vs  yoh, hisoka, killua
[ 214/700 ] WIN    32 turns   akame, seventeen, toph  vs  gunha, maka, naruto
Applying bleed effect! Checking special code
Applying bleed effect! Checking special code
[ 215/700 ] LOSS   19 turns   akame, ryuko, tatsumaki  vs  itachi, pegasus, denji
[ 216/700 ] LOSS   33 turns   akame, venus, aang  vs  levi, maka, aiohto
[ 217/700 ] LOSS   20 turns   akame, uranus, aang  vs  sheele, nonon, midoriya
[ 218/700 ] LOSS   37 turns   akame, crona, nobara  vs  lyserg, halibel, kitara
[ 219/700 ] LOSS   30 turns   akame, omnimon, saber  vs  ganta, ban, itachi
[ 220/700 ] LOSS   11 turns   akame, venus, luffy  vs  nimaiya, gunha, tsubasa
Applying bleed effect! Checking special code
Applying bleed effect! Checking special code
Applying bleed effect! Checking special code
Applying bleed effect! Checking special code
[ 221/700 ] LOSS   18 turns   akame, denji, death  vs  zoro, jaden, nagisa
[ 222/700 ] WIN    28 turns   akame, natsu, yuji  vs  yubel, squalo, tatsumaki
[ 223/700 ] WIN    14 turns   akame, megumi, satsuki  vs  jesse, hawkmon, rengoku
Applying bleed effect! Checking special code
Applying bleed effect! Checking special code
Applying bleed effect! Checking special code
[ 224/700 ] LOSS   24 turns   akame, crona, hibari  vs  ganta, gray, inosuke
Applying bleed effect! Checking special code
Applying bleed effect! Checking special code
Applying bleed effect! Checking special code
Applying bleed effect! Checking special code
Applying bleed effect! Checking special code
Applying bleed effect! Checking special code
Applying bleed effect! Checking special code
Applying bleed effect! Checking special code
Applying bleed effect! Checking special code
Applying bleed effect! Checking special code
Applying bleed effect! Checking special code
[ 225/700 ] LOSS   21 turns   akame, mash, ken  vs  nezuko, satsuki, rakko
Applying bleed effect! Checking special code
Applying bleed effect! Checking special code
Applying bleed effect! Checking special code
[ 226/700 ] LOSS   24 turns   akame, mercury, halibel  vs  nonon, rakko, todoroki
Applying bleed effect! Checking special code
Applying bleed effect! Checking special code
Applying bleed effect! Checking special code
Applying bleed effect! Checking special code
Applying bleed effect! Checking special code
Applying bleed effect! Checking special code
[ 227/700 ] LOSS   13 turns   akame, toph, gray  vs  gilgamesh, ken, yugi
[ 228/700 ] LOSS   29 turns   akame, squalo, touka  vs  arthur, mash, nonon
[ 229/700 ] LOSS   18 turns   akame, chrome, lyserg  vs  inosuke, aiohto, killua
[ 230/700 ] WIN    38 turns   akame, jaden, marco  vs  todoroki, uraraka, rimuru
[ 231/700 ] LOSS   21 turns   akame, frieren, hinata  vs  kurapika, broly, gallantmon
[ 232/700 ] LOSS   19 turns   akame, inosuke, rimuru  vs  gasai, yubel, nel
[ 233/700 ] LOSS   32 turns   akame, ryohei, allmight  vs  shinoa, jesse, gunha
[ 234/700 ] LOSS   21 turns   akame, korra, mash  vs  shinoa, hinata, shokuhou
Applying bleed effect! Checking special code
Applying bleed effect! Checking special code
Applying bleed effect! Checking special code
Applying bleed effect! Checking special code
[ 235/700 ] LOSS   18 turns   akame, uzui, usopp  vs  gatomon, inosuke, emiya
[ 236/700 ] LOSS   15 turns   akame, kurapika, hawkmon  vs  itachi, venus, neferpitou
[ 237/700 ] LOSS   26 turns   akame, gon, soul  vs  hawkmon, sakura, blackstar
Applying bleed effect! Checking special code
Applying bleed effect! Checking special code
Applying bleed effect! Checking special code
[ 238/700 ] LOSS   16 turns   akame, venus, rengoku  vs  broly, lyserg, jaden
[ 239/700 ] WIN    37 turns   akame, gallantmon, squalo  vs  toph, nezuko, tsuyu
Applying bleed effect! Checking special code
[ 240/700 ] LOSS   31 turns   akame, gilgamesh, gojo  vs  zoro, mikasa, power
[ 241/700 ] WIN    22 turns   akame, adam, mars  vs  shinoa, death, omnimon
[ 242/700 ] LOSS   22 turns   akame, uranus, pegasus  vs  minene, nel, gilgamesh
[ 243/700 ] WIN    16 turns   akame, sayaka, cell  vs  ace, crona, astolfo
[ 244/700 ] LOSS   23 turns   akame, tamaki, crona  vs  nonon, gogeta, eren
[ 245/700 ] LOSS   25 turns   akame, nezuko, crona  vs  frankenstein, aang, jesse
[ 246/700 ] LOSS   17 turns   akame, sheele, gojo  vs  mercury, yuno, ganta
[ 247/700 ] LOSS   12 turns   akame, pegasus, shinra  vs  muichiro, yamamoto, luffy
[ 248/700 ] LOSS   19 turns   akame, ichibe, cooler  vs  marco, jack, asta
[ 249/700 ] LOSS   17 turns   akame, blackwargreymon, shokuhou  vs  toudou, frankenstein, alphamon
[ 250/700 ] LOSS   26 turns   akame, saturn, yoh  vs  ryuko, rimuru, emiyaarcher
[ 251/700 ] LOSS   19 turns   akame, ichigo, aang  vs  myotismon, meliodas, renamon
[ 252/700 ] LOSS   16 turns   akame, misaka, soul  vs  gon, uzui, nel
Applying bleed effect! Checking special code
Applying bleed effect! Checking special code
Applying bleed effect! Checking special code
[ 253/700 ] WIN    30 turns   akame, rengoku, yubel  vs  adam, yugi, sayaka
[ 254/700 ] LOSS   42 turns   akame, mikasa, arthur  vs  shinoa, allmight, cooler
Applying bleed effect! Checking special code
Applying bleed effect! Checking special code
[ 255/700 ] LOSS   30 turns   akame, frieren, erza  vs  meliodas, nel, denji
Applying bleed effect! Checking special code
Applying bleed effect! Checking special code
Applying bleed effect! Checking special code
[ 256/700 ] LOSS   15 turns   akame, genos, rakko  vs  esdeath, seventeen, gasai
[ 257/700 ] WIN    16 turns   akame, nonon, marco  vs  shokuhou, mikasa, sayaka
[ 258/700 ] LOSS   24 turns   akame, nobara, meliodas  vs  alphonse, yugi, kurapika
Applying bleed effect! Checking special code
Applying bleed effect! Checking special code
Applying bleed effect! Checking special code
[ 259/700 ] LOSS   26 turns   akame, nobara, misaka  vs  mikasa, diane, gilgamesh
[ 260/700 ] LOSS   24 turns   akame, esdeath, bakugo  vs  vegeta, chrome, noelle
Applying bleed effect! Checking special code
[ 261/700 ] LOSS   20 turns   akame, rengoku, uzui  vs  yoh, tatsumi, sakura
[ 262/700 ] WIN    26 turns   akame, inuyasha, mavis  vs  shiro, megumin, todoroki
Applying bleed effect! Checking special code
Applying bleed effect! Checking special code
Applying bleed effect! Checking special code
Applying bleed effect! Checking special code
Applying bleed effect! Checking special code
Applying bleed effect! Checking special code
Applying bleed effect! Checking special code
Applying bleed effect! Checking special code
[ 263/700 ] LOSS   20 turns   akame, ken, tokoyami  vs  seventeen, nezuko, toudou
[ 264/700 ] LOSS   25 turns   akame, ryuko, maka  vs  renamon, mami, cooler
[ 265/700 ] LOSS   21 turns   akame, hinata, kitara  vs  tamaki, nonon, gogeta
[ 266/700 ] LOSS   23 turns   akame, lucy, mami  vs  tatsumaki, gasai, ichibe
Applying bleed effect! Checking special code
Applying bleed effect! Checking special code
Applying bleed effect! Checking special code
Applying bleed effect! Checking special code
Applying bleed effect! Checking special code
[ 267/700 ] WIN    33 turns   akame, madoka, toph  vs  yuji, power, marco
[ 268/700 ] LOSS   26 turns   akame, saturn, korra  vs  omnimon, mami, toji
Applying bleed effect! Checking special code
Applying bleed effect! Checking special code
Applying bleed effect! Checking special code
Applying bleed effect! Checking special code
Applying bleed effect! Checking special code
Applying bleed effect! Checking special code
Applying bleed effect! Checking special code
Applying bleed effect! Checking special code
[ 269/700 ] WIN    22 turns   akame, lyserg, ken  vs  midoriya, bakugo, kaiba
[ 270/700 ] LOSS   21 turns   akame, tsubaki, esdeath  vs  toga, megumin, shiro
[ 271/700 ] LOSS   21 turns   akame, toga, tsubasa  vs  alphamon, horohoro, blackwargreymon
Yubel's S1 Triggered!
[ 272/700 ] LOSS   16 turns   akame, yubel, cooler  vs  nagisa, yugi, shinra
[ 273/700 ] LOSS   26 turns   akame, usopp, gogeta  vs  uraraka, alphonse, ladydevimon
[ 274/700 ] LOSS   26 turns   akame, hibari, tsubasa  vs  yamamoto, toudou, gasai
[ 275/700 ] WIN    33 turns   akame, blackstar, esdeath  vs  minene, yuji, hibari
[ 276/700 ] LOSS   20 turns   akame, alphonse, gohan  vs  mami, hisoka, squalo
[ 277/700 ] WIN    18 turns   akame, levi, chrome  vs  noelle, arthur, diane
[ 278/700 ] LOSS   14 turns   akame, gon, hawkmon  vs  ganta, mikasa, saber
[ 279/700 ] LOSS   17 turns   akame, omnimon, yoh  vs  cell, genos, hinata
[ 280/700 ] LOSS   20 turns   akame, luffy, maka  vs  boruto, xanxus, ladydevimon
[ 281/700 ] LOSS   37 turns   akame, death, aang  vs  ryohei, tsubasa, megumin
[ 282/700 ] WIN    20 turns   akame, shinoa, gray  vs  ryuko, crona, tsubaki
[ 283/700 ] LOSS   13 turns   akame, nagisa, nobara  vs  tsubasa, luffy, tamaki
[ 284/700 ] LOSS   15 turns   akame, gatomon, luffy  vs  nimaiya, toga, yugi
[ 285/700 ] WIN    27 turns   akame, pegasus, gojo  vs  allmight, tsubasa, sakura
[ 286/700 ] LOSS   14 turns   akame, meliodas, saber  vs  rob, ace, megumi
[ 287/700 ] LOSS   15 turns   akame, tokoyami, xanxus  vs  astolfo, yuno, impmon
[ 288/700 ] LOSS   18 turns   akame, yuji, rimuru  vs  koro, edward, ryohei
[ 289/700 ] LOSS   34 turns   akame, hinata, mars  vs  ichibe, nimaiya, naruto
[ 290/700 ] LOSS   30 turns   akame, impmon, myotismon  vs  midoriya, itachi, nezuko
[ 291/700 ] WIN    25 turns   akame, uranus, killua  vs  nezuko, levi, astolfo
[ 292/700 ] LOSS   48 turns   akame, yamamoto, arthur  vs  allmight, yoh, toph
[ 293/700 ] LOSS   12 turns   akame, alphonse, nonon  vs  tanjiro, yamamoto, seventeen
Applying bleed effect! Checking special code
Applying bleed effect! Checking special code
Applying bleed effect! Checking special code
Applying bleed effect! Checking special code
[ 294/700 ] LOSS   17 turns   akame, crona, king  vs  nezuko, tamaki, sayaka
[ 295/700 ] LOSS   21 turns   akame, gojo, myotismon  vs  tsubasa, mercury, aang
[ 296/700 ] LOSS   23 turns   akame, marco, jack  vs  zenitsu, levi, neferpitou
[ 297/700 ] LOSS   24 turns   akame, kaiba, halibel  vs  frankenstein, death, yugi
[ 298/700 ] WIN    26 turns   akame, mash, mars  vs  tsuyu, itachi, shokuhou
[ 299/700 ] WIN    17 turns   akame, frieren, adam  vs  aang, frankenstein, jeanne
[ 300/700 ] LOSS   16 turns   akame, tsubasa, power  vs  tatsumi, ichibe, misaka
[ 301/700 ] LOSS   16 turns   akame, gallantmon, machinedramon  vs  kaiba, shiro, emiyaarcher
Applying bleed effect! Checking special code
Applying bleed effect! Checking special code
Applying bleed effect! Checking special code
Applying bleed effect! Checking special code
Applying bleed effect! Checking special code
Applying bleed effect! Checking special code
[ 302/700 ] WIN    32 turns   akame, muichiro, alphamon  vs  eren, king, crona
[ 303/700 ] LOSS   17 turns   akame, inuyasha, sasuke  vs  horohoro, ichigo, sukuna
Applying bleed effect! Checking special code
[ 304/700 ] LOSS   14 turns   akame, touka, power  vs  chrome, midoriya, aiohto
[ 305/700 ] LOSS   17 turns   akame, yoh, esdeath  vs  muichiro, megumi, rob
[ 306/700 ] LOSS   21 turns   akame, lucy, goku  vs  ichibe, yugi, noelle
Yubel's S1 Triggered!
[ 307/700 ] LOSS   26 turns   akame, horohoro, saber  vs  yuji, yubel, lizandpatty
[ 308/700 ] WIN    36 turns   akame, ichigo, kurotsuchi  vs  adam, sukuna, goku
Applying bleed effect! Checking special code
[ 309/700 ] LOSS   17 turns   akame, gasai, esdeath  vs  luffy, toji, diane
[ 310/700 ] LOSS   12 turns   akame, hibari, cooler  vs  impmon, horohoro, lizandpatty
[ 311/700 ] LOSS   17 turns   akame, alphonse, hibari  vs  levi, ichibe, tanjiro
[ 312/700 ] LOSS   27 turns   akame, eren, megumin  vs  rimuru, gohan, chrome
[ 313/700 ] LOSS   18 turns   akame, hibari, jeanne  vs  jesse, semiramis, yamamoto
Applying bleed effect! Checking special code
[ 314/700 ] LOSS   22 turns   akame, kid, jesse  vs  pegasus, cooler, power
[ 315/700 ] LOSS   25 turns   akame, saitama, yuno  vs  ban, minene, lizandpatty
[ 316/700 ] LOSS   14 turns   akame, byakuya, crona  vs  alphonse, shinoa, cell
[ 317/700 ] LOSS   35 turns   akame, jupiter, kid  vs  adam, soul, toph
[ 318/700 ] LOSS   20 turns   akame, gohan, ichigo  vs  gatomon, gilgamesh, itachi
Applying bleed effect! Checking special code
[ 319/700 ] WIN    43 turns   akame, rimuru, levi  vs  chrome, ryohei, rakko
[ 320/700 ] LOSS   50 turns   akame, mars, kuroko  vs  aiohto, lucy, uraraka
[ 321/700 ] LOSS   23 turns   akame, tsubaki, veldora  vs  omnimon, tsuyu, ladydevimon
Applying bleed effect! Checking special code
[ 322/700 ] LOSS   14 turns   akame, allmight, ace  vs  jinwoo, shinoa, rengoku
[ 323/700 ] LOSS   23 turns   akame, venus, tsuyu  vs  midoriya, death, levi
Applying bleed effect! Checking special code
Applying bleed effect! Checking special code
Applying bleed effect! Checking special code
Applying bleed effect! Checking special code
[ 324/700 ] LOSS   15 turns   akame, rengoku, ryohei  vs  halibel, king, yugi
[ 325/700 ] LOSS   15 turns   akame, jack, tsuyu  vs  tatsumaki, alphamon, killua
[ 326/700 ] WIN    26 turns   akame, ace, misaka  vs  vegeta, uzui, emiya
[ 327/700 ] LOSS   18 turns   akame, emiya, mami  vs  jinwoo, erza, impmon
[ 328/700 ] LOSS   22 turns   akame, gogeta, uraraka  vs  allmight, inuyasha, saber
[ 329/700 ] LOSS   35 turns   akame, orihime, misaka  vs  tsuyu, saitama, alphonse
[ 330/700 ] LOSS   27 turns   akame, toga, vegeta  vs  ichigo, hawkmon, mash
Applying bleed effect! Checking special code
Applying bleed effect! Checking special code
[ 331/700 ] LOSS   23 turns   akame, ryuko, todoroki  vs  ichibe, power, diane
[ 332/700 ] LOSS   27 turns   akame, kaiba, levi  vs  zenitsu, tsubaki, hawkmon
[ 333/700 ] LOSS   19 turns   akame, death, levi  vs  touka, zenitsu, korra
Applying bleed effect! Checking special code
Applying bleed effect! Checking special code
[ 334/700 ] LOSS   19 turns   akame, emiya, blackstar  vs  power, madoka, misaka
[ 335/700 ] WIN    27 turns   akame, astolfo, hinata  vs  mars, vegeta, tsubaki
[ 336/700 ] LOSS   27 turns   akame, levi, hinata  vs  kaiba, jinwoo, hisoka
[ 337/700 ] LOSS   15 turns   akame, cooler, sukuna  vs  nimaiya, todoroki, machinedramon
[ 338/700 ] LOSS   19 turns   akame, hisoka, venus  vs  genos, emiyaarcher, muichiro
Applying bleed effect! Checking special code
[ 339/700 ] WIN    14 turns   akame, jupiter, ganta  vs  power, vegeta, ichibe
[ 340/700 ] LOSS   22 turns   akame, satsuki, lyserg  vs  levi, noelle, yamamoto
[ 341/700 ] WIN    28 turns   akame, mavis, blackwargreymon  vs  gunha, hisoka, tsuyu
[ 342/700 ] WIN    52 turns   akame, asta, yoh  vs  adam, saber, nobara
[ 343/700 ] LOSS   18 turns   akame, tatsumi, marco  vs  alphonse, uranus, gallantmon
Applying bleed effect! Checking special code
Applying bleed effect! Checking special code
[ 344/700 ] LOSS   25 turns   akame, rengoku, tamaki  vs  boruto, nonon, megumin
[ 345/700 ] WIN    50 turns   akame, myotismon, kaiba  vs  minene, yamamoto, kitara
Applying bleed effect! Checking special code
Applying bleed effect! Checking special code
Applying bleed effect! Checking special code
[ 346/700 ] LOSS   14 turns   akame, lyserg, power  vs  yuji, hibari, gunha
Applying bleed effect! Checking special code
Applying bleed effect! Checking special code
Applying bleed effect! Checking special code
Applying bleed effect! Checking special code
Applying bleed effect! Checking special code
[ 347/700 ] LOSS   13 turns   akame, nezuko, rimuru  vs  asta, gogeta, ken
[ 348/700 ] LOSS   13 turns   akame, uzui, yoh  vs  jack, madoka, zenitsu
[ 349/700 ] LOSS   16 turns   akame, ban, hisoka  vs  luffy, killua, kuroko
[ 350/700 ] LOSS   17 turns   akame, luffy, jeanne  vs  saber, tsubasa, mine
[ 351/700 ] LOSS   20 turns   akame, toga, neferpitou  vs  kid, nagisa, jupiter
[ 352/700 ] WIN    30 turns   akame, lucy, tsubaki  vs  mars, toga, uranus
[ 353/700 ] LOSS   23 turns   akame, veldora, mikasa  vs  misaka, rimuru, uzui
Applying bleed effect! Checking special code
Applying bleed effect! Checking special code
Applying bleed effect! Checking special code
[ 354/700 ] LOSS   23 turns   akame, kid, halibel  vs  ken, cell, bakugo
[ 355/700 ] LOSS   17 turns   akame, yoh, mine  vs  satsuki, broly, itachi
Applying bleed effect! Checking special code
Applying bleed effect! Checking special code
Applying bleed effect! Checking special code
Applying bleed effect! Checking special code
Applying bleed effect! Checking special code
Applying bleed effect! Checking special code
Applying bleed effect! Checking special code
Applying bleed effect! Checking special code
Applying bleed effect! Checking special code
[ 356/700 ] WIN    18 turns   akame, ken, kurapika  vs  gray, madoka, semiramis
Applying bleed effect! Checking special code
Applying bleed effect! Checking special code
Applying bleed effect! Checking special code
Applying bleed effect! Checking special code
Applying bleed effect! Checking special code
Applying bleed effect! Checking special code
[ 357/700 ] LOSS   19 turns   akame, emiyaarcher, rob  vs  sakura, yoh, ken
[ 358/700 ] LOSS   15 turns   akame, tatsumaki, todoroki  vs  killua, satsuki, tsuyu
[ 359/700 ] LOSS   21 turns   akame, sheele, emiya  vs  yuno, tsubasa, korra
[ 360/700 ] LOSS   17 turns   akame, squalo, frankenstein  vs  omnimon, pegasus, emiyaarcher
[ 361/700 ] WIN    38 turns   akame, ace, rimuru  vs  myotismon, jinwoo, mikasa
[ 362/700 ] LOSS   27 turns   akame, nonon, mash  vs  ryuko, semiramis, toudou
[ 363/700 ] WIN    29 turns   akame, usopp, nezuko  vs  hawkmon, yuno, toudou
[ 364/700 ] LOSS   16 turns   akame, madoka, orihime  vs  hibari, sasuke, neferpitou
[ 365/700 ] LOSS   15 turns   akame, nezuko, megumi  vs  toudou, jack, kuroko
[ 366/700 ] WIN    19 turns   akame, gray, ace  vs  gogeta, halibel, chrome
[ 367/700 ] LOSS   21 turns   akame, arthur, allmight  vs  machinedramon, toudou, yamamoto
[ 368/700 ] LOSS   17 turns   akame, megumin, cooler  vs  zenitsu, genos, veldora
[ 369/700 ] LOSS   20 turns   akame, luffy, inuyasha  vs  astolfo, kid, tanjiro
[ 370/700 ] LOSS   24 turns   akame, denji, toudou  vs  megumi, kaiba, gunha
[ 371/700 ] WIN    27 turns   akame, tsunayoshi, maka  vs  sukuna, sheele, jeanne
[ 372/700 ] WIN    20 turns   akame, ladydevimon, sasuke  vs  mercury, yubel, inuyasha
Applying bleed effect! Checking special code
Applying bleed effect! Checking special code
Applying bleed effect! Checking special code
Applying bleed effect! Checking special code
Applying bleed effect! Checking special code
Applying bleed effect! Checking special code
Applying bleed effect! Checking special code
[ 373/700 ] LOSS   15 turns   akame, saitama, hibari  vs  arthur, gon, ken
Yubel's S1 Triggered!
Applying bleed effect! Checking special code
Yubel's S1 Triggered!
[ 374/700 ] LOSS   21 turns   akame, nobara, king  vs  ichigo, gatomon, yubel
[ 375/700 ] LOSS   22 turns   akame, adam, midoriya  vs  tsubaki, zenitsu, cell
[ 376/700 ] LOSS   14 turns   akame, venus, horohoro  vs  shinoa, kitara, mercury
[ 377/700 ] LOSS   15 turns   akame, hibari, usopp  vs  tatsumaki, seventeen, hisoka
[ 378/700 ] WIN    32 turns   akame, misaka, maka  vs  horohoro, tanjiro, pegasus
[ 379/700 ] LOSS   22 turns   akame, mami, power  vs  sasuke, uranus, naruto
Applying bleed effect! Checking special code
Applying bleed effect! Checking special code
[ 380/700 ] WIN    50 turns   akame, xanxus, touka  vs  alphonse, emiyaarcher, inosuke
[ 381/700 ] LOSS   20 turns   akame, lyserg, ace  vs  alphonse, maka, inuyasha
[ 382/700 ] LOSS   14 turns   akame, yubel, sakura  vs  cooler, yuno, meliodas
[ 383/700 ] LOSS   30 turns   akame, alphamon, hawkmon  vs  nagisa, bakugo, nonon
Applying bleed effect! Checking special code
[ 384/700 ] LOSS   24 turns   akame, gunha, denji  vs  arthur, muichiro, esdeath
[ 385/700 ] LOSS   48 turns   akame, ryuko, eren  vs  sasuke, sakura, koro
[ 386/700 ] LOSS   14 turns   akame, yuji, veldora  vs  tatsumi, tsubaki, touka
[ 387/700 ] WIN    39 turns   akame, blackwargreymon, tokoyami  vs  shinoa, pegasus, tsunayoshi
[ 388/700 ] LOSS   41 turns   akame, mavis, rob  vs  omnimon, killua, shinra
[ 389/700 ] LOSS   17 turns   akame, squalo, byakuya  vs  marco, tatsumi, ban
[ 390/700 ] LOSS   18 turns   akame, ryuko, madoka  vs  ace, emiyaarcher, crona
[ 391/700 ] LOSS   24 turns   akame, soul, mash  vs  hashirama, goku, korra
[ 392/700 ] WIN    21 turns   akame, gon, zenitsu  vs  sasuke, touka, xanxus
[ 393/700 ] WIN    23 turns   akame, tatsumi, aang  vs  aiohto, yoh, misaka
[ 394/700 ] LOSS   19 turns   akame, frankenstein, hashirama  vs  jinwoo, mine, rakko
[ 395/700 ] LOSS   23 turns   akame, midoriya, tsubaki  vs  zoro, boruto, ichigo
[ 396/700 ] WIN    21 turns   akame, nonon, tamaki  vs  genos, emiya, horohoro
Applying bleed effect! Checking special code
Applying bleed effect! Checking special code
Applying bleed effect! Checking special code
Applying bleed effect! Checking special code
Applying bleed effect! Checking special code
Applying bleed effect! Checking special code
[ 397/700 ] LOSS   17 turns   akame, tsuyu, misaka  vs  tsunayoshi, touka, ken
[ 398/700 ] LOSS   35 turns   akame, gilgamesh, uranus  vs  mars, saturn, inuyasha
[ 399/700 ] WIN    29 turns   akame, rob, mash  vs  usopp, impmon, jesse
[ 400/700 ] LOSS   19 turns   akame, tatsumaki, sukuna  vs  hashirama, ladydevimon, arthur
[ 401/700 ] LOSS   16 turns   akame, genos, rimuru  vs  erza, byakuya, tsunayoshi
[ 402/700 ] LOSS   16 turns   akame, todoroki, venus  vs  myotismon, killua, renamon
[ 403/700 ] WIN    20 turns   akame, vegeta, jack  vs  ladydevimon, soul, nezuko
[ 404/700 ] LOSS   15 turns   akame, astolfo, inosuke  vs  touka, nel, hisoka
Applying bleed effect! Checking special code
Applying bleed effect! Checking special code
Applying bleed effect! Checking special code
[ 405/700 ] LOSS   39 turns   akame, death, goku  vs  venus, mami, diane
[ 406/700 ] LOSS   18 turns   akame, uzui, astolfo  vs  korra, mavis, xanxus
Applying bleed effect! Checking special code
Applying bleed effect! Checking special code
Applying bleed effect! Checking special code
Applying bleed effect! Checking special code
Applying bleed effect! Checking special code
[ 407/700 ] LOSS   28 turns   akame, denji, megumin  vs  rakko, myotismon, ban
[ 408/700 ] LOSS   22 turns   akame, ganta, gon  vs  horohoro, koro, todoroki
[ 409/700 ] LOSS   45 turns   akame, edward, shiro  vs  halibel, muichiro, blackwargreymon
[ 410/700 ] WIN    26 turns   akame, ban, gunha  vs  ichigo, chrome, shiro
[ 411/700 ] LOSS   33 turns   akame, tamaki, emiya  vs  allmight, tsunayoshi, squalo
[ 412/700 ] WIN    22 turns   akame, broly, cell  vs  madoka, jeanne, arthur
[ 413/700 ] LOSS   26 turns   akame, killua, allmight  vs  tamaki, muichiro, ryuko
[ 414/700 ] LOSS   55 turns   akame, jupiter, sasuke  vs  yoh, kurapika, gohan
[ 415/700 ] LOSS   16 turns   akame, inuyasha, itachi  vs  blackstar, sasuke, bakugo
Applying bleed effect! Checking special code
Applying bleed effect! Checking special code
Applying bleed effect! Checking special code
Applying bleed effect! Checking special code
[ 416/700 ] LOSS   14 turns   akame, ken, hisoka  vs  frankenstein, jaden, ban
[ 417/700 ] LOSS   25 turns   akame, gohan, astolfo  vs  frankenstein, kurapika, rob
[ 418/700 ] LOSS   16 turns   akame, megumin, arthur  vs  mikasa, mami, hisoka
[ 419/700 ] LOSS   74 turns   akame, rimuru, ryohei  vs  sakura, venus, boruto
[ 420/700 ] LOSS   53 turns   akame, alphonse, gon  vs  jesse, kurapika, gohan
[ 421/700 ] WIN    32 turns   akame, genos, semiramis  vs  aiohto, cooler, eren
[ 422/700 ] LOSS   17 turns   akame, mami, jeanne  vs  nel, alphamon, rimuru
Yubel's S1 Triggered!
[ 423/700 ] WIN    17 turns   akame, ryohei, impmon  vs  tsubaki, yubel, semiramis
Applying bleed effect! Checking special code
Applying bleed effect! Checking special code
Applying bleed effect! Checking special code
Applying bleed effect! Checking special code
[ 424/700 ] WIN    34 turns   akame, jack, erza  vs  jeanne, noelle, rengoku
[ 425/700 ] LOSS   29 turns   akame, misaka, emiya  vs  tamaki, naruto, veldora
[ 426/700 ] LOSS   35 turns   akame, ryuko, ryohei  vs  omnimon, yuji, mash
[ 427/700 ] WIN    20 turns   akame, luffy, gogeta  vs  yuno, goku, killua
[ 428/700 ] LOSS   27 turns   akame, nonon, aang  vs  nel, nimaiya, ichibe
[ 429/700 ] LOSS   16 turns   akame, muichiro, uraraka  vs  lucy, emiyaarcher, nimaiya
[ 430/700 ] LOSS   29 turns   akame, shokuhou, crona  vs  tamaki, koro, mine
[ 431/700 ] LOSS   18 turns   akame, jinwoo, toji  vs  bakugo, toudou, nonon
[ 432/700 ] LOSS   11 turns   akame, blackwargreymon, muichiro  vs  madoka, halibel, luffy
Applying bleed effect! Checking special code
Applying bleed effect! Checking special code
Applying bleed effect! Checking special code
Applying bleed effect! Checking special code
Applying bleed effect! Checking special code
Applying bleed effect! Checking special code
Applying bleed effect! Checking special code
[ 433/700 ] LOSS   35 turns   akame, king, ladydevimon  vs  uranus, ichibe, myotismon
Applying bleed effect! Checking special code
Applying bleed effect! Checking special code
Applying bleed effect! Checking special code
Applying bleed effect! Checking special code
Applying bleed effect! Checking special code
Applying bleed effect! Checking special code
Applying bleed effect! Checking special code
Applying bleed effect! Checking special code
[ 434/700 ] LOSS   12 turns   akame, ryuko, impmon  vs  king, madoka, gojo
[ 435/700 ] WIN    19 turns   akame, touka, gray  vs  marco, aang, horohoro
[ 436/700 ] LOSS   23 turns   akame, levi, maka  vs  blackstar, tanjiro, sakura
[ 437/700 ] LOSS   20 turns   akame, meliodas, gatomon  vs  gon, tanjiro, adam
[ 438/700 ] LOSS   18 turns   akame, venus, tatsumaki  vs  seventeen, hinata, saitama
Applying bleed effect! Checking special code
[ 439/700 ] WIN    27 turns   akame, chrome, saturn  vs  gallantmon, gunha, rakko
[ 440/700 ] LOSS   21 turns   akame, jesse, gojo  vs  erza, hisoka, yamamoto
[ 441/700 ] LOSS   18 turns   akame, jeanne, xanxus  vs  ryohei, muichiro, nonon
[ 442/700 ] LOSS   35 turns   akame, levi, hinata  vs  natsu, tsubaki, yugi
[ 443/700 ] WIN    16 turns   akame, broly, nagisa  vs  saitama, esdeath, korra
[ 444/700 ] LOSS   15 turns   akame, horohoro, death  vs  saber, asta, cell
[ 445/700 ] WIN    16 turns   akame, usopp, hashirama  vs  kuroko, kurotsuchi, tokoyami
[ 446/700 ] WIN    20 turns   akame, maka, nagisa  vs  yuno, veldora, inuyasha
[ 447/700 ] LOSS   24 turns   akame, tatsumaki, ace  vs  pegasus, gatomon, kitara
[ 448/700 ] LOSS   17 turns   akame, arthur, renamon  vs  mavis, marco, lucy
[ 449/700 ] LOSS   22 turns   akame, sakura, erza  vs  megumin, adam, hinata
[ 450/700 ] WIN    36 turns   akame, yugi, frankenstein  vs  rob, halibel, boruto
Applying bleed effect! Checking special code
[ 451/700 ] WIN    24 turns   akame, ichigo, sayaka  vs  yuji, rengoku, inuyasha
[ 452/700 ] WIN    39 turns   akame, ichibe, ichigo  vs  gunha, lizandpatty, toudou
[ 453/700 ] LOSS   21 turns   akame, frieren, death  vs  edward, lucy, power
Applying bleed effect! Checking special code
Applying bleed effect! Checking special code
Applying bleed effect! Checking special code
Applying bleed effect! Checking special code
Applying bleed effect! Checking special code
Applying bleed effect! Checking special code
Applying bleed effect! Checking special code
[ 454/700 ] WIN    46 turns   akame, death, denji  vs  horohoro, cell, yamamoto
[ 455/700 ] LOSS   19 turns   akame, nel, goku  vs  mavis, gray, saturn
[ 456/700 ] LOSS   30 turns   akame, nel, touka  vs  zoro, ryuko, ladydevimon
[ 457/700 ] WIN    24 turns   akame, edward, maka  vs  shokuhou, gojo, marco
[ 458/700 ] LOSS   19 turns   akame, hibari, todoroki  vs  megumi, blackstar, tsubasa
[ 459/700 ] LOSS   20 turns   akame, tamaki, death  vs  jesse, frankenstein, hinata
[ 460/700 ] LOSS   19 turns   akame, gatomon, nezuko  vs  mars, usopp, nagisa
[ 461/700 ] LOSS   16 turns   akame, yoh, ichigo  vs  gon, genos, blackwargreymon
[ 462/700 ] LOSS   13 turns   akame, venus, gilgamesh  vs  hashirama, asta, ichibe
[ 463/700 ] LOSS   16 turns   akame, jinwoo, jeanne  vs  hibari, neferpitou, byakuya
[ 464/700 ] LOSS   32 turns   akame, horohoro, mercury  vs  megumin, mami, nel
[ 465/700 ] LOSS   34 turns   akame, blackwargreymon, nimaiya  vs  renamon, muichiro, edward
Applying bleed effect! Checking special code
Applying bleed effect! Checking special code
Applying bleed effect! Checking special code
[ 466/700 ] LOSS   16 turns   akame, inosuke, omnimon  vs  jeanne, midoriya, ryohei
[ 467/700 ] LOSS   23 turns   akame, sayaka, muichiro  vs  midoriya, hawkmon, saitama
[ 468/700 ] LOSS   16 turns   akame, megumi, killua  vs  hashirama, genos, hisoka
[ 469/700 ] LOSS   20 turns   akame, tatsumaki, ganta  vs  impmon, mami, vegeta
[ 470/700 ] LOSS   25 turns   akame, korra, ladydevimon  vs  blackstar, allmight, yamamoto
Applying bleed effect! Checking special code
Applying bleed effect! Checking special code
Applying bleed effect! Checking special code
Applying bleed effect! Checking special code
Applying bleed effect! Checking special code
[ 471/700 ] LOSS   32 turns   akame, horohoro, seventeen  vs  king, power, saturn
[ 472/700 ] LOSS   26 turns   akame, kaiba, byakuya  vs  mami, aiohto, jack
[ 473/700 ] LOSS   18 turns   akame, veldora, korra  vs  impmon, aiohto, ban
[ 474/700 ] WIN    17 turns   akame, hinata, yuno  vs  allmight, ichigo, mikasa
Applying bleed effect! Checking special code
Applying bleed effect! Checking special code
[ 475/700 ] LOSS   17 turns   akame, inosuke, venus  vs  myotismon, hashirama, rob
[ 476/700 ] LOSS   19 turns   akame, toga, ryohei  vs  levi, megumin, shinra
[ 477/700 ] LOSS   16 turns   akame, cooler, renamon  vs  gohan, ganta, madoka
[ 478/700 ] WIN    25 turns   akame, nagisa, rob  vs  alphonse, ace, blackwargreymon
[ 479/700 ] WIN    21 turns   akame, tokoyami, neferpitou  vs  shinoa, gojo, tamaki
Applying bleed effect! Checking special code
Applying bleed effect! Checking special code
[ 480/700 ] LOSS   21 turns   akame, denji, ganta  vs  uranus, omnimon, veldora
[ 481/700 ] LOSS   30 turns   akame, ichibe, tatsumaki  vs  zenitsu, jesse, renamon
[ 482/700 ] LOSS   63 turns   akame, sayaka, jesse  vs  halibel, tanjiro, uraraka
[ 483/700 ] LOSS   20 turns   akame, midoriya, ban  vs  blackwargreymon, korra, gunha
Applying bleed effect! Checking special code
Applying bleed effect! Checking special code
Applying bleed effect! Checking special code
Applying bleed effect! Checking special code
[ 484/700 ] LOSS   30 turns   akame, toph, kurotsuchi  vs  rakko, naruto, broly
Applying bleed effect! Checking special code
Applying bleed effect! Checking special code
Applying bleed effect! Checking special code
Applying bleed effect! Checking special code
[ 485/700 ] LOSS   25 turns   akame, inosuke, gallantmon  vs  gunha, ryohei, jeanne
[ 486/700 ] LOSS   14 turns   akame, cell, death  vs  mine, arthur, astolfo
[ 487/700 ] LOSS   31 turns   akame, blackstar, noelle  vs  boruto, saber, korra
[ 488/700 ] LOSS   16 turns   akame, death, uranus  vs  tsubasa, shiro, neferpitou
[ 489/700 ] WIN    36 turns   akame, yamamoto, soul  vs  ryuko, toudou, uranus
Applying bleed effect! Checking special code
Applying bleed effect! Checking special code
Applying bleed effect! Checking special code
Applying bleed effect! Checking special code
Applying bleed effect! Checking special code
[ 490/700 ] WIN    41 turns   akame, tsubaki, gunha  vs  ichigo, rengoku, goku
[ 491/700 ] LOSS   75 turns   akame, mami, hashirama  vs  marco, saturn, jeanne
[ 492/700 ] LOSS   33 turns   akame, cooler, aiohto  vs  vegeta, marco, meliodas
[ 493/700 ] LOSS   15 turns   akame, saber, allmight  vs  chrome, asta, toga
Applying bleed effect! Checking special code
Applying bleed effect! Checking special code
[ 494/700 ] WIN    33 turns   akame, halibel, marco  vs  itachi, ken, tsubasa
[ 495/700 ] LOSS   22 turns   akame, ban, allmight  vs  natsu, toudou, broly
[ 496/700 ] LOSS   20 turns   akame, ace, tsubaki  vs  uranus, alphamon, gogeta
[ 497/700 ] LOSS   16 turns   akame, alphonse, allmight  vs  frieren, kurapika, ganta
[ 498/700 ] LOSS   23 turns   akame, hawkmon, omnimon  vs  jupiter, noelle, tamaki
[ 499/700 ] WIN    29 turns   akame, ichibe, mash  vs  aiohto, diane, bakugo
[ 500/700 ] LOSS   15 turns   akame, renamon, tanjiro  vs  kitara, nimaiya, mavis
[ 501/700 ] LOSS   17 turns   akame, crona, satsuki  vs  rengoku, asta, luffy
[ 502/700 ] LOSS   20 turns   akame, rimuru, saber  vs  zenitsu, mash, boruto
[ 503/700 ] LOSS   19 turns   akame, alphamon, vegeta  vs  lizandpatty, koro, gallantmon
[ 504/700 ] WIN    18 turns   akame, tanjiro, hashirama  vs  gasai, jupiter, genos
[ 505/700 ] LOSS   13 turns   akame, tokoyami, lyserg  vs  muichiro, tatsumi, meliodas
[ 506/700 ] LOSS   17 turns   akame, edward, byakuya  vs  boruto, uzui, touka
[ 507/700 ] WIN    25 turns   akame, gojo, nagisa  vs  midoriya, jaden, crona
Applying bleed effect! Checking special code
Applying bleed effect! Checking special code
Applying bleed effect! Checking special code
Applying bleed effect! Checking special code
Applying bleed effect! Checking special code
Applying bleed effect! Checking special code
Applying bleed effect! Checking special code
[ 508/700 ] LOSS   14 turns   akame, yuji, uranus  vs  midoriya, broly, ken
[ 509/700 ] LOSS   14 turns   akame, myotismon, nonon  vs  satsuki, sheele, blackwargreymon
[ 510/700 ] LOSS   16 turns   akame, satsuki, toph  vs  mine, semiramis, venus
Applying bleed effect! Checking special code
Applying bleed effect! Checking special code
[ 511/700 ] LOSS   16 turns   akame, vegeta, ken  vs  myotismon, shinra, cooler
[ 512/700 ] LOSS   27 turns   akame, jaden, muichiro  vs  semiramis, tsuyu, tanjiro
[ 513/700 ] LOSS   20 turns   akame, shokuhou, alphamon  vs  eren, itachi, hibari
[ 514/700 ] LOSS   27 turns   akame, levi, gohan  vs  itachi, koro, gasai
[ 515/700 ] WIN    25 turns   akame, gallantmon, halibel  vs  inuyasha, genos, kaiba
Applying bleed effect! Checking special code
Applying bleed effect! Checking special code
Applying bleed effect! Checking special code
Applying bleed effect! Checking special code
Applying bleed effect! Checking special code
Applying bleed effect! Checking special code
Applying bleed effect! Checking special code
[ 516/700 ] WIN    14 turns   akame, ken, itachi  vs  madoka, uzui, touka
Applying bleed effect! Checking special code
Applying bleed effect! Checking special code
Applying bleed effect! Checking special code
[ 517/700 ] LOSS   45 turns   akame, marco, levi  vs  boruto, kurotsuchi, rengoku
[ 518/700 ] LOSS   30 turns   akame, korra, aang  vs  mars, edward, midoriya
[ 519/700 ] LOSS   27 turns   akame, yuno, nagisa  vs  kaiba, ladydevimon, adam
[ 520/700 ] LOSS   26 turns   akame, usopp, tamaki  vs  emiya, levi, goku
Applying bleed effect! Checking special code
Applying bleed effect! Checking special code
[ 521/700 ] WIN    20 turns   akame, gray, luffy  vs  crona, king, asta
[ 522/700 ] LOSS   27 turns   akame, uraraka, megumin  vs  jupiter, boruto, tsubaki
[ 523/700 ] LOSS   15 turns   akame, crona, death  vs  astolfo, madoka, yuno
[ 524/700 ] WIN    26 turns   akame, gasai, naruto  vs  muichiro, nel, hibari
[ 525/700 ] LOSS   19 turns   akame, tsunayoshi, kurotsuchi  vs  madoka, tamaki, lizandpatty
[ 526/700 ] WIN    27 turns   akame, eren, gray  vs  itachi, muichiro, uzui
[ 527/700 ] LOSS   20 turns   akame, nobara, usopp  vs  boruto, shinra, satsuki
[ 528/700 ] LOSS   16 turns   akame, minene, toph  vs  luffy, maka, horohoro
[ 529/700 ] LOSS   15 turns   akame, alphamon, tamaki  vs  horohoro, esdeath, saitama
Applying bleed effect! Checking special code
[ 530/700 ] LOSS   21 turns   akame, denji, cell  vs  koro, bakugo, luffy
[ 531/700 ] LOSS   19 turns   akame, jesse, gohan  vs  mami, sakura, kurapika
Applying bleed effect! Checking special code
Applying bleed effect! Checking special code
[ 532/700 ] LOSS   14 turns   akame, inosuke, minene  vs  yamamoto, semiramis, madoka
[ 533/700 ] WIN    23 turns   akame, mikasa, satsuki  vs  xanxus, itachi, sakura
[ 534/700 ] LOSS   17 turns   akame, sukuna, rimuru  vs  hawkmon, asta, nezuko
Applying bleed effect! Checking special code
[ 535/700 ] LOSS   16 turns   akame, emiya, shinoa  vs  jaden, diane, gray
Applying bleed effect! Checking special code
Applying bleed effect! Checking special code
[ 536/700 ] LOSS   14 turns   akame, tsunayoshi, hibari  vs  frankenstein, sheele, power
[ 537/700 ] LOSS   16 turns   akame, kid, tsubaki  vs  killua, kurapika, gallantmon
[ 538/700 ] LOSS   13 turns   akame, xanxus, gunha  vs  veldora, luffy, aang
[ 539/700 ] WIN    19 turns   akame, alphonse, chrome  vs  rengoku, korra, killua
[ 540/700 ] LOSS   34 turns   akame, saturn, koro  vs  alphonse, frankenstein, noelle
[ 541/700 ] LOSS   26 turns   akame, tsunayoshi, ryuko  vs  ban, minene, sheele
Applying bleed effect! Checking special code
Applying bleed effect! Checking special code
Applying bleed effect! Checking special code
Applying bleed effect! Checking special code
Applying bleed effect! Checking special code
Applying bleed effect! Checking special code
[ 542/700 ] LOSS   17 turns   akame, mine, xanxus  vs  gallantmon, yubel, rakko
[ 543/700 ] LOSS   56 turns   akame, orihime, pegasus  vs  rimuru, blackwargreymon, yugi
[ 544/700 ] LOSS   19 turns   akame, xanxus, rimuru  vs  marco, yuno, ace
[ 545/700 ] WIN    36 turns   akame, madoka, saturn  vs  alphamon, jesse, noelle
Applying bleed effect! Checking special code
Applying bleed effect! Checking special code
Applying bleed effect! Checking special code
Applying bleed effect! Checking special code
Applying bleed effect! Checking special code
Applying bleed effect! Checking special code
[ 546/700 ] LOSS   25 turns   akame, gogeta, tanjiro  vs  tamaki, rakko, toph
[ 547/700 ] LOSS   17 turns   akame, nezuko, yamamoto  vs  kaiba, aiohto, asta
[ 548/700 ] LOSS   16 turns   akame, blackstar, lyserg  vs  alphonse, tatsumaki, lucy
[ 549/700 ] LOSS   37 turns   akame, renamon, gasai  vs  edward, gilgamesh, saber
[ 550/700 ] LOSS   24 turns   akame, shokuhou, neferpitou  vs  shinoa, nel, lyserg
Applying bleed effect! Checking special code
Applying bleed effect! Checking special code
Applying bleed effect! Checking special code
Applying bleed effect! Checking special code
[ 551/700 ] LOSS   18 turns   akame, horohoro, meliodas  vs  ken, kurapika, vegeta
[ 552/700 ] LOSS   47 turns   akame, mami, natsu  vs  killua, yoh, lizandpatty
[ 553/700 ] LOSS   27 turns   akame, hisoka, saitama  vs  esdeath, sayaka, eren
Applying bleed effect! Checking special code
Applying bleed effect! Checking special code
Applying bleed effect! Checking special code
[ 554/700 ] LOSS   18 turns   akame, kitara, muichiro  vs  alphonse, king, mine
[ 555/700 ] LOSS   16 turns   akame, uraraka, esdeath  vs  saturn, tanjiro, mavis
[ 556/700 ] WIN    21 turns   akame, hinata, aiohto  vs  venus, yugi, byakuya
[ 557/700 ] WIN    27 turns   akame, tamaki, vegeta  vs  minene, rimuru, alphonse
Applying bleed effect! Checking special code
Applying bleed effect! Checking special code
Applying bleed effect! Checking special code
Applying bleed effect! Checking special code
[ 558/700 ] LOSS   17 turns   akame, saitama, koro  vs  erza, rengoku, gon
Applying bleed effect! Checking special code
[ 559/700 ] LOSS   26 turns   akame, kurotsuchi, rengoku  vs  natsu, aiohto, shokuhou
Applying bleed effect! Checking special code
Applying bleed effect! Checking special code
Applying bleed effect! Checking special code
Applying bleed effect! Checking special code
Applying bleed effect! Checking special code
Applying bleed effect! Checking special code
Applying bleed effect! Checking special code
Applying bleed effect! Checking special code
Applying bleed effect! Checking special code
[ 560/700 ] LOSS   20 turns   akame, inosuke, shiro  vs  yuji, tokoyami, rakko
[ 561/700 ] WIN    29 turns   akame, machinedramon, uzui  vs  crona, gilgamesh, saturn
[ 562/700 ] LOSS   29 turns   akame, pegasus, hashirama  vs  hawkmon, adam, lyserg
[ 563/700 ] LOSS   21 turns   akame, orihime, allmight  vs  noelle, ichigo, madoka
[ 564/700 ] LOSS   22 turns   akame, allmight, nobara  vs  gasai, satsuki, lyserg
[ 565/700 ] LOSS   34 turns   akame, jesse, levi  vs  allmight, saturn, pegasus
[ 566/700 ] WIN    32 turns   akame, impmon, yoh  vs  allmight, venus, ladydevimon
[ 567/700 ] LOSS   23 turns   akame, yuji, mars  vs  tokoyami, shiro, yamamoto
[ 568/700 ] LOSS   33 turns   akame, shiro, jack  vs  korra, midoriya, ichibe
[ 569/700 ] LOSS   36 turns   akame, mikasa, astolfo  vs  edward, ganta, kurotsuchi
Applying bleed effect! Checking special code
Applying bleed effect! Checking special code
[ 570/700 ] LOSS   33 turns   akame, koro, toga  vs  denji, jesse, jack
Applying bleed effect! Checking special code
Applying bleed effect! Checking special code
[ 571/700 ] LOSS   24 turns   akame, lizandpatty, rengoku  vs  tatsumaki, tamaki, saturn
[ 572/700 ] LOSS   18 turns   akame, minene, tamaki  vs  cooler, gunha, nagisa
[ 573/700 ] LOSS   31 turns   akame, hibari, nezuko  vs  maka, edward, levi
[ 574/700 ] LOSS   21 turns   akame, hibari, gon  vs  hinata, satsuki, mine
[ 575/700 ] LOSS   20 turns   akame, sasuke, gatomon  vs  gray, emiyaarcher, kid
[ 576/700 ] LOSS   25 turns   akame, pegasus, hisoka  vs  touka, yamamoto, orihime
[ 577/700 ] LOSS   21 turns   akame, sheele, uraraka  vs  nimaiya, kuroko, yuji
[ 578/700 ] LOSS   15 turns   akame, shokuhou, vegeta  vs  tatsumaki, aang, bakugo
[ 579/700 ] LOSS   19 turns   akame, shokuhou, halibel  vs  cell, pegasus, eren
[ 580/700 ] WIN    12 turns   akame, seventeen, megumi  vs  maka, jupiter, ryohei
[ 581/700 ] WIN    16 turns   akame, nel, seventeen  vs  machinedramon, lizandpatty, kurotsuchi
[ 582/700 ] LOSS   19 turns   akame, hawkmon, halibel  vs  erza, nonon, hisoka
[ 583/700 ] LOSS   22 turns   akame, sakura, edward  vs  tsubaki, toudou, gasai
[ 584/700 ] LOSS   26 turns   akame, tsubasa, hinata  vs  venus, koro, uzui
[ 585/700 ] LOSS   19 turns   akame, todoroki, hawkmon  vs  cell, usopp, byakuya
[ 586/700 ] LOSS   12 turns   akame, toji, naruto  vs  seventeen, shinra, toga
[ 587/700 ] LOSS   21 turns   akame, adam, gogeta  vs  kuroko, nel, mami
[ 588/700 ] LOSS   23 turns   akame, jeanne, yuno  vs  chrome, saturn, broly
[ 589/700 ] LOSS   31 turns   akame, machinedramon, misaka  vs  rob, usopp, jaden
[ 590/700 ] LOSS   19 turns   akame, ryuko, midoriya  vs  allmight, lyserg, uranus
[ 591/700 ] LOSS   22 turns   akame, crona, ichibe  vs  mars, gunha, lizandpatty
[ 592/700 ] LOSS   41 turns   akame, natsu, shiro  vs  nobara, gatomon, mercury
[ 593/700 ] LOSS   24 turns   akame, gojo, pegasus  vs  tsubasa, kuroko, gasai
[ 594/700 ] LOSS   26 turns   akame, cooler, aiohto  vs  uzui, uraraka, renamon
Applying bleed effect! Checking special code
Applying bleed effect! Checking special code
[ 595/700 ] LOSS   15 turns   akame, inosuke, rob  vs  mavis, megumi, jinwoo
Applying bleed effect! Checking special code
Applying bleed effect! Checking special code
Applying bleed effect! Checking special code
Applying bleed effect! Checking special code
Applying bleed effect! Checking special code
Applying bleed effect! Checking special code
Applying bleed effect! Checking special code
Applying bleed effect! Checking special code
[ 596/700 ] LOSS   14 turns   akame, edward, horohoro  vs  ken, hinata, gunha
[ 597/700 ] LOSS   20 turns   akame, genos, nezuko  vs  kitara, hisoka, shinra
Applying bleed effect! Checking special code
Applying bleed effect! Checking special code
Applying bleed effect! Checking special code
Applying bleed effect! Checking special code
[ 598/700 ] LOSS   21 turns   akame, kurotsuchi, kaiba  vs  rengoku, nonon, nezuko
[ 599/700 ] WIN    20 turns   akame, hibari, zenitsu  vs  frankenstein, mami, asta
[ 600/700 ] WIN    60 turns   akame, seventeen, crona  vs  toji, eren, hibari
[ 601/700 ] WIN    17 turns   akame, horohoro, semiramis  vs  adam, inuyasha, rob
[ 602/700 ] LOSS   23 turns   akame, toji, crona  vs  kurotsuchi, mikasa, kid
[ 603/700 ] LOSS   25 turns   akame, touka, yuji  vs  astolfo, emiya, tatsumaki
Applying bleed effect! Checking special code
Applying bleed effect! Checking special code
Applying bleed effect! Checking special code
Applying bleed effect! Checking special code
Applying bleed effect! Checking special code
Applying bleed effect! Checking special code
[ 604/700 ] LOSS   18 turns   akame, killua, ken  vs  broly, tsubasa, muichiro
[ 605/700 ] WIN    20 turns   akame, sukuna, touka  vs  mikasa, mars, ladydevimon
[ 606/700 ] WIN    17 turns   akame, sheele, ganta  vs  emiya, yoh, gilgamesh
Applying bleed effect! Checking special code
Applying bleed effect! Checking special code
[ 607/700 ] LOSS   27 turns   akame, orihime, jupiter  vs  vegeta, diane, hibari
[ 608/700 ] LOSS   19 turns   akame, lyserg, crona  vs  saber, megumi, zenitsu
[ 609/700 ] WIN    28 turns   akame, asta, inuyasha  vs  emiya, muichiro, uraraka
Applying bleed effect! Checking special code
Applying bleed effect! Checking special code
Applying bleed effect! Checking special code
Applying bleed effect! Checking special code
Applying bleed effect! Checking special code
Applying bleed effect! Checking special code
Applying bleed effect! Checking special code
Applying bleed effect! Checking special code
[ 610/700 ] LOSS   20 turns   akame, usopp, yuji  vs  ken, myotismon, ryohei
[ 611/700 ] LOSS   30 turns   akame, yamamoto, ichibe  vs  kid, shinoa, saber
[ 612/700 ] WIN    27 turns   akame, tsunayoshi, erza  vs  machinedramon, yoh, blackstar
[ 613/700 ] WIN    23 turns   akame, sukuna, satsuki  vs  ban, lyserg, tsubasa
[ 614/700 ] WIN    26 turns   akame, ichibe, semiramis  vs  renamon, saber, koro
[ 615/700 ] WIN    12 turns   akame, ichigo, alphamon  vs  vegeta, machinedramon, ban
Applying bleed effect! Checking special code
[ 616/700 ] LOSS   25 turns   akame, denji, blackwargreymon  vs  halibel, yoh, mash
[ 617/700 ] WIN    28 turns   akame, yoh, ryohei  vs  shokuhou, toudou, muichiro
Applying bleed effect! Checking special code
[ 618/700 ] WIN    18 turns   akame, gray, shinra  vs  megumi, inosuke, mars
[ 619/700 ] LOSS   19 turns   akame, usopp, todoroki  vs  nagisa, impmon, tamaki
Applying bleed effect! Checking special code
Applying bleed effect! Checking special code
Applying bleed effect! Checking special code
[ 620/700 ] LOSS   18 turns   akame, tsunayoshi, sasuke  vs  mavis, toph, king
[ 621/700 ] LOSS   19 turns   akame, yuno, goku  vs  yuji, maka, hibari
[ 622/700 ] LOSS   18 turns   akame, broly, megumin  vs  maka, edward, lizandpatty
Applying bleed effect! Checking special code
Applying bleed effect! Checking special code
Applying bleed effect! Checking special code
Applying bleed effect! Checking special code
Applying bleed effect! Checking special code
[ 623/700 ] LOSS   14 turns   akame, frankenstein, inuyasha  vs  tsubaki, sayaka, ken
[ 624/700 ] LOSS   25 turns   akame, gunha, sheele  vs  allmight, kurapika, lucy
[ 625/700 ] LOSS   27 turns   akame, orihime, emiyaarcher  vs  shokuhou, yuno, eren
[ 626/700 ] LOSS   49 turns   akame, kaiba, satsuki  vs  gatomon, jack, arthur
[ 627/700 ] LOSS   15 turns   akame, rob, uranus  vs  pegasus, death, yuji
[ 628/700 ] LOSS   15 turns   akame, hinata, naruto  vs  xanxus, levi, bakugo
[ 629/700 ] LOSS   19 turns   akame, myotismon, uranus  vs  boruto, cooler, saitama
[ 630/700 ] LOSS   15 turns   akame, impmon, gatomon  vs  sakura, alphamon, inosuke
Applying bleed effect! Checking special code
Applying bleed effect! Checking special code
Applying bleed effect! Checking special code
[ 631/700 ] LOSS   32 turns   akame, zenitsu, goku  vs  denji, midoriya, ryuko
[ 632/700 ] WIN    31 turns   akame, toga, venus  vs  jeanne, death, yuno
[ 633/700 ] WIN    22 turns   akame, marco, bakugo  vs  sakura, aiohto, jeanne
[ 634/700 ] LOSS   24 turns   akame, natsu, chrome  vs  cell, ace, midoriya
[ 635/700 ] WIN    15 turns   akame, genos, eren  vs  madoka, gray, soul
Applying bleed effect! Checking special code
Applying bleed effect! Checking special code
Applying bleed effect! Checking special code
[ 636/700 ] LOSS   18 turns   akame, cell, rob  vs  koro, sayaka, ken
Applying bleed effect! Checking special code
Applying bleed effect! Checking special code
Applying bleed effect! Checking special code
[ 637/700 ] WIN    19 turns   akame, power, gallantmon  vs  jesse, megumin, blackstar
[ 638/700 ] WIN    30 turns   akame, cooler, hisoka  vs  sasuke, tsubasa, veldora
[ 639/700 ] LOSS   20 turns   akame, shokuhou, cooler  vs  mars, gon, gatomon
[ 640/700 ] LOSS   15 turns   akame, goku, ichigo  vs  luffy, gatomon, mavis
[ 641/700 ] LOSS   19 turns   akame, gon, minene  vs  shinra, jupiter, blackstar
[ 642/700 ] LOSS   22 turns   akame, meliodas, nonon  vs  mavis, ladydevimon, orihime
[ 643/700 ] LOSS   24 turns   akame, ace, tsubasa  vs  sayaka, ichibe, crona
[ 644/700 ] WIN    19 turns   akame, sukuna, aiohto  vs  veldora, yugi, impmon
[ 645/700 ] WIN    20 turns   akame, madoka, hibari  vs  gojo, gray, midoriya
Applying bleed effect! Checking special code
Applying bleed effect! Checking special code
Applying bleed effect! Checking special code
[ 646/700 ] LOSS   49 turns   akame, emiyaarcher, shinoa  vs  gunha, toph, diane
Applying bleed effect! Checking special code
[ 647/700 ] WIN    58 turns   akame, uraraka, saitama  vs  tamaki, diane, nobara
[ 648/700 ] LOSS   22 turns   akame, ryuko, usopp  vs  semiramis, tokoyami, maka
[ 649/700 ] WIN    27 turns   akame, ladydevimon, aiohto  vs  saturn, tsubaki, tsunayoshi
[ 650/700 ] LOSS   20 turns   akame, cell, alphamon  vs  yuji, neferpitou, impmon
[ 651/700 ] WIN    33 turns   akame, tatsumi, edward  vs  koro, maka, ban
[ 652/700 ] LOSS   17 turns   akame, mami, tanjiro  vs  luffy, machinedramon, blackstar
[ 653/700 ] LOSS   26 turns   akame, nezuko, killua  vs  frieren, tamaki, kaiba
[ 654/700 ] LOSS   32 turns   akame, tsunayoshi, rimuru  vs  nel, tokoyami, tsubaki
[ 655/700 ] LOSS   46 turns   akame, chrome, veldora  vs  mars, rob, noelle
[ 656/700 ] WIN    22 turns   akame, ichibe, meliodas  vs  blackwargreymon, nel, tsuyu
Applying bleed effect! Checking special code
[ 657/700 ] LOSS   15 turns   akame, koro, power  vs  alphamon, gilgamesh, kitara
[ 658/700 ] LOSS   27 turns   akame, uraraka, toudou  vs  machinedramon, halibel, itachi
Applying bleed effect! Checking special code
Applying bleed effect! Checking special code
Applying bleed effect! Checking special code
[ 659/700 ] LOSS   30 turns   akame, uraraka, rengoku  vs  yamamoto, shinoa, jeanne
[ 660/700 ] LOSS   19 turns   akame, gunha, gogeta  vs  broly, crona, eren
[ 661/700 ] LOSS   27 turns   akame, noelle, impmon  vs  sakura, todoroki, nel
Applying bleed effect! Checking special code
Applying bleed effect! Checking special code
[ 662/700 ] WIN    23 turns   akame, nagisa, uranus  vs  ken, ryohei, toga
Applying bleed effect! Checking special code
[ 663/700 ] LOSS   40 turns   akame, seventeen, kitara  vs  inuyasha, diane, lucy
[ 664/700 ] LOSS   33 turns   akame, jupiter, jesse  vs  jaden, impmon, bakugo
[ 665/700 ] LOSS   27 turns   akame, yoh, naruto  vs  crona, aiohto, hashirama
Applying bleed effect! Checking special code
[ 666/700 ] WIN    16 turns   akame, zoro, zenitsu  vs  rengoku, mami, todoroki
[ 667/700 ] WIN    37 turns   akame, halibel, lyserg  vs  yuno, power, cooler
[ 668/700 ] LOSS   27 turns   akame, jupiter, nonon  vs  uraraka, ryohei, emiya
Applying bleed effect! Checking special code
[ 669/700 ] LOSS   19 turns   akame, inosuke, gogeta  vs  zenitsu, luffy, gallantmon
[ 670/700 ] WIN    18 turns   akame, yugi, aiohto  vs  semiramis, sayaka, korra
[ 671/700 ] WIN    18 turns   akame, bakugo, usopp  vs  jaden, toji, tanjiro
[ 672/700 ] LOSS   22 turns   akame, gon, tsuyu  vs  ladydevimon, uraraka, usopp
[ 673/700 ] LOSS   29 turns   akame, touka, natsu  vs  nagisa, ban, tsubasa
[ 674/700 ] LOSS   16 turns   akame, tatsumi, itachi  vs  jack, luffy, neferpitou
[ 675/700 ] LOSS   17 turns   akame, esdeath, sayaka  vs  megumi, venus, shinra
[ 676/700 ] LOSS   24 turns   akame, horohoro, sakura  vs  gogeta, allmight, adam
[ 677/700 ] LOSS   23 turns   akame, shinoa, boruto  vs  tatsumi, byakuya, maka
[ 678/700 ] LOSS   14 turns   akame, gallantmon, boruto  vs  hibari, asta, itachi
[ 679/700 ] LOSS   15 turns   akame, saturn, midoriya  vs  madoka, hibari, saber
[ 680/700 ] LOSS   15 turns   akame, impmon, sukuna  vs  crona, jeanne, nimaiya
[ 681/700 ] LOSS   28 turns   akame, tsubaki, aang  vs  boruto, kid, vegeta
Applying bleed effect! Checking special code
Applying bleed effect! Checking special code
Applying bleed effect! Checking special code
[ 682/700 ] LOSS   16 turns   akame, midoriya, gallantmon  vs  erza, jupiter, rakko
[ 683/700 ] WIN    44 turns   akame, nimaiya, jinwoo  vs  esdeath, gojo, frieren
[ 684/700 ] LOSS   45 turns   akame, rimuru, saturn  vs  todoroki, marco, jaden
[ 685/700 ] LOSS   26 turns   akame, kurotsuchi, astolfo  vs  korra, nel, ban
[ 686/700 ] LOSS   27 turns   akame, nezuko, tamaki  vs  broly, rimuru, tatsumaki
Applying bleed effect! Checking special code
Applying bleed effect! Checking special code
[ 687/700 ] WIN    13 turns   akame, gohan, gunha  vs  shiro, ladydevimon, king
[ 688/700 ] LOSS   22 turns   akame, gojo, sukuna  vs  maka, squalo, natsu
[ 689/700 ] LOSS   17 turns   akame, jeanne, natsu  vs  sayaka, sukuna, naruto
[ 690/700 ] LOSS   31 turns   akame, hisoka, hashirama  vs  koro, blackwargreymon, nezuko
[ 691/700 ] WIN    19 turns   akame, yuno, hibari  vs  usopp, gatomon, jesse
[ 692/700 ] LOSS   26 turns   akame, tamaki, touka  vs  neferpitou, byakuya, erza
[ 693/700 ] LOSS   29 turns   akame, kitara, jeanne  vs  kaiba, gunha, adam
[ 694/700 ] WIN    25 turns   akame, jaden, kurotsuchi  vs  kurapika, midoriya, shinra
Applying bleed effect! Checking special code
Applying bleed effect! Checking special code
Applying bleed effect! Checking special code
[ 695/700 ] LOSS   12 turns   akame, ryuko, noelle  vs  ken, sukuna, madoka
[ 696/700 ] LOSS   18 turns   akame, muichiro, broly  vs  alphamon, semiramis, eren
[ 697/700 ] WIN    29 turns   akame, madoka, myotismon  vs  blackwargreymon, aiohto, impmon
[ 698/700 ] LOSS   31 turns   akame, tsuyu, shinra  vs  natsu, sakura, hibari
[ 699/700 ] WIN    31 turns   akame, hibari, machinedramon  vs  edward, sheele, naruto
[ 700/700 ] LOSS   19 turns   akame, rob, frankenstein  vs  ban, kuroko, gatomon
=== TRAINER RUN COMPLETE ===
Matches: 700   W: 189   L: 511   D: 0   Win: 27.0%   (opponent: self)
Policy saved to res://training/checkpoints/focus_akame/w0.json  (generation 5, trained_matches 10700)
