Godot Engine v4.6.2.stable.official.71f334935 - https://godotengine.org

[trainer] seed=61002 matches=700 opponent=self eval=false out=res://training/checkpoints/focus_naruto/w2.json checkpoint=res://training/checkpoints/focused_current.json
[authored] loaded 1 authored character(s)
[   1/700 ] LOSS   22 turns   naruto, saber, ace  vs  death, tatsumi, broly
[   2/700 ] WIN    28 turns   naruto, broly, mash  vs  usopp, neferpitou, myotismon
[   3/700 ] LOSS   18 turns   naruto, alphamon, seventeen  vs  todoroki, ladydevimon, levi
[   4/700 ] LOSS   23 turns   naruto, toudou, nobara  vs  madoka, hawkmon, luffy
[   5/700 ] WIN    20 turns   naruto, zenitsu, zoro  vs  frieren, jesse, sasuke
[   6/700 ] WIN    19 turns   naruto, saber, gallantmon  vs  frankenstein, lyserg, megumi
[   7/700 ] WIN    22 turns   naruto, madoka, yoh  vs  yuno, squalo, killua
[   8/700 ] WIN    34 turns   naruto, gallantmon, mami  vs  ace, tatsumi, minene
[   9/700 ] WIN    20 turns   naruto, tatsumaki, bakugo  vs  gojo, veldora, chrome
[  10/700 ] WIN    21 turns   naruto, machinedramon, ichigo  vs  koro, muichiro, kid
[  11/700 ] WIN    19 turns   naruto, sheele, zenitsu  vs  jesse, seventeen, kaiba
[  12/700 ] LOSS   21 turns   naruto, horohoro, hawkmon  vs  erza, byakuya, rimuru
[  13/700 ] WIN    23 turns   naruto, blackwargreymon, jaden  vs  tsunayoshi, emiya, muichiro
Applying bleed effect! Checking special code
Applying bleed effect! Checking special code
Applying bleed effect! Checking special code
Applying bleed effect! Checking special code
[  14/700 ] LOSS   25 turns   naruto, king, todoroki  vs  sukuna, minene, usopp
[  15/700 ] WIN    19 turns   naruto, toji, gasai  vs  blackwargreymon, cooler, shokuhou
[  16/700 ] LOSS   18 turns   naruto, veldora, pegasus  vs  soul, bakugo, chrome
[  17/700 ] WIN    21 turns   naruto, sakura, nagisa  vs  todoroki, yoh, itachi
[  18/700 ] WIN    30 turns   naruto, renamon, alphonse  vs  orihime, zoro, hawkmon
[  19/700 ] LOSS   20 turns   naruto, nezuko, gohan  vs  toph, eren, misaka
Yubel's S1 Triggered!
Applying bleed effect! Checking special code
Applying bleed effect! Checking special code
[  20/700 ] WIN    21 turns   naruto, seventeen, yubel  vs  goku, power, zenitsu
[  21/700 ] LOSS   19 turns   naruto, yuji, sasuke  vs  yugi, jaden, chrome
[  22/700 ] LOSS   18 turns   naruto, gatomon, xanxus  vs  venus, megumin, gon
[  23/700 ] WIN    16 turns   naruto, gon, adam  vs  bakugo, machinedramon, impmon
[  24/700 ] LOSS   14 turns   naruto, uzui, nobara  vs  saitama, killua, halibel
[  25/700 ] WIN    17 turns   naruto, killua, tamaki  vs  semiramis, aiohto, gogeta
[  26/700 ] LOSS   18 turns   naruto, itachi, nobara  vs  muichiro, jupiter, gojo
[  27/700 ] WIN    20 turns   naruto, astolfo, frankenstein  vs  kitara, aiohto, gogeta
[  28/700 ] LOSS   21 turns   naruto, akame, yamamoto  vs  blackwargreymon, nezuko, genos
[  29/700 ] LOSS   24 turns   naruto, uranus, hinata  vs  sukuna, saber, alphonse
[  30/700 ] WIN    34 turns   naruto, lyserg, saturn  vs  ace, meliodas, nezuko
Applying bleed effect! Checking special code
Applying bleed effect! Checking special code
Applying bleed effect! Checking special code
[  31/700 ] WIN    19 turns   naruto, renamon, sukuna  vs  kuroko, edward, rakko
Applying bleed effect! Checking special code
Applying bleed effect! Checking special code
Applying bleed effect! Checking special code
Applying bleed effect! Checking special code
Applying bleed effect! Checking special code
Applying bleed effect! Checking special code
Applying bleed effect! Checking special code
Applying bleed effect! Checking special code
Applying bleed effect! Checking special code
Applying bleed effect! Checking special code
Applying bleed effect! Checking special code
Applying bleed effect! Checking special code
Applying bleed effect! Checking special code
Applying bleed effect! Checking special code
Applying bleed effect! Checking special code
Applying bleed effect! Checking special code
Applying bleed effect! Checking special code
Applying bleed effect! Checking special code
Applying bleed effect! Checking special code
Applying bleed effect! Checking special code
[  32/700 ] LOSS   19 turns   naruto, king, jinwoo  vs  saturn, yuji, venus
Applying bleed effect! Checking special code
[  33/700 ] WIN    33 turns   naruto, power, frieren  vs  crona, blackwargreymon, emiyaarcher
[  34/700 ] WIN    20 turns   naruto, broly, mine  vs  kitara, sakura, todoroki
[  35/700 ] WIN    22 turns   naruto, nonon, edward  vs  gilgamesh, tsuyu, kaiba
[  36/700 ] LOSS   20 turns   naruto, nel, kurotsuchi  vs  veldora, marco, vegeta
[  37/700 ] LOSS   16 turns   naruto, alphonse, megumi  vs  gatomon, aang, renamon
[  38/700 ] WIN    39 turns   naruto, frankenstein, kuroko  vs  adam, mercury, ace
[  39/700 ] LOSS   20 turns   naruto, kitara, saitama  vs  tsubasa, sukuna, todoroki
[  40/700 ] LOSS  295 turns   naruto, eren, esdeath  vs  killua, jaden, lucy
[  41/700 ] WIN    31 turns   naruto, uzui, tatsumaki  vs  ryohei, kurapika, nezuko
[  42/700 ] WIN    19 turns   naruto, jack, kitara  vs  mars, jupiter, lyserg
[  43/700 ] WIN    17 turns   naruto, kuroko, neferpitou  vs  ace, bakugo, semiramis
[  44/700 ] WIN    25 turns   naruto, toji, misaka  vs  hinata, jupiter, shinra
[  45/700 ] WIN    19 turns   naruto, tatsumaki, edward  vs  jupiter, toudou, tanjiro
[  46/700 ] WIN    13 turns   naruto, renamon, vegeta  vs  nel, sukuna, lucy
[  47/700 ] WIN    16 turns   naruto, bakugo, aiohto  vs  gray, erza, maka
[  48/700 ] LOSS   14 turns   naruto, yuno, akame  vs  hibari, squalo, hashirama
[  49/700 ] WIN    31 turns   naruto, kurapika, tsuyu  vs  aang, rimuru, rob
Applying bleed effect! Checking special code
Applying bleed effect! Checking special code
Applying bleed effect! Checking special code
[  50/700 ] LOSS   43 turns   naruto, tsubaki, mikasa  vs  diane, yuno, frankenstein
[  51/700 ] WIN    21 turns   naruto, veldora, saber  vs  akame, sakura, semiramis
Applying bleed effect! Checking special code
Applying bleed effect! Checking special code
Applying bleed effect! Checking special code
Applying bleed effect! Checking special code
Applying bleed effect! Checking special code
Applying bleed effect! Checking special code
Applying bleed effect! Checking special code
Applying bleed effect! Checking special code
[  52/700 ] LOSS   22 turns   naruto, todoroki, machinedramon  vs  lucy, ken, gon
[  53/700 ] WIN    21 turns   naruto, tsunayoshi, nonon  vs  meliodas, impmon, shokuhou
[  54/700 ] LOSS   20 turns   naruto, ganta, yoh  vs  alphonse, gray, toga
[  55/700 ] WIN    20 turns   naruto, tsubasa, ganta  vs  inuyasha, sayaka, cooler
[  56/700 ] LOSS   22 turns   naruto, jeanne, luffy  vs  hinata, gohan, soul
[  57/700 ] WIN    54 turns   naruto, marco, yugi  vs  levi, nagisa, tatsumi
[  58/700 ] LOSS   40 turns   naruto, ryohei, squalo  vs  hashirama, rimuru, jinwoo
[  59/700 ] WIN    14 turns   naruto, mash, neferpitou  vs  myotismon, shinoa, ryuko
[  60/700 ] LOSS   27 turns   naruto, yoh, hawkmon  vs  mavis, vegeta, lizandpatty
[  61/700 ] LOSS   32 turns   naruto, boruto, nobara  vs  asta, goku, jupiter
[  62/700 ] LOSS   20 turns   naruto, yoh, hisoka  vs  tokoyami, gogeta, lucy
[  63/700 ] WIN    22 turns   naruto, natsu, horohoro  vs  rob, megumi, yuji
[  64/700 ] WIN    31 turns   naruto, chrome, astolfo  vs  boruto, todoroki, tsuyu
Applying bleed effect! Checking special code
[  65/700 ] LOSS   38 turns   naruto, kaiba, boruto  vs  inosuke, venus, ryuko
[  66/700 ] LOSS   14 turns   naruto, death, goku  vs  kuroko, squalo, megumi
[  67/700 ] WIN    14 turns   naruto, frankenstein, boruto  vs  shiro, emiyaarcher, vegeta
[  68/700 ] LOSS   18 turns   naruto, nezuko, sakura  vs  vegeta, zoro, jaden
[  69/700 ] WIN    22 turns   naruto, sasuke, power  vs  ace, itachi, touka
[  70/700 ] WIN    25 turns   naruto, shiro, inuyasha  vs  korra, midoriya, frieren
[  71/700 ] WIN    16 turns   naruto, mash, toga  vs  blackstar, saitama, yoh
[  72/700 ] LOSS   25 turns   naruto, nonon, astolfo  vs  uranus, gogeta, toji
[  73/700 ] WIN    21 turns   naruto, tatsumi, mavis  vs  hibari, kaiba, shinra
Applying bleed effect! Checking special code
Applying bleed effect! Checking special code
Applying bleed effect! Checking special code
[  74/700 ] WIN    20 turns   naruto, adam, ban  vs  yugi, power, nel
[  75/700 ] WIN    17 turns   naruto, uranus, jack  vs  semiramis, levi, ganta
[  76/700 ] LOSS   26 turns   naruto, rob, yoh  vs  horohoro, lucy, venus
[  77/700 ] LOSS   47 turns   naruto, korra, toph  vs  mars, shokuhou, emiyaarcher
[  78/700 ] LOSS   48 turns   naruto, squalo, gallantmon  vs  minene, renamon, tsuyu
Applying bleed effect! Checking special code
Applying bleed effect! Checking special code
[  79/700 ] LOSS   14 turns   naruto, rakko, frankenstein  vs  megumin, gilgamesh, jupiter
[  80/700 ] WIN    17 turns   naruto, ichigo, chrome  vs  shokuhou, mash, ichibe
[  81/700 ] WIN    23 turns   naruto, tanjiro, vegeta  vs  maka, lucy, saitama
[  82/700 ] WIN    24 turns   naruto, tatsumaki, gogeta  vs  omnimon, gasai, gojo
[  83/700 ] LOSS   21 turns   naruto, veldora, nobara  vs  machinedramon, frankenstein, luffy
[  84/700 ] LOSS   20 turns   naruto, touka, alphonse  vs  sayaka, genos, ace
[  85/700 ] LOSS   34 turns   naruto, gilgamesh, mash  vs  satsuki, zoro, halibel
[  86/700 ] WIN    50 turns   naruto, nimaiya, yoh  vs  ichigo, natsu, kaiba
[  87/700 ] LOSS   26 turns   naruto, blackwargreymon, yamamoto  vs  rob, alphonse, venus
[  88/700 ] WIN    22 turns   naruto, death, muichiro  vs  soul, shiro, usopp
[  89/700 ] WIN    22 turns   naruto, tatsumaki, gatomon  vs  cell, yoh, jeanne
Applying bleed effect! Checking special code
Applying bleed effect! Checking special code
[  90/700 ] LOSS   17 turns   naruto, ichigo, kaiba  vs  king, genos, mash
[  91/700 ] WIN    17 turns   naruto, sukuna, jupiter  vs  emiyaarcher, nagisa, nobara
[  92/700 ] WIN    23 turns   naruto, squalo, impmon  vs  hisoka, blackwargreymon, rob
[  93/700 ] LOSS   17 turns   naruto, bakugo, zoro  vs  cooler, hinata, neferpitou
[  94/700 ] LOSS   17 turns   naruto, kurotsuchi, death  vs  blackstar, nagisa, boruto
[  95/700 ] WIN    17 turns   naruto, jupiter, ryuko  vs  bakugo, jeanne, nobara
[  96/700 ] WIN    18 turns   naruto, tsubaki, saturn  vs  sayaka, jack, hibari
[  97/700 ] WIN    22 turns   naruto, esdeath, killua  vs  hibari, rimuru, megumi
[  98/700 ] WIN    28 turns   naruto, emiyaarcher, gunha  vs  noelle, tsuyu, gasai
[  99/700 ] WIN    24 turns   naruto, kurotsuchi, frankenstein  vs  yuno, muichiro, koro
Applying bleed effect! Checking special code
[ 100/700 ] WIN    15 turns   naruto, jupiter, shokuhou  vs  denji, midoriya, yuno
[ 101/700 ] WIN    34 turns   naruto, kaiba, blackwargreymon  vs  kurapika, squalo, yuno
[ 102/700 ] LOSS   25 turns   naruto, tsubaki, emiya  vs  kitara, boruto, bakugo
[ 103/700 ] WIN    19 turns   naruto, venus, gunha  vs  korra, crona, yubel
[ 104/700 ] LOSS   44 turns   naruto, emiyaarcher, saturn  vs  tamaki, arthur, gallantmon
[ 105/700 ] LOSS   23 turns   naruto, sasuke, satsuki  vs  gojo, uraraka, nel
Applying bleed effect! Checking special code
Applying bleed effect! Checking special code
Applying bleed effect! Checking special code
Applying bleed effect! Checking special code
Applying bleed effect! Checking special code
[ 106/700 ] WIN    25 turns   naruto, koro, saber  vs  gunha, inosuke, megumi
[ 107/700 ] LOSS   26 turns   naruto, ichigo, nezuko  vs  tsubaki, allmight, seventeen
Applying bleed effect! Checking special code
[ 108/700 ] WIN    17 turns   naruto, denji, mine  vs  usopp, sukuna, shokuhou
[ 109/700 ] WIN    24 turns   naruto, mercury, veldora  vs  yugi, gon, yubel
[ 110/700 ] DRAW  500 turns   naruto, ichibe, machinedramon  vs  jaden, jesse, akame
[ 111/700 ] WIN    18 turns   naruto, blackwargreymon, lizandpatty  vs  gojo, tsunayoshi, machinedramon
[ 112/700 ] WIN    35 turns   naruto, vegeta, ganta  vs  toph, saturn, yoh
[ 113/700 ] LOSS   35 turns   naruto, saber, toji  vs  aiohto, omnimon, muichiro
[ 114/700 ] LOSS   22 turns   naruto, muichiro, inuyasha  vs  nonon, halibel, yugi
[ 115/700 ] WIN    17 turns   naruto, emiyaarcher, seventeen  vs  mine, aang, orihime
[ 116/700 ] LOSS   30 turns   naruto, hawkmon, ban  vs  broly, edward, mikasa
[ 117/700 ] WIN    21 turns   naruto, mars, edward  vs  shokuhou, tatsumaki, yuno
[ 118/700 ] WIN    22 turns   naruto, vegeta, jesse  vs  venus, sakura, ban
[ 119/700 ] LOSS   17 turns   naruto, diane, impmon  vs  neferpitou, soul, genos
[ 120/700 ] LOSS   22 turns   naruto, killua, boruto  vs  kurapika, maka, venus
[ 121/700 ] WIN    20 turns   naruto, jaden, kid  vs  yoh, zoro, kaiba
[ 122/700 ] LOSS   22 turns   naruto, shinoa, megumi  vs  korra, genos, rimuru
Applying bleed effect! Checking special code
Applying bleed effect! Checking special code
Applying bleed effect! Checking special code
Applying bleed effect! Checking special code
Applying bleed effect! Checking special code
[ 123/700 ] LOSS   24 turns   naruto, meliodas, king  vs  tsubaki, kurotsuchi, vegeta
[ 124/700 ] WIN    22 turns   naruto, adam, gray  vs  jack, jinwoo, toudou
[ 125/700 ] WIN    21 turns   naruto, ryohei, tsubasa  vs  blackwargreymon, uzui, semiramis
[ 126/700 ] WIN    19 turns   naruto, nimaiya, genos  vs  horohoro, satsuki, tamaki
Applying bleed effect! Checking special code
[ 127/700 ] LOSS   44 turns   naruto, nonon, yoh  vs  diane, mash, esdeath
[ 128/700 ] LOSS   20 turns   naruto, kuroko, sukuna  vs  gilgamesh, lucy, meliodas
[ 129/700 ] LOSS   31 turns   naruto, marco, semiramis  vs  genos, usopp, ichibe
[ 130/700 ] LOSS  100 turns   naruto, xanxus, ryohei  vs  megumi, uranus, jesse
[ 131/700 ] LOSS   22 turns   naruto, rimuru, pegasus  vs  uzui, kaiba, korra
[ 132/700 ] WIN    24 turns   naruto, gray, kurapika  vs  halibel, natsu, emiyaarcher
Applying bleed effect! Checking special code
Applying bleed effect! Checking special code
Applying bleed effect! Checking special code
Applying bleed effect! Checking special code
Applying bleed effect! Checking special code
Applying bleed effect! Checking special code
[ 133/700 ] LOSS   19 turns   naruto, shokuhou, saitama  vs  marco, kuroko, ken
Applying bleed effect! Checking special code
[ 134/700 ] WIN    25 turns   naruto, ichigo, misaka  vs  power, gasai, touka
[ 135/700 ] LOSS   29 turns   naruto, gojo, tsubasa  vs  nel, blackstar, kurotsuchi
[ 136/700 ] WIN    25 turns   naruto, arthur, pegasus  vs  ichigo, kuroko, kid
[ 137/700 ] WIN    17 turns   naruto, shinoa, killua  vs  halibel, squalo, yamamoto
Applying bleed effect! Checking special code
[ 138/700 ] LOSS   19 turns   naruto, inosuke, nobara  vs  ganta, mikasa, venus
[ 139/700 ] LOSS   13 turns   naruto, misaka, rob  vs  kurotsuchi, mine, aang
[ 140/700 ] WIN    33 turns   naruto, gojo, lyserg  vs  tsunayoshi, shinra, marco
[ 141/700 ] WIN    15 turns   naruto, saber, seventeen  vs  ganta, mami, squalo
Applying bleed effect! Checking special code
[ 142/700 ] LOSS   26 turns   naruto, levi, natsu  vs  aang, tsuyu, denji
[ 143/700 ] WIN    16 turns   naruto, alphamon, cell  vs  gallantmon, esdeath, aiohto
Applying bleed effect! Checking special code
Applying bleed effect! Checking special code
[ 144/700 ] WIN    20 turns   naruto, denji, saturn  vs  aang, koro, nagisa
[ 145/700 ] WIN    18 turns   naruto, megumi, tatsumaki  vs  todoroki, nagisa, squalo
[ 146/700 ] LOSS   20 turns   naruto, emiya, gohan  vs  ryohei, toji, gasai
[ 147/700 ] WIN    24 turns   naruto, tokoyami, halibel  vs  tatsumi, marco, allmight
[ 148/700 ] LOSS   14 turns   naruto, kuroko, cell  vs  aang, death, cooler
[ 149/700 ] LOSS   20 turns   naruto, megumin, gallantmon  vs  itachi, frieren, yuji
[ 150/700 ] WIN    26 turns   naruto, semiramis, mine  vs  sakura, squalo, emiyaarcher
[ 151/700 ] WIN    31 turns   naruto, gray, tokoyami  vs  jupiter, gallantmon, nel
Applying bleed effect! Checking special code
Applying bleed effect! Checking special code
[ 152/700 ] WIN    37 turns   naruto, toga, rengoku  vs  halibel, astolfo, uranus
[ 153/700 ] WIN    19 turns   naruto, mavis, nonon  vs  meliodas, itachi, frankenstein
[ 154/700 ] LOSS   21 turns   naruto, tanjiro, korra  vs  meliodas, toudou, mars
[ 155/700 ] LOSS   42 turns   naruto, rengoku, itachi  vs  mikasa, yugi, bakugo
[ 156/700 ] LOSS   23 turns   naruto, hinata, tokoyami  vs  saitama, inuyasha, nagisa
[ 157/700 ] WIN    28 turns   naruto, myotismon, xanxus  vs  tsubasa, cooler, esdeath
[ 158/700 ] WIN    16 turns   naruto, erza, machinedramon  vs  saitama, ryuko, inuyasha
[ 159/700 ] LOSS   20 turns   naruto, ace, gallantmon  vs  killua, esdeath, halibel
[ 160/700 ] LOSS   11 turns   naruto, tsubaki, usopp  vs  mavis, kaiba, nonon
[ 161/700 ] WIN    29 turns   naruto, vegeta, nobara  vs  natsu, ryohei, saber
[ 162/700 ] WIN    22 turns   naruto, toudou, mikasa  vs  gohan, kaiba, esdeath
[ 163/700 ] WIN    41 turns   naruto, sasuke, shinra  vs  mars, kid, saturn
[ 164/700 ] LOSS   38 turns   naruto, toji, megumin  vs  yuno, meliodas, emiya
[ 165/700 ] WIN    17 turns   naruto, nimaiya, kaiba  vs  kuroko, lyserg, blackwargreymon
[ 166/700 ] WIN    27 turns   naruto, inuyasha, aang  vs  genos, chrome, adam
[ 167/700 ] WIN    17 turns   naruto, renamon, sasuke  vs  megumi, impmon, emiyaarcher
[ 168/700 ] WIN    18 turns   naruto, mavis, asta  vs  zoro, megumi, saitama
[ 169/700 ] LOSS   26 turns   naruto, cooler, semiramis  vs  usopp, kaiba, zenitsu
[ 170/700 ] WIN    15 turns   naruto, eren, noelle  vs  omnimon, adam, gilgamesh
[ 171/700 ] LOSS   33 turns   naruto, emiyaarcher, killua  vs  mars, nobara, gogeta
[ 172/700 ] WIN    21 turns   naruto, toji, uzui  vs  ace, mercury, mikasa
[ 173/700 ] LOSS   25 turns   naruto, kaiba, sheele  vs  esdeath, nagisa, tokoyami
[ 174/700 ] WIN    22 turns   naruto, tanjiro, ryohei  vs  usopp, rimuru, bakugo
[ 175/700 ] WIN    25 turns   naruto, bakugo, orihime  vs  mars, toudou, shinoa
Applying bleed effect! Checking special code
Applying bleed effect! Checking special code
Applying bleed effect! Checking special code
[ 176/700 ] LOSS   59 turns   naruto, gunha, rengoku  vs  tsubaki, orihime, gallantmon
[ 177/700 ] WIN    27 turns   naruto, aang, renamon  vs  kaiba, myotismon, tamaki
[ 178/700 ] WIN    17 turns   naruto, gogeta, esdeath  vs  sayaka, yoh, midoriya
[ 179/700 ] LOSS   16 turns   naruto, hawkmon, nel  vs  gunha, mavis, saturn
[ 180/700 ] WIN    27 turns   naruto, frankenstein, seventeen  vs  renamon, impmon, cell
[ 181/700 ] WIN    23 turns   naruto, adam, toudou  vs  jesse, uzui, diane
[ 182/700 ] LOSS   24 turns   naruto, jeanne, cell  vs  levi, rimuru, myotismon
Applying bleed effect! Checking special code
Applying bleed effect! Checking special code
[ 183/700 ] WIN    36 turns   naruto, boruto, rengoku  vs  gasai, gohan, edward
[ 184/700 ] LOSS   24 turns   naruto, omnimon, minene  vs  jinwoo, sasuke, yugi
[ 185/700 ] WIN    31 turns   naruto, uranus, sheele  vs  tatsumi, minene, todoroki
Applying bleed effect! Checking special code
Applying bleed effect! Checking special code
Applying bleed effect! Checking special code
Applying bleed effect! Checking special code
Applying bleed effect! Checking special code
Yubel's S1 Triggered!
Applying bleed effect! Checking special code
[ 186/700 ] LOSS   17 turns   naruto, yubel, ken  vs  renamon, frankenstein, eren
Yubel's S1 Triggered!
[ 187/700 ] LOSS   29 turns   naruto, hibari, gasai  vs  yugi, yubel, hashirama
[ 188/700 ] WIN    20 turns   naruto, cell, renamon  vs  bakugo, minene, nobara
[ 189/700 ] WIN    30 turns   naruto, yamamoto, hawkmon  vs  edward, gojo, jupiter
[ 190/700 ] LOSS   16 turns   naruto, mikasa, sasuke  vs  saber, mine, omnimon
[ 191/700 ] WIN    21 turns   naruto, lyserg, ban  vs  alphonse, impmon, saitama
[ 192/700 ] LOSS   36 turns   naruto, toudou, kurotsuchi  vs  veldora, gatomon, asta
[ 193/700 ] LOSS   32 turns   naruto, genos, saber  vs  mami, aiohto, blackwargreymon
[ 194/700 ] WIN    21 turns   naruto, boruto, satsuki  vs  jeanne, minene, inosuke
[ 195/700 ] WIN    37 turns   naruto, kuroko, yubel  vs  tamaki, aang, usopp
Applying bleed effect! Checking special code
[ 196/700 ] LOSS   23 turns   naruto, zenitsu, king  vs  blackwargreymon, allmight, gatomon
Applying bleed effect! Checking special code
Applying bleed effect! Checking special code
Applying bleed effect! Checking special code
Applying bleed effect! Checking special code
[ 197/700 ] LOSS   20 turns   naruto, ace, hisoka  vs  gray, king, nimaiya
[ 198/700 ] LOSS   22 turns   naruto, natsu, venus  vs  esdeath, meliodas, nezuko
Applying bleed effect! Checking special code
Applying bleed effect! Checking special code
Applying bleed effect! Checking special code
[ 199/700 ] WIN    23 turns   naruto, itachi, king  vs  sayaka, korra, death
[ 200/700 ] LOSS   24 turns   naruto, semiramis, koro  vs  kitara, mavis, jaden
[ 201/700 ] LOSS   16 turns   naruto, mami, cooler  vs  blackwargreymon, toph, gilgamesh
[ 202/700 ] WIN    25 turns   naruto, natsu, saturn  vs  gunha, ichigo, kuroko
[ 203/700 ] LOSS   17 turns   naruto, gray, muichiro  vs  hashirama, byakuya, ladydevimon
[ 204/700 ] LOSS   16 turns   naruto, cell, ichibe  vs  gon, sukuna, emiya
[ 205/700 ] LOSS   37 turns   naruto, marco, zoro  vs  arthur, kurotsuchi, gallantmon
Yubel's S1 Triggered!
[ 206/700 ] WIN    47 turns   naruto, yubel, kitara  vs  marco, goku, gasai
[ 207/700 ] LOSS   32 turns   naruto, tsuyu, omnimon  vs  tanjiro, machinedramon, toji
[ 208/700 ] WIN    18 turns   naruto, aang, ladydevimon  vs  mami, shokuhou, sukuna
Applying bleed effect! Checking special code
[ 209/700 ] WIN    21 turns   naruto, mars, asta  vs  denji, gunha, alphamon
[ 210/700 ] WIN    17 turns   naruto, emiya, sukuna  vs  tsubasa, levi, todoroki
[ 211/700 ] WIN    20 turns   naruto, broly, korra  vs  alphonse, omnimon, levi
[ 212/700 ] LOSS   22 turns   naruto, misaka, gojo  vs  uzui, alphamon, tokoyami
[ 213/700 ] LOSS   29 turns   naruto, death, gasai  vs  machinedramon, gon, emiyaarcher
[ 214/700 ] LOSS   16 turns   naruto, mami, tatsumaki  vs  kid, bakugo, gilgamesh
[ 215/700 ] WIN    20 turns   naruto, yubel, seventeen  vs  crona, tanjiro, toji
[ 216/700 ] WIN    23 turns   naruto, hibari, saitama  vs  midoriya, shiro, emiya
[ 217/700 ] WIN    16 turns   naruto, ryohei, saber  vs  zoro, frieren, orihime
[ 218/700 ] WIN    27 turns   naruto, hashirama, mine  vs  impmon, tsubasa, kitara
Yubel's S1 Triggered!
[ 219/700 ] WIN    31 turns   naruto, venus, orihime  vs  nonon, yubel, shinoa
[ 220/700 ] WIN    39 turns   naruto, saber, saturn  vs  mami, kurapika, hashirama
[ 221/700 ] WIN    25 turns   naruto, impmon, mars  vs  uzui, jeanne, saitama
[ 222/700 ] WIN    16 turns   naruto, ryohei, omnimon  vs  touka, killua, toga
[ 223/700 ] LOSS   33 turns   naruto, toph, mavis  vs  itachi, renamon, saitama
[ 224/700 ] WIN    23 turns   naruto, asta, genos  vs  soul, sayaka, minene
[ 225/700 ] WIN    25 turns   naruto, gray, megumin  vs  jack, tsuyu, jinwoo
[ 226/700 ] WIN    23 turns   naruto, koro, myotismon  vs  halibel, toga, vegeta
[ 227/700 ] WIN    20 turns   naruto, shinoa, zoro  vs  gojo, ichigo, vegeta
[ 228/700 ] LOSS   26 turns   naruto, korra, hisoka  vs  minene, ryohei, natsu
Applying bleed effect! Checking special code
[ 229/700 ] LOSS   23 turns   naruto, shinra, denji  vs  genos, satsuki, mine
[ 230/700 ] LOSS   23 turns   naruto, astolfo, goku  vs  zoro, ganta, allmight
[ 231/700 ] LOSS   27 turns   naruto, sukuna, orihime  vs  ryohei, akame, mash
[ 232/700 ] WIN    20 turns   naruto, gilgamesh, kurapika  vs  meliodas, jeanne, machinedramon
[ 233/700 ] WIN    13 turns   naruto, gohan, gilgamesh  vs  kaiba, asta, esdeath
[ 234/700 ] LOSS   16 turns   naruto, sayaka, koro  vs  nagisa, killua, megumin
[ 235/700 ] WIN    21 turns   naruto, maka, yuno  vs  eren, yugi, nel
[ 236/700 ] LOSS   35 turns   naruto, alphonse, lucy  vs  edward, nagisa, eren
[ 237/700 ] WIN    17 turns   naruto, lizandpatty, satsuki  vs  chrome, nimaiya, sukuna
[ 238/700 ] LOSS   16 turns   naruto, mami, bakugo  vs  soul, noelle, adam
[ 239/700 ] LOSS   28 turns   naruto, goku, koro  vs  kurotsuchi, orihime, veldora
[ 240/700 ] WIN    34 turns   naruto, edward, gallantmon  vs  neferpitou, venus, mash
[ 241/700 ] LOSS   26 turns   naruto, tatsumi, shokuhou  vs  hibari, edward, shinoa
[ 242/700 ] WIN    17 turns   naruto, cooler, gunha  vs  kurapika, venus, todoroki
Applying bleed effect! Checking special code
Applying bleed effect! Checking special code
[ 243/700 ] LOSS   19 turns   naruto, hibari, byakuya  vs  rengoku, mine, jaden
[ 244/700 ] LOSS   19 turns   naruto, halibel, noelle  vs  madoka, erza, zoro
Applying bleed effect! Checking special code
[ 245/700 ] WIN    22 turns   naruto, king, gasai  vs  nobara, rob, frieren
[ 246/700 ] LOSS   53 turns   naruto, ryuko, death  vs  kitara, nezuko, cooler
[ 247/700 ] LOSS   21 turns   naruto, blackstar, usopp  vs  muichiro, hawkmon, kuroko
[ 248/700 ] LOSS   18 turns   naruto, kid, kurotsuchi  vs  minene, asta, zenitsu
[ 249/700 ] LOSS   13 turns   naruto, shinra, diane  vs  kuroko, asta, kaiba
[ 250/700 ] LOSS   27 turns   naruto, kid, toph  vs  saber, satsuki, nonon
[ 251/700 ] LOSS   24 turns   naruto, marco, touka  vs  genos, uranus, usopp
[ 252/700 ] WIN    14 turns   naruto, hisoka, todoroki  vs  gilgamesh, killua, ryohei
[ 253/700 ] WIN    37 turns   naruto, ichigo, tatsumaki  vs  noelle, aiohto, todoroki
[ 254/700 ] WIN    18 turns   naruto, erza, madoka  vs  blackstar, nel, myotismon
Applying bleed effect! Checking special code
[ 255/700 ] LOSS   20 turns   naruto, myotismon, rengoku  vs  jaden, tsubasa, orihime
[ 256/700 ] WIN    27 turns   naruto, itachi, hibari  vs  arthur, death, jeanne
Applying bleed effect! Checking special code
Applying bleed effect! Checking special code
[ 257/700 ] LOSS   18 turns   naruto, ken, ace  vs  uranus, asta, ichibe
[ 258/700 ] WIN    24 turns   naruto, genos, saturn  vs  sakura, ganta, saber
[ 259/700 ] LOSS   26 turns   naruto, nimaiya, minene  vs  lizandpatty, sukuna, orihime
[ 260/700 ] LOSS   18 turns   naruto, xanxus, ryuko  vs  pegasus, muichiro, jupiter
Applying bleed effect! Checking special code
[ 261/700 ] WIN    18 turns   naruto, nel, power  vs  orihime, tsubasa, kid
Applying bleed effect! Checking special code
[ 262/700 ] WIN    23 turns   naruto, mine, natsu  vs  power, emiyaarcher, shiro
[ 263/700 ] WIN    18 turns   naruto, hisoka, gasai  vs  todoroki, gray, sakura
[ 264/700 ] WIN    24 turns   naruto, nel, frankenstein  vs  gojo, tsunayoshi, ichigo
[ 265/700 ] LOSS   24 turns   naruto, minene, toga  vs  natsu, gon, soul
[ 266/700 ] WIN    23 turns   naruto, yuno, killua  vs  boruto, alphamon, gohan
[ 267/700 ] WIN    26 turns   naruto, erza, muichiro  vs  minene, impmon, emiyaarcher
[ 268/700 ] LOSS   21 turns   naruto, emiyaarcher, gunha  vs  tatsumaki, genos, sayaka
Applying bleed effect! Checking special code
Applying bleed effect! Checking special code
Applying bleed effect! Checking special code
Applying bleed effect! Checking special code
Applying bleed effect! Checking special code
[ 269/700 ] WIN    21 turns   naruto, alphamon, orihime  vs  impmon, ken, nezuko
[ 270/700 ] WIN    16 turns   naruto, impmon, boruto  vs  rimuru, gojo, mami
[ 271/700 ] WIN    26 turns   naruto, neferpitou, nezuko  vs  emiya, uzui, tokoyami
[ 272/700 ] WIN    16 turns   naruto, kurotsuchi, toji  vs  kuroko, hawkmon, allmight
[ 273/700 ] LOSS   40 turns   naruto, mars, sasuke  vs  ban, impmon, tokoyami
Applying bleed effect! Checking special code
Applying bleed effect! Checking special code
Applying bleed effect! Checking special code
Applying bleed effect! Checking special code
Applying bleed effect! Checking special code
Applying bleed effect! Checking special code
Applying bleed effect! Checking special code
Applying bleed effect! Checking special code
Applying bleed effect! Checking special code
[ 274/700 ] LOSS   27 turns   naruto, levi, tatsumaki  vs  muichiro, rob, rengoku
[ 275/700 ] WIN    24 turns   naruto, natsu, jack  vs  shinra, cooler, gatomon
[ 276/700 ] WIN    24 turns   naruto, nezuko, yuno  vs  kaiba, gilgamesh, gohan
[ 277/700 ] WIN    14 turns   naruto, kaiba, mavis  vs  blackstar, tsunayoshi, semiramis
[ 278/700 ] LOSS   18 turns   naruto, nonon, natsu  vs  gunha, hibari, kurapika
[ 279/700 ] WIN    20 turns   naruto, arthur, yamamoto  vs  kuroko, allmight, tsunayoshi
[ 280/700 ] WIN    22 turns   naruto, cooler, ryuko  vs  ban, yuji, toga
[ 281/700 ] WIN    24 turns   naruto, zoro, sakura  vs  kuroko, blackwargreymon, rengoku
Applying bleed effect! Checking special code
[ 282/700 ] WIN    25 turns   naruto, megumin, gasai  vs  aang, kurotsuchi, power
[ 283/700 ] LOSS   20 turns   naruto, edward, mars  vs  ryuko, sakura, allmight
[ 284/700 ] WIN    14 turns   naruto, kid, alphamon  vs  shinra, shiro, muichiro
[ 285/700 ] WIN    31 turns   naruto, horohoro, hibari  vs  chrome, nimaiya, broly
[ 286/700 ] LOSS   22 turns   naruto, blackwargreymon, tsuyu  vs  mash, impmon, saber
[ 287/700 ] LOSS   35 turns   naruto, venus, mars  vs  tsubasa, renamon, ichigo
[ 288/700 ] WIN    29 turns   naruto, lyserg, venus  vs  gilgamesh, omnimon, nonon
[ 289/700 ] WIN    28 turns   naruto, toji, tsunayoshi  vs  itachi, edward, kaiba
[ 290/700 ] LOSS   29 turns   naruto, myotismon, vegeta  vs  jaden, chrome, touka
Applying bleed effect! Checking special code
Applying bleed effect! Checking special code
Applying bleed effect! Checking special code
Applying bleed effect! Checking special code
[ 291/700 ] WIN    17 turns   naruto, rakko, usopp  vs  pegasus, inuyasha, madoka
Applying bleed effect! Checking special code
Applying bleed effect! Checking special code
Applying bleed effect! Checking special code
Applying bleed effect! Checking special code
[ 292/700 ] WIN    22 turns   naruto, neferpitou, tokoyami  vs  saber, omnimon, rakko
[ 293/700 ] LOSS   18 turns   naruto, yubel, mikasa  vs  saitama, nel, rimuru
[ 294/700 ] WIN    18 turns   naruto, erza, nonon  vs  rob, tanjiro, tsubasa
[ 295/700 ] LOSS   17 turns   naruto, natsu, horohoro  vs  seventeen, alphonse, astolfo
[ 296/700 ] WIN    20 turns   naruto, machinedramon, satsuki  vs  xanxus, alphonse, uzui
[ 297/700 ] WIN    30 turns   naruto, nezuko, gallantmon  vs  jaden, mercury, omnimon
[ 298/700 ] WIN    54 turns   naruto, pegasus, blackstar  vs  jack, misaka, impmon
[ 299/700 ] WIN    20 turns   naruto, impmon, zoro  vs  yuji, yugi, blackstar
Applying bleed effect! Checking special code
Applying bleed effect! Checking special code
Applying bleed effect! Checking special code
[ 300/700 ] LOSS   29 turns   naruto, ban, rimuru  vs  denji, crona, shiro
[ 301/700 ] WIN    26 turns   naruto, kurotsuchi, touka  vs  shinoa, tanjiro, toudou
[ 302/700 ] WIN    28 turns   naruto, goku, mash  vs  shinoa, mikasa, luffy
[ 303/700 ] LOSS   36 turns   naruto, squalo, aiohto  vs  yugi, emiya, meliodas
[ 304/700 ] WIN    19 turns   naruto, tsunayoshi, nonon  vs  nel, jinwoo, toph
[ 305/700 ] WIN    25 turns   naruto, emiyaarcher, sakura  vs  zenitsu, tsubasa, nimaiya
[ 306/700 ] WIN    19 turns   naruto, emiya, mercury  vs  denji, edward, hisoka
[ 307/700 ] LOSS   36 turns   naruto, itachi, akame  vs  adam, toph, vegeta
[ 308/700 ] LOSS   46 turns   naruto, sayaka, vegeta  vs  meliodas, aiohto, mine
[ 309/700 ] WIN    35 turns   naruto, edward, nezuko  vs  mine, vegeta, myotismon
[ 310/700 ] WIN    20 turns   naruto, shinra, esdeath  vs  sasuke, ichigo, uzui
[ 311/700 ] LOSS   33 turns   naruto, blackwargreymon, itachi  vs  tsunayoshi, nel, shinra
[ 312/700 ] WIN    25 turns   naruto, tamaki, gilgamesh  vs  frieren, mikasa, gatomon
[ 313/700 ] WIN    18 turns   naruto, allmight, lizandpatty  vs  tanjiro, frankenstein, ichigo
[ 314/700 ] WIN    39 turns   naruto, alphamon, xanxus  vs  ryohei, toph, frieren
[ 315/700 ] LOSS   16 turns   naruto, frankenstein, kid  vs  erza, gray, yuji
[ 316/700 ] LOSS   22 turns   naruto, toji, kitara  vs  gilgamesh, diane, shinoa
[ 317/700 ] LOSS   11 turns   naruto, saber, adam  vs  asta, mercury, satsuki
[ 318/700 ] WIN    19 turns   naruto, lyserg, frankenstein  vs  sheele, tanjiro, horohoro
Applying bleed effect! Checking special code
[ 319/700 ] WIN    28 turns   naruto, cell, inosuke  vs  eren, sakura, ace
Applying bleed effect! Checking special code
Applying bleed effect! Checking special code
[ 320/700 ] LOSS   29 turns   naruto, rengoku, satsuki  vs  death, sayaka, renamon
[ 321/700 ] LOSS   22 turns   naruto, uranus, jeanne  vs  boruto, gallantmon, hinata
[ 322/700 ] WIN    35 turns   naruto, venus, yamamoto  vs  zoro, todoroki, alphamon
[ 323/700 ] WIN    23 turns   naruto, venus, luffy  vs  misaka, touka, aiohto
[ 324/700 ] LOSS   24 turns   naruto, mami, goku  vs  tamaki, blackstar, zoro
Applying bleed effect! Checking special code
Applying bleed effect! Checking special code
Applying bleed effect! Checking special code
Applying bleed effect! Checking special code
[ 325/700 ] WIN    30 turns   naruto, gallantmon, hibari  vs  kuroko, power, jesse
[ 326/700 ] WIN    28 turns   naruto, kuroko, uraraka  vs  muichiro, aang, yamamoto
[ 327/700 ] WIN    30 turns   naruto, saturn, jack  vs  yamamoto, hinata, satsuki
[ 328/700 ] LOSS   20 turns   naruto, xanxus, gohan  vs  shiro, tanjiro, lyserg
[ 329/700 ] WIN    35 turns   naruto, death, touka  vs  venus, mercury, gatomon
[ 330/700 ] WIN    17 turns   naruto, sayaka, mash  vs  goku, lizandpatty, tanjiro
[ 331/700 ] LOSS   20 turns   naruto, hawkmon, crona  vs  yamamoto, venus, edward
[ 332/700 ] LOSS   30 turns   naruto, mikasa, astolfo  vs  hinata, vegeta, renamon
Applying bleed effect! Checking special code
Applying bleed effect! Checking special code
Applying bleed effect! Checking special code
Applying bleed effect! Checking special code
Applying bleed effect! Checking special code
[ 333/700 ] WIN    20 turns   naruto, byakuya, emiyaarcher  vs  king, bakugo, tsunayoshi
[ 334/700 ] WIN    20 turns   naruto, ban, uraraka  vs  frieren, broly, gilgamesh
Applying bleed effect! Checking special code
[ 335/700 ] LOSS   21 turns   naruto, aiohto, gunha  vs  gasai, denji, kaiba
Applying bleed effect! Checking special code
Applying bleed effect! Checking special code
[ 336/700 ] WIN    37 turns   naruto, orihime, goku  vs  toph, rengoku, lizandpatty
[ 337/700 ] LOSS   28 turns   naruto, horohoro, tamaki  vs  hisoka, xanxus, zenitsu
Applying bleed effect! Checking special code
[ 338/700 ] LOSS   20 turns   naruto, mars, yugi  vs  impmon, zenitsu, diane
[ 339/700 ] WIN    23 turns   naruto, nezuko, shiro  vs  natsu, yamamoto, sasuke
[ 340/700 ] LOSS   21 turns   naruto, maka, aiohto  vs  mash, blackwargreymon, hibari
Yubel's S1 Triggered!
Yubel's S1 Triggered!
Applying bleed effect! Checking special code
Applying bleed effect! Checking special code
Applying bleed effect! Checking special code
Applying bleed effect! Checking special code
[ 341/700 ] LOSS   42 turns   naruto, maka, jinwoo  vs  toga, diane, yubel
[ 342/700 ] LOSS   18 turns   naruto, tamaki, hibari  vs  nel, eren, marco
[ 343/700 ] WIN    30 turns   naruto, kurotsuchi, ichigo  vs  maka, bakugo, lizandpatty
[ 344/700 ] LOSS   30 turns   naruto, hisoka, semiramis  vs  lizandpatty, nezuko, astolfo
Applying bleed effect! Checking special code
Applying bleed effect! Checking special code
Applying bleed effect! Checking special code
Applying bleed effect! Checking special code
[ 345/700 ] LOSS   22 turns   naruto, hinata, shinoa  vs  frankenstein, rakko, yuji
[ 346/700 ] WIN    23 turns   naruto, koro, tamaki  vs  kuroko, horohoro, machinedramon
[ 347/700 ] WIN    23 turns   naruto, astolfo, nel  vs  jesse, shiro, emiya
[ 348/700 ] WIN    24 turns   naruto, toudou, aiohto  vs  levi, frieren, gojo
[ 349/700 ] WIN    19 turns   naruto, levi, seventeen  vs  aiohto, korra, mars
[ 350/700 ] LOSS   24 turns   naruto, alphamon, blackwargreymon  vs  nezuko, zoro, kuroko
[ 351/700 ] WIN    18 turns   naruto, lucy, nonon  vs  myotismon, toph, venus
Applying bleed effect! Checking special code
Applying bleed effect! Checking special code
[ 352/700 ] LOSS   15 turns   naruto, diane, hibari  vs  sukuna, seventeen, jinwoo
[ 353/700 ] WIN    31 turns   naruto, uraraka, hawkmon  vs  chrome, tsubasa, blackstar
[ 354/700 ] LOSS   29 turns   naruto, uranus, aang  vs  akame, astolfo, aiohto
[ 355/700 ] LOSS   16 turns   naruto, minene, korra  vs  bakugo, eren, horohoro
[ 356/700 ] WIN    18 turns   naruto, saturn, jaden  vs  itachi, todoroki, aang
[ 357/700 ] LOSS   18 turns   naruto, aiohto, neferpitou  vs  hawkmon, seventeen, nimaiya
Applying bleed effect! Checking special code
Applying bleed effect! Checking special code
[ 358/700 ] LOSS   20 turns   naruto, sasuke, uranus  vs  myotismon, astolfo, inosuke
[ 359/700 ] WIN    33 turns   naruto, nezuko, hashirama  vs  soul, lucy, jaden
[ 360/700 ] WIN    16 turns   naruto, aiohto, aang  vs  diane, luffy, gatomon
[ 361/700 ] WIN    20 turns   naruto, madoka, gallantmon  vs  semiramis, yuji, esdeath
[ 362/700 ] LOSS   53 turns   naruto, hisoka, gon  vs  nagisa, noelle, maka
[ 363/700 ] WIN    15 turns   naruto, nagisa, midoriya  vs  sakura, yoh, gohan
[ 364/700 ] LOSS   19 turns   naruto, sheele, nonon  vs  uranus, soul, mine
Applying bleed effect! Checking special code
Applying bleed effect! Checking special code
[ 365/700 ] WIN    28 turns   naruto, ace, ken  vs  gojo, tanjiro, myotismon
[ 366/700 ] WIN    39 turns   naruto, kurapika, yoh  vs  pegasus, ichigo, killua
[ 367/700 ] WIN    25 turns   naruto, vegeta, aiohto  vs  kaiba, minene, yoh
[ 368/700 ] WIN    16 turns   naruto, gray, hinata  vs  tsuyu, jupiter, emiyaarcher
[ 369/700 ] WIN    27 turns   naruto, blackwargreymon, shinra  vs  tatsumi, frankenstein, nimaiya
[ 370/700 ] WIN    19 turns   naruto, kid, touka  vs  horohoro, gon, ryohei
[ 371/700 ] WIN    29 turns   naruto, squalo, tatsumaki  vs  ace, todoroki, tanjiro
[ 372/700 ] LOSS   21 turns   naruto, mine, megumi  vs  yuno, lizandpatty, misaka
Applying bleed effect! Checking special code
Applying bleed effect! Checking special code
Applying bleed effect! Checking special code
[ 373/700 ] WIN    18 turns   naruto, power, zenitsu  vs  lucy, inosuke, tokoyami
[ 374/700 ] LOSS   20 turns   naruto, saber, blackwargreymon  vs  seventeen, mars, misaka
[ 375/700 ] LOSS   30 turns   naruto, erza, astolfo  vs  maka, toph, meliodas
[ 376/700 ] LOSS   23 turns   naruto, tsuyu, inuyasha  vs  tanjiro, ichigo, usopp
[ 377/700 ] WIN    14 turns   naruto, xanxus, mavis  vs  kaiba, renamon, asta
[ 378/700 ] WIN    27 turns   naruto, byakuya, misaka  vs  yuji, death, tamaki
[ 379/700 ] LOSS   25 turns   naruto, killua, ichibe  vs  aiohto, alphonse, cell
[ 380/700 ] WIN    25 turns   naruto, rimuru, nezuko  vs  mami, toji, broly
[ 381/700 ] LOSS   24 turns   naruto, yamamoto, genos  vs  adam, mine, nobara
Applying bleed effect! Checking special code
Applying bleed effect! Checking special code
Applying bleed effect! Checking special code
Applying bleed effect! Checking special code
[ 382/700 ] LOSS   18 turns   naruto, shinra, rengoku  vs  cell, mash, aang
[ 383/700 ] WIN    24 turns   naruto, nobara, nel  vs  gon, emiyaarcher, blackstar
[ 384/700 ] WIN    25 turns   naruto, jinwoo, bakugo  vs  kaiba, yuno, nonon
[ 385/700 ] LOSS   25 turns   naruto, saber, koro  vs  maka, uzui, frieren
[ 386/700 ] LOSS   17 turns   naruto, koro, ganta  vs  yuno, bakugo, nel
[ 387/700 ] WIN    22 turns   naruto, sukuna, tsuyu  vs  tatsumi, koro, tsunayoshi
[ 388/700 ] WIN    14 turns   naruto, hinata, bakugo  vs  tanjiro, levi, ryohei
[ 389/700 ] LOSS   20 turns   naruto, misaka, emiyaarcher  vs  frankenstein, rob, nezuko
Applying bleed effect! Checking special code
[ 390/700 ] WIN    29 turns   naruto, midoriya, mikasa  vs  hisoka, denji, nonon
[ 391/700 ] WIN    33 turns   naruto, lizandpatty, sheele  vs  gallantmon, shinra, uzui
[ 392/700 ] WIN    18 turns   naruto, chrome, cell  vs  mash, hibari, blackwargreymon
[ 393/700 ] WIN    13 turns   naruto, tatsumi, bakugo  vs  mercury, yuno, yubel
[ 394/700 ] WIN    24 turns   naruto, ryuko, ace  vs  diane, orihime, luffy
Applying bleed effect! Checking special code
Applying bleed effect! Checking special code
[ 395/700 ] WIN    20 turns   naruto, kaiba, lyserg  vs  inosuke, saitama, hinata
[ 396/700 ] LOSS   16 turns   naruto, touka, uranus  vs  genos, hinata, gasai
[ 397/700 ] WIN    26 turns   naruto, bakugo, mikasa  vs  frieren, jack, ban
[ 398/700 ] WIN    16 turns   naruto, ichigo, mercury  vs  satsuki, megumi, vegeta
Applying bleed effect! Checking special code
Applying bleed effect! Checking special code
Applying bleed effect! Checking special code
Applying bleed effect! Checking special code
Applying bleed effect! Checking special code
Applying bleed effect! Checking special code
[ 399/700 ] LOSS   28 turns   naruto, semiramis, ken  vs  ace, tamaki, tokoyami
[ 400/700 ] WIN    37 turns   naruto, sakura, koro  vs  lucy, nagisa, gatomon
Applying bleed effect! Checking special code
Applying bleed effect! Checking special code
Applying bleed effect! Checking special code
Applying bleed effect! Checking special code
Applying bleed effect! Checking special code
[ 401/700 ] WIN    20 turns   naruto, ken, gohan  vs  kuroko, tsubaki, natsu
[ 402/700 ] WIN    26 turns   naruto, erza, gallantmon  vs  koro, uranus, shinra
[ 403/700 ] WIN    14 turns   naruto, shinra, nagisa  vs  hisoka, rakko, kitara
[ 404/700 ] WIN    24 turns   naruto, tokoyami, gojo  vs  frieren, yoh, mercury
[ 405/700 ] WIN    46 turns   naruto, adam, misaka  vs  shinoa, mikasa, tsubasa
[ 406/700 ] WIN    29 turns   naruto, inuyasha, tatsumi  vs  mami, goku, gunha
[ 407/700 ] WIN    21 turns   naruto, myotismon, boruto  vs  shiro, levi, saber
[ 408/700 ] LOSS   23 turns   naruto, soul, jaden  vs  vegeta, veldora, hawkmon
[ 409/700 ] WIN    14 turns   naruto, sayaka, mavis  vs  saturn, koro, mash
[ 410/700 ] LOSS   25 turns   naruto, tanjiro, shinoa  vs  gohan, halibel, squalo
[ 411/700 ] LOSS   24 turns   naruto, jaden, marco  vs  aang, horohoro, ladydevimon
[ 412/700 ] LOSS   25 turns   naruto, uzui, tsubaki  vs  seventeen, sukuna, midoriya
Applying bleed effect! Checking special code
Applying bleed effect! Checking special code
Applying bleed effect! Checking special code
Applying bleed effect! Checking special code
Applying bleed effect! Checking special code
Applying bleed effect! Checking special code
Applying bleed effect! Checking special code
Applying bleed effect! Checking special code
Applying bleed effect! Checking special code
[ 413/700 ] WIN    24 turns   naruto, edward, kaiba  vs  death, king, yuno
Applying bleed effect! Checking special code
Applying bleed effect! Checking special code
[ 414/700 ] DRAW  500 turns   naruto, power, tatsumi  vs  jaden, allmight, myotismon
[ 415/700 ] LOSS   42 turns   naruto, xanxus, midoriya  vs  marco, itachi, toudou
Applying bleed effect! Checking special code
Applying bleed effect! Checking special code
Applying bleed effect! Checking special code
Applying bleed effect! Checking special code
[ 416/700 ] LOSS   37 turns   naruto, semiramis, uraraka  vs  korra, denji, vegeta
Applying bleed effect! Checking special code
Applying bleed effect! Checking special code
Applying bleed effect! Checking special code
[ 417/700 ] LOSS   31 turns   naruto, kid, ken  vs  pegasus, yuji, kurapika
[ 418/700 ] WIN    16 turns   naruto, sayaka, megumi  vs  mars, sakura, lyserg
Applying bleed effect! Checking special code
[ 419/700 ] WIN    30 turns   naruto, megumin, power  vs  halibel, kurotsuchi, uranus
[ 420/700 ] LOSS   18 turns   naruto, mikasa, xanxus  vs  mash, rob, kurotsuchi
[ 421/700 ] WIN    32 turns   naruto, toudou, kaiba  vs  arthur, kitara, broly
Applying bleed effect! Checking special code
Applying bleed effect! Checking special code
[ 422/700 ] WIN    16 turns   naruto, frankenstein, denji  vs  inuyasha, soul, rengoku
Applying bleed effect! Checking special code
Applying bleed effect! Checking special code
[ 423/700 ] LOSS   22 turns   naruto, gatomon, denji  vs  saturn, mercury, edward
[ 424/700 ] LOSS   35 turns   naruto, marco, jinwoo  vs  shinra, tsubaki, sukuna
[ 425/700 ] WIN    18 turns   naruto, sayaka, hashirama  vs  gallantmon, yuji, noelle
Applying bleed effect! Checking special code
Applying bleed effect! Checking special code
[ 426/700 ] WIN    18 turns   naruto, luffy, alphamon  vs  power, esdeath, tatsumaki
[ 427/700 ] LOSS   23 turns   naruto, inuyasha, mami  vs  tsubasa, jack, broly
[ 428/700 ] LOSS   28 turns   naruto, jack, jinwoo  vs  vegeta, misaka, gatomon
Applying bleed effect! Checking special code
Applying bleed effect! Checking special code
[ 429/700 ] WIN    22 turns   naruto, megumi, astolfo  vs  yugi, usopp, rakko
[ 430/700 ] WIN    18 turns   naruto, shinra, genos  vs  uranus, ban, mine
Applying bleed effect! Checking special code
[ 431/700 ] LOSS   21 turns   naruto, yubel, emiya  vs  denji, jupiter, mavis
[ 432/700 ] WIN    33 turns   naruto, ryohei, machinedramon  vs  gojo, gasai, pegasus
Yubel's S1 Triggered!
Yubel's S1 Triggered!
[ 433/700 ] WIN    24 turns   naruto, yubel, shiro  vs  sheele, emiyaarcher, ryuko
[ 434/700 ] LOSS   77 turns   naruto, nonon, misaka  vs  tsubasa, marco, yuji
[ 435/700 ] WIN    20 turns   naruto, jupiter, ichigo  vs  hisoka, uranus, tsunayoshi
[ 436/700 ] WIN    18 turns   naruto, frieren, alphamon  vs  sasuke, eren, aang
[ 437/700 ] LOSS   14 turns   naruto, nobara, zenitsu  vs  omnimon, noelle, alphamon
Applying bleed effect! Checking special code
Applying bleed effect! Checking special code
[ 438/700 ] WIN    52 turns   naruto, hibari, yoh  vs  halibel, rakko, death
[ 439/700 ] WIN    19 turns   naruto, ace, misaka  vs  mars, gray, hawkmon
Yubel's S1 Triggered!
Yubel's S1 Triggered!
[ 440/700 ] WIN    23 turns   naruto, uraraka, astolfo  vs  saber, yubel, muichiro
[ 441/700 ] LOSS   34 turns   naruto, orihime, eren  vs  gray, sakura, myotismon
[ 442/700 ] LOSS   23 turns   naruto, gunha, ban  vs  goku, esdeath, nonon
[ 443/700 ] WIN    29 turns   naruto, soul, korra  vs  halibel, akame, tsubasa
[ 444/700 ] WIN    21 turns   naruto, veldora, vegeta  vs  yamamoto, zoro, sheele
[ 445/700 ] WIN    24 turns   naruto, kuroko, seventeen  vs  mercury, aang, toga
Applying bleed effect! Checking special code
Applying bleed effect! Checking special code
Applying bleed effect! Checking special code
[ 446/700 ] LOSS   23 turns   naruto, byakuya, rengoku  vs  bakugo, natsu, asta
[ 447/700 ] LOSS   30 turns   naruto, levi, usopp  vs  lyserg, nagisa, hashirama
[ 448/700 ] LOSS   25 turns   naruto, orihime, xanxus  vs  gasai, kurapika, cooler
[ 449/700 ] WIN    15 turns   naruto, saber, kurotsuchi  vs  ladydevimon, lizandpatty, ryuko
[ 450/700 ] LOSS   24 turns   naruto, aang, gon  vs  hinata, mine, veldora
[ 451/700 ] WIN    15 turns   naruto, nezuko, meliodas  vs  muichiro, ganta, gallantmon
[ 452/700 ] LOSS   29 turns   naruto, alphonse, byakuya  vs  usopp, kid, chrome
[ 453/700 ] LOSS   40 turns   naruto, machinedramon, hawkmon  vs  yamamoto, yugi, saber
Applying bleed effect! Checking special code
[ 454/700 ] LOSS   24 turns   naruto, akame, crona  vs  power, ichigo, midoriya
[ 455/700 ] LOSS   18 turns   naruto, nezuko, megumi  vs  genos, inosuke, shinoa
[ 456/700 ] WIN    23 turns   naruto, ban, ryohei  vs  alphamon, inuyasha, saber
[ 457/700 ] WIN    22 turns   naruto, jack, tsubaki  vs  squalo, emiya, akame
[ 458/700 ] WIN    19 turns   naruto, gon, gray  vs  mine, killua, xanxus
[ 459/700 ] WIN    31 turns   naruto, blackstar, gallantmon  vs  yamamoto, myotismon, ganta
[ 460/700 ] WIN    28 turns   naruto, hashirama, edward  vs  nagisa, usopp, blackstar
[ 461/700 ] WIN    20 turns   naruto, toji, rob  vs  kaiba, ace, lucy
[ 462/700 ] WIN    24 turns   naruto, goku, gallantmon  vs  nagisa, todoroki, aang
[ 463/700 ] WIN    16 turns   naruto, aang, meliodas  vs  shokuhou, semiramis, uzui
[ 464/700 ] WIN    17 turns   naruto, misaka, frankenstein  vs  saber, shinra, sukuna
[ 465/700 ] LOSS   19 turns   naruto, touka, blackwargreymon  vs  uraraka, levi, uranus
[ 466/700 ] WIN    30 turns   naruto, nimaiya, kurapika  vs  gunha, shokuhou, kaiba
[ 467/700 ] LOSS   32 turns   naruto, crona, alphamon  vs  boruto, sakura, midoriya
Yubel's S1 Triggered!
Yubel's S1 Triggered!
[ 468/700 ] WIN    17 turns   naruto, yuno, toga  vs  yubel, sukuna, gilgamesh
[ 469/700 ] DRAW  500 turns   naruto, jeanne, nezuko  vs  shiro, sheele, kitara
Yubel's S1 Triggered!
[ 470/700 ] WIN    27 turns   naruto, blackstar, gallantmon  vs  mash, gogeta, yubel
[ 471/700 ] LOSS   18 turns   naruto, toph, gatomon  vs  luffy, jaden, inuyasha
Applying bleed effect! Checking special code
[ 472/700 ] LOSS   16 turns   naruto, aang, inosuke  vs  rimuru, mavis, halibel
[ 473/700 ] LOSS   24 turns   naruto, mine, neferpitou  vs  genos, chrome, gilgamesh
[ 474/700 ] LOSS   19 turns   naruto, asta, crona  vs  eren, tsubaki, astolfo
Applying bleed effect! Checking special code
Applying bleed effect! Checking special code
Applying bleed effect! Checking special code
Applying bleed effect! Checking special code
Applying bleed effect! Checking special code
Applying bleed effect! Checking special code
[ 475/700 ] WIN    21 turns   naruto, tamaki, ken  vs  saitama, byakuya, nimaiya
[ 476/700 ] WIN    16 turns   naruto, sayaka, mash  vs  tsunayoshi, squalo, madoka
[ 477/700 ] LOSS   24 turns   naruto, ban, hashirama  vs  cell, mikasa, blackstar
[ 478/700 ] LOSS   21 turns   naruto, ryohei, gunha  vs  midoriya, tokoyami, cooler
Applying bleed effect! Checking special code
Applying bleed effect! Checking special code
[ 479/700 ] WIN    28 turns   naruto, ichigo, tatsumaki  vs  inosuke, frankenstein, pegasus
Applying bleed effect! Checking special code
Applying bleed effect! Checking special code
Applying bleed effect! Checking special code
Applying bleed effect! Checking special code
Applying bleed effect! Checking special code
[ 480/700 ] WIN    32 turns   naruto, rengoku, mavis  vs  adam, tokoyami, shokuhou
[ 481/700 ] WIN    20 turns   naruto, yuno, squalo  vs  emiya, uranus, hisoka
[ 482/700 ] WIN    27 turns   naruto, meliodas, megumi  vs  yubel, toudou, kid
[ 483/700 ] WIN    15 turns   naruto, broly, nonon  vs  inuyasha, rimuru, ichigo
[ 484/700 ] WIN    16 turns   naruto, nobara, alphamon  vs  nel, tsuyu, asta
[ 485/700 ] LOSS   41 turns   naruto, megumin, kurapika  vs  gohan, gogeta, ladydevimon
[ 486/700 ] LOSS   22 turns   naruto, alphonse, yuji  vs  eren, sheele, venus
[ 487/700 ] WIN    23 turns   naruto, astolfo, ichibe  vs  kid, allmight, ichigo
[ 488/700 ] LOSS   20 turns   naruto, cell, marco  vs  tsunayoshi, seventeen, kurotsuchi
Applying bleed effect! Checking special code
[ 489/700 ] LOSS   25 turns   naruto, diane, yugi  vs  xanxus, edward, semiramis
[ 490/700 ] WIN    20 turns   naruto, midoriya, machinedramon  vs  itachi, kuroko, genos
[ 491/700 ] WIN    22 turns   naruto, toji, uzui  vs  genos, uranus, emiya
Applying bleed effect! Checking special code
Applying bleed effect! Checking special code
Applying bleed effect! Checking special code
Applying bleed effect! Checking special code
Applying bleed effect! Checking special code
Applying bleed effect! Checking special code
Applying bleed effect! Checking special code
Applying bleed effect! Checking special code
[ 492/700 ] WIN    16 turns   naruto, king, cooler  vs  jeanne, aang, gohan
[ 493/700 ] WIN    28 turns   naruto, seventeen, mikasa  vs  cooler, yuno, gilgamesh
[ 494/700 ] LOSS   30 turns   naruto, soul, mash  vs  nonon, tamaki, gasai
[ 495/700 ] LOSS   19 turns   naruto, killua, mine  vs  touka, tsunayoshi, gatomon
[ 496/700 ] WIN    23 turns   naruto, mine, blackwargreymon  vs  toudou, sakura, gojo
[ 497/700 ] WIN    20 turns   naruto, chrome, zenitsu  vs  saitama, killua, machinedramon
[ 498/700 ] WIN    20 turns   naruto, yuji, neferpitou  vs  nagisa, gilgamesh, bakugo
[ 499/700 ] LOSS   15 turns   naruto, myotismon, frieren  vs  ichigo, rimuru, asta
[ 500/700 ] LOSS   20 turns   naruto, goku, hawkmon  vs  nonon, ryuko, venus
[ 501/700 ] WIN    27 turns   naruto, mine, kuroko  vs  arthur, machinedramon, jeanne
Applying bleed effect! Checking special code
Applying bleed effect! Checking special code
Applying bleed effect! Checking special code
Applying bleed effect! Checking special code
Applying bleed effect! Checking special code
Applying bleed effect! Checking special code
[ 502/700 ] WIN    24 turns   naruto, semiramis, broly  vs  ryuko, ichibe, ken
Applying bleed effect! Checking special code
Applying bleed effect! Checking special code
Applying bleed effect! Checking special code
Applying bleed effect! Checking special code
Applying bleed effect! Checking special code
Applying bleed effect! Checking special code
Applying bleed effect! Checking special code
Applying bleed effect! Checking special code
Applying bleed effect! Checking special code
[ 503/700 ] LOSS   33 turns   naruto, frankenstein, tsubaki  vs  nagisa, arthur, rakko
[ 504/700 ] WIN    20 turns   naruto, sheele, shinra  vs  tamaki, blackstar, veldora
Applying bleed effect! Checking special code
[ 505/700 ] LOSS   18 turns   naruto, denji, levi  vs  uzui, hashirama, byakuya
[ 506/700 ] WIN    23 turns   naruto, edward, diane  vs  eren, kid, hibari
Applying bleed effect! Checking special code
Applying bleed effect! Checking special code
Applying bleed effect! Checking special code
Applying bleed effect! Checking special code
[ 507/700 ] LOSS   35 turns   naruto, ryohei, jaden  vs  impmon, gon, ken
Yubel's S1 Triggered!
Yubel's S1 Triggered!
[ 508/700 ] WIN    28 turns   naruto, jack, ace  vs  zenitsu, yubel, astolfo
[ 509/700 ] LOSS   23 turns   naruto, tsunayoshi, megumi  vs  gatomon, aiohto, ace
[ 510/700 ] LOSS   25 turns   naruto, tokoyami, ace  vs  ryohei, kuroko, nezuko
Applying bleed effect! Checking special code
Applying bleed effect! Checking special code
[ 511/700 ] WIN    36 turns   naruto, luffy, alphonse  vs  king, uraraka, blackstar
[ 512/700 ] LOSS   32 turns   naruto, blackwargreymon, inosuke  vs  megumin, tatsumaki, kid
[ 513/700 ] LOSS   16 turns   naruto, tsubasa, yamamoto  vs  meliodas, aiohto, venus
Applying bleed effect! Checking special code
[ 514/700 ] LOSS   20 turns   naruto, power, toph  vs  ryohei, shinoa, gallantmon
[ 515/700 ] WIN    21 turns   naruto, tsubasa, jinwoo  vs  zenitsu, edward, jeanne
[ 516/700 ] LOSS   30 turns   naruto, levi, akame  vs  meliodas, arthur, shinra
[ 517/700 ] LOSS   22 turns   naruto, blackwargreymon, marco  vs  neferpitou, hawkmon, horohoro
[ 518/700 ] LOSS   16 turns   naruto, tsunayoshi, uranus  vs  sayaka, nel, astolfo
[ 519/700 ] WIN    30 turns   naruto, tsubasa, gohan  vs  gatomon, boruto, vegeta
[ 520/700 ] WIN    23 turns   naruto, uraraka, gogeta  vs  sakura, korra, itachi
[ 521/700 ] LOSS   28 turns   naruto, gogeta, veldora  vs  kitara, astolfo, killua
Applying bleed effect! Checking special code
Applying bleed effect! Checking special code
Applying bleed effect! Checking special code
Applying bleed effect! Checking special code
Applying bleed effect! Checking special code
Applying bleed effect! Checking special code
Applying bleed effect! Checking special code
Applying bleed effect! Checking special code
[ 522/700 ] WIN    20 turns   naruto, ken, mars  vs  nagisa, jinwoo, frankenstein
[ 523/700 ] WIN    18 turns   naruto, emiyaarcher, impmon  vs  zoro, renamon, shiro
[ 524/700 ] LOSS   19 turns   naruto, gilgamesh, horohoro  vs  uraraka, gray, gunha
[ 525/700 ] WIN    17 turns   naruto, muichiro, seventeen  vs  korra, xanxus, tamaki
[ 526/700 ] WIN    28 turns   naruto, ladydevimon, toph  vs  rimuru, marco, inuyasha
[ 527/700 ] WIN    25 turns   naruto, luffy, zoro  vs  omnimon, yoh, jaden
[ 528/700 ] LOSS   20 turns   naruto, gohan, jesse  vs  misaka, todoroki, hawkmon
[ 529/700 ] LOSS   36 turns   naruto, mercury, zoro  vs  usopp, erza, muichiro
[ 530/700 ] WIN    32 turns   naruto, impmon, asta  vs  bakugo, tsunayoshi, meliodas
[ 531/700 ] WIN    23 turns   naruto, renamon, nonon  vs  halibel, shokuhou, yoh
[ 532/700 ] LOSS   18 turns   naruto, aang, sayaka  vs  usopp, maka, kurotsuchi
[ 533/700 ] WIN    19 turns   naruto, cell, rob  vs  tatsumi, maka, machinedramon
Applying bleed effect! Checking special code
[ 534/700 ] LOSS   26 turns   naruto, power, veldora  vs  mash, yugi, sayaka
[ 535/700 ] WIN    16 turns   naruto, marco, seventeen  vs  touka, ladydevimon, nobara
[ 536/700 ] WIN    22 turns   naruto, nagisa, gunha  vs  nobara, kurotsuchi, mavis
[ 537/700 ] LOSS   16 turns   naruto, todoroki, kurapika  vs  tsuyu, madoka, tokoyami
[ 538/700 ] LOSS   22 turns   naruto, nobara, blackwargreymon  vs  broly, killua, myotismon
[ 539/700 ] LOSS   21 turns   naruto, rob, crona  vs  genos, mami, seventeen
[ 540/700 ] LOSS   19 turns   naruto, cooler, mercury  vs  alphamon, kitara, saber
Applying bleed effect! Checking special code
Applying bleed effect! Checking special code
Applying bleed effect! Checking special code
[ 541/700 ] LOSS   34 turns   naruto, tatsumi, denji  vs  asta, nobara, satsuki
[ 542/700 ] WIN    17 turns   naruto, frankenstein, death  vs  akame, seventeen, bakugo
[ 543/700 ] LOSS   33 turns   naruto, shinoa, chrome  vs  noelle, genos, neferpitou
[ 544/700 ] WIN    26 turns   naruto, uraraka, gohan  vs  toph, ladydevimon, goku
[ 545/700 ] LOSS   19 turns   naruto, shinra, mami  vs  megumi, chrome, zenitsu
Applying bleed effect! Checking special code
[ 546/700 ] LOSS   28 turns   naruto, levi, impmon  vs  nel, power, kurapika
[ 547/700 ] LOSS   33 turns   naruto, tsuyu, aiohto  vs  sakura, sayaka, mars
[ 548/700 ] LOSS   14 turns   naruto, esdeath, alphamon  vs  nonon, crona, satsuki
[ 549/700 ] LOSS   18 turns   naruto, zenitsu, korra  vs  bakugo, mash, king
[ 550/700 ] WIN    35 turns   naruto, mars, saitama  vs  alphamon, todoroki, aiohto
[ 551/700 ] WIN    20 turns   naruto, ladydevimon, death  vs  saturn, tatsumaki, toji
[ 552/700 ] LOSS   17 turns   naruto, aang, eren  vs  jaden, tokoyami, satsuki
[ 553/700 ] LOSS   18 turns   naruto, saturn, yuno  vs  maka, alphamon, edward
[ 554/700 ] WIN    18 turns   naruto, aang, marco  vs  natsu, gon, hawkmon
Applying bleed effect! Checking special code
Applying bleed effect! Checking special code
[ 555/700 ] LOSS   25 turns   naruto, kaiba, power  vs  usopp, hawkmon, muichiro
[ 556/700 ] WIN    28 turns   naruto, shiro, mercury  vs  frankenstein, orihime, nobara
Yubel's S1 Triggered!
Yubel's S1 Triggered!
[ 557/700 ] WIN    29 turns   naruto, gohan, muichiro  vs  yubel, shiro, veldora
Applying bleed effect! Checking special code
[ 558/700 ] LOSS   29 turns   naruto, rengoku, aiohto  vs  lucy, renamon, toudou
[ 559/700 ] WIN    31 turns   naruto, jupiter, cell  vs  ichigo, sukuna, gogeta
[ 560/700 ] WIN    21 turns   naruto, rob, kid  vs  koro, adam, ryuko
[ 561/700 ] WIN    26 turns   naruto, sayaka, gatomon  vs  uraraka, soul, tsubasa
[ 562/700 ] WIN    25 turns   naruto, tatsumi, gilgamesh  vs  crona, jinwoo, adam
Applying bleed effect! Checking special code
[ 563/700 ] WIN    35 turns   naruto, rakko, korra  vs  gojo, alphonse, death
[ 564/700 ] WIN    23 turns   naruto, bakugo, broly  vs  yugi, nonon, kitara
[ 565/700 ] WIN    18 turns   naruto, tsubasa, usopp  vs  sayaka, tokoyami, jupiter
[ 566/700 ] WIN    61 turns   naruto, tsubaki, nimaiya  vs  yugi, yoh, hinata
[ 567/700 ] WIN    21 turns   naruto, levi, chrome  vs  yubel, eren, cooler
[ 568/700 ] WIN    21 turns   naruto, yuji, satsuki  vs  myotismon, seventeen, ganta
[ 569/700 ] LOSS   32 turns   naruto, denji, edward  vs  usopp, jinwoo, kurotsuchi
[ 570/700 ] LOSS   20 turns   naruto, arthur, edward  vs  broly, frieren, astolfo
[ 571/700 ] WIN    31 turns   naruto, gatomon, emiyaarcher  vs  mikasa, muichiro, mars
Applying bleed effect! Checking special code
Applying bleed effect! Checking special code
Applying bleed effect! Checking special code
Applying bleed effect! Checking special code
Applying bleed effect! Checking special code
Applying bleed effect! Checking special code
[ 572/700 ] LOSS   15 turns   naruto, yamamoto, tamaki  vs  aang, ken, diane
[ 573/700 ] WIN    22 turns   naruto, omnimon, touka  vs  aiohto, kitara, megumin
Applying bleed effect! Checking special code
[ 574/700 ] WIN    87 turns   naruto, mash, saber  vs  rimuru, ichigo, diane
[ 575/700 ] WIN    21 turns   naruto, saturn, ichibe  vs  inuyasha, uranus, touka
[ 576/700 ] WIN    15 turns   naruto, blackwargreymon, gray  vs  ace, sukuna, shiro
[ 577/700 ] WIN    24 turns   naruto, kuroko, tatsumaki  vs  sheele, gasai, rob
[ 578/700 ] WIN    20 turns   naruto, death, ryuko  vs  gunha, hawkmon, pegasus
[ 579/700 ] LOSS   35 turns   naruto, gasai, megumin  vs  gon, edward, death
[ 580/700 ] LOSS   22 turns   naruto, toph, saber  vs  maka, soul, uraraka
[ 581/700 ] WIN    20 turns   naruto, squalo, astolfo  vs  rimuru, ichigo, nezuko
[ 582/700 ] WIN    16 turns   naruto, madoka, touka  vs  eren, allmight, satsuki
[ 583/700 ] LOSS   16 turns   naruto, kurotsuchi, arthur  vs  itachi, touka, seventeen
[ 584/700 ] WIN    33 turns   naruto, nezuko, toudou  vs  astolfo, myotismon, xanxus
[ 585/700 ] LOSS   37 turns   naruto, goku, todoroki  vs  marco, veldora, aiohto
[ 586/700 ] WIN    36 turns   naruto, orihime, myotismon  vs  touka, saturn, mikasa
[ 587/700 ] LOSS   24 turns   naruto, kid, goku  vs  sayaka, alphonse, nonon
Applying bleed effect! Checking special code
[ 588/700 ] WIN    34 turns   naruto, rakko, neferpitou  vs  nimaiya, blackwargreymon, yamamoto
[ 589/700 ] WIN    21 turns   naruto, hinata, omnimon  vs  korra, misaka, gohan
[ 590/700 ] WIN    18 turns   naruto, inuyasha, gatomon  vs  frieren, frankenstein, uzui
[ 591/700 ] WIN    17 turns   naruto, hibari, uzui  vs  tsuyu, alphonse, ladydevimon
[ 592/700 ] WIN    24 turns   naruto, usopp, semiramis  vs  venus, emiyaarcher, hinata
[ 593/700 ] WIN    21 turns   naruto, kurapika, rimuru  vs  mami, astolfo, ladydevimon
[ 594/700 ] LOSS   42 turns   naruto, korra, jupiter  vs  byakuya, allmight, impmon
Applying bleed effect! Checking special code
[ 595/700 ] LOSS   29 turns   naruto, shinoa, ace  vs  gon, denji, muichiro
[ 596/700 ] WIN    25 turns   naruto, saber, allmight  vs  yamamoto, tsuyu, astolfo
[ 597/700 ] WIN    24 turns   naruto, adam, jack  vs  akame, gatomon, toji
[ 598/700 ] WIN    16 turns   naruto, jack, sayaka  vs  xanxus, goku, gogeta
Applying bleed effect! Checking special code
[ 599/700 ] WIN    23 turns   naruto, uranus, tokoyami  vs  power, saturn, shokuhou
[ 600/700 ] WIN    18 turns   naruto, edward, genos  vs  nobara, muichiro, nezuko
[ 601/700 ] WIN    23 turns   naruto, maka, blackstar  vs  yuji, tatsumi, saitama
[ 602/700 ] LOSS   32 turns   naruto, venus, minene  vs  mami, gatomon, nagisa
[ 603/700 ] WIN    17 turns   naruto, kaiba, tatsumi  vs  ryuko, saber, adam
Applying bleed effect! Checking special code
Applying bleed effect! Checking special code
Applying bleed effect! Checking special code
Applying bleed effect! Checking special code
Applying bleed effect! Checking special code
[ 604/700 ] LOSS   62 turns   naruto, diane, kid  vs  tanjiro, ban, marco
[ 605/700 ] WIN    11 turns   naruto, todoroki, hinata  vs  gohan, yuno, ban
[ 606/700 ] WIN    43 turns   naruto, crona, allmight  vs  toudou, blackwargreymon, squalo
Applying bleed effect! Checking special code
Applying bleed effect! Checking special code
Applying bleed effect! Checking special code
Applying bleed effect! Checking special code
Applying bleed effect! Checking special code
Applying bleed effect! Checking special code
[ 607/700 ] WIN    37 turns   naruto, mavis, ace  vs  sukuna, rakko, rengoku
[ 608/700 ] LOSS   15 turns   naruto, gunha, shokuhou  vs  muichiro, kuroko, nimaiya
[ 609/700 ] WIN    26 turns   naruto, tanjiro, hisoka  vs  midoriya, levi, gray
[ 610/700 ] WIN    17 turns   naruto, venus, vegeta  vs  semiramis, jinwoo, machinedramon
[ 611/700 ] WIN    35 turns   naruto, shokuhou, aiohto  vs  ichibe, mash, crona
[ 612/700 ] LOSS   41 turns   naruto, lucy, misaka  vs  arthur, broly, shokuhou
[ 613/700 ] WIN    17 turns   naruto, ichigo, chrome  vs  saber, allmight, hawkmon
[ 614/700 ] LOSS   28 turns   naruto, jesse, ladydevimon  vs  korra, muichiro, cell
[ 615/700 ] WIN    15 turns   naruto, tamaki, bakugo  vs  mercury, gohan, tatsumi
Applying bleed effect! Checking special code
Applying bleed effect! Checking special code
[ 616/700 ] WIN    21 turns   naruto, impmon, inosuke  vs  saitama, shinoa, yuno
Applying bleed effect! Checking special code
Applying bleed effect! Checking special code
Applying bleed effect! Checking special code
Applying bleed effect! Checking special code
[ 617/700 ] LOSS   29 turns   naruto, ken, saitama  vs  myotismon, itachi, hinata
[ 618/700 ] LOSS   27 turns   naruto, korra, jinwoo  vs  impmon, mami, eren
[ 619/700 ] LOSS   21 turns   naruto, yugi, satsuki  vs  ichibe, tatsumi, genos
Yubel's S1 Triggered!
Yubel's S1 Triggered!
Yubel's S1 Triggered!
Yubel's S1 Triggered!
[ 620/700 ] WIN    24 turns   naruto, yubel, jack  vs  boruto, koro, gilgamesh
[ 621/700 ] LOSS   21 turns   naruto, yugi, rimuru  vs  adam, tatsumaki, kitara
[ 622/700 ] LOSS   25 turns   naruto, nezuko, tsuyu  vs  death, ichibe, nel
[ 623/700 ] WIN    16 turns   naruto, frankenstein, death  vs  megumin, machinedramon, aiohto
[ 624/700 ] LOSS   23 turns   naruto, midoriya, omnimon  vs  nezuko, byakuya, tamaki
Applying bleed effect! Checking special code
Applying bleed effect! Checking special code
Applying bleed effect! Checking special code
Applying bleed effect! Checking special code
Applying bleed effect! Checking special code
Applying bleed effect! Checking special code
Applying bleed effect! Checking special code
Applying bleed effect! Checking special code
[ 625/700 ] LOSS   19 turns   naruto, toudou, frieren  vs  ken, ryuko, tsubaki
[ 626/700 ] LOSS   23 turns   naruto, venus, myotismon  vs  tsuyu, hinata, asta
[ 627/700 ] WIN    15 turns   naruto, satsuki, nel  vs  venus, tatsumi, edward
Applying bleed effect! Checking special code
Applying bleed effect! Checking special code
Applying bleed effect! Checking special code
Applying bleed effect! Checking special code
Applying bleed effect! Checking special code
Applying bleed effect! Checking special code
Applying bleed effect! Checking special code
Applying bleed effect! Checking special code
[ 628/700 ] LOSS   17 turns   naruto, tsubaki, kuroko  vs  koro, gray, ken
[ 629/700 ] LOSS   19 turns   naruto, rimuru, ace  vs  gray, toudou, frieren
[ 630/700 ] WIN    15 turns   naruto, shinra, nonon  vs  frieren, noelle, ganta
Applying bleed effect! Checking special code
Applying bleed effect! Checking special code
Applying bleed effect! Checking special code
Applying bleed effect! Checking special code
Applying bleed effect! Checking special code
[ 631/700 ] LOSS   17 turns   naruto, ken, hibari  vs  omnimon, mine, crona
[ 632/700 ] WIN    18 turns   naruto, emiya, uranus  vs  shiro, sheele, impmon
[ 633/700 ] WIN    19 turns   naruto, genos, inosuke  vs  gohan, zoro, diane
Applying bleed effect! Checking special code
Applying bleed effect! Checking special code
Applying bleed effect! Checking special code
Applying bleed effect! Checking special code
Applying bleed effect! Checking special code
Applying bleed effect! Checking special code
Applying bleed effect! Checking special code
Applying bleed effect! Checking special code
Applying bleed effect! Checking special code
[ 634/700 ] LOSS   19 turns   naruto, ken, tsuyu  vs  saitama, rengoku, touka
[ 635/700 ] LOSS   14 turns   naruto, levi, kurotsuchi  vs  neferpitou, boruto, genos
[ 636/700 ] WIN    30 turns   naruto, shinoa, nonon  vs  machinedramon, pegasus, yubel
[ 637/700 ] LOSS   26 turns   naruto, natsu, kurapika  vs  cell, squalo, uranus
[ 638/700 ] LOSS   41 turns   naruto, frieren, yoh  vs  kaiba, shinra, cell
[ 639/700 ] LOSS   24 turns   naruto, rob, kurotsuchi  vs  neferpitou, levi, itachi
Applying bleed effect! Checking special code
Applying bleed effect! Checking special code
[ 640/700 ] WIN    20 turns   naruto, denji, gatomon  vs  diane, yoh, jesse
[ 641/700 ] WIN    19 turns   naruto, gunha, nagisa  vs  yamamoto, ban, zenitsu
Applying bleed effect! Checking special code
Applying bleed effect! Checking special code
Applying bleed effect! Checking special code
Applying bleed effect! Checking special code
Applying bleed effect! Checking special code
[ 642/700 ] WIN    18 turns   naruto, nagisa, inosuke  vs  jinwoo, ken, lucy
[ 643/700 ] LOSS   25 turns   naruto, kurapika, ichigo  vs  uranus, shiro, esdeath
[ 644/700 ] WIN    17 turns   naruto, mercury, nimaiya  vs  esdeath, king, gatomon
[ 645/700 ] LOSS   29 turns   naruto, emiyaarcher, mash  vs  byakuya, ichibe, marco
[ 646/700 ] WIN    25 turns   naruto, erza, madoka  vs  gatomon, nezuko, arthur
[ 647/700 ] LOSS   23 turns   naruto, tsubaki, chrome  vs  broly, korra, sukuna
[ 648/700 ] WIN    23 turns   naruto, midoriya, saturn  vs  pegasus, myotismon, gogeta
[ 649/700 ] LOSS   22 turns   naruto, yugi, frankenstein  vs  misaka, killua, korra
[ 650/700 ] WIN    22 turns   naruto, zoro, meliodas  vs  shinoa, nimaiya, impmon
[ 651/700 ] WIN    18 turns   naruto, seventeen, sukuna  vs  marco, maka, alphonse
Applying bleed effect! Checking special code
[ 652/700 ] LOSS   20 turns   naruto, ace, power  vs  halibel, adam, ryuko
[ 653/700 ] WIN    30 turns   naruto, zenitsu, rimuru  vs  ryohei, midoriya, nel
[ 654/700 ] WIN    24 turns   naruto, esdeath, toga  vs  gogeta, tsubasa, saitama
[ 655/700 ] WIN    27 turns   naruto, jaden, semiramis  vs  goku, toga, kuroko
Applying bleed effect! Checking special code
Applying bleed effect! Checking special code
[ 656/700 ] WIN    16 turns   naruto, yuno, ryuko  vs  sasuke, power, myotismon
Applying bleed effect! Checking special code
[ 657/700 ] WIN    20 turns   naruto, gasai, pegasus  vs  power, yoh, emiya
[ 658/700 ] WIN    25 turns   naruto, nobara, gallantmon  vs  mash, midoriya, natsu
[ 659/700 ] WIN    50 turns   naruto, nel, blackwargreymon  vs  nezuko, ichibe, blackstar
Applying bleed effect! Checking special code
Applying bleed effect! Checking special code
[ 660/700 ] WIN    17 turns   naruto, usopp, rob  vs  tamaki, nonon, rakko
[ 661/700 ] WIN    20 turns   naruto, byakuya, bakugo  vs  jesse, ban, mavis
[ 662/700 ] LOSS   16 turns   naruto, alphamon, jinwoo  vs  gray, emiyaarcher, tokoyami
[ 663/700 ] WIN    22 turns   naruto, saitama, luffy  vs  sakura, nezuko, astolfo
[ 664/700 ] WIN    20 turns   naruto, power, alphonse  vs  kuroko, rimuru, shinoa
[ 665/700 ] WIN    20 turns   naruto, lizandpatty, impmon  vs  tsubaki, hawkmon, vegeta
[ 666/700 ] WIN    22 turns   naruto, toph, gogeta  vs  shinra, jesse, ichigo
[ 667/700 ] LOSS   22 turns   naruto, ban, emiya  vs  kurotsuchi, toudou, ichibe
[ 668/700 ] WIN    35 turns   naruto, mine, kid  vs  myotismon, ban, jesse
Yubel's S1 Triggered!
Yubel's S1 Triggered!
[ 669/700 ] LOSS   14 turns   naruto, yubel, toph  vs  nagisa, natsu, gilgamesh
[ 670/700 ] LOSS   30 turns   naruto, venus, korra  vs  crona, halibel, tatsumaki
Yubel's S1 Triggered!
Yubel's S1 Triggered!
Yubel's S1 Triggered!
Yubel's S1 Triggered!
Yubel's S1 Triggered!
[ 671/700 ] LOSS   17 turns   naruto, yubel, shiro  vs  nimaiya, crona, edward
[ 672/700 ] LOSS   18 turns   naruto, gohan, ichigo  vs  gojo, chrome, vegeta
[ 673/700 ] DRAW  500 turns   naruto, squalo, blackwargreymon  vs  hinata, jesse, gilgamesh
[ 674/700 ] LOSS   34 turns   naruto, killua, venus  vs  tsubasa, sayaka, natsu
[ 675/700 ] WIN    39 turns   naruto, tamaki, lucy  vs  saitama, xanxus, adam
Yubel's S1 Triggered!
[ 676/700 ] WIN    27 turns   naruto, uzui, mars  vs  maka, yubel, kaiba
[ 677/700 ] WIN    48 turns   naruto, goku, byakuya  vs  rakko, korra, jupiter
Applying bleed effect! Checking special code
Applying bleed effect! Checking special code
Applying bleed effect! Checking special code
Applying bleed effect! Checking special code
Applying bleed effect! Checking special code
Applying bleed effect! Checking special code
Applying bleed effect! Checking special code
[ 678/700 ] WIN    42 turns   naruto, rob, gon  vs  rengoku, hashirama, mash
[ 679/700 ] WIN    35 turns   naruto, gojo, impmon  vs  emiyaarcher, ganta, adam
[ 680/700 ] LOSS   18 turns   naruto, cooler, zenitsu  vs  lyserg, mavis, tatsumaki
[ 681/700 ] WIN    13 turns   naruto, asta, allmight  vs  inuyasha, nimaiya, zoro
Applying bleed effect! Checking special code
Applying bleed effect! Checking special code
Applying bleed effect! Checking special code
Applying bleed effect! Checking special code
Applying bleed effect! Checking special code
Applying bleed effect! Checking special code
Applying bleed effect! Checking special code
Applying bleed effect! Checking special code
Applying bleed effect! Checking special code
Applying bleed effect! Checking special code
[ 682/700 ] WIN    22 turns   naruto, king, kurotsuchi  vs  saber, megumi, ichigo
[ 683/700 ] LOSS   20 turns   naruto, veldora, toph  vs  nezuko, aiohto, ban
Applying bleed effect! Checking special code
Applying bleed effect! Checking special code
[ 684/700 ] LOSS   23 turns   naruto, orihime, shiro  vs  madoka, ganta, rengoku
[ 685/700 ] LOSS   28 turns   naruto, toph, cell  vs  megumin, tatsumi, shinoa
[ 686/700 ] WIN    47 turns   naruto, muichiro, yamamoto  vs  boruto, tokoyami, toph
[ 687/700 ] WIN    29 turns   naruto, ryuko, alphamon  vs  gogeta, alphonse, xanxus
[ 688/700 ] LOSS   15 turns   naruto, todoroki, genos  vs  tsubaki, saturn, madoka
[ 689/700 ] WIN    24 turns   naruto, kuroko, gohan  vs  noelle, inuyasha, killua
[ 690/700 ] WIN    11 turns   naruto, hawkmon, madoka  vs  crona, allmight, jinwoo
[ 691/700 ] LOSS   12 turns   naruto, chrome, todoroki  vs  rimuru, hibari, seventeen
Applying bleed effect! Checking special code
Applying bleed effect! Checking special code
Applying bleed effect! Checking special code
Applying bleed effect! Checking special code
Applying bleed effect! Checking special code
[ 692/700 ] WIN    39 turns   naruto, hashirama, orihime  vs  sheele, aiohto, rakko
[ 693/700 ] LOSS   15 turns   naruto, ace, ganta  vs  blackwargreymon, aang, rob
[ 694/700 ] WIN    14 turns   naruto, hashirama, emiyaarcher  vs  kaiba, megumi, madoka
[ 695/700 ] LOSS   24 turns   naruto, renamon, zenitsu  vs  blackstar, emiya, myotismon
[ 696/700 ] WIN    22 turns   naruto, astolfo, natsu  vs  noelle, hisoka, mikasa
[ 697/700 ] LOSS   32 turns   naruto, ryuko, orihime  vs  maka, kaiba, ichibe
[ 698/700 ] WIN    22 turns   naruto, meliodas, vegeta  vs  yuji, emiya, satsuki
Applying bleed effect! Checking special code
Applying bleed effect! Checking special code
[ 699/700 ] WIN    31 turns   naruto, ichibe, crona  vs  king, akame, marco
[ 700/700 ] WIN    22 turns   naruto, jaden, ban  vs  lizandpatty, death, aiohto
=== TRAINER RUN COMPLETE ===
Matches: 700   W: 400   L: 296   D: 4   Win: 57.1%   (opponent: self)
Policy saved to res://training/checkpoints/focus_naruto/w2.json  (generation 5, trained_matches 10700)
