Godot Engine v4.6.2.stable.official.71f334935 - https://godotengine.org

[trainer] seed=61003 matches=700 opponent=self eval=false out=res://training/checkpoints/focus_aang/w3.json checkpoint=res://training/checkpoints/focused_current.json
[authored] loaded 1 authored character(s)
[   1/700 ] WIN    22 turns   aang, lyserg, toji  vs  sukuna, uzui, tsunayoshi
[   2/700 ] WIN    14 turns   aang, hibari, cell  vs  mikasa, zoro, tsuyu
[   3/700 ] LOSS   16 turns   aang, gon, adam  vs  goku, meliodas, tsubaki
Yubel's S1 Triggered!
[   4/700 ] LOSS   21 turns   aang, crona, gohan  vs  misaka, gallantmon, yubel
Applying bleed effect! Checking special code
Applying bleed effect! Checking special code
[   5/700 ] WIN    23 turns   aang, allmight, cooler  vs  pegasus, power, inuyasha
[   6/700 ] WIN    16 turns   aang, gojo, zenitsu  vs  allmight, ryuko, genos
[   7/700 ] WIN    16 turns   aang, midoriya, gojo  vs  natsu, tsunayoshi, alphamon
[   8/700 ] LOSS   24 turns   aang, cooler, death  vs  jack, marco, natsu
Applying bleed effect! Checking special code
Applying bleed effect! Checking special code
[   9/700 ] WIN    15 turns   aang, ken, hibari  vs  tsunayoshi, arthur, sukuna
Applying bleed effect! Checking special code
Applying bleed effect! Checking special code
Applying bleed effect! Checking special code
Applying bleed effect! Checking special code
Applying bleed effect! Checking special code
[  10/700 ] WIN    27 turns   aang, uranus, power  vs  toga, gilgamesh, nobara
[  11/700 ] WIN    16 turns   aang, rob, tsubasa  vs  myotismon, saitama, gilgamesh
Yubel's S1 Triggered!
Yubel's S1 Triggered!
[  12/700 ] WIN    16 turns   aang, tanjiro, gasai  vs  toga, machinedramon, yubel
[  13/700 ] LOSS   24 turns   aang, lyserg, shokuhou  vs  shinra, sasuke, satsuki
[  14/700 ] WIN    62 turns   aang, tsuyu, meliodas  vs  neferpitou, uzui, orihime
[  15/700 ] LOSS   25 turns   aang, kaiba, halibel  vs  frieren, edward, uranus
[  16/700 ] WIN    23 turns   aang, hinata, mercury  vs  killua, toph, toudou
[  17/700 ] WIN    21 turns   aang, boruto, blackwargreymon  vs  akame, jesse, ban
[  18/700 ] LOSS   17 turns   aang, tsubasa, goku  vs  kaiba, jack, mash
[  19/700 ] WIN    30 turns   aang, bakugo, nel  vs  ryohei, gatomon, kurotsuchi
[  20/700 ] WIN    19 turns   aang, gasai, todoroki  vs  gojo, mami, power
[  21/700 ] LOSS   16 turns   aang, blackwargreymon, gunha  vs  tamaki, genos, zoro
[  22/700 ] LOSS   22 turns   aang, hawkmon, toudou  vs  yuji, adam, sakura
Applying bleed effect! Checking special code
Applying bleed effect! Checking special code
[  23/700 ] LOSS   33 turns   aang, denji, kurapika  vs  rengoku, sakura, saturn
[  24/700 ] WIN    14 turns   aang, mash, zoro  vs  jupiter, maka, orihime
Applying bleed effect! Checking special code
Applying bleed effect! Checking special code
Applying bleed effect! Checking special code
Applying bleed effect! Checking special code
Applying bleed effect! Checking special code
Applying bleed effect! Checking special code
[  25/700 ] LOSS   15 turns   aang, jeanne, gohan  vs  jinwoo, kitara, king
[  26/700 ] LOSS   25 turns   aang, shinra, uzui  vs  satsuki, levi, hawkmon
Applying bleed effect! Checking special code
[  27/700 ] WIN    29 turns   aang, astolfo, denji  vs  madoka, aiohto, blackstar
[  28/700 ] LOSS   19 turns   aang, shiro, sakura  vs  frankenstein, horohoro, yugi
[  29/700 ] LOSS   24 turns   aang, mars, arthur  vs  jesse, astolfo, erza
[  30/700 ] WIN    18 turns   aang, emiyaarcher, kitara  vs  misaka, gasai, megumi
[  31/700 ] WIN    34 turns   aang, rimuru, soul  vs  ryuko, horohoro, madoka
[  32/700 ] WIN    21 turns   aang, toga, broly  vs  jack, usopp, naruto
Applying bleed effect! Checking special code
Applying bleed effect! Checking special code
[  33/700 ] WIN    18 turns   aang, lizandpatty, hibari  vs  ken, jesse, soul
[  34/700 ] WIN    30 turns   aang, shinra, chrome  vs  jaden, gilgamesh, saitama
[  35/700 ] LOSS   20 turns   aang, ryuko, toudou  vs  rob, chrome, ichigo
Applying bleed effect! Checking special code
Applying bleed effect! Checking special code
[  36/700 ] WIN    35 turns   aang, shinoa, power  vs  toph, misaka, minene
[  37/700 ] WIN    21 turns   aang, kitara, kuroko  vs  semiramis, mercury, orihime
Yubel's S1 Triggered!
[  38/700 ] WIN    12 turns   aang, halibel, shinoa  vs  yubel, tatsumaki, asta
Applying bleed effect! Checking special code
Applying bleed effect! Checking special code
Applying bleed effect! Checking special code
[  39/700 ] WIN    28 turns   aang, chrome, power  vs  shokuhou, marco, usopp
[  40/700 ] LOSS   24 turns   aang, akame, touka  vs  rengoku, emiyaarcher, alphamon
[  41/700 ] WIN    22 turns   aang, squalo, uzui  vs  rakko, tatsumi, nel
[  42/700 ] LOSS   23 turns   aang, gon, semiramis  vs  sukuna, uraraka, edward
[  43/700 ] WIN    23 turns   aang, gunha, goku  vs  tanjiro, sukuna, nobara
[  44/700 ] WIN    16 turns   aang, gon, tsubasa  vs  frankenstein, jupiter, allmight
[  45/700 ] WIN    22 turns   aang, frankenstein, gohan  vs  blackstar, death, gallantmon
[  46/700 ] WIN    21 turns   aang, usopp, ladydevimon  vs  sasuke, eren, power
[  47/700 ] WIN    17 turns   aang, nimaiya, levi  vs  xanxus, madoka, zoro
[  48/700 ] WIN    23 turns   aang, emiya, mikasa  vs  orihime, gunha, gogeta
[  49/700 ] LOSS   18 turns   aang, denji, yugi  vs  kid, hibari, jack
[  50/700 ] WIN    29 turns   aang, mine, tsubaki  vs  lizandpatty, jaden, emiyaarcher
[  51/700 ] WIN    24 turns   aang, jinwoo, meliodas  vs  mikasa, toph, levi
[  52/700 ] WIN    26 turns   aang, jaden, frieren  vs  tsuyu, yuji, shinoa
[  53/700 ] WIN    14 turns   aang, broly, hisoka  vs  genos, uraraka, sukuna
[  54/700 ] WIN    28 turns   aang, yuno, ladydevimon  vs  sakura, horohoro, nagisa
Applying bleed effect! Checking special code
Applying bleed effect! Checking special code
Applying bleed effect! Checking special code
[  55/700 ] WIN    16 turns   aang, venus, inosuke  vs  gray, squalo, marco
[  56/700 ] LOSS   22 turns   aang, shokuhou, kurapika  vs  uraraka, touka, crona
[  57/700 ] WIN    16 turns   aang, toph, frieren  vs  inosuke, killua, toga
[  58/700 ] WIN    21 turns   aang, noelle, toph  vs  nonon, blackwargreymon, toga
[  59/700 ] LOSS   23 turns   aang, asta, tamaki  vs  sasuke, shiro, gallantmon
[  60/700 ] LOSS   24 turns   aang, jinwoo, jeanne  vs  frankenstein, yuji, kaiba
[  61/700 ] LOSS   20 turns   aang, yuji, venus  vs  denji, lizandpatty, tatsumi
Applying bleed effect! Checking special code
Applying bleed effect! Checking special code
Applying bleed effect! Checking special code
[  62/700 ] LOSS   16 turns   aang, ichigo, gatomon  vs  erza, satsuki, denji
[  63/700 ] WIN    17 turns   aang, gohan, gon  vs  gatomon, tanjiro, machinedramon
[  64/700 ] WIN    11 turns   aang, satsuki, mine  vs  byakuya, pegasus, gojo
[  65/700 ] WIN    21 turns   aang, noelle, yoh  vs  jeanne, nagisa, uzui
[  66/700 ] LOSS   24 turns   aang, sasuke, erza  vs  arthur, akame, vegeta
[  67/700 ] WIN    16 turns   aang, midoriya, uzui  vs  hawkmon, yamamoto, soul
[  68/700 ] LOSS   32 turns   aang, vegeta, rakko  vs  machinedramon, kurapika, aiohto
[  69/700 ] LOSS   19 turns   aang, toga, renamon  vs  jack, chrome, mercury
[  70/700 ] LOSS   19 turns   aang, gogeta, sakura  vs  satsuki, omnimon, sheele
[  71/700 ] WIN    20 turns   aang, todoroki, shiro  vs  nonon, tanjiro, tsubaki
[  72/700 ] LOSS   15 turns   aang, korra, minene  vs  kid, uranus, lizandpatty
[  73/700 ] LOSS   33 turns   aang, luffy, alphonse  vs  squalo, gallantmon, renamon
[  74/700 ] LOSS   22 turns   aang, kaiba, bakugo  vs  tatsumaki, saturn, gunha
[  75/700 ] LOSS   28 turns   aang, mars, vegeta  vs  frieren, cell, edward
[  76/700 ] WIN    20 turns   aang, kitara, tamaki  vs  mine, pegasus, ken
[  77/700 ] LOSS   32 turns   aang, venus, kid  vs  soul, saturn, koro
[  78/700 ] WIN    22 turns   aang, diane, horohoro  vs  blackstar, gojo, venus
[  79/700 ] WIN    20 turns   aang, uranus, nonon  vs  ladydevimon, madoka, sakura
[  80/700 ] WIN    20 turns   aang, ladydevimon, jesse  vs  omnimon, crona, sakura
[  81/700 ] WIN    24 turns   aang, myotismon, cell  vs  venus, nonon, mine
[  82/700 ] LOSS   13 turns   aang, nobara, mavis  vs  mikasa, adam, alphamon
[  83/700 ] WIN    18 turns   aang, usopp, naruto  vs  rob, ryohei, blackwargreymon
Applying bleed effect! Checking special code
[  84/700 ] WIN    18 turns   aang, sheele, halibel  vs  crona, inosuke, nezuko
[  85/700 ] LOSS   32 turns   aang, cooler, lyserg  vs  gray, marco, veldora
[  86/700 ] WIN    20 turns   aang, megumi, kurotsuchi  vs  akame, horohoro, toga
[  87/700 ] LOSS   23 turns   aang, yubel, sheele  vs  death, edward, jinwoo
[  88/700 ] LOSS   24 turns   aang, gatomon, xanxus  vs  mine, frankenstein, touka
[  89/700 ] WIN    15 turns   aang, gallantmon, nagisa  vs  shiro, nonon, myotismon
[  90/700 ] LOSS   21 turns   aang, sheele, ryohei  vs  hibari, bakugo, erza
[  91/700 ] WIN    20 turns   aang, rimuru, mikasa  vs  frankenstein, power, tokoyami
[  92/700 ] WIN    31 turns   aang, madoka, kitara  vs  jesse, zenitsu, yugi
[  93/700 ] LOSS   20 turns   aang, sakura, sheele  vs  mine, lyserg, yuno
[  94/700 ] LOSS   12 turns   aang, frankenstein, lyserg  vs  myotismon, levi, nimaiya
Applying bleed effect! Checking special code
[  95/700 ] WIN    18 turns   aang, todoroki, tatsumi  vs  kaiba, power, marco
[  96/700 ] WIN    17 turns   aang, squalo, halibel  vs  ban, gasai, vegeta
[  97/700 ] WIN    14 turns   aang, jack, nagisa  vs  seventeen, korra, ryuko
[  98/700 ] WIN    17 turns   aang, usopp, gallantmon  vs  xanxus, maka, nimaiya
[  99/700 ] LOSS   18 turns   aang, mikasa, allmight  vs  gasai, kitara, yuno
[ 100/700 ] WIN    26 turns   aang, mine, sasuke  vs  kid, gohan, megumin
[ 101/700 ] LOSS   39 turns   aang, genos, midoriya  vs  yubel, cooler, tamaki
[ 102/700 ] WIN    20 turns   aang, venus, cell  vs  gogeta, soul, alphamon
[ 103/700 ] WIN    18 turns   aang, mikasa, alphamon  vs  minene, veldora, yubel
Yubel's S1 Triggered!
Applying bleed effect! Checking special code
[ 104/700 ] LOSS   51 turns   aang, kaiba, power  vs  yubel, mine, sukuna
[ 105/700 ] WIN    16 turns   aang, rimuru, satsuki  vs  yugi, shokuhou, muichiro
[ 106/700 ] WIN    16 turns   aang, gallantmon, kaiba  vs  levi, gray, jesse
Applying bleed effect! Checking special code
Applying bleed effect! Checking special code
Applying bleed effect! Checking special code
Applying bleed effect! Checking special code
Applying bleed effect! Checking special code
Applying bleed effect! Checking special code
[ 107/700 ] WIN    12 turns   aang, toph, king  vs  jeanne, ace, allmight
Applying bleed effect! Checking special code
[ 108/700 ] WIN    27 turns   aang, semiramis, seventeen  vs  diane, sakura, lucy
Applying bleed effect! Checking special code
Applying bleed effect! Checking special code
[ 109/700 ] WIN    19 turns   aang, power, shinra  vs  rob, horohoro, soul
[ 110/700 ] WIN    14 turns   aang, chrome, shinra  vs  allmight, tsuyu, megumi
[ 111/700 ] WIN    18 turns   aang, nezuko, impmon  vs  mine, jeanne, sukuna
[ 112/700 ] LOSS   22 turns   aang, renamon, ichigo  vs  aiohto, horohoro, tsubasa
[ 113/700 ] WIN    14 turns   aang, mikasa, lizandpatty  vs  cooler, shokuhou, adam
[ 114/700 ] LOSS   39 turns   aang, ganta, ichigo  vs  squalo, kid, naruto
[ 115/700 ] WIN    21 turns   aang, kid, yoh  vs  inuyasha, nagisa, edward
[ 116/700 ] LOSS   17 turns   aang, midoriya, tatsumaki  vs  asta, marco, nonon
[ 117/700 ] WIN    15 turns   aang, ichigo, lyserg  vs  jinwoo, luffy, emiyaarcher
[ 118/700 ] WIN    32 turns   aang, lucy, erza  vs  tatsumi, marco, yoh
[ 119/700 ] LOSS   29 turns   aang, sasuke, orihime  vs  broly, satsuki, omnimon
Applying bleed effect! Checking special code
[ 120/700 ] WIN    33 turns   aang, boruto, diane  vs  crona, jack, tsunayoshi
[ 121/700 ] WIN    16 turns   aang, sayaka, chrome  vs  hinata, shiro, mars
[ 122/700 ] WIN    16 turns   aang, ichibe, tokoyami  vs  sayaka, jeanne, mine
[ 123/700 ] WIN    12 turns   aang, seventeen, mars  vs  gasai, usopp, shokuhou
[ 124/700 ] LOSS   16 turns   aang, death, kuroko  vs  cooler, shiro, gunha
[ 125/700 ] LOSS   25 turns   aang, crona, power  vs  tatsumaki, toji, natsu
[ 126/700 ] WIN    14 turns   aang, inuyasha, hinata  vs  adam, squalo, hisoka
[ 127/700 ] LOSS   20 turns   aang, rob, horohoro  vs  toudou, emiyaarcher, gallantmon
Applying bleed effect! Checking special code
Applying bleed effect! Checking special code
Applying bleed effect! Checking special code
[ 128/700 ] WIN    34 turns   aang, itachi, inosuke  vs  boruto, arthur, misaka
[ 129/700 ] WIN    22 turns   aang, halibel, squalo  vs  tsubaki, tatsumi, kid
[ 130/700 ] WIN    22 turns   aang, crona, tsuyu  vs  shinra, hinata, machinedramon
[ 131/700 ] WIN    17 turns   aang, hashirama, squalo  vs  gogeta, hinata, alphonse
[ 132/700 ] WIN    32 turns   aang, vegeta, myotismon  vs  squalo, emiyaarcher, alphamon
Applying bleed effect! Checking special code
[ 133/700 ] WIN    36 turns   aang, hisoka, emiyaarcher  vs  inosuke, mars, sayaka
[ 134/700 ] WIN    18 turns   aang, yugi, jaden  vs  kid, halibel, emiya
Yubel's S1 Triggered!
Yubel's S1 Triggered!
[ 135/700 ] LOSS   28 turns   aang, ganta, yamamoto  vs  alphonse, omnimon, yubel
[ 136/700 ] WIN    12 turns   aang, emiyaarcher, gray  vs  nonon, allmight, mercury
Applying bleed effect! Checking special code
Applying bleed effect! Checking special code
[ 137/700 ] LOSS   30 turns   aang, kitara, tatsumaki  vs  cell, rengoku, gray
[ 138/700 ] LOSS   20 turns   aang, astolfo, gojo  vs  blackstar, gon, tatsumi
[ 139/700 ] WIN    20 turns   aang, misaka, byakuya  vs  gohan, alphonse, mikasa
[ 140/700 ] LOSS   29 turns   aang, saitama, maka  vs  lyserg, sheele, erza
[ 141/700 ] LOSS   14 turns   aang, allmight, tsubasa  vs  adam, kuroko, emiya
[ 142/700 ] LOSS   28 turns   aang, levi, ryohei  vs  gray, korra, jack
[ 143/700 ] LOSS   29 turns   aang, yugi, naruto  vs  yubel, mash, esdeath
[ 144/700 ] LOSS   23 turns   aang, mavis, saturn  vs  tokoyami, meliodas, esdeath
Applying bleed effect! Checking special code
Applying bleed effect! Checking special code
[ 145/700 ] WIN    27 turns   aang, rengoku, emiya  vs  mavis, rimuru, koro
[ 146/700 ] WIN    25 turns   aang, kurapika, adam  vs  toga, korra, naruto
[ 147/700 ] LOSS   22 turns   aang, mami, shokuhou  vs  zenitsu, impmon, pegasus
[ 148/700 ] LOSS   20 turns   aang, alphamon, lizandpatty  vs  kuroko, gatomon, seventeen
[ 149/700 ] WIN    22 turns   aang, jack, misaka  vs  kuroko, gatomon, sheele
Applying bleed effect! Checking special code
[ 150/700 ] LOSS   26 turns   aang, megumin, astolfo  vs  myotismon, denji, kuroko
[ 151/700 ] LOSS   16 turns   aang, zoro, korra  vs  madoka, uzui, ryuko
[ 152/700 ] LOSS   20 turns   aang, zoro, lyserg  vs  byakuya, uranus, shinoa
[ 153/700 ] WIN    22 turns   aang, gray, vegeta  vs  tsubaki, nezuko, erza
[ 154/700 ] WIN    19 turns   aang, shinra, jesse  vs  hawkmon, zoro, todoroki
[ 155/700 ] WIN    19 turns   aang, jinwoo, ichibe  vs  kurotsuchi, sakura, inuyasha
[ 156/700 ] LOSS   21 turns   aang, hawkmon, chrome  vs  marco, satsuki, nonon
[ 157/700 ] WIN    16 turns   aang, tokoyami, soul  vs  sheele, hinata, goku
Applying bleed effect! Checking special code
[ 158/700 ] LOSS   50 turns   aang, impmon, denji  vs  naruto, death, sakura
[ 159/700 ] LOSS   18 turns   aang, nonon, kuroko  vs  killua, veldora, marco
[ 160/700 ] WIN    30 turns   aang, kitara, sakura  vs  marco, tokoyami, mami
[ 161/700 ] WIN    19 turns   aang, hawkmon, koro  vs  kurotsuchi, gojo, gogeta
[ 162/700 ] WIN    14 turns   aang, toji, yugi  vs  tokoyami, ganta, shinoa
[ 163/700 ] LOSS   20 turns   aang, toga, gilgamesh  vs  hawkmon, hibari, astolfo
[ 164/700 ] WIN    26 turns   aang, jinwoo, maka  vs  crona, genos, tsubasa
[ 165/700 ] WIN    30 turns   aang, levi, saitama  vs  alphamon, kurapika, adam
Applying bleed effect! Checking special code
[ 166/700 ] WIN    19 turns   aang, alphonse, nezuko  vs  hinata, power, toga
[ 167/700 ] WIN    14 turns   aang, kid, emiya  vs  lyserg, jupiter, jeanne
[ 168/700 ] WIN    28 turns   aang, shinoa, halibel  vs  hibari, jinwoo, omnimon
Applying bleed effect! Checking special code
Applying bleed effect! Checking special code
[ 169/700 ] WIN    20 turns   aang, luffy, ichibe  vs  natsu, ken, zoro
[ 170/700 ] LOSS   22 turns   aang, lucy, neferpitou  vs  tsuyu, luffy, tsubasa
[ 171/700 ] WIN    32 turns   aang, tsunayoshi, yubel  vs  lizandpatty, kurotsuchi, akame
[ 172/700 ] WIN    12 turns   aang, saitama, gon  vs  todoroki, machinedramon, tsubaki
[ 173/700 ] WIN    17 turns   aang, arthur, squalo  vs  midoriya, toph, xanxus
[ 174/700 ] LOSS   18 turns   aang, asta, emiyaarcher  vs  astolfo, zoro, sayaka
[ 175/700 ] WIN    20 turns   aang, sasuke, blackstar  vs  adam, gohan, cell
[ 176/700 ] WIN    34 turns   aang, marco, kaiba  vs  eren, todoroki, xanxus
[ 177/700 ] WIN    19 turns   aang, yamamoto, byakuya  vs  boruto, yugi, myotismon
[ 178/700 ] WIN    20 turns   aang, orihime, kaiba  vs  emiyaarcher, bakugo, esdeath
[ 179/700 ] WIN    25 turns   aang, nel, frieren  vs  lizandpatty, todoroki, tsuyu
[ 180/700 ] WIN    18 turns   aang, naruto, pegasus  vs  goku, uzui, tatsumaki
[ 181/700 ] WIN    22 turns   aang, nagisa, naruto  vs  gon, veldora, toph
[ 182/700 ] WIN    29 turns   aang, tsubasa, tatsumi  vs  hisoka, kurapika, myotismon
[ 183/700 ] WIN    32 turns   aang, ichigo, levi  vs  muichiro, nezuko, toudou
[ 184/700 ] WIN    32 turns   aang, myotismon, jupiter  vs  gohan, yamamoto, gilgamesh
Yubel's S1 Triggered!
Yubel's S1 Triggered!
[ 185/700 ] LOSS   22 turns   aang, lucy, blackwargreymon  vs  tatsumi, ryuko, yubel
[ 186/700 ] WIN    20 turns   aang, soul, astolfo  vs  jaden, zenitsu, renamon
[ 187/700 ] LOSS   30 turns   aang, megumi, megumin  vs  marco, uraraka, erza
[ 188/700 ] WIN    25 turns   aang, lucy, halibel  vs  meliodas, inuyasha, myotismon
[ 189/700 ] LOSS   25 turns   aang, venus, natsu  vs  sasuke, toudou, blackwargreymon
[ 190/700 ] WIN    27 turns   aang, crona, veldora  vs  death, renamon, orihime
Applying bleed effect! Checking special code
[ 191/700 ] LOSS   25 turns   aang, ichibe, diane  vs  seventeen, gohan, crona
[ 192/700 ] LOSS   20 turns   aang, yoh, inuyasha  vs  jupiter, frankenstein, frieren
Applying bleed effect! Checking special code
Applying bleed effect! Checking special code
[ 193/700 ] WIN    21 turns   aang, inosuke, hisoka  vs  goku, saturn, ichigo
[ 194/700 ] WIN    21 turns   aang, toph, saber  vs  toudou, sakura, uraraka
[ 195/700 ] LOSS   31 turns   aang, zenitsu, luffy  vs  erza, tsubaki, squalo
[ 196/700 ] WIN    34 turns   aang, omnimon, itachi  vs  gilgamesh, kuroko, kid
[ 197/700 ] WIN    23 turns   aang, bakugo, toph  vs  megumi, tanjiro, shinoa
[ 198/700 ] WIN    17 turns   aang, tanjiro, rakko  vs  mami, omnimon, ichibe
[ 199/700 ] WIN    10 turns   aang, blackstar, mikasa  vs  sukuna, frieren, natsu
[ 200/700 ] WIN    18 turns   aang, meliodas, rob  vs  shokuhou, esdeath, marco
[ 201/700 ] WIN    17 turns   aang, killua, pegasus  vs  jupiter, sakura, gallantmon
[ 202/700 ] WIN    49 turns   aang, ichigo, neferpitou  vs  aiohto, sakura, orihime
[ 203/700 ] WIN    26 turns   aang, zenitsu, usopp  vs  megumin, hibari, nonon
[ 204/700 ] WIN    16 turns   aang, astolfo, mash  vs  akame, hawkmon, meliodas
Applying bleed effect! Checking special code
Applying bleed effect! Checking special code
Applying bleed effect! Checking special code
Applying bleed effect! Checking special code
Applying bleed effect! Checking special code
Applying bleed effect! Checking special code
Applying bleed effect! Checking special code
[ 205/700 ] WIN    24 turns   aang, rengoku, ken  vs  saturn, kurapika, diane
[ 206/700 ] WIN    16 turns   aang, gasai, tamaki  vs  gatomon, pegasus, soul
[ 207/700 ] WIN    16 turns   aang, lucy, gunha  vs  blackstar, orihime, yamamoto
[ 208/700 ] WIN    53 turns   aang, saitama, goku  vs  cooler, pegasus, semiramis
[ 209/700 ] WIN    12 turns   aang, gilgamesh, cell  vs  toga, nezuko, byakuya
[ 210/700 ] WIN    25 turns   aang, ace, saitama  vs  genos, yoh, nel
[ 211/700 ] WIN    22 turns   aang, soul, saturn  vs  yamamoto, goku, megumin
Applying bleed effect! Checking special code
Applying bleed effect! Checking special code
Applying bleed effect! Checking special code
Applying bleed effect! Checking special code
Applying bleed effect! Checking special code
[ 212/700 ] WIN    14 turns   aang, kurapika, denji  vs  genos, megumi, rakko
[ 213/700 ] WIN    31 turns   aang, blackwargreymon, jinwoo  vs  mami, sheele, emiya
Applying bleed effect! Checking special code
[ 214/700 ] WIN    22 turns   aang, toji, shokuhou  vs  zoro, emiyaarcher, power
[ 215/700 ] LOSS   31 turns   aang, kurotsuchi, nel  vs  nezuko, shinoa, jeanne
[ 216/700 ] LOSS   19 turns   aang, shinoa, emiya  vs  tokoyami, gray, muichiro
[ 217/700 ] WIN    23 turns   aang, mash, blackstar  vs  tsubaki, lizandpatty, kaiba
Applying bleed effect! Checking special code
Applying bleed effect! Checking special code
Applying bleed effect! Checking special code
[ 218/700 ] LOSS   23 turns   aang, tatsumi, gunha  vs  sukuna, inosuke, neferpitou
[ 219/700 ] WIN    18 turns   aang, esdeath, noelle  vs  gatomon, shinoa, megumi
Applying bleed effect! Checking special code
[ 220/700 ] WIN    18 turns   aang, gunha, meliodas  vs  denji, veldora, tsuyu
[ 221/700 ] WIN    25 turns   aang, tsubaki, gallantmon  vs  lyserg, nobara, ganta
[ 222/700 ] LOSS   16 turns   aang, cooler, natsu  vs  neferpitou, shinra, death
[ 223/700 ] LOSS   23 turns   aang, megumi, ban  vs  tsubaki, nagisa, gohan
Applying bleed effect! Checking special code
Applying bleed effect! Checking special code
Applying bleed effect! Checking special code
[ 224/700 ] LOSS   23 turns   aang, naruto, rimuru  vs  neferpitou, korra, denji
[ 225/700 ] LOSS   34 turns   aang, koro, halibel  vs  shinoa, esdeath, naruto
[ 226/700 ] WIN    19 turns   aang, vegeta, toudou  vs  killua, shinra, yamamoto
[ 227/700 ] LOSS   29 turns   aang, kurotsuchi, halibel  vs  jinwoo, mavis, madoka
Applying bleed effect! Checking special code
Applying bleed effect! Checking special code
Applying bleed effect! Checking special code
Applying bleed effect! Checking special code
Applying bleed effect! Checking special code
Applying bleed effect! Checking special code
Applying bleed effect! Checking special code
Applying bleed effect! Checking special code
Applying bleed effect! Checking special code
Applying bleed effect! Checking special code
Applying bleed effect! Checking special code
Applying bleed effect! Checking special code
Applying bleed effect! Checking special code
Applying bleed effect! Checking special code
[ 228/700 ] LOSS   22 turns   aang, muichiro, king  vs  ken, neferpitou, orihime
[ 229/700 ] WIN    11 turns   aang, gray, shinoa  vs  uzui, renamon, saitama
[ 230/700 ] LOSS   20 turns   aang, jeanne, sukuna  vs  uraraka, byakuya, marco
Applying bleed effect! Checking special code
[ 231/700 ] LOSS   15 turns   aang, zoro, allmight  vs  toji, inosuke, renamon
[ 232/700 ] LOSS   17 turns   aang, alphamon, jupiter  vs  hashirama, megumin, ace
[ 233/700 ] LOSS   16 turns   aang, tsubasa, horohoro  vs  ban, ryohei, satsuki
Applying bleed effect! Checking special code
[ 234/700 ] WIN    34 turns   aang, horohoro, jupiter  vs  diane, luffy, ban
[ 235/700 ] WIN    25 turns   aang, nonon, saber  vs  machinedramon, midoriya, mikasa
[ 236/700 ] WIN    15 turns   aang, vegeta, ban  vs  yugi, akame, byakuya
[ 237/700 ] WIN    20 turns   aang, mash, arthur  vs  ichigo, zoro, hashirama
[ 238/700 ] WIN    18 turns   aang, kuroko, neferpitou  vs  kitara, cooler, muichiro
[ 239/700 ] WIN    13 turns   aang, ban, emiya  vs  maka, machinedramon, yuno
[ 240/700 ] LOSS   21 turns   aang, toph, cell  vs  misaka, noelle, nel
[ 241/700 ] LOSS   36 turns   aang, xanxus, machinedramon  vs  cell, allmight, rimuru
[ 242/700 ] LOSS   14 turns   aang, noelle, blackwargreymon  vs  crona, tanjiro, tatsumaki
[ 243/700 ] LOSS   19 turns   aang, akame, arthur  vs  todoroki, marco, uranus
[ 244/700 ] WIN    15 turns   aang, bakugo, halibel  vs  nobara, itachi, crona
[ 245/700 ] LOSS   28 turns   aang, astolfo, crona  vs  marco, ichigo, tatsumi
[ 246/700 ] WIN    18 turns   aang, nel, gasai  vs  alphonse, minene, inuyasha
[ 247/700 ] WIN    35 turns   aang, yuno, orihime  vs  jaden, korra, uzui
[ 248/700 ] LOSS   26 turns   aang, lyserg, gilgamesh  vs  gallantmon, nonon, minene
Applying bleed effect! Checking special code
Applying bleed effect! Checking special code
Applying bleed effect! Checking special code
[ 249/700 ] WIN    20 turns   aang, inosuke, natsu  vs  arthur, minene, mash
[ 250/700 ] WIN    16 turns   aang, asta, saturn  vs  ace, tsubasa, noelle
[ 251/700 ] WIN    19 turns   aang, madoka, frieren  vs  sakura, renamon, emiyaarcher
[ 252/700 ] LOSS   20 turns   aang, itachi, horohoro  vs  jesse, arthur, seventeen
[ 253/700 ] LOSS   17 turns   aang, megumin, killua  vs  tsubaki, jack, mash
[ 254/700 ] WIN    18 turns   aang, alphonse, madoka  vs  shokuhou, yoh, meliodas
[ 255/700 ] WIN    20 turns   aang, erza, myotismon  vs  mine, gojo, venus
[ 256/700 ] LOSS   22 turns   aang, ryohei, death  vs  boruto, jaden, madoka
[ 257/700 ] WIN    14 turns   aang, madoka, megumin  vs  semiramis, jack, veldora
Applying bleed effect! Checking special code
Applying bleed effect! Checking special code
[ 258/700 ] LOSS   12 turns   aang, jack, itachi  vs  rakko, seventeen, madoka
[ 259/700 ] WIN    17 turns   aang, gasai, maka  vs  goku, omnimon, asta
[ 260/700 ] WIN    16 turns   aang, tamaki, blackwargreymon  vs  jack, jinwoo, nobara
[ 261/700 ] WIN    41 turns   aang, denji, ban  vs  orihime, nel, rob
[ 262/700 ] LOSS   33 turns   aang, myotismon, ichibe  vs  nagisa, koro, mars
[ 263/700 ] WIN    19 turns   aang, toudou, zoro  vs  uzui, aiohto, megumin
[ 264/700 ] WIN    13 turns   aang, rob, jupiter  vs  noelle, nonon, shinra
[ 265/700 ] WIN    20 turns   aang, toph, allmight  vs  lyserg, nonon, ichibe
[ 266/700 ] WIN    17 turns   aang, mavis, killua  vs  shokuhou, nezuko, impmon
Applying bleed effect! Checking special code
Applying bleed effect! Checking special code
Applying bleed effect! Checking special code
Applying bleed effect! Checking special code
Applying bleed effect! Checking special code
[ 267/700 ] WIN    25 turns   aang, death, ken  vs  mikasa, arthur, adam
[ 268/700 ] WIN    13 turns   aang, halibel, chrome  vs  vegeta, orihime, levi
[ 269/700 ] LOSS   24 turns   aang, rimuru, muichiro  vs  ganta, megumi, neferpitou
[ 270/700 ] LOSS   29 turns   aang, sayaka, eren  vs  esdeath, yoh, gallantmon
[ 271/700 ] LOSS   17 turns   aang, shinoa, megumi  vs  gon, gojo, kuroko
[ 272/700 ] WIN    15 turns   aang, esdeath, gallantmon  vs  kid, halibel, akame
[ 273/700 ] WIN    20 turns   aang, astolfo, nimaiya  vs  esdeath, asta, jack
[ 274/700 ] WIN    25 turns   aang, mami, satsuki  vs  meliodas, neferpitou, astolfo
[ 275/700 ] WIN    18 turns   aang, broly, kurotsuchi  vs  toji, nezuko, nagisa
[ 276/700 ] LOSS   14 turns   aang, goku, gilgamesh  vs  mavis, veldora, alphonse
[ 277/700 ] WIN    16 turns   aang, cooler, gon  vs  tamaki, itachi, inuyasha
[ 278/700 ] LOSS   19 turns   aang, omnimon, orihime  vs  hashirama, emiya, chrome
[ 279/700 ] WIN    24 turns   aang, mine, nobara  vs  jack, halibel, natsu
[ 280/700 ] LOSS   14 turns   aang, nonon, akame  vs  yubel, rimuru, seventeen
Applying bleed effect! Checking special code
Applying bleed effect! Checking special code
Applying bleed effect! Checking special code
[ 281/700 ] WIN    20 turns   aang, gogeta, nimaiya  vs  sheele, minene, inosuke
Applying bleed effect! Checking special code
Applying bleed effect! Checking special code
Applying bleed effect! Checking special code
Applying bleed effect! Checking special code
[ 282/700 ] WIN    21 turns   aang, yoh, noelle  vs  gunha, mami, denji
[ 283/700 ] WIN    18 turns   aang, semiramis, sakura  vs  myotismon, gasai, squalo
[ 284/700 ] WIN    16 turns   aang, cell, gatomon  vs  levi, luffy, power
Applying bleed effect! Checking special code
Applying bleed effect! Checking special code
Applying bleed effect! Checking special code
[ 285/700 ] WIN    16 turns   aang, power, toudou  vs  cooler, yamamoto, genos
[ 286/700 ] WIN    18 turns   aang, myotismon, blackwargreymon  vs  mikasa, impmon, goku
[ 287/700 ] WIN    17 turns   aang, uraraka, tanjiro  vs  jeanne, orihime, king
[ 288/700 ] WIN    21 turns   aang, yuji, levi  vs  gogeta, asta, chrome
[ 289/700 ] WIN    16 turns   aang, asta, ganta  vs  allmight, cooler, uzui
[ 290/700 ] LOSS   39 turns   aang, yamamoto, toji  vs  hibari, sayaka, todoroki
Applying bleed effect! Checking special code
Applying bleed effect! Checking special code
Applying bleed effect! Checking special code
Applying bleed effect! Checking special code
[ 291/700 ] LOSS   16 turns   aang, rakko, inuyasha  vs  gilgamesh, denji, usopp
Applying bleed effect! Checking special code
Applying bleed effect! Checking special code
Applying bleed effect! Checking special code
Applying bleed effect! Checking special code
Applying bleed effect! Checking special code
[ 292/700 ] LOSS   23 turns   aang, inosuke, alphonse  vs  kitara, gray, chrome
[ 293/700 ] WIN    22 turns   aang, sasuke, zenitsu  vs  ban, nezuko, mine
[ 294/700 ] WIN    26 turns   aang, touka, yoh  vs  impmon, orihime, tatsumaki
[ 295/700 ] WIN    20 turns   aang, nagisa, marco  vs  toudou, boruto, nonon
[ 296/700 ] WIN    20 turns   aang, marco, akame  vs  kid, korra, saber
[ 297/700 ] WIN    16 turns   aang, ace, gogeta  vs  meliodas, arthur, killua
[ 298/700 ] LOSS   22 turns   aang, tatsumaki, kaiba  vs  gasai, shiro, seventeen
[ 299/700 ] LOSS   14 turns   aang, nonon, adam  vs  ryohei, usopp, yamamoto
[ 300/700 ] LOSS   14 turns   aang, lyserg, mavis  vs  luffy, lizandpatty, hibari
[ 301/700 ] WIN    17 turns   aang, ichibe, neferpitou  vs  jack, edward, meliodas
[ 302/700 ] WIN    17 turns   aang, tokoyami, squalo  vs  misaka, megumin, venus
[ 303/700 ] LOSS   15 turns   aang, shinra, noelle  vs  ladydevimon, ryohei, zenitsu
[ 304/700 ] LOSS   12 turns   aang, denji, jesse  vs  killua, gunha, touka
[ 305/700 ] WIN    16 turns   aang, kurapika, emiya  vs  noelle, rob, tamaki
[ 306/700 ] WIN    15 turns   aang, gasai, seventeen  vs  mikasa, venus, alphonse
[ 307/700 ] WIN    14 turns   aang, mavis, lyserg  vs  goku, frieren, cooler
Applying bleed effect! Checking special code
Applying bleed effect! Checking special code
Applying bleed effect! Checking special code
Applying bleed effect! Checking special code
Applying bleed effect! Checking special code
Applying bleed effect! Checking special code
[ 308/700 ] WIN    26 turns   aang, yubel, frieren  vs  saitama, rengoku, semiramis
[ 309/700 ] LOSS   22 turns   aang, shinoa, sheele  vs  soul, seventeen, satsuki
[ 310/700 ] LOSS   28 turns   aang, gogeta, tamaki  vs  naruto, midoriya, lyserg
[ 311/700 ] WIN    14 turns   aang, asta, mami  vs  midoriya, cell, chrome
Applying bleed effect! Checking special code
[ 312/700 ] LOSS   18 turns   aang, inosuke, emiya  vs  nagisa, shinra, gon
[ 313/700 ] WIN    19 turns   aang, kurapika, neferpitou  vs  cooler, bakugo, usopp
[ 314/700 ] WIN    17 turns   aang, jinwoo, emiyaarcher  vs  korra, sayaka, usopp
[ 315/700 ] LOSS   22 turns   aang, horohoro, soul  vs  kuroko, gallantmon, ban
[ 316/700 ] WIN    18 turns   aang, tatsumaki, arthur  vs  gogeta, hawkmon, nel
Applying bleed effect! Checking special code
Applying bleed effect! Checking special code
Applying bleed effect! Checking special code
[ 317/700 ] WIN    16 turns   aang, chrome, koro  vs  inosuke, nezuko, gilgamesh
[ 318/700 ] WIN    35 turns   aang, gojo, korra  vs  toudou, gogeta, sakura
Applying bleed effect! Checking special code
Applying bleed effect! Checking special code
Applying bleed effect! Checking special code
Applying bleed effect! Checking special code
[ 319/700 ] LOSS   16 turns   aang, soul, squalo  vs  gon, king, toudou
Applying bleed effect! Checking special code
[ 320/700 ] WIN    22 turns   aang, diane, zenitsu  vs  gatomon, kaiba, nagisa
Applying bleed effect! Checking special code
Applying bleed effect! Checking special code
Applying bleed effect! Checking special code
Applying bleed effect! Checking special code
Applying bleed effect! Checking special code
Applying bleed effect! Checking special code
[ 321/700 ] LOSS   18 turns   aang, blackstar, omnimon  vs  ken, toudou, mami
Applying bleed effect! Checking special code
[ 322/700 ] WIN    18 turns   aang, tatsumaki, genos  vs  jesse, gasai, power
Applying bleed effect! Checking special code
Applying bleed effect! Checking special code
Applying bleed effect! Checking special code
Applying bleed effect! Checking special code
[ 323/700 ] WIN    20 turns   aang, jupiter, nagisa  vs  denji, bakugo, saber
[ 324/700 ] LOSS   21 turns   aang, esdeath, soul  vs  lizandpatty, touka, shinoa
Applying bleed effect! Checking special code
[ 325/700 ] WIN    33 turns   aang, tsuyu, uraraka  vs  rengoku, edward, koro
[ 326/700 ] WIN    21 turns   aang, esdeath, lizandpatty  vs  arthur, jupiter, kitara
[ 327/700 ] LOSS   16 turns   aang, zenitsu, gogeta  vs  omnimon, neferpitou, ganta
[ 328/700 ] WIN    29 turns   aang, jupiter, nagisa  vs  killua, gojo, emiyaarcher
[ 329/700 ] WIN    12 turns   aang, gon, genos  vs  toji, shiro, alphonse
[ 330/700 ] WIN    18 turns   aang, jaden, tsunayoshi  vs  squalo, cell, shiro
[ 331/700 ] LOSS   22 turns   aang, impmon, cell  vs  yugi, esdeath, gallantmon
[ 332/700 ] WIN    26 turns   aang, megumin, touka  vs  itachi, inuyasha, mami
[ 333/700 ] WIN    35 turns   aang, veldora, uzui  vs  lyserg, toph, blackwargreymon
[ 334/700 ] WIN    26 turns   aang, gogeta, midoriya  vs  emiyaarcher, itachi, esdeath
[ 335/700 ] LOSS   32 turns   aang, touka, uzui  vs  blackwargreymon, uraraka, aiohto
Applying bleed effect! Checking special code
Applying bleed effect! Checking special code
[ 336/700 ] WIN    20 turns   aang, todoroki, yuji  vs  noelle, diane, meliodas
Applying bleed effect! Checking special code
Applying bleed effect! Checking special code
Applying bleed effect! Checking special code
[ 337/700 ] WIN    23 turns   aang, boruto, hawkmon  vs  muichiro, sakura, rakko
[ 338/700 ] WIN    22 turns   aang, blackwargreymon, death  vs  kaiba, muichiro, usopp
[ 339/700 ] WIN    24 turns   aang, pegasus, shinra  vs  saturn, gilgamesh, horohoro
Applying bleed effect! Checking special code
[ 340/700 ] LOSS   25 turns   aang, vegeta, omnimon  vs  myotismon, rakko, shinoa
[ 341/700 ] LOSS   21 turns   aang, todoroki, toji  vs  edward, itachi, mami
[ 342/700 ] WIN    16 turns   aang, maka, halibel  vs  hawkmon, impmon, meliodas
[ 343/700 ] WIN    14 turns   aang, ladydevimon, zenitsu  vs  maka, myotismon, yuno
[ 344/700 ] WIN    19 turns   aang, shinra, machinedramon  vs  sakura, minene, toph
[ 345/700 ] WIN    15 turns   aang, nagisa, megumi  vs  aiohto, mash, blackwargreymon
Applying bleed effect! Checking special code
Applying bleed effect! Checking special code
Applying bleed effect! Checking special code
Applying bleed effect! Checking special code
Applying bleed effect! Checking special code
Applying bleed effect! Checking special code
[ 346/700 ] WIN    16 turns   aang, touka, erza  vs  king, tanjiro, kitara
Applying bleed effect! Checking special code
Applying bleed effect! Checking special code
Applying bleed effect! Checking special code
Applying bleed effect! Checking special code
Applying bleed effect! Checking special code
Applying bleed effect! Checking special code
Applying bleed effect! Checking special code
Applying bleed effect! Checking special code
Applying bleed effect! Checking special code
Applying bleed effect! Checking special code
Applying bleed effect! Checking special code
Applying bleed effect! Checking special code
Applying bleed effect! Checking special code
[ 347/700 ] LOSS   19 turns   aang, nonon, hashirama  vs  rakko, ladydevimon, king
[ 348/700 ] WIN    30 turns   aang, inuyasha, eren  vs  sasuke, byakuya, kaiba
Applying bleed effect! Checking special code
Applying bleed effect! Checking special code
Applying bleed effect! Checking special code
Applying bleed effect! Checking special code
[ 349/700 ] WIN    18 turns   aang, jupiter, veldora  vs  rengoku, death, nobara
[ 350/700 ] WIN    16 turns   aang, hisoka, jack  vs  midoriya, mavis, kuroko
Applying bleed effect! Checking special code
Applying bleed effect! Checking special code
Applying bleed effect! Checking special code
[ 351/700 ] WIN    17 turns   aang, nimaiya, killua  vs  misaka, ken, lizandpatty
Applying bleed effect! Checking special code
Applying bleed effect! Checking special code
Applying bleed effect! Checking special code
Applying bleed effect! Checking special code
Applying bleed effect! Checking special code
Applying bleed effect! Checking special code
[ 352/700 ] WIN    24 turns   aang, astolfo, omnimon  vs  king, chrome, allmight
Yubel's S1 Triggered!
[ 353/700 ] LOSS   15 turns   aang, venus, eren  vs  saitama, nagisa, yubel
[ 354/700 ] WIN    17 turns   aang, mavis, vegeta  vs  mars, yamamoto, nonon
[ 355/700 ] WIN    21 turns   aang, toph, naruto  vs  byakuya, broly, jesse
[ 356/700 ] LOSS   21 turns   aang, ace, ryuko  vs  tsubasa, genos, misaka
[ 357/700 ] LOSS   19 turns   aang, broly, tsubaki  vs  yuno, megumin, seventeen
[ 358/700 ] LOSS   13 turns   aang, korra, sasuke  vs  frankenstein, halibel, todoroki
[ 359/700 ] LOSS   26 turns   aang, xanxus, jupiter  vs  omnimon, ichigo, kuroko
[ 360/700 ] WIN    17 turns   aang, xanxus, lucy  vs  nobara, semiramis, ryuko
[ 361/700 ] WIN    25 turns   aang, emiya, midoriya  vs  neferpitou, koro, luffy
Applying bleed effect! Checking special code
[ 362/700 ] LOSS   21 turns   aang, xanxus, jack  vs  usopp, meliodas, power
[ 363/700 ] WIN    18 turns   aang, soul, ladydevimon  vs  boruto, pegasus, gojo
Applying bleed effect! Checking special code
Applying bleed effect! Checking special code
Applying bleed effect! Checking special code
Applying bleed effect! Checking special code
Applying bleed effect! Checking special code
[ 364/700 ] WIN    29 turns   aang, astolfo, satsuki  vs  veldora, rakko, tsubaki
Applying bleed effect! Checking special code
Applying bleed effect! Checking special code
[ 365/700 ] WIN    19 turns   aang, mercury, jupiter  vs  tokoyami, king, gatomon
[ 366/700 ] WIN    15 turns   aang, frieren, jack  vs  sayaka, inuyasha, diane
[ 367/700 ] WIN    16 turns   aang, koro, broly  vs  gallantmon, allmight, emiya
[ 368/700 ] WIN    21 turns   aang, sayaka, broly  vs  jeanne, muichiro, jinwoo
[ 369/700 ] LOSS   27 turns   aang, toudou, ryuko  vs  ganta, jinwoo, lizandpatty
[ 370/700 ] WIN    23 turns   aang, cooler, mine  vs  megumi, hibari, bakugo
Applying bleed effect! Checking special code
Applying bleed effect! Checking special code
Applying bleed effect! Checking special code
Applying bleed effect! Checking special code
Applying bleed effect! Checking special code
Applying bleed effect! Checking special code
[ 371/700 ] WIN    13 turns   aang, ryohei, rakko  vs  soul, zenitsu, diane
[ 372/700 ] WIN    21 turns   aang, tsubaki, cooler  vs  gohan, kurapika, akame
Applying bleed effect! Checking special code
Applying bleed effect! Checking special code
Applying bleed effect! Checking special code
Applying bleed effect! Checking special code
Applying bleed effect! Checking special code
Applying bleed effect! Checking special code
[ 373/700 ] WIN    17 turns   aang, ken, machinedramon  vs  frankenstein, itachi, zenitsu
[ 374/700 ] WIN    18 turns   aang, gojo, myotismon  vs  adam, ganta, ban
[ 375/700 ] WIN    18 turns   aang, gojo, kid  vs  tanjiro, megumi, hibari
[ 376/700 ] WIN    18 turns   aang, naruto, halibel  vs  astolfo, usopp, kaiba
[ 377/700 ] WIN    24 turns   aang, jesse, allmight  vs  gallantmon, veldora, sayaka
Applying bleed effect! Checking special code
Applying bleed effect! Checking special code
[ 378/700 ] WIN    20 turns   aang, ichibe, blackstar  vs  denji, mars, boruto
[ 379/700 ] WIN    17 turns   aang, shinra, uraraka  vs  hawkmon, sayaka, sakura
[ 380/700 ] WIN    17 turns   aang, alphamon, tanjiro  vs  nobara, megumi, bakugo
[ 381/700 ] WIN    16 turns   aang, asta, killua  vs  rimuru, hibari, nezuko
Applying bleed effect! Checking special code
Applying bleed effect! Checking special code
Applying bleed effect! Checking special code
[ 382/700 ] WIN    23 turns   aang, rengoku, ken  vs  vegeta, cooler, machinedramon
[ 383/700 ] WIN    11 turns   aang, ladydevimon, meliodas  vs  mash, jinwoo, inuyasha
[ 384/700 ] WIN    18 turns   aang, tamaki, muichiro  vs  horohoro, hisoka, esdeath
Applying bleed effect! Checking special code
Applying bleed effect! Checking special code
Applying bleed effect! Checking special code
[ 385/700 ] WIN    20 turns   aang, king, sasuke  vs  shiro, akame, toji
[ 386/700 ] WIN    16 turns   aang, sheele, hinata  vs  luffy, mercury, emiya
Applying bleed effect! Checking special code
Applying bleed effect! Checking special code
Applying bleed effect! Checking special code
[ 387/700 ] LOSS   24 turns   aang, rengoku, soul  vs  madoka, bakugo, marco
[ 388/700 ] WIN    22 turns   aang, tatsumaki, omnimon  vs  nimaiya, rob, tsubaki
Applying bleed effect! Checking special code
Applying bleed effect! Checking special code
[ 389/700 ] WIN    18 turns   aang, esdeath, vegeta  vs  akame, king, horohoro
[ 390/700 ] WIN    14 turns   aang, saturn, tsunayoshi  vs  nobara, koro, megumin
[ 391/700 ] WIN    22 turns   aang, misaka, ganta  vs  kuroko, emiya, gojo
[ 392/700 ] LOSS   24 turns   aang, usopp, machinedramon  vs  vegeta, alphamon, halibel
Applying bleed effect! Checking special code
Applying bleed effect! Checking special code
[ 393/700 ] LOSS   28 turns   aang, mikasa, ichibe  vs  madoka, toji, power
[ 394/700 ] WIN    13 turns   aang, satsuki, bakugo  vs  inosuke, tokoyami, sayaka
[ 395/700 ] WIN    18 turns   aang, tamaki, esdeath  vs  tsuyu, ganta, sheele
Applying bleed effect! Checking special code
Applying bleed effect! Checking special code
Applying bleed effect! Checking special code
Applying bleed effect! Checking special code
Applying bleed effect! Checking special code
Applying bleed effect! Checking special code
[ 396/700 ] LOSS   24 turns   aang, jaden, byakuya  vs  mavis, hinata, denji
[ 397/700 ] WIN    57 turns   aang, toph, ban  vs  kid, veldora, gohan
[ 398/700 ] WIN    21 turns   aang, rimuru, impmon  vs  hinata, zoro, sakura
Applying bleed effect! Checking special code
Applying bleed effect! Checking special code
Applying bleed effect! Checking special code
[ 399/700 ] LOSS   19 turns   aang, edward, sheele  vs  misaka, satsuki, rakko
Applying bleed effect! Checking special code
[ 400/700 ] WIN    23 turns   aang, chrome, minene  vs  lucy, tsubaki, diane
[ 401/700 ] LOSS   18 turns   aang, noelle, venus  vs  esdeath, alphonse, neferpitou
[ 402/700 ] LOSS   25 turns   aang, ganta, hinata  vs  muichiro, gatomon, allmight
[ 403/700 ] WIN    14 turns   aang, muichiro, mars  vs  gohan, jeanne, gatomon
[ 404/700 ] WIN    21 turns   aang, yugi, soul  vs  eren, zenitsu, toga
Applying bleed effect! Checking special code
Applying bleed effect! Checking special code
Applying bleed effect! Checking special code
Applying bleed effect! Checking special code
Applying bleed effect! Checking special code
Applying bleed effect! Checking special code
Applying bleed effect! Checking special code
Applying bleed effect! Checking special code
Applying bleed effect! Checking special code
Applying bleed effect! Checking special code
Applying bleed effect! Checking special code
[ 405/700 ] WIN    19 turns   aang, rakko, yamamoto  vs  jesse, omnimon, jaden
[ 406/700 ] LOSS   22 turns   aang, ganta, frankenstein  vs  uraraka, alphamon, pegasus
[ 407/700 ] LOSS   18 turns   aang, nimaiya, gojo  vs  yamamoto, jeanne, touka
[ 408/700 ] WIN    22 turns   aang, nimaiya, eren  vs  ban, kurotsuchi, madoka
[ 409/700 ] WIN    17 turns   aang, uzui, ichibe  vs  muichiro, shokuhou, uraraka
[ 410/700 ] WIN    20 turns   aang, tatsumi, jaden  vs  ban, mercury, lizandpatty
Applying bleed effect! Checking special code
Applying bleed effect! Checking special code
Applying bleed effect! Checking special code
Applying bleed effect! Checking special code
Applying bleed effect! Checking special code
Applying bleed effect! Checking special code
[ 411/700 ] LOSS   30 turns   aang, tanjiro, muichiro  vs  nonon, arthur, denji
[ 412/700 ] WIN    16 turns   aang, gon, luffy  vs  tsubasa, touka, tokoyami
Applying bleed effect! Checking special code
Applying bleed effect! Checking special code
Applying bleed effect! Checking special code
[ 413/700 ] LOSS   35 turns   aang, rob, akame  vs  toji, inosuke, zenitsu
Applying bleed effect! Checking special code
Applying bleed effect! Checking special code
Applying bleed effect! Checking special code
Applying bleed effect! Checking special code
Applying bleed effect! Checking special code
Applying bleed effect! Checking special code
Applying bleed effect! Checking special code
[ 414/700 ] WIN    22 turns   aang, meliodas, zenitsu  vs  impmon, king, yugi
[ 415/700 ] LOSS   18 turns   aang, yuji, yubel  vs  sheele, mavis, kuroko
[ 416/700 ] WIN    22 turns   aang, mercury, chrome  vs  gray, lucy, nel
[ 417/700 ] LOSS   14 turns   aang, tsubaki, shokuhou  vs  tatsumaki, mash, allmight
Applying bleed effect! Checking special code
Applying bleed effect! Checking special code
Applying bleed effect! Checking special code
Applying bleed effect! Checking special code
[ 418/700 ] LOSS   17 turns   aang, mami, death  vs  rengoku, denji, noelle
[ 419/700 ] LOSS   21 turns   aang, saitama, sakura  vs  tsubasa, adam, todoroki
[ 420/700 ] LOSS   11 turns   aang, gogeta, kurapika  vs  shinoa, pegasus, mine
[ 421/700 ] LOSS   17 turns   aang, mercury, saber  vs  megumin, esdeath, power
[ 422/700 ] LOSS   23 turns   aang, bakugo, ryuko  vs  frieren, halibel, gunha
[ 423/700 ] WIN    13 turns   aang, soul, broly  vs  yamamoto, uzui, sayaka
Applying bleed effect! Checking special code
[ 424/700 ] WIN    14 turns   aang, pegasus, sheele  vs  bakugo, alphamon, king
Applying bleed effect! Checking special code
Applying bleed effect! Checking special code
[ 425/700 ] WIN    24 turns   aang, yuno, diane  vs  adam, nonon, ichigo
Applying bleed effect! Checking special code
Applying bleed effect! Checking special code
Applying bleed effect! Checking special code
[ 426/700 ] LOSS   24 turns   aang, power, semiramis  vs  ichibe, hisoka, astolfo
[ 427/700 ] LOSS   22 turns   aang, death, tanjiro  vs  emiya, gallantmon, zoro
[ 428/700 ] WIN    18 turns   aang, crona, goku  vs  jeanne, nobara, alphamon
[ 429/700 ] WIN    18 turns   aang, semiramis, mash  vs  jinwoo, saber, hawkmon
[ 430/700 ] LOSS   48 turns   aang, hinata, kid  vs  nagisa, marco, uraraka
Yubel's S1 Triggered!
[ 431/700 ] WIN    26 turns   aang, nobara, natsu  vs  yubel, lizandpatty, tsubaki
[ 432/700 ] WIN    18 turns   aang, toji, adam  vs  gasai, inuyasha, saber
[ 433/700 ] WIN    32 turns   aang, renamon, tatsumi  vs  jupiter, ban, tsubasa
[ 434/700 ] LOSS   30 turns   aang, esdeath, maka  vs  ryohei, omnimon, satsuki
Applying bleed effect! Checking special code
Applying bleed effect! Checking special code
Applying bleed effect! Checking special code
[ 435/700 ] LOSS   24 turns   aang, orihime, kurotsuchi  vs  yugi, rakko, maka
Applying bleed effect! Checking special code
Applying bleed effect! Checking special code
[ 436/700 ] WIN    18 turns   aang, tamaki, emiyaarcher  vs  chrome, ken, astolfo
[ 437/700 ] WIN    17 turns   aang, kuroko, megumin  vs  shiro, hinata, ryohei
Applying bleed effect! Checking special code
[ 438/700 ] LOSS   36 turns   aang, yugi, nimaiya  vs  diane, minene, veldora
[ 439/700 ] WIN    21 turns   aang, toudou, tsubaki  vs  sasuke, muichiro, jeanne
Applying bleed effect! Checking special code
[ 440/700 ] WIN    28 turns   aang, levi, diane  vs  xanxus, eren, esdeath
[ 441/700 ] WIN    24 turns   aang, aiohto, edward  vs  ladydevimon, tatsumaki, tanjiro
[ 442/700 ] WIN    23 turns   aang, broly, squalo  vs  ryohei, veldora, tsunayoshi
[ 443/700 ] LOSS   26 turns   aang, yubel, muichiro  vs  xanxus, pegasus, hawkmon
Applying bleed effect! Checking special code
[ 444/700 ] WIN    14 turns   aang, sasuke, mavis  vs  inuyasha, king, todoroki
Applying bleed effect! Checking special code
[ 445/700 ] WIN    15 turns   aang, squalo, usopp  vs  hashirama, power, frieren
[ 446/700 ] WIN    25 turns   aang, blackstar, gogeta  vs  adam, uraraka, goku
[ 447/700 ] WIN    14 turns   aang, broly, ryohei  vs  levi, lyserg, koro
[ 448/700 ] WIN    20 turns   aang, toph, todoroki  vs  allmight, sheele, boruto
[ 449/700 ] WIN    16 turns   aang, chrome, yubel  vs  ryohei, semiramis, veldora
[ 450/700 ] WIN    22 turns   aang, akame, squalo  vs  kitara, cell, byakuya
[ 451/700 ] WIN    20 turns   aang, levi, nonon  vs  allmight, alphonse, rimuru
[ 452/700 ] WIN    19 turns   aang, levi, chrome  vs  lizandpatty, yoh, sasuke
[ 453/700 ] LOSS   23 turns   aang, gallantmon, orihime  vs  blackstar, crona, vegeta
[ 454/700 ] WIN    14 turns   aang, megumin, saitama  vs  gogeta, itachi, naruto
[ 455/700 ] LOSS   29 turns   aang, jinwoo, frieren  vs  yoh, gallantmon, tamaki
[ 456/700 ] LOSS   17 turns   aang, frieren, orihime  vs  sukuna, rob, meliodas
Applying bleed effect! Checking special code
Applying bleed effect! Checking special code
Applying bleed effect! Checking special code
Applying bleed effect! Checking special code
Applying bleed effect! Checking special code
Applying bleed effect! Checking special code
Applying bleed effect! Checking special code
[ 457/700 ] LOSS   16 turns   aang, gojo, broly  vs  king, erza, meliodas
[ 458/700 ] LOSS   24 turns   aang, usopp, sayaka  vs  yugi, tokoyami, ichibe
[ 459/700 ] WIN    11 turns   aang, alphamon, saber  vs  tatsumaki, sasuke, jeanne
[ 460/700 ] WIN    40 turns   aang, myotismon, tsubasa  vs  uraraka, naruto, shiro
[ 461/700 ] LOSS   13 turns   aang, sukuna, rob  vs  impmon, asta, usopp
Applying bleed effect! Checking special code
Applying bleed effect! Checking special code
[ 462/700 ] LOSS   16 turns   aang, power, gasai  vs  ryohei, meliodas, crona
[ 463/700 ] WIN    14 turns   aang, boruto, usopp  vs  byakuya, gogeta, inosuke
[ 464/700 ] WIN    17 turns   aang, satsuki, myotismon  vs  broly, mine, cooler
[ 465/700 ] LOSS   26 turns   aang, halibel, astolfo  vs  soul, yugi, ichibe
[ 466/700 ] WIN    40 turns   aang, cooler, lyserg  vs  lizandpatty, touka, kid
[ 467/700 ] WIN    21 turns   aang, ichibe, kitara  vs  yuji, ban, shiro
[ 468/700 ] WIN    15 turns   aang, diane, veldora  vs  frankenstein, midoriya, tsuyu
[ 469/700 ] LOSS   23 turns   aang, allmight, gallantmon  vs  kaiba, natsu, alphonse
[ 470/700 ] WIN    16 turns   aang, saitama, vegeta  vs  nimaiya, tamaki, gunha
[ 471/700 ] LOSS   23 turns   aang, ladydevimon, toji  vs  misaka, shinra, nagisa
[ 472/700 ] LOSS   23 turns   aang, hinata, venus  vs  uranus, impmon, nagisa
[ 473/700 ] LOSS   16 turns   aang, denji, rimuru  vs  mine, gilgamesh, gojo
[ 474/700 ] WIN    13 turns   aang, luffy, gon  vs  seventeen, touka, tsubaki
[ 475/700 ] WIN    15 turns   aang, neferpitou, mami  vs  bakugo, yamamoto, squalo
[ 476/700 ] LOSS   16 turns   aang, yubel, cell  vs  asta, luffy, nel
Applying bleed effect! Checking special code
Applying bleed effect! Checking special code
Applying bleed effect! Checking special code
Applying bleed effect! Checking special code
[ 477/700 ] LOSS   18 turns   aang, mami, jesse  vs  inosuke, frieren, gunha
[ 478/700 ] WIN    14 turns   aang, gojo, midoriya  vs  soul, mars, uranus
[ 479/700 ] WIN    19 turns   aang, gunha, kurapika  vs  squalo, pegasus, crona
Applying bleed effect! Checking special code
Applying bleed effect! Checking special code
Applying bleed effect! Checking special code
Applying bleed effect! Checking special code
Applying bleed effect! Checking special code
[ 480/700 ] LOSS   22 turns   aang, lucy, ichigo  vs  rimuru, ken, meliodas
[ 481/700 ] WIN    20 turns   aang, seventeen, tamaki  vs  gunha, omnimon, hinata
[ 482/700 ] WIN    24 turns   aang, korra, saturn  vs  misaka, luffy, yamamoto
[ 483/700 ] WIN    20 turns   aang, natsu, yuji  vs  shiro, gojo, toji
[ 484/700 ] WIN    11 turns   aang, gilgamesh, broly  vs  tamaki, gon, korra
[ 485/700 ] WIN    22 turns   aang, yuno, zenitsu  vs  emiya, yugi, rengoku
[ 486/700 ] WIN    19 turns   aang, shokuhou, kitara  vs  gohan, renamon, death
[ 487/700 ] LOSS   13 turns   aang, blackwargreymon, akame  vs  meliodas, gunha, alphonse
Applying bleed effect! Checking special code
Applying bleed effect! Checking special code
[ 488/700 ] WIN    30 turns   aang, pegasus, yubel  vs  saturn, power, blackstar
[ 489/700 ] WIN    13 turns   aang, megumin, asta  vs  vegeta, jeanne, megumi
Applying bleed effect! Checking special code
Applying bleed effect! Checking special code
Applying bleed effect! Checking special code
Applying bleed effect! Checking special code
[ 490/700 ] WIN    23 turns   aang, emiya, hashirama  vs  denji, xanxus, hinata
[ 491/700 ] WIN    20 turns   aang, ichibe, natsu  vs  machinedramon, nobara, tanjiro
[ 492/700 ] WIN    11 turns   aang, usopp, touka  vs  jupiter, tatsumaki, mine
[ 493/700 ] WIN    13 turns   aang, venus, korra  vs  machinedramon, nel, shokuhou
[ 494/700 ] LOSS   34 turns   aang, usopp, saitama  vs  yamamoto, ganta, uzui
[ 495/700 ] LOSS   46 turns   aang, nobara, blackwargreymon  vs  adam, tsunayoshi, naruto
[ 496/700 ] WIN    16 turns   aang, yamamoto, killua  vs  shiro, usopp, crona
[ 497/700 ] WIN    24 turns   aang, gasai, killua  vs  naruto, venus, yoh
[ 498/700 ] LOSS   20 turns   aang, halibel, noelle  vs  broly, neferpitou, saturn
Applying bleed effect! Checking special code
Applying bleed effect! Checking special code
[ 499/700 ] LOSS   19 turns   aang, ken, saturn  vs  rakko, edward, astolfo
[ 500/700 ] WIN    29 turns   aang, gohan, yamamoto  vs  gatomon, megumin, megumi
[ 501/700 ] LOSS   24 turns   aang, boruto, levi  vs  tanjiro, saber, mikasa
[ 502/700 ] LOSS   19 turns   aang, hibari, horohoro  vs  aiohto, sasuke, esdeath
[ 503/700 ] WIN    25 turns   aang, squalo, saber  vs  yuno, kid, mine
[ 504/700 ] WIN    13 turns   aang, levi, seventeen  vs  vegeta, sayaka, shiro
[ 505/700 ] WIN    55 turns   aang, lyserg, emiya  vs  sakura, natsu, nobara
[ 506/700 ] WIN    10 turns   aang, seventeen, mercury  vs  jesse, levi, rob
[ 507/700 ] WIN    15 turns   aang, korra, uraraka  vs  tsunayoshi, frieren, orihime
[ 508/700 ] WIN    14 turns   aang, sayaka, sheele  vs  gojo, mash, xanxus
[ 509/700 ] LOSS   14 turns   aang, shinoa, impmon  vs  tanjiro, aiohto, alphamon
[ 510/700 ] WIN    18 turns   aang, kitara, tsubasa  vs  nonon, tsuyu, aiohto
[ 511/700 ] WIN    16 turns   aang, mine, mavis  vs  toph, jaden, usopp
[ 512/700 ] WIN    13 turns   aang, byakuya, sukuna  vs  pegasus, toji, arthur
[ 513/700 ] WIN    17 turns   aang, shinoa, gasai  vs  ichibe, frankenstein, tatsumaki
[ 514/700 ] WIN    18 turns   aang, toph, hisoka  vs  megumi, asta, vegeta
[ 515/700 ] WIN    19 turns   aang, lyserg, denji  vs  usopp, vegeta, saitama
[ 516/700 ] LOSS   26 turns   aang, kuroko, gon  vs  emiyaarcher, meliodas, edward
[ 517/700 ] WIN    15 turns   aang, nimaiya, frankenstein  vs  genos, machinedramon, hisoka
[ 518/700 ] LOSS   19 turns   aang, lucy, veldora  vs  akame, shinra, astolfo
[ 519/700 ] WIN    24 turns   aang, midoriya, gojo  vs  minene, mercury, tamaki
[ 520/700 ] WIN    16 turns   aang, lyserg, killua  vs  rob, semiramis, kid
[ 521/700 ] WIN    17 turns   aang, nagisa, tatsumi  vs  ganta, nonon, chrome
[ 522/700 ] WIN    15 turns   aang, cooler, gunha  vs  usopp, tatsumaki, frankenstein
[ 523/700 ] LOSS   20 turns   aang, ryohei, blackstar  vs  hashirama, maka, mavis
[ 524/700 ] LOSS   13 turns   aang, zenitsu, shiro  vs  inosuke, satsuki, yugi
[ 525/700 ] LOSS   15 turns   aang, nobara, nagisa  vs  tsubasa, hashirama, ganta
[ 526/700 ] WIN    15 turns   aang, astolfo, sukuna  vs  erza, tsuyu, yuji
[ 527/700 ] LOSS   15 turns   aang, toph, ichigo  vs  gallantmon, cell, blackwargreymon
[ 528/700 ] WIN    17 turns   aang, cell, emiya  vs  madoka, xanxus, halibel
[ 529/700 ] WIN    24 turns   aang, tanjiro, toji  vs  natsu, sayaka, naruto
[ 530/700 ] WIN    22 turns   aang, korra, muichiro  vs  renamon, frieren, uzui
[ 531/700 ] WIN    27 turns   aang, jeanne, naruto  vs  muichiro, kitara, kid
Applying bleed effect! Checking special code
Applying bleed effect! Checking special code
[ 532/700 ] WIN    14 turns   aang, power, saber  vs  crona, toga, inosuke
[ 533/700 ] LOSS   67 turns   aang, natsu, astolfo  vs  naruto, jesse, blackstar
[ 534/700 ] WIN    42 turns   aang, jesse, ryuko  vs  eren, yuno, gasai
[ 535/700 ] WIN    30 turns   aang, myotismon, gunha  vs  aiohto, genos, jesse
[ 536/700 ] LOSS   24 turns   aang, blackstar, nobara  vs  yugi, saber, lyserg
Applying bleed effect! Checking special code
[ 537/700 ] LOSS   21 turns   aang, power, mine  vs  gojo, saturn, ban
[ 538/700 ] WIN    19 turns   aang, rimuru, yuji  vs  sayaka, akame, esdeath
[ 539/700 ] WIN    32 turns   aang, sayaka, kurotsuchi  vs  crona, gallantmon, yuji
[ 540/700 ] WIN    15 turns   aang, luffy, gunha  vs  gatomon, cooler, veldora
[ 541/700 ] WIN    16 turns   aang, ryuko, toph  vs  ichigo, hinata, uzui
[ 542/700 ] WIN    13 turns   aang, saturn, renamon  vs  gunha, sukuna, chrome
Yubel's S1 Triggered!
Yubel's S1 Triggered!
[ 543/700 ] WIN    22 turns   aang, broly, tatsumaki  vs  frieren, koro, yubel
[ 544/700 ] WIN    15 turns   aang, yubel, erza  vs  madoka, esdeath, goku
[ 545/700 ] WIN    17 turns   aang, mikasa, madoka  vs  impmon, inuyasha, seventeen
[ 546/700 ] LOSS   16 turns   aang, noelle, veldora  vs  myotismon, ganta, frankenstein
[ 547/700 ] WIN    23 turns   aang, rimuru, minene  vs  tatsumi, death, luffy
Applying bleed effect! Checking special code
Applying bleed effect! Checking special code
Yubel's S1 Triggered!
Yubel's S1 Triggered!
Applying bleed effect! Checking special code
Applying bleed effect! Checking special code
Applying bleed effect! Checking special code
Applying bleed effect! Checking special code
Yubel's S1 Triggered!
Applying bleed effect! Checking special code
Applying bleed effect! Checking special code
[ 548/700 ] WIN    31 turns   aang, king, yubel  vs  mikasa, hawkmon, blackstar
[ 549/700 ] WIN    17 turns   aang, saber, toudou  vs  orihime, megumi, akame
[ 550/700 ] WIN    35 turns   aang, gunha, venus  vs  tanjiro, yuji, shiro
[ 551/700 ] WIN    18 turns   aang, gallantmon, uraraka  vs  eren, jeanne, astolfo
[ 552/700 ] WIN    29 turns   aang, touka, bakugo  vs  tamaki, veldora, tatsumi
[ 553/700 ] LOSS   14 turns   aang, jeanne, rob  vs  jack, halibel, nagisa
[ 554/700 ] LOSS   31 turns   aang, naruto, saber  vs  rengoku, shinra, saturn
Applying bleed effect! Checking special code
[ 555/700 ] WIN    20 turns   aang, mercury, ryohei  vs  power, shiro, tatsumaki
Applying bleed effect! Checking special code
[ 556/700 ] WIN    18 turns   aang, erza, akame  vs  gon, inosuke, semiramis
[ 557/700 ] WIN    20 turns   aang, nagisa, todoroki  vs  jupiter, midoriya, mavis
[ 558/700 ] LOSS   25 turns   aang, inuyasha, killua  vs  natsu, ban, semiramis
[ 559/700 ] WIN    15 turns   aang, jupiter, gon  vs  shinoa, shiro, sayaka
[ 560/700 ] WIN    24 turns   aang, horohoro, alphamon  vs  uraraka, madoka, toudou
[ 561/700 ] LOSS   34 turns   aang, levi, kitara  vs  marco, gunha, shinra
[ 562/700 ] WIN    28 turns   aang, mars, impmon  vs  kaiba, astolfo, saturn
[ 563/700 ] WIN    30 turns   aang, gasai, tsubaki  vs  orihime, gray, itachi
[ 564/700 ] WIN    14 turns   aang, tatsumaki, neferpitou  vs  yuji, levi, alphonse
[ 565/700 ] WIN    17 turns   aang, nagisa, alphonse  vs  arthur, hisoka, tatsumi
[ 566/700 ] WIN    13 turns   aang, tokoyami, yoh  vs  alphonse, diane, soul
[ 567/700 ] LOSS   20 turns   aang, todoroki, minene  vs  hinata, gallantmon, frieren
[ 568/700 ] WIN    18 turns   aang, mikasa, rob  vs  gojo, yugi, emiya
[ 569/700 ] LOSS   47 turns   aang, sasuke, soul  vs  eren, misaka, alphonse
[ 570/700 ] WIN    17 turns   aang, vegeta, eren  vs  zenitsu, saber, gatomon
[ 571/700 ] WIN    10 turns   aang, venus, saber  vs  death, levi, gogeta
[ 572/700 ] WIN    21 turns   aang, renamon, gasai  vs  mikasa, tatsumi, cell
[ 573/700 ] WIN    22 turns   aang, sakura, kuroko  vs  gojo, impmon, inuyasha
[ 574/700 ] WIN    15 turns   aang, kuroko, nagisa  vs  machinedramon, hibari, aiohto
[ 575/700 ] WIN    14 turns   aang, sasuke, meliodas  vs  blackwargreymon, muichiro, lucy
[ 576/700 ] WIN    20 turns   aang, yamamoto, ryuko  vs  allmight, usopp, yugi
[ 577/700 ] WIN    22 turns   aang, ryuko, yuno  vs  uraraka, jeanne, yugi
[ 578/700 ] WIN    30 turns   aang, shinoa, omnimon  vs  tsuyu, hisoka, megumi
[ 579/700 ] WIN    21 turns   aang, hibari, usopp  vs  misaka, gojo, bakugo
[ 580/700 ] WIN    18 turns   aang, lizandpatty, neferpitou  vs  kitara, jinwoo, emiya
[ 581/700 ] WIN    19 turns   aang, power, naruto  vs  byakuya, midoriya, lyserg
Applying bleed effect! Checking special code
Applying bleed effect! Checking special code
Applying bleed effect! Checking special code
Applying bleed effect! Checking special code
Applying bleed effect! Checking special code
Applying bleed effect! Checking special code
Applying bleed effect! Checking special code
Applying bleed effect! Checking special code
Applying bleed effect! Checking special code
[ 582/700 ] LOSS   69 turns   aang, power, denji  vs  jeanne, marco, mars
[ 583/700 ] LOSS   22 turns   aang, kid, jinwoo  vs  uzui, natsu, allmight
[ 584/700 ] WIN    27 turns   aang, lizandpatty, sayaka  vs  kaiba, mercury, vegeta
[ 585/700 ] LOSS   54 turns   aang, ichibe, tsuyu  vs  jupiter, mavis, hisoka
[ 586/700 ] WIN    41 turns   aang, hibari, ichibe  vs  midoriya, misaka, itachi
[ 587/700 ] WIN    18 turns   aang, frankenstein, halibel  vs  emiyaarcher, hinata, blackwargreymon
[ 588/700 ] WIN    27 turns   aang, esdeath, edward  vs  tsubasa, jinwoo, erza
[ 589/700 ] WIN    38 turns   aang, alphonse, venus  vs  allmight, cooler, hashirama
[ 590/700 ] WIN    19 turns   aang, kurotsuchi, shiro  vs  blackstar, power, jack
[ 591/700 ] LOSS   15 turns   aang, sheele, saitama  vs  sayaka, goku, mine
[ 592/700 ] WIN    47 turns   aang, tatsumi, byakuya  vs  uzui, eren, mavis
[ 593/700 ] WIN    17 turns   aang, shiro, jesse  vs  gojo, gunha, kid
Applying bleed effect! Checking special code
Applying bleed effect! Checking special code
Applying bleed effect! Checking special code
Applying bleed effect! Checking special code
Applying bleed effect! Checking special code
Applying bleed effect! Checking special code
Applying bleed effect! Checking special code
[ 594/700 ] LOSS   16 turns   aang, koro, nobara  vs  ken, gohan, ichigo
Applying bleed effect! Checking special code
[ 595/700 ] WIN    14 turns   aang, saber, hashirama  vs  usopp, rengoku, genos
[ 596/700 ] WIN    22 turns   aang, gallantmon, sayaka  vs  mami, maka, kitara
[ 597/700 ] LOSS   20 turns   aang, natsu, noelle  vs  vegeta, kaiba, gray
[ 598/700 ] WIN    17 turns   aang, kid, yugi  vs  levi, arthur, zenitsu
Applying bleed effect! Checking special code
[ 599/700 ] WIN    16 turns   aang, diane, naruto  vs  uzui, toudou, levi
[ 600/700 ] LOSS   17 turns   aang, saitama, tamaki  vs  edward, hashirama, nobara
Applying bleed effect! Checking special code
[ 601/700 ] WIN    13 turns   aang, hibari, killua  vs  hawkmon, inosuke, frieren
Applying bleed effect! Checking special code
Applying bleed effect! Checking special code
Applying bleed effect! Checking special code
Applying bleed effect! Checking special code
Applying bleed effect! Checking special code
Applying bleed effect! Checking special code
Applying bleed effect! Checking special code
Applying bleed effect! Checking special code
[ 602/700 ] WIN    30 turns   aang, king, levi  vs  ichibe, noelle, tsubaki
Applying bleed effect! Checking special code
[ 603/700 ] WIN    22 turns   aang, blackwargreymon, zenitsu  vs  rengoku, todoroki, misaka
[ 604/700 ] WIN    16 turns   aang, frankenstein, gray  vs  itachi, omnimon, hawkmon
[ 605/700 ] WIN    17 turns   aang, mash, kurapika  vs  mami, sayaka, satsuki
Applying bleed effect! Checking special code
Applying bleed effect! Checking special code
Applying bleed effect! Checking special code
Applying bleed effect! Checking special code
[ 606/700 ] WIN    18 turns   aang, kaiba, mash  vs  tatsumaki, inosuke, madoka
[ 607/700 ] LOSS   14 turns   aang, tatsumaki, zenitsu  vs  maka, tatsumi, todoroki
[ 608/700 ] LOSS   17 turns   aang, tanjiro, tsunayoshi  vs  genos, kuroko, kid
Applying bleed effect! Checking special code
[ 609/700 ] WIN    23 turns   aang, inosuke, luffy  vs  tatsumaki, cell, genos
[ 610/700 ] WIN    15 turns   aang, hibari, kuroko  vs  uzui, inuyasha, gon
Applying bleed effect! Checking special code
Applying bleed effect! Checking special code
Applying bleed effect! Checking special code
Applying bleed effect! Checking special code
[ 611/700 ] WIN    24 turns   aang, ichibe, toji  vs  rakko, jesse, saturn
[ 612/700 ] WIN    34 turns   aang, toga, mine  vs  gilgamesh, saturn, broly
Applying bleed effect! Checking special code
Applying bleed effect! Checking special code
Applying bleed effect! Checking special code
[ 613/700 ] WIN    20 turns   aang, natsu, rengoku  vs  goku, ladydevimon, lyserg
[ 614/700 ] WIN    19 turns   aang, blackstar, gojo  vs  edward, megumi, tsunayoshi
Applying bleed effect! Checking special code
Applying bleed effect! Checking special code
Applying bleed effect! Checking special code
[ 615/700 ] WIN    19 turns   aang, toji, mavis  vs  power, broly, denji
Applying bleed effect! Checking special code
[ 616/700 ] WIN    27 turns   aang, gallantmon, frankenstein  vs  eren, power, alphonse
[ 617/700 ] WIN    17 turns   aang, allmight, veldora  vs  naruto, ban, lyserg
[ 618/700 ] LOSS   22 turns   aang, tokoyami, yuji  vs  tamaki, toudou, asta
Yubel's S1 Triggered!
Applying bleed effect! Checking special code
Applying bleed effect! Checking special code
[ 619/700 ] WIN    19 turns   aang, saitama, king  vs  tsubasa, saturn, yubel
Applying bleed effect! Checking special code
Applying bleed effect! Checking special code
Applying bleed effect! Checking special code
[ 620/700 ] WIN    16 turns   aang, saturn, byakuya  vs  uzui, jeanne, ken
Applying bleed effect! Checking special code
[ 621/700 ] WIN    21 turns   aang, usopp, jinwoo  vs  yoh, rengoku, hashirama
[ 622/700 ] WIN    27 turns   aang, jinwoo, byakuya  vs  gohan, renamon, hawkmon
[ 623/700 ] WIN    21 turns   aang, nagisa, veldora  vs  ichibe, kurapika, omnimon
[ 624/700 ] WIN    25 turns   aang, zenitsu, satsuki  vs  ladydevimon, venus, ichibe
[ 625/700 ] WIN    14 turns   aang, veldora, shinra  vs  muichiro, lucy, usopp
[ 626/700 ] LOSS   44 turns   aang, gogeta, inosuke  vs  kurotsuchi, marco, yoh
Applying bleed effect! Checking special code
[ 627/700 ] WIN    25 turns   aang, ryohei, orihime  vs  tamaki, inosuke, sukuna
[ 628/700 ] WIN    23 turns   aang, killua, renamon  vs  noelle, uranus, bakugo
[ 629/700 ] LOSS   24 turns   aang, sheele, horohoro  vs  saturn, cooler, gatomon
[ 630/700 ] WIN    21 turns   aang, allmight, sasuke  vs  frieren, sakura, mikasa
[ 631/700 ] LOSS   27 turns   aang, yamamoto, xanxus  vs  ryohei, saber, mars
[ 632/700 ] LOSS   13 turns   aang, gilgamesh, mars  vs  astolfo, hashirama, usopp
[ 633/700 ] WIN    18 turns   aang, mercury, arthur  vs  veldora, todoroki, levi
Yubel's S1 Triggered!
[ 634/700 ] WIN    14 turns   aang, shinoa, sheele  vs  edward, levi, yubel
[ 635/700 ] WIN    27 turns   aang, rob, jaden  vs  boruto, cooler, tsuyu
[ 636/700 ] WIN    26 turns   aang, toudou, squalo  vs  esdeath, yuji, saber
[ 637/700 ] WIN    30 turns   aang, shinoa, touka  vs  king, arthur, kurotsuchi
[ 638/700 ] WIN    16 turns   aang, zenitsu, mine  vs  maka, hibari, gasai
[ 639/700 ] WIN    19 turns   aang, hisoka, nezuko  vs  hibari, madoka, adam
[ 640/700 ] LOSS   18 turns   aang, halibel, lyserg  vs  hibari, myotismon, sayaka
[ 641/700 ] LOSS   22 turns   aang, zenitsu, myotismon  vs  ryohei, allmight, frieren
[ 642/700 ] WIN    28 turns   aang, squalo, gray  vs  misaka, mami, touka
[ 643/700 ] LOSS   18 turns   aang, todoroki, esdeath  vs  myotismon, alphamon, gallantmon
[ 644/700 ] WIN    14 turns   aang, veldora, goku  vs  gohan, lucy, renamon
[ 645/700 ] WIN    18 turns   aang, venus, uraraka  vs  inosuke, diane, megumin
[ 646/700 ] WIN    17 turns   aang, hashirama, madoka  vs  gohan, jinwoo, edward
[ 647/700 ] WIN    16 turns   aang, esdeath, mikasa  vs  naruto, alphonse, jeanne
[ 648/700 ] WIN    16 turns   aang, saber, minene  vs  madoka, seventeen, horohoro
Applying bleed effect! Checking special code
Applying bleed effect! Checking special code
Applying bleed effect! Checking special code
Applying bleed effect! Checking special code
Applying bleed effect! Checking special code
Applying bleed effect! Checking special code
[ 649/700 ] WIN    20 turns   aang, noelle, pegasus  vs  midoriya, ken, minene
Applying bleed effect! Checking special code
[ 650/700 ] LOSS   25 turns   aang, mikasa, king  vs  veldora, jesse, shiro
[ 651/700 ] WIN    31 turns   aang, boruto, marco  vs  nel, tatsumi, uzui
[ 652/700 ] LOSS   26 turns   aang, ban, kurotsuchi  vs  nobara, maka, mine
[ 653/700 ] WIN    20 turns   aang, jack, luffy  vs  boruto, crona, mami
[ 654/700 ] WIN    21 turns   aang, mikasa, kurapika  vs  koro, hisoka, toga
[ 655/700 ] LOSS   24 turns   aang, venus, koro  vs  vegeta, tsubaki, aiohto
[ 656/700 ] LOSS   19 turns   aang, gogeta, muichiro  vs  satsuki, gray, crona
[ 657/700 ] WIN    26 turns   aang, luffy, rimuru  vs  halibel, ryuko, mami
[ 658/700 ] LOSS   15 turns   aang, todoroki, jinwoo  vs  chrome, broly, hibari
[ 659/700 ] WIN    18 turns   aang, alphonse, kitara  vs  vegeta, ichibe, crona
[ 660/700 ] WIN    12 turns   aang, sayaka, blackstar  vs  tamaki, levi, xanxus
[ 661/700 ] WIN    24 turns   aang, omnimon, alphamon  vs  crona, nobara, gunha
[ 662/700 ] WIN    13 turns   aang, saturn, gohan  vs  hashirama, mercury, nonon
[ 663/700 ] WIN    18 turns   aang, ichibe, eren  vs  goku, tokoyami, kaiba
[ 664/700 ] WIN    16 turns   aang, jaden, tsunayoshi  vs  satsuki, megumi, jupiter
[ 665/700 ] LOSS   17 turns   aang, gunha, ladydevimon  vs  saitama, esdeath, mavis
[ 666/700 ] LOSS   20 turns   aang, marco, myotismon  vs  uraraka, usopp, nel
[ 667/700 ] LOSS   19 turns   aang, lucy, naruto  vs  ryohei, aiohto, lyserg
Applying bleed effect! Checking special code
Applying bleed effect! Checking special code
Applying bleed effect! Checking special code
Applying bleed effect! Checking special code
Applying bleed effect! Checking special code
Applying bleed effect! Checking special code
Applying bleed effect! Checking special code
Applying bleed effect! Checking special code
[ 668/700 ] LOSS   18 turns   aang, akame, myotismon  vs  blackwargreymon, allmight, ken
[ 669/700 ] WIN    15 turns   aang, yuji, midoriya  vs  gohan, soul, emiya
[ 670/700 ] WIN    17 turns   aang, blackwargreymon, kitara  vs  emiya, genos, todoroki
[ 671/700 ] LOSS   16 turns   aang, mash, yugi  vs  lucy, mercury, jaden
[ 672/700 ] WIN    16 turns   aang, frieren, frankenstein  vs  levi, seventeen, gatomon
Applying bleed effect! Checking special code
Applying bleed effect! Checking special code
[ 673/700 ] WIN    25 turns   aang, veldora, yuji  vs  gasai, saitama, inosuke
[ 674/700 ] LOSS   26 turns   aang, myotismon, hashirama  vs  cooler, rimuru, ryuko
Applying bleed effect! Checking special code
[ 675/700 ] WIN    17 turns   aang, inosuke, power  vs  uranus, tanjiro, myotismon
Applying bleed effect! Checking special code
Applying bleed effect! Checking special code
Applying bleed effect! Checking special code
Applying bleed effect! Checking special code
Applying bleed effect! Checking special code
Applying bleed effect! Checking special code
[ 676/700 ] WIN    13 turns   aang, rakko, yuno  vs  gohan, tsuyu, kurotsuchi
[ 677/700 ] LOSS   49 turns   aang, inuyasha, toga  vs  astolfo, ichigo, sayaka
Applying bleed effect! Checking special code
Applying bleed effect! Checking special code
Applying bleed effect! Checking special code
Applying bleed effect! Checking special code
[ 678/700 ] WIN    30 turns   aang, mami, soul  vs  crona, hinata, inosuke
[ 679/700 ] WIN    22 turns   aang, kaiba, jupiter  vs  nimaiya, yugi, madoka
[ 680/700 ] WIN    19 turns   aang, misaka, seventeen  vs  veldora, goku, mine
[ 681/700 ] WIN    22 turns   aang, tamaki, meliodas  vs  megumin, misaka, horohoro
[ 682/700 ] WIN    21 turns   aang, saturn, gallantmon  vs  nobara, gon, jeanne
[ 683/700 ] WIN    32 turns   aang, natsu, aiohto  vs  death, ryohei, uzui
[ 684/700 ] LOSS   19 turns   aang, misaka, ban  vs  hinata, mine, lyserg
[ 685/700 ] LOSS   28 turns   aang, yubel, shokuhou  vs  gatomon, mash, akame
Applying bleed effect! Checking special code
[ 686/700 ] WIN    18 turns   aang, rakko, emiyaarcher  vs  erza, blackwargreymon, tatsumaki
Applying bleed effect! Checking special code
Applying bleed effect! Checking special code
[ 687/700 ] WIN    22 turns   aang, diane, erza  vs  inuyasha, goku, rakko
[ 688/700 ] WIN    15 turns   aang, semiramis, kurotsuchi  vs  jinwoo, shinoa, yoh
[ 689/700 ] WIN    22 turns   aang, mikasa, veldora  vs  kaiba, yamamoto, denji
Applying bleed effect! Checking special code
Applying bleed effect! Checking special code
Applying bleed effect! Checking special code
Applying bleed effect! Checking special code
Applying bleed effect! Checking special code
[ 690/700 ] LOSS   16 turns   aang, ken, omnimon  vs  shinra, tsubaki, esdeath
[ 691/700 ] LOSS   12 turns   aang, renamon, zoro  vs  mine, touka, kurapika
Applying bleed effect! Checking special code
Applying bleed effect! Checking special code
Applying bleed effect! Checking special code
[ 692/700 ] LOSS   17 turns   aang, hisoka, xanxus  vs  jack, naruto, rengoku
[ 693/700 ] WIN    38 turns   aang, gojo, hawkmon  vs  blackstar, kaiba, mami
[ 694/700 ] WIN    12 turns   aang, ganta, satsuki  vs  todoroki, akame, sukuna
[ 695/700 ] WIN    18 turns   aang, koro, adam  vs  edward, sheele, itachi
[ 696/700 ] WIN    28 turns   aang, killua, saitama  vs  diane, blackstar, kitara
[ 697/700 ] WIN    25 turns   aang, jaden, mercury  vs  meliodas, toga, levi
[ 698/700 ] LOSS   18 turns   aang, tatsumaki, squalo  vs  meliodas, lizandpatty, jaden
[ 699/700 ] WIN    14 turns   aang, asta, levi  vs  saber, muichiro, ban
[ 700/700 ] LOSS   21 turns   aang, uzui, frankenstein  vs  arthur, edward, impmon
=== TRAINER RUN COMPLETE ===
Matches: 700   W: 469   L: 231   D: 0   Win: 67.0%   (opponent: self)
Policy saved to res://training/checkpoints/focus_aang/w3.json  (generation 5, trained_matches 10700)
