Godot Engine v4.6.2.stable.official.71f334935 - https://godotengine.org

[trainer] seed=61001 matches=700 opponent=self eval=false out=res://training/checkpoints/focus_alphamon/w1.json checkpoint=res://training/checkpoints/focused_current.json
[authored] loaded 1 authored character(s)
[   1/700 ] LOSS   12 turns   alphamon, ace, genos  vs  byakuya, madoka, hinata
Applying bleed effect! Checking special code
Applying bleed effect! Checking special code
Applying bleed effect! Checking special code
[   2/700 ] WIN    25 turns   alphamon, vegeta, arthur  vs  rengoku, myotismon, jaden
[   3/700 ] WIN    28 turns   alphamon, tsubasa, ichigo  vs  megumin, nezuko, renamon
[   4/700 ] WIN    18 turns   alphamon, myotismon, impmon  vs  blackstar, gasai, veldora
[   5/700 ] LOSS   20 turns   alphamon, tatsumaki, akame  vs  ryohei, machinedramon, jupiter
Applying bleed effect! Checking special code
[   6/700 ] WIN    15 turns   alphamon, touka, minene  vs  denji, toph, cell
[   7/700 ] LOSS   19 turns   alphamon, marco, emiyaarcher  vs  tokoyami, mash, jack
[   8/700 ] LOSS   16 turns   alphamon, gallantmon, mami  vs  genos, todoroki, broly
Applying bleed effect! Checking special code
Applying bleed effect! Checking special code
Applying bleed effect! Checking special code
[   9/700 ] WIN    36 turns   alphamon, shinoa, ryohei  vs  mikasa, rakko, tsunayoshi
[  10/700 ] WIN    17 turns   alphamon, gasai, soul  vs  blackstar, zoro, touka
[  11/700 ] LOSS   21 turns   alphamon, yugi, koro  vs  sakura, gohan, allmight
[  12/700 ] LOSS   22 turns   alphamon, kaiba, minene  vs  neferpitou, seventeen, levi
Applying bleed effect! Checking special code
[  13/700 ] WIN    26 turns   alphamon, jesse, natsu  vs  power, ichigo, saturn
[  14/700 ] LOSS   20 turns   alphamon, kaiba, impmon  vs  zenitsu, tokoyami, nonon
[  15/700 ] LOSS   21 turns   alphamon, akame, tsuyu  vs  impmon, ace, tokoyami
[  16/700 ] WIN    24 turns   alphamon, alphonse, gallantmon  vs  ryuko, gojo, korra
[  17/700 ] WIN    42 turns   alphamon, astolfo, horohoro  vs  saber, koro, tsuyu
[  18/700 ] LOSS   18 turns   alphamon, omnimon, yamamoto  vs  impmon, gatomon, nel
[  19/700 ] LOSS   14 turns   alphamon, jinwoo, zenitsu  vs  toga, madoka, shinra
[  20/700 ] WIN    27 turns   alphamon, frieren, yoh  vs  lyserg, kid, nobara
Applying bleed effect! Checking special code
Applying bleed effect! Checking special code
[  21/700 ] LOSS   20 turns   alphamon, rengoku, ryuko  vs  shinoa, mars, broly
[  22/700 ] LOSS   33 turns   alphamon, megumin, gallantmon  vs  kurapika, hibari, bakugo
[  23/700 ] LOSS   13 turns   alphamon, akame, tamaki  vs  hibari, luffy, minene
[  24/700 ] WIN    34 turns   alphamon, hinata, mine  vs  esdeath, blackstar, chrome
[  25/700 ] WIN    24 turns   alphamon, mami, astolfo  vs  minene, semiramis, koro
[  26/700 ] WIN    18 turns   alphamon, nezuko, lizandpatty  vs  gogeta, jinwoo, touka
[  27/700 ] LOSS   15 turns   alphamon, toph, zoro  vs  toudou, vegeta, goku
Applying bleed effect! Checking special code
Applying bleed effect! Checking special code
[  28/700 ] WIN    27 turns   alphamon, blackstar, kurotsuchi  vs  inosuke, boruto, jaden
[  29/700 ] WIN    30 turns   alphamon, lizandpatty, nezuko  vs  luffy, muichiro, levi
[  30/700 ] WIN    17 turns   alphamon, hinata, pegasus  vs  mami, satsuki, alphonse
Applying bleed effect! Checking special code
[  31/700 ] LOSS   20 turns   alphamon, akame, power  vs  renamon, yuno, gatomon
Applying bleed effect! Checking special code
[  32/700 ] WIN    27 turns   alphamon, jupiter, allmight  vs  toph, diane, megumi
[  33/700 ] WIN    15 turns   alphamon, rob, alphonse  vs  sukuna, genos, jack
[  34/700 ] LOSS   22 turns   alphamon, blackwargreymon, death  vs  vegeta, sukuna, ban
[  35/700 ] WIN    16 turns   alphamon, mavis, nobara  vs  yamamoto, allmight, omnimon
[  36/700 ] WIN    15 turns   alphamon, goku, halibel  vs  toga, myotismon, itachi
[  37/700 ] WIN    16 turns   alphamon, rob, gallantmon  vs  saber, cell, renamon
[  38/700 ] WIN    17 turns   alphamon, adam, sheele  vs  koro, erza, tamaki
Yubel's S1 Triggered!
[  39/700 ] WIN    20 turns   alphamon, nel, zenitsu  vs  yubel, gogeta, saitama
[  40/700 ] WIN    16 turns   alphamon, halibel, lucy  vs  impmon, alphonse, edward
[  41/700 ] WIN    11 turns   alphamon, mavis, tamaki  vs  itachi, kurotsuchi, uranus
[  42/700 ] WIN    33 turns   alphamon, kid, nagisa  vs  tsubaki, gunha, saber
[  43/700 ] LOSS   17 turns   alphamon, tatsumi, sayaka  vs  asta, madoka, yuno
[  44/700 ] LOSS   19 turns   alphamon, yoh, venus  vs  jaden, frankenstein, meliodas
[  45/700 ] WIN    14 turns   alphamon, tanjiro, emiyaarcher  vs  killua, emiya, shiro
[  46/700 ] WIN    34 turns   alphamon, yuno, esdeath  vs  killua, nel, marco
[  47/700 ] LOSS   23 turns   alphamon, semiramis, uraraka  vs  megumin, diane, frieren
[  48/700 ] WIN    12 turns   alphamon, luffy, hisoka  vs  emiyaarcher, frieren, noelle
Applying bleed effect! Checking special code
[  49/700 ] WIN    13 turns   alphamon, tanjiro, denji  vs  nobara, squalo, ladydevimon
[  50/700 ] WIN    13 turns   alphamon, soul, bakugo  vs  toji, ganta, lizandpatty
[  51/700 ] LOSS   26 turns   alphamon, ichibe, nezuko  vs  squalo, mami, hibari
[  52/700 ] WIN    15 turns   alphamon, tsunayoshi, levi  vs  allmight, orihime, jinwoo
Applying bleed effect! Checking special code
[  53/700 ] WIN    19 turns   alphamon, toji, ken  vs  gatomon, yugi, gasai
Applying bleed effect! Checking special code
Applying bleed effect! Checking special code
Yubel's S1 Triggered!
Applying bleed effect! Checking special code
Applying bleed effect! Checking special code
Applying bleed effect! Checking special code
[  54/700 ] WIN    17 turns   alphamon, yubel, toji  vs  kid, diane, rakko
[  55/700 ] WIN    16 turns   alphamon, adam, yuji  vs  tatsumaki, koro, death
Applying bleed effect! Checking special code
[  56/700 ] LOSS   30 turns   alphamon, myotismon, nonon  vs  neferpitou, denji, akame
[  57/700 ] LOSS   22 turns   alphamon, shinoa, mash  vs  saber, gray, cooler
[  58/700 ] WIN    15 turns   alphamon, mercury, tokoyami  vs  yuji, aang, yugi
[  59/700 ] WIN    16 turns   alphamon, vegeta, edward  vs  omnimon, jeanne, jaden
[  60/700 ] WIN    23 turns   alphamon, kurotsuchi, inuyasha  vs  hawkmon, sakura, arthur
[  61/700 ] WIN    20 turns   alphamon, nagisa, soul  vs  ichigo, neferpitou, tsubaki
[  62/700 ] WIN    14 turns   alphamon, rengoku, kurotsuchi  vs  nobara, naruto, itachi
[  63/700 ] LOSS   23 turns   alphamon, soul, tsubaki  vs  esdeath, cooler, saturn
[  64/700 ] LOSS   22 turns   alphamon, halibel, saitama  vs  shiro, ladydevimon, nonon
Applying bleed effect! Checking special code
Applying bleed effect! Checking special code
Applying bleed effect! Checking special code
Applying bleed effect! Checking special code
[  65/700 ] WIN    20 turns   alphamon, zoro, inuyasha  vs  denji, king, meliodas
Applying bleed effect! Checking special code
Applying bleed effect! Checking special code
[  66/700 ] WIN    25 turns   alphamon, denji, muichiro  vs  tsubaki, jeanne, blackwargreymon
[  67/700 ] WIN    16 turns   alphamon, nel, veldora  vs  frankenstein, neferpitou, adam
[  68/700 ] LOSS   27 turns   alphamon, neferpitou, gasai  vs  hisoka, tokoyami, naruto
[  69/700 ] WIN    21 turns   alphamon, xanxus, killua  vs  nobara, tanjiro, uranus
[  70/700 ] WIN    10 turns   alphamon, misaka, mavis  vs  tamaki, megumin, uranus
[  71/700 ] WIN    18 turns   alphamon, kurapika, luffy  vs  venus, mavis, hinata
[  72/700 ] WIN    16 turns   alphamon, itachi, jeanne  vs  jupiter, lizandpatty, yamamoto
Applying bleed effect! Checking special code
Applying bleed effect! Checking special code
Applying bleed effect! Checking special code
Applying bleed effect! Checking special code
Applying bleed effect! Checking special code
Applying bleed effect! Checking special code
Applying bleed effect! Checking special code
Applying bleed effect! Checking special code
Applying bleed effect! Checking special code
Applying bleed effect! Checking special code
[  73/700 ] WIN    16 turns   alphamon, crona, saber  vs  maka, king, edward
[  74/700 ] LOSS   72 turns   alphamon, eren, ganta  vs  alphonse, sukuna, inuyasha
[  75/700 ] LOSS   21 turns   alphamon, alphonse, omnimon  vs  bakugo, usopp, yuno
[  76/700 ] WIN    17 turns   alphamon, saitama, gohan  vs  sakura, death, jesse
[  77/700 ] LOSS   22 turns   alphamon, aiohto, yuji  vs  cell, touka, luffy
[  78/700 ] WIN    14 turns   alphamon, cell, astolfo  vs  adam, edward, frankenstein
[  79/700 ] WIN    22 turns   alphamon, renamon, jeanne  vs  genos, soul, hisoka
Applying bleed effect! Checking special code
Applying bleed effect! Checking special code
Applying bleed effect! Checking special code
Applying bleed effect! Checking special code
Applying bleed effect! Checking special code
Applying bleed effect! Checking special code
Applying bleed effect! Checking special code
[  80/700 ] WIN    33 turns   alphamon, king, nagisa  vs  esdeath, hibari, inosuke
[  81/700 ] LOSS   35 turns   alphamon, kurapika, diane  vs  misaka, astolfo, myotismon
[  82/700 ] WIN    14 turns   alphamon, zenitsu, uraraka  vs  nezuko, boruto, koro
Applying bleed effect! Checking special code
Applying bleed effect! Checking special code
Applying bleed effect! Checking special code
Applying bleed effect! Checking special code
[  83/700 ] WIN    14 turns   alphamon, ace, ken  vs  megumi, hawkmon, zoro
[  84/700 ] WIN    12 turns   alphamon, cooler, shinoa  vs  byakuya, squalo, misaka
[  85/700 ] WIN    21 turns   alphamon, gray, tsuyu  vs  hibari, nel, ban
Yubel's S1 Triggered!
Yubel's S1 Triggered!
Yubel's S1 Triggered!
[  86/700 ] WIN    24 turns   alphamon, tsubasa, yubel  vs  tamaki, ace, blackstar
[  87/700 ] WIN    13 turns   alphamon, madoka, nagisa  vs  kid, seventeen, saber
[  88/700 ] WIN    29 turns   alphamon, gatomon, asta  vs  saturn, goku, nobara
Applying bleed effect! Checking special code
Applying bleed effect! Checking special code
[  89/700 ] LOSS   39 turns   alphamon, edward, power  vs  ryohei, muichiro, toph
[  90/700 ] WIN    14 turns   alphamon, halibel, megumi  vs  inosuke, vegeta, saber
[  91/700 ] LOSS   20 turns   alphamon, nimaiya, myotismon  vs  jack, nonon, hinata
[  92/700 ] WIN    26 turns   alphamon, gallantmon, rimuru  vs  nezuko, chrome, cell
[  93/700 ] WIN    19 turns   alphamon, jinwoo, ryohei  vs  sukuna, yamamoto, hawkmon
[  94/700 ] WIN    10 turns   alphamon, asta, jeanne  vs  satsuki, noelle, machinedramon
Yubel's S1 Triggered!
[  95/700 ] LOSS   19 turns   alphamon, ladydevimon, tamaki  vs  luffy, renamon, yubel
[  96/700 ] LOSS   31 turns   alphamon, shokuhou, gogeta  vs  nagisa, tatsumaki, sheele
[  97/700 ] WIN    14 turns   alphamon, frankenstein, megumin  vs  gilgamesh, jinwoo, orihime
[  98/700 ] LOSS   17 turns   alphamon, sayaka, nagisa  vs  inuyasha, venus, veldora
[  99/700 ] WIN    17 turns   alphamon, touka, shinoa  vs  kuroko, mami, renamon
[ 100/700 ] WIN    26 turns   alphamon, gallantmon, jinwoo  vs  hashirama, kitara, ryuko
[ 101/700 ] LOSS   21 turns   alphamon, mami, natsu  vs  yamamoto, frieren, touka
[ 102/700 ] LOSS   55 turns   alphamon, nezuko, denji  vs  eren, toji, aang
[ 103/700 ] WIN    10 turns   alphamon, nonon, ryohei  vs  kaiba, jeanne, todoroki
Applying bleed effect! Checking special code
Applying bleed effect! Checking special code
Applying bleed effect! Checking special code
[ 104/700 ] WIN    14 turns   alphamon, naruto, gogeta  vs  tamaki, tokoyami, ken
[ 105/700 ] WIN    18 turns   alphamon, natsu, inosuke  vs  nonon, renamon, adam
[ 106/700 ] LOSS   16 turns   alphamon, yuji, kid  vs  horohoro, sukuna, luffy
[ 107/700 ] LOSS   37 turns   alphamon, inuyasha, toudou  vs  yubel, tatsumi, renamon
[ 108/700 ] WIN    15 turns   alphamon, neferpitou, machinedramon  vs  uraraka, naruto, bakugo
[ 109/700 ] WIN    12 turns   alphamon, madoka, satsuki  vs  emiyaarcher, usopp, yuno
Applying bleed effect! Checking special code
Applying bleed effect! Checking special code
Applying bleed effect! Checking special code
Applying bleed effect! Checking special code
Applying bleed effect! Checking special code
Applying bleed effect! Checking special code
Applying bleed effect! Checking special code
Applying bleed effect! Checking special code
[ 110/700 ] WIN    19 turns   alphamon, shinoa, pegasus  vs  tsuyu, king, ban
[ 111/700 ] WIN    14 turns   alphamon, hashirama, lyserg  vs  hisoka, veldora, machinedramon
[ 112/700 ] WIN    19 turns   alphamon, shokuhou, rengoku  vs  power, yamamoto, gilgamesh
[ 113/700 ] WIN    17 turns   alphamon, eren, aang  vs  ladydevimon, nagisa, jupiter
[ 114/700 ] LOSS   20 turns   alphamon, cooler, crona  vs  naruto, nonon, yuno
[ 115/700 ] WIN    14 turns   alphamon, adam, seventeen  vs  inosuke, edward, bakugo
[ 116/700 ] WIN    50 turns   alphamon, saturn, lizandpatty  vs  marco, eren, yubel
[ 117/700 ] WIN    14 turns   alphamon, kurapika, noelle  vs  tsuyu, touka, yamamoto
[ 118/700 ] WIN    21 turns   alphamon, muichiro, aiohto  vs  zenitsu, nonon, frankenstein
[ 119/700 ] WIN    14 turns   alphamon, saturn, alphonse  vs  tatsumaki, inuyasha, denji
Applying bleed effect! Checking special code
[ 120/700 ] WIN    24 turns   alphamon, king, jupiter  vs  lyserg, uraraka, neferpitou
[ 121/700 ] WIN    15 turns   alphamon, tsubaki, squalo  vs  gogeta, hibari, king
[ 122/700 ] WIN    14 turns   alphamon, gatomon, mavis  vs  ganta, jupiter, ichigo
[ 123/700 ] WIN    11 turns   alphamon, tamaki, madoka  vs  yuji, nonon, erza
Applying bleed effect! Checking special code
[ 124/700 ] WIN    18 turns   alphamon, adam, blackstar  vs  naruto, power, natsu
[ 125/700 ] WIN    13 turns   alphamon, soul, aiohto  vs  yuji, cooler, goku
[ 126/700 ] LOSS   24 turns   alphamon, jeanne, boruto  vs  hawkmon, aang, kitara
[ 127/700 ] WIN    18 turns   alphamon, ryohei, lizandpatty  vs  bakugo, orihime, shinra
Applying bleed effect! Checking special code
Applying bleed effect! Checking special code
Applying bleed effect! Checking special code
[ 128/700 ] WIN    18 turns   alphamon, shinra, sakura  vs  ace, arthur, rengoku
[ 129/700 ] WIN    13 turns   alphamon, hinata, mavis  vs  broly, sakura, rob
[ 130/700 ] WIN    14 turns   alphamon, aang, ken  vs  luffy, gilgamesh, jeanne
Applying bleed effect! Checking special code
Applying bleed effect! Checking special code
[ 131/700 ] LOSS   24 turns   alphamon, xanxus, horohoro  vs  ryohei, denji, shiro
[ 132/700 ] WIN    22 turns   alphamon, mash, nel  vs  arthur, ban, crona
[ 133/700 ] WIN    20 turns   alphamon, impmon, akame  vs  emiya, marco, inuyasha
Applying bleed effect! Checking special code
[ 134/700 ] WIN    13 turns   alphamon, toji, ace  vs  kuroko, zoro, ken
[ 135/700 ] WIN    20 turns   alphamon, aiohto, koro  vs  yugi, shinra, kurapika
[ 136/700 ] WIN    19 turns   alphamon, kuroko, saturn  vs  asta, mars, tatsumi
[ 137/700 ] LOSS   12 turns   alphamon, emiyaarcher, megumi  vs  aiohto, frankenstein, mercury
[ 138/700 ] LOSS   14 turns   alphamon, gohan, ban  vs  cooler, asta, toji
[ 139/700 ] WIN    28 turns   alphamon, hisoka, zoro  vs  shinoa, tamaki, touka
[ 140/700 ] LOSS   19 turns   alphamon, shinra, gon  vs  sukuna, veldora, horohoro
[ 141/700 ] LOSS   27 turns   alphamon, akame, machinedramon  vs  mercury, tsuyu, nagisa
[ 142/700 ] WIN    25 turns   alphamon, nimaiya, nagisa  vs  gatomon, uraraka, sheele
[ 143/700 ] WIN    26 turns   alphamon, lyserg, tatsumaki  vs  megumi, kuroko, astolfo
[ 144/700 ] WIN    13 turns   alphamon, kurapika, tsunayoshi  vs  toji, lucy, naruto
[ 145/700 ] WIN    17 turns   alphamon, muichiro, misaka  vs  yugi, emiya, kid
[ 146/700 ] LOSS   17 turns   alphamon, ladydevimon, gogeta  vs  mavis, todoroki, gohan
Applying bleed effect! Checking special code
Applying bleed effect! Checking special code
Applying bleed effect! Checking special code
Applying bleed effect! Checking special code
Applying bleed effect! Checking special code
Applying bleed effect! Checking special code
[ 147/700 ] LOSS   18 turns   alphamon, xanxus, yoh  vs  rakko, saber, nel
[ 148/700 ] WIN    18 turns   alphamon, sakura, ichibe  vs  toji, soul, megumin
[ 149/700 ] WIN    17 turns   alphamon, tsuyu, venus  vs  jesse, tamaki, korra
[ 150/700 ] WIN    11 turns   alphamon, sayaka, seventeen  vs  ganta, todoroki, xanxus
[ 151/700 ] WIN    14 turns   alphamon, renamon, kuroko  vs  toga, nonon, misaka
[ 152/700 ] WIN    13 turns   alphamon, ladydevimon, ban  vs  hisoka, yuno, gogeta
[ 153/700 ] LOSS   23 turns   alphamon, diane, sayaka  vs  zoro, esdeath, blackwargreymon
[ 154/700 ] WIN    19 turns   alphamon, gojo, koro  vs  gilgamesh, lizandpatty, kaiba
[ 155/700 ] WIN    22 turns   alphamon, muichiro, yuno  vs  gohan, lizandpatty, misaka
[ 156/700 ] WIN    17 turns   alphamon, byakuya, hisoka  vs  yoh, zenitsu, levi
[ 157/700 ] WIN    16 turns   alphamon, luffy, semiramis  vs  satsuki, arthur, gohan
[ 158/700 ] LOSS   17 turns   alphamon, akame, maka  vs  jack, mikasa, shinoa
Applying bleed effect! Checking special code
Applying bleed effect! Checking special code
Applying bleed effect! Checking special code
[ 159/700 ] WIN    17 turns   alphamon, byakuya, ken  vs  saitama, rob, tamaki
[ 160/700 ] WIN    16 turns   alphamon, lizandpatty, pegasus  vs  natsu, shokuhou, killua
[ 161/700 ] WIN    22 turns   alphamon, luffy, kuroko  vs  vegeta, kurotsuchi, seventeen
