Godot Engine v4.6.2.stable.official.71f334935 - https://godotengine.org

[trainer] seed=61003 matches=700 opponent=self eval=false out=res://training/checkpoints/focus_naruto/w3.json checkpoint=res://training/checkpoints/focus_naruto/baseline.json
[authored] loaded 1 authored character(s)
[   1/700 ] LOSS   29 turns   naruto, lyserg, midoriya  vs  gojo, uzui, tsunayoshi
[   2/700 ] WIN    18 turns   naruto, hibari, cell  vs  mikasa, usopp, toga
[   3/700 ] WIN    25 turns   naruto, gon, adam  vs  goku, meliodas, kid
[   4/700 ] WIN    16 turns   naruto, aang, gohan  vs  misaka, gallantmon, yubel
Applying bleed effect! Checking special code
[   5/700 ] WIN    19 turns   naruto, natsu, cooler  vs  pegasus, power, inuyasha
[   6/700 ] WIN    18 turns   naruto, toji, zenitsu  vs  natsu, ryuko, genos
[   7/700 ] LOSS   17 turns   naruto, uraraka, toji  vs  lucy, tsunayoshi, alphamon
[   8/700 ] LOSS   10 turns   naruto, cooler, death  vs  jack, rob, lucy
Applying bleed effect! Checking special code
Applying bleed effect! Checking special code
Applying bleed effect! Checking special code
Applying bleed effect! Checking special code
Applying bleed effect! Checking special code
Applying bleed effect! Checking special code
[   9/700 ] WIN    13 turns   naruto, ken, hibari  vs  tsunayoshi, arthur, gojo
Applying bleed effect! Checking special code
Applying bleed effect! Checking special code
Applying bleed effect! Checking special code
[  10/700 ] LOSS   28 turns   naruto, uranus, power  vs  allmight, gilgamesh, megumi
[  11/700 ] LOSS   17 turns   naruto, yuji, tsubasa  vs  myotismon, saitama, gilgamesh
[  12/700 ] WIN    16 turns   naruto, tanjiro, gasai  vs  allmight, machinedramon, yubel
[  13/700 ] LOSS   16 turns   naruto, lyserg, shokuhou  vs  shinra, sakura, satsuki
[  14/700 ] LOSS   23 turns   naruto, toga, meliodas  vs  neferpitou, uzui, orihime
[  15/700 ] LOSS   25 turns   naruto, kaiba, halibel  vs  frieren, edward, uranus
[  16/700 ] WIN    19 turns   naruto, hashirama, mercury  vs  killua, toph, toudou
[  17/700 ] WIN    23 turns   naruto, itachi, blackwargreymon  vs  akame, jesse, ban
[  18/700 ] WIN    36 turns   naruto, tsubasa, goku  vs  kaiba, jack, mash
[  19/700 ] WIN    14 turns   naruto, todoroki, nel  vs  ryohei, gatomon, kurotsuchi
Applying bleed effect! Checking special code
[  20/700 ] LOSS   20 turns   naruto, gasai, tokoyami  vs  toji, asta, power
[  21/700 ] WIN    18 turns   naruto, blackwargreymon, gunha  vs  tamaki, genos, usopp
[  22/700 ] WIN    29 turns   naruto, hawkmon, toudou  vs  nobara, adam, hinata
Applying bleed effect! Checking special code
Applying bleed effect! Checking special code
Applying bleed effect! Checking special code
Applying bleed effect! Checking special code
Applying bleed effect! Checking special code
[  23/700 ] WIN    32 turns   naruto, denji, kurapika  vs  rengoku, hinata, saturn
[  24/700 ] LOSS   33 turns   naruto, mash, usopp  vs  jupiter, soul, orihime
Applying bleed effect! Checking special code
Applying bleed effect! Checking special code
Applying bleed effect! Checking special code
Applying bleed effect! Checking special code
Applying bleed effect! Checking special code
Applying bleed effect! Checking special code
[  25/700 ] LOSS   15 turns   naruto, jeanne, gohan  vs  jinwoo, kitara, king
[  26/700 ] WIN    16 turns   naruto, shinra, uzui  vs  satsuki, levi, hawkmon
[  27/700 ] LOSS   14 turns   naruto, astolfo, denji  vs  sayaka, aiohto, tsubaki
[  28/700 ] WIN    18 turns   naruto, shiro, hinata  vs  frankenstein, horohoro, yugi
[  29/700 ] LOSS   20 turns   naruto, mars, arthur  vs  jesse, astolfo, mavis
[  30/700 ] WIN    22 turns   naruto, emiyaarcher, kitara  vs  misaka, gasai, sukuna
[  31/700 ] WIN    16 turns   naruto, rimuru, blackstar  vs  ryuko, horohoro, sayaka
[  32/700 ] WIN    29 turns   naruto, allmight, broly  vs  jack, ace, sasuke
Applying bleed effect! Checking special code
Applying bleed effect! Checking special code
Applying bleed effect! Checking special code
Applying bleed effect! Checking special code
Applying bleed effect! Checking special code
Applying bleed effect! Checking special code
[  33/700 ] WIN    24 turns   naruto, crona, hibari  vs  ken, jesse, blackstar
[  34/700 ] WIN    29 turns   naruto, shinra, chrome  vs  jaden, gilgamesh, saitama
[  35/700 ] WIN    31 turns   naruto, ryuko, toudou  vs  yuji, chrome, ichigo
Applying bleed effect! Checking special code
Applying bleed effect! Checking special code
Applying bleed effect! Checking special code
[  36/700 ] LOSS   18 turns   naruto, shinoa, power  vs  toph, misaka, minene
[  37/700 ] WIN    35 turns   naruto, kitara, kuroko  vs  semiramis, mercury, orihime
Yubel's S1 Triggered!
[  38/700 ] WIN    20 turns   naruto, halibel, shinoa  vs  yubel, tatsumaki, yuno
Applying bleed effect! Checking special code
Applying bleed effect! Checking special code
[  39/700 ] WIN    23 turns   naruto, chrome, power  vs  shokuhou, rob, ace
Applying bleed effect! Checking special code
Applying bleed effect! Checking special code
[  40/700 ] WIN    15 turns   naruto, akame, touka  vs  rengoku, emiyaarcher, alphamon
Applying bleed effect! Checking special code
Applying bleed effect! Checking special code
[  41/700 ] WIN    32 turns   naruto, squalo, uzui  vs  rakko, tatsumi, nel
[  42/700 ] LOSS   25 turns   naruto, gon, semiramis  vs  gojo, bakugo, edward
[  43/700 ] WIN    23 turns   naruto, gunha, goku  vs  tanjiro, gojo, megumi
[  44/700 ] WIN    16 turns   naruto, gon, tsubasa  vs  frankenstein, jupiter, natsu
[  45/700 ] WIN    46 turns   naruto, frankenstein, gohan  vs  tsubaki, death, gallantmon
Applying bleed effect! Checking special code
[  46/700 ] WIN    19 turns   naruto, ace, ladydevimon  vs  sakura, eren, power
[  47/700 ] WIN    15 turns   naruto, nimaiya, levi  vs  xanxus, sayaka, usopp
[  48/700 ] WIN    29 turns   naruto, emiya, mikasa  vs  orihime, gunha, gogeta
Applying bleed effect! Checking special code
Applying bleed effect! Checking special code
Applying bleed effect! Checking special code
Applying bleed effect! Checking special code
[  49/700 ] LOSS   16 turns   naruto, denji, yugi  vs  lizandpatty, hibari, jack
[  50/700 ] WIN    27 turns   naruto, mine, kid  vs  crona, jaden, emiyaarcher
[  51/700 ] WIN    32 turns   naruto, jinwoo, meliodas  vs  mikasa, toph, levi
[  52/700 ] WIN    12 turns   naruto, jaden, frieren  vs  toga, nobara, shinoa
[  53/700 ] WIN    14 turns   naruto, broly, hisoka  vs  genos, bakugo, gojo
[  54/700 ] LOSS   17 turns   naruto, noelle, ladydevimon  vs  hinata, horohoro, nagisa
Applying bleed effect! Checking special code
Applying bleed effect! Checking special code
Applying bleed effect! Checking special code
[  55/700 ] WIN    28 turns   naruto, venus, inosuke  vs  erza, squalo, rob
[  56/700 ] LOSS   30 turns   naruto, shokuhou, kurapika  vs  bakugo, touka, aang
Applying bleed effect! Checking special code
Applying bleed effect! Checking special code
[  57/700 ] WIN    24 turns   naruto, toph, frieren  vs  inosuke, killua, allmight
[  58/700 ] WIN    53 turns   naruto, maka, toph  vs  nonon, blackwargreymon, allmight
[  59/700 ] WIN    20 turns   naruto, yuno, tamaki  vs  sakura, shiro, gallantmon
[  60/700 ] WIN    39 turns   naruto, jinwoo, jeanne  vs  frankenstein, nobara, kaiba
Applying bleed effect! Checking special code
Applying bleed effect! Checking special code
[  61/700 ] LOSS   20 turns   naruto, nobara, venus  vs  denji, crona, tatsumi
Applying bleed effect! Checking special code
Applying bleed effect! Checking special code
[  62/700 ] LOSS   14 turns   naruto, ichigo, gatomon  vs  mavis, satsuki, denji
[  63/700 ] WIN    27 turns   naruto, gohan, gon  vs  gatomon, tanjiro, machinedramon
[  64/700 ] WIN    23 turns   naruto, satsuki, mine  vs  byakuya, pegasus, toji
[  65/700 ] LOSS   50 turns   naruto, maka, yoh  vs  jeanne, nagisa, uzui
[  66/700 ] WIN    19 turns   naruto, sakura, mavis  vs  arthur, akame, vegeta
[  67/700 ] WIN    18 turns   naruto, uraraka, uzui  vs  hawkmon, yamamoto, blackstar
Applying bleed effect! Checking special code
Applying bleed effect! Checking special code
[  68/700 ] WIN    19 turns   naruto, vegeta, rakko  vs  machinedramon, kurapika, aiohto
[  69/700 ] LOSS   22 turns   naruto, allmight, renamon  vs  jack, chrome, mercury
[  70/700 ] LOSS   21 turns   naruto, gogeta, hinata  vs  satsuki, omnimon, sheele
[  71/700 ] LOSS   25 turns   naruto, tokoyami, shiro  vs  nonon, tanjiro, kid
[  72/700 ] LOSS   29 turns   naruto, korra, minene  vs  lizandpatty, uranus, crona
[  73/700 ] LOSS   29 turns   naruto, zoro, alphonse  vs  squalo, gallantmon, renamon
[  74/700 ] LOSS   24 turns   naruto, kaiba, todoroki  vs  tatsumaki, saturn, gunha
[  75/700 ] LOSS   14 turns   naruto, mars, vegeta  vs  frieren, cell, edward
Applying bleed effect! Checking special code
Applying bleed effect! Checking special code
Applying bleed effect! Checking special code
Applying bleed effect! Checking special code
Applying bleed effect! Checking special code
Applying bleed effect! Checking special code
[  76/700 ] LOSS   19 turns   naruto, kitara, tamaki  vs  mine, pegasus, ken
[  77/700 ] LOSS   36 turns   naruto, venus, lizandpatty  vs  blackstar, saturn, koro
Applying bleed effect! Checking special code
[  78/700 ] WIN    36 turns   naruto, diane, horohoro  vs  tsubaki, toji, venus
[  79/700 ] LOSS   19 turns   naruto, uranus, nonon  vs  ladydevimon, sayaka, hinata
[  80/700 ] LOSS   29 turns   naruto, ladydevimon, jesse  vs  omnimon, aang, hinata
[  81/700 ] LOSS   19 turns   naruto, myotismon, cell  vs  venus, nonon, mine
[  82/700 ] WIN    16 turns   naruto, megumi, madoka  vs  mikasa, adam, alphamon
[  83/700 ] LOSS   37 turns   naruto, ace, sasuke  vs  yuji, ryohei, blackwargreymon
[  84/700 ] WIN    34 turns   naruto, sheele, halibel  vs  aang, inosuke, nezuko
[  85/700 ] LOSS   26 turns   naruto, cooler, lyserg  vs  erza, rob, veldora
[  86/700 ] WIN    14 turns   naruto, sukuna, kurotsuchi  vs  akame, horohoro, allmight
[  87/700 ] WIN    20 turns   naruto, yubel, sheele  vs  death, edward, jinwoo
[  88/700 ] WIN    21 turns   naruto, gatomon, xanxus  vs  mine, frankenstein, touka
[  89/700 ] WIN    15 turns   naruto, gallantmon, nagisa  vs  shiro, nonon, myotismon
[  90/700 ] WIN    16 turns   naruto, sheele, ryohei  vs  hibari, todoroki, mavis
[  91/700 ] WIN    13 turns   naruto, rimuru, mikasa  vs  frankenstein, power, tsuyu
[  92/700 ] LOSS   32 turns   naruto, sayaka, kitara  vs  jesse, zenitsu, yugi
[  93/700 ] WIN    23 turns   naruto, hinata, sheele  vs  mine, lyserg, noelle
[  94/700 ] LOSS   18 turns   naruto, frankenstein, lyserg  vs  myotismon, levi, nimaiya
Applying bleed effect! Checking special code
[  95/700 ] WIN    20 turns   naruto, tokoyami, tatsumi  vs  kaiba, power, rob
[  96/700 ] WIN    27 turns   naruto, squalo, halibel  vs  ban, gasai, vegeta
[  97/700 ] WIN    20 turns   naruto, jack, nagisa  vs  seventeen, korra, ryuko
[  98/700 ] LOSS   18 turns   naruto, ace, gallantmon  vs  xanxus, soul, nimaiya
[  99/700 ] WIN   181 turns   naruto, mikasa, natsu  vs  gasai, kitara, noelle
[ 100/700 ] WIN    50 turns   naruto, mine, sakura  vs  lizandpatty, gohan, megumin
[ 101/700 ] WIN    17 turns   naruto, genos, uraraka  vs  yubel, cooler, tamaki
[ 102/700 ] LOSS   13 turns   naruto, venus, cell  vs  gogeta, blackstar, alphamon
Yubel's S1 Triggered!
Yubel's S1 Triggered!
[ 103/700 ] WIN    16 turns   naruto, mikasa, alphamon  vs  minene, veldora, yubel
Applying bleed effect! Checking special code
Yubel's S1 Triggered!
Yubel's S1 Triggered!
Yubel's S1 Triggered!
Applying bleed effect! Checking special code
[ 104/700 ] WIN    27 turns   naruto, kaiba, power  vs  yubel, mine, gojo
[ 105/700 ] WIN    18 turns   naruto, rimuru, satsuki  vs  yugi, shokuhou, muichiro
[ 106/700 ] WIN    20 turns   naruto, gallantmon, kaiba  vs  levi, erza, jesse
Applying bleed effect! Checking special code
Applying bleed effect! Checking special code
Applying bleed effect! Checking special code
Applying bleed effect! Checking special code
Applying bleed effect! Checking special code
Applying bleed effect! Checking special code
Applying bleed effect! Checking special code
Applying bleed effect! Checking special code
Applying bleed effect! Checking special code
Applying bleed effect! Checking special code
Applying bleed effect! Checking special code
[ 107/700 ] LOSS   87 turns   naruto, toph, king  vs  jeanne, marco, natsu
[ 108/700 ] WIN    25 turns   naruto, semiramis, seventeen  vs  diane, hinata, gray
Applying bleed effect! Checking special code
Applying bleed effect! Checking special code
[ 109/700 ] WIN    21 turns   naruto, power, shinra  vs  yuji, horohoro, blackstar
[ 110/700 ] LOSS   23 turns   naruto, chrome, shinra  vs  natsu, toga, sukuna
[ 111/700 ] WIN    20 turns   naruto, nezuko, impmon  vs  mine, jeanne, gojo
[ 112/700 ] LOSS   14 turns   naruto, renamon, ichigo  vs  aiohto, horohoro, tsubasa
[ 113/700 ] LOSS   33 turns   naruto, mikasa, crona  vs  cooler, shokuhou, adam
[ 114/700 ] LOSS   19 turns   naruto, ganta, ichigo  vs  squalo, lizandpatty, sasuke
[ 115/700 ] WIN    23 turns   naruto, lizandpatty, yoh  vs  inuyasha, nagisa, edward
[ 116/700 ] WIN    24 turns   naruto, uraraka, tatsumaki  vs  yuno, rob, nonon
[ 117/700 ] WIN    17 turns   naruto, ichigo, lyserg  vs  jinwoo, zoro, emiyaarcher
[ 118/700 ] WIN    28 turns   naruto, gray, mavis  vs  tatsumi, rob, yoh
[ 119/700 ] LOSS   51 turns   naruto, sakura, orihime  vs  broly, satsuki, omnimon
[ 120/700 ] LOSS   18 turns   naruto, itachi, diane  vs  aang, jack, tsunayoshi
[ 121/700 ] WIN    36 turns   naruto, mami, chrome  vs  hashirama, shiro, mars
[ 122/700 ] WIN    19 turns   naruto, ichibe, tsuyu  vs  mami, jeanne, mine
[ 123/700 ] WIN    18 turns   naruto, seventeen, mars  vs  gasai, ace, shokuhou
[ 124/700 ] WIN    31 turns   naruto, death, kuroko  vs  cooler, shiro, gunha
Applying bleed effect! Checking special code
[ 125/700 ] WIN    15 turns   naruto, aang, power  vs  tatsumaki, midoriya, lucy
[ 126/700 ] LOSS   19 turns   naruto, inuyasha, hashirama  vs  adam, squalo, hisoka
[ 127/700 ] WIN    31 turns   naruto, yuji, horohoro  vs  toudou, emiyaarcher, gallantmon
Applying bleed effect! Checking special code
Applying bleed effect! Checking special code
Applying bleed effect! Checking special code
Applying bleed effect! Checking special code
Applying bleed effect! Checking special code
Applying bleed effect! Checking special code
Applying bleed effect! Checking special code
Applying bleed effect! Checking special code
Applying bleed effect! Checking special code
[ 128/700 ] WIN    30 turns   naruto, luffy, inosuke  vs  itachi, arthur, misaka
[ 129/700 ] WIN    22 turns   naruto, halibel, squalo  vs  kid, tatsumi, lizandpatty
[ 130/700 ] LOSS   27 turns   naruto, aang, toga  vs  shinra, hashirama, machinedramon
[ 131/700 ] LOSS   34 turns   naruto, boruto, squalo  vs  gogeta, hashirama, alphonse
[ 132/700 ] WIN    42 turns   naruto, vegeta, myotismon  vs  squalo, emiyaarcher, alphamon
Applying bleed effect! Checking special code
Applying bleed effect! Checking special code
Applying bleed effect! Checking special code
[ 133/700 ] WIN    18 turns   naruto, hisoka, emiyaarcher  vs  inosuke, mars, mami
[ 134/700 ] WIN    26 turns   naruto, yugi, jaden  vs  lizandpatty, halibel, emiya
Yubel's S1 Triggered!
Yubel's S1 Triggered!
[ 135/700 ] WIN    31 turns   naruto, ganta, yamamoto  vs  alphonse, omnimon, yubel
[ 136/700 ] LOSS   37 turns   naruto, emiyaarcher, erza  vs  nonon, natsu, mercury
Applying bleed effect! Checking special code
Applying bleed effect! Checking special code
Applying bleed effect! Checking special code
Applying bleed effect! Checking special code
[ 137/700 ] LOSS   20 turns   naruto, kitara, tatsumaki  vs  cell, rengoku, erza
[ 138/700 ] WIN    19 turns   naruto, astolfo, toji  vs  tsubaki, gon, tatsumi
[ 139/700 ] WIN    50 turns   naruto, misaka, byakuya  vs  gohan, alphonse, mikasa
[ 140/700 ] LOSS   24 turns   naruto, saitama, soul  vs  lyserg, sheele, mavis
[ 141/700 ] LOSS   18 turns   naruto, natsu, tsubasa  vs  adam, kuroko, emiya
[ 142/700 ] LOSS   18 turns   naruto, levi, ryohei  vs  erza, korra, jack
Yubel's S1 Triggered!
[ 143/700 ] LOSS   17 turns   naruto, yugi, sasuke  vs  yubel, mash, esdeath
[ 144/700 ] LOSS   37 turns   naruto, madoka, saturn  vs  tsuyu, meliodas, esdeath
[ 145/700 ] LOSS   16 turns   naruto, rengoku, emiya  vs  madoka, rimuru, koro
[ 146/700 ] WIN    37 turns   naruto, kurapika, adam  vs  allmight, korra, sasuke
[ 147/700 ] WIN    21 turns   naruto, asta, shokuhou  vs  zenitsu, impmon, pegasus
[ 148/700 ] LOSS   26 turns   naruto, alphamon, crona  vs  kuroko, gatomon, seventeen
[ 149/700 ] WIN    30 turns   naruto, jack, misaka  vs  kuroko, gatomon, sheele
Applying bleed effect! Checking special code
Applying bleed effect! Checking special code
[ 150/700 ] WIN    23 turns   naruto, megumin, astolfo  vs  myotismon, denji, kuroko
[ 151/700 ] WIN    35 turns   naruto, usopp, korra  vs  sayaka, uzui, ryuko
[ 152/700 ] LOSS   22 turns   naruto, usopp, lyserg  vs  byakuya, uranus, shinoa
[ 153/700 ] WIN    14 turns   naruto, erza, vegeta  vs  kid, nezuko, mavis
[ 154/700 ] LOSS   18 turns   naruto, shinra, jesse  vs  hawkmon, usopp, tokoyami
[ 155/700 ] WIN    23 turns   naruto, jinwoo, ichibe  vs  kurotsuchi, hinata, inuyasha
[ 156/700 ] LOSS   29 turns   naruto, hawkmon, chrome  vs  rob, satsuki, nonon
[ 157/700 ] WIN    36 turns   naruto, tsuyu, blackstar  vs  sheele, hashirama, goku
Applying bleed effect! Checking special code
Applying bleed effect! Checking special code
Applying bleed effect! Checking special code
[ 158/700 ] LOSS   40 turns   naruto, impmon, denji  vs  sasuke, death, hinata
[ 159/700 ] WIN    21 turns   naruto, nonon, kuroko  vs  killua, veldora, rob
[ 160/700 ] LOSS   29 turns   naruto, kitara, hinata  vs  rob, tsuyu, asta
[ 161/700 ] LOSS   22 turns   naruto, hawkmon, koro  vs  kurotsuchi, toji, gogeta
[ 162/700 ] WIN    22 turns   naruto, midoriya, yugi  vs  tsuyu, ganta, shinoa
[ 163/700 ] WIN    27 turns   naruto, allmight, gilgamesh  vs  hawkmon, hibari, astolfo
[ 164/700 ] LOSS   14 turns   naruto, jinwoo, soul  vs  aang, genos, tsubasa
[ 165/700 ] LOSS   17 turns   naruto, levi, saitama  vs  alphamon, kurapika, adam
[ 166/700 ] LOSS   24 turns   naruto, alphonse, nezuko  vs  hashirama, power, allmight
[ 167/700 ] WIN    16 turns   naruto, lizandpatty, emiya  vs  lyserg, jupiter, jeanne
[ 168/700 ] WIN    26 turns   naruto, shinoa, halibel  vs  hibari, jinwoo, omnimon
Applying bleed effect! Checking special code
Applying bleed effect! Checking special code
Applying bleed effect! Checking special code
[ 169/700 ] WIN    18 turns   naruto, zoro, ichibe  vs  lucy, ken, usopp
[ 170/700 ] WIN    19 turns   naruto, gray, neferpitou  vs  toga, zoro, tsubasa
Yubel's S1 Triggered!
Yubel's S1 Triggered!
[ 171/700 ] WIN    18 turns   naruto, tsunayoshi, yubel  vs  crona, kurotsuchi, akame
[ 172/700 ] WIN    30 turns   naruto, saitama, gon  vs  tokoyami, machinedramon, kid
[ 173/700 ] LOSS   52 turns   naruto, arthur, squalo  vs  uraraka, toph, xanxus
[ 174/700 ] WIN    16 turns   naruto, yuno, emiyaarcher  vs  astolfo, usopp, mami
[ 175/700 ] WIN    30 turns   naruto, sakura, tsubaki  vs  adam, gohan, cell
[ 176/700 ] WIN    46 turns   naruto, rob, kaiba  vs  eren, tokoyami, xanxus
[ 177/700 ] WIN    35 turns   naruto, yamamoto, byakuya  vs  itachi, yugi, myotismon
[ 178/700 ] WIN    26 turns   naruto, orihime, kaiba  vs  emiyaarcher, todoroki, esdeath
[ 179/700 ] WIN    15 turns   naruto, nel, frieren  vs  crona, tokoyami, toga
[ 180/700 ] WIN    24 turns   naruto, sasuke, pegasus  vs  goku, uzui, tatsumaki
[ 181/700 ] WIN    22 turns   naruto, nagisa, sasuke  vs  gon, veldora, toph
[ 182/700 ] LOSS   22 turns   naruto, tsubasa, tatsumi  vs  hisoka, kurapika, myotismon
[ 183/700 ] WIN    24 turns   naruto, ichigo, levi  vs  muichiro, nezuko, toudou
[ 184/700 ] LOSS   27 turns   naruto, myotismon, jupiter  vs  gohan, yamamoto, gilgamesh
[ 185/700 ] LOSS   23 turns   naruto, gray, blackwargreymon  vs  tatsumi, ryuko, yubel
[ 186/700 ] WIN    16 turns   naruto, blackstar, astolfo  vs  jaden, zenitsu, renamon
[ 187/700 ] LOSS   16 turns   naruto, sukuna, megumin  vs  rob, bakugo, mavis
[ 188/700 ] WIN    29 turns   naruto, gray, halibel  vs  meliodas, inuyasha, myotismon
[ 189/700 ] WIN    20 turns   naruto, venus, lucy  vs  sakura, toudou, blackwargreymon
[ 190/700 ] LOSS   30 turns   naruto, aang, veldora  vs  death, renamon, orihime
[ 191/700 ] WIN    30 turns   naruto, ichibe, diane  vs  seventeen, gohan, aang
[ 192/700 ] LOSS   18 turns   naruto, yoh, inuyasha  vs  jupiter, frankenstein, frieren
[ 193/700 ] WIN    21 turns   naruto, inosuke, hisoka  vs  goku, saturn, ichigo
[ 194/700 ] LOSS   38 turns   naruto, toph, saber  vs  toudou, hinata, bakugo
[ 195/700 ] LOSS   17 turns   naruto, zenitsu, zoro  vs  mavis, kid, squalo
[ 196/700 ] LOSS   19 turns   naruto, omnimon, luffy  vs  gilgamesh, kuroko, lizandpatty
[ 197/700 ] LOSS   14 turns   naruto, todoroki, toph  vs  sukuna, tanjiro, shinoa
Applying bleed effect! Checking special code
Applying bleed effect! Checking special code
Applying bleed effect! Checking special code
Applying bleed effect! Checking special code
Applying bleed effect! Checking special code
[ 198/700 ] LOSS   26 turns   naruto, tanjiro, rakko  vs  asta, omnimon, ichibe
[ 199/700 ] WIN    24 turns   naruto, tsubaki, mikasa  vs  gojo, frieren, lucy
[ 200/700 ] WIN    14 turns   naruto, meliodas, yuji  vs  shokuhou, esdeath, rob
[ 201/700 ] LOSS   18 turns   naruto, killua, pegasus  vs  jupiter, hinata, gallantmon
[ 202/700 ] LOSS   28 turns   naruto, ichigo, neferpitou  vs  aiohto, hinata, orihime
[ 203/700 ] LOSS   19 turns   naruto, zenitsu, ace  vs  megumin, hibari, nonon
[ 204/700 ] WIN    20 turns   naruto, astolfo, mash  vs  akame, hawkmon, meliodas
Applying bleed effect! Checking special code
Applying bleed effect! Checking special code
Applying bleed effect! Checking special code
Applying bleed effect! Checking special code
[ 205/700 ] WIN    38 turns   naruto, rengoku, ken  vs  saturn, kurapika, diane
[ 206/700 ] WIN    24 turns   naruto, gasai, tamaki  vs  gatomon, pegasus, blackstar
[ 207/700 ] WIN    28 turns   naruto, gray, gunha  vs  tsubaki, orihime, yamamoto
[ 208/700 ] WIN    17 turns   naruto, saitama, goku  vs  cooler, pegasus, semiramis
[ 209/700 ] WIN    16 turns   naruto, gilgamesh, cell  vs  allmight, nezuko, byakuya
[ 210/700 ] WIN    57 turns   naruto, marco, saitama  vs  genos, yoh, nel
[ 211/700 ] WIN    32 turns   naruto, blackstar, saturn  vs  yamamoto, goku, megumin
Applying bleed effect! Checking special code
Applying bleed effect! Checking special code
Applying bleed effect! Checking special code
Applying bleed effect! Checking special code
Applying bleed effect! Checking special code
Applying bleed effect! Checking special code
[ 212/700 ] WIN    20 turns   naruto, kurapika, denji  vs  genos, sukuna, rakko
[ 213/700 ] LOSS   14 turns   naruto, blackwargreymon, jinwoo  vs  asta, sheele, emiya
[ 214/700 ] WIN    24 turns   naruto, midoriya, shokuhou  vs  usopp, emiyaarcher, power
[ 215/700 ] WIN    24 turns   naruto, kurotsuchi, nel  vs  nezuko, shinoa, jeanne
[ 216/700 ] WIN    34 turns   naruto, shinoa, emiya  vs  tsuyu, erza, muichiro
[ 217/700 ] WIN    19 turns   naruto, mash, tsubaki  vs  kid, crona, kaiba
Applying bleed effect! Checking special code
Applying bleed effect! Checking special code
[ 218/700 ] WIN    22 turns   naruto, tatsumi, gunha  vs  gojo, inosuke, neferpitou
[ 219/700 ] WIN    18 turns   naruto, esdeath, maka  vs  gatomon, shinoa, sukuna
[ 220/700 ] WIN    14 turns   naruto, gunha, meliodas  vs  denji, veldora, toga
[ 221/700 ] WIN    27 turns   naruto, kid, gallantmon  vs  lyserg, megumi, ganta
[ 222/700 ] LOSS   22 turns   naruto, cooler, lucy  vs  neferpitou, shinra, death
[ 223/700 ] LOSS   27 turns   naruto, sukuna, ban  vs  kid, nagisa, gohan
Applying bleed effect! Checking special code
[ 224/700 ] LOSS   19 turns   naruto, sasuke, rimuru  vs  neferpitou, korra, denji
[ 225/700 ] WIN    25 turns   naruto, koro, halibel  vs  shinoa, esdeath, sasuke
[ 226/700 ] WIN    55 turns   naruto, vegeta, toudou  vs  killua, shinra, yamamoto
[ 227/700 ] LOSS   13 turns   naruto, kurotsuchi, halibel  vs  jinwoo, madoka, sayaka
Applying bleed effect! Checking special code
Applying bleed effect! Checking special code
Applying bleed effect! Checking special code
Applying bleed effect! Checking special code
Applying bleed effect! Checking special code
Applying bleed effect! Checking special code
Applying bleed effect! Checking special code
Applying bleed effect! Checking special code
Applying bleed effect! Checking special code
Applying bleed effect! Checking special code
[ 228/700 ] LOSS   44 turns   naruto, muichiro, king  vs  ken, neferpitou, orihime
[ 229/700 ] LOSS   36 turns   naruto, erza, shinoa  vs  uzui, renamon, saitama
[ 230/700 ] WIN    19 turns   naruto, jeanne, gojo  vs  bakugo, byakuya, rob
[ 231/700 ] LOSS   21 turns   naruto, usopp, natsu  vs  midoriya, inosuke, renamon
[ 232/700 ] WIN    20 turns   naruto, alphamon, jupiter  vs  boruto, megumin, marco
[ 233/700 ] LOSS   22 turns   naruto, tsubasa, horohoro  vs  ban, ryohei, satsuki
Applying bleed effect! Checking special code
[ 234/700 ] LOSS   27 turns   naruto, horohoro, jupiter  vs  diane, zoro, ban
[ 235/700 ] LOSS   16 turns   naruto, nonon, saber  vs  machinedramon, uraraka, mikasa
[ 236/700 ] LOSS   20 turns   naruto, vegeta, ban  vs  yugi, akame, byakuya
[ 237/700 ] WIN    36 turns   naruto, mash, arthur  vs  ichigo, usopp, boruto
[ 238/700 ] WIN    22 turns   naruto, kuroko, neferpitou  vs  kitara, cooler, muichiro
[ 239/700 ] WIN    38 turns   naruto, ban, emiya  vs  soul, machinedramon, noelle
[ 240/700 ] WIN    26 turns   naruto, toph, cell  vs  misaka, maka, nel
[ 241/700 ] LOSS   32 turns   naruto, xanxus, machinedramon  vs  cell, natsu, rimuru
[ 242/700 ] LOSS   36 turns   naruto, maka, blackwargreymon  vs  aang, tanjiro, tatsumaki
[ 243/700 ] LOSS   53 turns   naruto, akame, arthur  vs  tokoyami, rob, uranus
[ 244/700 ] WIN    19 turns   naruto, todoroki, halibel  vs  megumi, luffy, aang
[ 245/700 ] WIN    17 turns   naruto, astolfo, aang  vs  rob, ichigo, tatsumi
[ 246/700 ] WIN    26 turns   naruto, nel, gasai  vs  alphonse, minene, inuyasha
[ 247/700 ] WIN    65 turns   naruto, noelle, orihime  vs  jaden, korra, uzui
[ 248/700 ] LOSS   16 turns   naruto, lyserg, gilgamesh  vs  gallantmon, nonon, minene
Applying bleed effect! Checking special code
Applying bleed effect! Checking special code
Applying bleed effect! Checking special code
[ 249/700 ] WIN    56 turns   naruto, inosuke, lucy  vs  arthur, minene, mash
[ 250/700 ] WIN    20 turns   naruto, yuno, saturn  vs  marco, tsubasa, maka
[ 251/700 ] WIN    23 turns   naruto, sayaka, frieren  vs  hinata, renamon, emiyaarcher
[ 252/700 ] LOSS   22 turns   naruto, luffy, horohoro  vs  jesse, arthur, seventeen
[ 253/700 ] LOSS   19 turns   naruto, megumin, killua  vs  kid, jack, mash
[ 254/700 ] WIN    16 turns   naruto, alphonse, sayaka  vs  shokuhou, yoh, meliodas
[ 255/700 ] LOSS   17 turns   naruto, mavis, myotismon  vs  mine, toji, venus
[ 256/700 ] LOSS   16 turns   naruto, ryohei, death  vs  itachi, jaden, sayaka
[ 257/700 ] LOSS   23 turns   naruto, sayaka, megumin  vs  semiramis, jack, veldora
[ 258/700 ] WIN    18 turns   naruto, jack, luffy  vs  rakko, seventeen, sayaka
[ 259/700 ] LOSS   32 turns   naruto, gasai, soul  vs  goku, omnimon, yuno
[ 260/700 ] LOSS   17 turns   naruto, tamaki, blackwargreymon  vs  jack, jinwoo, megumi
[ 261/700 ] WIN    53 turns   naruto, denji, ban  vs  orihime, nel, yuji
[ 262/700 ] LOSS   25 turns   naruto, myotismon, ichibe  vs  nagisa, koro, mars
[ 263/700 ] WIN    19 turns   naruto, toudou, usopp  vs  uzui, aiohto, megumin
[ 264/700 ] LOSS   18 turns   naruto, yuji, jupiter  vs  maka, nonon, shinra
[ 265/700 ] WIN    46 turns   naruto, toph, natsu  vs  lyserg, nonon, ichibe
[ 266/700 ] WIN    23 turns   naruto, madoka, killua  vs  shokuhou, nezuko, impmon
Applying bleed effect! Checking special code
Applying bleed effect! Checking special code
Applying bleed effect! Checking special code
Applying bleed effect! Checking special code
Applying bleed effect! Checking special code
Applying bleed effect! Checking special code
Applying bleed effect! Checking special code
Applying bleed effect! Checking special code
Applying bleed effect! Checking special code
Applying bleed effect! Checking special code
Applying bleed effect! Checking special code
[ 267/700 ] WIN    27 turns   naruto, death, ken  vs  mikasa, arthur, adam
[ 268/700 ] WIN    23 turns   naruto, halibel, chrome  vs  vegeta, orihime, levi
[ 269/700 ] LOSS   18 turns   naruto, rimuru, muichiro  vs  ganta, sukuna, neferpitou
[ 270/700 ] WIN    64 turns   naruto, mami, eren  vs  esdeath, yoh, gallantmon
[ 271/700 ] LOSS   17 turns   naruto, shinoa, sukuna  vs  gon, toji, kuroko
[ 272/700 ] WIN    23 turns   naruto, esdeath, gallantmon  vs  lizandpatty, halibel, akame
[ 273/700 ] WIN    16 turns   naruto, astolfo, nimaiya  vs  esdeath, yuno, jack
[ 274/700 ] WIN    23 turns   naruto, asta, satsuki  vs  meliodas, neferpitou, astolfo
[ 275/700 ] LOSS   31 turns   naruto, broly, kurotsuchi  vs  midoriya, nezuko, nagisa
[ 276/700 ] LOSS   15 turns   naruto, goku, gilgamesh  vs  madoka, veldora, alphonse
[ 277/700 ] WIN    22 turns   naruto, cooler, gon  vs  tamaki, luffy, inuyasha
[ 278/700 ] WIN    30 turns   naruto, omnimon, orihime  vs  boruto, emiya, chrome
[ 279/700 ] WIN    14 turns   naruto, mine, megumi  vs  jack, halibel, lucy
Yubel's S1 Triggered!
Yubel's S1 Triggered!
[ 280/700 ] LOSS   18 turns   naruto, nonon, akame  vs  yubel, rimuru, seventeen
Applying bleed effect! Checking special code
[ 281/700 ] WIN    16 turns   naruto, gogeta, nimaiya  vs  sheele, minene, inosuke
Applying bleed effect! Checking special code
Applying bleed effect! Checking special code
[ 282/700 ] LOSS   35 turns   naruto, yoh, maka  vs  gunha, asta, denji
[ 283/700 ] WIN    20 turns   naruto, semiramis, hinata  vs  myotismon, gasai, squalo
Applying bleed effect! Checking special code
Applying bleed effect! Checking special code
[ 284/700 ] WIN    26 turns   naruto, cell, gatomon  vs  levi, zoro, power
Applying bleed effect! Checking special code
[ 285/700 ] WIN    52 turns   naruto, power, toudou  vs  cooler, yamamoto, genos
[ 286/700 ] WIN    26 turns   naruto, myotismon, blackwargreymon  vs  mikasa, impmon, goku
Applying bleed effect! Checking special code
Applying bleed effect! Checking special code
[ 287/700 ] WIN    19 turns   naruto, bakugo, tanjiro  vs  jeanne, orihime, king
[ 288/700 ] WIN    34 turns   naruto, nobara, levi  vs  gogeta, yuno, chrome
[ 289/700 ] WIN    26 turns   naruto, yuno, ganta  vs  natsu, cooler, uzui
[ 290/700 ] WIN    28 turns   naruto, yamamoto, midoriya  vs  hibari, mami, tokoyami
Applying bleed effect! Checking special code
Applying bleed effect! Checking special code
Applying bleed effect! Checking special code
Applying bleed effect! Checking special code
Applying bleed effect! Checking special code
Applying bleed effect! Checking special code
Applying bleed effect! Checking special code
[ 291/700 ] LOSS   36 turns   naruto, rakko, inuyasha  vs  gilgamesh, denji, ace
Applying bleed effect! Checking special code
Applying bleed effect! Checking special code
[ 292/700 ] WIN    20 turns   naruto, inosuke, alphonse  vs  kitara, erza, chrome
[ 293/700 ] WIN    24 turns   naruto, sakura, zenitsu  vs  ban, nezuko, mine
[ 294/700 ] WIN    26 turns   naruto, touka, yoh  vs  impmon, orihime, tatsumaki
[ 295/700 ] WIN    28 turns   naruto, nagisa, rob  vs  toudou, itachi, nonon
[ 296/700 ] LOSS   19 turns   naruto, rob, akame  vs  lizandpatty, korra, saber
[ 297/700 ] WIN    22 turns   naruto, marco, gogeta  vs  meliodas, arthur, killua
[ 298/700 ] LOSS   20 turns   naruto, tatsumaki, kaiba  vs  gasai, shiro, seventeen
[ 299/700 ] LOSS   40 turns   naruto, nonon, adam  vs  ryohei, ace, yamamoto
[ 300/700 ] WIN    18 turns   naruto, lyserg, madoka  vs  zoro, crona, hibari
[ 301/700 ] WIN    19 turns   naruto, ichibe, neferpitou  vs  jack, edward, meliodas
[ 302/700 ] LOSS   26 turns   naruto, tsuyu, squalo  vs  misaka, megumin, venus
[ 303/700 ] WIN    16 turns   naruto, shinra, maka  vs  ladydevimon, ryohei, zenitsu
[ 304/700 ] LOSS   14 turns   naruto, denji, jesse  vs  killua, gunha, touka
[ 305/700 ] WIN    20 turns   naruto, kurapika, emiya  vs  maka, yuji, tamaki
[ 306/700 ] WIN    19 turns   naruto, gasai, seventeen  vs  mikasa, venus, alphonse
[ 307/700 ] WIN    26 turns   naruto, madoka, lyserg  vs  goku, frieren, cooler
Applying bleed effect! Checking special code
Applying bleed effect! Checking special code
Applying bleed effect! Checking special code
Applying bleed effect! Checking special code
Applying bleed effect! Checking special code
Applying bleed effect! Checking special code
[ 308/700 ] WIN    26 turns   naruto, yubel, frieren  vs  saitama, rengoku, semiramis
[ 309/700 ] LOSS   16 turns   naruto, shinoa, sheele  vs  blackstar, seventeen, satsuki
[ 310/700 ] WIN    25 turns   naruto, gogeta, tamaki  vs  sasuke, uraraka, lyserg
[ 311/700 ] WIN    22 turns   naruto, yuno, asta  vs  uraraka, cell, chrome
Applying bleed effect! Checking special code
Applying bleed effect! Checking special code
[ 312/700 ] LOSS   18 turns   naruto, inosuke, emiya  vs  nagisa, shinra, gon
[ 313/700 ] WIN    19 turns   naruto, kurapika, neferpitou  vs  cooler, todoroki, ace
[ 314/700 ] WIN    23 turns   naruto, jinwoo, emiyaarcher  vs  korra, mami, ace
[ 315/700 ] LOSS   24 turns   naruto, horohoro, blackstar  vs  kuroko, gallantmon, ban
[ 316/700 ] LOSS   31 turns   naruto, tatsumaki, arthur  vs  gogeta, hawkmon, nel
Applying bleed effect! Checking special code
[ 317/700 ] WIN    30 turns   naruto, chrome, koro  vs  inosuke, nezuko, gilgamesh
[ 318/700 ] LOSS   44 turns   naruto, toji, korra  vs  toudou, gogeta, hinata
Applying bleed effect! Checking special code
Applying bleed effect! Checking special code
Applying bleed effect! Checking special code
Applying bleed effect! Checking special code
Applying bleed effect! Checking special code
Applying bleed effect! Checking special code
[ 319/700 ] LOSS   34 turns   naruto, blackstar, squalo  vs  gon, king, toudou
[ 320/700 ] LOSS   47 turns   naruto, diane, zenitsu  vs  gatomon, kaiba, nagisa
Applying bleed effect! Checking special code
Applying bleed effect! Checking special code
Applying bleed effect! Checking special code
Applying bleed effect! Checking special code
Applying bleed effect! Checking special code
[ 321/700 ] LOSS   32 turns   naruto, tsubaki, omnimon  vs  ken, toudou, asta
[ 322/700 ] WIN    18 turns   naruto, tatsumaki, genos  vs  jesse, gasai, power
Applying bleed effect! Checking special code
Applying bleed effect! Checking special code
Applying bleed effect! Checking special code
Applying bleed effect! Checking special code
[ 323/700 ] WIN    20 turns   naruto, jupiter, nagisa  vs  denji, todoroki, saber
[ 324/700 ] WIN    25 turns   naruto, esdeath, blackstar  vs  crona, touka, shinoa
Applying bleed effect! Checking special code
Applying bleed effect! Checking special code
Applying bleed effect! Checking special code
Applying bleed effect! Checking special code
Applying bleed effect! Checking special code
Applying bleed effect! Checking special code
[ 325/700 ] WIN    37 turns   naruto, toga, bakugo  vs  rengoku, edward, koro
[ 326/700 ] WIN    35 turns   naruto, esdeath, crona  vs  arthur, jupiter, kitara
[ 327/700 ] LOSS   22 turns   naruto, zenitsu, gogeta  vs  omnimon, neferpitou, ganta
[ 328/700 ] WIN    25 turns   naruto, jupiter, nagisa  vs  killua, toji, emiyaarcher
[ 329/700 ] WIN    14 turns   naruto, gon, genos  vs  midoriya, shiro, alphonse
[ 330/700 ] WIN    18 turns   naruto, jaden, tsunayoshi  vs  squalo, cell, shiro
[ 331/700 ] WIN    20 turns   naruto, impmon, cell  vs  yugi, esdeath, gallantmon
[ 332/700 ] WIN    22 turns   naruto, megumin, touka  vs  luffy, inuyasha, asta
[ 333/700 ] WIN    35 turns   naruto, veldora, uzui  vs  lyserg, toph, blackwargreymon
[ 334/700 ] WIN    27 turns   naruto, gogeta, uraraka  vs  emiyaarcher, luffy, esdeath
[ 335/700 ] WIN    20 turns   naruto, touka, uzui  vs  blackwargreymon, bakugo, aiohto
Applying bleed effect! Checking special code
[ 336/700 ] WIN    28 turns   naruto, tokoyami, nobara  vs  maka, diane, meliodas
Applying bleed effect! Checking special code
Applying bleed effect! Checking special code
Applying bleed effect! Checking special code
[ 337/700 ] WIN    31 turns   naruto, itachi, hawkmon  vs  muichiro, hinata, rakko
[ 338/700 ] WIN    26 turns   naruto, blackwargreymon, death  vs  kaiba, muichiro, ace
[ 339/700 ] LOSS   23 turns   naruto, pegasus, shinra  vs  saturn, gilgamesh, horohoro
Applying bleed effect! Checking special code
Applying bleed effect! Checking special code
Applying bleed effect! Checking special code
Applying bleed effect! Checking special code
Applying bleed effect! Checking special code
Applying bleed effect! Checking special code
[ 340/700 ] WIN    26 turns   naruto, vegeta, omnimon  vs  myotismon, rakko, shinoa
[ 341/700 ] LOSS   13 turns   naruto, tokoyami, midoriya  vs  edward, luffy, asta
[ 342/700 ] WIN    18 turns   naruto, soul, halibel  vs  hawkmon, impmon, meliodas
[ 343/700 ] LOSS   19 turns   naruto, ladydevimon, zenitsu  vs  soul, myotismon, noelle
[ 344/700 ] WIN    17 turns   naruto, shinra, machinedramon  vs  hinata, minene, toph
[ 345/700 ] WIN    23 turns   naruto, nagisa, sukuna  vs  aiohto, mash, blackwargreymon
Applying bleed effect! Checking special code
Applying bleed effect! Checking special code
Applying bleed effect! Checking special code
Applying bleed effect! Checking special code
Applying bleed effect! Checking special code
Applying bleed effect! Checking special code
Applying bleed effect! Checking special code
Applying bleed effect! Checking special code
Applying bleed effect! Checking special code
[ 346/700 ] WIN    22 turns   naruto, touka, mavis  vs  king, tanjiro, kitara
Applying bleed effect! Checking special code
Applying bleed effect! Checking special code
Applying bleed effect! Checking special code
Applying bleed effect! Checking special code
[ 347/700 ] LOSS   23 turns   naruto, nonon, boruto  vs  rakko, ladydevimon, king
[ 348/700 ] WIN    24 turns   naruto, inuyasha, eren  vs  sakura, byakuya, kaiba
Applying bleed effect! Checking special code
Applying bleed effect! Checking special code
Applying bleed effect! Checking special code
Applying bleed effect! Checking special code
Applying bleed effect! Checking special code
Applying bleed effect! Checking special code
Applying bleed effect! Checking special code
Applying bleed effect! Checking special code
Applying bleed effect! Checking special code
[ 349/700 ] WIN    32 turns   naruto, jupiter, veldora  vs  rengoku, death, megumi
[ 350/700 ] WIN    24 turns   naruto, hisoka, jack  vs  uraraka, madoka, kuroko
Applying bleed effect! Checking special code
Applying bleed effect! Checking special code
Applying bleed effect! Checking special code
Applying bleed effect! Checking special code
Applying bleed effect! Checking special code
[ 351/700 ] LOSS   18 turns   naruto, nimaiya, killua  vs  misaka, ken, crona
Applying bleed effect! Checking special code
Applying bleed effect! Checking special code
Applying bleed effect! Checking special code
Applying bleed effect! Checking special code
[ 352/700 ] LOSS   23 turns   naruto, astolfo, omnimon  vs  king, chrome, natsu
[ 353/700 ] LOSS   29 turns   naruto, venus, eren  vs  saitama, nagisa, yubel
[ 354/700 ] LOSS   20 turns   naruto, madoka, vegeta  vs  mars, yamamoto, nonon
[ 355/700 ] LOSS   30 turns   naruto, toph, sasuke  vs  byakuya, broly, jesse
[ 356/700 ] WIN    30 turns   naruto, marco, ryuko  vs  tsubasa, genos, misaka
[ 357/700 ] WIN    34 turns   naruto, broly, kid  vs  noelle, megumin, seventeen
[ 358/700 ] LOSS   21 turns   naruto, korra, sakura  vs  frankenstein, halibel, tokoyami
[ 359/700 ] WIN    17 turns   naruto, xanxus, jupiter  vs  omnimon, ichigo, kuroko
[ 360/700 ] LOSS   22 turns   naruto, xanxus, gray  vs  megumi, semiramis, ryuko
[ 361/700 ] LOSS   20 turns   naruto, emiya, uraraka  vs  neferpitou, koro, zoro
Applying bleed effect! Checking special code
[ 362/700 ] WIN    20 turns   naruto, xanxus, jack  vs  ace, meliodas, power
[ 363/700 ] WIN    22 turns   naruto, blackstar, ladydevimon  vs  itachi, pegasus, toji
[ 364/700 ] WIN    19 turns   naruto, astolfo, satsuki  vs  veldora, rakko, kid
Applying bleed effect! Checking special code
Applying bleed effect! Checking special code
Applying bleed effect! Checking special code
Applying bleed effect! Checking special code
Applying bleed effect! Checking special code
Applying bleed effect! Checking special code
[ 365/700 ] WIN    23 turns   naruto, mercury, jupiter  vs  tsuyu, king, gatomon
[ 366/700 ] WIN    13 turns   naruto, frieren, jack  vs  mami, inuyasha, diane
[ 367/700 ] LOSS   26 turns   naruto, koro, broly  vs  gallantmon, natsu, emiya
[ 368/700 ] WIN    21 turns   naruto, mami, broly  vs  jeanne, muichiro, jinwoo
[ 369/700 ] WIN    22 turns   naruto, toudou, ryuko  vs  ganta, jinwoo, crona
[ 370/700 ] WIN    17 turns   naruto, cooler, mine  vs  sukuna, hibari, todoroki
Applying bleed effect! Checking special code
Applying bleed effect! Checking special code
Applying bleed effect! Checking special code
[ 371/700 ] WIN    19 turns   naruto, ryohei, rakko  vs  blackstar, zenitsu, diane
[ 372/700 ] WIN    19 turns   naruto, kid, cooler  vs  gohan, kurapika, akame
Applying bleed effect! Checking special code
Applying bleed effect! Checking special code
Applying bleed effect! Checking special code
Applying bleed effect! Checking special code
Applying bleed effect! Checking special code
Applying bleed effect! Checking special code
[ 373/700 ] LOSS   18 turns   naruto, ken, machinedramon  vs  frankenstein, luffy, zenitsu
[ 374/700 ] WIN    12 turns   naruto, toji, myotismon  vs  adam, ganta, ban
[ 375/700 ] WIN    16 turns   naruto, toji, lizandpatty  vs  tanjiro, sukuna, hibari
[ 376/700 ] LOSS   17 turns   naruto, sasuke, halibel  vs  astolfo, ace, kaiba
[ 377/700 ] LOSS   33 turns   naruto, jesse, natsu  vs  gallantmon, veldora, mami
Applying bleed effect! Checking special code
Applying bleed effect! Checking special code
Applying bleed effect! Checking special code
Applying bleed effect! Checking special code
[ 378/700 ] LOSS   29 turns   naruto, ichibe, tsubaki  vs  denji, mars, itachi
[ 379/700 ] WIN    23 turns   naruto, shinra, bakugo  vs  hawkmon, mami, hinata
[ 380/700 ] LOSS   26 turns   naruto, alphamon, tanjiro  vs  megumi, sukuna, todoroki
[ 381/700 ] WIN    22 turns   naruto, yuno, killua  vs  rimuru, hibari, nezuko
Applying bleed effect! Checking special code
Applying bleed effect! Checking special code
Applying bleed effect! Checking special code
Applying bleed effect! Checking special code
[ 382/700 ] WIN    22 turns   naruto, rengoku, ken  vs  vegeta, cooler, machinedramon
[ 383/700 ] WIN    13 turns   naruto, ladydevimon, meliodas  vs  mash, jinwoo, inuyasha
[ 384/700 ] WIN    30 turns   naruto, tamaki, muichiro  vs  horohoro, hisoka, esdeath
Applying bleed effect! Checking special code
Applying bleed effect! Checking special code
Applying bleed effect! Checking special code
[ 385/700 ] WIN    20 turns   naruto, king, sakura  vs  shiro, akame, midoriya
[ 386/700 ] WIN    36 turns   naruto, sheele, hashirama  vs  zoro, mercury, emiya
Applying bleed effect! Checking special code
Applying bleed effect! Checking special code
[ 387/700 ] WIN    35 turns   naruto, rengoku, blackstar  vs  sayaka, todoroki, rob
[ 388/700 ] LOSS   21 turns   naruto, tatsumaki, omnimon  vs  nimaiya, yuji, kid
Applying bleed effect! Checking special code
Applying bleed effect! Checking special code
Applying bleed effect! Checking special code
Applying bleed effect! Checking special code
[ 389/700 ] WIN    18 turns   naruto, esdeath, vegeta  vs  akame, king, horohoro
[ 390/700 ] WIN    16 turns   naruto, saturn, tsunayoshi  vs  megumi, koro, megumin
[ 391/700 ] LOSS   23 turns   naruto, misaka, ganta  vs  kuroko, emiya, toji
[ 392/700 ] LOSS   12 turns   naruto, ace, machinedramon  vs  vegeta, alphamon, halibel
Applying bleed effect! Checking special code
Applying bleed effect! Checking special code
Applying bleed effect! Checking special code
[ 393/700 ] LOSS   26 turns   naruto, mikasa, ichibe  vs  sayaka, midoriya, power
[ 394/700 ] WIN    15 turns   naruto, satsuki, todoroki  vs  inosuke, tsuyu, mami
[ 395/700 ] WIN    16 turns   naruto, tamaki, esdeath  vs  toga, ganta, sheele
Applying bleed effect! Checking special code
Applying bleed effect! Checking special code
[ 396/700 ] LOSS   24 turns   naruto, jaden, byakuya  vs  madoka, hashirama, denji
[ 397/700 ] LOSS   32 turns   naruto, toph, ban  vs  lizandpatty, veldora, gohan
[ 398/700 ] LOSS   28 turns   naruto, rimuru, impmon  vs  hashirama, usopp, hinata
[ 399/700 ] LOSS   21 turns   naruto, edward, sheele  vs  misaka, satsuki, rakko
[ 400/700 ] LOSS   47 turns   naruto, chrome, minene  vs  gray, kid, diane
[ 401/700 ] LOSS   22 turns   naruto, maka, venus  vs  esdeath, alphonse, neferpitou
[ 402/700 ] WIN    14 turns   naruto, ganta, hashirama  vs  muichiro, gatomon, natsu
[ 403/700 ] WIN    18 turns   naruto, muichiro, mars  vs  gohan, jeanne, gatomon
[ 404/700 ] WIN    24 turns   naruto, yugi, blackstar  vs  eren, zenitsu, allmight
Applying bleed effect! Checking special code
Applying bleed effect! Checking special code
Applying bleed effect! Checking special code
Applying bleed effect! Checking special code
[ 405/700 ] WIN    25 turns   naruto, rakko, yamamoto  vs  jesse, omnimon, jaden
[ 406/700 ] LOSS   18 turns   naruto, ganta, frankenstein  vs  bakugo, alphamon, pegasus
[ 407/700 ] WIN    25 turns   naruto, nimaiya, toji  vs  yamamoto, jeanne, touka
[ 408/700 ] WIN    16 turns   naruto, nimaiya, eren  vs  ban, kurotsuchi, sayaka
[ 409/700 ] WIN    29 turns   naruto, uzui, ichibe  vs  muichiro, shokuhou, bakugo
[ 410/700 ] WIN    16 turns   naruto, tatsumi, jaden  vs  ban, mercury, crona
Applying bleed effect! Checking special code
Applying bleed effect! Checking special code
Applying bleed effect! Checking special code
[ 411/700 ] LOSS   26 turns   naruto, tanjiro, muichiro  vs  nonon, arthur, denji
[ 412/700 ] WIN    18 turns   naruto, gon, zoro  vs  tsubasa, touka, tsuyu
Applying bleed effect! Checking special code
[ 413/700 ] LOSS   15 turns   naruto, yuji, akame  vs  midoriya, inosuke, zenitsu
Applying bleed effect! Checking special code
Applying bleed effect! Checking special code
Applying bleed effect! Checking special code
Applying bleed effect! Checking special code
Applying bleed effect! Checking special code
Applying bleed effect! Checking special code
Applying bleed effect! Checking special code
Applying bleed effect! Checking special code
Applying bleed effect! Checking special code
[ 414/700 ] LOSS   21 turns   naruto, meliodas, zenitsu  vs  impmon, king, yugi
Yubel's S1 Triggered!
[ 415/700 ] LOSS   14 turns   naruto, nobara, yubel  vs  sheele, madoka, kuroko
[ 416/700 ] WIN    21 turns   naruto, mercury, chrome  vs  erza, gray, nel
[ 417/700 ] LOSS   18 turns   naruto, kid, shokuhou  vs  tatsumaki, mash, natsu
Applying bleed effect! Checking special code
Applying bleed effect! Checking special code
Applying bleed effect! Checking special code
Applying bleed effect! Checking special code
Applying bleed effect! Checking special code
[ 418/700 ] WIN    24 turns   naruto, asta, death  vs  rengoku, denji, maka
[ 419/700 ] WIN    36 turns   naruto, saitama, hinata  vs  tsubasa, adam, tokoyami
[ 420/700 ] WIN    28 turns   naruto, gogeta, kurapika  vs  shinoa, pegasus, mine
[ 421/700 ] WIN    42 turns   naruto, mercury, saber  vs  megumin, esdeath, power
[ 422/700 ] LOSS   17 turns   naruto, todoroki, ryuko  vs  frieren, halibel, gunha
[ 423/700 ] WIN    16 turns   naruto, blackstar, broly  vs  yamamoto, uzui, mami
[ 424/700 ] LOSS   15 turns   naruto, pegasus, sheele  vs  todoroki, alphamon, king
[ 425/700 ] WIN    24 turns   naruto, noelle, diane  vs  adam, nonon, ichigo
Applying bleed effect! Checking special code
Applying bleed effect! Checking special code
Applying bleed effect! Checking special code
[ 426/700 ] LOSS   16 turns   naruto, power, semiramis  vs  ichibe, hisoka, astolfo
[ 427/700 ] WIN    31 turns   naruto, death, tanjiro  vs  emiya, gallantmon, usopp
[ 428/700 ] LOSS   19 turns   naruto, aang, goku  vs  jeanne, megumi, alphamon
[ 429/700 ] WIN    22 turns   naruto, semiramis, mash  vs  jinwoo, saber, hawkmon
[ 430/700 ] WIN    19 turns   naruto, hashirama, lizandpatty  vs  nagisa, rob, bakugo
Yubel's S1 Triggered!
Yubel's S1 Triggered!
Yubel's S1 Triggered!
[ 431/700 ] WIN    28 turns   naruto, megumi, lucy  vs  yubel, crona, kid
[ 432/700 ] WIN    38 turns   naruto, midoriya, adam  vs  gasai, inuyasha, saber
[ 433/700 ] WIN    28 turns   naruto, renamon, tatsumi  vs  jupiter, ban, tsubasa
[ 434/700 ] LOSS   18 turns   naruto, esdeath, soul  vs  ryohei, omnimon, satsuki
Applying bleed effect! Checking special code
Applying bleed effect! Checking special code
Applying bleed effect! Checking special code
Applying bleed effect! Checking special code
Applying bleed effect! Checking special code
Applying bleed effect! Checking special code
[ 435/700 ] LOSS   28 turns   naruto, orihime, kurotsuchi  vs  yugi, rakko, soul
Applying bleed effect! Checking special code
Applying bleed effect! Checking special code
Applying bleed effect! Checking special code
Applying bleed effect! Checking special code
Applying bleed effect! Checking special code
Applying bleed effect! Checking special code
[ 436/700 ] LOSS   19 turns   naruto, tamaki, emiyaarcher  vs  chrome, ken, astolfo
[ 437/700 ] LOSS   22 turns   naruto, kuroko, megumin  vs  shiro, hashirama, ryohei
Applying bleed effect! Checking special code
[ 438/700 ] WIN    17 turns   naruto, yugi, nimaiya  vs  diane, minene, veldora
[ 439/700 ] WIN    49 turns   naruto, toudou, kid  vs  sakura, muichiro, jeanne
[ 440/700 ] LOSS   23 turns   naruto, levi, diane  vs  xanxus, eren, esdeath
[ 441/700 ] LOSS   27 turns   naruto, aiohto, edward  vs  ladydevimon, tatsumaki, tanjiro
[ 442/700 ] WIN    21 turns   naruto, broly, squalo  vs  ryohei, veldora, tsunayoshi
[ 443/700 ] WIN    43 turns   naruto, yubel, muichiro  vs  xanxus, pegasus, hawkmon
Applying bleed effect! Checking special code
Applying bleed effect! Checking special code
Applying bleed effect! Checking special code
Applying bleed effect! Checking special code
Applying bleed effect! Checking special code
Applying bleed effect! Checking special code
Applying bleed effect! Checking special code
Applying bleed effect! Checking special code
Applying bleed effect! Checking special code
[ 444/700 ] LOSS   17 turns   naruto, sakura, madoka  vs  inuyasha, king, tokoyami
Applying bleed effect! Checking special code
[ 445/700 ] LOSS   24 turns   naruto, squalo, ace  vs  boruto, power, frieren
[ 446/700 ] LOSS   16 turns   naruto, tsubaki, gogeta  vs  adam, bakugo, goku
[ 447/700 ] WIN    24 turns   naruto, broly, ryohei  vs  levi, lyserg, koro
[ 448/700 ] WIN    28 turns   naruto, toph, tokoyami  vs  natsu, sheele, itachi
[ 449/700 ] LOSS   31 turns   naruto, chrome, yubel  vs  ryohei, semiramis, veldora
[ 450/700 ] WIN    26 turns   naruto, akame, squalo  vs  kitara, cell, byakuya
[ 451/700 ] WIN    30 turns   naruto, levi, nonon  vs  natsu, alphonse, rimuru
[ 452/700 ] WIN    16 turns   naruto, levi, chrome  vs  crona, yoh, sakura
[ 453/700 ] WIN    40 turns   naruto, gallantmon, orihime  vs  tsubaki, aang, vegeta
[ 454/700 ] WIN    20 turns   naruto, megumin, saitama  vs  gogeta, luffy, sasuke
[ 455/700 ] WIN    28 turns   naruto, jinwoo, frieren  vs  yoh, gallantmon, tamaki
[ 456/700 ] WIN    18 turns   naruto, frieren, orihime  vs  gojo, yuji, meliodas
Applying bleed effect! Checking special code
Applying bleed effect! Checking special code
Applying bleed effect! Checking special code
Applying bleed effect! Checking special code
Applying bleed effect! Checking special code
Applying bleed effect! Checking special code
Applying bleed effect! Checking special code
Applying bleed effect! Checking special code
Applying bleed effect! Checking special code
[ 457/700 ] LOSS   12 turns   naruto, toji, broly  vs  king, mavis, meliodas
[ 458/700 ] LOSS   42 turns   naruto, ace, mami  vs  yugi, tsuyu, ichibe
[ 459/700 ] WIN    11 turns   naruto, alphamon, saber  vs  tatsumaki, sakura, jeanne
[ 460/700 ] WIN    22 turns   naruto, myotismon, tsubasa  vs  bakugo, sasuke, shiro
[ 461/700 ] WIN    22 turns   naruto, gojo, yuji  vs  impmon, yuno, ace
Applying bleed effect! Checking special code
Applying bleed effect! Checking special code
Applying bleed effect! Checking special code
[ 462/700 ] LOSS   18 turns   naruto, power, gasai  vs  ryohei, meliodas, aang
[ 463/700 ] WIN    20 turns   naruto, itachi, ace  vs  byakuya, gogeta, inosuke
[ 464/700 ] LOSS   24 turns   naruto, satsuki, myotismon  vs  broly, mine, cooler
[ 465/700 ] WIN    21 turns   naruto, halibel, astolfo  vs  blackstar, yugi, ichibe
[ 466/700 ] LOSS   25 turns   naruto, cooler, lyserg  vs  crona, touka, lizandpatty
[ 467/700 ] WIN    25 turns   naruto, ichibe, kitara  vs  nobara, ban, shiro
Applying bleed effect! Checking special code
Applying bleed effect! Checking special code
[ 468/700 ] WIN    35 turns   naruto, diane, veldora  vs  frankenstein, uraraka, toga
[ 469/700 ] WIN    20 turns   naruto, natsu, gallantmon  vs  kaiba, lucy, alphonse
[ 470/700 ] WIN    20 turns   naruto, saitama, vegeta  vs  nimaiya, tamaki, gunha
[ 471/700 ] WIN    24 turns   naruto, ladydevimon, midoriya  vs  misaka, shinra, nagisa
[ 472/700 ] WIN    16 turns   naruto, hashirama, venus  vs  uranus, impmon, nagisa
Applying bleed effect! Checking special code
Applying bleed effect! Checking special code
Applying bleed effect! Checking special code
[ 473/700 ] LOSS   50 turns   naruto, denji, rimuru  vs  mine, gilgamesh, toji
[ 474/700 ] WIN    21 turns   naruto, zoro, gon  vs  seventeen, touka, kid
[ 475/700 ] WIN    29 turns   naruto, neferpitou, asta  vs  todoroki, yamamoto, squalo
Yubel's S1 Triggered!
Yubel's S1 Triggered!
[ 476/700 ] WIN    27 turns   naruto, yubel, cell  vs  yuno, zoro, nel
Applying bleed effect! Checking special code
Applying bleed effect! Checking special code
[ 477/700 ] LOSS   18 turns   naruto, asta, jesse  vs  inosuke, frieren, gunha
[ 478/700 ] WIN    32 turns   naruto, toji, uraraka  vs  blackstar, mars, uranus
[ 479/700 ] LOSS   30 turns   naruto, gunha, kurapika  vs  squalo, pegasus, aang
Applying bleed effect! Checking special code
Applying bleed effect! Checking special code
Applying bleed effect! Checking special code
Applying bleed effect! Checking special code
Applying bleed effect! Checking special code
Applying bleed effect! Checking special code
Applying bleed effect! Checking special code
[ 480/700 ] LOSS   16 turns   naruto, gray, ichigo  vs  rimuru, ken, meliodas
[ 481/700 ] WIN    16 turns   naruto, seventeen, tamaki  vs  gunha, omnimon, hashirama
[ 482/700 ] WIN    30 turns   naruto, korra, saturn  vs  misaka, zoro, yamamoto
[ 483/700 ] WIN    16 turns   naruto, lucy, nobara  vs  shiro, toji, midoriya
[ 484/700 ] WIN    17 turns   naruto, gilgamesh, broly  vs  tamaki, gon, korra
Applying bleed effect! Checking special code
Applying bleed effect! Checking special code
Applying bleed effect! Checking special code
Applying bleed effect! Checking special code
[ 485/700 ] WIN    36 turns   naruto, noelle, zenitsu  vs  emiya, yugi, rengoku
[ 486/700 ] WIN    31 turns   naruto, shokuhou, kitara  vs  gohan, renamon, death
[ 487/700 ] LOSS   14 turns   naruto, blackwargreymon, akame  vs  meliodas, gunha, alphonse
Applying bleed effect! Checking special code
Applying bleed effect! Checking special code
Applying bleed effect! Checking special code
Yubel's S1 Triggered!
Applying bleed effect! Checking special code
Yubel's S1 Triggered!
Applying bleed effect! Checking special code
Yubel's S1 Triggered!
[ 488/700 ] LOSS   35 turns   naruto, pegasus, yubel  vs  saturn, power, tsubaki
[ 489/700 ] WIN    39 turns   naruto, megumin, yuno  vs  vegeta, jeanne, sukuna
Applying bleed effect! Checking special code
Applying bleed effect! Checking special code
Applying bleed effect! Checking special code
[ 490/700 ] WIN    27 turns   naruto, emiya, boruto  vs  denji, xanxus, hashirama
[ 491/700 ] LOSS   19 turns   naruto, ichibe, lucy  vs  machinedramon, megumi, tanjiro
[ 492/700 ] LOSS   24 turns   naruto, ace, touka  vs  jupiter, tatsumaki, mine
[ 493/700 ] LOSS   21 turns   naruto, venus, korra  vs  machinedramon, nel, shokuhou
[ 494/700 ] LOSS   26 turns   naruto, ace, saitama  vs  yamamoto, ganta, uzui
[ 495/700 ] LOSS   26 turns   naruto, megumi, blackwargreymon  vs  adam, tsunayoshi, sasuke
[ 496/700 ] WIN    40 turns   naruto, yamamoto, killua  vs  shiro, ace, aang
[ 497/700 ] WIN    12 turns   naruto, gasai, killua  vs  sasuke, venus, yoh
[ 498/700 ] LOSS   20 turns   naruto, halibel, maka  vs  broly, neferpitou, saturn
Applying bleed effect! Checking special code
Applying bleed effect! Checking special code
Applying bleed effect! Checking special code
Applying bleed effect! Checking special code
Applying bleed effect! Checking special code
Applying bleed effect! Checking special code
Applying bleed effect! Checking special code
Applying bleed effect! Checking special code
[ 499/700 ] LOSS   17 turns   naruto, ken, saturn  vs  rakko, edward, astolfo
[ 500/700 ] LOSS   28 turns   naruto, gohan, yamamoto  vs  gatomon, megumin, sukuna
[ 501/700 ] WIN    27 turns   naruto, itachi, levi  vs  tanjiro, saber, mikasa
[ 502/700 ] LOSS   19 turns   naruto, hibari, horohoro  vs  aiohto, sakura, esdeath
[ 503/700 ] WIN    21 turns   naruto, squalo, saber  vs  noelle, lizandpatty, mine
[ 504/700 ] WIN    17 turns   naruto, levi, seventeen  vs  vegeta, mami, shiro
[ 505/700 ] LOSS   30 turns   naruto, lyserg, emiya  vs  hinata, lucy, megumi
[ 506/700 ] WIN    18 turns   naruto, seventeen, mercury  vs  jesse, levi, yuji
[ 507/700 ] LOSS   22 turns   naruto, korra, bakugo  vs  tsunayoshi, frieren, orihime
[ 508/700 ] LOSS   29 turns   naruto, mami, sheele  vs  toji, mash, xanxus
[ 509/700 ] LOSS   16 turns   naruto, shinoa, impmon  vs  tanjiro, aiohto, alphamon
[ 510/700 ] WIN    46 turns   naruto, kitara, tsubasa  vs  nonon, toga, aiohto
[ 511/700 ] LOSS   23 turns   naruto, mine, madoka  vs  toph, jaden, ace
[ 512/700 ] WIN    23 turns   naruto, byakuya, gojo  vs  pegasus, midoriya, arthur
[ 513/700 ] LOSS   20 turns   naruto, shinoa, gasai  vs  ichibe, frankenstein, tatsumaki
[ 514/700 ] LOSS   19 turns   naruto, toph, hisoka  vs  sukuna, yuno, vegeta
Applying bleed effect! Checking special code
[ 515/700 ] LOSS   20 turns   naruto, lyserg, denji  vs  ace, vegeta, saitama
[ 516/700 ] LOSS   16 turns   naruto, kuroko, gon  vs  emiyaarcher, meliodas, edward
[ 517/700 ] WIN    15 turns   naruto, nimaiya, frankenstein  vs  genos, machinedramon, hisoka
[ 518/700 ] LOSS   29 turns   naruto, gray, veldora  vs  akame, shinra, astolfo
[ 519/700 ] LOSS   21 turns   naruto, uraraka, toji  vs  minene, mercury, tamaki
[ 520/700 ] WIN    26 turns   naruto, lyserg, killua  vs  yuji, semiramis, lizandpatty
[ 521/700 ] WIN    17 turns   naruto, nagisa, tatsumi  vs  ganta, nonon, chrome
[ 522/700 ] WIN    19 turns   naruto, cooler, gunha  vs  ace, tatsumaki, frankenstein
[ 523/700 ] LOSS   16 turns   naruto, ryohei, tsubaki  vs  boruto, soul, madoka
[ 524/700 ] LOSS   13 turns   naruto, zenitsu, shiro  vs  inosuke, satsuki, yugi
[ 525/700 ] WIN    23 turns   naruto, megumi, nagisa  vs  tsubasa, boruto, ganta
[ 526/700 ] WIN    25 turns   naruto, astolfo, gojo  vs  mavis, toga, nobara
[ 527/700 ] LOSS   25 turns   naruto, toph, ichigo  vs  gallantmon, cell, blackwargreymon
[ 528/700 ] WIN    19 turns   naruto, cell, emiya  vs  sayaka, xanxus, halibel
[ 529/700 ] WIN    26 turns   naruto, tanjiro, midoriya  vs  lucy, mami, sasuke
[ 530/700 ] LOSS   15 turns   naruto, korra, muichiro  vs  renamon, frieren, uzui
[ 531/700 ] LOSS   38 turns   naruto, jeanne, sasuke  vs  muichiro, kitara, lizandpatty
Applying bleed effect! Checking special code
Applying bleed effect! Checking special code
Applying bleed effect! Checking special code
[ 532/700 ] WIN    18 turns   naruto, power, saber  vs  aang, allmight, inosuke
[ 533/700 ] WIN    26 turns   naruto, lucy, astolfo  vs  sasuke, jesse, tsubaki
[ 534/700 ] LOSS   27 turns   naruto, jesse, ryuko  vs  eren, noelle, gasai
[ 535/700 ] WIN    20 turns   naruto, myotismon, gunha  vs  aiohto, genos, jesse
[ 536/700 ] WIN    21 turns   naruto, tsubaki, megumi  vs  yugi, saber, lyserg
Applying bleed effect! Checking special code
[ 537/700 ] LOSS   27 turns   naruto, power, mine  vs  toji, saturn, ban
[ 538/700 ] WIN    19 turns   naruto, rimuru, nobara  vs  mami, akame, esdeath
[ 539/700 ] LOSS   25 turns   naruto, mami, kurotsuchi  vs  aang, gallantmon, nobara
[ 540/700 ] WIN    23 turns   naruto, zoro, gunha  vs  gatomon, cooler, veldora
[ 541/700 ] WIN    30 turns   naruto, ryuko, toph  vs  ichigo, hashirama, uzui
[ 542/700 ] WIN    27 turns   naruto, saturn, renamon  vs  gunha, gojo, chrome
Yubel's S1 Triggered!
[ 543/700 ] WIN    22 turns   naruto, broly, tatsumaki  vs  frieren, koro, yubel
Yubel's S1 Triggered!
[ 544/700 ] WIN    18 turns   naruto, yubel, mavis  vs  sayaka, esdeath, goku
[ 545/700 ] WIN    15 turns   naruto, mikasa, sayaka  vs  impmon, inuyasha, seventeen
[ 546/700 ] LOSS   12 turns   naruto, maka, veldora  vs  myotismon, ganta, frankenstein
[ 547/700 ] LOSS   34 turns   naruto, rimuru, minene  vs  tatsumi, death, zoro
Applying bleed effect! Checking special code
Applying bleed effect! Checking special code
Applying bleed effect! Checking special code
Applying bleed effect! Checking special code
Applying bleed effect! Checking special code
Applying bleed effect! Checking special code
Applying bleed effect! Checking special code
Applying bleed effect! Checking special code
[ 548/700 ] WIN    16 turns   naruto, king, yubel  vs  mikasa, hawkmon, tsubaki
[ 549/700 ] WIN    21 turns   naruto, saber, toudou  vs  orihime, sukuna, akame
[ 550/700 ] WIN    35 turns   naruto, gunha, venus  vs  tanjiro, nobara, shiro
[ 551/700 ] LOSS   25 turns   naruto, gallantmon, bakugo  vs  eren, jeanne, astolfo
[ 552/700 ] WIN    13 turns   naruto, touka, todoroki  vs  tamaki, veldora, tatsumi
[ 553/700 ] LOSS   18 turns   naruto, jeanne, yuji  vs  jack, halibel, nagisa
[ 554/700 ] LOSS   23 turns   naruto, sasuke, saber  vs  rengoku, shinra, saturn
Applying bleed effect! Checking special code
[ 555/700 ] WIN    20 turns   naruto, mercury, ryohei  vs  power, shiro, tatsumaki
Applying bleed effect! Checking special code
[ 556/700 ] LOSS   23 turns   naruto, mavis, akame  vs  gon, inosuke, semiramis
[ 557/700 ] LOSS   19 turns   naruto, nagisa, tokoyami  vs  jupiter, uraraka, madoka
[ 558/700 ] LOSS   25 turns   naruto, inuyasha, killua  vs  lucy, ban, semiramis
[ 559/700 ] WIN    17 turns   naruto, jupiter, gon  vs  shinoa, shiro, mami
[ 560/700 ] WIN    16 turns   naruto, horohoro, alphamon  vs  bakugo, sayaka, toudou
[ 561/700 ] WIN    45 turns   naruto, levi, kitara  vs  rob, gunha, shinra
[ 562/700 ] LOSS   23 turns   naruto, mars, impmon  vs  kaiba, astolfo, saturn
[ 563/700 ] WIN    30 turns   naruto, gasai, kid  vs  orihime, erza, luffy
[ 564/700 ] WIN    20 turns   naruto, tatsumaki, neferpitou  vs  nobara, levi, alphonse
[ 565/700 ] WIN    27 turns   naruto, nagisa, alphonse  vs  arthur, hisoka, tatsumi
Applying bleed effect! Checking special code
[ 566/700 ] LOSS   24 turns   naruto, tsuyu, yoh  vs  alphonse, diane, blackstar
[ 567/700 ] LOSS   18 turns   naruto, tokoyami, minene  vs  hashirama, gallantmon, frieren
[ 568/700 ] WIN    14 turns   naruto, mikasa, yuji  vs  toji, yugi, emiya
[ 569/700 ] WIN    26 turns   naruto, sakura, blackstar  vs  eren, misaka, alphonse
[ 570/700 ] WIN    15 turns   naruto, vegeta, eren  vs  zenitsu, saber, gatomon
[ 571/700 ] WIN    20 turns   naruto, venus, saber  vs  death, levi, gogeta
[ 572/700 ] LOSS   28 turns   naruto, renamon, gasai  vs  mikasa, tatsumi, cell
[ 573/700 ] WIN    19 turns   naruto, hinata, kuroko  vs  toji, impmon, inuyasha
[ 574/700 ] WIN    24 turns   naruto, kuroko, nagisa  vs  machinedramon, hibari, aiohto
[ 575/700 ] WIN    24 turns   naruto, sakura, meliodas  vs  blackwargreymon, muichiro, gray
[ 576/700 ] LOSS   47 turns   naruto, yamamoto, ryuko  vs  natsu, ace, yugi
[ 577/700 ] WIN    42 turns   naruto, ryuko, noelle  vs  bakugo, jeanne, yugi
[ 578/700 ] WIN    20 turns   naruto, shinoa, omnimon  vs  toga, hisoka, sukuna
[ 579/700 ] WIN    16 turns   naruto, hibari, ace  vs  misaka, toji, todoroki
[ 580/700 ] WIN    14 turns   naruto, crona, neferpitou  vs  kitara, jinwoo, emiya
Applying bleed effect! Checking special code
[ 581/700 ] WIN    19 turns   naruto, power, sasuke  vs  byakuya, uraraka, lyserg
Applying bleed effect! Checking special code
Applying bleed effect! Checking special code
Applying bleed effect! Checking special code
[ 582/700 ] WIN    20 turns   naruto, power, denji  vs  jeanne, rob, mars
[ 583/700 ] LOSS   24 turns   naruto, lizandpatty, jinwoo  vs  uzui, lucy, natsu
[ 584/700 ] WIN    29 turns   naruto, crona, mami  vs  kaiba, mercury, vegeta
[ 585/700 ] LOSS   20 turns   naruto, ichibe, toga  vs  jupiter, madoka, hisoka
[ 586/700 ] LOSS   30 turns   naruto, hibari, ichibe  vs  uraraka, misaka, luffy
[ 587/700 ] LOSS   26 turns   naruto, frankenstein, halibel  vs  emiyaarcher, hashirama, blackwargreymon
[ 588/700 ] WIN    23 turns   naruto, esdeath, edward  vs  tsubasa, jinwoo, mavis
[ 589/700 ] WIN    36 turns   naruto, alphonse, venus  vs  natsu, cooler, boruto
Applying bleed effect! Checking special code
Applying bleed effect! Checking special code
[ 590/700 ] WIN    17 turns   naruto, kurotsuchi, shiro  vs  tsubaki, power, jack
[ 591/700 ] WIN    17 turns   naruto, sheele, saitama  vs  mami, goku, mine
[ 592/700 ] LOSS   14 turns   naruto, tatsumi, byakuya  vs  uzui, eren, madoka
[ 593/700 ] LOSS   16 turns   naruto, shiro, jesse  vs  toji, gunha, lizandpatty
[ 594/700 ] WIN    25 turns   naruto, koro, megumi  vs  ken, gohan, ichigo
Applying bleed effect! Checking special code
[ 595/700 ] WIN    16 turns   naruto, saber, boruto  vs  ace, rengoku, genos
[ 596/700 ] LOSS   17 turns   naruto, gallantmon, mami  vs  asta, soul, kitara
[ 597/700 ] WIN    27 turns   naruto, lucy, maka  vs  vegeta, kaiba, erza
[ 598/700 ] LOSS   26 turns   naruto, lizandpatty, yugi  vs  levi, arthur, zenitsu
Applying bleed effect! Checking special code
[ 599/700 ] WIN    34 turns   naruto, diane, sasuke  vs  uzui, toudou, levi
[ 600/700 ] WIN    22 turns   naruto, saitama, tamaki  vs  edward, boruto, megumi
Applying bleed effect! Checking special code
Applying bleed effect! Checking special code
Applying bleed effect! Checking special code
[ 601/700 ] WIN    41 turns   naruto, hibari, killua  vs  hawkmon, inosuke, frieren
Applying bleed effect! Checking special code
[ 602/700 ] WIN    30 turns   naruto, king, levi  vs  ichibe, maka, kid
Applying bleed effect! Checking special code
Applying bleed effect! Checking special code
[ 603/700 ] WIN    28 turns   naruto, blackwargreymon, zenitsu  vs  rengoku, tokoyami, misaka
[ 604/700 ] WIN    22 turns   naruto, frankenstein, erza  vs  luffy, omnimon, hawkmon
[ 605/700 ] LOSS   15 turns   naruto, mash, kurapika  vs  asta, mami, satsuki
Applying bleed effect! Checking special code
[ 606/700 ] WIN    17 turns   naruto, kaiba, mash  vs  tatsumaki, inosuke, sayaka
[ 607/700 ] LOSS   18 turns   naruto, tatsumaki, zenitsu  vs  soul, tatsumi, tokoyami
[ 608/700 ] LOSS   25 turns   naruto, tanjiro, tsunayoshi  vs  genos, kuroko, lizandpatty
Applying bleed effect! Checking special code
[ 609/700 ] LOSS   16 turns   naruto, inosuke, zoro  vs  tatsumaki, cell, genos
[ 610/700 ] LOSS   24 turns   naruto, hibari, kuroko  vs  uzui, inuyasha, gon
[ 611/700 ] WIN    26 turns   naruto, ichibe, midoriya  vs  rakko, jesse, saturn
[ 612/700 ] LOSS   17 turns   naruto, allmight, mine  vs  gilgamesh, saturn, broly
Applying bleed effect! Checking special code
Applying bleed effect! Checking special code
Applying bleed effect! Checking special code
[ 613/700 ] WIN    22 turns   naruto, lucy, rengoku  vs  goku, ladydevimon, lyserg
[ 614/700 ] WIN    25 turns   naruto, tsubaki, toji  vs  edward, sukuna, tsunayoshi
Applying bleed effect! Checking special code
Applying bleed effect! Checking special code
[ 615/700 ] WIN    41 turns   naruto, midoriya, madoka  vs  power, broly, denji
Applying bleed effect! Checking special code
Applying bleed effect! Checking special code
[ 616/700 ] WIN    53 turns   naruto, gallantmon, frankenstein  vs  eren, power, alphonse
[ 617/700 ] WIN    25 turns   naruto, natsu, veldora  vs  sasuke, ban, lyserg
[ 618/700 ] LOSS   24 turns   naruto, tsuyu, nobara  vs  tamaki, toudou, yuno
Applying bleed effect! Checking special code
Applying bleed effect! Checking special code
Applying bleed effect! Checking special code
Applying bleed effect! Checking special code
Applying bleed effect! Checking special code
Yubel's S1 Triggered!
Applying bleed effect! Checking special code
Yubel's S1 Triggered!
Applying bleed effect! Checking special code
[ 619/700 ] LOSS   48 turns   naruto, saitama, king  vs  tsubasa, saturn, yubel
Applying bleed effect! Checking special code
Applying bleed effect! Checking special code
Applying bleed effect! Checking special code
[ 620/700 ] WIN    20 turns   naruto, saturn, byakuya  vs  uzui, jeanne, ken
Applying bleed effect! Checking special code
Applying bleed effect! Checking special code
[ 621/700 ] WIN    23 turns   naruto, ace, jinwoo  vs  yoh, rengoku, boruto
[ 622/700 ] LOSS   24 turns   naruto, jinwoo, byakuya  vs  gohan, renamon, hawkmon
[ 623/700 ] LOSS   38 turns   naruto, nagisa, veldora  vs  ichibe, kurapika, omnimon
[ 624/700 ] LOSS   14 turns   naruto, zenitsu, satsuki  vs  ladydevimon, venus, ichibe
[ 625/700 ] LOSS   27 turns   naruto, veldora, shinra  vs  muichiro, gray, ace
Applying bleed effect! Checking special code
[ 626/700 ] WIN    19 turns   naruto, gogeta, inosuke  vs  kurotsuchi, rob, yoh
[ 627/700 ] WIN    21 turns   naruto, ryohei, orihime  vs  tamaki, inosuke, gojo
[ 628/700 ] WIN    23 turns   naruto, killua, renamon  vs  maka, uranus, todoroki
[ 629/700 ] LOSS   20 turns   naruto, sheele, horohoro  vs  saturn, cooler, gatomon
[ 630/700 ] WIN    31 turns   naruto, natsu, sakura  vs  frieren, hinata, mikasa
[ 631/700 ] LOSS   17 turns   naruto, yamamoto, xanxus  vs  ryohei, saber, mars
[ 632/700 ] WIN    18 turns   naruto, gilgamesh, mars  vs  astolfo, boruto, ace
[ 633/700 ] WIN    30 turns   naruto, mercury, arthur  vs  veldora, tokoyami, levi
[ 634/700 ] WIN    26 turns   naruto, shinoa, sheele  vs  edward, levi, yubel
[ 635/700 ] WIN    15 turns   naruto, yuji, jaden  vs  itachi, cooler, toga
[ 636/700 ] LOSS   17 turns   naruto, toudou, squalo  vs  esdeath, nobara, saber
Applying bleed effect! Checking special code
Applying bleed effect! Checking special code
Applying bleed effect! Checking special code
Applying bleed effect! Checking special code
Applying bleed effect! Checking special code
Applying bleed effect! Checking special code
Applying bleed effect! Checking special code
Applying bleed effect! Checking special code
[ 637/700 ] LOSS   25 turns   naruto, shinoa, touka  vs  king, arthur, kurotsuchi
[ 638/700 ] LOSS   18 turns   naruto, zenitsu, mine  vs  soul, hibari, gasai
[ 639/700 ] WIN    23 turns   naruto, hisoka, nezuko  vs  hibari, sayaka, adam
[ 640/700 ] WIN    35 turns   naruto, halibel, lyserg  vs  hibari, myotismon, mami
[ 641/700 ] WIN    17 turns   naruto, zenitsu, myotismon  vs  ryohei, natsu, frieren
[ 642/700 ] LOSS   17 turns   naruto, squalo, erza  vs  misaka, asta, touka
[ 643/700 ] LOSS   20 turns   naruto, tokoyami, esdeath  vs  myotismon, alphamon, gallantmon
[ 644/700 ] WIN    20 turns   naruto, veldora, goku  vs  gohan, gray, renamon
[ 645/700 ] WIN    18 turns   naruto, venus, bakugo  vs  inosuke, diane, megumin
[ 646/700 ] WIN    25 turns   naruto, boruto, sayaka  vs  gohan, jinwoo, edward
[ 647/700 ] WIN    12 turns   naruto, esdeath, mikasa  vs  sasuke, alphonse, jeanne
[ 648/700 ] LOSS   23 turns   naruto, saber, minene  vs  sayaka, seventeen, horohoro
[ 649/700 ] WIN    20 turns   naruto, maka, pegasus  vs  uraraka, ken, minene
Applying bleed effect! Checking special code
Applying bleed effect! Checking special code
Applying bleed effect! Checking special code
Applying bleed effect! Checking special code
Applying bleed effect! Checking special code
Applying bleed effect! Checking special code
[ 650/700 ] WIN    26 turns   naruto, mikasa, king  vs  veldora, jesse, shiro
[ 651/700 ] LOSS   34 turns   naruto, itachi, rob  vs  nel, tatsumi, uzui
[ 652/700 ] LOSS   20 turns   naruto, ban, kurotsuchi  vs  megumi, soul, mine
[ 653/700 ] LOSS   14 turns   naruto, jack, zoro  vs  itachi, aang, asta
[ 654/700 ] WIN    13 turns   naruto, mikasa, kurapika  vs  koro, hisoka, allmight
[ 655/700 ] WIN    23 turns   naruto, venus, koro  vs  vegeta, kid, aiohto
[ 656/700 ] LOSS   23 turns   naruto, gogeta, muichiro  vs  satsuki, erza, aang
[ 657/700 ] LOSS   15 turns   naruto, zoro, rimuru  vs  halibel, ryuko, asta
[ 658/700 ] LOSS   15 turns   naruto, tokoyami, jinwoo  vs  chrome, broly, hibari
[ 659/700 ] LOSS   17 turns   naruto, alphonse, kitara  vs  vegeta, ichibe, aang
[ 660/700 ] LOSS   21 turns   naruto, mami, tsubaki  vs  tamaki, levi, xanxus
[ 661/700 ] LOSS   25 turns   naruto, omnimon, alphamon  vs  aang, megumi, gunha
[ 662/700 ] WIN    29 turns   naruto, saturn, gohan  vs  boruto, mercury, nonon
[ 663/700 ] WIN    24 turns   naruto, ichibe, eren  vs  goku, tsuyu, kaiba
[ 664/700 ] WIN    22 turns   naruto, jaden, tsunayoshi  vs  satsuki, sukuna, jupiter
[ 665/700 ] WIN    14 turns   naruto, gunha, ladydevimon  vs  saitama, esdeath, madoka
[ 666/700 ] LOSS   18 turns   naruto, rob, myotismon  vs  bakugo, ace, nel
[ 667/700 ] LOSS   21 turns   naruto, gray, sasuke  vs  ryohei, aiohto, lyserg
Applying bleed effect! Checking special code
Applying bleed effect! Checking special code
Applying bleed effect! Checking special code
[ 668/700 ] LOSS   22 turns   naruto, akame, myotismon  vs  blackwargreymon, natsu, ken
[ 669/700 ] WIN    31 turns   naruto, nobara, uraraka  vs  gohan, blackstar, emiya
[ 670/700 ] WIN    17 turns   naruto, blackwargreymon, kitara  vs  emiya, genos, tokoyami
[ 671/700 ] LOSS   20 turns   naruto, mash, yugi  vs  gray, mercury, jaden
[ 672/700 ] WIN    32 turns   naruto, frieren, frankenstein  vs  levi, seventeen, gatomon
Applying bleed effect! Checking special code
Applying bleed effect! Checking special code
Applying bleed effect! Checking special code
Applying bleed effect! Checking special code
Applying bleed effect! Checking special code
Applying bleed effect! Checking special code
[ 673/700 ] LOSS   36 turns   naruto, veldora, nobara  vs  gasai, saitama, inosuke
[ 674/700 ] WIN    25 turns   naruto, myotismon, boruto  vs  cooler, rimuru, ryuko
Applying bleed effect! Checking special code
Applying bleed effect! Checking special code
Applying bleed effect! Checking special code
Applying bleed effect! Checking special code
Applying bleed effect! Checking special code
[ 675/700 ] WIN    29 turns   naruto, inosuke, power  vs  uranus, tanjiro, myotismon
[ 676/700 ] WIN    39 turns   naruto, rakko, noelle  vs  gohan, toga, kurotsuchi
[ 677/700 ] LOSS   19 turns   naruto, inuyasha, allmight  vs  astolfo, ichigo, mami
[ 678/700 ] WIN    16 turns   naruto, asta, blackstar  vs  aang, hashirama, inosuke
[ 679/700 ] LOSS   19 turns   naruto, kaiba, jupiter  vs  nimaiya, yugi, sayaka
[ 680/700 ] WIN    32 turns   naruto, misaka, seventeen  vs  veldora, goku, mine
[ 681/700 ] WIN    24 turns   naruto, tamaki, meliodas  vs  megumin, misaka, horohoro
[ 682/700 ] WIN    21 turns   naruto, saturn, gallantmon  vs  megumi, gon, jeanne
[ 683/700 ] WIN    22 turns   naruto, lucy, aiohto  vs  death, ryohei, uzui
[ 684/700 ] LOSS   15 turns   naruto, misaka, ban  vs  hashirama, mine, lyserg
Yubel's S1 Triggered!
Yubel's S1 Triggered!
[ 685/700 ] LOSS   24 turns   naruto, yubel, shokuhou  vs  gatomon, mash, akame
Applying bleed effect! Checking special code
Applying bleed effect! Checking special code
Applying bleed effect! Checking special code
[ 686/700 ] WIN    20 turns   naruto, rakko, emiyaarcher  vs  mavis, blackwargreymon, tatsumaki
Applying bleed effect! Checking special code
[ 687/700 ] WIN    18 turns   naruto, diane, mavis  vs  inuyasha, goku, rakko
[ 688/700 ] WIN    23 turns   naruto, semiramis, kurotsuchi  vs  jinwoo, shinoa, yoh
Applying bleed effect! Checking special code
[ 689/700 ] WIN    36 turns   naruto, mikasa, veldora  vs  kaiba, yamamoto, denji
Applying bleed effect! Checking special code
Applying bleed effect! Checking special code
Applying bleed effect! Checking special code
Applying bleed effect! Checking special code
[ 690/700 ] LOSS   16 turns   naruto, ken, omnimon  vs  shinra, kid, esdeath
[ 691/700 ] LOSS   20 turns   naruto, renamon, usopp  vs  mine, touka, kurapika
Applying bleed effect! Checking special code
Applying bleed effect! Checking special code
Applying bleed effect! Checking special code
Applying bleed effect! Checking special code
Applying bleed effect! Checking special code
Applying bleed effect! Checking special code
[ 692/700 ] WIN    34 turns   naruto, hisoka, xanxus  vs  jack, sasuke, rengoku
[ 693/700 ] LOSS   21 turns   naruto, toji, hawkmon  vs  tsubaki, kaiba, asta
[ 694/700 ] WIN    14 turns   naruto, ganta, satsuki  vs  tokoyami, akame, gojo
[ 695/700 ] LOSS   19 turns   naruto, koro, adam  vs  edward, sheele, luffy
Applying bleed effect! Checking special code
Applying bleed effect! Checking special code
Applying bleed effect! Checking special code
[ 696/700 ] WIN    32 turns   naruto, killua, saitama  vs  diane, tsubaki, kitara
[ 697/700 ] WIN    19 turns   naruto, jaden, mercury  vs  meliodas, allmight, levi
[ 698/700 ] LOSS   36 turns   naruto, tatsumaki, squalo  vs  meliodas, crona, jaden
[ 699/700 ] WIN    20 turns   naruto, yuno, levi  vs  saber, muichiro, ban
[ 700/700 ] WIN    23 turns   naruto, uzui, frankenstein  vs  arthur, edward, impmon
=== TRAINER RUN COMPLETE ===
Matches: 700   W: 421   L: 279   D: 0   Win: 60.1%   (opponent: self)
Policy saved to res://training/checkpoints/focus_naruto/w3.json  (generation 5, trained_matches 10700)
