Godot Engine v4.6.2.stable.official.71f334935 - https://godotengine.org

[trainer] seed=77000 matches=30 opponent=policy:res://training/checkpoints/focused_current.json eval=true out=res://training/checkpoints/work.json checkpoint=res://training/checkpoints/focus_gray/merged.json
[authored] loaded 1 authored character(s)
Applying bleed effect! Checking special code
[   1/30  ] WIN    15 turns   gray, seventeen, rengoku  vs  semiramis, nagisa, veldora
Applying bleed effect! Checking special code
Applying bleed effect! Checking special code
[   2/30  ] WIN    19 turns   gray, ganta, ban  vs  power, yoh, jesse
[   3/30  ] WIN    35 turns   gray, mercury, toga  vs  noelle, aang, nezuko
Applying bleed effect! Checking special code
Applying bleed effect! Checking special code
Applying bleed effect! Checking special code
Applying bleed effect! Checking special code
Applying bleed effect! Checking special code
Applying bleed effect! Checking special code
[   4/30  ] WIN    21 turns   gray, uranus, rengoku  vs  luffy, itachi, minene
[   5/30  ] LOSS   16 turns   gray, yugi, shiro  vs  tanjiro, tsubaki, genos
[   6/30  ] LOSS   17 turns   gray, tsuyu, jinwoo  vs  megumin, renamon, yuji
Applying bleed effect! Checking special code
Applying bleed effect! Checking special code
Applying bleed effect! Checking special code
Applying bleed effect! Checking special code
[   7/30  ] LOSS   14 turns   gray, akame, koro  vs  nimaiya, ken, jack
[   8/30  ] LOSS   15 turns   gray, uzui, tanjiro  vs  semiramis, emiyaarcher, ace
[   9/30  ] WIN    24 turns   gray, venus, tsunayoshi  vs  saturn, tsuyu, asta
Applying bleed effect! Checking special code
[  10/30  ] LOSS   31 turns   gray, tsunayoshi, nonon  vs  jinwoo, denji, broly
Applying bleed effect! Checking special code
Applying bleed effect! Checking special code
[  11/30  ] WIN    21 turns   gray, power, seventeen  vs  todoroki, esdeath, yamamoto
Applying bleed effect! Checking special code
Applying bleed effect! Checking special code
[  12/30  ] WIN    20 turns   gray, muichiro, denji  vs  mami, emiya, koro
[  13/30  ] WIN    20 turns   gray, yuno, frieren  vs  emiya, kitara, yoh
Applying bleed effect! Checking special code
Applying bleed effect! Checking special code
Applying bleed effect! Checking special code
[  14/30  ] WIN    24 turns   gray, denji, nimaiya  vs  lucy, genos, aang
[  15/30  ] LOSS   15 turns   gray, levi, rob  vs  naruto, chrome, saitama
[  16/30  ] LOSS   11 turns   gray, boruto, adam  vs  madoka, toudou, ace
[  17/30  ] LOSS   17 turns   gray, satsuki, gohan  vs  nimaiya, meliodas, denji
Applying bleed effect! Checking special code
Applying bleed effect! Checking special code
Applying bleed effect! Checking special code
Applying bleed effect! Checking special code
[  18/30  ] WIN    23 turns   gray, emiya, nel  vs  rengoku, jesse, akame
Applying bleed effect! Checking special code
Applying bleed effect! Checking special code
Applying bleed effect! Checking special code
Applying bleed effect! Checking special code
Applying bleed effect! Checking special code
[  19/30  ] WIN    23 turns   gray, maka, midoriya  vs  death, sayaka, ken
[  20/30  ] WIN    31 turns   gray, edward, madoka  vs  gohan, toph, eren
Applying bleed effect! Checking special code
Applying bleed effect! Checking special code
[  21/30  ] WIN    14 turns   gray, kuroko, asta  vs  noelle, nezuko, inosuke
[  22/30  ] WIN    16 turns   gray, sayaka, hisoka  vs  rob, blackwargreymon, crona
[  23/30  ] LOSS   25 turns   gray, todoroki, misaka  vs  lucy, ryohei, ace
[  24/30  ] WIN    20 turns   gray, minene, tanjiro  vs  veldora, uzui, jesse
[  25/30  ] WIN    27 turns   gray, omnimon, tsubaki  vs  emiya, misaka, kaiba
[  26/30  ] LOSS   15 turns   gray, diane, gojo  vs  lizandpatty, hashirama, gohan
Yubel's S1 Triggered!
[  27/30  ] WIN    16 turns   gray, meliodas, yubel  vs  usopp, astolfo, frankenstein
[  28/30  ] LOSS   16 turns   gray, tsubaki, mercury  vs  veldora, kid, hashirama
[  29/30  ] WIN    24 turns   gray, muichiro, yugi  vs  sakura, eren, veldora
Applying bleed effect! Checking special code
[  30/30  ] WIN    17 turns   gray, edward, diane  vs  nel, horohoro, toph
=== TRAINER RUN COMPLETE ===
Matches: 30   W: 19   L: 11   D: 0   Win: 63.3%   (opponent: v3:focused_current.json  [EVAL])
