Godot Engine v4.6.2.stable.official.71f334935 - https://godotengine.org

[trainer] seed=61000 matches=700 opponent=self eval=false out=res://training/checkpoints/focus_shokuhou/w0.json checkpoint=res://training/checkpoints/focused_current.json
[authored] loaded 1 authored character(s)
[   1/700 ] LOSS   21 turns   shokuhou, jaden, tsubaki  vs  tsubasa, jack, megumin
Applying bleed effect! Checking special code
Applying bleed effect! Checking special code
Applying bleed effect! Checking special code
Applying bleed effect! Checking special code
[   2/700 ] LOSS   15 turns   shokuhou, zenitsu, rakko  vs  arthur, maka, genos
[   3/700 ] LOSS   14 turns   shokuhou, bakugo, gray  vs  blackstar, asta, machinedramon
[   4/700 ] LOSS   15 turns   shokuhou, jupiter, tsunayoshi  vs  sayaka, ryuko, blackstar
[   5/700 ] WIN    24 turns   shokuhou, hawkmon, touka  vs  jeanne, tsubaki, inuyasha
[   6/700 ] LOSS   23 turns   shokuhou, venus, xanxus  vs  ganta, kurapika, veldora
[   7/700 ] LOSS   20 turns   shokuhou, aang, veldora  vs  tatsumi, lyserg, gallantmon
Applying bleed effect! Checking special code
[   8/700 ] LOSS   27 turns   shokuhou, cell, nel  vs  nezuko, hinata, diane
[   9/700 ] LOSS   19 turns   shokuhou, sukuna, natsu  vs  gogeta, tamaki, crona
Applying bleed effect! Checking special code
Applying bleed effect! Checking special code
[  10/700 ] LOSS   17 turns   shokuhou, toji, tamaki  vs  gogeta, denji, venus
Yubel's S1 Triggered!
Yubel's S1 Triggered!
Yubel's S1 Triggered!
[  11/700 ] LOSS   28 turns   shokuhou, hinata, yubel  vs  soul, sayaka, byakuya
[  12/700 ] WIN    25 turns   shokuhou, genos, chrome  vs  kaiba, jinwoo, killua
Applying bleed effect! Checking special code
[  13/700 ] LOSS   16 turns   shokuhou, alphonse, power  vs  jupiter, levi, tokoyami
[  14/700 ] WIN    30 turns   shokuhou, toga, satsuki  vs  nonon, mars, tatsumaki
[  15/700 ] LOSS   11 turns   shokuhou, cell, tatsumaki  vs  rimuru, mash, ryuko
[  16/700 ] WIN    20 turns   shokuhou, seventeen, hinata  vs  todoroki, omnimon, kid
[  17/700 ] WIN    18 turns   shokuhou, alphamon, byakuya  vs  nobara, uraraka, erza
Applying bleed effect! Checking special code
Applying bleed effect! Checking special code
Applying bleed effect! Checking special code
Applying bleed effect! Checking special code
Applying bleed effect! Checking special code
Applying bleed effect! Checking special code
Applying bleed effect! Checking special code
Applying bleed effect! Checking special code
[  18/700 ] LOSS   25 turns   shokuhou, halibel, venus  vs  king, kaiba, omnimon
[  19/700 ] WIN    32 turns   shokuhou, hinata, squalo  vs  yubel, myotismon, xanxus
[  20/700 ] WIN    22 turns   shokuhou, mash, neferpitou  vs  gray, lyserg, toph
[  21/700 ] LOSS   27 turns   shokuhou, goku, zoro  vs  naruto, kitara, halibel
Applying bleed effect! Checking special code
[  22/700 ] LOSS   22 turns   shokuhou, sayaka, diane  vs  nel, gatomon, tatsumi
[  23/700 ] LOSS   20 turns   shokuhou, hibari, uraraka  vs  myotismon, midoriya, zenitsu
[  24/700 ] WIN    20 turns   shokuhou, satsuki, genos  vs  semiramis, nobara, gilgamesh
[  25/700 ] LOSS   26 turns   shokuhou, orihime, semiramis  vs  mine, ladydevimon, renamon
[  26/700 ] LOSS   26 turns   shokuhou, ace, tsunayoshi  vs  kitara, levi, pegasus
[  27/700 ] LOSS   16 turns   shokuhou, nel, jack  vs  kuroko, tamaki, ryuko
[  28/700 ] LOSS   17 turns   shokuhou, mine, rob  vs  toji, luffy, byakuya
[  29/700 ] WIN    23 turns   shokuhou, erza, seventeen  vs  crona, saitama, mash
Applying bleed effect! Checking special code
Applying bleed effect! Checking special code
Applying bleed effect! Checking special code
Applying bleed effect! Checking special code
Applying bleed effect! Checking special code
Applying bleed effect! Checking special code
Applying bleed effect! Checking special code
[  30/700 ] LOSS   36 turns   shokuhou, pegasus, rakko  vs  tanjiro, ken, usopp
[  31/700 ] LOSS   19 turns   shokuhou, nobara, chrome  vs  nel, gallantmon, frankenstein
[  32/700 ] LOSS   17 turns   shokuhou, chrome, alphonse  vs  jack, jupiter, killua
[  33/700 ] LOSS   11 turns   shokuhou, shinra, natsu  vs  satsuki, gatomon, alphamon
[  34/700 ] LOSS   16 turns   shokuhou, jeanne, allmight  vs  semiramis, bakugo, sukuna
[  35/700 ] WIN    25 turns   shokuhou, kurapika, hibari  vs  jeanne, hawkmon, blackwargreymon
[  36/700 ] LOSS   15 turns   shokuhou, soul, vegeta  vs  gon, veldora, toga
[  37/700 ] LOSS   19 turns   shokuhou, alphonse, pegasus  vs  aang, naruto, sheele
[  38/700 ] LOSS   21 turns   shokuhou, killua, uraraka  vs  xanxus, touka, gray
[  39/700 ] LOSS   13 turns   shokuhou, soul, kurotsuchi  vs  esdeath, ace, veldora
[  40/700 ] LOSS   21 turns   shokuhou, emiya, meliodas  vs  allmight, neferpitou, chrome
Applying bleed effect! Checking special code
Applying bleed effect! Checking special code
[  41/700 ] WIN    20 turns   shokuhou, inosuke, genos  vs  astolfo, nobara, rimuru
[  42/700 ] WIN    40 turns   shokuhou, blackwargreymon, ichibe  vs  gatomon, gunha, erza
[  43/700 ] LOSS   14 turns   shokuhou, mami, kaiba  vs  mercury, cooler, zenitsu
[  44/700 ] LOSS   17 turns   shokuhou, frieren, alphamon  vs  adam, allmight, halibel
[  45/700 ] WIN    20 turns   shokuhou, kurapika, hashirama  vs  nezuko, ichigo, jinwoo
[  46/700 ] WIN    18 turns   shokuhou, eren, touka  vs  goku, adam, meliodas
[  47/700 ] LOSS   28 turns   shokuhou, itachi, gunha  vs  gojo, tatsumi, lizandpatty
[  48/700 ] LOSS   17 turns   shokuhou, meliodas, jeanne  vs  rimuru, jack, mavis
[  49/700 ] LOSS   23 turns   shokuhou, tokoyami, sheele  vs  nobara, venus, zoro
[  50/700 ] LOSS   22 turns   shokuhou, yoh, chrome  vs  xanxus, ryuko, yamamoto
[  51/700 ] WIN    25 turns   shokuhou, gon, edward  vs  megumi, sayaka, korra
[  52/700 ] LOSS   25 turns   shokuhou, lyserg, korra  vs  minene, marco, midoriya
[  53/700 ] LOSS   21 turns   shokuhou, nel, minene  vs  hisoka, ladydevimon, nimaiya
[  54/700 ] LOSS   24 turns   shokuhou, killua, tatsumaki  vs  mikasa, tsubaki, yugi
Applying bleed effect! Checking special code
Applying bleed effect! Checking special code
[  55/700 ] LOSS   23 turns   shokuhou, toga, gray  vs  muichiro, power, gojo
[  56/700 ] LOSS   26 turns   shokuhou, saitama, yugi  vs  blackwargreymon, tsunayoshi, yamamoto
[  57/700 ] WIN    39 turns   shokuhou, ban, ichibe  vs  nel, frieren, ganta
[  58/700 ] WIN    26 turns   shokuhou, mine, kuroko  vs  horohoro, nimaiya, impmon
[  59/700 ] LOSS   19 turns   shokuhou, kaiba, mami  vs  mavis, orihime, gallantmon
[  60/700 ] LOSS   17 turns   shokuhou, emiyaarcher, todoroki  vs  misaka, blackstar, lucy
[  61/700 ] LOSS   20 turns   shokuhou, ladydevimon, impmon  vs  mikasa, maka, horohoro
[  62/700 ] LOSS   26 turns   shokuhou, yamamoto, death  vs  tsuyu, tamaki, kitara
[  63/700 ] LOSS   31 turns   shokuhou, emiyaarcher, gunha  vs  ryuko, byakuya, toudou
Applying bleed effect! Checking special code
[  64/700 ] LOSS   15 turns   shokuhou, diane, sasuke  vs  mercury, nimaiya, erza
[  65/700 ] LOSS   22 turns   shokuhou, chrome, tsubasa  vs  satsuki, korra, tatsumaki
[  66/700 ] WIN    23 turns   shokuhou, chrome, machinedramon  vs  hinata, crona, mercury
[  67/700 ] LOSS   25 turns   shokuhou, blackstar, orihime  vs  xanxus, broly, chrome
[  68/700 ] LOSS   15 turns   shokuhou, jupiter, emiya  vs  byakuya, pegasus, nimaiya
[  69/700 ] LOSS   16 turns   shokuhou, sukuna, ryuko  vs  toji, gojo, lyserg
[  70/700 ] LOSS   19 turns   shokuhou, tanjiro, tamaki  vs  gallantmon, satsuki, uranus
[  71/700 ] WIN    16 turns   shokuhou, rimuru, seventeen  vs  jeanne, kurotsuchi, ichigo
Applying bleed effect! Checking special code
[  72/700 ] LOSS   21 turns   shokuhou, frieren, inosuke  vs  nagisa, hibari, toudou
[  73/700 ] WIN    21 turns   shokuhou, gilgamesh, broly  vs  death, muichiro, chrome
[  74/700 ] WIN    25 turns   shokuhou, zenitsu, adam  vs  tsubaki, cooler, aiohto
[  75/700 ] WIN    17 turns   shokuhou, mine, sukuna  vs  horohoro, tanjiro, byakuya
[  76/700 ] LOSS   20 turns   shokuhou, ace, sheele  vs  gunha, tamaki, alphamon
[  77/700 ] LOSS   17 turns   shokuhou, zenitsu, horohoro  vs  gon, sheele, sakura
[  78/700 ] WIN    53 turns   shokuhou, byakuya, satsuki  vs  tamaki, gasai, jesse
[  79/700 ] WIN    31 turns   shokuhou, ban, tokoyami  vs  pegasus, denji, veldora
[  80/700 ] LOSS   22 turns   shokuhou, midoriya, ace  vs  gasai, tatsumaki, tokoyami
[  81/700 ] LOSS   11 turns   shokuhou, lizandpatty, impmon  vs  gojo, ryohei, gohan
[  82/700 ] LOSS   17 turns   shokuhou, mercury, alphamon  vs  emiyaarcher, tsunayoshi, shinra
[  83/700 ] LOSS   13 turns   shokuhou, nobara, gojo  vs  touka, tsuyu, jaden
[  84/700 ] WIN    23 turns   shokuhou, kuroko, aang  vs  genos, shiro, sukuna
[  85/700 ] LOSS   22 turns   shokuhou, tatsumi, mash  vs  usopp, levi, sayaka
Applying bleed effect! Checking special code
Applying bleed effect! Checking special code
[  86/700 ] LOSS   16 turns   shokuhou, jinwoo, lizandpatty  vs  denji, diane, misaka
Applying bleed effect! Checking special code
Applying bleed effect! Checking special code
Applying bleed effect! Checking special code
Applying bleed effect! Checking special code
Applying bleed effect! Checking special code
Applying bleed effect! Checking special code
Applying bleed effect! Checking special code
Applying bleed effect! Checking special code
Applying bleed effect! Checking special code
[  87/700 ] LOSS   32 turns   shokuhou, rakko, diane  vs  horohoro, hawkmon, nonon
[  88/700 ] WIN    30 turns   shokuhou, nezuko, megumin  vs  machinedramon, gohan, orihime
[  89/700 ] LOSS   24 turns   shokuhou, halibel, nagisa  vs  emiya, soul, cooler
[  90/700 ] LOSS   20 turns   shokuhou, gunha, nobara  vs  gray, nonon, akame
[  91/700 ] LOSS   15 turns   shokuhou, inuyasha, jeanne  vs  esdeath, mami, shinoa
[  92/700 ] LOSS   16 turns   shokuhou, mine, xanxus  vs  nagisa, yamamoto, nel
[  93/700 ] LOSS   32 turns   shokuhou, gasai, korra  vs  levi, yuji, arthur
[  94/700 ] LOSS   27 turns   shokuhou, toph, yoh  vs  blackwargreymon, mami, aang
[  95/700 ] LOSS   20 turns   shokuhou, uzui, semiramis  vs  shinoa, blackwargreymon, cooler
Applying bleed effect! Checking special code
Applying bleed effect! Checking special code
[  96/700 ] LOSS   26 turns   shokuhou, arthur, naruto  vs  neferpitou, inosuke, soul
Applying bleed effect! Checking special code
Applying bleed effect! Checking special code
[  97/700 ] LOSS   15 turns   shokuhou, mars, lyserg  vs  astolfo, shinoa, rakko
Applying bleed effect! Checking special code
Applying bleed effect! Checking special code
Applying bleed effect! Checking special code
Applying bleed effect! Checking special code
[  98/700 ] WIN    23 turns   shokuhou, gray, jinwoo  vs  power, astolfo, muichiro
[  99/700 ] WIN    32 turns   shokuhou, nagisa, yuji  vs  emiyaarcher, maka, lyserg
Applying bleed effect! Checking special code
Applying bleed effect! Checking special code
Applying bleed effect! Checking special code
Applying bleed effect! Checking special code
[ 100/700 ] LOSS   16 turns   shokuhou, nobara, zenitsu  vs  king, ryuko, squalo
[ 101/700 ] WIN    34 turns   shokuhou, ichigo, jinwoo  vs  yamamoto, yuno, minene
[ 102/700 ] LOSS   12 turns   shokuhou, yamamoto, yoh  vs  satsuki, nimaiya, venus
Applying bleed effect! Checking special code
[ 103/700 ] LOSS   23 turns   shokuhou, jack, emiyaarcher  vs  inosuke, uranus, tsuyu
[ 104/700 ] WIN    30 turns   shokuhou, myotismon, gon  vs  ryohei, mercury, jaden
Applying bleed effect! Checking special code
Applying bleed effect! Checking special code
Applying bleed effect! Checking special code
[ 105/700 ] WIN    53 turns   shokuhou, natsu, jeanne  vs  power, jesse, gallantmon
[ 106/700 ] LOSS   33 turns   shokuhou, omnimon, nobara  vs  toga, myotismon, korra
Applying bleed effect! Checking special code
[ 107/700 ] LOSS   10 turns   shokuhou, power, levi  vs  allmight, gon, bakugo
[ 108/700 ] WIN    20 turns   shokuhou, blackstar, megumi  vs  yoh, tsubasa, nobara
[ 109/700 ] LOSS   21 turns   shokuhou, horohoro, broly  vs  arthur, shinra, saber
Applying bleed effect! Checking special code
Applying bleed effect! Checking special code
Applying bleed effect! Checking special code
[ 110/700 ] LOSS   17 turns   shokuhou, gohan, inosuke  vs  edward, astolfo, naruto
[ 111/700 ] LOSS   21 turns   shokuhou, frankenstein, megumi  vs  blackwargreymon, tsubasa, bakugo
[ 112/700 ] LOSS   12 turns   shokuhou, jinwoo, sayaka  vs  ganta, kurotsuchi, ladydevimon
Applying bleed effect! Checking special code
Applying bleed effect! Checking special code
Applying bleed effect! Checking special code
Applying bleed effect! Checking special code
[ 113/700 ] LOSS   24 turns   shokuhou, inuyasha, rengoku  vs  mikasa, gray, noelle
[ 114/700 ] WIN    43 turns   shokuhou, power, mercury  vs  kaiba, toph, tatsumi
[ 115/700 ] WIN    12 turns   shokuhou, alphamon, sasuke  vs  hawkmon, crona, adam
[ 116/700 ] LOSS   16 turns   shokuhou, horohoro, sayaka  vs  uraraka, noelle, tatsumi
[ 117/700 ] LOSS   30 turns   shokuhou, yamamoto, emiyaarcher  vs  orihime, kaiba, boruto
[ 118/700 ] LOSS   15 turns   shokuhou, alphamon, natsu  vs  tatsumaki, tsubasa, ichigo
[ 119/700 ] LOSS   16 turns   shokuhou, byakuya, yoh  vs  ryuko, veldora, hibari
[ 120/700 ] LOSS   23 turns   shokuhou, rimuru, jack  vs  sukuna, emiyaarcher, mami
Applying bleed effect! Checking special code
Applying bleed effect! Checking special code
Applying bleed effect! Checking special code
Applying bleed effect! Checking special code
Applying bleed effect! Checking special code
[ 121/700 ] WIN    20 turns   shokuhou, kurapika, ken  vs  zenitsu, megumin, rakko
[ 122/700 ] LOSS   21 turns   shokuhou, usopp, alphamon  vs  shiro, cell, gohan
[ 123/700 ] LOSS   21 turns   shokuhou, nezuko, crona  vs  sasuke, mami, sukuna
[ 124/700 ] LOSS   19 turns   shokuhou, yamamoto, tsubaki  vs  asta, bakugo, megumin
[ 125/700 ] WIN    26 turns   shokuhou, edward, veldora  vs  yoh, hisoka, korra
[ 126/700 ] LOSS   13 turns   shokuhou, megumi, uzui  vs  inuyasha, uranus, frankenstein
[ 127/700 ] WIN    25 turns   shokuhou, cooler, saturn  vs  shiro, mercury, gilgamesh
Applying bleed effect! Checking special code
[ 128/700 ] WIN    43 turns   shokuhou, kurapika, inosuke  vs  kaiba, rengoku, semiramis
[ 129/700 ] LOSS   18 turns   shokuhou, meliodas, eren  vs  vegeta, astolfo, nonon
Applying bleed effect! Checking special code
[ 130/700 ] WIN    26 turns   shokuhou, neferpitou, killua  vs  power, hinata, gojo
Applying bleed effect! Checking special code
Applying bleed effect! Checking special code
Applying bleed effect! Checking special code
[ 131/700 ] WIN    19 turns   shokuhou, nimaiya, todoroki  vs  king, ryohei, veldora
[ 132/700 ] LOSS   15 turns   shokuhou, genos, ryohei  vs  allmight, uzui, satsuki
[ 133/700 ] WIN    32 turns   shokuhou, gilgamesh, rimuru  vs  orihime, luffy, midoriya
Applying bleed effect! Checking special code
Applying bleed effect! Checking special code
Applying bleed effect! Checking special code
Applying bleed effect! Checking special code
Applying bleed effect! Checking special code
Applying bleed effect! Checking special code
Applying bleed effect! Checking special code
Applying bleed effect! Checking special code
Applying bleed effect! Checking special code
Applying bleed effect! Checking special code
Applying bleed effect! Checking special code
[ 134/700 ] LOSS   22 turns   shokuhou, king, asta  vs  sayaka, jack, natsu
[ 135/700 ] LOSS   20 turns   shokuhou, satsuki, emiya  vs  zoro, semiramis, rakko
Applying bleed effect! Checking special code
Applying bleed effect! Checking special code
[ 136/700 ] LOSS   19 turns   shokuhou, power, kurapika  vs  emiyaarcher, koro, chrome
Applying bleed effect! Checking special code
Applying bleed effect! Checking special code
Applying bleed effect! Checking special code
Applying bleed effect! Checking special code
Applying bleed effect! Checking special code
[ 137/700 ] LOSS   15 turns   shokuhou, rengoku, nezuko  vs  cell, gray, jaden
[ 138/700 ] LOSS   20 turns   shokuhou, erza, myotismon  vs  semiramis, inuyasha, broly
Applying bleed effect! Checking special code
Applying bleed effect! Checking special code
[ 139/700 ] WIN    55 turns   shokuhou, blackwargreymon, diane  vs  crona, hinata, usopp
[ 140/700 ] LOSS   14 turns   shokuhou, kurapika, mami  vs  asta, sheele, byakuya
[ 141/700 ] LOSS   15 turns   shokuhou, nonon, crona  vs  gohan, lucy, yamamoto
[ 142/700 ] LOSS   15 turns   shokuhou, gasai, hawkmon  vs  arthur, gallantmon, vegeta
[ 143/700 ] LOSS   12 turns   shokuhou, gilgamesh, ladydevimon  vs  tatsumi, sayaka, meliodas
[ 144/700 ] LOSS   18 turns   shokuhou, koro, hibari  vs  sakura, mine, hinata
[ 145/700 ] WIN    29 turns   shokuhou, rimuru, jinwoo  vs  maka, blackstar, sheele
[ 146/700 ] LOSS   29 turns   shokuhou, jaden, kaiba  vs  vegeta, toga, zoro
Applying bleed effect! Checking special code
Applying bleed effect! Checking special code
[ 147/700 ] WIN    45 turns   shokuhou, gray, impmon  vs  rob, misaka, rakko
[ 148/700 ] LOSS   11 turns   shokuhou, kurapika, noelle  vs  gilgamesh, esdeath, natsu
Applying bleed effect! Checking special code
[ 149/700 ] WIN    22 turns   shokuhou, nobara, bakugo  vs  rakko, kurotsuchi, jinwoo
[ 150/700 ] WIN    15 turns   shokuhou, bakugo, chrome  vs  yuno, mine, edward
[ 151/700 ] LOSS   37 turns   shokuhou, impmon, levi  vs  jesse, kaiba, broly
[ 152/700 ] WIN    26 turns   shokuhou, lucy, uzui  vs  orihime, toudou, uraraka
[ 153/700 ] LOSS   11 turns   shokuhou, blackwargreymon, cooler  vs  venus, inuyasha, ace
[ 154/700 ] WIN    29 turns   shokuhou, halibel, hisoka  vs  emiya, meliodas, tsubaki
[ 155/700 ] LOSS   24 turns   shokuhou, sasuke, shiro  vs  ryuko, kurapika, rob
[ 156/700 ] LOSS   24 turns   shokuhou, cell, muichiro  vs  venus, zenitsu, lucy
[ 157/700 ] WIN    17 turns   shokuhou, ganta, nagisa  vs  yuji, sheele, ken
Applying bleed effect! Checking special code
Applying bleed effect! Checking special code
Applying bleed effect! Checking special code
Applying bleed effect! Checking special code
Applying bleed effect! Checking special code
Applying bleed effect! Checking special code
[ 158/700 ] LOSS   17 turns   shokuhou, saber, tatsumaki  vs  tsubasa, ken, mami
[ 159/700 ] LOSS   31 turns   shokuhou, usopp, aiohto  vs  luffy, shiro, omnimon
Applying bleed effect! Checking special code
Applying bleed effect! Checking special code
Applying bleed effect! Checking special code
Applying bleed effect! Checking special code
Applying bleed effect! Checking special code
[ 160/700 ] WIN    39 turns   shokuhou, tsunayoshi, diane  vs  noelle, lizandpatty, venus
[ 161/700 ] LOSS   23 turns   shokuhou, hashirama, tatsumi  vs  shinra, tsubasa, megumi
[ 162/700 ] LOSS   13 turns   shokuhou, uzui, hawkmon  vs  natsu, asta, hinata
[ 163/700 ] LOSS   19 turns   shokuhou, alphonse, machinedramon  vs  hawkmon, megumi, edward
[ 164/700 ] LOSS   30 turns   shokuhou, ace, aiohto  vs  ban, kurapika, goku
[ 165/700 ] LOSS   22 turns   shokuhou, blackwargreymon, machinedramon  vs  xanxus, myotismon, uranus
Applying bleed effect! Checking special code
Applying bleed effect! Checking special code
[ 166/700 ] LOSS   38 turns   shokuhou, akame, tatsumaki  vs  ace, diane, yugi
[ 167/700 ] LOSS   27 turns   shokuhou, misaka, meliodas  vs  lucy, toga, frieren
Applying bleed effect! Checking special code
Applying bleed effect! Checking special code
Applying bleed effect! Checking special code
Applying bleed effect! Checking special code
Applying bleed effect! Checking special code
[ 168/700 ] WIN    38 turns   shokuhou, tokoyami, aang  vs  noelle, naruto, king
[ 169/700 ] WIN    23 turns   shokuhou, marco, ganta  vs  death, genos, frieren
Applying bleed effect! Checking special code
Applying bleed effect! Checking special code
[ 170/700 ] LOSS   16 turns   shokuhou, rengoku, aiohto  vs  nel, mavis, alphamon
Yubel's S1 Triggered!
[ 171/700 ] WIN    38 turns   shokuhou, hinata, nobara  vs  yubel, sakura, gojo
[ 172/700 ] LOSS   20 turns   shokuhou, shiro, korra  vs  gohan, nimaiya, orihime
Applying bleed effect! Checking special code
[ 173/700 ] WIN    37 turns   shokuhou, tokoyami, inosuke  vs  saber, arthur, gohan
[ 174/700 ] LOSS   23 turns   shokuhou, yuno, cooler  vs  byakuya, veldora, tsuyu
Applying bleed effect! Checking special code
Applying bleed effect! Checking special code
Applying bleed effect! Checking special code
Applying bleed effect! Checking special code
[ 175/700 ] LOSS   13 turns   shokuhou, ladydevimon, inuyasha  vs  hibari, king, gojo
[ 176/700 ] LOSS   21 turns   shokuhou, cooler, toji  vs  sukuna, kurapika, todoroki
Applying bleed effect! Checking special code
Applying bleed effect! Checking special code
Applying bleed effect! Checking special code
Applying bleed effect! Checking special code
Applying bleed effect! Checking special code
[ 177/700 ] LOSS   44 turns   shokuhou, minene, tsubasa  vs  denji, sakura, jeanne
[ 178/700 ] LOSS   21 turns   shokuhou, vegeta, arthur  vs  eren, nonon, astolfo
Applying bleed effect! Checking special code
Applying bleed effect! Checking special code
Applying bleed effect! Checking special code
Applying bleed effect! Checking special code
[ 179/700 ] LOSS   19 turns   shokuhou, tsubasa, king  vs  rengoku, genos, kurapika
[ 180/700 ] LOSS   17 turns   shokuhou, emiyaarcher, luffy  vs  ban, gray, shiro
[ 181/700 ] LOSS   20 turns   shokuhou, todoroki, nonon  vs  usopp, mars, megumin
[ 182/700 ] LOSS   14 turns   shokuhou, misaka, blackstar  vs  esdeath, shinra, alphonse
Applying bleed effect! Checking special code
Applying bleed effect! Checking special code
[ 183/700 ] LOSS   22 turns   shokuhou, king, gojo  vs  toga, denji, nel
[ 184/700 ] LOSS   20 turns   shokuhou, horohoro, mikasa  vs  satsuki, tatsumaki, xanxus
[ 185/700 ] LOSS   20 turns   shokuhou, tsuyu, mikasa  vs  maka, arthur, gallantmon
[ 186/700 ] WIN    30 turns   shokuhou, zoro, emiya  vs  tanjiro, pegasus, tokoyami
[ 187/700 ] WIN    36 turns   shokuhou, nezuko, tatsumi  vs  gojo, yugi, squalo
[ 188/700 ] LOSS   17 turns   shokuhou, xanxus, koro  vs  seventeen, minene, rob
[ 189/700 ] LOSS   27 turns   shokuhou, ace, zoro  vs  sasuke, korra, shiro
[ 190/700 ] LOSS   20 turns   shokuhou, byakuya, inuyasha  vs  pegasus, shiro, chrome
[ 191/700 ] WIN    28 turns   shokuhou, yuji, megumi  vs  touka, orihime, bakugo
[ 192/700 ] WIN    21 turns   shokuhou, genos, mikasa  vs  adam, lyserg, kuroko
[ 193/700 ] LOSS   16 turns   shokuhou, tatsumaki, nel  vs  shiro, lyserg, kaiba
[ 194/700 ] LOSS   15 turns   shokuhou, gallantmon, muichiro  vs  ganta, midoriya, genos
[ 195/700 ] WIN    26 turns   shokuhou, yuno, boruto  vs  alphonse, nonon, jeanne
Applying bleed effect! Checking special code
Applying bleed effect! Checking special code
[ 196/700 ] LOSS   25 turns   shokuhou, noelle, diane  vs  boruto, mars, shinra
Applying bleed effect! Checking special code
Applying bleed effect! Checking special code
Applying bleed effect! Checking special code
Applying bleed effect! Checking special code
Applying bleed effect! Checking special code
Applying bleed effect! Checking special code
[ 197/700 ] WIN    34 turns   shokuhou, denji, saturn  vs  shinoa, kitara, satsuki
[ 198/700 ] LOSS   42 turns   shokuhou, zoro, touka  vs  byakuya, saturn, impmon
[ 199/700 ] LOSS   17 turns   shokuhou, blackstar, mars  vs  rob, gray, tsunayoshi
[ 200/700 ] WIN    18 turns   shokuhou, genos, sheele  vs  jeanne, broly, mikasa
[ 201/700 ] WIN    22 turns   shokuhou, impmon, edward  vs  akame, gon, blackstar
Applying bleed effect! Checking special code
Applying bleed effect! Checking special code
Applying bleed effect! Checking special code
Applying bleed effect! Checking special code
Applying bleed effect! Checking special code
Applying bleed effect! Checking special code
[ 202/700 ] LOSS   23 turns   shokuhou, usopp, luffy  vs  ace, king, mine
Applying bleed effect! Checking special code
Applying bleed effect! Checking special code
[ 203/700 ] LOSS   15 turns   shokuhou, sayaka, sasuke  vs  jack, denji, renamon
Applying bleed effect! Checking special code
Applying bleed effect! Checking special code
[ 204/700 ] WIN    28 turns   shokuhou, tamaki, omnimon  vs  ace, inosuke, mami
Applying bleed effect! Checking special code
Applying bleed effect! Checking special code
[ 205/700 ] LOSS   17 turns   shokuhou, byakuya, diane  vs  semiramis, marco, yuji
[ 206/700 ] LOSS   19 turns   shokuhou, hisoka, mercury  vs  arthur, byakuya, bakugo
[ 207/700 ] LOSS   17 turns   shokuhou, sukuna, ace  vs  veldora, sayaka, tsubasa
Applying bleed effect! Checking special code
Applying bleed effect! Checking special code
[ 208/700 ] WIN    23 turns   shokuhou, nonon, denji  vs  korra, kuroko, nimaiya
[ 209/700 ] LOSS   32 turns   shokuhou, itachi, myotismon  vs  kurapika, nobara, impmon
Yubel's S1 Triggered!
[ 210/700 ] LOSS   18 turns   shokuhou, toudou, soul  vs  yubel, myotismon, cooler
[ 211/700 ] WIN    19 turns   shokuhou, jaden, minene  vs  emiyaarcher, myotismon, kid
Applying bleed effect! Checking special code
Applying bleed effect! Checking special code
Applying bleed effect! Checking special code
Applying bleed effect! Checking special code
Applying bleed effect! Checking special code
[ 212/700 ] LOSS   20 turns   shokuhou, mercury, natsu  vs  rakko, zenitsu, toph
[ 213/700 ] LOSS   21 turns   shokuhou, gohan, jack  vs  yoh, kurapika, gon
[ 214/700 ] WIN    20 turns   shokuhou, seventeen, toph  vs  kuroko, maka, naruto
Applying bleed effect! Checking special code
[ 215/700 ] WIN    20 turns   shokuhou, ryuko, genos  vs  itachi, pegasus, denji
[ 216/700 ] LOSS   21 turns   shokuhou, venus, aang  vs  mikasa, maka, levi
[ 217/700 ] WIN    15 turns   shokuhou, uranus, aang  vs  akame, nonon, midoriya
[ 218/700 ] LOSS   53 turns   shokuhou, crona, nobara  vs  lyserg, halibel, kitara
Applying bleed effect! Checking special code
Applying bleed effect! Checking special code
Applying bleed effect! Checking special code
Applying bleed effect! Checking special code
Applying bleed effect! Checking special code
Applying bleed effect! Checking special code
Applying bleed effect! Checking special code
Applying bleed effect! Checking special code
Applying bleed effect! Checking special code
Applying bleed effect! Checking special code
Applying bleed effect! Checking special code
Applying bleed effect! Checking special code
Applying bleed effect! Checking special code
[ 219/700 ] LOSS   20 turns   shokuhou, omnimon, saber  vs  ganta, king, itachi
[ 220/700 ] LOSS   15 turns   shokuhou, venus, luffy  vs  nimaiya, kuroko, minene
Applying bleed effect! Checking special code
Applying bleed effect! Checking special code
Applying bleed effect! Checking special code
[ 221/700 ] LOSS   20 turns   shokuhou, denji, death  vs  zoro, jaden, nagisa
[ 222/700 ] LOSS   19 turns   shokuhou, natsu, yuji  vs  yubel, chrome, genos
Applying bleed effect! Checking special code
[ 223/700 ] WIN    14 turns   shokuhou, megumi, satsuki  vs  jesse, hawkmon, inosuke
[ 224/700 ] LOSS   18 turns   shokuhou, crona, xanxus  vs  ganta, gray, zenitsu
Applying bleed effect! Checking special code
Applying bleed effect! Checking special code
Applying bleed effect! Checking special code
Applying bleed effect! Checking special code
Applying bleed effect! Checking special code
Applying bleed effect! Checking special code
Applying bleed effect! Checking special code
Applying bleed effect! Checking special code
Applying bleed effect! Checking special code
Applying bleed effect! Checking special code
[ 225/700 ] WIN    18 turns   shokuhou, mash, ken  vs  tanjiro, satsuki, rakko
Applying bleed effect! Checking special code
Applying bleed effect! Checking special code
Applying bleed effect! Checking special code
[ 226/700 ] LOSS   20 turns   shokuhou, mercury, halibel  vs  nonon, rakko, todoroki
Applying bleed effect! Checking special code
Applying bleed effect! Checking special code
Applying bleed effect! Checking special code
Applying bleed effect! Checking special code
Applying bleed effect! Checking special code
Applying bleed effect! Checking special code
Applying bleed effect! Checking special code
Applying bleed effect! Checking special code
[ 227/700 ] LOSS   21 turns   shokuhou, toph, gray  vs  gilgamesh, ken, yugi
[ 228/700 ] LOSS   27 turns   shokuhou, chrome, touka  vs  tamaki, mash, nonon
[ 229/700 ] LOSS   36 turns   shokuhou, ryohei, lyserg  vs  zenitsu, levi, gon
[ 230/700 ] WIN    46 turns   shokuhou, jaden, marco  vs  todoroki, uraraka, rimuru
[ 231/700 ] LOSS   13 turns   shokuhou, frieren, hinata  vs  killua, broly, gallantmon
Yubel's S1 Triggered!
[ 232/700 ] WIN    18 turns   shokuhou, zenitsu, rimuru  vs  gasai, yubel, nel
[ 233/700 ] LOSS   18 turns   shokuhou, yamamoto, allmight  vs  shinoa, jesse, kuroko
[ 234/700 ] LOSS   15 turns   shokuhou, korra, mash  vs  shinoa, hinata, gunha
[ 235/700 ] LOSS   14 turns   shokuhou, muichiro, usopp  vs  gatomon, zenitsu, emiya
[ 236/700 ] LOSS   19 turns   shokuhou, killua, hawkmon  vs  itachi, venus, hisoka
[ 237/700 ] LOSS   23 turns   shokuhou, arthur, soul  vs  hawkmon, sakura, blackstar
Applying bleed effect! Checking special code
[ 238/700 ] LOSS   14 turns   shokuhou, venus, inosuke  vs  broly, lyserg, jaden
[ 239/700 ] WIN    44 turns   shokuhou, gallantmon, chrome  vs  toph, tanjiro, tsuyu
[ 240/700 ] LOSS   16 turns   shokuhou, gilgamesh, gojo  vs  zoro, eren, power
[ 241/700 ] WIN    28 turns   shokuhou, adam, mars  vs  shinoa, death, omnimon
[ 242/700 ] LOSS   18 turns   shokuhou, uranus, pegasus  vs  jinwoo, nel, gilgamesh
[ 243/700 ] WIN    28 turns   shokuhou, sayaka, cell  vs  ace, crona, astolfo
[ 244/700 ] WIN    26 turns   shokuhou, shinra, crona  vs  nonon, gogeta, hibari
[ 245/700 ] DRAW  500 turns   shokuhou, tanjiro, crona  vs  frankenstein, aang, jesse
[ 246/700 ] LOSS   12 turns   shokuhou, akame, gojo  vs  mercury, yuno, ganta
[ 247/700 ] LOSS   14 turns   shokuhou, pegasus, tatsumaki  vs  rengoku, tsunayoshi, luffy
[ 248/700 ] LOSS   17 turns   shokuhou, ichibe, cooler  vs  marco, jack, asta
[ 249/700 ] LOSS   17 turns   shokuhou, blackwargreymon, gunha  vs  toudou, frankenstein, alphamon
[ 250/700 ] WIN    27 turns   shokuhou, saturn, yoh  vs  ryuko, rimuru, emiyaarcher
[ 251/700 ] WIN    15 turns   shokuhou, ichigo, aang  vs  myotismon, uzui, renamon
[ 252/700 ] WIN    23 turns   shokuhou, neferpitou, soul  vs  arthur, muichiro, nel
Applying bleed effect! Checking special code
[ 253/700 ] LOSS   17 turns   shokuhou, inosuke, yubel  vs  adam, yugi, sayaka
[ 254/700 ] LOSS   29 turns   shokuhou, eren, tamaki  vs  shinoa, allmight, cooler
Applying bleed effect! Checking special code
Applying bleed effect! Checking special code
[ 255/700 ] WIN    25 turns   shokuhou, frieren, erza  vs  uzui, nel, denji
Applying bleed effect! Checking special code
[ 256/700 ] LOSS   15 turns   shokuhou, saitama, rakko  vs  mine, seventeen, gasai
[ 257/700 ] WIN    37 turns   shokuhou, nonon, marco  vs  gunha, eren, sayaka
[ 258/700 ] LOSS   16 turns   shokuhou, nobara, uzui  vs  alphonse, yugi, killua
[ 259/700 ] WIN    27 turns   shokuhou, nobara, neferpitou  vs  eren, meliodas, gilgamesh
[ 260/700 ] WIN    12 turns   shokuhou, mine, bakugo  vs  vegeta, ryohei, noelle
[ 261/700 ] LOSS   26 turns   shokuhou, inosuke, muichiro  vs  yoh, tatsumi, sakura
[ 262/700 ] WIN    14 turns   shokuhou, inuyasha, mavis  vs  shiro, megumin, todoroki
Applying bleed effect! Checking special code
Applying bleed effect! Checking special code
Applying bleed effect! Checking special code
Applying bleed effect! Checking special code
[ 263/700 ] LOSS   18 turns   shokuhou, ken, tokoyami  vs  seventeen, tanjiro, toudou
[ 264/700 ] WIN    28 turns   shokuhou, ryuko, maka  vs  renamon, mami, cooler
[ 265/700 ] LOSS   23 turns   shokuhou, hinata, kitara  vs  shinra, nonon, gogeta
[ 266/700 ] LOSS   21 turns   shokuhou, lucy, mami  vs  genos, gasai, ichibe
Applying bleed effect! Checking special code
[ 267/700 ] LOSS   16 turns   shokuhou, madoka, toph  vs  yuji, power, marco
[ 268/700 ] WIN    50 turns   shokuhou, saturn, korra  vs  omnimon, mami, toji
Applying bleed effect! Checking special code
Applying bleed effect! Checking special code
Applying bleed effect! Checking special code
Applying bleed effect! Checking special code
Applying bleed effect! Checking special code
Applying bleed effect! Checking special code
Applying bleed effect! Checking special code
[ 269/700 ] WIN    26 turns   shokuhou, lyserg, ken  vs  midoriya, bakugo, kaiba
[ 270/700 ] LOSS   22 turns   shokuhou, tsubaki, mine  vs  toga, megumin, shiro
[ 271/700 ] LOSS   13 turns   shokuhou, toga, minene  vs  alphamon, horohoro, blackwargreymon
[ 272/700 ] LOSS   20 turns   shokuhou, yubel, cooler  vs  nagisa, yugi, tatsumaki
[ 273/700 ] LOSS   20 turns   shokuhou, usopp, gogeta  vs  uraraka, alphonse, ladydevimon
[ 274/700 ] LOSS   12 turns   shokuhou, xanxus, minene  vs  tsunayoshi, toudou, gasai
[ 275/700 ] WIN    25 turns   shokuhou, blackstar, mine  vs  jinwoo, yuji, xanxus
[ 276/700 ] LOSS   30 turns   shokuhou, alphonse, gohan  vs  mami, kurapika, chrome
[ 277/700 ] WIN    30 turns   shokuhou, mikasa, ryohei  vs  noelle, tamaki, meliodas
[ 278/700 ] LOSS   38 turns   shokuhou, arthur, hawkmon  vs  ganta, eren, saber
[ 279/700 ] LOSS   21 turns   shokuhou, omnimon, yoh  vs  cell, saitama, hinata
[ 280/700 ] LOSS   16 turns   shokuhou, luffy, maka  vs  boruto, squalo, ladydevimon
[ 281/700 ] LOSS   23 turns   shokuhou, death, aang  vs  yamamoto, minene, megumin
[ 282/700 ] LOSS   13 turns   shokuhou, shinoa, gray  vs  ryuko, crona, tsubaki
[ 283/700 ] LOSS   19 turns   shokuhou, nagisa, nobara  vs  minene, luffy, shinra
[ 284/700 ] WIN    16 turns   shokuhou, gatomon, luffy  vs  nimaiya, toga, yugi
[ 285/700 ] WIN    35 turns   shokuhou, pegasus, gojo  vs  allmight, minene, sakura
[ 286/700 ] LOSS   22 turns   shokuhou, uzui, saber  vs  rob, ace, megumi
[ 287/700 ] LOSS   33 turns   shokuhou, tokoyami, squalo  vs  astolfo, yuno, impmon
[ 288/700 ] WIN    25 turns   shokuhou, yuji, rimuru  vs  koro, edward, yamamoto
[ 289/700 ] LOSS   14 turns   shokuhou, hinata, mars  vs  ichibe, nimaiya, naruto
[ 290/700 ] LOSS   20 turns   shokuhou, impmon, myotismon  vs  midoriya, itachi, tanjiro
[ 291/700 ] WIN    21 turns   shokuhou, uranus, gon  vs  tanjiro, mikasa, astolfo
[ 292/700 ] WIN    25 turns   shokuhou, tsunayoshi, tamaki  vs  allmight, yoh, toph
[ 293/700 ] LOSS   12 turns   shokuhou, alphonse, nonon  vs  esdeath, tsunayoshi, seventeen
[ 294/700 ] LOSS   17 turns   shokuhou, crona, diane  vs  tanjiro, shinra, sayaka
[ 295/700 ] LOSS   23 turns   shokuhou, gojo, myotismon  vs  minene, mercury, aang
[ 296/700 ] LOSS   29 turns   shokuhou, marco, jack  vs  nezuko, mikasa, hisoka
[ 297/700 ] LOSS   40 turns   shokuhou, kaiba, halibel  vs  frankenstein, death, yugi
[ 298/700 ] WIN    44 turns   shokuhou, mash, mars  vs  tsuyu, itachi, gunha
[ 299/700 ] WIN    37 turns   shokuhou, frieren, adam  vs  aang, frankenstein, jeanne
[ 300/700 ] LOSS   14 turns   shokuhou, minene, power  vs  tatsumi, ichibe, neferpitou
[ 301/700 ] LOSS   24 turns   shokuhou, gallantmon, machinedramon  vs  kaiba, shiro, emiyaarcher
Applying bleed effect! Checking special code
Applying bleed effect! Checking special code
Applying bleed effect! Checking special code
Applying bleed effect! Checking special code
[ 302/700 ] WIN    26 turns   shokuhou, rengoku, alphamon  vs  hibari, diane, crona
[ 303/700 ] LOSS   11 turns   shokuhou, inuyasha, sasuke  vs  horohoro, ichigo, sukuna
Applying bleed effect! Checking special code
[ 304/700 ] LOSS   22 turns   shokuhou, touka, power  vs  ryohei, midoriya, levi
Applying bleed effect! Checking special code
[ 305/700 ] LOSS   19 turns   shokuhou, yoh, mine  vs  rengoku, megumi, rob
[ 306/700 ] LOSS   33 turns   shokuhou, lucy, goku  vs  ichibe, yugi, noelle
Yubel's S1 Triggered!
Yubel's S1 Triggered!
[ 307/700 ] LOSS   16 turns   shokuhou, horohoro, saber  vs  yuji, yubel, lizandpatty
[ 308/700 ] WIN    16 turns   shokuhou, ichigo, kurotsuchi  vs  adam, sukuna, goku
[ 309/700 ] WIN    20 turns   shokuhou, gasai, mine  vs  luffy, toji, meliodas
[ 310/700 ] LOSS   18 turns   shokuhou, xanxus, cooler  vs  impmon, horohoro, lizandpatty
[ 311/700 ] LOSS   17 turns   shokuhou, alphonse, xanxus  vs  mikasa, ichibe, esdeath
[ 312/700 ] LOSS   18 turns   shokuhou, hibari, megumin  vs  rimuru, gohan, ryohei
[ 313/700 ] LOSS   18 turns   shokuhou, xanxus, jeanne  vs  jesse, semiramis, tsunayoshi
Applying bleed effect! Checking special code
[ 314/700 ] LOSS   22 turns   shokuhou, kid, jesse  vs  pegasus, cooler, power
Applying bleed effect! Checking special code
[ 315/700 ] WIN    26 turns   shokuhou, tsubasa, yuno  vs  king, jinwoo, lizandpatty
[ 316/700 ] LOSS   16 turns   shokuhou, byakuya, crona  vs  alphonse, shinoa, cell
[ 317/700 ] WIN    41 turns   shokuhou, jupiter, kid  vs  adam, soul, toph
[ 318/700 ] LOSS   20 turns   shokuhou, gohan, ichigo  vs  gatomon, gilgamesh, itachi
Applying bleed effect! Checking special code
Applying bleed effect! Checking special code
Applying bleed effect! Checking special code
[ 319/700 ] LOSS   18 turns   shokuhou, rimuru, mikasa  vs  ryohei, yamamoto, rakko
[ 320/700 ] LOSS   16 turns   shokuhou, mars, misaka  vs  levi, lucy, uraraka
[ 321/700 ] LOSS   23 turns   shokuhou, tsubaki, veldora  vs  omnimon, tsuyu, ladydevimon
Applying bleed effect! Checking special code
[ 322/700 ] LOSS   14 turns   shokuhou, allmight, ace  vs  aiohto, shinoa, inosuke
[ 323/700 ] LOSS   17 turns   shokuhou, venus, tsuyu  vs  midoriya, death, mikasa
Applying bleed effect! Checking special code
Applying bleed effect! Checking special code
Applying bleed effect! Checking special code
[ 324/700 ] LOSS   29 turns   shokuhou, inosuke, yamamoto  vs  halibel, diane, yugi
[ 325/700 ] LOSS   13 turns   shokuhou, jack, tsuyu  vs  genos, alphamon, gon
[ 326/700 ] WIN    26 turns   shokuhou, ace, neferpitou  vs  vegeta, muichiro, emiya
[ 327/700 ] LOSS   16 turns   shokuhou, emiya, mami  vs  aiohto, erza, impmon
[ 328/700 ] LOSS   16 turns   shokuhou, gogeta, uraraka  vs  allmight, inuyasha, saber
[ 329/700 ] WIN    36 turns   shokuhou, orihime, neferpitou  vs  tsuyu, tsubasa, alphonse
[ 330/700 ] LOSS   19 turns   shokuhou, toga, vegeta  vs  ichigo, hawkmon, mash
Applying bleed effect! Checking special code
Applying bleed effect! Checking special code
[ 331/700 ] LOSS   29 turns   shokuhou, ryuko, todoroki  vs  ichibe, power, meliodas
[ 332/700 ] LOSS   29 turns   shokuhou, kaiba, mikasa  vs  nezuko, tsubaki, hawkmon
[ 333/700 ] LOSS   19 turns   shokuhou, death, mikasa  vs  touka, nezuko, korra
Applying bleed effect! Checking special code
Applying bleed effect! Checking special code
[ 334/700 ] LOSS   17 turns   shokuhou, emiya, blackstar  vs  power, madoka, neferpitou
[ 335/700 ] LOSS   20 turns   shokuhou, astolfo, hinata  vs  mars, vegeta, tsubaki
[ 336/700 ] LOSS   25 turns   shokuhou, mikasa, hinata  vs  kaiba, aiohto, kurapika
[ 337/700 ] WIN    18 turns   shokuhou, cooler, sukuna  vs  nimaiya, todoroki, machinedramon
Applying bleed effect! Checking special code
Applying bleed effect! Checking special code
Applying bleed effect! Checking special code
Applying bleed effect! Checking special code
Applying bleed effect! Checking special code
[ 338/700 ] LOSS   35 turns   shokuhou, kurapika, venus  vs  saitama, emiyaarcher, rengoku
Applying bleed effect! Checking special code
[ 339/700 ] LOSS   17 turns   shokuhou, jupiter, ganta  vs  power, vegeta, ichibe
[ 340/700 ] WIN    23 turns   shokuhou, satsuki, lyserg  vs  mikasa, noelle, tsunayoshi
[ 341/700 ] LOSS   25 turns   shokuhou, mavis, blackwargreymon  vs  kuroko, kurapika, tsuyu
[ 342/700 ] WIN    22 turns   shokuhou, asta, yoh  vs  adam, saber, nobara
[ 343/700 ] LOSS   50 turns   shokuhou, tatsumi, marco  vs  alphonse, uranus, gallantmon
Applying bleed effect! Checking special code
[ 344/700 ] LOSS   29 turns   shokuhou, inosuke, shinra  vs  boruto, nonon, megumin
[ 345/700 ] WIN    22 turns   shokuhou, myotismon, kaiba  vs  jinwoo, tsunayoshi, kitara
Applying bleed effect! Checking special code
Applying bleed effect! Checking special code
[ 346/700 ] LOSS   20 turns   shokuhou, lyserg, power  vs  yuji, xanxus, kuroko
Applying bleed effect! Checking special code
Applying bleed effect! Checking special code
Applying bleed effect! Checking special code
Applying bleed effect! Checking special code
Applying bleed effect! Checking special code
Applying bleed effect! Checking special code
[ 347/700 ] LOSS   10 turns   shokuhou, tanjiro, rimuru  vs  asta, gogeta, ken
[ 348/700 ] LOSS   15 turns   shokuhou, muichiro, yoh  vs  jack, madoka, nezuko
Applying bleed effect! Checking special code
[ 349/700 ] LOSS   14 turns   shokuhou, king, kurapika  vs  luffy, gon, misaka
[ 350/700 ] LOSS   23 turns   shokuhou, luffy, jeanne  vs  saber, minene, sheele
[ 351/700 ] LOSS   16 turns   shokuhou, toga, hisoka  vs  kid, nagisa, jupiter
[ 352/700 ] LOSS   33 turns   shokuhou, lucy, tsubaki  vs  mars, toga, uranus
[ 353/700 ] LOSS   25 turns   shokuhou, veldora, eren  vs  neferpitou, rimuru, muichiro
Applying bleed effect! Checking special code
Applying bleed effect! Checking special code
Applying bleed effect! Checking special code
Applying bleed effect! Checking special code
Applying bleed effect! Checking special code
Applying bleed effect! Checking special code
[ 354/700 ] LOSS   11 turns   shokuhou, kid, halibel  vs  ken, cell, bakugo
[ 355/700 ] LOSS   21 turns   shokuhou, yoh, sheele  vs  satsuki, broly, itachi
Applying bleed effect! Checking special code
Applying bleed effect! Checking special code
Applying bleed effect! Checking special code
[ 356/700 ] LOSS   11 turns   shokuhou, ken, killua  vs  gray, madoka, semiramis
Applying bleed effect! Checking special code
Applying bleed effect! Checking special code
Applying bleed effect! Checking special code
Applying bleed effect! Checking special code
Applying bleed effect! Checking special code
Applying bleed effect! Checking special code
[ 357/700 ] LOSS   17 turns   shokuhou, emiyaarcher, rob  vs  sakura, yoh, ken
[ 358/700 ] WIN    23 turns   shokuhou, genos, todoroki  vs  gon, satsuki, tsuyu
[ 359/700 ] LOSS   19 turns   shokuhou, akame, emiya  vs  yuno, minene, korra
[ 360/700 ] WIN    15 turns   shokuhou, chrome, frankenstein  vs  omnimon, pegasus, emiyaarcher
[ 361/700 ] WIN    30 turns   shokuhou, ace, rimuru  vs  myotismon, aiohto, eren
[ 362/700 ] LOSS   23 turns   shokuhou, nonon, mash  vs  ryuko, semiramis, toudou
[ 363/700 ] LOSS   24 turns   shokuhou, usopp, tanjiro  vs  hawkmon, yuno, toudou
[ 364/700 ] LOSS   20 turns   shokuhou, madoka, orihime  vs  xanxus, sasuke, hisoka
[ 365/700 ] LOSS   19 turns   shokuhou, tanjiro, megumi  vs  toudou, jack, misaka
[ 366/700 ] LOSS   22 turns   shokuhou, gray, ace  vs  gogeta, halibel, ryohei
[ 367/700 ] LOSS   23 turns   shokuhou, tamaki, allmight  vs  machinedramon, toudou, tsunayoshi
[ 368/700 ] LOSS   29 turns   shokuhou, megumin, cooler  vs  nezuko, saitama, veldora
[ 369/700 ] LOSS   12 turns   shokuhou, luffy, inuyasha  vs  astolfo, kid, esdeath
Applying bleed effect! Checking special code
Applying bleed effect! Checking special code
Applying bleed effect! Checking special code
Applying bleed effect! Checking special code
[ 370/700 ] LOSS   22 turns   shokuhou, denji, toudou  vs  megumi, kaiba, kuroko
[ 371/700 ] WIN    19 turns   shokuhou, ban, maka  vs  sukuna, akame, jeanne
[ 372/700 ] LOSS   16 turns   shokuhou, ladydevimon, sasuke  vs  mercury, yubel, inuyasha
Applying bleed effect! Checking special code
Applying bleed effect! Checking special code
Applying bleed effect! Checking special code
Applying bleed effect! Checking special code
Applying bleed effect! Checking special code
Applying bleed effect! Checking special code
Applying bleed effect! Checking special code
[ 373/700 ] LOSS   21 turns   shokuhou, tsubasa, xanxus  vs  tamaki, arthur, ken
Applying bleed effect! Checking special code
Applying bleed effect! Checking special code
[ 374/700 ] WIN    44 turns   shokuhou, nobara, diane  vs  ichigo, gatomon, yubel
[ 375/700 ] LOSS   24 turns   shokuhou, adam, midoriya  vs  tsubaki, nezuko, cell
[ 376/700 ] WIN    35 turns   shokuhou, venus, horohoro  vs  shinoa, kitara, mercury
[ 377/700 ] LOSS   15 turns   shokuhou, xanxus, usopp  vs  genos, seventeen, kurapika
[ 378/700 ] WIN    28 turns   shokuhou, neferpitou, maka  vs  horohoro, esdeath, pegasus
[ 379/700 ] LOSS   20 turns   shokuhou, mami, power  vs  sasuke, uranus, naruto
[ 380/700 ] LOSS   21 turns   shokuhou, squalo, touka  vs  alphonse, emiyaarcher, zenitsu
[ 381/700 ] LOSS   16 turns   shokuhou, lyserg, ace  vs  alphonse, maka, inuyasha
[ 382/700 ] LOSS   18 turns   shokuhou, yubel, sakura  vs  cooler, yuno, uzui
[ 383/700 ] LOSS   24 turns   shokuhou, alphamon, hawkmon  vs  nagisa, bakugo, nonon
Applying bleed effect! Checking special code
Applying bleed effect! Checking special code
Applying bleed effect! Checking special code
[ 384/700 ] LOSS   20 turns   shokuhou, kuroko, denji  vs  tamaki, rengoku, mine
[ 385/700 ] WIN    31 turns   shokuhou, ryuko, hibari  vs  sasuke, sakura, koro
[ 386/700 ] LOSS   14 turns   shokuhou, yuji, veldora  vs  tatsumi, tsubaki, touka
[ 387/700 ] WIN    27 turns   shokuhou, blackwargreymon, tokoyami  vs  shinoa, pegasus, ban
[ 388/700 ] WIN    16 turns   shokuhou, mavis, rob  vs  omnimon, gon, tatsumaki
Applying bleed effect! Checking special code
Applying bleed effect! Checking special code
Applying bleed effect! Checking special code
Applying bleed effect! Checking special code
Applying bleed effect! Checking special code
Applying bleed effect! Checking special code
Applying bleed effect! Checking special code
Applying bleed effect! Checking special code
Applying bleed effect! Checking special code
Applying bleed effect! Checking special code
Applying bleed effect! Checking special code
Applying bleed effect! Checking special code
Applying bleed effect! Checking special code
Applying bleed effect! Checking special code
[ 389/700 ] LOSS   11 turns   shokuhou, chrome, byakuya  vs  marco, tatsumi, king
[ 390/700 ] WIN    19 turns   shokuhou, ryuko, madoka  vs  ace, emiyaarcher, crona
[ 391/700 ] LOSS   24 turns   shokuhou, soul, mash  vs  hashirama, goku, korra
[ 392/700 ] LOSS   18 turns   shokuhou, arthur, nezuko  vs  sasuke, touka, squalo
[ 393/700 ] LOSS   18 turns   shokuhou, tatsumi, aang  vs  levi, yoh, neferpitou
Applying bleed effect! Checking special code
Applying bleed effect! Checking special code
Applying bleed effect! Checking special code
Applying bleed effect! Checking special code
[ 394/700 ] LOSS   18 turns   shokuhou, frankenstein, hashirama  vs  aiohto, sheele, rakko
[ 395/700 ] LOSS   26 turns   shokuhou, midoriya, tsubaki  vs  zoro, boruto, ichigo
[ 396/700 ] LOSS   20 turns   shokuhou, nonon, shinra  vs  saitama, emiya, horohoro
Applying bleed effect! Checking special code
Applying bleed effect! Checking special code
Applying bleed effect! Checking special code
Applying bleed effect! Checking special code
Applying bleed effect! Checking special code
Applying bleed effect! Checking special code
[ 397/700 ] LOSS   27 turns   shokuhou, tsuyu, neferpitou  vs  ban, touka, ken
[ 398/700 ] LOSS   15 turns   shokuhou, gilgamesh, uranus  vs  mars, saturn, inuyasha
[ 399/700 ] DRAW  500 turns   shokuhou, rob, mash  vs  usopp, impmon, jesse
[ 400/700 ] LOSS   15 turns   shokuhou, genos, sukuna  vs  hashirama, ladydevimon, tamaki
[ 401/700 ] LOSS   32 turns   shokuhou, saitama, rimuru  vs  erza, byakuya, ban
[ 402/700 ] LOSS   18 turns   shokuhou, todoroki, venus  vs  myotismon, gon, renamon
[ 403/700 ] WIN    20 turns   shokuhou, vegeta, jack  vs  ladydevimon, soul, tanjiro
[ 404/700 ] WIN    20 turns   shokuhou, astolfo, zenitsu  vs  touka, nel, kurapika
[ 405/700 ] WIN    28 turns   shokuhou, death, goku  vs  venus, mami, meliodas
[ 406/700 ] LOSS   24 turns   shokuhou, muichiro, astolfo  vs  korra, mavis, squalo
Applying bleed effect! Checking special code
Applying bleed effect! Checking special code
Applying bleed effect! Checking special code
Applying bleed effect! Checking special code
Applying bleed effect! Checking special code
Applying bleed effect! Checking special code
Applying bleed effect! Checking special code
Applying bleed effect! Checking special code
Applying bleed effect! Checking special code
Applying bleed effect! Checking special code
Applying bleed effect! Checking special code
Applying bleed effect! Checking special code
Applying bleed effect! Checking special code
[ 407/700 ] LOSS   12 turns   shokuhou, denji, megumin  vs  rakko, myotismon, king
[ 408/700 ] WIN    26 turns   shokuhou, ganta, arthur  vs  horohoro, koro, todoroki
[ 409/700 ] LOSS   23 turns   shokuhou, edward, shiro  vs  halibel, rengoku, blackwargreymon
Applying bleed effect! Checking special code
Applying bleed effect! Checking special code
Applying bleed effect! Checking special code
Applying bleed effect! Checking special code
Applying bleed effect! Checking special code
[ 410/700 ] WIN    20 turns   shokuhou, king, kuroko  vs  ichigo, ryohei, shiro
[ 411/700 ] LOSS   26 turns   shokuhou, shinra, emiya  vs  allmight, ban, chrome
[ 412/700 ] WIN    26 turns   shokuhou, broly, cell  vs  madoka, jeanne, tamaki
[ 413/700 ] LOSS   12 turns   shokuhou, gon, allmight  vs  shinra, rengoku, ryuko
[ 414/700 ] WIN    32 turns   shokuhou, jupiter, sasuke  vs  yoh, killua, gohan
[ 415/700 ] LOSS   18 turns   shokuhou, inuyasha, itachi  vs  blackstar, sasuke, bakugo
Applying bleed effect! Checking special code
Applying bleed effect! Checking special code
Applying bleed effect! Checking special code
Applying bleed effect! Checking special code
Applying bleed effect! Checking special code
Applying bleed effect! Checking special code
Applying bleed effect! Checking special code
Applying bleed effect! Checking special code
Applying bleed effect! Checking special code
Applying bleed effect! Checking special code
Applying bleed effect! Checking special code
Applying bleed effect! Checking special code
Applying bleed effect! Checking special code
Applying bleed effect! Checking special code
Applying bleed effect! Checking special code
Applying bleed effect! Checking special code
[ 416/700 ] LOSS   18 turns   shokuhou, ken, kurapika  vs  frankenstein, jaden, king
[ 417/700 ] LOSS   29 turns   shokuhou, gohan, astolfo  vs  frankenstein, killua, rob
[ 418/700 ] WIN    21 turns   shokuhou, megumin, tamaki  vs  eren, mami, kurapika
[ 419/700 ] WIN    29 turns   shokuhou, rimuru, yamamoto  vs  sakura, venus, boruto
[ 420/700 ] DRAW  500 turns   shokuhou, alphonse, arthur  vs  jesse, killua, gohan
[ 421/700 ] LOSS   27 turns   shokuhou, saitama, semiramis  vs  levi, cooler, hibari
[ 422/700 ] LOSS   17 turns   shokuhou, mami, jeanne  vs  nel, alphamon, rimuru
[ 423/700 ] LOSS   27 turns   shokuhou, yamamoto, impmon  vs  tsubaki, yubel, semiramis
Applying bleed effect! Checking special code
[ 424/700 ] WIN    54 turns   shokuhou, jack, erza  vs  jeanne, noelle, inosuke
[ 425/700 ] WIN    20 turns   shokuhou, neferpitou, emiya  vs  shinra, naruto, veldora
[ 426/700 ] LOSS   25 turns   shokuhou, ryuko, yamamoto  vs  omnimon, yuji, mash
[ 427/700 ] WIN    32 turns   shokuhou, luffy, gogeta  vs  yuno, goku, gon
[ 428/700 ] WIN    34 turns   shokuhou, nonon, aang  vs  nel, nimaiya, ichibe
Applying bleed effect! Checking special code
Applying bleed effect! Checking special code
Applying bleed effect! Checking special code
[ 429/700 ] LOSS   21 turns   shokuhou, rengoku, uraraka  vs  lucy, emiyaarcher, nimaiya
[ 430/700 ] LOSS   21 turns   shokuhou, gunha, crona  vs  shinra, koro, sheele
[ 431/700 ] WIN    29 turns   shokuhou, aiohto, toji  vs  bakugo, toudou, nonon
Applying bleed effect! Checking special code
Applying bleed effect! Checking special code
[ 432/700 ] LOSS   13 turns   shokuhou, blackwargreymon, rengoku  vs  madoka, halibel, luffy
Applying bleed effect! Checking special code
[ 433/700 ] WIN    24 turns   shokuhou, diane, ladydevimon  vs  uranus, ichibe, myotismon
[ 434/700 ] LOSS   18 turns   shokuhou, ryuko, impmon  vs  diane, madoka, gojo
[ 435/700 ] WIN    19 turns   shokuhou, touka, gray  vs  marco, aang, horohoro
[ 436/700 ] LOSS   15 turns   shokuhou, mikasa, maka  vs  blackstar, esdeath, sakura
[ 437/700 ] LOSS   20 turns   shokuhou, uzui, gatomon  vs  arthur, esdeath, adam
[ 438/700 ] LOSS   14 turns   shokuhou, venus, genos  vs  seventeen, hinata, tsubasa
Applying bleed effect! Checking special code
Applying bleed effect! Checking special code
[ 439/700 ] LOSS   46 turns   shokuhou, ryohei, saturn  vs  gallantmon, kuroko, rakko
[ 440/700 ] LOSS   17 turns   shokuhou, jesse, gojo  vs  erza, kurapika, tsunayoshi
[ 441/700 ] LOSS   30 turns   shokuhou, jeanne, squalo  vs  yamamoto, rengoku, nonon
[ 442/700 ] LOSS   25 turns   shokuhou, mikasa, hinata  vs  natsu, tsubaki, yugi
[ 443/700 ] WIN    22 turns   shokuhou, broly, nagisa  vs  tsubasa, mine, korra
[ 444/700 ] LOSS   27 turns   shokuhou, horohoro, death  vs  saber, asta, cell
[ 445/700 ] WIN    20 turns   shokuhou, usopp, hashirama  vs  misaka, kurotsuchi, tokoyami
[ 446/700 ] WIN    28 turns   shokuhou, maka, nagisa  vs  yuno, veldora, inuyasha
[ 447/700 ] LOSS   20 turns   shokuhou, genos, ace  vs  pegasus, gatomon, kitara
[ 448/700 ] LOSS   11 turns   shokuhou, tamaki, renamon  vs  mavis, marco, lucy
[ 449/700 ] WIN    27 turns   shokuhou, sakura, erza  vs  megumin, adam, hinata
[ 450/700 ] WIN    16 turns   shokuhou, yugi, frankenstein  vs  rob, halibel, boruto
Applying bleed effect! Checking special code
[ 451/700 ] WIN    20 turns   shokuhou, ichigo, sayaka  vs  yuji, inosuke, inuyasha
[ 452/700 ] LOSS   18 turns   shokuhou, ichibe, ichigo  vs  kuroko, lizandpatty, toudou
Applying bleed effect! Checking special code
[ 453/700 ] WIN    18 turns   shokuhou, frieren, death  vs  edward, lucy, power
Applying bleed effect! Checking special code
Applying bleed effect! Checking special code
Applying bleed effect! Checking special code
Applying bleed effect! Checking special code
Applying bleed effect! Checking special code
Applying bleed effect! Checking special code
[ 454/700 ] WIN    20 turns   shokuhou, death, denji  vs  horohoro, cell, tsunayoshi
[ 455/700 ] WIN    22 turns   shokuhou, nel, goku  vs  mavis, gray, saturn
[ 456/700 ] WIN    17 turns   shokuhou, nel, touka  vs  zoro, ryuko, ladydevimon
[ 457/700 ] LOSS   25 turns   shokuhou, edward, maka  vs  gunha, gojo, marco
[ 458/700 ] LOSS   31 turns   shokuhou, xanxus, todoroki  vs  megumi, blackstar, minene
[ 459/700 ] WIN    27 turns   shokuhou, shinra, death  vs  jesse, frankenstein, hinata
[ 460/700 ] LOSS   17 turns   shokuhou, gatomon, tanjiro  vs  mars, usopp, nagisa
[ 461/700 ] WIN    27 turns   shokuhou, yoh, ichigo  vs  arthur, saitama, blackwargreymon
[ 462/700 ] LOSS   15 turns   shokuhou, venus, gilgamesh  vs  hashirama, asta, ichibe
[ 463/700 ] LOSS   16 turns   shokuhou, aiohto, jeanne  vs  xanxus, hisoka, byakuya
[ 464/700 ] LOSS   34 turns   shokuhou, horohoro, mercury  vs  megumin, mami, nel
Applying bleed effect! Checking special code
[ 465/700 ] LOSS   20 turns   shokuhou, blackwargreymon, nimaiya  vs  renamon, rengoku, edward
[ 466/700 ] WIN    27 turns   shokuhou, zenitsu, omnimon  vs  jeanne, midoriya, yamamoto
Applying bleed effect! Checking special code
[ 467/700 ] LOSS   18 turns   shokuhou, sayaka, rengoku  vs  midoriya, hawkmon, tsubasa
[ 468/700 ] LOSS   14 turns   shokuhou, megumi, gon  vs  hashirama, saitama, kurapika
[ 469/700 ] LOSS   16 turns   shokuhou, genos, ganta  vs  impmon, mami, vegeta
[ 470/700 ] LOSS   35 turns   shokuhou, korra, ladydevimon  vs  blackstar, allmight, tsunayoshi
Applying bleed effect! Checking special code
Applying bleed effect! Checking special code
Applying bleed effect! Checking special code
Applying bleed effect! Checking special code
[ 471/700 ] LOSS   25 turns   shokuhou, horohoro, seventeen  vs  diane, power, saturn
[ 472/700 ] LOSS   28 turns   shokuhou, kaiba, byakuya  vs  mami, levi, jack
Applying bleed effect! Checking special code
Applying bleed effect! Checking special code
Applying bleed effect! Checking special code
Applying bleed effect! Checking special code
Applying bleed effect! Checking special code
Applying bleed effect! Checking special code
Applying bleed effect! Checking special code
Applying bleed effect! Checking special code
Applying bleed effect! Checking special code
Applying bleed effect! Checking special code
[ 473/700 ] LOSS   18 turns   shokuhou, veldora, korra  vs  impmon, levi, king
[ 474/700 ] LOSS   18 turns   shokuhou, hinata, yuno  vs  allmight, ichigo, eren
[ 475/700 ] LOSS   17 turns   shokuhou, zenitsu, venus  vs  myotismon, hashirama, rob
[ 476/700 ] LOSS   17 turns   shokuhou, toga, yamamoto  vs  mikasa, megumin, tatsumaki
[ 477/700 ] LOSS   10 turns   shokuhou, cooler, renamon  vs  gohan, ganta, madoka
[ 478/700 ] WIN    21 turns   shokuhou, nagisa, rob  vs  alphonse, ace, blackwargreymon
[ 479/700 ] LOSS   22 turns   shokuhou, tokoyami, hisoka  vs  shinoa, gojo, shinra
Applying bleed effect! Checking special code
Applying bleed effect! Checking special code
Applying bleed effect! Checking special code
[ 480/700 ] LOSS   23 turns   shokuhou, denji, ganta  vs  uranus, omnimon, veldora
[ 481/700 ] WIN    21 turns   shokuhou, ichibe, genos  vs  nezuko, jesse, renamon
[ 482/700 ] LOSS   21 turns   shokuhou, sayaka, jesse  vs  halibel, esdeath, uraraka
Applying bleed effect! Checking special code
Applying bleed effect! Checking special code
Applying bleed effect! Checking special code
Applying bleed effect! Checking special code
Applying bleed effect! Checking special code
Applying bleed effect! Checking special code
Applying bleed effect! Checking special code
Applying bleed effect! Checking special code
Applying bleed effect! Checking special code
Applying bleed effect! Checking special code
Applying bleed effect! Checking special code
Applying bleed effect! Checking special code
Applying bleed effect! Checking special code
[ 483/700 ] WIN    17 turns   shokuhou, midoriya, king  vs  blackwargreymon, korra, kuroko
Applying bleed effect! Checking special code
Applying bleed effect! Checking special code
Applying bleed effect! Checking special code
[ 484/700 ] WIN    31 turns   shokuhou, toph, kurotsuchi  vs  rakko, naruto, broly
[ 485/700 ] DRAW  500 turns   shokuhou, zenitsu, gallantmon  vs  kuroko, yamamoto, jeanne
[ 486/700 ] LOSS   14 turns   shokuhou, cell, death  vs  sheele, tamaki, astolfo
[ 487/700 ] LOSS   31 turns   shokuhou, blackstar, noelle  vs  boruto, saber, korra
[ 488/700 ] LOSS   18 turns   shokuhou, death, uranus  vs  minene, shiro, hisoka
[ 489/700 ] LOSS   23 turns   shokuhou, tsunayoshi, soul  vs  ryuko, toudou, uranus
[ 490/700 ] LOSS   20 turns   shokuhou, tsubaki, kuroko  vs  ichigo, inosuke, goku
[ 491/700 ] LOSS   25 turns   shokuhou, mami, hashirama  vs  marco, saturn, jeanne
[ 492/700 ] LOSS   17 turns   shokuhou, cooler, levi  vs  vegeta, marco, uzui
[ 493/700 ] LOSS   13 turns   shokuhou, saber, allmight  vs  ryohei, asta, toga
Applying bleed effect! Checking special code
Applying bleed effect! Checking special code
Applying bleed effect! Checking special code
Applying bleed effect! Checking special code
Applying bleed effect! Checking special code
Applying bleed effect! Checking special code
Applying bleed effect! Checking special code
Applying bleed effect! Checking special code
[ 494/700 ] LOSS   26 turns   shokuhou, halibel, marco  vs  itachi, ken, minene
Applying bleed effect! Checking special code
Applying bleed effect! Checking special code
Applying bleed effect! Checking special code
Applying bleed effect! Checking special code
Applying bleed effect! Checking special code
Applying bleed effect! Checking special code
Applying bleed effect! Checking special code
[ 495/700 ] LOSS   20 turns   shokuhou, king, allmight  vs  natsu, toudou, broly
[ 496/700 ] LOSS   18 turns   shokuhou, ace, tsubaki  vs  uranus, alphamon, gogeta
[ 497/700 ] LOSS   14 turns   shokuhou, alphonse, allmight  vs  frieren, killua, ganta
[ 498/700 ] LOSS   13 turns   shokuhou, hawkmon, omnimon  vs  jupiter, noelle, shinra
[ 499/700 ] LOSS   16 turns   shokuhou, ichibe, mash  vs  levi, meliodas, bakugo
[ 500/700 ] LOSS   35 turns   shokuhou, renamon, esdeath  vs  kitara, nimaiya, mavis
[ 501/700 ] LOSS   17 turns   shokuhou, crona, satsuki  vs  inosuke, asta, luffy
[ 502/700 ] LOSS   34 turns   shokuhou, rimuru, saber  vs  nezuko, mash, boruto
[ 503/700 ] WIN    20 turns   shokuhou, alphamon, vegeta  vs  lizandpatty, koro, gallantmon
[ 504/700 ] WIN    10 turns   shokuhou, esdeath, hashirama  vs  gasai, jupiter, saitama
Applying bleed effect! Checking special code
[ 505/700 ] LOSS   17 turns   shokuhou, tokoyami, lyserg  vs  rengoku, tatsumi, uzui
[ 506/700 ] LOSS   21 turns   shokuhou, edward, byakuya  vs  boruto, muichiro, touka
[ 507/700 ] WIN    23 turns   shokuhou, gojo, nagisa  vs  midoriya, jaden, crona
Applying bleed effect! Checking special code
Applying bleed effect! Checking special code
Applying bleed effect! Checking special code
Applying bleed effect! Checking special code
Applying bleed effect! Checking special code
[ 508/700 ] LOSS   22 turns   shokuhou, yuji, uranus  vs  midoriya, broly, ken
[ 509/700 ] LOSS   16 turns   shokuhou, myotismon, nonon  vs  satsuki, akame, blackwargreymon
[ 510/700 ] LOSS   18 turns   shokuhou, satsuki, toph  vs  sheele, semiramis, venus
Applying bleed effect! Checking special code
Applying bleed effect! Checking special code
Applying bleed effect! Checking special code
Applying bleed effect! Checking special code
Applying bleed effect! Checking special code
Applying bleed effect! Checking special code
[ 511/700 ] LOSS   20 turns   shokuhou, vegeta, ken  vs  myotismon, tatsumaki, cooler
Applying bleed effect! Checking special code
Applying bleed effect! Checking special code
Applying bleed effect! Checking special code
[ 512/700 ] LOSS   13 turns   shokuhou, jaden, rengoku  vs  semiramis, tsuyu, esdeath
[ 513/700 ] WIN    15 turns   shokuhou, gunha, alphamon  vs  hibari, itachi, xanxus
[ 514/700 ] WIN    28 turns   shokuhou, mikasa, gohan  vs  itachi, koro, gasai
[ 515/700 ] WIN    17 turns   shokuhou, gallantmon, halibel  vs  inuyasha, saitama, kaiba
Applying bleed effect! Checking special code
Applying bleed effect! Checking special code
Applying bleed effect! Checking special code
Applying bleed effect! Checking special code
Applying bleed effect! Checking special code
Applying bleed effect! Checking special code
[ 516/700 ] LOSS   13 turns   shokuhou, ken, itachi  vs  madoka, muichiro, touka
[ 517/700 ] LOSS   99 turns   shokuhou, marco, mikasa  vs  boruto, kurotsuchi, inosuke
[ 518/700 ] WIN    29 turns   shokuhou, korra, aang  vs  mars, edward, midoriya
[ 519/700 ] WIN    24 turns   shokuhou, yuno, nagisa  vs  kaiba, ladydevimon, adam
[ 520/700 ] WIN    21 turns   shokuhou, usopp, shinra  vs  emiya, mikasa, goku
Applying bleed effect! Checking special code
[ 521/700 ] WIN    20 turns   shokuhou, gray, luffy  vs  crona, diane, asta
[ 522/700 ] LOSS   33 turns   shokuhou, uraraka, megumin  vs  jupiter, boruto, tsubaki
[ 523/700 ] LOSS   11 turns   shokuhou, crona, death  vs  astolfo, madoka, yuno
Applying bleed effect! Checking special code
Applying bleed effect! Checking special code
Applying bleed effect! Checking special code
[ 524/700 ] LOSS   25 turns   shokuhou, gasai, naruto  vs  rengoku, nel, xanxus
[ 525/700 ] LOSS   15 turns   shokuhou, ban, kurotsuchi  vs  madoka, shinra, lizandpatty
Applying bleed effect! Checking special code
Applying bleed effect! Checking special code
Applying bleed effect! Checking special code
[ 526/700 ] WIN    17 turns   shokuhou, hibari, gray  vs  itachi, rengoku, muichiro
[ 527/700 ] LOSS   20 turns   shokuhou, nobara, usopp  vs  boruto, tatsumaki, satsuki
[ 528/700 ] LOSS   18 turns   shokuhou, jinwoo, toph  vs  luffy, maka, horohoro
[ 529/700 ] WIN    46 turns   shokuhou, alphamon, shinra  vs  horohoro, mine, tsubasa
Applying bleed effect! Checking special code
Applying bleed effect! Checking special code
[ 530/700 ] WIN    28 turns   shokuhou, denji, cell  vs  koro, bakugo, luffy
[ 531/700 ] LOSS   23 turns   shokuhou, jesse, gohan  vs  mami, sakura, killua
[ 532/700 ] LOSS   12 turns   shokuhou, zenitsu, jinwoo  vs  tsunayoshi, semiramis, madoka
[ 533/700 ] WIN    27 turns   shokuhou, eren, satsuki  vs  squalo, itachi, sakura
[ 534/700 ] LOSS   13 turns   shokuhou, sukuna, rimuru  vs  hawkmon, asta, tanjiro
[ 535/700 ] LOSS   18 turns   shokuhou, emiya, shinoa  vs  jaden, meliodas, gray
Applying bleed effect! Checking special code
Applying bleed effect! Checking special code
Applying bleed effect! Checking special code
Applying bleed effect! Checking special code
Applying bleed effect! Checking special code
Applying bleed effect! Checking special code
[ 536/700 ] WIN    23 turns   shokuhou, ban, xanxus  vs  frankenstein, akame, power
[ 537/700 ] LOSS   14 turns   shokuhou, kid, tsubaki  vs  gon, killua, gallantmon
[ 538/700 ] WIN    24 turns   shokuhou, squalo, kuroko  vs  veldora, luffy, aang
Applying bleed effect! Checking special code
[ 539/700 ] WIN    33 turns   shokuhou, alphonse, ryohei  vs  inosuke, korra, gon
[ 540/700 ] WIN    43 turns   shokuhou, saturn, koro  vs  alphonse, frankenstein, noelle
Applying bleed effect! Checking special code
Applying bleed effect! Checking special code
Applying bleed effect! Checking special code
Applying bleed effect! Checking special code
Applying bleed effect! Checking special code
Applying bleed effect! Checking special code
Applying bleed effect! Checking special code
Applying bleed effect! Checking special code
Applying bleed effect! Checking special code
Applying bleed effect! Checking special code
Applying bleed effect! Checking special code
Applying bleed effect! Checking special code
Applying bleed effect! Checking special code
[ 541/700 ] LOSS   14 turns   shokuhou, ban, ryuko  vs  king, jinwoo, akame
Applying bleed effect! Checking special code
Applying bleed effect! Checking special code
Applying bleed effect! Checking special code
Applying bleed effect! Checking special code
Applying bleed effect! Checking special code
[ 542/700 ] LOSS   17 turns   shokuhou, sheele, squalo  vs  gallantmon, yubel, rakko
[ 543/700 ] LOSS   20 turns   shokuhou, orihime, pegasus  vs  rimuru, blackwargreymon, yugi
[ 544/700 ] LOSS   19 turns   shokuhou, squalo, rimuru  vs  marco, yuno, ace
[ 545/700 ] WIN    20 turns   shokuhou, madoka, saturn  vs  alphamon, jesse, noelle
Applying bleed effect! Checking special code
Applying bleed effect! Checking special code
Applying bleed effect! Checking special code
Applying bleed effect! Checking special code
Applying bleed effect! Checking special code
Applying bleed effect! Checking special code
Applying bleed effect! Checking special code
[ 546/700 ] LOSS   68 turns   shokuhou, gogeta, esdeath  vs  shinra, rakko, toph
[ 547/700 ] LOSS   13 turns   shokuhou, tanjiro, tsunayoshi  vs  kaiba, levi, asta
[ 548/700 ] LOSS   18 turns   shokuhou, blackstar, lyserg  vs  alphonse, genos, lucy
[ 549/700 ] LOSS   21 turns   shokuhou, renamon, gasai  vs  edward, gilgamesh, saber
[ 550/700 ] WIN    27 turns   shokuhou, gunha, hisoka  vs  shinoa, nel, lyserg
Applying bleed effect! Checking special code
Applying bleed effect! Checking special code
Applying bleed effect! Checking special code
[ 551/700 ] WIN    29 turns   shokuhou, horohoro, uzui  vs  ken, killua, vegeta
[ 552/700 ] WIN    36 turns   shokuhou, mami, natsu  vs  gon, yoh, lizandpatty
[ 553/700 ] WIN    15 turns   shokuhou, kurapika, tsubasa  vs  mine, sayaka, hibari
Applying bleed effect! Checking special code
Applying bleed effect! Checking special code
Applying bleed effect! Checking special code
Applying bleed effect! Checking special code
[ 554/700 ] WIN    39 turns   shokuhou, kitara, rengoku  vs  alphonse, diane, sheele
[ 555/700 ] LOSS   18 turns   shokuhou, uraraka, mine  vs  saturn, esdeath, mavis
[ 556/700 ] LOSS   16 turns   shokuhou, hinata, levi  vs  venus, yugi, byakuya
[ 557/700 ] LOSS   30 turns   shokuhou, shinra, vegeta  vs  jinwoo, rimuru, alphonse
Applying bleed effect! Checking special code
Applying bleed effect! Checking special code
Applying bleed effect! Checking special code
Applying bleed effect! Checking special code
Applying bleed effect! Checking special code
Applying bleed effect! Checking special code
[ 558/700 ] LOSS   19 turns   shokuhou, tsubasa, koro  vs  erza, inosuke, arthur
[ 559/700 ] LOSS   30 turns   shokuhou, kurotsuchi, inosuke  vs  natsu, levi, gunha
Applying bleed effect! Checking special code
Applying bleed effect! Checking special code
Applying bleed effect! Checking special code
[ 560/700 ] LOSS   34 turns   shokuhou, zenitsu, shiro  vs  yuji, tokoyami, rakko
[ 561/700 ] LOSS   16 turns   shokuhou, machinedramon, muichiro  vs  crona, gilgamesh, saturn
[ 562/700 ] WIN    18 turns   shokuhou, pegasus, hashirama  vs  hawkmon, adam, lyserg
[ 563/700 ] LOSS   22 turns   shokuhou, orihime, allmight  vs  noelle, ichigo, madoka
[ 564/700 ] LOSS   16 turns   shokuhou, allmight, nobara  vs  gasai, satsuki, lyserg
[ 565/700 ] LOSS   16 turns   shokuhou, jesse, mikasa  vs  allmight, saturn, pegasus
[ 566/700 ] LOSS   17 turns   shokuhou, impmon, yoh  vs  allmight, venus, ladydevimon
[ 567/700 ] LOSS   23 turns   shokuhou, yuji, mars  vs  tokoyami, shiro, tsunayoshi
[ 568/700 ] LOSS   17 turns   shokuhou, shiro, jack  vs  korra, midoriya, ichibe
[ 569/700 ] LOSS   32 turns   shokuhou, eren, astolfo  vs  edward, ganta, kurotsuchi
Applying bleed effect! Checking special code
Applying bleed effect! Checking special code
Applying bleed effect! Checking special code
Applying bleed effect! Checking special code
[ 570/700 ] LOSS   27 turns   shokuhou, koro, toga  vs  denji, jesse, jack
Applying bleed effect! Checking special code
[ 571/700 ] LOSS   24 turns   shokuhou, lizandpatty, inosuke  vs  genos, shinra, saturn
[ 572/700 ] LOSS   18 turns   shokuhou, jinwoo, shinra  vs  cooler, kuroko, nagisa
[ 573/700 ] WIN    20 turns   shokuhou, xanxus, tanjiro  vs  maka, edward, mikasa
[ 574/700 ] LOSS   27 turns   shokuhou, xanxus, arthur  vs  hinata, satsuki, sheele
[ 575/700 ] LOSS   12 turns   shokuhou, sasuke, gatomon  vs  gray, emiyaarcher, kid
[ 576/700 ] LOSS   25 turns   shokuhou, pegasus, kurapika  vs  touka, tsunayoshi, orihime
[ 577/700 ] LOSS   19 turns   shokuhou, akame, uraraka  vs  nimaiya, misaka, yuji
[ 578/700 ] LOSS   18 turns   shokuhou, gunha, vegeta  vs  genos, aang, bakugo
[ 579/700 ] WIN    18 turns   shokuhou, gunha, halibel  vs  cell, pegasus, hibari
[ 580/700 ] WIN    22 turns   shokuhou, seventeen, megumi  vs  maka, jupiter, yamamoto
[ 581/700 ] WIN    20 turns   shokuhou, nel, seventeen  vs  machinedramon, lizandpatty, kurotsuchi
[ 582/700 ] LOSS   21 turns   shokuhou, hawkmon, halibel  vs  erza, nonon, kurapika
[ 583/700 ] WIN    23 turns   shokuhou, sakura, edward  vs  tsubaki, toudou, gasai
[ 584/700 ] LOSS   16 turns   shokuhou, minene, hinata  vs  venus, koro, muichiro
[ 585/700 ] LOSS   25 turns   shokuhou, todoroki, hawkmon  vs  cell, usopp, byakuya
[ 586/700 ] LOSS   22 turns   shokuhou, toji, naruto  vs  seventeen, tatsumaki, toga
[ 587/700 ] WIN    16 turns   shokuhou, adam, gogeta  vs  misaka, nel, mami
[ 588/700 ] LOSS   13 turns   shokuhou, jeanne, yuno  vs  ryohei, saturn, broly
[ 589/700 ] LOSS   23 turns   shokuhou, machinedramon, neferpitou  vs  rob, usopp, jaden
[ 590/700 ] LOSS   16 turns   shokuhou, ryuko, midoriya  vs  allmight, lyserg, uranus
[ 591/700 ] LOSS   18 turns   shokuhou, crona, ichibe  vs  mars, kuroko, lizandpatty
[ 592/700 ] WIN    34 turns   shokuhou, natsu, shiro  vs  nobara, gatomon, mercury
[ 593/700 ] LOSS   18 turns   shokuhou, gojo, pegasus  vs  minene, misaka, gasai
[ 594/700 ] WIN    27 turns   shokuhou, cooler, levi  vs  muichiro, uraraka, renamon
[ 595/700 ] LOSS   19 turns   shokuhou, zenitsu, rob  vs  mavis, megumi, aiohto
Applying bleed effect! Checking special code
Applying bleed effect! Checking special code
Applying bleed effect! Checking special code
Applying bleed effect! Checking special code
Applying bleed effect! Checking special code
Applying bleed effect! Checking special code
[ 596/700 ] LOSS   14 turns   shokuhou, edward, horohoro  vs  ken, hinata, kuroko
[ 597/700 ] LOSS   26 turns   shokuhou, saitama, tanjiro  vs  kitara, kurapika, tatsumaki
Applying bleed effect! Checking special code
[ 598/700 ] LOSS   21 turns   shokuhou, kurotsuchi, kaiba  vs  inosuke, nonon, tanjiro
[ 599/700 ] LOSS   11 turns   shokuhou, xanxus, nezuko  vs  frankenstein, mami, asta
[ 600/700 ] LOSS   19 turns   shokuhou, seventeen, crona  vs  toji, hibari, xanxus
[ 601/700 ] WIN    25 turns   shokuhou, horohoro, semiramis  vs  adam, inuyasha, rob
[ 602/700 ] LOSS   23 turns   shokuhou, toji, crona  vs  kurotsuchi, eren, kid
[ 603/700 ] LOSS   21 turns   shokuhou, touka, yuji  vs  astolfo, emiya, genos
Applying bleed effect! Checking special code
Applying bleed effect! Checking special code
Applying bleed effect! Checking special code
Applying bleed effect! Checking special code
Applying bleed effect! Checking special code
Applying bleed effect! Checking special code
Applying bleed effect! Checking special code
[ 604/700 ] WIN    17 turns   shokuhou, gon, ken  vs  broly, minene, rengoku
[ 605/700 ] WIN    12 turns   shokuhou, sukuna, touka  vs  eren, mars, ladydevimon
[ 606/700 ] LOSS   24 turns   shokuhou, akame, ganta  vs  emiya, yoh, gilgamesh
[ 607/700 ] LOSS   13 turns   shokuhou, orihime, jupiter  vs  vegeta, meliodas, xanxus
[ 608/700 ] LOSS   39 turns   shokuhou, lyserg, crona  vs  saber, megumi, nezuko
Applying bleed effect! Checking special code
Applying bleed effect! Checking special code
[ 609/700 ] LOSS   29 turns   shokuhou, asta, inuyasha  vs  emiya, rengoku, uraraka
Applying bleed effect! Checking special code
Applying bleed effect! Checking special code
Applying bleed effect! Checking special code
Applying bleed effect! Checking special code
Applying bleed effect! Checking special code
Applying bleed effect! Checking special code
Applying bleed effect! Checking special code
[ 610/700 ] LOSS   26 turns   shokuhou, usopp, yuji  vs  ken, myotismon, yamamoto
[ 611/700 ] LOSS   12 turns   shokuhou, tsunayoshi, ichibe  vs  kid, shinoa, saber
[ 612/700 ] LOSS   24 turns   shokuhou, ban, erza  vs  machinedramon, yoh, blackstar
Applying bleed effect! Checking special code
Applying bleed effect! Checking special code
Applying bleed effect! Checking special code
Applying bleed effect! Checking special code
Applying bleed effect! Checking special code
Applying bleed effect! Checking special code
Applying bleed effect! Checking special code
[ 613/700 ] WIN    19 turns   shokuhou, sukuna, satsuki  vs  king, lyserg, minene
[ 614/700 ] WIN    26 turns   shokuhou, ichibe, semiramis  vs  renamon, saber, koro
Applying bleed effect! Checking special code
Applying bleed effect! Checking special code
Applying bleed effect! Checking special code
Applying bleed effect! Checking special code
Applying bleed effect! Checking special code
Applying bleed effect! Checking special code
Applying bleed effect! Checking special code
Applying bleed effect! Checking special code
[ 615/700 ] LOSS   13 turns   shokuhou, ichigo, alphamon  vs  vegeta, machinedramon, king
Applying bleed effect! Checking special code
Applying bleed effect! Checking special code
Applying bleed effect! Checking special code
Applying bleed effect! Checking special code
Applying bleed effect! Checking special code
[ 616/700 ] WIN    22 turns   shokuhou, denji, blackwargreymon  vs  halibel, yoh, mash
Applying bleed effect! Checking special code
[ 617/700 ] LOSS   29 turns   shokuhou, yoh, yamamoto  vs  gunha, toudou, rengoku
[ 618/700 ] WIN    24 turns   shokuhou, gray, tatsumaki  vs  megumi, zenitsu, mars
[ 619/700 ] LOSS   12 turns   shokuhou, usopp, todoroki  vs  nagisa, impmon, shinra
[ 620/700 ] LOSS   16 turns   shokuhou, ban, sasuke  vs  mavis, toph, diane
[ 621/700 ] WIN    26 turns   shokuhou, yuno, goku  vs  yuji, maka, xanxus
[ 622/700 ] LOSS   28 turns   shokuhou, broly, megumin  vs  maka, edward, lizandpatty
Applying bleed effect! Checking special code
Applying bleed effect! Checking special code
Applying bleed effect! Checking special code
Applying bleed effect! Checking special code
Applying bleed effect! Checking special code
[ 623/700 ] LOSS   16 turns   shokuhou, frankenstein, inuyasha  vs  tsubaki, sayaka, ken
[ 624/700 ] LOSS   17 turns   shokuhou, kuroko, akame  vs  allmight, killua, lucy
[ 625/700 ] LOSS   21 turns   shokuhou, orihime, emiyaarcher  vs  gunha, yuno, hibari
[ 626/700 ] LOSS   21 turns   shokuhou, kaiba, satsuki  vs  gatomon, jack, tamaki
[ 627/700 ] LOSS   25 turns   shokuhou, rob, uranus  vs  pegasus, death, yuji
[ 628/700 ] LOSS   14 turns   shokuhou, hinata, naruto  vs  squalo, mikasa, bakugo
[ 629/700 ] LOSS   25 turns   shokuhou, myotismon, uranus  vs  boruto, cooler, tsubasa
[ 630/700 ] LOSS   13 turns   shokuhou, impmon, gatomon  vs  sakura, alphamon, zenitsu
Applying bleed effect! Checking special code
Applying bleed effect! Checking special code
Applying bleed effect! Checking special code
Applying bleed effect! Checking special code
[ 631/700 ] LOSS   18 turns   shokuhou, nezuko, goku  vs  denji, midoriya, ryuko
[ 632/700 ] WIN    33 turns   shokuhou, toga, venus  vs  jeanne, death, yuno
[ 633/700 ] WIN    22 turns   shokuhou, marco, bakugo  vs  sakura, levi, jeanne
[ 634/700 ] WIN    23 turns   shokuhou, natsu, ryohei  vs  cell, ace, midoriya
[ 635/700 ] LOSS   20 turns   shokuhou, saitama, hibari  vs  madoka, gray, soul
Applying bleed effect! Checking special code
Applying bleed effect! Checking special code
Applying bleed effect! Checking special code
Applying bleed effect! Checking special code
[ 636/700 ] LOSS   18 turns   shokuhou, cell, rob  vs  koro, sayaka, ken
Applying bleed effect! Checking special code
Applying bleed effect! Checking special code
Applying bleed effect! Checking special code
Applying bleed effect! Checking special code
[ 637/700 ] WIN    31 turns   shokuhou, power, gallantmon  vs  jesse, megumin, blackstar
[ 638/700 ] LOSS   29 turns   shokuhou, cooler, kurapika  vs  sasuke, minene, veldora
[ 639/700 ] LOSS   28 turns   shokuhou, gunha, cooler  vs  mars, arthur, gatomon
[ 640/700 ] LOSS   27 turns   shokuhou, goku, ichigo  vs  luffy, gatomon, mavis
[ 641/700 ] LOSS   23 turns   shokuhou, arthur, jinwoo  vs  tatsumaki, jupiter, blackstar
[ 642/700 ] LOSS   16 turns   shokuhou, uzui, nonon  vs  mavis, ladydevimon, orihime
[ 643/700 ] LOSS   20 turns   shokuhou, ace, minene  vs  sayaka, ichibe, crona
[ 644/700 ] LOSS   22 turns   shokuhou, sukuna, levi  vs  veldora, yugi, impmon
[ 645/700 ] LOSS   15 turns   shokuhou, madoka, xanxus  vs  gojo, gray, midoriya
[ 646/700 ] LOSS   19 turns   shokuhou, emiyaarcher, shinoa  vs  kuroko, toph, meliodas
[ 647/700 ] LOSS   21 turns   shokuhou, uraraka, tsubasa  vs  shinra, meliodas, nobara
[ 648/700 ] WIN    21 turns   shokuhou, ryuko, usopp  vs  semiramis, tokoyami, maka
[ 649/700 ] WIN    27 turns   shokuhou, ladydevimon, levi  vs  saturn, tsubaki, ban
[ 650/700 ] WIN    45 turns   shokuhou, cell, alphamon  vs  yuji, hisoka, impmon
Applying bleed effect! Checking special code
Applying bleed effect! Checking special code
Applying bleed effect! Checking special code
Applying bleed effect! Checking special code
Applying bleed effect! Checking special code
Applying bleed effect! Checking special code
Applying bleed effect! Checking special code
Applying bleed effect! Checking special code
Applying bleed effect! Checking special code
[ 651/700 ] WIN    25 turns   shokuhou, tatsumi, edward  vs  koro, maka, king
[ 652/700 ] LOSS   16 turns   shokuhou, mami, esdeath  vs  luffy, machinedramon, blackstar
[ 653/700 ] LOSS   18 turns   shokuhou, tanjiro, gon  vs  frieren, shinra, kaiba
[ 654/700 ] LOSS   22 turns   shokuhou, ban, rimuru  vs  nel, tokoyami, tsubaki
[ 655/700 ] WIN    49 turns   shokuhou, ryohei, veldora  vs  mars, rob, noelle
[ 656/700 ] WIN    26 turns   shokuhou, ichibe, uzui  vs  blackwargreymon, nel, tsuyu
Applying bleed effect! Checking special code
Applying bleed effect! Checking special code
[ 657/700 ] LOSS   13 turns   shokuhou, koro, power  vs  alphamon, gilgamesh, kitara
[ 658/700 ] LOSS   33 turns   shokuhou, uraraka, toudou  vs  machinedramon, halibel, itachi
[ 659/700 ] LOSS   16 turns   shokuhou, uraraka, inosuke  vs  tsunayoshi, shinoa, jeanne
[ 660/700 ] LOSS   21 turns   shokuhou, kuroko, gogeta  vs  broly, crona, hibari
[ 661/700 ] LOSS   15 turns   shokuhou, noelle, impmon  vs  sakura, todoroki, nel
Applying bleed effect! Checking special code
Applying bleed effect! Checking special code
Applying bleed effect! Checking special code
Applying bleed effect! Checking special code
[ 662/700 ] WIN    23 turns   shokuhou, nagisa, uranus  vs  ken, yamamoto, toga
[ 663/700 ] WIN    23 turns   shokuhou, seventeen, kitara  vs  inuyasha, meliodas, lucy
[ 664/700 ] LOSS   23 turns   shokuhou, jupiter, jesse  vs  jaden, impmon, bakugo
[ 665/700 ] LOSS   19 turns   shokuhou, yoh, naruto  vs  crona, levi, hashirama
Applying bleed effect! Checking special code
Applying bleed effect! Checking special code
Applying bleed effect! Checking special code
Applying bleed effect! Checking special code
Applying bleed effect! Checking special code
[ 666/700 ] WIN    19 turns   shokuhou, zoro, nezuko  vs  inosuke, mami, todoroki
[ 667/700 ] WIN    27 turns   shokuhou, halibel, lyserg  vs  yuno, power, cooler
[ 668/700 ] LOSS   17 turns   shokuhou, jupiter, nonon  vs  uraraka, yamamoto, emiya
[ 669/700 ] LOSS   21 turns   shokuhou, zenitsu, gogeta  vs  nezuko, luffy, gallantmon
[ 670/700 ] WIN    18 turns   shokuhou, yugi, levi  vs  semiramis, sayaka, korra
[ 671/700 ] LOSS   23 turns   shokuhou, bakugo, usopp  vs  jaden, toji, esdeath
[ 672/700 ] LOSS   26 turns   shokuhou, arthur, tsuyu  vs  ladydevimon, uraraka, usopp
Applying bleed effect! Checking special code
Applying bleed effect! Checking special code
Applying bleed effect! Checking special code
Applying bleed effect! Checking special code
Applying bleed effect! Checking special code
Applying bleed effect! Checking special code
Applying bleed effect! Checking special code
Applying bleed effect! Checking special code
Applying bleed effect! Checking special code
Applying bleed effect! Checking special code
Applying bleed effect! Checking special code
[ 673/700 ] LOSS   15 turns   shokuhou, touka, natsu  vs  nagisa, king, minene
[ 674/700 ] LOSS   16 turns   shokuhou, tatsumi, itachi  vs  jack, luffy, hisoka
[ 675/700 ] WIN    20 turns   shokuhou, mine, sayaka  vs  megumi, venus, tatsumaki
[ 676/700 ] LOSS   36 turns   shokuhou, horohoro, sakura  vs  gogeta, allmight, adam
[ 677/700 ] WIN    24 turns   shokuhou, shinoa, boruto  vs  tatsumi, byakuya, maka
[ 678/700 ] LOSS   28 turns   shokuhou, gallantmon, boruto  vs  xanxus, asta, itachi
[ 679/700 ] LOSS   17 turns   shokuhou, saturn, midoriya  vs  madoka, xanxus, saber
[ 680/700 ] WIN    22 turns   shokuhou, impmon, sukuna  vs  crona, jeanne, nimaiya
[ 681/700 ] LOSS   18 turns   shokuhou, tsubaki, aang  vs  boruto, kid, vegeta
Applying bleed effect! Checking special code
Applying bleed effect! Checking special code
Applying bleed effect! Checking special code
Applying bleed effect! Checking special code
Applying bleed effect! Checking special code
[ 682/700 ] LOSS   20 turns   shokuhou, midoriya, gallantmon  vs  erza, jupiter, rakko
[ 683/700 ] LOSS   19 turns   shokuhou, nimaiya, aiohto  vs  mine, gojo, frieren
[ 684/700 ] LOSS   33 turns   shokuhou, rimuru, saturn  vs  todoroki, marco, jaden
Applying bleed effect! Checking special code
Applying bleed effect! Checking special code
Applying bleed effect! Checking special code
Applying bleed effect! Checking special code
Applying bleed effect! Checking special code
Applying bleed effect! Checking special code
Applying bleed effect! Checking special code
[ 685/700 ] LOSS   32 turns   shokuhou, kurotsuchi, astolfo  vs  korra, nel, king
[ 686/700 ] LOSS   19 turns   shokuhou, tanjiro, shinra  vs  broly, rimuru, genos
[ 687/700 ] LOSS   20 turns   shokuhou, gohan, kuroko  vs  shiro, ladydevimon, diane
[ 688/700 ] LOSS   16 turns   shokuhou, gojo, sukuna  vs  maka, chrome, natsu
[ 689/700 ] LOSS   19 turns   shokuhou, jeanne, natsu  vs  sayaka, sukuna, naruto
[ 690/700 ] WIN    16 turns   shokuhou, kurapika, hashirama  vs  koro, blackwargreymon, tanjiro
[ 691/700 ] LOSS   20 turns   shokuhou, yuno, xanxus  vs  usopp, gatomon, jesse
[ 692/700 ] WIN    15 turns   shokuhou, shinra, touka  vs  hisoka, byakuya, erza
[ 693/700 ] LOSS   17 turns   shokuhou, kitara, jeanne  vs  kaiba, kuroko, adam
[ 694/700 ] WIN    35 turns   shokuhou, jaden, kurotsuchi  vs  killua, midoriya, tatsumaki
Applying bleed effect! Checking special code
Applying bleed effect! Checking special code
[ 695/700 ] LOSS   16 turns   shokuhou, ryuko, noelle  vs  ken, sukuna, madoka
[ 696/700 ] LOSS   22 turns   shokuhou, rengoku, broly  vs  alphamon, semiramis, hibari
[ 697/700 ] LOSS   18 turns   shokuhou, madoka, myotismon  vs  blackwargreymon, levi, impmon
[ 698/700 ] LOSS   25 turns   shokuhou, tsuyu, tatsumaki  vs  natsu, sakura, xanxus
[ 699/700 ] WIN    39 turns   shokuhou, xanxus, machinedramon  vs  edward, akame, naruto
Applying bleed effect! Checking special code
Applying bleed effect! Checking special code
Applying bleed effect! Checking special code
Applying bleed effect! Checking special code
[ 700/700 ] WIN    16 turns   shokuhou, rob, frankenstein  vs  king, misaka, gatomon
=== TRAINER RUN COMPLETE ===
Matches: 700   W: 215   L: 481   D: 4   Win: 30.7%   (opponent: self)
Policy saved to res://training/checkpoints/focus_shokuhou/w0.json  (generation 5, trained_matches 10700)
