Godot Engine v4.6.2.stable.official.71f334935 - https://godotengine.org

[trainer] seed=61004 matches=700 opponent=self eval=false out=res://training/checkpoints/focus_aang/w4.json checkpoint=res://training/checkpoints/focused_current.json
[authored] loaded 1 authored character(s)
[   1/700 ] LOSS   26 turns   aang, gunha, veldora  vs  nagisa, gojo, jinwoo
[   2/700 ] LOSS   16 turns   aang, tatsumi, lizandpatty  vs  vegeta, esdeath, mami
[   3/700 ] WIN    17 turns   aang, natsu, semiramis  vs  astolfo, gatomon, bakugo
[   4/700 ] WIN    16 turns   aang, maka, gatomon  vs  hibari, gilgamesh, genos
[   5/700 ] LOSS   12 turns   aang, omnimon, tamaki  vs  esdeath, edward, kid
Applying bleed effect! Checking special code
[   6/700 ] WIN    16 turns   aang, pegasus, bakugo  vs  diane, ryohei, akame
[   7/700 ] WIN    22 turns   aang, kaiba, yugi  vs  hinata, gatomon, jinwoo
[   8/700 ] LOSS   16 turns   aang, tanjiro, natsu  vs  kitara, tokoyami, esdeath
[   9/700 ] LOSS   20 turns   aang, nel, hisoka  vs  erza, halibel, jeanne
[  10/700 ] WIN    22 turns   aang, shinra, sakura  vs  toji, veldora, tanjiro
[  11/700 ] WIN    20 turns   aang, gohan, jaden  vs  yamamoto, sakura, tsuyu
[  12/700 ] LOSS   27 turns   aang, rimuru, gogeta  vs  nezuko, hibari, erza
[  13/700 ] LOSS   17 turns   aang, sasuke, seventeen  vs  chrome, gogeta, uzui
[  14/700 ] WIN    12 turns   aang, killua, hisoka  vs  gilgamesh, todoroki, crona
Applying bleed effect! Checking special code
Applying bleed effect! Checking special code
[  15/700 ] LOSS   21 turns   aang, nobara, power  vs  jinwoo, tsunayoshi, lucy
[  16/700 ] WIN    49 turns   aang, chrome, gatomon  vs  tsubasa, yamamoto, gogeta
[  17/700 ] LOSS   25 turns   aang, akame, diane  vs  hinata, zoro, zenitsu
[  18/700 ] WIN    12 turns   aang, bakugo, usopp  vs  gohan, machinedramon, shiro
[  19/700 ] WIN    18 turns   aang, mars, uranus  vs  lyserg, yoh, seventeen
[  20/700 ] LOSS   16 turns   aang, korra, tatsumaki  vs  saturn, asta, mami
[  21/700 ] WIN    34 turns   aang, ryohei, jaden  vs  erza, ladydevimon, shiro
[  22/700 ] WIN    19 turns   aang, tsubaki, soul  vs  goku, halibel, lucy
[  23/700 ] LOSS   24 turns   aang, uzui, frankenstein  vs  maka, lucy, megumin
Applying bleed effect! Checking special code
Applying bleed effect! Checking special code
[  24/700 ] WIN    23 turns   aang, esdeath, nobara  vs  eren, emiya, diane
Applying bleed effect! Checking special code
Applying bleed effect! Checking special code
Applying bleed effect! Checking special code
[  25/700 ] WIN    17 turns   aang, aiohto, renamon  vs  jupiter, uranus, king
[  26/700 ] WIN    15 turns   aang, lucy, broly  vs  nel, halibel, tokoyami
Applying bleed effect! Checking special code
[  27/700 ] WIN    15 turns   aang, cell, erza  vs  horohoro, king, gojo
[  28/700 ] WIN    22 turns   aang, hibari, yubel  vs  meliodas, hisoka, levi
Applying bleed effect! Checking special code
[  29/700 ] WIN    14 turns   aang, killua, power  vs  ryohei, veldora, sukuna
[  30/700 ] WIN    15 turns   aang, kuroko, saber  vs  allmight, gohan, jinwoo
Applying bleed effect! Checking special code
Applying bleed effect! Checking special code
[  31/700 ] WIN    20 turns   aang, denji, emiya  vs  gogeta, toph, neferpitou
[  32/700 ] LOSS   36 turns   aang, saturn, toudou  vs  kurotsuchi, mars, noelle
[  33/700 ] LOSS   16 turns   aang, shokuhou, megumin  vs  horohoro, ryuko, gon
[  34/700 ] WIN    17 turns   aang, kitara, jinwoo  vs  tsubasa, adam, ryohei
[  35/700 ] WIN    16 turns   aang, yuji, toji  vs  kitara, frankenstein, xanxus
[  36/700 ] WIN    16 turns   aang, neferpitou, ban  vs  asta, mercury, gogeta
[  37/700 ] LOSS   32 turns   aang, nel, diane  vs  saturn, tanjiro, uzui
[  38/700 ] LOSS   16 turns   aang, eren, lucy  vs  mikasa, maka, broly
[  39/700 ] WIN    20 turns   aang, usopp, blackstar  vs  edward, tsubaki, toga
Yubel's S1 Triggered!
[  40/700 ] WIN    27 turns   aang, rob, toph  vs  akame, yubel, mars
[  41/700 ] WIN    28 turns   aang, tanjiro, sayaka  vs  ichibe, vegeta, nonon
[  42/700 ] LOSS   22 turns   aang, yoh, ichibe  vs  hibari, cooler, naruto
Applying bleed effect! Checking special code
Applying bleed effect! Checking special code
Applying bleed effect! Checking special code
Applying bleed effect! Checking special code
Applying bleed effect! Checking special code
Applying bleed effect! Checking special code
Applying bleed effect! Checking special code
Applying bleed effect! Checking special code
[  43/700 ] LOSS   32 turns   aang, kaiba, king  vs  inosuke, ichibe, mercury
[  44/700 ] LOSS   36 turns   aang, hinata, usopp  vs  eren, nagisa, kitara
Applying bleed effect! Checking special code
Applying bleed effect! Checking special code
Applying bleed effect! Checking special code
Applying bleed effect! Checking special code
Applying bleed effect! Checking special code
Applying bleed effect! Checking special code
[  45/700 ] WIN    23 turns   aang, nimaiya, asta  vs  yugi, king, koro
Applying bleed effect! Checking special code
Applying bleed effect! Checking special code
[  46/700 ] WIN    30 turns   aang, denji, gasai  vs  rob, yuji, cell
[  47/700 ] WIN    20 turns   aang, bakugo, toph  vs  gogeta, genos, yoh
Applying bleed effect! Checking special code
Applying bleed effect! Checking special code
Applying bleed effect! Checking special code
[  48/700 ] WIN    20 turns   aang, rakko, hinata  vs  kurotsuchi, todoroki, shiro
[  49/700 ] WIN    14 turns   aang, madoka, yubel  vs  sukuna, yuno, yoh
Applying bleed effect! Checking special code
[  50/700 ] LOSS   45 turns   aang, tatsumaki, gilgamesh  vs  mine, diane, yubel
Applying bleed effect! Checking special code
Applying bleed effect! Checking special code
Applying bleed effect! Checking special code
Applying bleed effect! Checking special code
Applying bleed effect! Checking special code
Applying bleed effect! Checking special code
Applying bleed effect! Checking special code
[  51/700 ] LOSS   20 turns   aang, yugi, uranus  vs  jeanne, nimaiya, king
[  52/700 ] LOSS   12 turns   aang, toji, cell  vs  inuyasha, jupiter, saitama
[  53/700 ] WIN    24 turns   aang, yubel, mash  vs  mine, sukuna, tsubasa
[  54/700 ] WIN    20 turns   aang, noelle, arthur  vs  byakuya, neferpitou, luffy
[  55/700 ] WIN    15 turns   aang, hisoka, mami  vs  korra, horohoro, jupiter
[  56/700 ] WIN    19 turns   aang, squalo, astolfo  vs  uraraka, arthur, jinwoo
[  57/700 ] LOSS   20 turns   aang, hinata, jeanne  vs  boruto, tokoyami, gallantmon
[  58/700 ] LOSS   20 turns   aang, zenitsu, rob  vs  ichigo, ichibe, halibel
Applying bleed effect! Checking special code
Applying bleed effect! Checking special code
[  59/700 ] WIN    25 turns   aang, rakko, satsuki  vs  mars, saturn, yamamoto
[  60/700 ] WIN    19 turns   aang, soul, astolfo  vs  tatsumaki, halibel, mercury
[  61/700 ] WIN    34 turns   aang, lizandpatty, hinata  vs  saturn, nezuko, gohan
Applying bleed effect! Checking special code
Applying bleed effect! Checking special code
Applying bleed effect! Checking special code
Applying bleed effect! Checking special code
Applying bleed effect! Checking special code
Applying bleed effect! Checking special code
Applying bleed effect! Checking special code
[  62/700 ] LOSS   18 turns   aang, gon, nezuko  vs  yuno, ken, yoh
Applying bleed effect! Checking special code
Applying bleed effect! Checking special code
Applying bleed effect! Checking special code
[  63/700 ] WIN    18 turns   aang, satsuki, arthur  vs  uranus, rengoku, mash
Applying bleed effect! Checking special code
Applying bleed effect! Checking special code
[  64/700 ] LOSS   19 turns   aang, renamon, koro  vs  king, luffy, squalo
[  65/700 ] WIN    20 turns   aang, ryohei, minene  vs  megumi, nonon, gohan
[  66/700 ] WIN    24 turns   aang, byakuya, yugi  vs  sasuke, akame, levi
[  67/700 ] WIN    20 turns   aang, uzui, levi  vs  lyserg, hibari, tamaki
[  68/700 ] WIN    14 turns   aang, bakugo, emiya  vs  madoka, soul, renamon
[  69/700 ] WIN    29 turns   aang, emiya, tatsumaki  vs  yoh, natsu, gallantmon
[  70/700 ] WIN    22 turns   aang, toji, blackstar  vs  nobara, yamamoto, vegeta
[  71/700 ] LOSS   30 turns   aang, gogeta, madoka  vs  mikasa, erza, tokoyami
[  72/700 ] WIN    24 turns   aang, neferpitou, edward  vs  meliodas, shinoa, gray
[  73/700 ] LOSS   17 turns   aang, emiyaarcher, gojo  vs  nel, kitara, kid
Yubel's S1 Triggered!
[  74/700 ] LOSS   31 turns   aang, frieren, gohan  vs  yubel, gunha, aiohto
Applying bleed effect! Checking special code
Applying bleed effect! Checking special code
Applying bleed effect! Checking special code
Applying bleed effect! Checking special code
Applying bleed effect! Checking special code
Applying bleed effect! Checking special code
Applying bleed effect! Checking special code
Applying bleed effect! Checking special code
Applying bleed effect! Checking special code
Applying bleed effect! Checking special code
[  75/700 ] LOSS   26 turns   aang, chrome, minene  vs  gojo, nel, rakko
[  76/700 ] WIN    27 turns   aang, gray, megumi  vs  vegeta, sukuna, kuroko
[  77/700 ] WIN    17 turns   aang, kitara, uraraka  vs  bakugo, touka, veldora
Applying bleed effect! Checking special code
Applying bleed effect! Checking special code
[  78/700 ] LOSS   35 turns   aang, denji, natsu  vs  gasai, touka, usopp
[  79/700 ] WIN    18 turns   aang, emiya, diane  vs  pegasus, allmight, machinedramon
[  80/700 ] LOSS   22 turns   aang, yamamoto, allmight  vs  soul, kurapika, boruto
[  81/700 ] WIN    18 turns   aang, mercury, inuyasha  vs  shokuhou, emiya, tatsumaki
[  82/700 ] WIN    12 turns   aang, mine, yugi  vs  jeanne, todoroki, rakko
Applying bleed effect! Checking special code
Applying bleed effect! Checking special code
Applying bleed effect! Checking special code
Applying bleed effect! Checking special code
[  83/700 ] WIN    15 turns   aang, saber, jesse  vs  inosuke, allmight, gogeta
[  84/700 ] WIN    22 turns   aang, chrome, kaiba  vs  adam, yugi, alphonse
[  85/700 ] WIN    24 turns   aang, chrome, king  vs  meliodas, alphamon, xanxus
[  86/700 ] LOSS   19 turns   aang, yubel, arthur  vs  gasai, blackstar, meliodas
[  87/700 ] LOSS   16 turns   aang, midoriya, koro  vs  gatomon, mavis, zenitsu
[  88/700 ] LOSS   18 turns   aang, mavis, cell  vs  gogeta, squalo, jack
[  89/700 ] LOSS   35 turns   aang, eren, xanxus  vs  yubel, jinwoo, hawkmon
[  90/700 ] LOSS   12 turns   aang, megumin, rob  vs  cooler, ichigo, jack
[  91/700 ] WIN    32 turns   aang, erza, lyserg  vs  machinedramon, marco, akame
[  92/700 ] WIN    19 turns   aang, orihime, meliodas  vs  tokoyami, veldora, yamamoto
[  93/700 ] LOSS   15 turns   aang, mash, tatsumaki  vs  alphamon, touka, saitama
Applying bleed effect! Checking special code
Applying bleed effect! Checking special code
Applying bleed effect! Checking special code
Applying bleed effect! Checking special code
Applying bleed effect! Checking special code
Applying bleed effect! Checking special code
Applying bleed effect! Checking special code
Applying bleed effect! Checking special code
Applying bleed effect! Checking special code
Applying bleed effect! Checking special code
Applying bleed effect! Checking special code
[  94/700 ] LOSS   18 turns   aang, nel, jaden  vs  ken, rengoku, rakko
[  95/700 ] LOSS   85 turns   aang, tsubasa, jeanne  vs  shiro, todoroki, jesse
[  96/700 ] WIN    32 turns   aang, neferpitou, blackwargreymon  vs  mami, meliodas, kurotsuchi
[  97/700 ] LOSS   15 turns   aang, korra, cooler  vs  seventeen, veldora, mikasa
[  98/700 ] WIN    21 turns   aang, yamamoto, jaden  vs  toji, jesse, emiya
[  99/700 ] WIN    21 turns   aang, asta, tsubaki  vs  saitama, machinedramon, veldora
Applying bleed effect! Checking special code
Applying bleed effect! Checking special code
Applying bleed effect! Checking special code
Applying bleed effect! Checking special code
[ 100/700 ] WIN    23 turns   aang, jinwoo, boruto  vs  uranus, midoriya, denji
[ 101/700 ] LOSS   18 turns   aang, shiro, usopp  vs  tanjiro, emiyaarcher, minene
Applying bleed effect! Checking special code
[ 102/700 ] LOSS   32 turns   aang, gasai, jeanne  vs  death, ryuko, diane
[ 103/700 ] LOSS   33 turns   aang, boruto, toudou  vs  natsu, gon, genos
[ 104/700 ] WIN    20 turns   aang, akame, arthur  vs  adam, shiro, hinata
[ 105/700 ] LOSS   20 turns   aang, genos, koro  vs  shinra, yuji, naruto
Applying bleed effect! Checking special code
Applying bleed effect! Checking special code
Applying bleed effect! Checking special code
Applying bleed effect! Checking special code
[ 106/700 ] WIN    25 turns   aang, denji, frankenstein  vs  king, machinedramon, gohan
[ 107/700 ] LOSS   28 turns   aang, jack, kaiba  vs  kitara, byakuya, mars
[ 108/700 ] LOSS   21 turns   aang, machinedramon, mash  vs  aiohto, yugi, uzui
[ 109/700 ] LOSS   22 turns   aang, ban, emiya  vs  megumi, allmight, naruto
[ 110/700 ] LOSS   23 turns   aang, shokuhou, tsubaki  vs  horohoro, tamaki, squalo
Applying bleed effect! Checking special code
Applying bleed effect! Checking special code
[ 111/700 ] LOSS   17 turns   aang, gogeta, inosuke  vs  gojo, sayaka, nel
[ 112/700 ] WIN    20 turns   aang, aiohto, kid  vs  vegeta, omnimon, lizandpatty
[ 113/700 ] LOSS   12 turns   aang, uranus, machinedramon  vs  gilgamesh, inuyasha, naruto
[ 114/700 ] WIN    22 turns   aang, diane, blackstar  vs  gon, emiya, gojo
[ 115/700 ] LOSS   26 turns   aang, machinedramon, pegasus  vs  rob, cell, killua
Applying bleed effect! Checking special code
Applying bleed effect! Checking special code
Applying bleed effect! Checking special code
Applying bleed effect! Checking special code
[ 116/700 ] WIN    18 turns   aang, rakko, megumi  vs  broly, jupiter, denji
[ 117/700 ] WIN    20 turns   aang, maka, squalo  vs  hisoka, tsuyu, gasai
[ 118/700 ] WIN    15 turns   aang, bakugo, squalo  vs  sukuna, myotismon, zoro
[ 119/700 ] LOSS   22 turns   aang, death, edward  vs  jaden, uranus, squalo
[ 120/700 ] WIN    27 turns   aang, misaka, sakura  vs  gojo, mars, mavis
[ 121/700 ] WIN    23 turns   aang, hawkmon, blackwargreymon  vs  tanjiro, mercury, sakura
[ 122/700 ] LOSS   21 turns   aang, shokuhou, saturn  vs  zoro, mavis, yamamoto
[ 123/700 ] WIN    14 turns   aang, blackstar, lucy  vs  impmon, inuyasha, shiro
Applying bleed effect! Checking special code
Applying bleed effect! Checking special code
[ 124/700 ] WIN    30 turns   aang, blackstar, jupiter  vs  power, squalo, mars
[ 125/700 ] LOSS   21 turns   aang, kurapika, naruto  vs  venus, semiramis, tamaki
[ 126/700 ] WIN    20 turns   aang, chrome, shokuhou  vs  gilgamesh, horohoro, hashirama
[ 127/700 ] WIN    13 turns   aang, toga, yamamoto  vs  zenitsu, itachi, jack
[ 128/700 ] LOSS   15 turns   aang, lucy, zenitsu  vs  tanjiro, gray, satsuki
[ 129/700 ] LOSS   21 turns   aang, zenitsu, toph  vs  jaden, marco, inuyasha
[ 130/700 ] WIN    14 turns   aang, erza, tsubasa  vs  yubel, jeanne, shokuhou
[ 131/700 ] LOSS   19 turns   aang, ichigo, shiro  vs  saber, gallantmon, naruto
[ 132/700 ] LOSS   19 turns   aang, killua, tatsumi  vs  mavis, impmon, eren
[ 133/700 ] WIN    36 turns   aang, ban, venus  vs  death, itachi, renamon
[ 134/700 ] LOSS   22 turns   aang, edward, alphonse  vs  machinedramon, alphamon, sheele
[ 135/700 ] WIN    25 turns   aang, tsunayoshi, ganta  vs  eren, squalo, mikasa
[ 136/700 ] WIN    27 turns   aang, ryohei, ichibe  vs  goku, orihime, levi
[ 137/700 ] LOSS   51 turns   aang, veldora, korra  vs  jaden, todoroki, hinata
[ 138/700 ] WIN    24 turns   aang, gallantmon, emiya  vs  rimuru, toph, shiro
[ 139/700 ] WIN    24 turns   aang, nezuko, tokoyami  vs  yuji, horohoro, midoriya
[ 140/700 ] WIN    27 turns   aang, gojo, korra  vs  emiya, megumin, minene
[ 141/700 ] WIN    30 turns   aang, touka, saber  vs  saturn, gallantmon, gasai
[ 142/700 ] WIN    17 turns   aang, semiramis, cell  vs  lucy, sakura, toga
[ 143/700 ] LOSS   20 turns   aang, nobara, jack  vs  lizandpatty, death, renamon
[ 144/700 ] WIN    22 turns   aang, nobara, kurapika  vs  death, shinoa, uranus
[ 145/700 ] WIN    17 turns   aang, ganta, jack  vs  blackwargreymon, minene, venus
[ 146/700 ] LOSS   23 turns   aang, hawkmon, hisoka  vs  toudou, gon, arthur
[ 147/700 ] WIN    18 turns   aang, hinata, ladydevimon  vs  omnimon, diane, megumin
[ 148/700 ] WIN    19 turns   aang, mash, asta  vs  cooler, misaka, blackwargreymon
Applying bleed effect! Checking special code
Applying bleed effect! Checking special code
Applying bleed effect! Checking special code
Applying bleed effect! Checking special code
[ 149/700 ] WIN    15 turns   aang, kaiba, mavis  vs  rakko, emiya, aiohto
[ 150/700 ] WIN    13 turns   aang, kid, crona  vs  toji, usopp, saitama
[ 151/700 ] WIN    17 turns   aang, tanjiro, touka  vs  shokuhou, mavis, jesse
[ 152/700 ] LOSS   34 turns   aang, aiohto, diane  vs  squalo, lucy, eren
[ 153/700 ] WIN    23 turns   aang, gohan, vegeta  vs  lizandpatty, cooler, orihime
[ 154/700 ] WIN    46 turns   aang, yamamoto, jaden  vs  squalo, natsu, tanjiro
[ 155/700 ] LOSS   17 turns   aang, tsunayoshi, hinata  vs  tatsumi, aiohto, jack
[ 156/700 ] LOSS   16 turns   aang, gunha, itachi  vs  blackwargreymon, hawkmon, mavis
[ 157/700 ] WIN    14 turns   aang, sayaka, toji  vs  xanxus, natsu, hisoka
Applying bleed effect! Checking special code
Applying bleed effect! Checking special code
Applying bleed effect! Checking special code
[ 158/700 ] WIN    33 turns   aang, kurotsuchi, zoro  vs  noelle, inosuke, yamamoto
[ 159/700 ] LOSS   15 turns   aang, toudou, shinoa  vs  tsunayoshi, hashirama, esdeath
[ 160/700 ] WIN    18 turns   aang, hinata, yuno  vs  shiro, goku, killua
[ 161/700 ] WIN    35 turns   aang, yoh, satsuki  vs  lyserg, luffy, madoka
[ 162/700 ] LOSS   16 turns   aang, tsubasa, renamon  vs  gilgamesh, nel, hisoka
[ 163/700 ] LOSS   16 turns   aang, mami, sasuke  vs  jeanne, gray, mercury
[ 164/700 ] LOSS   21 turns   aang, allmight, saturn  vs  ryohei, broly, koro
[ 165/700 ] WIN    21 turns   aang, saturn, minene  vs  nonon, ryuko, jeanne
[ 166/700 ] WIN    20 turns   aang, erza, lyserg  vs  lucy, shinra, impmon
[ 167/700 ] LOSS   28 turns   aang, tsunayoshi, halibel  vs  yoh, lizandpatty, horohoro
[ 168/700 ] WIN    28 turns   aang, gray, ichigo  vs  ichibe, omnimon, lyserg
[ 169/700 ] WIN    35 turns   aang, veldora, mikasa  vs  tsunayoshi, zenitsu, venus
[ 170/700 ] WIN    39 turns   aang, shokuhou, yubel  vs  cell, bakugo, yoh
[ 171/700 ] LOSS   13 turns   aang, venus, yugi  vs  soul, frieren, frankenstein
[ 172/700 ] WIN    21 turns   aang, muichiro, kurapika  vs  yuji, soul, koro
[ 173/700 ] LOSS   20 turns   aang, mercury, tsubasa  vs  neferpitou, gon, jupiter
[ 174/700 ] LOSS   39 turns   aang, toudou, xanxus  vs  kitara, natsu, inosuke
Applying bleed effect! Checking special code
Applying bleed effect! Checking special code
Applying bleed effect! Checking special code
Applying bleed effect! Checking special code
Applying bleed effect! Checking special code
[ 175/700 ] LOSS   20 turns   aang, ken, mine  vs  mars, gray, renamon
[ 176/700 ] WIN    14 turns   aang, hawkmon, soul  vs  levi, ganta, uranus
Applying bleed effect! Checking special code
Applying bleed effect! Checking special code
Applying bleed effect! Checking special code
[ 177/700 ] LOSS   17 turns   aang, vegeta, kurapika  vs  yugi, denji, touka
Yubel's S1 Triggered!
[ 178/700 ] WIN    42 turns   aang, kurotsuchi, gray  vs  gilgamesh, yubel, toga
[ 179/700 ] WIN    24 turns   aang, xanxus, genos  vs  kaiba, gasai, yamamoto
[ 180/700 ] WIN    30 turns   aang, yuji, blackstar  vs  saber, eren, muichiro
[ 181/700 ] WIN    15 turns   aang, kuroko, madoka  vs  yubel, sheele, tsunayoshi
Applying bleed effect! Checking special code
Applying bleed effect! Checking special code
Applying bleed effect! Checking special code
Applying bleed effect! Checking special code
Applying bleed effect! Checking special code
Applying bleed effect! Checking special code
[ 182/700 ] WIN    24 turns   aang, rengoku, mikasa  vs  yamamoto, jinwoo, hashirama
[ 183/700 ] WIN    14 turns   aang, levi, tanjiro  vs  emiyaarcher, sakura, kaiba
[ 184/700 ] WIN    14 turns   aang, genos, ganta  vs  kitara, toudou, horohoro
[ 185/700 ] WIN    20 turns   aang, shokuhou, saturn  vs  boruto, blackstar, mercury
Yubel's S1 Triggered!
[ 186/700 ] WIN    27 turns   aang, gray, yubel  vs  kuroko, mine, maka
[ 187/700 ] WIN    12 turns   aang, jaden, cooler  vs  usopp, gunha, lucy
[ 188/700 ] LOSS   21 turns   aang, yoh, venus  vs  yugi, inuyasha, kid
Applying bleed effect! Checking special code
[ 189/700 ] WIN    16 turns   aang, tsubasa, shinoa  vs  king, genos, gilgamesh
[ 190/700 ] LOSS   20 turns   aang, natsu, denji  vs  genos, seventeen, muichiro
[ 191/700 ] LOSS   13 turns   aang, byakuya, shinoa  vs  kid, alphonse, vegeta
[ 192/700 ] LOSS   20 turns   aang, jinwoo, kurotsuchi  vs  broly, satsuki, pegasus
[ 193/700 ] LOSS   30 turns   aang, kid, gasai  vs  gojo, frieren, jupiter
[ 194/700 ] WIN    32 turns   aang, saitama, jack  vs  ladydevimon, naruto, megumi
[ 195/700 ] LOSS   21 turns   aang, gohan, boruto  vs  neferpitou, xanxus, renamon
[ 196/700 ] WIN    22 turns   aang, natsu, cooler  vs  hinata, gallantmon, orihime
Applying bleed effect! Checking special code
Applying bleed effect! Checking special code
[ 197/700 ] WIN    16 turns   aang, vegeta, denji  vs  adam, todoroki, soul
[ 198/700 ] WIN    18 turns   aang, megumi, nel  vs  jesse, muichiro, jaden
[ 199/700 ] WIN    18 turns   aang, hisoka, gallantmon  vs  ichibe, aiohto, gunha
[ 200/700 ] WIN    18 turns   aang, lyserg, erza  vs  midoriya, hinata, yamamoto
[ 201/700 ] WIN    17 turns   aang, blackstar, esdeath  vs  noelle, yuji, rengoku
[ 202/700 ] LOSS   70 turns   aang, lucy, ban  vs  ryohei, zenitsu, edward
[ 203/700 ] LOSS   39 turns   aang, orihime, jesse  vs  sakura, erza, kaiba
[ 204/700 ] WIN    22 turns   aang, meliodas, astolfo  vs  omnimon, kid, nezuko
[ 205/700 ] WIN    23 turns   aang, nezuko, lizandpatty  vs  omnimon, naruto, tsubaki
[ 206/700 ] WIN    17 turns   aang, kid, noelle  vs  frankenstein, akame, mash
[ 207/700 ] LOSS   19 turns   aang, touka, emiyaarcher  vs  ladydevimon, saturn, gray
[ 208/700 ] WIN    15 turns   aang, ryohei, luffy  vs  nobara, xanxus, jeanne
[ 209/700 ] WIN    15 turns   aang, vegeta, myotismon  vs  asta, kurotsuchi, diane
[ 210/700 ] LOSS   28 turns   aang, levi, veldora  vs  kid, marco, sasuke
[ 211/700 ] WIN    16 turns   aang, gilgamesh, kid  vs  tokoyami, cooler, aiohto
Yubel's S1 Triggered!
Yubel's S1 Triggered!
[ 212/700 ] WIN    25 turns   aang, yubel, zoro  vs  tatsumi, akame, gohan
[ 213/700 ] WIN    18 turns   aang, madoka, orihime  vs  touka, emiyaarcher, jeanne
Applying bleed effect! Checking special code
Applying bleed effect! Checking special code
Applying bleed effect! Checking special code
Applying bleed effect! Checking special code
Applying bleed effect! Checking special code
Applying bleed effect! Checking special code
Applying bleed effect! Checking special code
Applying bleed effect! Checking special code
Applying bleed effect! Checking special code
Applying bleed effect! Checking special code
Applying bleed effect! Checking special code
Applying bleed effect! Checking special code
Applying bleed effect! Checking special code
Applying bleed effect! Checking special code
Applying bleed effect! Checking special code
Applying bleed effect! Checking special code
Applying bleed effect! Checking special code
Applying bleed effect! Checking special code
Applying bleed effect! Checking special code
Applying bleed effect! Checking special code
Applying bleed effect! Checking special code
Applying bleed effect! Checking special code
Applying bleed effect! Checking special code
Applying bleed effect! Checking special code
Applying bleed effect! Checking special code
Applying bleed effect! Checking special code
Applying bleed effect! Checking special code
Applying bleed effect! Checking special code
Applying bleed effect! Checking special code
[ 214/700 ] LOSS   34 turns   aang, marco, power  vs  yuno, king, rakko
[ 215/700 ] WIN    22 turns   aang, saber, shiro  vs  jeanne, gon, ladydevimon
[ 216/700 ] WIN    33 turns   aang, natsu, goku  vs  sasuke, toudou, saitama
[ 217/700 ] LOSS   17 turns   aang, boruto, hawkmon  vs  mash, ganta, genos
[ 218/700 ] WIN    20 turns   aang, tsubasa, tsubaki  vs  usopp, yamamoto, uzui
Applying bleed effect! Checking special code
Applying bleed effect! Checking special code
Applying bleed effect! Checking special code
Applying bleed effect! Checking special code
Applying bleed effect! Checking special code
Applying bleed effect! Checking special code
Applying bleed effect! Checking special code
Applying bleed effect! Checking special code
Applying bleed effect! Checking special code
Applying bleed effect! Checking special code
Applying bleed effect! Checking special code
Applying bleed effect! Checking special code
Applying bleed effect! Checking special code
Applying bleed effect! Checking special code
Applying bleed effect! Checking special code
Applying bleed effect! Checking special code
Applying bleed effect! Checking special code
Applying bleed effect! Checking special code
Applying bleed effect! Checking special code
Applying bleed effect! Checking special code
Applying bleed effect! Checking special code
Applying bleed effect! Checking special code
[ 219/700 ] WIN    19 turns   aang, saturn, toga  vs  king, rob, orihime
[ 220/700 ] LOSS   33 turns   aang, nezuko, frankenstein  vs  ryohei, arthur, marco
[ 221/700 ] WIN    16 turns   aang, bakugo, toudou  vs  misaka, horohoro, naruto
Applying bleed effect! Checking special code
Applying bleed effect! Checking special code
Applying bleed effect! Checking special code
[ 222/700 ] LOSS   23 turns   aang, kitara, hisoka  vs  king, zenitsu, tsuyu
[ 223/700 ] LOSS   20 turns   aang, edward, nimaiya  vs  sayaka, neferpitou, toudou
[ 224/700 ] WIN    16 turns   aang, shinra, yugi  vs  toji, alphonse, inosuke
[ 225/700 ] LOSS   31 turns   aang, mars, bakugo  vs  halibel, semiramis, zoro
[ 226/700 ] LOSS   12 turns   aang, ace, gallantmon  vs  bakugo, sheele, emiya
[ 227/700 ] LOSS   30 turns   aang, ryohei, bakugo  vs  ladydevimon, tsuyu, kuroko
[ 228/700 ] LOSS   23 turns   aang, tatsumaki, gogeta  vs  mars, chrome, ryohei
[ 229/700 ] LOSS   27 turns   aang, gilgamesh, shokuhou  vs  emiya, nobara, soul
[ 230/700 ] WIN    23 turns   aang, hashirama, uraraka  vs  madoka, lucy, nimaiya
[ 231/700 ] WIN    24 turns   aang, mars, nel  vs  aiohto, impmon, frieren
[ 232/700 ] LOSS   28 turns   aang, muichiro, byakuya  vs  saturn, gohan, astolfo
[ 233/700 ] LOSS   24 turns   aang, tsubasa, boruto  vs  sayaka, gray, gogeta
[ 234/700 ] WIN    21 turns   aang, horohoro, tatsumi  vs  toudou, mash, mami
[ 235/700 ] WIN    24 turns   aang, shokuhou, nel  vs  tatsumaki, aiohto, natsu
[ 236/700 ] LOSS   38 turns   aang, zoro, alphonse  vs  marco, ban, emiyaarcher
[ 237/700 ] WIN    24 turns   aang, mash, gon  vs  gogeta, blackwargreymon, hashirama
[ 238/700 ] WIN    18 turns   aang, marco, mine  vs  hibari, gon, chrome
[ 239/700 ] WIN    17 turns   aang, kitara, misaka  vs  emiyaarcher, jeanne, uranus
Applying bleed effect! Checking special code
[ 240/700 ] WIN    33 turns   aang, uranus, yuji  vs  diane, nezuko, mercury
[ 241/700 ] WIN    14 turns   aang, satsuki, mash  vs  allmight, ryuko, korra
[ 242/700 ] WIN    20 turns   aang, bakugo, mine  vs  hisoka, ichibe, ichigo
[ 243/700 ] LOSS   64 turns   aang, jaden, shinoa  vs  yuno, mine, marco
[ 244/700 ] WIN    14 turns   aang, kuroko, crona  vs  ryohei, blackstar, jeanne
[ 245/700 ] LOSS   20 turns   aang, uzui, hisoka  vs  ganta, kuroko, mars
[ 246/700 ] LOSS   21 turns   aang, nezuko, muichiro  vs  hibari, marco, mash
[ 247/700 ] LOSS   34 turns   aang, tatsumaki, misaka  vs  boruto, cooler, gojo
[ 248/700 ] WIN    17 turns   aang, yamamoto, luffy  vs  natsu, goku, cooler
[ 249/700 ] WIN    22 turns   aang, megumi, uzui  vs  jeanne, ryohei, tsubaki
[ 250/700 ] LOSS   29 turns   aang, mine, akame  vs  alphonse, megumin, satsuki
Applying bleed effect! Checking special code
Applying bleed effect! Checking special code
Applying bleed effect! Checking special code
Applying bleed effect! Checking special code
Applying bleed effect! Checking special code
Applying bleed effect! Checking special code
Applying bleed effect! Checking special code
[ 251/700 ] LOSS   18 turns   aang, emiya, nonon  vs  mami, gilgamesh, king
[ 252/700 ] LOSS   18 turns   aang, shokuhou, gohan  vs  soul, zoro, mash
[ 253/700 ] LOSS   13 turns   aang, midoriya, inosuke  vs  gatomon, toji, lizandpatty
[ 254/700 ] WIN    23 turns   aang, edward, tatsumaki  vs  minene, tsubaki, gogeta
[ 255/700 ] WIN    15 turns   aang, jesse, aiohto  vs  frankenstein, luffy, sasuke
[ 256/700 ] WIN    29 turns   aang, nagisa, kid  vs  venus, kuroko, aiohto
[ 257/700 ] WIN    12 turns   aang, gogeta, touka  vs  mami, sukuna, ganta
[ 258/700 ] WIN    29 turns   aang, tatsumi, hisoka  vs  nobara, gojo, squalo
[ 259/700 ] WIN    29 turns   aang, toga, xanxus  vs  arthur, tsubaki, tatsumi
[ 260/700 ] WIN    12 turns   aang, alphonse, emiyaarcher  vs  ganta, akame, goku
[ 261/700 ] WIN    26 turns   aang, jack, machinedramon  vs  toga, shinra, gatomon
[ 262/700 ] LOSS   24 turns   aang, kaiba, tsubaki  vs  shinra, edward, broly
[ 263/700 ] WIN    23 turns   aang, lyserg, rimuru  vs  venus, akame, mars
[ 264/700 ] LOSS   22 turns   aang, death, ban  vs  frankenstein, tsunayoshi, toudou
[ 265/700 ] WIN    25 turns   aang, hinata, megumin  vs  alphamon, byakuya, toji
[ 266/700 ] LOSS   38 turns   aang, sakura, yuji  vs  mash, astolfo, jaden
[ 267/700 ] LOSS   27 turns   aang, killua, nezuko  vs  marco, hibari, yuji
[ 268/700 ] LOSS   16 turns   aang, chrome, muichiro  vs  natsu, saber, mavis
[ 269/700 ] LOSS   19 turns   aang, pegasus, jack  vs  venus, astolfo, cell
[ 270/700 ] WIN    35 turns   aang, inosuke, nel  vs  zoro, korra, hinata
[ 271/700 ] WIN    24 turns   aang, toga, nimaiya  vs  midoriya, nezuko, sheele
[ 272/700 ] WIN    17 turns   aang, venus, todoroki  vs  shinoa, sasuke, mavis
[ 273/700 ] WIN    38 turns   aang, koro, tsubaki  vs  genos, ichibe, lucy
[ 274/700 ] LOSS   19 turns   aang, midoriya, cell  vs  nonon, machinedramon, toga
[ 275/700 ] WIN    23 turns   aang, tsubasa, ichigo  vs  akame, kuroko, muichiro
[ 276/700 ] LOSS   36 turns   aang, toph, gohan  vs  gogeta, minene, shiro
[ 277/700 ] WIN    17 turns   aang, yubel, mavis  vs  yoh, kaiba, midoriya
[ 278/700 ] LOSS   17 turns   aang, blackwargreymon, frankenstein  vs  horohoro, veldora, jack
[ 279/700 ] WIN    20 turns   aang, tamaki, mine  vs  tsubasa, gogeta, meliodas
Applying bleed effect! Checking special code
Applying bleed effect! Checking special code
Applying bleed effect! Checking special code
Applying bleed effect! Checking special code
Applying bleed effect! Checking special code
Applying bleed effect! Checking special code
Applying bleed effect! Checking special code
[ 280/700 ] WIN    20 turns   aang, ryuko, arthur  vs  ladydevimon, semiramis, ken
Applying bleed effect! Checking special code
[ 281/700 ] LOSS   30 turns   aang, hibari, tamaki  vs  korra, rengoku, satsuki
[ 282/700 ] WIN    17 turns   aang, akame, inuyasha  vs  yuji, genos, maka
[ 283/700 ] WIN    28 turns   aang, gunha, death  vs  hisoka, mavis, soul
[ 284/700 ] LOSS   41 turns   aang, impmon, minene  vs  inuyasha, kurapika, ban
[ 285/700 ] WIN    14 turns   aang, sheele, emiya  vs  impmon, soul, jack
[ 286/700 ] LOSS   19 turns   aang, arthur, shinoa  vs  sayaka, kuroko, kurapika
Applying bleed effect! Checking special code
[ 287/700 ] WIN    23 turns   aang, death, mercury  vs  marco, rakko, hinata
[ 288/700 ] LOSS   43 turns   aang, kuroko, kaiba  vs  rob, marco, impmon
[ 289/700 ] LOSS   12 turns   aang, tsubaki, sukuna  vs  goku, mash, frieren
[ 290/700 ] LOSS   20 turns   aang, tsubasa, saturn  vs  asta, broly, yuji
[ 291/700 ] WIN    14 turns   aang, mash, mikasa  vs  yugi, zenitsu, ichibe
[ 292/700 ] WIN    18 turns   aang, gilgamesh, tsuyu  vs  yuno, shiro, rakko
[ 293/700 ] LOSS   15 turns   aang, aiohto, megumin  vs  itachi, gray, madoka
[ 294/700 ] WIN    22 turns   aang, sasuke, sukuna  vs  ryohei, shiro, sakura
[ 295/700 ] WIN    20 turns   aang, jaden, death  vs  pegasus, sakura, gogeta
[ 296/700 ] LOSS   11 turns   aang, arthur, frieren  vs  astolfo, seventeen, madoka
[ 297/700 ] LOSS   17 turns   aang, sukuna, rimuru  vs  uranus, shinoa, nel
[ 298/700 ] WIN    17 turns   aang, orihime, emiya  vs  sukuna, mash, tamaki
[ 299/700 ] WIN    14 turns   aang, astolfo, yuno  vs  allmight, pegasus, hisoka
[ 300/700 ] WIN    18 turns   aang, erza, alphonse  vs  sayaka, gunha, toga
[ 301/700 ] WIN    17 turns   aang, natsu, squalo  vs  tsuyu, crona, tatsumaki
[ 302/700 ] WIN    12 turns   aang, eren, mavis  vs  kaiba, gon, tanjiro
[ 303/700 ] LOSS   18 turns   aang, ryuko, yoh  vs  uranus, gon, lyserg
[ 304/700 ] WIN    28 turns   aang, veldora, jack  vs  nel, tsubasa, venus
[ 305/700 ] WIN    26 turns   aang, tsuyu, squalo  vs  hibari, kitara, bakugo
[ 306/700 ] WIN    35 turns   aang, hinata, kid  vs  saturn, kurapika, mars
[ 307/700 ] WIN    18 turns   aang, rob, lizandpatty  vs  jesse, squalo, tsubasa
[ 308/700 ] LOSS   21 turns   aang, eren, gallantmon  vs  alphonse, uzui, ichigo
[ 309/700 ] WIN    16 turns   aang, tamaki, gray  vs  ace, renamon, megumi
Applying bleed effect! Checking special code
Applying bleed effect! Checking special code
Applying bleed effect! Checking special code
[ 310/700 ] WIN    36 turns   aang, adam, power  vs  saturn, hibari, ace
[ 311/700 ] WIN    15 turns   aang, nimaiya, saitama  vs  gogeta, xanxus, tamaki
[ 312/700 ] LOSS   24 turns   aang, sakura, byakuya  vs  nel, shinra, yuno
[ 313/700 ] WIN    24 turns   aang, kuroko, kitara  vs  akame, goku, megumin
[ 314/700 ] LOSS   16 turns   aang, blackstar, tsubaki  vs  halibel, inuyasha, jaden
Applying bleed effect! Checking special code
Applying bleed effect! Checking special code
Applying bleed effect! Checking special code
Applying bleed effect! Checking special code
Applying bleed effect! Checking special code
[ 315/700 ] WIN    18 turns   aang, gon, king  vs  tanjiro, jeanne, chrome
Applying bleed effect! Checking special code
Applying bleed effect! Checking special code
Applying bleed effect! Checking special code
Applying bleed effect! Checking special code
Applying bleed effect! Checking special code
Applying bleed effect! Checking special code
[ 316/700 ] WIN    20 turns   aang, tsuyu, ryohei  vs  mars, toph, ken
[ 317/700 ] LOSS   14 turns   aang, yuji, ladydevimon  vs  erza, alphamon, madoka
[ 318/700 ] LOSS   15 turns   aang, allmight, tokoyami  vs  ryuko, tanjiro, ban
[ 319/700 ] LOSS   34 turns   aang, seventeen, gohan  vs  yugi, yubel, satsuki
[ 320/700 ] LOSS   21 turns   aang, toji, noelle  vs  satsuki, denji, yugi
Applying bleed effect! Checking special code
Applying bleed effect! Checking special code
Applying bleed effect! Checking special code
Applying bleed effect! Checking special code
[ 321/700 ] LOSS   19 turns   aang, itachi, ken  vs  hashirama, orihime, meliodas
Yubel's S1 Triggered!
[ 322/700 ] WIN    16 turns   aang, sukuna, yubel  vs  muichiro, boruto, chrome
Yubel's S1 Triggered!
[ 323/700 ] WIN    16 turns   aang, toudou, ganta  vs  sayaka, luffy, yubel
[ 324/700 ] WIN    29 turns   aang, halibel, asta  vs  koro, eren, tanjiro
Applying bleed effect! Checking special code
[ 325/700 ] WIN    17 turns   aang, kitara, zenitsu  vs  halibel, inosuke, semiramis
[ 326/700 ] WIN    12 turns   aang, satsuki, horohoro  vs  madoka, misaka, ban
Applying bleed effect! Checking special code
Applying bleed effect! Checking special code
[ 327/700 ] LOSS   21 turns   aang, tsubasa, uraraka  vs  rakko, mavis, gunha
[ 328/700 ] WIN    29 turns   aang, yoh, alphonse  vs  genos, jeanne, yugi
Applying bleed effect! Checking special code
Applying bleed effect! Checking special code
[ 329/700 ] WIN    41 turns   aang, kitara, inuyasha  vs  minene, inosuke, tanjiro
[ 330/700 ] WIN    14 turns   aang, semiramis, mavis  vs  nagisa, nonon, orihime
[ 331/700 ] WIN    19 turns   aang, nonon, shinoa  vs  halibel, boruto, cell
Applying bleed effect! Checking special code
Applying bleed effect! Checking special code
Applying bleed effect! Checking special code
Applying bleed effect! Checking special code
Applying bleed effect! Checking special code
[ 332/700 ] WIN    22 turns   aang, inuyasha, muichiro  vs  maka, king, touka
[ 333/700 ] WIN    29 turns   aang, todoroki, kitara  vs  saber, blackwargreymon, emiya
[ 334/700 ] WIN    14 turns   aang, erza, shiro  vs  yuno, saber, seventeen
[ 335/700 ] LOSS   20 turns   aang, blackwargreymon, lucy  vs  mine, sheele, yuno
[ 336/700 ] LOSS   22 turns   aang, denji, lucy  vs  death, gojo, horohoro
[ 337/700 ] WIN    20 turns   aang, kitara, tamaki  vs  boruto, emiyaarcher, arthur
[ 338/700 ] WIN    18 turns   aang, arthur, saturn  vs  nezuko, mavis, alphamon
[ 339/700 ] WIN    17 turns   aang, toudou, saturn  vs  mikasa, megumin, sakura
[ 340/700 ] LOSS   17 turns   aang, korra, kurapika  vs  gon, jaden, yuji
[ 341/700 ] WIN    19 turns   aang, blackwargreymon, kid  vs  genos, machinedramon, ichigo
Yubel's S1 Triggered!
Yubel's S1 Triggered!
[ 342/700 ] WIN    22 turns   aang, seventeen, toph  vs  squalo, frieren, yubel
[ 343/700 ] WIN    21 turns   aang, hashirama, chrome  vs  frieren, asta, yamamoto
[ 344/700 ] LOSS   25 turns   aang, mami, cooler  vs  saturn, chrome, naruto
[ 345/700 ] LOSS   13 turns   aang, rengoku, natsu  vs  kurotsuchi, gasai, tanjiro
Yubel's S1 Triggered!
[ 346/700 ] WIN    21 turns   aang, yubel, frankenstein  vs  sakura, byakuya, shokuhou
[ 347/700 ] LOSS   30 turns   aang, kid, alphonse  vs  uzui, jupiter, saturn
[ 348/700 ] LOSS   22 turns   aang, soul, mavis  vs  hinata, alphamon, asta
[ 349/700 ] LOSS   14 turns   aang, yugi, sasuke  vs  frieren, gohan, zoro
[ 350/700 ] LOSS   30 turns   aang, kid, rimuru  vs  natsu, boruto, kurotsuchi
[ 351/700 ] LOSS   16 turns   aang, tsuyu, toji  vs  muichiro, jaden, uraraka
[ 352/700 ] WIN    22 turns   aang, gon, hashirama  vs  nezuko, gallantmon, nobara
[ 353/700 ] LOSS   16 turns   aang, arthur, gohan  vs  kuroko, ban, madoka
[ 354/700 ] WIN    14 turns   aang, crona, sayaka  vs  hinata, usopp, shiro
[ 355/700 ] LOSS   22 turns   aang, genos, akame  vs  machinedramon, pegasus, kuroko
Applying bleed effect! Checking special code
Applying bleed effect! Checking special code
Applying bleed effect! Checking special code
Applying bleed effect! Checking special code
Applying bleed effect! Checking special code
Applying bleed effect! Checking special code
Applying bleed effect! Checking special code
[ 356/700 ] LOSS   16 turns   aang, king, sheele  vs  broly, mine, aiohto
[ 357/700 ] WIN    24 turns   aang, frieren, kurapika  vs  horohoro, megumi, hibari
[ 358/700 ] WIN    24 turns   aang, nezuko, sakura  vs  veldora, midoriya, alphonse
[ 359/700 ] LOSS   12 turns   aang, edward, nonon  vs  gray, hibari, alphamon
[ 360/700 ] LOSS   23 turns   aang, yoh, jupiter  vs  gogeta, gasai, gilgamesh
[ 361/700 ] WIN    25 turns   aang, tsubaki, omnimon  vs  broly, madoka, nel
[ 362/700 ] WIN    23 turns   aang, soul, halibel  vs  jesse, kuroko, blackwargreymon
[ 363/700 ] WIN    19 turns   aang, jack, astolfo  vs  mash, kaiba, yuji
[ 364/700 ] LOSS   36 turns   aang, blackwargreymon, ace  vs  saitama, lucy, ryuko
Applying bleed effect! Checking special code
Applying bleed effect! Checking special code
Applying bleed effect! Checking special code
Applying bleed effect! Checking special code
Applying bleed effect! Checking special code
Applying bleed effect! Checking special code
Applying bleed effect! Checking special code
Applying bleed effect! Checking special code
Applying bleed effect! Checking special code
Applying bleed effect! Checking special code
Applying bleed effect! Checking special code
Applying bleed effect! Checking special code
Applying bleed effect! Checking special code
[ 365/700 ] LOSS   22 turns   aang, yamamoto, killua  vs  boruto, king, tatsumi
[ 366/700 ] LOSS   21 turns   aang, jesse, ganta  vs  semiramis, ichigo, arthur
[ 367/700 ] WIN    28 turns   aang, astolfo, omnimon  vs  muichiro, hawkmon, frieren
[ 368/700 ] LOSS   26 turns   aang, gojo, yugi  vs  todoroki, gray, tsunayoshi
[ 369/700 ] WIN    17 turns   aang, arthur, midoriya  vs  tanjiro, zenitsu, broly
Applying bleed effect! Checking special code
[ 370/700 ] LOSS   20 turns   aang, emiyaarcher, power  vs  zenitsu, yuji, edward
[ 371/700 ] LOSS   17 turns   aang, nonon, gogeta  vs  hashirama, emiyaarcher, tokoyami
[ 372/700 ] WIN    32 turns   aang, kurotsuchi, myotismon  vs  toph, toga, kuroko
[ 373/700 ] WIN    24 turns   aang, diane, zenitsu  vs  hisoka, uraraka, gogeta
[ 374/700 ] WIN    13 turns   aang, hibari, gallantmon  vs  genos, sheele, minene
[ 375/700 ] WIN    21 turns   aang, neferpitou, saitama  vs  tsubaki, edward, toudou
[ 376/700 ] WIN    18 turns   aang, arthur, toji  vs  inuyasha, ryohei, emiya
[ 377/700 ] WIN    39 turns   aang, machinedramon, ban  vs  kitara, lyserg, gilgamesh
Applying bleed effect! Checking special code
Applying bleed effect! Checking special code
[ 378/700 ] LOSS   20 turns   aang, power, megumi  vs  kurotsuchi, koro, gatomon
[ 379/700 ] WIN    15 turns   aang, saitama, broly  vs  gray, ladydevimon, zenitsu
[ 380/700 ] WIN    19 turns   aang, neferpitou, nobara  vs  gatomon, tsubaki, jack
[ 381/700 ] LOSS   22 turns   aang, hibari, sayaka  vs  killua, esdeath, yuno
Applying bleed effect! Checking special code
Applying bleed effect! Checking special code
Applying bleed effect! Checking special code
Applying bleed effect! Checking special code
[ 382/700 ] WIN    31 turns   aang, tsuyu, inosuke  vs  tatsumi, king, ban
[ 383/700 ] WIN    21 turns   aang, vegeta, tatsumi  vs  omnimon, nel, rimuru
[ 384/700 ] LOSS   16 turns   aang, touka, toph  vs  cell, neferpitou, hashirama
[ 385/700 ] WIN    18 turns   aang, korra, yuno  vs  hibari, cell, veldora
[ 386/700 ] WIN    16 turns   aang, lizandpatty, mami  vs  death, eren, myotismon
[ 387/700 ] LOSS   19 turns   aang, yoh, saitama  vs  power, muichiro, renamon
[ 388/700 ] LOSS   20 turns   aang, noelle, aiohto  vs  touka, natsu, hashirama
[ 389/700 ] WIN    23 turns   aang, sheele, lyserg  vs  cell, omnimon, yamamoto
[ 390/700 ] WIN    26 turns   aang, nobara, nel  vs  tatsumaki, crona, megumin
[ 391/700 ] WIN    21 turns   aang, misaka, ryuko  vs  zenitsu, bakugo, gogeta
[ 392/700 ] WIN    16 turns   aang, esdeath, megumin  vs  gunha, arthur, yubel
Applying bleed effect! Checking special code
Applying bleed effect! Checking special code
[ 393/700 ] LOSS   17 turns   aang, uzui, rengoku  vs  naruto, aiohto, alphamon
[ 394/700 ] WIN    12 turns   aang, yuno, gilgamesh  vs  omnimon, lyserg, sayaka
[ 395/700 ] WIN    15 turns   aang, frankenstein, sayaka  vs  edward, misaka, yubel
[ 396/700 ] WIN    21 turns   aang, hashirama, hinata  vs  jinwoo, zoro, nel
[ 397/700 ] WIN    12 turns   aang, zoro, sayaka  vs  lizandpatty, ichibe, jinwoo
[ 398/700 ] WIN    15 turns   aang, toph, usopp  vs  mash, noelle, levi
[ 399/700 ] WIN    17 turns   aang, ganta, bakugo  vs  jack, shokuhou, blackwargreymon
[ 400/700 ] WIN    14 turns   aang, asta, sukuna  vs  toji, diane, toga
[ 401/700 ] WIN    22 turns   aang, yamamoto, impmon  vs  genos, gilgamesh, shinra
[ 402/700 ] WIN    22 turns   aang, yugi, denji  vs  xanxus, gilgamesh, jeanne
[ 403/700 ] LOSS   21 turns   aang, midoriya, inuyasha  vs  touka, ryohei, esdeath
[ 404/700 ] WIN    21 turns   aang, jesse, goku  vs  mars, gatomon, jeanne
[ 405/700 ] WIN    18 turns   aang, nel, rob  vs  allmight, xanxus, muichiro
[ 406/700 ] WIN    21 turns   aang, halibel, tsubaki  vs  yuno, tanjiro, allmight
[ 407/700 ] LOSS   20 turns   aang, zenitsu, nezuko  vs  neferpitou, boruto, jinwoo
[ 408/700 ] WIN    27 turns   aang, frieren, noelle  vs  alphamon, todoroki, tatsumaki
[ 409/700 ] WIN    26 turns   aang, rimuru, tamaki  vs  arthur, genos, kuroko
[ 410/700 ] WIN    22 turns   aang, arthur, ace  vs  renamon, saitama, blackstar
[ 411/700 ] WIN    21 turns   aang, gon, jinwoo  vs  impmon, jack, orihime
[ 412/700 ] LOSS   28 turns   aang, gohan, tsubasa  vs  pegasus, saturn, rimuru
[ 413/700 ] WIN    19 turns   aang, seventeen, tokoyami  vs  hawkmon, mami, vegeta
[ 414/700 ] WIN    14 turns   aang, venus, gojo  vs  shinoa, ichigo, toga
[ 415/700 ] WIN    18 turns   aang, ace, nezuko  vs  shokuhou, toji, marco
[ 416/700 ] LOSS   19 turns   aang, kurapika, byakuya  vs  seventeen, lyserg, tatsumaki
[ 417/700 ] WIN    19 turns   aang, jupiter, itachi  vs  kurotsuchi, lyserg, tsubaki
[ 418/700 ] WIN    16 turns   aang, satsuki, usopp  vs  horohoro, yuno, lizandpatty
[ 419/700 ] LOSS   24 turns   aang, megumin, semiramis  vs  tsunayoshi, itachi, frankenstein
[ 420/700 ] LOSS   21 turns   aang, tsubaki, saitama  vs  goku, bakugo, touka
[ 421/700 ] WIN    20 turns   aang, shinra, shiro  vs  kuroko, eren, korra
[ 422/700 ] LOSS   19 turns   aang, tamaki, inuyasha  vs  uranus, kuroko, hawkmon
[ 423/700 ] LOSS   17 turns   aang, neferpitou, shokuhou  vs  toph, alphamon, tatsumaki
[ 424/700 ] LOSS   28 turns   aang, minene, ichibe  vs  killua, tamaki, pegasus
Applying bleed effect! Checking special code
[ 425/700 ] WIN    15 turns   aang, adam, shiro  vs  inosuke, nobara, tsubasa
[ 426/700 ] LOSS   21 turns   aang, ace, shiro  vs  vegeta, arthur, yuji
[ 427/700 ] WIN    18 turns   aang, frankenstein, mavis  vs  kurotsuchi, vegeta, toph
[ 428/700 ] WIN    22 turns   aang, alphonse, mash  vs  squalo, kitara, uzui
Applying bleed effect! Checking special code
Applying bleed effect! Checking special code
[ 429/700 ] WIN    23 turns   aang, chrome, rengoku  vs  halibel, blackstar, goku
[ 430/700 ] WIN    36 turns   aang, crona, pegasus  vs  nel, arthur, maka
[ 431/700 ] LOSS   19 turns   aang, tsuyu, yugi  vs  jack, neferpitou, alphonse
[ 432/700 ] WIN    16 turns   aang, midoriya, nonon  vs  toph, koro, megumin
Applying bleed effect! Checking special code
Applying bleed effect! Checking special code
Applying bleed effect! Checking special code
[ 433/700 ] LOSS   33 turns   aang, tsubasa, nobara  vs  tamaki, inosuke, uraraka
[ 434/700 ] LOSS   22 turns   aang, machinedramon, boruto  vs  genos, yoh, venus
Applying bleed effect! Checking special code
Applying bleed effect! Checking special code
[ 435/700 ] LOSS   19 turns   aang, emiyaarcher, impmon  vs  astolfo, rakko, jinwoo
[ 436/700 ] LOSS   18 turns   aang, cell, shokuhou  vs  natsu, zenitsu, touka
[ 437/700 ] LOSS   22 turns   aang, gohan, gray  vs  seventeen, satsuki, yuji
[ 438/700 ] WIN    17 turns   aang, noelle, gallantmon  vs  sasuke, gasai, orihime
Applying bleed effect! Checking special code
Applying bleed effect! Checking special code
Applying bleed effect! Checking special code
[ 439/700 ] WIN    31 turns   aang, shinoa, gojo  vs  nimaiya, king, mikasa
[ 440/700 ] WIN    23 turns   aang, gohan, megumin  vs  renamon, xanxus, blackwargreymon
[ 441/700 ] LOSS   19 turns   aang, muichiro, korra  vs  pegasus, chrome, gallantmon
Applying bleed effect! Checking special code
Applying bleed effect! Checking special code
Applying bleed effect! Checking special code
Applying bleed effect! Checking special code
[ 442/700 ] WIN    36 turns   aang, maka, denji  vs  nagisa, hisoka, saitama
[ 443/700 ] LOSS   28 turns   aang, nagisa, ken  vs  maka, yoh, gunha
[ 444/700 ] WIN    16 turns   aang, gilgamesh, renamon  vs  mami, gon, orihime
Yubel's S1 Triggered!
[ 445/700 ] WIN    19 turns   aang, cooler, edward  vs  nimaiya, yubel, machinedramon
[ 446/700 ] WIN    20 turns   aang, erza, saturn  vs  tsubaki, lizandpatty, jeanne
[ 447/700 ] WIN    16 turns   aang, saber, machinedramon  vs  tsubasa, uranus, megumi
[ 448/700 ] LOSS   18 turns   aang, nimaiya, myotismon  vs  pegasus, gohan, mavis
[ 449/700 ] WIN    14 turns   aang, emiya, jaden  vs  jack, saturn, midoriya
[ 450/700 ] LOSS   11 turns   aang, tatsumaki, kurotsuchi  vs  seventeen, jaden, death
[ 451/700 ] LOSS   34 turns   aang, toga, sheele  vs  death, lucy, yuno
Applying bleed effect! Checking special code
Applying bleed effect! Checking special code
Applying bleed effect! Checking special code
Applying bleed effect! Checking special code
[ 452/700 ] WIN    19 turns   aang, gray, tanjiro  vs  ladydevimon, akame, king
[ 453/700 ] WIN    15 turns   aang, kaiba, koro  vs  nobara, renamon, machinedramon
Applying bleed effect! Checking special code
Applying bleed effect! Checking special code
Applying bleed effect! Checking special code
Applying bleed effect! Checking special code
Applying bleed effect! Checking special code
Applying bleed effect! Checking special code
[ 454/700 ] WIN    21 turns   aang, asta, usopp  vs  levi, veldora, king
[ 455/700 ] WIN    21 turns   aang, sakura, broly  vs  mercury, kurotsuchi, tsuyu
[ 456/700 ] LOSS   20 turns   aang, luffy, natsu  vs  sasuke, toji, madoka
[ 457/700 ] LOSS   26 turns   aang, kid, goku  vs  jaden, yamamoto, midoriya
[ 458/700 ] WIN    20 turns   aang, yuji, tamaki  vs  mami, minene, killua
Applying bleed effect! Checking special code
Applying bleed effect! Checking special code
Applying bleed effect! Checking special code
Applying bleed effect! Checking special code
[ 459/700 ] LOSS   23 turns   aang, pegasus, cooler  vs  rakko, gray, kurapika
[ 460/700 ] LOSS   19 turns   aang, jinwoo, renamon  vs  chrome, kuroko, minene
[ 461/700 ] LOSS   17 turns   aang, soul, emiya  vs  erza, ichigo, yoh
[ 462/700 ] WIN    13 turns   aang, aiohto, edward  vs  sheele, denji, toga
[ 463/700 ] WIN    14 turns   aang, hibari, sheele  vs  arthur, rob, blackstar
[ 464/700 ] LOSS   16 turns   aang, ladydevimon, kitara  vs  asta, kurotsuchi, frankenstein
[ 465/700 ] WIN    16 turns   aang, touka, kid  vs  meliodas, korra, minene
[ 466/700 ] WIN    22 turns   aang, shinra, pegasus  vs  neferpitou, yuno, todoroki
[ 467/700 ] WIN    27 turns   aang, alphamon, diane  vs  shiro, gatomon, neferpitou
[ 468/700 ] WIN    17 turns   aang, renamon, levi  vs  uraraka, myotismon, zenitsu
[ 469/700 ] WIN    27 turns   aang, megumi, boruto  vs  pegasus, nobara, hashirama
[ 470/700 ] WIN    16 turns   aang, death, levi  vs  allmight, seventeen, jeanne
[ 471/700 ] WIN    11 turns   aang, jack, rob  vs  death, blackstar, sukuna
[ 472/700 ] LOSS   21 turns   aang, boruto, gatomon  vs  nagisa, frieren, minene
Applying bleed effect! Checking special code
Applying bleed effect! Checking special code
Applying bleed effect! Checking special code
[ 473/700 ] WIN    22 turns   aang, arthur, nagisa  vs  machinedramon, nezuko, rengoku
[ 474/700 ] LOSS   21 turns   aang, cooler, marco  vs  alphamon, broly, kuroko
[ 475/700 ] WIN    17 turns   aang, noelle, frankenstein  vs  byakuya, uraraka, emiyaarcher
[ 476/700 ] WIN    14 turns   aang, sayaka, eren  vs  orihime, tamaki, sukuna
[ 477/700 ] WIN    16 turns   aang, satsuki, jesse  vs  halibel, power, mercury
[ 478/700 ] LOSS   24 turns   aang, emiya, asta  vs  meliodas, touka, jinwoo
[ 479/700 ] LOSS   31 turns   aang, jeanne, zoro  vs  toudou, omnimon, shokuhou
Applying bleed effect! Checking special code
Applying bleed effect! Checking special code
Applying bleed effect! Checking special code
Applying bleed effect! Checking special code
Applying bleed effect! Checking special code
Applying bleed effect! Checking special code
Applying bleed effect! Checking special code
Applying bleed effect! Checking special code
[ 480/700 ] WIN    30 turns   aang, ryohei, ken  vs  itachi, rakko, shinra
[ 481/700 ] WIN    14 turns   aang, horohoro, aiohto  vs  semiramis, jesse, usopp
Applying bleed effect! Checking special code
[ 482/700 ] WIN    18 turns   aang, megumi, diane  vs  yuji, zoro, squalo
Applying bleed effect! Checking special code
[ 483/700 ] WIN    24 turns   aang, asta, blackwargreymon  vs  tsuyu, diane, toph
Applying bleed effect! Checking special code
[ 484/700 ] WIN    13 turns   aang, naruto, jack  vs  frieren, rakko, midoriya
[ 485/700 ] WIN    15 turns   aang, koro, crona  vs  gogeta, allmight, megumin
Applying bleed effect! Checking special code
Applying bleed effect! Checking special code
Applying bleed effect! Checking special code
Applying bleed effect! Checking special code
Applying bleed effect! Checking special code
[ 486/700 ] LOSS   21 turns   aang, yugi, gunha  vs  tamaki, rakko, xanxus
Applying bleed effect! Checking special code
[ 487/700 ] WIN    22 turns   aang, omnimon, yuji  vs  crona, denji, byakuya
[ 488/700 ] LOSS   42 turns   aang, myotismon, edward  vs  tokoyami, marco, gunha
[ 489/700 ] WIN    24 turns   aang, todoroki, hashirama  vs  xanxus, toudou, kitara
[ 490/700 ] LOSS   20 turns   aang, vegeta, tsuyu  vs  kaiba, mavis, chrome
[ 491/700 ] WIN    16 turns   aang, kaiba, emiya  vs  akame, tokoyami, shokuhou
[ 492/700 ] WIN    33 turns   aang, tsubaki, usopp  vs  muichiro, nezuko, ladydevimon
[ 493/700 ] LOSS   48 turns   aang, marco, toga  vs  emiyaarcher, hashirama, uranus
Applying bleed effect! Checking special code
Applying bleed effect! Checking special code
[ 494/700 ] WIN    31 turns   aang, nel, gray  vs  king, power, soul
[ 495/700 ] WIN    14 turns   aang, yuji, touka  vs  sayaka, horohoro, edward
[ 496/700 ] LOSS   16 turns   aang, nezuko, lucy  vs  chrome, yamamoto, toudou
Applying bleed effect! Checking special code
Applying bleed effect! Checking special code
Applying bleed effect! Checking special code
[ 497/700 ] WIN    21 turns   aang, mash, mars  vs  tsubasa, rakko, jinwoo
[ 498/700 ] LOSS   17 turns   aang, gogeta, halibel  vs  neferpitou, hashirama, shinoa
Applying bleed effect! Checking special code
[ 499/700 ] WIN    20 turns   aang, maka, gatomon  vs  lyserg, shiro, power
[ 500/700 ] WIN    17 turns   aang, ichigo, jack  vs  soul, impmon, diane
[ 501/700 ] WIN    14 turns   aang, kaiba, ladydevimon  vs  gallantmon, allmight, inosuke
[ 502/700 ] WIN    37 turns   aang, byakuya, blackwargreymon  vs  naruto, chrome, toji
Applying bleed effect! Checking special code
Applying bleed effect! Checking special code
Applying bleed effect! Checking special code
Applying bleed effect! Checking special code
[ 503/700 ] LOSS   19 turns   aang, tatsumaki, naruto  vs  kuroko, touka, ken
[ 504/700 ] WIN    28 turns   aang, lucy, aiohto  vs  tsunayoshi, allmight, ban
[ 505/700 ] WIN    17 turns   aang, nagisa, omnimon  vs  kurapika, muichiro, saitama
[ 506/700 ] WIN    22 turns   aang, gohan, zoro  vs  death, ace, arthur
Applying bleed effect! Checking special code
Applying bleed effect! Checking special code
Applying bleed effect! Checking special code
Applying bleed effect! Checking special code
Applying bleed effect! Checking special code
Applying bleed effect! Checking special code
Applying bleed effect! Checking special code
[ 507/700 ] LOSS   21 turns   aang, gohan, arthur  vs  sheele, ken, lizandpatty
[ 508/700 ] LOSS   21 turns   aang, gohan, megumi  vs  asta, todoroki, yoh
[ 509/700 ] WIN    39 turns   aang, nimaiya, death  vs  ryohei, hinata, megumi
Applying bleed effect! Checking special code
Applying bleed effect! Checking special code
Applying bleed effect! Checking special code
Applying bleed effect! Checking special code
[ 510/700 ] LOSS   13 turns   aang, jaden, jupiter  vs  rakko, asta, yuno
[ 511/700 ] WIN    24 turns   aang, chrome, alphonse  vs  lucy, orihime, inuyasha
Applying bleed effect! Checking special code
[ 512/700 ] WIN    29 turns   aang, arthur, tatsumaki  vs  rakko, orihime, yamamoto
[ 513/700 ] LOSS   15 turns   aang, bakugo, rob  vs  uraraka, ichigo, arthur
[ 514/700 ] WIN    15 turns   aang, ladydevimon, akame  vs  ichigo, pegasus, tokoyami
[ 515/700 ] WIN    17 turns   aang, hawkmon, mine  vs  bakugo, ichigo, shokuhou
Applying bleed effect! Checking special code
[ 516/700 ] WIN    22 turns   aang, mine, jesse  vs  denji, kid, kurapika
[ 517/700 ] WIN    19 turns   aang, blackwargreymon, gohan  vs  toga, cooler, tsuyu
Applying bleed effect! Checking special code
Applying bleed effect! Checking special code
[ 518/700 ] WIN    23 turns   aang, ken, koro  vs  korra, minene, pegasus
[ 519/700 ] WIN    22 turns   aang, gatomon, zenitsu  vs  sakura, shiro, kurapika
[ 520/700 ] LOSS   21 turns   aang, byakuya, ace  vs  ichibe, squalo, ladydevimon
[ 521/700 ] WIN    19 turns   aang, shinra, zenitsu  vs  chrome, gohan, horohoro
[ 522/700 ] WIN    16 turns   aang, tsuyu, jack  vs  saber, yugi, jeanne
[ 523/700 ] WIN    14 turns   aang, erza, nimaiya  vs  aiohto, misaka, genos
[ 524/700 ] LOSS   23 turns   aang, korra, genos  vs  ace, astolfo, cell
[ 525/700 ] LOSS   28 turns   aang, yugi, korra  vs  veldora, arthur, satsuki
[ 526/700 ] LOSS   15 turns   aang, venus, yuno  vs  chrome, seventeen, hashirama
[ 527/700 ] WIN    15 turns   aang, natsu, toudou  vs  byakuya, ryuko, inuyasha
[ 528/700 ] WIN    15 turns   aang, soul, mine  vs  sasuke, emiya, hawkmon
[ 529/700 ] LOSS   16 turns   aang, ryohei, tsunayoshi  vs  megumi, toga, seventeen
[ 530/700 ] WIN    24 turns   aang, yuji, maka  vs  venus, gunha, sayaka
[ 531/700 ] LOSS   15 turns   aang, denji, emiyaarcher  vs  vegeta, frankenstein, kuroko
[ 532/700 ] WIN    25 turns   aang, saber, alphamon  vs  tatsumi, ganta, boruto
[ 533/700 ] LOSS   34 turns   aang, tatsumi, inuyasha  vs  uraraka, saitama, orihime
[ 534/700 ] WIN    42 turns   aang, marco, astolfo  vs  minene, meliodas, mercury
[ 535/700 ] LOSS   36 turns   aang, cell, ichigo  vs  sakura, kaiba, alphonse
[ 536/700 ] LOSS   16 turns   aang, touka, mami  vs  sukuna, blackwargreymon, korra
[ 537/700 ] WIN    12 turns   aang, ryohei, gatomon  vs  tsunayoshi, nagisa, jeanne
[ 538/700 ] WIN    14 turns   aang, mash, jack  vs  esdeath, cell, hibari
[ 539/700 ] WIN    34 turns   aang, gogeta, omnimon  vs  yuno, ladydevimon, natsu
[ 540/700 ] WIN    23 turns   aang, ganta, asta  vs  mars, kurotsuchi, tsunayoshi
[ 541/700 ] WIN    14 turns   aang, death, touka  vs  gon, mars, kitara
[ 542/700 ] WIN    20 turns   aang, neferpitou, eren  vs  semiramis, astolfo, ryuko
[ 543/700 ] WIN    39 turns   aang, jupiter, jinwoo  vs  xanxus, zoro, king
[ 544/700 ] WIN    19 turns   aang, vegeta, hinata  vs  megumin, alphamon, shinoa
[ 545/700 ] LOSS   28 turns   aang, myotismon, tatsumaki  vs  tatsumi, tsubasa, chrome
Applying bleed effect! Checking special code
Applying bleed effect! Checking special code
Applying bleed effect! Checking special code
[ 546/700 ] WIN    30 turns   aang, shokuhou, yamamoto  vs  usopp, power, rimuru
[ 547/700 ] LOSS   20 turns   aang, tatsumi, shokuhou  vs  ace, tokoyami, yamamoto
Applying bleed effect! Checking special code
Applying bleed effect! Checking special code
Applying bleed effect! Checking special code
Applying bleed effect! Checking special code
Applying bleed effect! Checking special code
Applying bleed effect! Checking special code
Applying bleed effect! Checking special code
[ 548/700 ] LOSS   16 turns   aang, jesse, seventeen  vs  pegasus, ken, jinwoo
[ 549/700 ] WIN    22 turns   aang, hinata, frieren  vs  gasai, horohoro, neferpitou
[ 550/700 ] LOSS   17 turns   aang, saturn, vegeta  vs  noelle, tokoyami, halibel
[ 551/700 ] LOSS   16 turns   aang, halibel, genos  vs  alphamon, rob, blackwargreymon
[ 552/700 ] WIN    18 turns   aang, muichiro, nimaiya  vs  veldora, blackstar, gogeta
[ 553/700 ] WIN    30 turns   aang, cell, nagisa  vs  ryohei, blackwargreymon, sakura
[ 554/700 ] LOSS   24 turns   aang, mami, tsunayoshi  vs  tanjiro, shinoa, eren
Applying bleed effect! Checking special code
Applying bleed effect! Checking special code
Applying bleed effect! Checking special code
Applying bleed effect! Checking special code
[ 555/700 ] WIN    21 turns   aang, ichibe, rob  vs  rengoku, mars, rimuru
[ 556/700 ] WIN    12 turns   aang, hashirama, erza  vs  pegasus, ganta, gon
[ 557/700 ] LOSS   15 turns   aang, itachi, maka  vs  meliodas, aiohto, gilgamesh
[ 558/700 ] WIN    22 turns   aang, misaka, satsuki  vs  kurapika, saber, mikasa
[ 559/700 ] WIN    18 turns   aang, impmon, gohan  vs  sukuna, alphamon, gon
[ 560/700 ] WIN    22 turns   aang, midoriya, cell  vs  xanxus, chrome, emiya
[ 561/700 ] WIN    29 turns   aang, gatomon, zoro  vs  gojo, erza, lucy
[ 562/700 ] WIN    17 turns   aang, yubel, shinra  vs  kuroko, luffy, jeanne
Applying bleed effect! Checking special code
Applying bleed effect! Checking special code
Applying bleed effect! Checking special code
Applying bleed effect! Checking special code
Applying bleed effect! Checking special code
Applying bleed effect! Checking special code
Applying bleed effect! Checking special code
Applying bleed effect! Checking special code
[ 563/700 ] LOSS   16 turns   aang, inosuke, korra  vs  lucy, jaden, ken
[ 564/700 ] WIN    15 turns   aang, shinra, toga  vs  sakura, impmon, jupiter
[ 565/700 ] WIN    15 turns   aang, tsubaki, blackstar  vs  sayaka, koro, sukuna
[ 566/700 ] LOSS   29 turns   aang, omnimon, byakuya  vs  jinwoo, gojo, nezuko
[ 567/700 ] WIN    43 turns   aang, crona, saber  vs  arthur, nimaiya, saturn
Applying bleed effect! Checking special code
Applying bleed effect! Checking special code
Applying bleed effect! Checking special code
[ 568/700 ] WIN    20 turns   aang, tamaki, mine  vs  byakuya, satsuki, king
[ 569/700 ] WIN    25 turns   aang, kitara, megumi  vs  ban, lyserg, kurapika
[ 570/700 ] LOSS   16 turns   aang, arthur, edward  vs  xanxus, alphamon, jaden
[ 571/700 ] LOSS   59 turns   aang, allmight, mercury  vs  halibel, eren, koro
[ 572/700 ] LOSS   21 turns   aang, shokuhou, ace  vs  killua, eren, tsubaki
[ 573/700 ] WIN    16 turns   aang, gilgamesh, omnimon  vs  lyserg, orihime, gatomon
[ 574/700 ] LOSS   28 turns   aang, korra, erza  vs  uzui, astolfo, marco
[ 575/700 ] WIN    22 turns   aang, asta, shiro  vs  erza, toph, tsubasa
Applying bleed effect! Checking special code
Applying bleed effect! Checking special code
[ 576/700 ] LOSS   12 turns   aang, emiyaarcher, king  vs  asta, veldora, gon
[ 577/700 ] WIN    15 turns   aang, saturn, yubel  vs  impmon, ban, jeanne
[ 578/700 ] LOSS   10 turns   aang, megumin, gilgamesh  vs  touka, hawkmon, soul
[ 579/700 ] LOSS   13 turns   aang, lyserg, bakugo  vs  satsuki, rob, genos
[ 580/700 ] WIN    20 turns   aang, adam, levi  vs  yuji, emiya, vegeta
[ 581/700 ] WIN    21 turns   aang, veldora, toji  vs  mami, hawkmon, orihime
[ 582/700 ] LOSS   11 turns   aang, nezuko, kitara  vs  inuyasha, meliodas, frankenstein
[ 583/700 ] WIN    34 turns   aang, nimaiya, yubel  vs  hisoka, jinwoo, squalo
[ 584/700 ] WIN    28 turns   aang, uzui, cooler  vs  muichiro, nezuko, mars
[ 585/700 ] LOSS   22 turns   aang, gogeta, impmon  vs  uranus, levi, tanjiro
Applying bleed effect! Checking special code
[ 586/700 ] WIN    25 turns   aang, denji, omnimon  vs  mavis, noelle, megumin
[ 587/700 ] LOSS   15 turns   aang, megumi, touka  vs  rimuru, esdeath, erza
[ 588/700 ] WIN    15 turns   aang, byakuya, mash  vs  cell, rimuru, gohan
[ 589/700 ] WIN    18 turns   aang, asta, sasuke  vs  maka, death, diane
Applying bleed effect! Checking special code
Applying bleed effect! Checking special code
Applying bleed effect! Checking special code
Applying bleed effect! Checking special code
Applying bleed effect! Checking special code
Applying bleed effect! Checking special code
Applying bleed effect! Checking special code
[ 590/700 ] LOSS   29 turns   aang, saitama, tsuyu  vs  nobara, kurotsuchi, king
Applying bleed effect! Checking special code
Applying bleed effect! Checking special code
[ 591/700 ] WIN    17 turns   aang, uranus, king  vs  blackstar, gunha, megumi
[ 592/700 ] WIN    18 turns   aang, mine, myotismon  vs  toudou, jupiter, death
[ 593/700 ] LOSS   32 turns   aang, alphamon, tsubasa  vs  touka, ace, gon
Applying bleed effect! Checking special code
[ 594/700 ] LOSS   18 turns   aang, power, nezuko  vs  jaden, shiro, inosuke
[ 595/700 ] WIN    20 turns   aang, alphamon, gallantmon  vs  mavis, koro, yubel
[ 596/700 ] LOSS   15 turns   aang, sakura, toga  vs  chrome, neferpitou, adam
[ 597/700 ] LOSS   20 turns   aang, yuji, shiro  vs  gray, blackstar, gon
[ 598/700 ] WIN    16 turns   aang, nagisa, yuno  vs  adam, ichigo, aiohto
Applying bleed effect! Checking special code
[ 599/700 ] WIN    19 turns   aang, hibari, todoroki  vs  edward, king, yuji
[ 600/700 ] WIN    22 turns   aang, tamaki, eren  vs  gilgamesh, omnimon, sasuke
[ 601/700 ] LOSS   24 turns   aang, alphonse, luffy  vs  boruto, levi, saitama
[ 602/700 ] WIN    17 turns   aang, koro, toji  vs  gogeta, frieren, meliodas
[ 603/700 ] LOSS   39 turns   aang, toudou, adam  vs  ryohei, tanjiro, frieren
[ 604/700 ] LOSS   20 turns   aang, mercury, sasuke  vs  saturn, tokoyami, megumin
Applying bleed effect! Checking special code
[ 605/700 ] WIN    20 turns   aang, broly, gunha  vs  rakko, bakugo, tatsumi
[ 606/700 ] LOSS   22 turns   aang, jinwoo, nonon  vs  aiohto, jeanne, madoka
[ 607/700 ] LOSS   25 turns   aang, gohan, hisoka  vs  squalo, boruto, hinata
[ 608/700 ] LOSS   16 turns   aang, zenitsu, shinoa  vs  marco, sasuke, astolfo
[ 609/700 ] WIN    18 turns   aang, jack, rakko  vs  midoriya, squalo, usopp
Applying bleed effect! Checking special code
Applying bleed effect! Checking special code
[ 610/700 ] WIN    16 turns   aang, saber, ganta  vs  goku, killua, king
Applying bleed effect! Checking special code
[ 611/700 ] WIN    12 turns   aang, blackwargreymon, broly  vs  gojo, rakko, machinedramon
[ 612/700 ] LOSS   20 turns   aang, todoroki, toji  vs  uraraka, genos, lizandpatty
[ 613/700 ] WIN    21 turns   aang, blackstar, kitara  vs  esdeath, halibel, itachi
[ 614/700 ] WIN    17 turns   aang, emiyaarcher, frieren  vs  megumi, shinoa, shiro
[ 615/700 ] WIN    19 turns   aang, saitama, yuji  vs  gatomon, mami, saturn
[ 616/700 ] WIN    19 turns   aang, nobara, toph  vs  mami, bakugo, todoroki
[ 617/700 ] LOSS   18 turns   aang, kitara, muichiro  vs  byakuya, renamon, megumin
[ 618/700 ] WIN    20 turns   aang, yuno, astolfo  vs  mercury, kid, byakuya
[ 619/700 ] WIN    14 turns   aang, jinwoo, gogeta  vs  todoroki, jupiter, midoriya
[ 620/700 ] WIN    22 turns   aang, toga, luffy  vs  sasuke, asta, frieren
Applying bleed effect! Checking special code
Applying bleed effect! Checking special code
Applying bleed effect! Checking special code
Applying bleed effect! Checking special code
[ 621/700 ] WIN    15 turns   aang, madoka, king  vs  orihime, erza, genos
[ 622/700 ] WIN    16 turns   aang, lizandpatty, nimaiya  vs  aiohto, megumin, blackwargreymon
Applying bleed effect! Checking special code
Applying bleed effect! Checking special code
Applying bleed effect! Checking special code
Applying bleed effect! Checking special code
Applying bleed effect! Checking special code
Applying bleed effect! Checking special code
Applying bleed effect! Checking special code
Applying bleed effect! Checking special code
Applying bleed effect! Checking special code
Applying bleed effect! Checking special code
Applying bleed effect! Checking special code
[ 623/700 ] WIN    17 turns   aang, alphamon, king  vs  bakugo, ichigo, gasai
[ 624/700 ] WIN    13 turns   aang, emiyaarcher, ichigo  vs  soul, hawkmon, ryuko
[ 625/700 ] WIN    15 turns   aang, kaiba, koro  vs  gasai, jupiter, mami
[ 626/700 ] WIN    23 turns   aang, tsuyu, kitara  vs  gogeta, gojo, sayaka
[ 627/700 ] LOSS   16 turns   aang, shinoa, ryuko  vs  ryohei, sheele, hibari
[ 628/700 ] LOSS   22 turns   aang, zenitsu, neferpitou  vs  mars, nimaiya, touka
[ 629/700 ] LOSS   18 turns   aang, goku, byakuya  vs  mami, neferpitou, semiramis
[ 630/700 ] WIN    22 turns   aang, uranus, halibel  vs  emiya, megumin, mash
[ 631/700 ] LOSS   21 turns   aang, nagisa, jesse  vs  jack, koro, uzui
Applying bleed effect! Checking special code
[ 632/700 ] LOSS   15 turns   aang, king, sayaka  vs  blackstar, nagisa, rimuru
[ 633/700 ] WIN    25 turns   aang, machinedramon, naruto  vs  jupiter, noelle, tsubasa
[ 634/700 ] LOSS   20 turns   aang, blackstar, emiyaarcher  vs  emiya, kurapika, saturn
[ 635/700 ] WIN    59 turns   aang, muichiro, kurapika  vs  mikasa, kitara, megumi
[ 636/700 ] LOSS   14 turns   aang, jeanne, akame  vs  lucy, toph, cell
[ 637/700 ] LOSS   27 turns   aang, toudou, frieren  vs  nagisa, yamamoto, hibari
[ 638/700 ] WIN    15 turns   aang, ace, hinata  vs  zenitsu, emiya, lyserg
Applying bleed effect! Checking special code
Applying bleed effect! Checking special code
[ 639/700 ] WIN    24 turns   aang, kaiba, uraraka  vs  levi, ken, yoh
[ 640/700 ] LOSS   42 turns   aang, cooler, kurapika  vs  cell, hisoka, toji
[ 641/700 ] WIN    17 turns   aang, mash, squalo  vs  frieren, emiyaarcher, gunha
[ 642/700 ] WIN    12 turns   aang, tatsumi, sayaka  vs  soul, todoroki, jinwoo
[ 643/700 ] WIN    21 turns   aang, noelle, hashirama  vs  sukuna, ladydevimon, alphonse
[ 644/700 ] LOSS   24 turns   aang, natsu, jeanne  vs  cell, midoriya, renamon
[ 645/700 ] WIN    20 turns   aang, soul, gray  vs  ichigo, sasuke, nel
[ 646/700 ] LOSS   24 turns   aang, saitama, venus  vs  kid, boruto, marco
[ 647/700 ] LOSS   20 turns   aang, minene, maka  vs  xanxus, hashirama, mercury
[ 648/700 ] WIN    30 turns   aang, hawkmon, tsuyu  vs  jesse, tokoyami, akame
[ 649/700 ] LOSS   28 turns   aang, akame, omnimon  vs  itachi, usopp, nezuko
[ 650/700 ] WIN    19 turns   aang, gohan, lucy  vs  aiohto, boruto, mami
[ 651/700 ] WIN    25 turns   aang, maka, machinedramon  vs  jesse, adam, koro
[ 652/700 ] LOSS   23 turns   aang, saturn, mash  vs  madoka, satsuki, hibari
[ 653/700 ] LOSS   23 turns   aang, akame, tanjiro  vs  nel, frankenstein, eren
[ 654/700 ] WIN    24 turns   aang, astolfo, tanjiro  vs  kurotsuchi, gilgamesh, toga
[ 655/700 ] WIN    17 turns   aang, lucy, sakura  vs  kurotsuchi, shinoa, mami
[ 656/700 ] WIN    18 turns   aang, naruto, venus  vs  uzui, seventeen, cooler
[ 657/700 ] WIN    13 turns   aang, levi, jack  vs  gunha, sasuke, gatomon
Applying bleed effect! Checking special code
Applying bleed effect! Checking special code
[ 658/700 ] LOSS   46 turns   aang, koro, denji  vs  toudou, saber, akame
[ 659/700 ] LOSS   31 turns   aang, yamamoto, rob  vs  halibel, uraraka, astolfo
[ 660/700 ] LOSS   17 turns   aang, gray, alphamon  vs  arthur, sukuna, jaden
[ 661/700 ] WIN    17 turns   aang, crona, yuno  vs  sheele, toji, killua
[ 662/700 ] WIN    14 turns   aang, gatomon, chrome  vs  akame, death, noelle
[ 663/700 ] WIN    19 turns   aang, nonon, omnimon  vs  shokuhou, mars, tamaki
Applying bleed effect! Checking special code
Applying bleed effect! Checking special code
Applying bleed effect! Checking special code
[ 664/700 ] WIN    20 turns   aang, semiramis, mash  vs  rimuru, king, lucy
[ 665/700 ] WIN    27 turns   aang, lizandpatty, itachi  vs  boruto, edward, blackstar
[ 666/700 ] WIN    18 turns   aang, yuno, sukuna  vs  eren, mikasa, tatsumi
[ 667/700 ] WIN    18 turns   aang, todoroki, emiyaarcher  vs  nezuko, kitara, chrome
[ 668/700 ] WIN    24 turns   aang, yugi, tanjiro  vs  pegasus, ken, ban
[ 669/700 ] LOSS   25 turns   aang, emiyaarcher, jesse  vs  edward, semiramis, itachi
[ 670/700 ] WIN    19 turns   aang, satsuki, uzui  vs  rimuru, kuroko, frankenstein
[ 671/700 ] WIN    19 turns   aang, gilgamesh, satsuki  vs  ban, luffy, soul
[ 672/700 ] WIN    16 turns   aang, veldora, lucy  vs  hinata, shiro, sakura
[ 673/700 ] WIN    44 turns   aang, nezuko, yubel  vs  kitara, emiya, mash
[ 674/700 ] LOSS   13 turns   aang, ace, adam  vs  hibari, jack, maka
Applying bleed effect! Checking special code
Applying bleed effect! Checking special code
[ 675/700 ] WIN    30 turns   aang, orihime, natsu  vs  tsubaki, rengoku, chrome
[ 676/700 ] WIN    19 turns   aang, power, kurapika  vs  frankenstein, edward, yuno
[ 677/700 ] WIN    22 turns   aang, byakuya, jack  vs  toph, tsunayoshi, cooler
[ 678/700 ] WIN    18 turns   aang, gogeta, toga  vs  saitama, gatomon, death
[ 679/700 ] WIN    19 turns   aang, gatomon, minene  vs  adam, veldora, natsu
[ 680/700 ] WIN    15 turns   aang, kuroko, ichibe  vs  uraraka, toji, yoh
Applying bleed effect! Checking special code
[ 681/700 ] LOSS   25 turns   aang, madoka, mercury  vs  aiohto, denji, sheele
[ 682/700 ] WIN    14 turns   aang, tatsumi, sayaka  vs  blackstar, gohan, lucy
[ 683/700 ] WIN    12 turns   aang, hashirama, mine  vs  todoroki, sasuke, usopp
[ 684/700 ] WIN    16 turns   aang, cooler, ryuko  vs  broly, mash, todoroki
[ 685/700 ] LOSS   22 turns   aang, rob, meliodas  vs  neferpitou, lizandpatty, ganta
[ 686/700 ] LOSS   16 turns   aang, sayaka, crona  vs  alphamon, jack, midoriya
[ 687/700 ] LOSS   23 turns   aang, edward, gasai  vs  emiya, gilgamesh, vegeta
[ 688/700 ] LOSS   24 turns   aang, jupiter, marco  vs  diane, seventeen, gasai
[ 689/700 ] LOSS   15 turns   aang, yubel, horohoro  vs  myotismon, sasuke, esdeath
Applying bleed effect! Checking special code
Applying bleed effect! Checking special code
[ 690/700 ] LOSS   33 turns   aang, nonon, ganta  vs  diane, omnimon, horohoro
[ 691/700 ] WIN    42 turns   aang, denji, jinwoo  vs  blackstar, vegeta, tsuyu
[ 692/700 ] WIN    15 turns   aang, ladydevimon, touka  vs  yuno, crona, mash
Applying bleed effect! Checking special code
Applying bleed effect! Checking special code
Applying bleed effect! Checking special code
Applying bleed effect! Checking special code
Applying bleed effect! Checking special code
Applying bleed effect! Checking special code
Applying bleed effect! Checking special code
[ 693/700 ] LOSS   33 turns   aang, toga, nel  vs  lizandpatty, inosuke, marco
Applying bleed effect! Checking special code
Applying bleed effect! Checking special code
[ 694/700 ] WIN    19 turns   aang, power, koro  vs  kuroko, akame, touka
[ 695/700 ] WIN    15 turns   aang, venus, soul  vs  cell, power, blackstar
[ 696/700 ] LOSS   19 turns   aang, korra, mikasa  vs  toji, jack, alphamon
[ 697/700 ] WIN    24 turns   aang, alphonse, gon  vs  myotismon, ladydevimon, mercury
[ 698/700 ] WIN    22 turns   aang, goku, myotismon  vs  natsu, allmight, megumin
[ 699/700 ] WIN    16 turns   aang, gohan, lyserg  vs  goku, jesse, jupiter
[ 700/700 ] LOSS   16 turns   aang, gohan, levi  vs  touka, cell, halibel
=== TRAINER RUN COMPLETE ===
Matches: 700   W: 426   L: 274   D: 0   Win: 60.9%   (opponent: self)
Policy saved to res://training/checkpoints/focus_aang/w4.json  (generation 5, trained_matches 10700)
