Godot Engine v4.6.2.stable.official.71f334935 - https://godotengine.org

[trainer] seed=61002 matches=700 opponent=self eval=false out=res://training/checkpoints/focus_ace/w2.json checkpoint=res://training/checkpoints/focused_current.json
[authored] loaded 1 authored character(s)
[   1/700 ] LOSS   24 turns   ace, saber, usopp  vs  death, tatsumi, broly
[   2/700 ] LOSS   17 turns   ace, broly, mash  vs  zoro, neferpitou, myotismon
[   3/700 ] WIN     9 turns   ace, alphamon, seventeen  vs  todoroki, ladydevimon, levi
[   4/700 ] LOSS   15 turns   ace, toudou, nobara  vs  madoka, hawkmon, itachi
[   5/700 ] WIN    24 turns   ace, zenitsu, luffy  vs  frieren, jesse, naruto
[   6/700 ] WIN    19 turns   ace, saber, gallantmon  vs  frankenstein, lyserg, megumi
[   7/700 ] LOSS   15 turns   ace, madoka, yoh  vs  yuno, squalo, killua
[   8/700 ] LOSS   25 turns   ace, gallantmon, mami  vs  usopp, tatsumi, minene
[   9/700 ] WIN    15 turns   ace, tatsumaki, bakugo  vs  gojo, veldora, chrome
[  10/700 ] WIN    25 turns   ace, machinedramon, ichigo  vs  koro, muichiro, kid
[  11/700 ] LOSS   20 turns   ace, sheele, zenitsu  vs  jesse, seventeen, kaiba
[  12/700 ] LOSS   21 turns   ace, horohoro, hawkmon  vs  erza, byakuya, rimuru
[  13/700 ] WIN    26 turns   ace, blackwargreymon, jaden  vs  tsunayoshi, emiya, muichiro
Applying bleed effect! Checking special code
Applying bleed effect! Checking special code
Applying bleed effect! Checking special code
Applying bleed effect! Checking special code
Applying bleed effect! Checking special code
[  14/700 ] LOSS   21 turns   ace, king, todoroki  vs  sukuna, minene, zoro
[  15/700 ] WIN    27 turns   ace, toji, gasai  vs  blackwargreymon, cooler, shokuhou
[  16/700 ] LOSS   15 turns   ace, veldora, pegasus  vs  soul, bakugo, chrome
[  17/700 ] LOSS   54 turns   ace, sasuke, nagisa  vs  todoroki, yoh, boruto
[  18/700 ] WIN    20 turns   ace, renamon, alphonse  vs  orihime, luffy, hawkmon
[  19/700 ] WIN    73 turns   ace, nezuko, gohan  vs  toph, eren, misaka
Yubel's S1 Triggered!
[  20/700 ] WIN    19 turns   ace, seventeen, yubel  vs  goku, power, zenitsu
[  21/700 ] LOSS   22 turns   ace, yuji, naruto  vs  yugi, jaden, chrome
[  22/700 ] LOSS   16 turns   ace, gatomon, xanxus  vs  venus, megumin, gon
[  23/700 ] WIN    22 turns   ace, gon, adam  vs  bakugo, machinedramon, impmon
[  24/700 ] LOSS   18 turns   ace, uzui, nobara  vs  saitama, killua, halibel
[  25/700 ] LOSS   24 turns   ace, killua, tamaki  vs  semiramis, aiohto, gogeta
[  26/700 ] LOSS   24 turns   ace, boruto, nobara  vs  muichiro, jupiter, gojo
[  27/700 ] LOSS   21 turns   ace, astolfo, frankenstein  vs  kitara, aiohto, gogeta
[  28/700 ] WIN    50 turns   ace, akame, yamamoto  vs  blackwargreymon, nezuko, genos
[  29/700 ] LOSS   22 turns   ace, uranus, sakura  vs  sukuna, saber, alphonse
[  30/700 ] WIN    24 turns   ace, lyserg, saturn  vs  usopp, meliodas, nezuko
Applying bleed effect! Checking special code
Applying bleed effect! Checking special code
Applying bleed effect! Checking special code
[  31/700 ] LOSS   16 turns   ace, renamon, sukuna  vs  kuroko, edward, rakko
Applying bleed effect! Checking special code
Applying bleed effect! Checking special code
Applying bleed effect! Checking special code
Applying bleed effect! Checking special code
Applying bleed effect! Checking special code
Applying bleed effect! Checking special code
Applying bleed effect! Checking special code
Applying bleed effect! Checking special code
Applying bleed effect! Checking special code
Applying bleed effect! Checking special code
Applying bleed effect! Checking special code
Applying bleed effect! Checking special code
Applying bleed effect! Checking special code
Applying bleed effect! Checking special code
Applying bleed effect! Checking special code
Applying bleed effect! Checking special code
Applying bleed effect! Checking special code
[  32/700 ] LOSS   25 turns   ace, king, jinwoo  vs  saturn, yuji, venus
Applying bleed effect! Checking special code
Applying bleed effect! Checking special code
[  33/700 ] WIN    23 turns   ace, power, frieren  vs  crona, blackwargreymon, emiyaarcher
[  34/700 ] WIN    14 turns   ace, broly, mine  vs  kitara, sasuke, todoroki
[  35/700 ] WIN    22 turns   ace, nonon, edward  vs  gilgamesh, tsuyu, kaiba
[  36/700 ] WIN    29 turns   ace, nel, kurotsuchi  vs  veldora, marco, vegeta
[  37/700 ] LOSS   24 turns   ace, alphonse, megumi  vs  gatomon, aang, renamon
[  38/700 ] WIN    27 turns   ace, frankenstein, kuroko  vs  adam, mercury, usopp
[  39/700 ] LOSS   24 turns   ace, kitara, saitama  vs  tsubasa, sukuna, todoroki
[  40/700 ] LOSS   19 turns   ace, eren, esdeath  vs  killua, jaden, lucy
[  41/700 ] LOSS   24 turns   ace, uzui, tatsumaki  vs  ryohei, kurapika, nezuko
[  42/700 ] LOSS   18 turns   ace, jack, kitara  vs  mars, jupiter, lyserg
[  43/700 ] WIN    23 turns   ace, kuroko, neferpitou  vs  usopp, bakugo, semiramis
[  44/700 ] WIN    29 turns   ace, toji, misaka  vs  sakura, jupiter, shinra
[  45/700 ] LOSS   18 turns   ace, tatsumaki, edward  vs  jupiter, toudou, tanjiro
[  46/700 ] WIN    17 turns   ace, renamon, vegeta  vs  nel, sukuna, lucy
[  47/700 ] WIN    17 turns   ace, bakugo, aiohto  vs  gray, erza, maka
[  48/700 ] LOSS   14 turns   ace, yuno, akame  vs  hibari, squalo, hinata
[  49/700 ] LOSS   24 turns   ace, kurapika, tsuyu  vs  aang, rimuru, rob
Applying bleed effect! Checking special code
[  50/700 ] WIN    14 turns   ace, tsubaki, mikasa  vs  diane, yuno, frankenstein
[  51/700 ] WIN    17 turns   ace, veldora, saber  vs  akame, sasuke, semiramis
Applying bleed effect! Checking special code
Applying bleed effect! Checking special code
Applying bleed effect! Checking special code
Applying bleed effect! Checking special code
Applying bleed effect! Checking special code
Applying bleed effect! Checking special code
[  52/700 ] LOSS   12 turns   ace, todoroki, machinedramon  vs  lucy, ken, gon
[  53/700 ] LOSS   22 turns   ace, tsunayoshi, nonon  vs  meliodas, impmon, shokuhou
[  54/700 ] LOSS   16 turns   ace, ganta, yoh  vs  alphonse, gray, toga
[  55/700 ] WIN    24 turns   ace, tsubasa, ganta  vs  inuyasha, sayaka, cooler
[  56/700 ] LOSS   22 turns   ace, jeanne, itachi  vs  sakura, gohan, soul
[  57/700 ] LOSS   27 turns   ace, marco, yugi  vs  levi, nagisa, tatsumi
[  58/700 ] WIN    19 turns   ace, ryohei, squalo  vs  hinata, rimuru, jinwoo
[  59/700 ] WIN    16 turns   ace, mash, neferpitou  vs  myotismon, shinoa, ryuko
[  60/700 ] LOSS   17 turns   ace, yoh, hawkmon  vs  mavis, vegeta, lizandpatty
[  61/700 ] WIN    14 turns   ace, hashirama, nobara  vs  asta, goku, jupiter
[  62/700 ] LOSS   28 turns   ace, yoh, hisoka  vs  tokoyami, gogeta, lucy
[  63/700 ] WIN    16 turns   ace, natsu, horohoro  vs  rob, megumi, yuji
[  64/700 ] LOSS   22 turns   ace, chrome, astolfo  vs  hashirama, todoroki, tsuyu
Applying bleed effect! Checking special code
[  65/700 ] WIN    15 turns   ace, kaiba, hashirama  vs  inosuke, venus, ryuko
[  66/700 ] LOSS   18 turns   ace, death, goku  vs  kuroko, squalo, megumi
[  67/700 ] WIN    14 turns   ace, frankenstein, hashirama  vs  shiro, emiyaarcher, vegeta
[  68/700 ] LOSS   28 turns   ace, nezuko, sasuke  vs  vegeta, luffy, jaden
[  69/700 ] WIN    12 turns   ace, naruto, power  vs  usopp, boruto, touka
[  70/700 ] WIN    27 turns   ace, shiro, inuyasha  vs  korra, midoriya, frieren
[  71/700 ] WIN    22 turns   ace, mash, toga  vs  blackstar, saitama, yoh
[  72/700 ] LOSS   29 turns   ace, nonon, astolfo  vs  uranus, gogeta, toji
[  73/700 ] WIN    15 turns   ace, tatsumi, mavis  vs  hibari, kaiba, shinra
Applying bleed effect! Checking special code
Applying bleed effect! Checking special code
[  74/700 ] WIN    24 turns   ace, adam, ban  vs  yugi, power, nel
[  75/700 ] WIN    21 turns   ace, uranus, jack  vs  semiramis, levi, ganta
[  76/700 ] WIN    23 turns   ace, rob, yoh  vs  horohoro, lucy, venus
[  77/700 ] LOSS   45 turns   ace, korra, toph  vs  mars, shokuhou, emiyaarcher
[  78/700 ] WIN    30 turns   ace, squalo, gallantmon  vs  minene, renamon, tsuyu
Applying bleed effect! Checking special code
Applying bleed effect! Checking special code
Applying bleed effect! Checking special code
Applying bleed effect! Checking special code
[  79/700 ] LOSS   14 turns   ace, rakko, frankenstein  vs  megumin, gilgamesh, jupiter
[  80/700 ] WIN    17 turns   ace, ichigo, chrome  vs  shokuhou, mash, ichibe
[  81/700 ] LOSS   18 turns   ace, tanjiro, vegeta  vs  maka, lucy, saitama
[  82/700 ] WIN    16 turns   ace, tatsumaki, gogeta  vs  omnimon, gasai, gojo
[  83/700 ] WIN    29 turns   ace, veldora, nobara  vs  machinedramon, frankenstein, itachi
[  84/700 ] LOSS   22 turns   ace, touka, alphonse  vs  sayaka, genos, usopp
[  85/700 ] WIN    23 turns   ace, gilgamesh, mash  vs  satsuki, luffy, halibel
[  86/700 ] LOSS   59 turns   ace, nimaiya, yoh  vs  ichigo, natsu, kaiba
[  87/700 ] LOSS   32 turns   ace, blackwargreymon, yamamoto  vs  rob, alphonse, venus
[  88/700 ] WIN    26 turns   ace, death, muichiro  vs  soul, shiro, zoro
[  89/700 ] WIN    16 turns   ace, tatsumaki, gatomon  vs  cell, yoh, jeanne
Applying bleed effect! Checking special code
Applying bleed effect! Checking special code
[  90/700 ] LOSS   19 turns   ace, ichigo, kaiba  vs  king, genos, mash
[  91/700 ] LOSS   26 turns   ace, sukuna, jupiter  vs  emiyaarcher, nagisa, nobara
[  92/700 ] WIN    17 turns   ace, squalo, impmon  vs  hisoka, blackwargreymon, rob
[  93/700 ] LOSS   25 turns   ace, bakugo, luffy  vs  cooler, sakura, neferpitou
[  94/700 ] LOSS   23 turns   ace, kurotsuchi, death  vs  blackstar, nagisa, hashirama
[  95/700 ] WIN    17 turns   ace, jupiter, ryuko  vs  bakugo, jeanne, nobara
[  96/700 ] WIN    16 turns   ace, tsubaki, saturn  vs  sayaka, jack, hibari
[  97/700 ] WIN    16 turns   ace, esdeath, killua  vs  hibari, rimuru, megumi
[  98/700 ] WIN    36 turns   ace, emiyaarcher, gunha  vs  noelle, tsuyu, gasai
[  99/700 ] WIN    16 turns   ace, kurotsuchi, frankenstein  vs  yuno, muichiro, koro
Applying bleed effect! Checking special code
Applying bleed effect! Checking special code
Applying bleed effect! Checking special code
Applying bleed effect! Checking special code
Applying bleed effect! Checking special code
Applying bleed effect! Checking special code
[ 100/700 ] LOSS   23 turns   ace, jupiter, shokuhou  vs  denji, midoriya, yuno
[ 101/700 ] WIN    14 turns   ace, kaiba, blackwargreymon  vs  kurapika, squalo, yuno
[ 102/700 ] LOSS   17 turns   ace, tsubaki, emiya  vs  kitara, hashirama, bakugo
Yubel's S1 Triggered!
Yubel's S1 Triggered!
Yubel's S1 Triggered!
[ 103/700 ] WIN    11 turns   ace, venus, gunha  vs  korra, crona, yubel
[ 104/700 ] WIN    25 turns   ace, emiyaarcher, saturn  vs  tamaki, arthur, gallantmon
[ 105/700 ] WIN    24 turns   ace, naruto, satsuki  vs  gojo, uraraka, nel
Applying bleed effect! Checking special code
Applying bleed effect! Checking special code
[ 106/700 ] LOSS   24 turns   ace, koro, saber  vs  gunha, inosuke, megumi
[ 107/700 ] WIN    15 turns   ace, ichigo, nezuko  vs  tsubaki, allmight, seventeen
Applying bleed effect! Checking special code
Applying bleed effect! Checking special code
[ 108/700 ] WIN    17 turns   ace, denji, mine  vs  zoro, sukuna, shokuhou
[ 109/700 ] WIN    22 turns   ace, mercury, veldora  vs  yugi, gon, yubel
[ 110/700 ] WIN    21 turns   ace, ichibe, machinedramon  vs  jaden, jesse, akame
[ 111/700 ] WIN    24 turns   ace, blackwargreymon, lizandpatty  vs  gojo, tsunayoshi, machinedramon
[ 112/700 ] WIN    21 turns   ace, vegeta, ganta  vs  toph, saturn, yoh
[ 113/700 ] LOSS   21 turns   ace, saber, toji  vs  aiohto, omnimon, muichiro
[ 114/700 ] LOSS   26 turns   ace, muichiro, inuyasha  vs  nonon, halibel, yugi
[ 115/700 ] WIN    25 turns   ace, emiyaarcher, seventeen  vs  mine, aang, orihime
[ 116/700 ] LOSS   28 turns   ace, hawkmon, ban  vs  broly, edward, mikasa
[ 117/700 ] WIN    19 turns   ace, mars, edward  vs  shokuhou, tatsumaki, yuno
[ 118/700 ] WIN    42 turns   ace, vegeta, jesse  vs  venus, sasuke, ban
[ 119/700 ] WIN    15 turns   ace, diane, impmon  vs  neferpitou, soul, genos
[ 120/700 ] WIN    27 turns   ace, killua, hashirama  vs  kurapika, maka, venus
[ 121/700 ] LOSS  215 turns   ace, jaden, kid  vs  yoh, luffy, kaiba
[ 122/700 ] LOSS   20 turns   ace, shinoa, megumi  vs  korra, genos, rimuru
Applying bleed effect! Checking special code
Applying bleed effect! Checking special code
[ 123/700 ] WIN    27 turns   ace, meliodas, king  vs  tsubaki, kurotsuchi, vegeta
[ 124/700 ] WIN    19 turns   ace, adam, gray  vs  jack, jinwoo, toudou
[ 125/700 ] LOSS   24 turns   ace, ryohei, tsubasa  vs  blackwargreymon, uzui, semiramis
[ 126/700 ] WIN    23 turns   ace, nimaiya, genos  vs  horohoro, satsuki, tamaki
[ 127/700 ] LOSS   12 turns   ace, nonon, yoh  vs  diane, mash, esdeath
[ 128/700 ] LOSS   18 turns   ace, kuroko, sukuna  vs  gilgamesh, lucy, meliodas
[ 129/700 ] LOSS   19 turns   ace, marco, semiramis  vs  genos, zoro, ichibe
[ 130/700 ] WIN    23 turns   ace, xanxus, ryohei  vs  megumi, uranus, jesse
[ 131/700 ] WIN    27 turns   ace, rimuru, pegasus  vs  uzui, kaiba, korra
[ 132/700 ] LOSS   17 turns   ace, gray, kurapika  vs  halibel, natsu, emiyaarcher
Applying bleed effect! Checking special code
Applying bleed effect! Checking special code
Applying bleed effect! Checking special code
Applying bleed effect! Checking special code
Applying bleed effect! Checking special code
[ 133/700 ] LOSS   15 turns   ace, shokuhou, saitama  vs  marco, kuroko, ken
Applying bleed effect! Checking special code
[ 134/700 ] LOSS   18 turns   ace, ichigo, misaka  vs  power, gasai, touka
[ 135/700 ] LOSS   25 turns   ace, gojo, tsubasa  vs  nel, blackstar, kurotsuchi
[ 136/700 ] WIN    33 turns   ace, arthur, pegasus  vs  ichigo, kuroko, kid
[ 137/700 ] WIN    37 turns   ace, shinoa, killua  vs  halibel, squalo, yamamoto
Applying bleed effect! Checking special code
Applying bleed effect! Checking special code
[ 138/700 ] LOSS   19 turns   ace, inosuke, nobara  vs  ganta, mikasa, venus
[ 139/700 ] LOSS   29 turns   ace, misaka, rob  vs  kurotsuchi, mine, aang
[ 140/700 ] LOSS   24 turns   ace, gojo, lyserg  vs  tsunayoshi, shinra, marco
[ 141/700 ] WIN    10 turns   ace, saber, seventeen  vs  ganta, mami, squalo
Applying bleed effect! Checking special code
[ 142/700 ] WIN    31 turns   ace, levi, natsu  vs  aang, tsuyu, denji
[ 143/700 ] LOSS   15 turns   ace, alphamon, cell  vs  gallantmon, esdeath, aiohto
Applying bleed effect! Checking special code
Applying bleed effect! Checking special code
Applying bleed effect! Checking special code
[ 144/700 ] WIN    18 turns   ace, denji, saturn  vs  aang, koro, nagisa
[ 145/700 ] LOSS   19 turns   ace, megumi, tatsumaki  vs  todoroki, nagisa, squalo
[ 146/700 ] LOSS   20 turns   ace, emiya, gohan  vs  ryohei, toji, gasai
[ 147/700 ] LOSS   21 turns   ace, tokoyami, halibel  vs  tatsumi, marco, allmight
[ 148/700 ] LOSS   20 turns   ace, kuroko, cell  vs  aang, death, cooler
[ 149/700 ] LOSS   22 turns   ace, megumin, gallantmon  vs  boruto, frieren, yuji
[ 150/700 ] LOSS   23 turns   ace, semiramis, mine  vs  sasuke, squalo, emiyaarcher
[ 151/700 ] WIN    19 turns   ace, gray, tokoyami  vs  jupiter, gallantmon, nel
Applying bleed effect! Checking special code
Applying bleed effect! Checking special code
[ 152/700 ] WIN    29 turns   ace, toga, rengoku  vs  halibel, astolfo, uranus
[ 153/700 ] LOSS   12 turns   ace, mavis, nonon  vs  meliodas, boruto, frankenstein
[ 154/700 ] LOSS   19 turns   ace, tanjiro, korra  vs  meliodas, toudou, mars
Applying bleed effect! Checking special code
[ 155/700 ] LOSS   18 turns   ace, rengoku, boruto  vs  mikasa, yugi, bakugo
[ 156/700 ] WIN    22 turns   ace, sakura, tokoyami  vs  saitama, inuyasha, nagisa
[ 157/700 ] LOSS   17 turns   ace, myotismon, xanxus  vs  tsubasa, cooler, esdeath
[ 158/700 ] LOSS   19 turns   ace, erza, machinedramon  vs  saitama, ryuko, inuyasha
[ 159/700 ] LOSS   12 turns   ace, usopp, gallantmon  vs  killua, esdeath, halibel
[ 160/700 ] LOSS   21 turns   ace, tsubaki, zoro  vs  mavis, kaiba, nonon
[ 161/700 ] LOSS   14 turns   ace, vegeta, nobara  vs  natsu, ryohei, saber
[ 162/700 ] WIN    16 turns   ace, toudou, mikasa  vs  gohan, kaiba, esdeath
[ 163/700 ] WIN    23 turns   ace, naruto, shinra  vs  mars, kid, saturn
[ 164/700 ] WIN    19 turns   ace, toji, megumin  vs  yuno, meliodas, emiya
[ 165/700 ] WIN    17 turns   ace, nimaiya, kaiba  vs  kuroko, lyserg, blackwargreymon
[ 166/700 ] LOSS   16 turns   ace, inuyasha, aang  vs  genos, chrome, adam
[ 167/700 ] WIN    15 turns   ace, renamon, naruto  vs  megumi, impmon, emiyaarcher
[ 168/700 ] LOSS   23 turns   ace, mavis, asta  vs  luffy, megumi, saitama
[ 169/700 ] WIN    15 turns   ace, cooler, semiramis  vs  zoro, kaiba, zenitsu
[ 170/700 ] LOSS   18 turns   ace, eren, noelle  vs  omnimon, adam, gilgamesh
[ 171/700 ] LOSS   81 turns   ace, emiyaarcher, killua  vs  mars, nobara, gogeta
[ 172/700 ] LOSS   16 turns   ace, toji, uzui  vs  usopp, mercury, mikasa
[ 173/700 ] LOSS   15 turns   ace, kaiba, sheele  vs  esdeath, nagisa, tokoyami
[ 174/700 ] WIN    28 turns   ace, tanjiro, ryohei  vs  zoro, rimuru, bakugo
[ 175/700 ] LOSS   24 turns   ace, bakugo, orihime  vs  mars, toudou, shinoa
Applying bleed effect! Checking special code
Applying bleed effect! Checking special code
Applying bleed effect! Checking special code
Applying bleed effect! Checking special code
Applying bleed effect! Checking special code
Applying bleed effect! Checking special code
Applying bleed effect! Checking special code
Applying bleed effect! Checking special code
Applying bleed effect! Checking special code
Applying bleed effect! Checking special code
Applying bleed effect! Checking special code
Applying bleed effect! Checking special code
Applying bleed effect! Checking special code
[ 176/700 ] LOSS   47 turns   ace, gunha, rengoku  vs  tsubaki, orihime, gallantmon
[ 177/700 ] WIN    27 turns   ace, aang, renamon  vs  kaiba, myotismon, tamaki
[ 178/700 ] WIN    15 turns   ace, gogeta, esdeath  vs  sayaka, yoh, midoriya
[ 179/700 ] LOSS   18 turns   ace, hawkmon, nel  vs  gunha, mavis, saturn
[ 180/700 ] WIN    13 turns   ace, frankenstein, seventeen  vs  renamon, impmon, cell
[ 181/700 ] LOSS   18 turns   ace, adam, toudou  vs  jesse, uzui, diane
[ 182/700 ] LOSS   24 turns   ace, jeanne, cell  vs  levi, rimuru, myotismon
Applying bleed effect! Checking special code
Applying bleed effect! Checking special code
Applying bleed effect! Checking special code
[ 183/700 ] WIN    20 turns   ace, hashirama, rengoku  vs  gasai, gohan, edward
[ 184/700 ] LOSS   40 turns   ace, omnimon, minene  vs  jinwoo, naruto, yugi
[ 185/700 ] WIN    17 turns   ace, uranus, sheele  vs  tatsumi, minene, todoroki
Applying bleed effect! Checking special code
Applying bleed effect! Checking special code
Applying bleed effect! Checking special code
Applying bleed effect! Checking special code
Applying bleed effect! Checking special code
[ 186/700 ] LOSS   19 turns   ace, yubel, ken  vs  renamon, frankenstein, eren
Yubel's S1 Triggered!
Yubel's S1 Triggered!
[ 187/700 ] WIN    24 turns   ace, hibari, gasai  vs  yugi, yubel, hinata
[ 188/700 ] WIN    20 turns   ace, cell, renamon  vs  bakugo, minene, nobara
[ 189/700 ] LOSS   15 turns   ace, yamamoto, hawkmon  vs  edward, gojo, jupiter
[ 190/700 ] WIN    31 turns   ace, mikasa, naruto  vs  saber, mine, omnimon
[ 191/700 ] LOSS   20 turns   ace, lyserg, ban  vs  alphonse, impmon, saitama
[ 192/700 ] LOSS   21 turns   ace, toudou, kurotsuchi  vs  veldora, gatomon, asta
[ 193/700 ] WIN    16 turns   ace, genos, saber  vs  mami, aiohto, blackwargreymon
Applying bleed effect! Checking special code
[ 194/700 ] WIN    13 turns   ace, hashirama, satsuki  vs  jeanne, minene, inosuke
[ 195/700 ] LOSS   20 turns   ace, kuroko, yubel  vs  tamaki, aang, zoro
Applying bleed effect! Checking special code
Applying bleed effect! Checking special code
Applying bleed effect! Checking special code
Applying bleed effect! Checking special code
Applying bleed effect! Checking special code
Applying bleed effect! Checking special code
[ 196/700 ] LOSS   19 turns   ace, zenitsu, king  vs  blackwargreymon, allmight, gatomon
Applying bleed effect! Checking special code
Applying bleed effect! Checking special code
Applying bleed effect! Checking special code
Applying bleed effect! Checking special code
Applying bleed effect! Checking special code
Applying bleed effect! Checking special code
[ 197/700 ] LOSS   16 turns   ace, usopp, hisoka  vs  gray, king, nimaiya
[ 198/700 ] LOSS   14 turns   ace, natsu, venus  vs  esdeath, meliodas, nezuko
Applying bleed effect! Checking special code
Applying bleed effect! Checking special code
[ 199/700 ] WIN    20 turns   ace, boruto, king  vs  sayaka, korra, death
[ 200/700 ] LOSS   18 turns   ace, semiramis, koro  vs  kitara, mavis, jaden
[ 201/700 ] LOSS   23 turns   ace, mami, cooler  vs  blackwargreymon, toph, gilgamesh
[ 202/700 ] WIN    19 turns   ace, natsu, saturn  vs  gunha, ichigo, kuroko
[ 203/700 ] WIN    24 turns   ace, gray, muichiro  vs  hinata, byakuya, ladydevimon
[ 204/700 ] WIN    19 turns   ace, cell, ichibe  vs  gon, sukuna, emiya
[ 205/700 ] LOSS   29 turns   ace, marco, luffy  vs  arthur, kurotsuchi, gallantmon
[ 206/700 ] LOSS   40 turns   ace, yubel, kitara  vs  marco, goku, gasai
[ 207/700 ] LOSS   18 turns   ace, tsuyu, omnimon  vs  tanjiro, machinedramon, toji
[ 208/700 ] WIN    10 turns   ace, aang, ladydevimon  vs  mami, shokuhou, sukuna
Applying bleed effect! Checking special code
[ 209/700 ] LOSS   25 turns   ace, mars, asta  vs  denji, gunha, alphamon
[ 210/700 ] WIN    19 turns   ace, emiya, sukuna  vs  tsubasa, levi, todoroki
[ 211/700 ] WIN    20 turns   ace, broly, korra  vs  alphonse, omnimon, levi
[ 212/700 ] WIN    17 turns   ace, misaka, gojo  vs  uzui, alphamon, tokoyami
[ 213/700 ] LOSS   17 turns   ace, death, gasai  vs  machinedramon, gon, emiyaarcher
[ 214/700 ] LOSS   15 turns   ace, mami, tatsumaki  vs  kid, bakugo, gilgamesh
Yubel's S1 Triggered!
[ 215/700 ] WIN    22 turns   ace, yubel, seventeen  vs  crona, tanjiro, toji
[ 216/700 ] WIN    39 turns   ace, hibari, saitama  vs  midoriya, shiro, emiya
[ 217/700 ] WIN    20 turns   ace, ryohei, saber  vs  luffy, frieren, orihime
[ 218/700 ] WIN    27 turns   ace, hinata, mine  vs  impmon, tsubasa, kitara
[ 219/700 ] WIN    23 turns   ace, venus, orihime  vs  nonon, yubel, shinoa
[ 220/700 ] WIN    19 turns   ace, saber, saturn  vs  mami, kurapika, hinata
[ 221/700 ] LOSS   34 turns   ace, impmon, mars  vs  uzui, jeanne, saitama
[ 222/700 ] LOSS   27 turns   ace, ryohei, omnimon  vs  touka, killua, toga
[ 223/700 ] LOSS   51 turns   ace, toph, mavis  vs  boruto, renamon, saitama
[ 224/700 ] WIN    23 turns   ace, asta, genos  vs  soul, sayaka, minene
[ 225/700 ] WIN    23 turns   ace, gray, megumin  vs  jack, tsuyu, jinwoo
[ 226/700 ] LOSS   22 turns   ace, koro, myotismon  vs  halibel, toga, vegeta
[ 227/700 ] WIN    18 turns   ace, shinoa, luffy  vs  gojo, ichigo, vegeta
[ 228/700 ] LOSS   20 turns   ace, korra, hisoka  vs  minene, ryohei, natsu
[ 229/700 ] LOSS    9 turns   ace, shinra, denji  vs  genos, satsuki, mine
[ 230/700 ] WIN    18 turns   ace, astolfo, goku  vs  luffy, ganta, allmight
[ 231/700 ] WIN    22 turns   ace, sukuna, orihime  vs  ryohei, akame, mash
[ 232/700 ] WIN    12 turns   ace, gilgamesh, kurapika  vs  meliodas, jeanne, machinedramon
[ 233/700 ] WIN    11 turns   ace, gohan, gilgamesh  vs  kaiba, asta, esdeath
[ 234/700 ] LOSS   18 turns   ace, sayaka, koro  vs  nagisa, killua, megumin
[ 235/700 ] LOSS   16 turns   ace, maka, yuno  vs  eren, yugi, nel
[ 236/700 ] LOSS   21 turns   ace, alphonse, lucy  vs  edward, nagisa, eren
[ 237/700 ] WIN    21 turns   ace, lizandpatty, satsuki  vs  chrome, nimaiya, sukuna
[ 238/700 ] LOSS   19 turns   ace, mami, bakugo  vs  soul, noelle, adam
[ 239/700 ] WIN    23 turns   ace, goku, koro  vs  kurotsuchi, orihime, veldora
[ 240/700 ] LOSS   23 turns   ace, edward, gallantmon  vs  neferpitou, venus, mash
[ 241/700 ] LOSS   14 turns   ace, tatsumi, shokuhou  vs  hibari, edward, shinoa
[ 242/700 ] LOSS   26 turns   ace, cooler, gunha  vs  kurapika, venus, todoroki
Applying bleed effect! Checking special code
[ 243/700 ] LOSS   15 turns   ace, hibari, byakuya  vs  rengoku, mine, jaden
[ 244/700 ] LOSS   17 turns   ace, halibel, noelle  vs  madoka, erza, luffy
Applying bleed effect! Checking special code
Applying bleed effect! Checking special code
Applying bleed effect! Checking special code
[ 245/700 ] WIN    16 turns   ace, king, gasai  vs  nobara, rob, frieren
[ 246/700 ] WIN    40 turns   ace, ryuko, death  vs  kitara, nezuko, cooler
[ 247/700 ] LOSS   17 turns   ace, blackstar, zoro  vs  muichiro, hawkmon, kuroko
[ 248/700 ] LOSS   16 turns   ace, kid, kurotsuchi  vs  minene, asta, zenitsu
[ 249/700 ] WIN    14 turns   ace, shinra, diane  vs  kuroko, asta, kaiba
[ 250/700 ] LOSS   19 turns   ace, kid, toph  vs  saber, satsuki, nonon
[ 251/700 ] LOSS   28 turns   ace, marco, touka  vs  genos, uranus, zoro
[ 252/700 ] LOSS   12 turns   ace, hisoka, todoroki  vs  gilgamesh, killua, ryohei
[ 253/700 ] LOSS   18 turns   ace, ichigo, tatsumaki  vs  noelle, aiohto, todoroki
[ 254/700 ] WIN    16 turns   ace, erza, madoka  vs  blackstar, nel, myotismon
Applying bleed effect! Checking special code
Applying bleed effect! Checking special code
Applying bleed effect! Checking special code
Applying bleed effect! Checking special code
Applying bleed effect! Checking special code
[ 255/700 ] LOSS   42 turns   ace, myotismon, rengoku  vs  jaden, tsubasa, orihime
[ 256/700 ] WIN    19 turns   ace, boruto, hibari  vs  arthur, death, jeanne
Applying bleed effect! Checking special code
Applying bleed effect! Checking special code
[ 257/700 ] LOSS   12 turns   ace, ken, usopp  vs  uranus, asta, ichibe
[ 258/700 ] LOSS   25 turns   ace, genos, saturn  vs  sasuke, ganta, saber
[ 259/700 ] WIN    27 turns   ace, nimaiya, minene  vs  lizandpatty, sukuna, orihime
[ 260/700 ] LOSS   14 turns   ace, xanxus, ryuko  vs  pegasus, muichiro, jupiter
Applying bleed effect! Checking special code
Applying bleed effect! Checking special code
[ 261/700 ] WIN    16 turns   ace, nel, power  vs  orihime, tsubasa, kid
Applying bleed effect! Checking special code
Applying bleed effect! Checking special code
[ 262/700 ] WIN    23 turns   ace, mine, natsu  vs  power, emiyaarcher, shiro
[ 263/700 ] LOSS   15 turns   ace, hisoka, gasai  vs  todoroki, gray, sasuke
[ 264/700 ] LOSS   13 turns   ace, nel, frankenstein  vs  gojo, tsunayoshi, ichigo
[ 265/700 ] LOSS   16 turns   ace, minene, toga  vs  natsu, gon, soul
[ 266/700 ] LOSS   16 turns   ace, yuno, killua  vs  hashirama, alphamon, gohan
[ 267/700 ] WIN    22 turns   ace, erza, muichiro  vs  minene, impmon, emiyaarcher
[ 268/700 ] LOSS   39 turns   ace, emiyaarcher, gunha  vs  tatsumaki, genos, sayaka
Applying bleed effect! Checking special code
Applying bleed effect! Checking special code
Applying bleed effect! Checking special code
Applying bleed effect! Checking special code
Applying bleed effect! Checking special code
[ 269/700 ] LOSS   28 turns   ace, alphamon, orihime  vs  impmon, ken, nezuko
[ 270/700 ] LOSS   44 turns   ace, impmon, hashirama  vs  rimuru, gojo, mami
[ 271/700 ] WIN    32 turns   ace, neferpitou, nezuko  vs  emiya, uzui, tokoyami
[ 272/700 ] WIN    14 turns   ace, kurotsuchi, toji  vs  kuroko, hawkmon, allmight
[ 273/700 ] WIN    35 turns   ace, mars, naruto  vs  ban, impmon, tokoyami
Applying bleed effect! Checking special code
Applying bleed effect! Checking special code
Applying bleed effect! Checking special code
Applying bleed effect! Checking special code
Applying bleed effect! Checking special code
[ 274/700 ] WIN    26 turns   ace, levi, tatsumaki  vs  muichiro, rob, rengoku
[ 275/700 ] WIN    30 turns   ace, natsu, jack  vs  shinra, cooler, gatomon
[ 276/700 ] WIN    24 turns   ace, nezuko, yuno  vs  kaiba, gilgamesh, gohan
[ 277/700 ] WIN    16 turns   ace, kaiba, mavis  vs  blackstar, tsunayoshi, semiramis
[ 278/700 ] LOSS   30 turns   ace, nonon, natsu  vs  gunha, hibari, kurapika
[ 279/700 ] WIN    28 turns   ace, arthur, yamamoto  vs  kuroko, allmight, tsunayoshi
[ 280/700 ] LOSS   29 turns   ace, cooler, ryuko  vs  ban, yuji, toga
Applying bleed effect! Checking special code
[ 281/700 ] WIN    20 turns   ace, luffy, sasuke  vs  kuroko, blackwargreymon, rengoku
[ 282/700 ] WIN    17 turns   ace, megumin, gasai  vs  aang, kurotsuchi, power
[ 283/700 ] LOSS   32 turns   ace, edward, mars  vs  ryuko, sasuke, allmight
[ 284/700 ] WIN    16 turns   ace, kid, alphamon  vs  shinra, shiro, muichiro
[ 285/700 ] LOSS   14 turns   ace, horohoro, hibari  vs  chrome, nimaiya, broly
[ 286/700 ] WIN    24 turns   ace, blackwargreymon, tsuyu  vs  mash, impmon, saber
[ 287/700 ] LOSS   21 turns   ace, venus, mars  vs  tsubasa, renamon, ichigo
[ 288/700 ] WIN    41 turns   ace, lyserg, venus  vs  gilgamesh, omnimon, nonon
[ 289/700 ] LOSS   23 turns   ace, toji, tsunayoshi  vs  boruto, edward, kaiba
[ 290/700 ] LOSS   21 turns   ace, myotismon, vegeta  vs  jaden, chrome, touka
Applying bleed effect! Checking special code
Applying bleed effect! Checking special code
[ 291/700 ] WIN    27 turns   ace, rakko, zoro  vs  pegasus, inuyasha, madoka
Applying bleed effect! Checking special code
Applying bleed effect! Checking special code
[ 292/700 ] WIN    16 turns   ace, neferpitou, tokoyami  vs  saber, omnimon, rakko
Yubel's S1 Triggered!
[ 293/700 ] LOSS   20 turns   ace, yubel, mikasa  vs  saitama, nel, rimuru
[ 294/700 ] WIN    16 turns   ace, erza, nonon  vs  rob, tanjiro, tsubasa
[ 295/700 ] LOSS   17 turns   ace, natsu, horohoro  vs  seventeen, alphonse, astolfo
[ 296/700 ] WIN    26 turns   ace, machinedramon, satsuki  vs  xanxus, alphonse, uzui
[ 297/700 ] LOSS   23 turns   ace, nezuko, gallantmon  vs  jaden, mercury, omnimon
[ 298/700 ] WIN    18 turns   ace, pegasus, blackstar  vs  jack, misaka, impmon
[ 299/700 ] LOSS   21 turns   ace, impmon, luffy  vs  yuji, yugi, blackstar
Applying bleed effect! Checking special code
Applying bleed effect! Checking special code
Applying bleed effect! Checking special code
Applying bleed effect! Checking special code
[ 300/700 ] LOSS   25 turns   ace, ban, rimuru  vs  denji, crona, shiro
[ 301/700 ] LOSS   15 turns   ace, kurotsuchi, touka  vs  shinoa, tanjiro, toudou
[ 302/700 ] LOSS   21 turns   ace, goku, mash  vs  shinoa, mikasa, itachi
[ 303/700 ] LOSS   18 turns   ace, squalo, aiohto  vs  yugi, emiya, meliodas
[ 304/700 ] WIN    31 turns   ace, tsunayoshi, nonon  vs  nel, jinwoo, toph
[ 305/700 ] WIN    17 turns   ace, emiyaarcher, sasuke  vs  zenitsu, tsubasa, nimaiya
Applying bleed effect! Checking special code
Applying bleed effect! Checking special code
Applying bleed effect! Checking special code
[ 306/700 ] WIN    23 turns   ace, emiya, mercury  vs  denji, edward, hisoka
[ 307/700 ] LOSS   26 turns   ace, boruto, akame  vs  adam, toph, vegeta
[ 308/700 ] WIN    14 turns   ace, sayaka, vegeta  vs  meliodas, aiohto, mine
[ 309/700 ] LOSS   14 turns   ace, edward, nezuko  vs  mine, vegeta, myotismon
[ 310/700 ] WIN    24 turns   ace, shinra, esdeath  vs  naruto, ichigo, uzui
[ 311/700 ] LOSS   19 turns   ace, blackwargreymon, boruto  vs  tsunayoshi, nel, shinra
[ 312/700 ] WIN    21 turns   ace, tamaki, gilgamesh  vs  frieren, mikasa, gatomon
[ 313/700 ] WIN    34 turns   ace, allmight, lizandpatty  vs  tanjiro, frankenstein, ichigo
[ 314/700 ] WIN    17 turns   ace, alphamon, xanxus  vs  ryohei, toph, frieren
[ 315/700 ] WIN    17 turns   ace, frankenstein, kid  vs  erza, gray, yuji
[ 316/700 ] WIN    19 turns   ace, toji, kitara  vs  gilgamesh, diane, shinoa
[ 317/700 ] LOSS   11 turns   ace, saber, adam  vs  asta, mercury, satsuki
[ 318/700 ] WIN    43 turns   ace, lyserg, frankenstein  vs  sheele, tanjiro, horohoro
[ 319/700 ] WIN    26 turns   ace, cell, inosuke  vs  eren, sasuke, usopp
Applying bleed effect! Checking special code
Applying bleed effect! Checking special code
Applying bleed effect! Checking special code
Applying bleed effect! Checking special code
[ 320/700 ] WIN    18 turns   ace, rengoku, satsuki  vs  death, sayaka, renamon
[ 321/700 ] LOSS   20 turns   ace, uranus, jeanne  vs  hashirama, gallantmon, sakura
[ 322/700 ] LOSS   12 turns   ace, venus, yamamoto  vs  luffy, todoroki, alphamon
[ 323/700 ] LOSS   22 turns   ace, venus, itachi  vs  misaka, touka, aiohto
[ 324/700 ] LOSS   20 turns   ace, mami, goku  vs  tamaki, blackstar, luffy
Applying bleed effect! Checking special code
Applying bleed effect! Checking special code
Applying bleed effect! Checking special code
[ 325/700 ] WIN    26 turns   ace, gallantmon, hibari  vs  kuroko, power, jesse
[ 326/700 ] LOSS   27 turns   ace, kuroko, uraraka  vs  muichiro, aang, yamamoto
[ 327/700 ] WIN    14 turns   ace, saturn, jack  vs  yamamoto, sakura, satsuki
[ 328/700 ] LOSS   28 turns   ace, xanxus, gohan  vs  shiro, tanjiro, lyserg
[ 329/700 ] LOSS   20 turns   ace, death, touka  vs  venus, mercury, gatomon
[ 330/700 ] LOSS   12 turns   ace, sayaka, mash  vs  goku, lizandpatty, tanjiro
[ 331/700 ] LOSS   18 turns   ace, hawkmon, crona  vs  yamamoto, venus, edward
[ 332/700 ] WIN    23 turns   ace, mikasa, astolfo  vs  sakura, vegeta, renamon
[ 333/700 ] LOSS   20 turns   ace, byakuya, emiyaarcher  vs  king, bakugo, tsunayoshi
[ 334/700 ] LOSS   27 turns   ace, ban, uraraka  vs  frieren, broly, gilgamesh
Applying bleed effect! Checking special code
[ 335/700 ] WIN    24 turns   ace, aiohto, gunha  vs  gasai, denji, kaiba
Applying bleed effect! Checking special code
Applying bleed effect! Checking special code
Applying bleed effect! Checking special code
Applying bleed effect! Checking special code
Applying bleed effect! Checking special code
Applying bleed effect! Checking special code
Applying bleed effect! Checking special code
Applying bleed effect! Checking special code
Applying bleed effect! Checking special code
[ 336/700 ] LOSS   24 turns   ace, orihime, goku  vs  toph, rengoku, lizandpatty
[ 337/700 ] LOSS   24 turns   ace, horohoro, tamaki  vs  hisoka, xanxus, zenitsu
Applying bleed effect! Checking special code
[ 338/700 ] WIN    39 turns   ace, mars, yugi  vs  impmon, zenitsu, diane
[ 339/700 ] LOSS   22 turns   ace, nezuko, shiro  vs  natsu, yamamoto, naruto
[ 340/700 ] LOSS   21 turns   ace, maka, aiohto  vs  mash, blackwargreymon, hibari
Applying bleed effect! Checking special code
Yubel's S1 Triggered!
Applying bleed effect! Checking special code
Applying bleed effect! Checking special code
[ 341/700 ] LOSS   30 turns   ace, maka, jinwoo  vs  toga, diane, yubel
[ 342/700 ] LOSS   48 turns   ace, tamaki, hibari  vs  nel, eren, marco
[ 343/700 ] LOSS   29 turns   ace, kurotsuchi, ichigo  vs  maka, bakugo, lizandpatty
[ 344/700 ] WIN    33 turns   ace, hisoka, semiramis  vs  lizandpatty, nezuko, astolfo
Applying bleed effect! Checking special code
Applying bleed effect! Checking special code
Applying bleed effect! Checking special code
Applying bleed effect! Checking special code
[ 345/700 ] LOSS   18 turns   ace, sakura, shinoa  vs  frankenstein, rakko, yuji
[ 346/700 ] LOSS   24 turns   ace, koro, tamaki  vs  kuroko, horohoro, machinedramon
[ 347/700 ] WIN    23 turns   ace, astolfo, nel  vs  jesse, shiro, emiya
[ 348/700 ] WIN    14 turns   ace, toudou, aiohto  vs  levi, frieren, gojo
[ 349/700 ] WIN    17 turns   ace, levi, seventeen  vs  aiohto, korra, mars
[ 350/700 ] LOSS   20 turns   ace, alphamon, blackwargreymon  vs  nezuko, luffy, kuroko
[ 351/700 ] LOSS   31 turns   ace, lucy, nonon  vs  myotismon, toph, venus
[ 352/700 ] LOSS   21 turns   ace, diane, hibari  vs  sukuna, seventeen, jinwoo
[ 353/700 ] LOSS   19 turns   ace, uraraka, hawkmon  vs  chrome, tsubasa, blackstar
[ 354/700 ] LOSS   27 turns   ace, uranus, aang  vs  akame, astolfo, aiohto
[ 355/700 ] WIN    33 turns   ace, minene, korra  vs  bakugo, eren, horohoro
[ 356/700 ] WIN    42 turns   ace, saturn, jaden  vs  boruto, todoroki, aang
[ 357/700 ] LOSS   18 turns   ace, aiohto, neferpitou  vs  hawkmon, seventeen, nimaiya
Applying bleed effect! Checking special code
Applying bleed effect! Checking special code
[ 358/700 ] LOSS   18 turns   ace, naruto, uranus  vs  myotismon, astolfo, inosuke
[ 359/700 ] WIN    20 turns   ace, nezuko, hinata  vs  soul, lucy, jaden
[ 360/700 ] WIN    16 turns   ace, aiohto, aang  vs  diane, itachi, gatomon
[ 361/700 ] LOSS   19 turns   ace, madoka, gallantmon  vs  semiramis, yuji, esdeath
[ 362/700 ] LOSS   25 turns   ace, hisoka, gon  vs  nagisa, noelle, maka
[ 363/700 ] WIN    25 turns   ace, nagisa, midoriya  vs  sasuke, yoh, gohan
[ 364/700 ] WIN    16 turns   ace, sheele, nonon  vs  uranus, soul, mine
Applying bleed effect! Checking special code
Applying bleed effect! Checking special code
Applying bleed effect! Checking special code
Applying bleed effect! Checking special code
[ 365/700 ] LOSS   11 turns   ace, usopp, ken  vs  gojo, tanjiro, myotismon
[ 366/700 ] LOSS   24 turns   ace, kurapika, yoh  vs  pegasus, ichigo, killua
[ 367/700 ] WIN    19 turns   ace, vegeta, aiohto  vs  kaiba, minene, yoh
[ 368/700 ] WIN    20 turns   ace, gray, sakura  vs  tsuyu, jupiter, emiyaarcher
[ 369/700 ] LOSS   14 turns   ace, blackwargreymon, shinra  vs  tatsumi, frankenstein, nimaiya
[ 370/700 ] WIN    17 turns   ace, kid, touka  vs  horohoro, gon, ryohei
[ 371/700 ] WIN    15 turns   ace, squalo, tatsumaki  vs  usopp, todoroki, tanjiro
[ 372/700 ] LOSS   25 turns   ace, mine, megumi  vs  yuno, lizandpatty, misaka
Applying bleed effect! Checking special code
Applying bleed effect! Checking special code
Applying bleed effect! Checking special code
Applying bleed effect! Checking special code
Applying bleed effect! Checking special code
Applying bleed effect! Checking special code
Applying bleed effect! Checking special code
Applying bleed effect! Checking special code
[ 373/700 ] LOSS   25 turns   ace, power, zenitsu  vs  lucy, inosuke, tokoyami
[ 374/700 ] LOSS   18 turns   ace, saber, blackwargreymon  vs  seventeen, mars, misaka
[ 375/700 ] LOSS   20 turns   ace, erza, astolfo  vs  maka, toph, meliodas
[ 376/700 ] LOSS   27 turns   ace, tsuyu, inuyasha  vs  tanjiro, ichigo, zoro
[ 377/700 ] LOSS   27 turns   ace, xanxus, mavis  vs  kaiba, renamon, asta
[ 378/700 ] LOSS   28 turns   ace, byakuya, misaka  vs  yuji, death, tamaki
[ 379/700 ] LOSS   29 turns   ace, killua, ichibe  vs  aiohto, alphonse, cell
[ 380/700 ] LOSS   20 turns   ace, rimuru, nezuko  vs  mami, toji, broly
[ 381/700 ] LOSS   22 turns   ace, yamamoto, genos  vs  adam, mine, nobara
Applying bleed effect! Checking special code
[ 382/700 ] LOSS   22 turns   ace, shinra, rengoku  vs  cell, mash, aang
[ 383/700 ] LOSS   21 turns   ace, nobara, nel  vs  gon, emiyaarcher, blackstar
[ 384/700 ] LOSS   18 turns   ace, jinwoo, bakugo  vs  kaiba, yuno, nonon
[ 385/700 ] LOSS   29 turns   ace, saber, koro  vs  maka, uzui, frieren
[ 386/700 ] LOSS   29 turns   ace, koro, ganta  vs  yuno, bakugo, nel
[ 387/700 ] LOSS   15 turns   ace, sukuna, tsuyu  vs  tatsumi, koro, tsunayoshi
[ 388/700 ] LOSS   15 turns   ace, sakura, bakugo  vs  tanjiro, levi, ryohei
[ 389/700 ] WIN    23 turns   ace, misaka, emiyaarcher  vs  frankenstein, rob, nezuko
Applying bleed effect! Checking special code
Applying bleed effect! Checking special code
[ 390/700 ] WIN    21 turns   ace, midoriya, mikasa  vs  hisoka, denji, nonon
[ 391/700 ] WIN    29 turns   ace, lizandpatty, sheele  vs  gallantmon, shinra, uzui
[ 392/700 ] LOSS   35 turns   ace, chrome, cell  vs  mash, hibari, blackwargreymon
Yubel's S1 Triggered!
[ 393/700 ] WIN    14 turns   ace, tatsumi, bakugo  vs  mercury, yuno, yubel
Applying bleed effect! Checking special code
Applying bleed effect! Checking special code
[ 394/700 ] LOSS   29 turns   ace, ryuko, usopp  vs  diane, orihime, itachi
Applying bleed effect! Checking special code
Applying bleed effect! Checking special code
Applying bleed effect! Checking special code
Applying bleed effect! Checking special code
[ 395/700 ] LOSS   27 turns   ace, kaiba, lyserg  vs  inosuke, saitama, sakura
[ 396/700 ] WIN    23 turns   ace, touka, uranus  vs  genos, sakura, gasai
[ 397/700 ] WIN    18 turns   ace, bakugo, mikasa  vs  frieren, jack, ban
[ 398/700 ] LOSS   19 turns   ace, ichigo, mercury  vs  satsuki, megumi, vegeta
Applying bleed effect! Checking special code
Applying bleed effect! Checking special code
Applying bleed effect! Checking special code
Applying bleed effect! Checking special code
[ 399/700 ] WIN    15 turns   ace, semiramis, ken  vs  usopp, tamaki, tokoyami
[ 400/700 ] WIN    23 turns   ace, sasuke, koro  vs  lucy, nagisa, gatomon
Applying bleed effect! Checking special code
Applying bleed effect! Checking special code
Applying bleed effect! Checking special code
Applying bleed effect! Checking special code
Applying bleed effect! Checking special code
Applying bleed effect! Checking special code
Applying bleed effect! Checking special code
Applying bleed effect! Checking special code
[ 401/700 ] WIN    32 turns   ace, ken, gohan  vs  kuroko, tsubaki, natsu
[ 402/700 ] WIN    20 turns   ace, erza, gallantmon  vs  koro, uranus, shinra
Applying bleed effect! Checking special code
Applying bleed effect! Checking special code
[ 403/700 ] WIN    20 turns   ace, shinra, nagisa  vs  hisoka, rakko, kitara
[ 404/700 ] LOSS   25 turns   ace, tokoyami, gojo  vs  frieren, yoh, mercury
[ 405/700 ] WIN    20 turns   ace, adam, misaka  vs  shinoa, mikasa, tsubasa
[ 406/700 ] LOSS   18 turns   ace, inuyasha, tatsumi  vs  mami, goku, gunha
[ 407/700 ] LOSS   28 turns   ace, myotismon, hashirama  vs  shiro, levi, saber
[ 408/700 ] WIN    24 turns   ace, soul, jaden  vs  vegeta, veldora, hawkmon
[ 409/700 ] WIN    22 turns   ace, sayaka, mavis  vs  saturn, koro, mash
[ 410/700 ] LOSS   19 turns   ace, tanjiro, shinoa  vs  gohan, halibel, squalo
[ 411/700 ] LOSS   20 turns   ace, jaden, marco  vs  aang, horohoro, ladydevimon
[ 412/700 ] WIN    20 turns   ace, uzui, tsubaki  vs  seventeen, sukuna, midoriya
Applying bleed effect! Checking special code
Applying bleed effect! Checking special code
Applying bleed effect! Checking special code
Applying bleed effect! Checking special code
Applying bleed effect! Checking special code
Applying bleed effect! Checking special code
Applying bleed effect! Checking special code
Applying bleed effect! Checking special code
Applying bleed effect! Checking special code
[ 413/700 ] LOSS   21 turns   ace, edward, kaiba  vs  death, king, yuno
[ 414/700 ] LOSS   41 turns   ace, power, tatsumi  vs  jaden, allmight, myotismon
[ 415/700 ] LOSS   24 turns   ace, xanxus, midoriya  vs  marco, boruto, toudou
[ 416/700 ] WIN    14 turns   ace, semiramis, uraraka  vs  korra, denji, vegeta
Applying bleed effect! Checking special code
Applying bleed effect! Checking special code
Applying bleed effect! Checking special code
Applying bleed effect! Checking special code
Applying bleed effect! Checking special code
[ 417/700 ] WIN    16 turns   ace, kid, ken  vs  pegasus, yuji, kurapika
[ 418/700 ] LOSS   19 turns   ace, sayaka, megumi  vs  mars, sasuke, lyserg
[ 419/700 ] LOSS   25 turns   ace, megumin, power  vs  halibel, kurotsuchi, uranus
[ 420/700 ] LOSS   24 turns   ace, mikasa, xanxus  vs  mash, rob, kurotsuchi
[ 421/700 ] WIN    24 turns   ace, toudou, kaiba  vs  arthur, kitara, broly
Applying bleed effect! Checking special code
Applying bleed effect! Checking special code
[ 422/700 ] LOSS   17 turns   ace, frankenstein, denji  vs  inuyasha, soul, rengoku
[ 423/700 ] LOSS   18 turns   ace, gatomon, denji  vs  saturn, mercury, edward
[ 424/700 ] LOSS   19 turns   ace, marco, jinwoo  vs  shinra, tsubaki, sukuna
[ 425/700 ] LOSS   21 turns   ace, sayaka, hinata  vs  gallantmon, yuji, noelle
[ 426/700 ] LOSS   15 turns   ace, itachi, alphamon  vs  power, esdeath, tatsumaki
[ 427/700 ] LOSS   13 turns   ace, inuyasha, mami  vs  tsubasa, jack, broly
[ 428/700 ] LOSS   16 turns   ace, jack, jinwoo  vs  vegeta, misaka, gatomon
Applying bleed effect! Checking special code
Applying bleed effect! Checking special code
[ 429/700 ] LOSS   19 turns   ace, megumi, astolfo  vs  yugi, zoro, rakko
[ 430/700 ] LOSS   13 turns   ace, shinra, genos  vs  uranus, ban, mine
Applying bleed effect! Checking special code
[ 431/700 ] LOSS   13 turns   ace, yubel, emiya  vs  denji, jupiter, mavis
[ 432/700 ] WIN    27 turns   ace, ryohei, machinedramon  vs  gojo, gasai, pegasus
Yubel's S1 Triggered!
Yubel's S1 Triggered!
Yubel's S1 Triggered!
Yubel's S1 Triggered!
[ 433/700 ] WIN    24 turns   ace, yubel, shiro  vs  sheele, emiyaarcher, ryuko
[ 434/700 ] WIN    30 turns   ace, nonon, misaka  vs  tsubasa, marco, yuji
[ 435/700 ] LOSS   17 turns   ace, jupiter, ichigo  vs  hisoka, uranus, tsunayoshi
[ 436/700 ] LOSS   21 turns   ace, frieren, alphamon  vs  naruto, eren, aang
[ 437/700 ] LOSS   18 turns   ace, nobara, zenitsu  vs  omnimon, noelle, alphamon
Applying bleed effect! Checking special code
Applying bleed effect! Checking special code
Applying bleed effect! Checking special code
Applying bleed effect! Checking special code
[ 438/700 ] LOSS   19 turns   ace, hibari, yoh  vs  halibel, rakko, death
[ 439/700 ] LOSS   22 turns   ace, usopp, misaka  vs  mars, gray, hawkmon
Yubel's S1 Triggered!
[ 440/700 ] WIN    17 turns   ace, uraraka, astolfo  vs  saber, yubel, muichiro
[ 441/700 ] LOSS   31 turns   ace, orihime, eren  vs  gray, sasuke, myotismon
[ 442/700 ] LOSS   23 turns   ace, gunha, ban  vs  goku, esdeath, nonon
[ 443/700 ] LOSS   28 turns   ace, soul, korra  vs  halibel, akame, tsubasa
[ 444/700 ] LOSS   20 turns   ace, veldora, vegeta  vs  yamamoto, luffy, sheele
[ 445/700 ] LOSS   17 turns   ace, kuroko, seventeen  vs  mercury, aang, toga
Applying bleed effect! Checking special code
Applying bleed effect! Checking special code
Applying bleed effect! Checking special code
Applying bleed effect! Checking special code
[ 446/700 ] LOSS   15 turns   ace, byakuya, rengoku  vs  bakugo, natsu, asta
[ 447/700 ] LOSS   18 turns   ace, levi, zoro  vs  lyserg, nagisa, hinata
[ 448/700 ] LOSS   25 turns   ace, orihime, xanxus  vs  gasai, kurapika, cooler
[ 449/700 ] LOSS   16 turns   ace, saber, kurotsuchi  vs  ladydevimon, lizandpatty, ryuko
[ 450/700 ] WIN    35 turns   ace, aang, gon  vs  sakura, mine, veldora
[ 451/700 ] WIN    45 turns   ace, nezuko, meliodas  vs  muichiro, ganta, gallantmon
[ 452/700 ] WIN    19 turns   ace, alphonse, byakuya  vs  zoro, kid, chrome
[ 453/700 ] LOSS   24 turns   ace, machinedramon, hawkmon  vs  yamamoto, yugi, saber
[ 454/700 ] LOSS   16 turns   ace, akame, crona  vs  power, ichigo, midoriya
Applying bleed effect! Checking special code
[ 455/700 ] LOSS   18 turns   ace, nezuko, megumi  vs  genos, inosuke, shinoa
[ 456/700 ] WIN    23 turns   ace, ban, ryohei  vs  alphamon, inuyasha, saber
[ 457/700 ] WIN    30 turns   ace, jack, tsubaki  vs  squalo, emiya, akame
[ 458/700 ] WIN    17 turns   ace, gon, gray  vs  mine, killua, xanxus
[ 459/700 ] WIN    25 turns   ace, blackstar, gallantmon  vs  yamamoto, myotismon, ganta
[ 460/700 ] WIN    38 turns   ace, hinata, edward  vs  nagisa, zoro, blackstar
[ 461/700 ] LOSS   19 turns   ace, toji, rob  vs  kaiba, usopp, lucy
[ 462/700 ] LOSS   13 turns   ace, goku, gallantmon  vs  nagisa, todoroki, aang
[ 463/700 ] WIN    18 turns   ace, aang, meliodas  vs  shokuhou, semiramis, uzui
[ 464/700 ] LOSS   22 turns   ace, misaka, frankenstein  vs  saber, shinra, sukuna
[ 465/700 ] LOSS   19 turns   ace, touka, blackwargreymon  vs  uraraka, levi, uranus
[ 466/700 ] WIN    16 turns   ace, nimaiya, kurapika  vs  gunha, shokuhou, kaiba
[ 467/700 ] LOSS   18 turns   ace, crona, alphamon  vs  hashirama, sasuke, midoriya
Yubel's S1 Triggered!
Yubel's S1 Triggered!
Yubel's S1 Triggered!
[ 468/700 ] WIN    13 turns   ace, yuno, toga  vs  yubel, sukuna, gilgamesh
[ 469/700 ] LOSS   20 turns   ace, jeanne, nezuko  vs  shiro, sheele, kitara
[ 470/700 ] WIN    19 turns   ace, blackstar, gallantmon  vs  mash, gogeta, yubel
[ 471/700 ] LOSS   16 turns   ace, toph, gatomon  vs  itachi, jaden, inuyasha
Applying bleed effect! Checking special code
Applying bleed effect! Checking special code
[ 472/700 ] LOSS   14 turns   ace, aang, inosuke  vs  rimuru, mavis, halibel
[ 473/700 ] WIN    17 turns   ace, mine, neferpitou  vs  genos, chrome, gilgamesh
[ 474/700 ] WIN    18 turns   ace, asta, crona  vs  eren, tsubaki, astolfo
Applying bleed effect! Checking special code
Applying bleed effect! Checking special code
Applying bleed effect! Checking special code
[ 475/700 ] LOSS   18 turns   ace, tamaki, ken  vs  saitama, byakuya, nimaiya
[ 476/700 ] WIN    32 turns   ace, sayaka, mash  vs  tsunayoshi, squalo, madoka
[ 477/700 ] LOSS   16 turns   ace, ban, hinata  vs  cell, mikasa, blackstar
[ 478/700 ] WIN    18 turns   ace, ryohei, gunha  vs  midoriya, tokoyami, cooler
Applying bleed effect! Checking special code
Applying bleed effect! Checking special code
[ 479/700 ] LOSS   19 turns   ace, ichigo, tatsumaki  vs  inosuke, frankenstein, pegasus
Applying bleed effect! Checking special code
Applying bleed effect! Checking special code
Applying bleed effect! Checking special code
Applying bleed effect! Checking special code
Applying bleed effect! Checking special code
Applying bleed effect! Checking special code
[ 480/700 ] WIN    16 turns   ace, rengoku, mavis  vs  adam, tokoyami, shokuhou
[ 481/700 ] WIN    18 turns   ace, yuno, squalo  vs  emiya, uranus, hisoka
Yubel's S1 Triggered!
[ 482/700 ] WIN    21 turns   ace, meliodas, megumi  vs  yubel, toudou, kid
[ 483/700 ] WIN    19 turns   ace, broly, nonon  vs  inuyasha, rimuru, ichigo
[ 484/700 ] WIN    14 turns   ace, nobara, alphamon  vs  nel, tsuyu, asta
[ 485/700 ] WIN    14 turns   ace, megumin, kurapika  vs  gohan, gogeta, ladydevimon
[ 486/700 ] LOSS   22 turns   ace, alphonse, yuji  vs  eren, sheele, venus
[ 487/700 ] WIN    13 turns   ace, astolfo, ichibe  vs  kid, allmight, ichigo
[ 488/700 ] LOSS   20 turns   ace, cell, marco  vs  tsunayoshi, seventeen, kurotsuchi
[ 489/700 ] WIN    18 turns   ace, diane, yugi  vs  xanxus, edward, semiramis
[ 490/700 ] LOSS   20 turns   ace, midoriya, machinedramon  vs  boruto, kuroko, genos
[ 491/700 ] WIN    26 turns   ace, toji, uzui  vs  genos, uranus, emiya
Applying bleed effect! Checking special code
Applying bleed effect! Checking special code
Applying bleed effect! Checking special code
Applying bleed effect! Checking special code
Applying bleed effect! Checking special code
[ 492/700 ] LOSS   35 turns   ace, king, cooler  vs  jeanne, aang, gohan
[ 493/700 ] LOSS   21 turns   ace, seventeen, mikasa  vs  cooler, yuno, gilgamesh
[ 494/700 ] WIN    23 turns   ace, soul, mash  vs  nonon, tamaki, gasai
[ 495/700 ] LOSS   25 turns   ace, killua, mine  vs  touka, tsunayoshi, gatomon
[ 496/700 ] LOSS   42 turns   ace, mine, blackwargreymon  vs  toudou, sasuke, gojo
[ 497/700 ] LOSS   17 turns   ace, chrome, zenitsu  vs  saitama, killua, machinedramon
[ 498/700 ] LOSS   15 turns   ace, yuji, neferpitou  vs  nagisa, gilgamesh, bakugo
[ 499/700 ] LOSS   15 turns   ace, myotismon, frieren  vs  ichigo, rimuru, asta
[ 500/700 ] LOSS   14 turns   ace, goku, hawkmon  vs  nonon, ryuko, venus
[ 501/700 ] WIN    14 turns   ace, mine, kuroko  vs  arthur, machinedramon, jeanne
Applying bleed effect! Checking special code
Applying bleed effect! Checking special code
Applying bleed effect! Checking special code
Applying bleed effect! Checking special code
[ 502/700 ] WIN    16 turns   ace, semiramis, broly  vs  ryuko, ichibe, ken
[ 503/700 ] WIN    16 turns   ace, frankenstein, tsubaki  vs  nagisa, arthur, rakko
[ 504/700 ] WIN    20 turns   ace, sheele, shinra  vs  tamaki, blackstar, veldora
[ 505/700 ] WIN    27 turns   ace, denji, levi  vs  uzui, hinata, byakuya
[ 506/700 ] LOSS   12 turns   ace, edward, diane  vs  eren, kid, hibari
Applying bleed effect! Checking special code
Applying bleed effect! Checking special code
Applying bleed effect! Checking special code
Applying bleed effect! Checking special code
Applying bleed effect! Checking special code
Applying bleed effect! Checking special code
Applying bleed effect! Checking special code
[ 507/700 ] LOSS   19 turns   ace, ryohei, jaden  vs  impmon, gon, ken
Yubel's S1 Triggered!
[ 508/700 ] WIN    20 turns   ace, jack, usopp  vs  zenitsu, yubel, astolfo
[ 509/700 ] LOSS   21 turns   ace, tsunayoshi, megumi  vs  gatomon, aiohto, usopp
[ 510/700 ] WIN    60 turns   ace, tokoyami, usopp  vs  ryohei, kuroko, nezuko
Applying bleed effect! Checking special code
Applying bleed effect! Checking special code
[ 511/700 ] WIN    26 turns   ace, itachi, alphonse  vs  king, uraraka, blackstar
Applying bleed effect! Checking special code
[ 512/700 ] LOSS   22 turns   ace, blackwargreymon, inosuke  vs  megumin, tatsumaki, kid
[ 513/700 ] LOSS   24 turns   ace, tsubasa, yamamoto  vs  meliodas, aiohto, venus
[ 514/700 ] LOSS   22 turns   ace, power, toph  vs  ryohei, shinoa, gallantmon
[ 515/700 ] WIN    25 turns   ace, tsubasa, jinwoo  vs  zenitsu, edward, jeanne
[ 516/700 ] LOSS   18 turns   ace, levi, akame  vs  meliodas, arthur, shinra
[ 517/700 ] LOSS   16 turns   ace, blackwargreymon, marco  vs  neferpitou, hawkmon, horohoro
[ 518/700 ] LOSS   14 turns   ace, tsunayoshi, uranus  vs  sayaka, nel, astolfo
[ 519/700 ] LOSS   23 turns   ace, tsubasa, gohan  vs  gatomon, hashirama, vegeta
[ 520/700 ] WIN    21 turns   ace, uraraka, gogeta  vs  sasuke, korra, boruto
[ 521/700 ] LOSS   18 turns   ace, gogeta, veldora  vs  kitara, astolfo, killua
Applying bleed effect! Checking special code
Applying bleed effect! Checking special code
Applying bleed effect! Checking special code
[ 522/700 ] LOSS   51 turns   ace, ken, mars  vs  nagisa, jinwoo, frankenstein
[ 523/700 ] LOSS   39 turns   ace, emiyaarcher, impmon  vs  luffy, renamon, shiro
[ 524/700 ] LOSS   17 turns   ace, gilgamesh, horohoro  vs  uraraka, gray, gunha
[ 525/700 ] WIN    19 turns   ace, muichiro, seventeen  vs  korra, xanxus, tamaki
[ 526/700 ] LOSS   37 turns   ace, ladydevimon, toph  vs  rimuru, marco, inuyasha
[ 527/700 ] WIN    25 turns   ace, itachi, luffy  vs  omnimon, yoh, jaden
[ 528/700 ] LOSS   18 turns   ace, gohan, jesse  vs  misaka, todoroki, hawkmon
[ 529/700 ] WIN    15 turns   ace, mercury, luffy  vs  zoro, erza, muichiro
[ 530/700 ] WIN    18 turns   ace, impmon, asta  vs  bakugo, tsunayoshi, meliodas
[ 531/700 ] WIN    17 turns   ace, renamon, nonon  vs  halibel, shokuhou, yoh
[ 532/700 ] WIN    31 turns   ace, aang, sayaka  vs  zoro, maka, kurotsuchi
[ 533/700 ] LOSS   26 turns   ace, cell, rob  vs  tatsumi, maka, machinedramon
Applying bleed effect! Checking special code
[ 534/700 ] LOSS   44 turns   ace, power, veldora  vs  mash, yugi, sayaka
[ 535/700 ] LOSS   19 turns   ace, marco, seventeen  vs  touka, ladydevimon, nobara
[ 536/700 ] WIN    14 turns   ace, nagisa, gunha  vs  nobara, kurotsuchi, mavis
[ 537/700 ] LOSS   42 turns   ace, todoroki, kurapika  vs  tsuyu, madoka, tokoyami
[ 538/700 ] LOSS   16 turns   ace, nobara, blackwargreymon  vs  broly, killua, myotismon
[ 539/700 ] WIN    15 turns   ace, rob, crona  vs  genos, mami, seventeen
[ 540/700 ] LOSS   23 turns   ace, cooler, mercury  vs  alphamon, kitara, saber
Applying bleed effect! Checking special code
Applying bleed effect! Checking special code
[ 541/700 ] LOSS   14 turns   ace, tatsumi, denji  vs  asta, nobara, satsuki
[ 542/700 ] LOSS   10 turns   ace, frankenstein, death  vs  akame, seventeen, bakugo
[ 543/700 ] LOSS   19 turns   ace, shinoa, chrome  vs  noelle, genos, neferpitou
[ 544/700 ] WIN    44 turns   ace, uraraka, gohan  vs  toph, ladydevimon, goku
[ 545/700 ] LOSS   15 turns   ace, shinra, mami  vs  megumi, chrome, zenitsu
Applying bleed effect! Checking special code
[ 546/700 ] WIN    57 turns   ace, levi, impmon  vs  nel, power, kurapika
[ 547/700 ] LOSS   27 turns   ace, tsuyu, aiohto  vs  sasuke, sayaka, mars
[ 548/700 ] WIN    31 turns   ace, esdeath, alphamon  vs  nonon, crona, satsuki
[ 549/700 ] LOSS   18 turns   ace, zenitsu, korra  vs  bakugo, mash, king
[ 550/700 ] WIN    35 turns   ace, mars, saitama  vs  alphamon, todoroki, aiohto
[ 551/700 ] LOSS   25 turns   ace, ladydevimon, death  vs  saturn, tatsumaki, toji
[ 552/700 ] LOSS   19 turns   ace, aang, eren  vs  jaden, tokoyami, satsuki
[ 553/700 ] LOSS   16 turns   ace, saturn, yuno  vs  maka, alphamon, edward
[ 554/700 ] WIN    30 turns   ace, aang, marco  vs  natsu, gon, hawkmon
Applying bleed effect! Checking special code
Applying bleed effect! Checking special code
Applying bleed effect! Checking special code
[ 555/700 ] LOSS   25 turns   ace, kaiba, power  vs  zoro, hawkmon, muichiro
[ 556/700 ] WIN    14 turns   ace, shiro, mercury  vs  frankenstein, orihime, nobara
Yubel's S1 Triggered!
Yubel's S1 Triggered!
Yubel's S1 Triggered!
Yubel's S1 Triggered!
[ 557/700 ] LOSS   40 turns   ace, gohan, muichiro  vs  yubel, shiro, veldora
Applying bleed effect! Checking special code
Applying bleed effect! Checking special code
[ 558/700 ] LOSS   23 turns   ace, rengoku, aiohto  vs  lucy, renamon, toudou
[ 559/700 ] WIN    19 turns   ace, jupiter, cell  vs  ichigo, sukuna, gogeta
[ 560/700 ] LOSS   14 turns   ace, rob, kid  vs  koro, adam, ryuko
[ 561/700 ] WIN    14 turns   ace, sayaka, gatomon  vs  uraraka, soul, tsubasa
[ 562/700 ] WIN    21 turns   ace, tatsumi, gilgamesh  vs  crona, jinwoo, adam
Applying bleed effect! Checking special code
Applying bleed effect! Checking special code
Applying bleed effect! Checking special code
Applying bleed effect! Checking special code
Applying bleed effect! Checking special code
Applying bleed effect! Checking special code
[ 563/700 ] LOSS   22 turns   ace, rakko, korra  vs  gojo, alphonse, death
[ 564/700 ] WIN    19 turns   ace, bakugo, broly  vs  yugi, nonon, kitara
[ 565/700 ] LOSS   38 turns   ace, tsubasa, zoro  vs  sayaka, tokoyami, jupiter
[ 566/700 ] LOSS   26 turns   ace, tsubaki, nimaiya  vs  yugi, yoh, sakura
Yubel's S1 Triggered!
Yubel's S1 Triggered!
[ 567/700 ] LOSS   52 turns   ace, levi, chrome  vs  yubel, eren, cooler
[ 568/700 ] LOSS   26 turns   ace, yuji, satsuki  vs  myotismon, seventeen, ganta
[ 569/700 ] LOSS   24 turns   ace, denji, edward  vs  zoro, jinwoo, kurotsuchi
[ 570/700 ] WIN    19 turns   ace, arthur, edward  vs  broly, frieren, astolfo
[ 571/700 ] LOSS   24 turns   ace, gatomon, emiyaarcher  vs  mikasa, muichiro, mars
Applying bleed effect! Checking special code
Applying bleed effect! Checking special code
Applying bleed effect! Checking special code
Applying bleed effect! Checking special code
Applying bleed effect! Checking special code
[ 572/700 ] WIN    28 turns   ace, yamamoto, tamaki  vs  aang, ken, diane
[ 573/700 ] LOSS   23 turns   ace, omnimon, touka  vs  aiohto, kitara, megumin
Applying bleed effect! Checking special code
Applying bleed effect! Checking special code
Applying bleed effect! Checking special code
[ 574/700 ] LOSS   48 turns   ace, mash, saber  vs  rimuru, ichigo, diane
[ 575/700 ] WIN    23 turns   ace, saturn, ichibe  vs  inuyasha, uranus, touka
[ 576/700 ] WIN    19 turns   ace, blackwargreymon, gray  vs  usopp, sukuna, shiro
[ 577/700 ] WIN    20 turns   ace, kuroko, tatsumaki  vs  sheele, gasai, rob
[ 578/700 ] WIN    24 turns   ace, death, ryuko  vs  gunha, hawkmon, pegasus
[ 579/700 ] LOSS   19 turns   ace, gasai, megumin  vs  gon, edward, death
[ 580/700 ] LOSS   14 turns   ace, toph, saber  vs  maka, soul, uraraka
[ 581/700 ] WIN    26 turns   ace, squalo, astolfo  vs  rimuru, ichigo, nezuko
[ 582/700 ] WIN    20 turns   ace, madoka, touka  vs  eren, allmight, satsuki
[ 583/700 ] LOSS   16 turns   ace, kurotsuchi, arthur  vs  boruto, touka, seventeen
[ 584/700 ] LOSS   22 turns   ace, nezuko, toudou  vs  astolfo, myotismon, xanxus
[ 585/700 ] LOSS   19 turns   ace, goku, todoroki  vs  marco, veldora, aiohto
[ 586/700 ] WIN    26 turns   ace, orihime, myotismon  vs  touka, saturn, mikasa
[ 587/700 ] LOSS   20 turns   ace, kid, goku  vs  sayaka, alphonse, nonon
Applying bleed effect! Checking special code
Applying bleed effect! Checking special code
Applying bleed effect! Checking special code
Applying bleed effect! Checking special code
[ 588/700 ] WIN    16 turns   ace, rakko, neferpitou  vs  nimaiya, blackwargreymon, yamamoto
[ 589/700 ] WIN    23 turns   ace, sakura, omnimon  vs  korra, misaka, gohan
[ 590/700 ] LOSS   19 turns   ace, inuyasha, gatomon  vs  frieren, frankenstein, uzui
[ 591/700 ] WIN    21 turns   ace, hibari, uzui  vs  tsuyu, alphonse, ladydevimon
[ 592/700 ] LOSS   27 turns   ace, zoro, semiramis  vs  venus, emiyaarcher, sakura
[ 593/700 ] LOSS   20 turns   ace, kurapika, rimuru  vs  mami, astolfo, ladydevimon
[ 594/700 ] WIN    17 turns   ace, korra, jupiter  vs  byakuya, allmight, impmon
Applying bleed effect! Checking special code
Applying bleed effect! Checking special code
[ 595/700 ] LOSS   27 turns   ace, shinoa, usopp  vs  gon, denji, muichiro
[ 596/700 ] WIN    39 turns   ace, saber, allmight  vs  yamamoto, tsuyu, astolfo
[ 597/700 ] LOSS   19 turns   ace, adam, jack  vs  akame, gatomon, toji
[ 598/700 ] WIN    12 turns   ace, jack, sayaka  vs  xanxus, goku, gogeta
Applying bleed effect! Checking special code
[ 599/700 ] WIN    19 turns   ace, uranus, tokoyami  vs  power, saturn, shokuhou
[ 600/700 ] WIN    22 turns   ace, edward, genos  vs  nobara, muichiro, nezuko
[ 601/700 ] WIN    25 turns   ace, maka, blackstar  vs  yuji, tatsumi, saitama
[ 602/700 ] LOSS   28 turns   ace, venus, minene  vs  mami, gatomon, nagisa
[ 603/700 ] LOSS   32 turns   ace, kaiba, tatsumi  vs  ryuko, saber, adam
[ 604/700 ] WIN    25 turns   ace, diane, kid  vs  tanjiro, ban, marco
[ 605/700 ] WIN    29 turns   ace, todoroki, sakura  vs  gohan, yuno, ban
[ 606/700 ] LOSS   29 turns   ace, crona, allmight  vs  toudou, blackwargreymon, squalo
Applying bleed effect! Checking special code
Applying bleed effect! Checking special code
Applying bleed effect! Checking special code
Applying bleed effect! Checking special code
[ 607/700 ] WIN    19 turns   ace, mavis, usopp  vs  sukuna, rakko, rengoku
[ 608/700 ] LOSS   17 turns   ace, gunha, shokuhou  vs  muichiro, kuroko, nimaiya
[ 609/700 ] LOSS   15 turns   ace, tanjiro, hisoka  vs  midoriya, levi, gray
[ 610/700 ] WIN    19 turns   ace, venus, vegeta  vs  semiramis, jinwoo, machinedramon
[ 611/700 ] WIN    13 turns   ace, shokuhou, aiohto  vs  ichibe, mash, crona
[ 612/700 ] LOSS   23 turns   ace, lucy, misaka  vs  arthur, broly, shokuhou
[ 613/700 ] LOSS   28 turns   ace, ichigo, chrome  vs  saber, allmight, hawkmon
[ 614/700 ] WIN    23 turns   ace, jesse, ladydevimon  vs  korra, muichiro, cell
[ 615/700 ] WIN    33 turns   ace, tamaki, bakugo  vs  mercury, gohan, tatsumi
[ 616/700 ] WIN    37 turns   ace, impmon, inosuke  vs  saitama, shinoa, yuno
Applying bleed effect! Checking special code
Applying bleed effect! Checking special code
[ 617/700 ] WIN    32 turns   ace, ken, saitama  vs  myotismon, boruto, sakura
[ 618/700 ] LOSS   25 turns   ace, korra, jinwoo  vs  impmon, mami, eren
[ 619/700 ] WIN    30 turns   ace, yugi, satsuki  vs  ichibe, tatsumi, genos
Yubel's S1 Triggered!
Yubel's S1 Triggered!
[ 620/700 ] LOSS   15 turns   ace, yubel, jack  vs  hashirama, koro, gilgamesh
[ 621/700 ] LOSS   29 turns   ace, yugi, rimuru  vs  adam, tatsumaki, kitara
[ 622/700 ] WIN    32 turns   ace, nezuko, tsuyu  vs  death, ichibe, nel
[ 623/700 ] LOSS   12 turns   ace, frankenstein, death  vs  megumin, machinedramon, aiohto
[ 624/700 ] LOSS   27 turns   ace, midoriya, omnimon  vs  nezuko, byakuya, tamaki
Applying bleed effect! Checking special code
[ 625/700 ] WIN    18 turns   ace, toudou, frieren  vs  ken, ryuko, tsubaki
[ 626/700 ] LOSS   21 turns   ace, venus, myotismon  vs  tsuyu, sakura, asta
[ 627/700 ] WIN    19 turns   ace, satsuki, nel  vs  venus, tatsumi, edward
Applying bleed effect! Checking special code
Applying bleed effect! Checking special code
Applying bleed effect! Checking special code
Applying bleed effect! Checking special code
Applying bleed effect! Checking special code
Applying bleed effect! Checking special code
Applying bleed effect! Checking special code
[ 628/700 ] LOSS   15 turns   ace, tsubaki, kuroko  vs  koro, gray, ken
[ 629/700 ] LOSS   15 turns   ace, rimuru, usopp  vs  gray, toudou, frieren
[ 630/700 ] WIN    19 turns   ace, shinra, nonon  vs  frieren, noelle, ganta
Applying bleed effect! Checking special code
Applying bleed effect! Checking special code
Applying bleed effect! Checking special code
Applying bleed effect! Checking special code
[ 631/700 ] LOSS   15 turns   ace, ken, hibari  vs  omnimon, mine, crona
[ 632/700 ] LOSS   35 turns   ace, emiya, uranus  vs  shiro, sheele, impmon
Applying bleed effect! Checking special code
[ 633/700 ] WIN    31 turns   ace, genos, inosuke  vs  gohan, luffy, diane
Applying bleed effect! Checking special code
Applying bleed effect! Checking special code
Applying bleed effect! Checking special code
Applying bleed effect! Checking special code
Applying bleed effect! Checking special code
Applying bleed effect! Checking special code
Applying bleed effect! Checking special code
Applying bleed effect! Checking special code
Applying bleed effect! Checking special code
Applying bleed effect! Checking special code
Applying bleed effect! Checking special code
Applying bleed effect! Checking special code
[ 634/700 ] LOSS   45 turns   ace, ken, tsuyu  vs  saitama, rengoku, touka
[ 635/700 ] LOSS   26 turns   ace, levi, kurotsuchi  vs  neferpitou, hashirama, genos
[ 636/700 ] WIN    22 turns   ace, shinoa, nonon  vs  machinedramon, pegasus, yubel
[ 637/700 ] WIN    25 turns   ace, natsu, kurapika  vs  cell, squalo, uranus
[ 638/700 ] LOSS   27 turns   ace, frieren, yoh  vs  kaiba, shinra, cell
[ 639/700 ] LOSS   16 turns   ace, rob, kurotsuchi  vs  neferpitou, levi, boruto
Applying bleed effect! Checking special code
[ 640/700 ] WIN    20 turns   ace, denji, gatomon  vs  diane, yoh, jesse
[ 641/700 ] LOSS   38 turns   ace, gunha, nagisa  vs  yamamoto, ban, zenitsu
Applying bleed effect! Checking special code
Applying bleed effect! Checking special code
Applying bleed effect! Checking special code
Applying bleed effect! Checking special code
Applying bleed effect! Checking special code
Applying bleed effect! Checking special code
Applying bleed effect! Checking special code
[ 642/700 ] WIN    20 turns   ace, nagisa, inosuke  vs  jinwoo, ken, lucy
[ 643/700 ] LOSS   27 turns   ace, kurapika, ichigo  vs  uranus, shiro, esdeath
Applying bleed effect! Checking special code
[ 644/700 ] LOSS   14 turns   ace, mercury, nimaiya  vs  esdeath, king, gatomon
[ 645/700 ] WIN    22 turns   ace, emiyaarcher, mash  vs  byakuya, ichibe, marco
[ 646/700 ] WIN    19 turns   ace, erza, madoka  vs  gatomon, nezuko, arthur
[ 647/700 ] LOSS   17 turns   ace, tsubaki, chrome  vs  broly, korra, sukuna
[ 648/700 ] WIN    27 turns   ace, midoriya, saturn  vs  pegasus, myotismon, gogeta
[ 649/700 ] LOSS   24 turns   ace, yugi, frankenstein  vs  misaka, killua, korra
[ 650/700 ] WIN    12 turns   ace, luffy, meliodas  vs  shinoa, nimaiya, impmon
[ 651/700 ] LOSS   31 turns   ace, seventeen, sukuna  vs  marco, maka, alphonse
[ 652/700 ] LOSS   30 turns   ace, usopp, power  vs  halibel, adam, ryuko
[ 653/700 ] LOSS   28 turns   ace, zenitsu, rimuru  vs  ryohei, midoriya, nel
[ 654/700 ] LOSS   23 turns   ace, esdeath, toga  vs  gogeta, tsubasa, saitama
[ 655/700 ] WIN    16 turns   ace, jaden, semiramis  vs  goku, toga, kuroko
Applying bleed effect! Checking special code
[ 656/700 ] WIN    20 turns   ace, yuno, ryuko  vs  naruto, power, myotismon
Applying bleed effect! Checking special code
[ 657/700 ] WIN    60 turns   ace, gasai, pegasus  vs  power, yoh, emiya
[ 658/700 ] LOSS   31 turns   ace, nobara, gallantmon  vs  mash, midoriya, natsu
[ 659/700 ] LOSS   23 turns   ace, nel, blackwargreymon  vs  nezuko, ichibe, blackstar
Applying bleed effect! Checking special code
Applying bleed effect! Checking special code
Applying bleed effect! Checking special code
[ 660/700 ] LOSS   16 turns   ace, zoro, rob  vs  tamaki, nonon, rakko
[ 661/700 ] LOSS   19 turns   ace, byakuya, bakugo  vs  jesse, ban, mavis
[ 662/700 ] LOSS   20 turns   ace, alphamon, jinwoo  vs  gray, emiyaarcher, tokoyami
[ 663/700 ] WIN    16 turns   ace, saitama, itachi  vs  sasuke, nezuko, astolfo
Applying bleed effect! Checking special code
[ 664/700 ] LOSS   27 turns   ace, power, alphonse  vs  kuroko, rimuru, shinoa
[ 665/700 ] WIN    36 turns   ace, lizandpatty, impmon  vs  tsubaki, hawkmon, vegeta
[ 666/700 ] WIN    36 turns   ace, toph, gogeta  vs  shinra, jesse, ichigo
[ 667/700 ] LOSS   26 turns   ace, ban, emiya  vs  kurotsuchi, toudou, ichibe
[ 668/700 ] WIN    23 turns   ace, mine, kid  vs  myotismon, ban, jesse
[ 669/700 ] LOSS   18 turns   ace, yubel, toph  vs  nagisa, natsu, gilgamesh
[ 670/700 ] LOSS   36 turns   ace, venus, korra  vs  crona, halibel, tatsumaki
Yubel's S1 Triggered!
Yubel's S1 Triggered!
[ 671/700 ] LOSS   15 turns   ace, yubel, shiro  vs  nimaiya, crona, edward
[ 672/700 ] LOSS   18 turns   ace, gohan, ichigo  vs  gojo, chrome, vegeta
[ 673/700 ] WIN    25 turns   ace, squalo, blackwargreymon  vs  sakura, jesse, gilgamesh
[ 674/700 ] LOSS   16 turns   ace, killua, venus  vs  tsubasa, sayaka, natsu
[ 675/700 ] WIN    13 turns   ace, tamaki, lucy  vs  saitama, xanxus, adam
Yubel's S1 Triggered!
[ 676/700 ] LOSS   22 turns   ace, uzui, mars  vs  maka, yubel, kaiba
Applying bleed effect! Checking special code
Applying bleed effect! Checking special code
Applying bleed effect! Checking special code
[ 677/700 ] LOSS   13 turns   ace, goku, byakuya  vs  rakko, korra, jupiter
Applying bleed effect! Checking special code
Applying bleed effect! Checking special code
Applying bleed effect! Checking special code
Applying bleed effect! Checking special code
Applying bleed effect! Checking special code
Applying bleed effect! Checking special code
[ 678/700 ] WIN    35 turns   ace, rob, gon  vs  rengoku, hinata, mash
[ 679/700 ] LOSS   14 turns   ace, gojo, impmon  vs  emiyaarcher, ganta, adam
[ 680/700 ] LOSS   26 turns   ace, cooler, zenitsu  vs  lyserg, mavis, tatsumaki
[ 681/700 ] LOSS   14 turns   ace, asta, allmight  vs  inuyasha, nimaiya, luffy
Applying bleed effect! Checking special code
Applying bleed effect! Checking special code
[ 682/700 ] WIN    12 turns   ace, king, kurotsuchi  vs  saber, megumi, ichigo
[ 683/700 ] LOSS   30 turns   ace, veldora, toph  vs  nezuko, aiohto, ban
Applying bleed effect! Checking special code
Applying bleed effect! Checking special code
Applying bleed effect! Checking special code
Applying bleed effect! Checking special code
[ 684/700 ] LOSS   13 turns   ace, orihime, shiro  vs  madoka, ganta, rengoku
[ 685/700 ] LOSS   16 turns   ace, toph, cell  vs  megumin, tatsumi, shinoa
[ 686/700 ] LOSS   18 turns   ace, muichiro, yamamoto  vs  hashirama, tokoyami, toph
[ 687/700 ] WIN    29 turns   ace, ryuko, alphamon  vs  gogeta, alphonse, xanxus
[ 688/700 ] LOSS   20 turns   ace, todoroki, genos  vs  tsubaki, saturn, madoka
[ 689/700 ] WIN    20 turns   ace, kuroko, gohan  vs  noelle, inuyasha, killua
[ 690/700 ] WIN    21 turns   ace, hawkmon, madoka  vs  crona, allmight, jinwoo
[ 691/700 ] LOSS   14 turns   ace, chrome, todoroki  vs  rimuru, hibari, seventeen
Applying bleed effect! Checking special code
Applying bleed effect! Checking special code
Applying bleed effect! Checking special code
Applying bleed effect! Checking special code
Applying bleed effect! Checking special code
Applying bleed effect! Checking special code
Applying bleed effect! Checking special code
[ 692/700 ] LOSS   18 turns   ace, hinata, orihime  vs  sheele, aiohto, rakko
[ 693/700 ] WIN    20 turns   ace, usopp, ganta  vs  blackwargreymon, aang, rob
[ 694/700 ] WIN    22 turns   ace, hinata, emiyaarcher  vs  kaiba, megumi, madoka
[ 695/700 ] LOSS   20 turns   ace, renamon, zenitsu  vs  blackstar, emiya, myotismon
[ 696/700 ] WIN    26 turns   ace, astolfo, natsu  vs  noelle, hisoka, mikasa
[ 697/700 ] LOSS   46 turns   ace, ryuko, orihime  vs  maka, kaiba, ichibe
[ 698/700 ] WIN    30 turns   ace, meliodas, vegeta  vs  yuji, emiya, satsuki
Applying bleed effect! Checking special code
Applying bleed effect! Checking special code
Applying bleed effect! Checking special code
[ 699/700 ] WIN    23 turns   ace, ichibe, crona  vs  king, akame, marco
[ 700/700 ] LOSS   21 turns   ace, jaden, ban  vs  lizandpatty, death, aiohto
=== TRAINER RUN COMPLETE ===
Matches: 700   W: 314   L: 386   D: 0   Win: 44.9%   (opponent: self)
Policy saved to res://training/checkpoints/focus_ace/w2.json  (generation 5, trained_matches 10700)
