Godot Engine v4.6.2.stable.official.71f334935 - https://godotengine.org

[trainer] seed=61004 matches=700 opponent=self eval=false out=res://training/checkpoints/focus_ace/w4.json checkpoint=res://training/checkpoints/focused_current.json
[authored] loaded 1 authored character(s)
[   1/700 ] WIN    27 turns   ace, gunha, veldora  vs  nagisa, toji, jinwoo
[   2/700 ] LOSS   10 turns   ace, tatsumi, crona  vs  vegeta, esdeath, asta
[   3/700 ] WIN    19 turns   ace, lucy, semiramis  vs  astolfo, gatomon, todoroki
[   4/700 ] LOSS   11 turns   ace, soul, gatomon  vs  hibari, gilgamesh, genos
[   5/700 ] LOSS   20 turns   ace, omnimon, tamaki  vs  esdeath, edward, lizandpatty
Applying bleed effect! Checking special code
Applying bleed effect! Checking special code
[   6/700 ] WIN    58 turns   ace, pegasus, todoroki  vs  diane, ryohei, akame
[   7/700 ] WIN    22 turns   ace, kaiba, yugi  vs  hinata, gatomon, jinwoo
[   8/700 ] LOSS   20 turns   ace, tanjiro, lucy  vs  kitara, tsuyu, esdeath
[   9/700 ] LOSS   18 turns   ace, nel, hisoka  vs  mavis, halibel, jeanne
[  10/700 ] LOSS   19 turns   ace, shinra, sakura  vs  midoriya, veldora, tanjiro
[  11/700 ] WIN    24 turns   ace, gohan, jaden  vs  yamamoto, sakura, toga
[  12/700 ] LOSS   17 turns   ace, rimuru, gogeta  vs  nezuko, hibari, mavis
[  13/700 ] WIN    18 turns   ace, sasuke, seventeen  vs  chrome, gogeta, uzui
[  14/700 ] LOSS   15 turns   ace, killua, hisoka  vs  gilgamesh, tokoyami, aang
Applying bleed effect! Checking special code
[  15/700 ] WIN    26 turns   ace, megumi, power  vs  jinwoo, tsunayoshi, gray
[  16/700 ] LOSS   22 turns   ace, chrome, gatomon  vs  tsubasa, yamamoto, gogeta
Applying bleed effect! Checking special code
Applying bleed effect! Checking special code
[  17/700 ] LOSS   27 turns   ace, akame, diane  vs  hinata, zoro, zenitsu
[  18/700 ] LOSS   27 turns   ace, todoroki, usopp  vs  gohan, machinedramon, shiro
[  19/700 ] WIN    26 turns   ace, mars, uranus  vs  lyserg, yoh, seventeen
[  20/700 ] LOSS   16 turns   ace, korra, tatsumaki  vs  saturn, yuno, asta
[  21/700 ] LOSS   27 turns   ace, ryohei, jaden  vs  mavis, ladydevimon, shiro
[  22/700 ] LOSS   20 turns   ace, kid, blackstar  vs  goku, halibel, gray
[  23/700 ] WIN    25 turns   ace, uzui, frankenstein  vs  soul, gray, megumin
[  24/700 ] LOSS   30 turns   ace, esdeath, megumi  vs  eren, emiya, diane
Applying bleed effect! Checking special code
Applying bleed effect! Checking special code
Applying bleed effect! Checking special code
Applying bleed effect! Checking special code
Applying bleed effect! Checking special code
Applying bleed effect! Checking special code
Applying bleed effect! Checking special code
[  25/700 ] LOSS   22 turns   ace, aiohto, renamon  vs  jupiter, uranus, king
[  26/700 ] WIN    19 turns   ace, gray, broly  vs  nel, halibel, tsuyu
Applying bleed effect! Checking special code
Applying bleed effect! Checking special code
Applying bleed effect! Checking special code
Applying bleed effect! Checking special code
[  27/700 ] LOSS   26 turns   ace, cell, mavis  vs  horohoro, king, toji
Yubel's S1 Triggered!
Yubel's S1 Triggered!
[  28/700 ] LOSS   13 turns   ace, hibari, yubel  vs  meliodas, hisoka, levi
Applying bleed effect! Checking special code
[  29/700 ] WIN    16 turns   ace, killua, power  vs  ryohei, veldora, gojo
[  30/700 ] WIN    23 turns   ace, kuroko, saber  vs  natsu, gohan, jinwoo
Applying bleed effect! Checking special code
Applying bleed effect! Checking special code
Applying bleed effect! Checking special code
[  31/700 ] LOSS   21 turns   ace, denji, emiya  vs  gogeta, toph, neferpitou
[  32/700 ] LOSS   40 turns   ace, saturn, toudou  vs  kurotsuchi, mars, maka
[  33/700 ] LOSS   16 turns   ace, shokuhou, megumin  vs  horohoro, ryuko, gon
[  34/700 ] LOSS   30 turns   ace, kitara, jinwoo  vs  tsubasa, adam, ryohei
[  35/700 ] LOSS   15 turns   ace, nobara, midoriya  vs  kitara, frankenstein, xanxus
[  36/700 ] WIN    22 turns   ace, neferpitou, ban  vs  yuno, mercury, gogeta
[  37/700 ] WIN    27 turns   ace, nel, diane  vs  saturn, tanjiro, uzui
[  38/700 ] LOSS   28 turns   ace, eren, gray  vs  mikasa, soul, broly
[  39/700 ] WIN    20 turns   ace, usopp, tsubaki  vs  edward, kid, allmight
Yubel's S1 Triggered!
Yubel's S1 Triggered!
Yubel's S1 Triggered!
[  40/700 ] LOSS   28 turns   ace, yuji, toph  vs  akame, yubel, mars
[  41/700 ] LOSS   17 turns   ace, tanjiro, mami  vs  ichibe, vegeta, nonon
[  42/700 ] LOSS   30 turns   ace, yoh, ichibe  vs  hibari, cooler, naruto
Applying bleed effect! Checking special code
Applying bleed effect! Checking special code
Applying bleed effect! Checking special code
Applying bleed effect! Checking special code
Applying bleed effect! Checking special code
Applying bleed effect! Checking special code
[  43/700 ] LOSS   30 turns   ace, kaiba, king  vs  inosuke, ichibe, mercury
[  44/700 ] LOSS   16 turns   ace, hinata, usopp  vs  eren, nagisa, kitara
Applying bleed effect! Checking special code
Applying bleed effect! Checking special code
Applying bleed effect! Checking special code
Applying bleed effect! Checking special code
Applying bleed effect! Checking special code
Applying bleed effect! Checking special code
Applying bleed effect! Checking special code
[  45/700 ] LOSS   24 turns   ace, nimaiya, yuno  vs  yugi, king, koro
Applying bleed effect! Checking special code
Applying bleed effect! Checking special code
Applying bleed effect! Checking special code
[  46/700 ] WIN    24 turns   ace, denji, gasai  vs  yuji, nobara, cell
[  47/700 ] LOSS   41 turns   ace, todoroki, toph  vs  gogeta, genos, yoh
Applying bleed effect! Checking special code
Applying bleed effect! Checking special code
Applying bleed effect! Checking special code
Applying bleed effect! Checking special code
Applying bleed effect! Checking special code
[  48/700 ] WIN    16 turns   ace, rakko, hinata  vs  kurotsuchi, tokoyami, shiro
[  49/700 ] LOSS   21 turns   ace, sayaka, yubel  vs  gojo, noelle, yoh
[  50/700 ] WIN    14 turns   ace, tatsumaki, gilgamesh  vs  mine, diane, yubel
Applying bleed effect! Checking special code
Applying bleed effect! Checking special code
[  51/700 ] WIN    21 turns   ace, yugi, uranus  vs  jeanne, nimaiya, king
[  52/700 ] WIN    17 turns   ace, midoriya, cell  vs  inuyasha, jupiter, saitama
[  53/700 ] WIN    20 turns   ace, yubel, mash  vs  mine, gojo, tsubasa
[  54/700 ] WIN    18 turns   ace, maka, arthur  vs  byakuya, neferpitou, luffy
[  55/700 ] WIN    17 turns   ace, hisoka, asta  vs  korra, horohoro, jupiter
[  56/700 ] LOSS   20 turns   ace, squalo, astolfo  vs  bakugo, arthur, jinwoo
[  57/700 ] LOSS   18 turns   ace, hinata, jeanne  vs  boruto, tsuyu, gallantmon
[  58/700 ] WIN    23 turns   ace, zenitsu, yuji  vs  ichigo, ichibe, halibel
Applying bleed effect! Checking special code
Applying bleed effect! Checking special code
Applying bleed effect! Checking special code
Applying bleed effect! Checking special code
[  59/700 ] WIN    23 turns   ace, rakko, satsuki  vs  mars, saturn, yamamoto
[  60/700 ] WIN    17 turns   ace, blackstar, astolfo  vs  tatsumaki, halibel, mercury
[  61/700 ] LOSS   25 turns   ace, crona, hinata  vs  saturn, nezuko, gohan
Applying bleed effect! Checking special code
Applying bleed effect! Checking special code
Applying bleed effect! Checking special code
Applying bleed effect! Checking special code
Applying bleed effect! Checking special code
Applying bleed effect! Checking special code
Applying bleed effect! Checking special code
Applying bleed effect! Checking special code
Applying bleed effect! Checking special code
[  62/700 ] LOSS   20 turns   ace, gon, nezuko  vs  noelle, ken, yoh
Applying bleed effect! Checking special code
Applying bleed effect! Checking special code
Applying bleed effect! Checking special code
Applying bleed effect! Checking special code
Applying bleed effect! Checking special code
[  63/700 ] LOSS   19 turns   ace, satsuki, arthur  vs  uranus, rengoku, mash
Applying bleed effect! Checking special code
Applying bleed effect! Checking special code
Applying bleed effect! Checking special code
Applying bleed effect! Checking special code
[  64/700 ] LOSS   21 turns   ace, renamon, koro  vs  king, luffy, squalo
[  65/700 ] WIN    16 turns   ace, ryohei, minene  vs  sukuna, nonon, gohan
[  66/700 ] WIN    22 turns   ace, byakuya, yugi  vs  sasuke, akame, levi
[  67/700 ] WIN    22 turns   ace, uzui, levi  vs  lyserg, hibari, tamaki
[  68/700 ] LOSS   13 turns   ace, todoroki, emiya  vs  sayaka, blackstar, renamon
[  69/700 ] WIN    17 turns   ace, emiya, tatsumaki  vs  yoh, lucy, gallantmon
[  70/700 ] WIN    24 turns   ace, midoriya, tsubaki  vs  megumi, yamamoto, vegeta
[  71/700 ] LOSS   15 turns   ace, gogeta, sayaka  vs  mikasa, mavis, tsuyu
[  72/700 ] WIN    26 turns   ace, neferpitou, edward  vs  meliodas, shinoa, erza
[  73/700 ] LOSS   23 turns   ace, emiyaarcher, toji  vs  nel, kitara, lizandpatty
[  74/700 ] LOSS   19 turns   ace, frieren, gohan  vs  yubel, gunha, aiohto
Applying bleed effect! Checking special code
Applying bleed effect! Checking special code
Applying bleed effect! Checking special code
Applying bleed effect! Checking special code
[  75/700 ] LOSS   16 turns   ace, chrome, minene  vs  toji, nel, rakko
[  76/700 ] LOSS   14 turns   ace, erza, sukuna  vs  vegeta, gojo, kuroko
[  77/700 ] WIN    15 turns   ace, kitara, bakugo  vs  todoroki, touka, veldora
Applying bleed effect! Checking special code
Applying bleed effect! Checking special code
Applying bleed effect! Checking special code
[  78/700 ] LOSS   13 turns   ace, denji, lucy  vs  gasai, touka, usopp
[  79/700 ] LOSS   22 turns   ace, emiya, diane  vs  pegasus, natsu, machinedramon
[  80/700 ] WIN    24 turns   ace, yamamoto, natsu  vs  blackstar, kurapika, boruto
[  81/700 ] WIN    26 turns   ace, mercury, inuyasha  vs  shokuhou, emiya, tatsumaki
Applying bleed effect! Checking special code
Applying bleed effect! Checking special code
Applying bleed effect! Checking special code
Applying bleed effect! Checking special code
[  82/700 ] WIN    26 turns   ace, mine, yugi  vs  jeanne, tokoyami, rakko
[  83/700 ] LOSS   30 turns   ace, saber, jesse  vs  inosuke, natsu, gogeta
[  84/700 ] WIN    34 turns   ace, chrome, kaiba  vs  adam, yugi, alphonse
Applying bleed effect! Checking special code
Applying bleed effect! Checking special code
Applying bleed effect! Checking special code
Applying bleed effect! Checking special code
Applying bleed effect! Checking special code
Applying bleed effect! Checking special code
Applying bleed effect! Checking special code
Applying bleed effect! Checking special code
Applying bleed effect! Checking special code
[  85/700 ] LOSS   13 turns   ace, chrome, king  vs  meliodas, alphamon, xanxus
[  86/700 ] LOSS   19 turns   ace, yubel, arthur  vs  gasai, tsubaki, meliodas
[  87/700 ] LOSS   16 turns   ace, uraraka, koro  vs  gatomon, madoka, zenitsu
[  88/700 ] LOSS   14 turns   ace, madoka, cell  vs  gogeta, squalo, jack
Yubel's S1 Triggered!
Yubel's S1 Triggered!
Yubel's S1 Triggered!
[  89/700 ] WIN    20 turns   ace, eren, xanxus  vs  yubel, jinwoo, hawkmon
[  90/700 ] LOSS   20 turns   ace, megumin, yuji  vs  cooler, ichigo, jack
[  91/700 ] LOSS   25 turns   ace, mavis, lyserg  vs  machinedramon, rob, akame
[  92/700 ] WIN    18 turns   ace, orihime, meliodas  vs  tsuyu, veldora, yamamoto
[  93/700 ] LOSS   19 turns   ace, mash, tatsumaki  vs  alphamon, touka, saitama
Applying bleed effect! Checking special code
Applying bleed effect! Checking special code
Applying bleed effect! Checking special code
Applying bleed effect! Checking special code
Applying bleed effect! Checking special code
Applying bleed effect! Checking special code
Applying bleed effect! Checking special code
Applying bleed effect! Checking special code
Applying bleed effect! Checking special code
Applying bleed effect! Checking special code
Applying bleed effect! Checking special code
Applying bleed effect! Checking special code
[  94/700 ] WIN    15 turns   ace, nel, jaden  vs  ken, rengoku, rakko
[  95/700 ] LOSS   21 turns   ace, tsubasa, jeanne  vs  shiro, tokoyami, jesse
[  96/700 ] LOSS   21 turns   ace, neferpitou, blackwargreymon  vs  asta, meliodas, kurotsuchi
[  97/700 ] WIN    40 turns   ace, korra, cooler  vs  seventeen, veldora, mikasa
[  98/700 ] WIN    17 turns   ace, yamamoto, jaden  vs  midoriya, jesse, emiya
[  99/700 ] LOSS   21 turns   ace, yuno, kid  vs  saitama, machinedramon, veldora
Applying bleed effect! Checking special code
Applying bleed effect! Checking special code
[ 100/700 ] LOSS   22 turns   ace, jinwoo, boruto  vs  uranus, uraraka, denji
[ 101/700 ] LOSS   30 turns   ace, shiro, usopp  vs  tanjiro, emiyaarcher, minene
[ 102/700 ] LOSS   30 turns   ace, gasai, jeanne  vs  death, ryuko, diane
[ 103/700 ] LOSS   23 turns   ace, boruto, toudou  vs  lucy, gon, genos
[ 104/700 ] WIN    34 turns   ace, akame, arthur  vs  adam, shiro, hinata
[ 105/700 ] LOSS   26 turns   ace, genos, koro  vs  shinra, nobara, naruto
Applying bleed effect! Checking special code
Applying bleed effect! Checking special code
Applying bleed effect! Checking special code
Applying bleed effect! Checking special code
Applying bleed effect! Checking special code
Applying bleed effect! Checking special code
[ 106/700 ] WIN    18 turns   ace, denji, frankenstein  vs  king, machinedramon, gohan
[ 107/700 ] WIN    17 turns   ace, jack, kaiba  vs  kitara, byakuya, mars
[ 108/700 ] LOSS   20 turns   ace, machinedramon, mash  vs  aiohto, yugi, uzui
[ 109/700 ] LOSS   22 turns   ace, ban, emiya  vs  sukuna, natsu, naruto
[ 110/700 ] LOSS   20 turns   ace, shokuhou, kid  vs  horohoro, tamaki, squalo
Applying bleed effect! Checking special code
Applying bleed effect! Checking special code
Applying bleed effect! Checking special code
Applying bleed effect! Checking special code
Applying bleed effect! Checking special code
[ 111/700 ] WIN    28 turns   ace, gogeta, inosuke  vs  toji, mami, nel
[ 112/700 ] WIN    16 turns   ace, aiohto, lizandpatty  vs  vegeta, omnimon, crona
[ 113/700 ] LOSS   23 turns   ace, uranus, machinedramon  vs  gilgamesh, inuyasha, naruto
[ 114/700 ] WIN    10 turns   ace, diane, tsubaki  vs  gon, emiya, toji
[ 115/700 ] WIN    30 turns   ace, machinedramon, pegasus  vs  yuji, cell, killua
Applying bleed effect! Checking special code
Applying bleed effect! Checking special code
[ 116/700 ] LOSS   15 turns   ace, rakko, sukuna  vs  broly, jupiter, denji
[ 117/700 ] LOSS   14 turns   ace, soul, squalo  vs  hisoka, toga, gasai
[ 118/700 ] WIN    43 turns   ace, todoroki, squalo  vs  gojo, myotismon, zoro
[ 119/700 ] LOSS   18 turns   ace, death, edward  vs  jaden, uranus, squalo
[ 120/700 ] LOSS   14 turns   ace, misaka, sakura  vs  toji, mars, madoka
[ 121/700 ] LOSS   24 turns   ace, hawkmon, blackwargreymon  vs  tanjiro, mercury, sakura
[ 122/700 ] LOSS   19 turns   ace, shokuhou, saturn  vs  zoro, madoka, yamamoto
[ 123/700 ] WIN    22 turns   ace, tsubaki, gray  vs  impmon, inuyasha, shiro
Applying bleed effect! Checking special code
Applying bleed effect! Checking special code
Applying bleed effect! Checking special code
Applying bleed effect! Checking special code
[ 124/700 ] WIN    20 turns   ace, tsubaki, jupiter  vs  power, squalo, mars
[ 125/700 ] LOSS   35 turns   ace, kurapika, naruto  vs  venus, semiramis, tamaki
[ 126/700 ] LOSS   19 turns   ace, chrome, shokuhou  vs  gilgamesh, horohoro, hashirama
[ 127/700 ] LOSS   28 turns   ace, allmight, yamamoto  vs  zenitsu, itachi, jack
[ 128/700 ] LOSS   17 turns   ace, gray, zenitsu  vs  tanjiro, erza, satsuki
[ 129/700 ] WIN    26 turns   ace, zenitsu, toph  vs  jaden, rob, inuyasha
Yubel's S1 Triggered!
[ 130/700 ] WIN    14 turns   ace, mavis, tsubasa  vs  yubel, jeanne, shokuhou
[ 131/700 ] WIN    18 turns   ace, ichigo, shiro  vs  saber, gallantmon, naruto
[ 132/700 ] LOSS   27 turns   ace, killua, tatsumi  vs  madoka, impmon, eren
[ 133/700 ] LOSS   33 turns   ace, ban, venus  vs  death, itachi, renamon
[ 134/700 ] LOSS   16 turns   ace, edward, alphonse  vs  machinedramon, alphamon, sheele
[ 135/700 ] LOSS   18 turns   ace, tsunayoshi, ganta  vs  eren, squalo, mikasa
[ 136/700 ] WIN    29 turns   ace, ryohei, ichibe  vs  goku, orihime, levi
[ 137/700 ] LOSS   17 turns   ace, veldora, korra  vs  jaden, tokoyami, hinata
[ 138/700 ] WIN    22 turns   ace, gallantmon, emiya  vs  rimuru, toph, shiro
[ 139/700 ] LOSS   42 turns   ace, nezuko, tsuyu  vs  nobara, horohoro, uraraka
[ 140/700 ] WIN    27 turns   ace, toji, korra  vs  emiya, megumin, minene
[ 141/700 ] WIN    18 turns   ace, touka, saber  vs  saturn, gallantmon, gasai
[ 142/700 ] WIN    13 turns   ace, semiramis, cell  vs  gray, sakura, allmight
[ 143/700 ] WIN    19 turns   ace, megumi, jack  vs  crona, death, renamon
[ 144/700 ] LOSS   25 turns   ace, megumi, kurapika  vs  death, shinoa, uranus
[ 145/700 ] WIN    27 turns   ace, ganta, jack  vs  blackwargreymon, minene, venus
[ 146/700 ] LOSS   21 turns   ace, hawkmon, hisoka  vs  toudou, gon, arthur
Applying bleed effect! Checking special code
[ 147/700 ] WIN    24 turns   ace, hinata, ladydevimon  vs  omnimon, diane, megumin
[ 148/700 ] WIN    23 turns   ace, mash, yuno  vs  cooler, misaka, blackwargreymon
Applying bleed effect! Checking special code
Applying bleed effect! Checking special code
Applying bleed effect! Checking special code
Applying bleed effect! Checking special code
[ 149/700 ] WIN    17 turns   ace, kaiba, madoka  vs  rakko, emiya, aiohto
[ 150/700 ] WIN    15 turns   ace, lizandpatty, aang  vs  midoriya, usopp, saitama
[ 151/700 ] LOSS  158 turns   ace, tanjiro, touka  vs  shokuhou, madoka, jesse
[ 152/700 ] LOSS   14 turns   ace, aiohto, diane  vs  squalo, gray, eren
[ 153/700 ] WIN    21 turns   ace, gohan, vegeta  vs  crona, cooler, orihime
[ 154/700 ] WIN    16 turns   ace, yamamoto, jaden  vs  squalo, lucy, tanjiro
[ 155/700 ] WIN    14 turns   ace, tsunayoshi, hinata  vs  tatsumi, aiohto, jack
[ 156/700 ] LOSS   14 turns   ace, gunha, itachi  vs  blackwargreymon, hawkmon, madoka
[ 157/700 ] LOSS   15 turns   ace, mami, midoriya  vs  xanxus, lucy, hisoka
Applying bleed effect! Checking special code
Applying bleed effect! Checking special code
[ 158/700 ] WIN    41 turns   ace, kurotsuchi, zoro  vs  maka, inosuke, yamamoto
[ 159/700 ] LOSS   13 turns   ace, toudou, shinoa  vs  tsunayoshi, hashirama, esdeath
[ 160/700 ] LOSS   21 turns   ace, hinata, noelle  vs  shiro, goku, killua
[ 161/700 ] WIN    29 turns   ace, yoh, satsuki  vs  lyserg, luffy, sayaka
[ 162/700 ] LOSS   18 turns   ace, tsubasa, renamon  vs  gilgamesh, nel, hisoka
[ 163/700 ] WIN    20 turns   ace, asta, sasuke  vs  jeanne, erza, mercury
[ 164/700 ] WIN    25 turns   ace, natsu, saturn  vs  ryohei, broly, koro
[ 165/700 ] WIN    27 turns   ace, saturn, minene  vs  nonon, ryuko, jeanne
[ 166/700 ] LOSS   51 turns   ace, mavis, lyserg  vs  gray, shinra, impmon
[ 167/700 ] WIN    21 turns   ace, tsunayoshi, halibel  vs  yoh, crona, horohoro
[ 168/700 ] LOSS   23 turns   ace, erza, ichigo  vs  ichibe, omnimon, lyserg
[ 169/700 ] LOSS   20 turns   ace, veldora, mikasa  vs  tsunayoshi, zenitsu, venus
Yubel's S1 Triggered!
[ 170/700 ] LOSS   20 turns   ace, shokuhou, yubel  vs  cell, todoroki, yoh
[ 171/700 ] WIN    16 turns   ace, venus, yugi  vs  blackstar, frieren, frankenstein
[ 172/700 ] WIN    29 turns   ace, muichiro, kurapika  vs  nobara, blackstar, koro
[ 173/700 ] LOSS   16 turns   ace, mercury, tsubasa  vs  neferpitou, gon, jupiter
Applying bleed effect! Checking special code
Applying bleed effect! Checking special code
Applying bleed effect! Checking special code
[ 174/700 ] LOSS   25 turns   ace, toudou, xanxus  vs  kitara, lucy, inosuke
Applying bleed effect! Checking special code
Applying bleed effect! Checking special code
Applying bleed effect! Checking special code
Applying bleed effect! Checking special code
[ 175/700 ] LOSS   22 turns   ace, ken, mine  vs  mars, erza, renamon
[ 176/700 ] WIN    28 turns   ace, hawkmon, blackstar  vs  levi, ganta, uranus
Applying bleed effect! Checking special code
Applying bleed effect! Checking special code
Applying bleed effect! Checking special code
Applying bleed effect! Checking special code
[ 177/700 ] WIN    24 turns   ace, vegeta, kurapika  vs  yugi, denji, touka
Yubel's S1 Triggered!
[ 178/700 ] WIN    22 turns   ace, kurotsuchi, erza  vs  gilgamesh, yubel, allmight
[ 179/700 ] LOSS   27 turns   ace, xanxus, genos  vs  kaiba, gasai, yamamoto
[ 180/700 ] LOSS   31 turns   ace, nobara, tsubaki  vs  saber, eren, muichiro
[ 181/700 ] WIN    19 turns   ace, kuroko, sayaka  vs  yubel, sheele, tsunayoshi
Applying bleed effect! Checking special code
Applying bleed effect! Checking special code
Applying bleed effect! Checking special code
[ 182/700 ] LOSS   15 turns   ace, rengoku, mikasa  vs  yamamoto, jinwoo, hashirama
[ 183/700 ] LOSS   33 turns   ace, levi, tanjiro  vs  emiyaarcher, sakura, kaiba
[ 184/700 ] WIN    18 turns   ace, genos, ganta  vs  kitara, toudou, horohoro
[ 185/700 ] LOSS   23 turns   ace, shokuhou, saturn  vs  boruto, tsubaki, mercury
[ 186/700 ] WIN    24 turns   ace, erza, yubel  vs  kuroko, mine, soul
[ 187/700 ] WIN    62 turns   ace, jaden, cooler  vs  usopp, gunha, gray
[ 188/700 ] LOSS   29 turns   ace, yoh, venus  vs  yugi, inuyasha, lizandpatty
Applying bleed effect! Checking special code
Applying bleed effect! Checking special code
Applying bleed effect! Checking special code
Applying bleed effect! Checking special code
Applying bleed effect! Checking special code
Applying bleed effect! Checking special code
[ 189/700 ] LOSS   17 turns   ace, tsubasa, shinoa  vs  king, genos, gilgamesh
Applying bleed effect! Checking special code
Applying bleed effect! Checking special code
Applying bleed effect! Checking special code
Applying bleed effect! Checking special code
[ 190/700 ] WIN    41 turns   ace, lucy, denji  vs  genos, seventeen, muichiro
[ 191/700 ] LOSS   17 turns   ace, byakuya, shinoa  vs  lizandpatty, alphonse, vegeta
[ 192/700 ] LOSS   16 turns   ace, jinwoo, kurotsuchi  vs  broly, satsuki, pegasus
[ 193/700 ] LOSS   14 turns   ace, lizandpatty, gasai  vs  toji, frieren, jupiter
[ 194/700 ] LOSS   21 turns   ace, saitama, jack  vs  ladydevimon, naruto, sukuna
[ 195/700 ] LOSS   25 turns   ace, gohan, boruto  vs  neferpitou, xanxus, renamon
[ 196/700 ] LOSS   27 turns   ace, lucy, cooler  vs  hinata, gallantmon, orihime
Applying bleed effect! Checking special code
[ 197/700 ] WIN    20 turns   ace, vegeta, denji  vs  adam, tokoyami, blackstar
[ 198/700 ] LOSS   23 turns   ace, sukuna, nel  vs  jesse, muichiro, jaden
[ 199/700 ] LOSS   17 turns   ace, hisoka, gallantmon  vs  ichibe, aiohto, gunha
[ 200/700 ] WIN    16 turns   ace, lyserg, mavis  vs  uraraka, hinata, yamamoto
Applying bleed effect! Checking special code
Applying bleed effect! Checking special code
Applying bleed effect! Checking special code
[ 201/700 ] WIN    13 turns   ace, tsubaki, esdeath  vs  maka, nobara, rengoku
[ 202/700 ] LOSS   20 turns   ace, gray, ban  vs  ryohei, zenitsu, edward
[ 203/700 ] LOSS   17 turns   ace, orihime, jesse  vs  sakura, mavis, kaiba
[ 204/700 ] LOSS   37 turns   ace, meliodas, astolfo  vs  omnimon, lizandpatty, nezuko
[ 205/700 ] LOSS   22 turns   ace, nezuko, crona  vs  omnimon, naruto, kid
[ 206/700 ] WIN    25 turns   ace, lizandpatty, maka  vs  frankenstein, akame, mash
[ 207/700 ] LOSS   19 turns   ace, touka, emiyaarcher  vs  ladydevimon, saturn, erza
[ 208/700 ] WIN    15 turns   ace, ryohei, luffy  vs  megumi, xanxus, jeanne
[ 209/700 ] LOSS   22 turns   ace, vegeta, myotismon  vs  yuno, kurotsuchi, diane
[ 210/700 ] LOSS   18 turns   ace, levi, veldora  vs  lizandpatty, rob, sasuke
[ 211/700 ] WIN    16 turns   ace, gilgamesh, lizandpatty  vs  tsuyu, cooler, aiohto
Yubel's S1 Triggered!
[ 212/700 ] LOSS   24 turns   ace, yubel, zoro  vs  tatsumi, akame, gohan
[ 213/700 ] WIN    44 turns   ace, sayaka, orihime  vs  touka, emiyaarcher, jeanne
Applying bleed effect! Checking special code
Applying bleed effect! Checking special code
Applying bleed effect! Checking special code
Applying bleed effect! Checking special code
Applying bleed effect! Checking special code
Applying bleed effect! Checking special code
Applying bleed effect! Checking special code
Applying bleed effect! Checking special code
Applying bleed effect! Checking special code
Applying bleed effect! Checking special code
Applying bleed effect! Checking special code
Applying bleed effect! Checking special code
Applying bleed effect! Checking special code
Applying bleed effect! Checking special code
Applying bleed effect! Checking special code
Applying bleed effect! Checking special code
Applying bleed effect! Checking special code
Applying bleed effect! Checking special code
Applying bleed effect! Checking special code
[ 214/700 ] WIN    26 turns   ace, rob, power  vs  noelle, king, rakko
[ 215/700 ] LOSS   17 turns   ace, saber, shiro  vs  jeanne, gon, ladydevimon
[ 216/700 ] WIN    15 turns   ace, lucy, goku  vs  sasuke, toudou, saitama
[ 217/700 ] LOSS   19 turns   ace, boruto, hawkmon  vs  mash, ganta, genos
[ 218/700 ] WIN    20 turns   ace, tsubasa, kid  vs  usopp, yamamoto, uzui
Applying bleed effect! Checking special code
Applying bleed effect! Checking special code
Applying bleed effect! Checking special code
Applying bleed effect! Checking special code
Applying bleed effect! Checking special code
Applying bleed effect! Checking special code
Applying bleed effect! Checking special code
Applying bleed effect! Checking special code
Applying bleed effect! Checking special code
Applying bleed effect! Checking special code
Applying bleed effect! Checking special code
[ 219/700 ] WIN    15 turns   ace, saturn, allmight  vs  king, yuji, orihime
[ 220/700 ] WIN    22 turns   ace, nezuko, frankenstein  vs  ryohei, arthur, rob
[ 221/700 ] WIN    12 turns   ace, todoroki, toudou  vs  misaka, horohoro, naruto
Applying bleed effect! Checking special code
[ 222/700 ] WIN    20 turns   ace, kitara, hisoka  vs  king, zenitsu, toga
[ 223/700 ] WIN    23 turns   ace, edward, nimaiya  vs  mami, neferpitou, toudou
[ 224/700 ] WIN    20 turns   ace, shinra, yugi  vs  midoriya, alphonse, inosuke
[ 225/700 ] LOSS   27 turns   ace, mars, todoroki  vs  halibel, semiramis, zoro
[ 226/700 ] WIN    29 turns   ace, marco, gallantmon  vs  todoroki, sheele, emiya
[ 227/700 ] LOSS   18 turns   ace, ryohei, todoroki  vs  ladydevimon, toga, kuroko
[ 228/700 ] LOSS   21 turns   ace, tatsumaki, gogeta  vs  mars, chrome, ryohei
[ 229/700 ] LOSS   27 turns   ace, gilgamesh, shokuhou  vs  emiya, megumi, blackstar
[ 230/700 ] WIN    17 turns   ace, hashirama, bakugo  vs  sayaka, gray, nimaiya
[ 231/700 ] WIN    24 turns   ace, mars, nel  vs  aiohto, impmon, frieren
[ 232/700 ] LOSS   18 turns   ace, muichiro, byakuya  vs  saturn, gohan, astolfo
[ 233/700 ] WIN    29 turns   ace, tsubasa, boruto  vs  mami, erza, gogeta
[ 234/700 ] LOSS   16 turns   ace, horohoro, tatsumi  vs  toudou, mash, asta
[ 235/700 ] LOSS   27 turns   ace, shokuhou, nel  vs  tatsumaki, aiohto, lucy
[ 236/700 ] WIN    17 turns   ace, zoro, alphonse  vs  rob, ban, emiyaarcher
[ 237/700 ] LOSS   13 turns   ace, mash, gon  vs  gogeta, blackwargreymon, hashirama
[ 238/700 ] LOSS   19 turns   ace, rob, mine  vs  hibari, gon, chrome
[ 239/700 ] WIN    33 turns   ace, kitara, misaka  vs  emiyaarcher, jeanne, uranus
Applying bleed effect! Checking special code
[ 240/700 ] WIN    23 turns   ace, uranus, nobara  vs  diane, nezuko, mercury
[ 241/700 ] LOSS   37 turns   ace, satsuki, mash  vs  natsu, ryuko, korra
[ 242/700 ] WIN    30 turns   ace, todoroki, mine  vs  hisoka, ichibe, ichigo
[ 243/700 ] LOSS   20 turns   ace, jaden, shinoa  vs  noelle, mine, rob
[ 244/700 ] WIN    20 turns   ace, kuroko, aang  vs  ryohei, tsubaki, jeanne
[ 245/700 ] LOSS   22 turns   ace, uzui, hisoka  vs  ganta, kuroko, mars
[ 246/700 ] LOSS   19 turns   ace, nezuko, muichiro  vs  hibari, rob, mash
[ 247/700 ] LOSS   20 turns   ace, tatsumaki, misaka  vs  boruto, cooler, toji
[ 248/700 ] WIN    17 turns   ace, yamamoto, luffy  vs  lucy, goku, cooler
[ 249/700 ] WIN    14 turns   ace, sukuna, uzui  vs  jeanne, ryohei, kid
[ 250/700 ] LOSS   17 turns   ace, mine, akame  vs  alphonse, megumin, satsuki
Applying bleed effect! Checking special code
Applying bleed effect! Checking special code
Applying bleed effect! Checking special code
Applying bleed effect! Checking special code
Applying bleed effect! Checking special code
Applying bleed effect! Checking special code
Applying bleed effect! Checking special code
[ 251/700 ] LOSS   20 turns   ace, emiya, nonon  vs  asta, gilgamesh, king
[ 252/700 ] LOSS   26 turns   ace, shokuhou, gohan  vs  blackstar, zoro, mash
Applying bleed effect! Checking special code
[ 253/700 ] WIN    20 turns   ace, uraraka, inosuke  vs  gatomon, midoriya, crona
[ 254/700 ] WIN    39 turns   ace, edward, tatsumaki  vs  minene, kid, gogeta
[ 255/700 ] WIN    31 turns   ace, jesse, aiohto  vs  frankenstein, luffy, sasuke
[ 256/700 ] LOSS   24 turns   ace, nagisa, lizandpatty  vs  venus, kuroko, aiohto
[ 257/700 ] LOSS   17 turns   ace, gogeta, touka  vs  asta, gojo, ganta
[ 258/700 ] LOSS   14 turns   ace, tatsumi, hisoka  vs  megumi, toji, squalo
[ 259/700 ] LOSS   40 turns   ace, allmight, xanxus  vs  arthur, kid, tatsumi
[ 260/700 ] WIN    16 turns   ace, alphonse, emiyaarcher  vs  ganta, akame, goku
[ 261/700 ] WIN    14 turns   ace, jack, machinedramon  vs  allmight, shinra, gatomon
[ 262/700 ] LOSS   13 turns   ace, kaiba, kid  vs  shinra, edward, broly
[ 263/700 ] WIN    19 turns   ace, lyserg, rimuru  vs  venus, akame, mars
[ 264/700 ] WIN    15 turns   ace, death, ban  vs  frankenstein, tsunayoshi, toudou
[ 265/700 ] WIN    39 turns   ace, hinata, megumin  vs  alphamon, byakuya, midoriya
[ 266/700 ] LOSS   18 turns   ace, sakura, nobara  vs  mash, astolfo, jaden
[ 267/700 ] LOSS   27 turns   ace, killua, nezuko  vs  rob, hibari, nobara
[ 268/700 ] LOSS   16 turns   ace, chrome, muichiro  vs  lucy, saber, madoka
[ 269/700 ] LOSS   15 turns   ace, pegasus, jack  vs  venus, astolfo, cell
Applying bleed effect! Checking special code
Applying bleed effect! Checking special code
[ 270/700 ] WIN    27 turns   ace, inosuke, nel  vs  zoro, korra, hinata
[ 271/700 ] LOSS   31 turns   ace, allmight, nimaiya  vs  uraraka, nezuko, sheele
[ 272/700 ] LOSS   18 turns   ace, venus, tokoyami  vs  shinoa, sasuke, madoka
[ 273/700 ] LOSS   15 turns   ace, koro, kid  vs  genos, ichibe, gray
[ 274/700 ] WIN    18 turns   ace, uraraka, cell  vs  nonon, machinedramon, allmight
[ 275/700 ] LOSS   26 turns   ace, tsubasa, ichigo  vs  akame, kuroko, muichiro
[ 276/700 ] WIN    17 turns   ace, toph, gohan  vs  gogeta, minene, shiro
Yubel's S1 Triggered!
[ 277/700 ] WIN    19 turns   ace, yubel, madoka  vs  yoh, kaiba, uraraka
[ 278/700 ] WIN    17 turns   ace, blackwargreymon, frankenstein  vs  horohoro, veldora, jack
[ 279/700 ] LOSS   19 turns   ace, tamaki, mine  vs  tsubasa, gogeta, meliodas
Applying bleed effect! Checking special code
Applying bleed effect! Checking special code
Applying bleed effect! Checking special code
Applying bleed effect! Checking special code
Applying bleed effect! Checking special code
Applying bleed effect! Checking special code
Applying bleed effect! Checking special code
[ 280/700 ] LOSS   15 turns   ace, ryuko, arthur  vs  ladydevimon, semiramis, ken
Applying bleed effect! Checking special code
Applying bleed effect! Checking special code
[ 281/700 ] WIN    13 turns   ace, hibari, tamaki  vs  korra, rengoku, satsuki
[ 282/700 ] LOSS   20 turns   ace, akame, inuyasha  vs  nobara, genos, soul
[ 283/700 ] WIN    24 turns   ace, gunha, death  vs  hisoka, madoka, blackstar
[ 284/700 ] LOSS   23 turns   ace, impmon, minene  vs  inuyasha, kurapika, ban
[ 285/700 ] LOSS   27 turns   ace, sheele, emiya  vs  impmon, blackstar, jack
[ 286/700 ] LOSS   31 turns   ace, arthur, shinoa  vs  mami, kuroko, kurapika
Applying bleed effect! Checking special code
Applying bleed effect! Checking special code
Applying bleed effect! Checking special code
[ 287/700 ] WIN    21 turns   ace, death, mercury  vs  rob, rakko, hinata
[ 288/700 ] LOSS   21 turns   ace, kuroko, kaiba  vs  yuji, rob, impmon
[ 289/700 ] LOSS   16 turns   ace, kid, gojo  vs  goku, mash, frieren
[ 290/700 ] WIN    17 turns   ace, tsubasa, saturn  vs  yuno, broly, nobara
[ 291/700 ] WIN    16 turns   ace, mash, mikasa  vs  yugi, zenitsu, ichibe
Applying bleed effect! Checking special code
[ 292/700 ] WIN    18 turns   ace, gilgamesh, toga  vs  noelle, shiro, rakko
[ 293/700 ] LOSS   15 turns   ace, aiohto, megumin  vs  itachi, erza, sayaka
[ 294/700 ] LOSS   19 turns   ace, sasuke, gojo  vs  ryohei, shiro, sakura
[ 295/700 ] WIN    26 turns   ace, jaden, death  vs  pegasus, sakura, gogeta
[ 296/700 ] LOSS   17 turns   ace, arthur, frieren  vs  astolfo, seventeen, sayaka
[ 297/700 ] LOSS   15 turns   ace, gojo, rimuru  vs  uranus, shinoa, nel
[ 298/700 ] LOSS   24 turns   ace, orihime, emiya  vs  gojo, mash, tamaki
[ 299/700 ] WIN    22 turns   ace, astolfo, noelle  vs  natsu, pegasus, hisoka
[ 300/700 ] WIN    15 turns   ace, mavis, alphonse  vs  mami, gunha, allmight
[ 301/700 ] LOSS   22 turns   ace, lucy, squalo  vs  toga, aang, tatsumaki
[ 302/700 ] WIN    18 turns   ace, eren, madoka  vs  kaiba, gon, tanjiro
[ 303/700 ] LOSS   18 turns   ace, ryuko, yoh  vs  uranus, gon, lyserg
[ 304/700 ] LOSS   23 turns   ace, veldora, jack  vs  nel, tsubasa, venus
[ 305/700 ] WIN    12 turns   ace, toga, squalo  vs  hibari, kitara, todoroki
[ 306/700 ] WIN    17 turns   ace, hinata, lizandpatty  vs  saturn, kurapika, mars
[ 307/700 ] LOSS   23 turns   ace, yuji, crona  vs  jesse, squalo, tsubasa
[ 308/700 ] WIN    22 turns   ace, eren, gallantmon  vs  alphonse, uzui, ichigo
[ 309/700 ] LOSS   23 turns   ace, tamaki, erza  vs  marco, renamon, sukuna
Applying bleed effect! Checking special code
[ 310/700 ] LOSS   29 turns   ace, adam, power  vs  saturn, hibari, marco
[ 311/700 ] WIN    39 turns   ace, nimaiya, saitama  vs  gogeta, xanxus, tamaki
[ 312/700 ] LOSS   26 turns   ace, sakura, byakuya  vs  nel, shinra, noelle
[ 313/700 ] WIN    14 turns   ace, kuroko, kitara  vs  akame, goku, megumin
[ 314/700 ] LOSS   18 turns   ace, tsubaki, kid  vs  halibel, inuyasha, jaden
Applying bleed effect! Checking special code
Applying bleed effect! Checking special code
Applying bleed effect! Checking special code
Applying bleed effect! Checking special code
Applying bleed effect! Checking special code
Applying bleed effect! Checking special code
Applying bleed effect! Checking special code
Applying bleed effect! Checking special code
Applying bleed effect! Checking special code
Applying bleed effect! Checking special code
[ 315/700 ] WIN    20 turns   ace, gon, king  vs  tanjiro, jeanne, chrome
Applying bleed effect! Checking special code
Applying bleed effect! Checking special code
Applying bleed effect! Checking special code
Applying bleed effect! Checking special code
Applying bleed effect! Checking special code
Applying bleed effect! Checking special code
Applying bleed effect! Checking special code
Applying bleed effect! Checking special code
[ 316/700 ] WIN    24 turns   ace, toga, ryohei  vs  mars, toph, ken
[ 317/700 ] LOSS   14 turns   ace, nobara, ladydevimon  vs  mavis, alphamon, sayaka
[ 318/700 ] WIN    27 turns   ace, natsu, tsuyu  vs  ryuko, tanjiro, ban
[ 319/700 ] WIN    19 turns   ace, seventeen, gohan  vs  yugi, yubel, satsuki
[ 320/700 ] LOSS   21 turns   ace, midoriya, maka  vs  satsuki, denji, yugi
Applying bleed effect! Checking special code
Applying bleed effect! Checking special code
Applying bleed effect! Checking special code
Applying bleed effect! Checking special code
Applying bleed effect! Checking special code
[ 321/700 ] LOSS   15 turns   ace, itachi, ken  vs  hashirama, orihime, meliodas
[ 322/700 ] LOSS   25 turns   ace, gojo, yubel  vs  muichiro, boruto, chrome
Yubel's S1 Triggered!
Yubel's S1 Triggered!
Yubel's S1 Triggered!
Yubel's S1 Triggered!
Yubel's S1 Triggered!
[ 323/700 ] LOSS   61 turns   ace, toudou, ganta  vs  mami, luffy, yubel
[ 324/700 ] WIN    31 turns   ace, halibel, yuno  vs  koro, eren, tanjiro
[ 325/700 ] LOSS   27 turns   ace, kitara, zenitsu  vs  halibel, inosuke, semiramis
[ 326/700 ] WIN    20 turns   ace, satsuki, horohoro  vs  sayaka, misaka, ban
Applying bleed effect! Checking special code
[ 327/700 ] LOSS   13 turns   ace, tsubasa, bakugo  vs  rakko, madoka, gunha
[ 328/700 ] LOSS   20 turns   ace, yoh, alphonse  vs  genos, jeanne, yugi
Applying bleed effect! Checking special code
Applying bleed effect! Checking special code
Applying bleed effect! Checking special code
[ 329/700 ] WIN    23 turns   ace, kitara, inuyasha  vs  minene, inosuke, tanjiro
[ 330/700 ] LOSS   35 turns   ace, semiramis, madoka  vs  nagisa, nonon, orihime
[ 331/700 ] LOSS   14 turns   ace, nonon, shinoa  vs  halibel, boruto, cell
Applying bleed effect! Checking special code
[ 332/700 ] LOSS   15 turns   ace, inuyasha, muichiro  vs  soul, king, touka
[ 333/700 ] LOSS   20 turns   ace, tokoyami, kitara  vs  saber, blackwargreymon, emiya
[ 334/700 ] LOSS   15 turns   ace, mavis, shiro  vs  noelle, saber, seventeen
[ 335/700 ] LOSS   16 turns   ace, blackwargreymon, gray  vs  mine, sheele, noelle
Applying bleed effect! Checking special code
[ 336/700 ] LOSS   18 turns   ace, denji, gray  vs  death, toji, horohoro
[ 337/700 ] WIN    36 turns   ace, kitara, tamaki  vs  boruto, emiyaarcher, arthur
[ 338/700 ] WIN    20 turns   ace, arthur, saturn  vs  nezuko, madoka, alphamon
[ 339/700 ] WIN    21 turns   ace, toudou, saturn  vs  mikasa, megumin, sakura
[ 340/700 ] LOSS   29 turns   ace, korra, kurapika  vs  gon, jaden, nobara
[ 341/700 ] LOSS   21 turns   ace, blackwargreymon, lizandpatty  vs  genos, machinedramon, ichigo
Yubel's S1 Triggered!
[ 342/700 ] LOSS   29 turns   ace, seventeen, toph  vs  squalo, frieren, yubel
[ 343/700 ] WIN    17 turns   ace, hashirama, chrome  vs  frieren, yuno, yamamoto
[ 344/700 ] LOSS   19 turns   ace, asta, cooler  vs  saturn, chrome, naruto
Applying bleed effect! Checking special code
Applying bleed effect! Checking special code
[ 345/700 ] LOSS   23 turns   ace, rengoku, lucy  vs  kurotsuchi, gasai, tanjiro
Yubel's S1 Triggered!
[ 346/700 ] LOSS   30 turns   ace, yubel, frankenstein  vs  sakura, byakuya, shokuhou
[ 347/700 ] WIN    25 turns   ace, lizandpatty, alphonse  vs  uzui, jupiter, saturn
[ 348/700 ] LOSS   22 turns   ace, blackstar, madoka  vs  hinata, alphamon, yuno
[ 349/700 ] LOSS   20 turns   ace, yugi, sasuke  vs  frieren, gohan, zoro
[ 350/700 ] WIN    29 turns   ace, lizandpatty, rimuru  vs  lucy, boruto, kurotsuchi
[ 351/700 ] LOSS   18 turns   ace, toga, midoriya  vs  muichiro, jaden, bakugo
[ 352/700 ] WIN    22 turns   ace, gon, hashirama  vs  nezuko, gallantmon, megumi
[ 353/700 ] WIN    23 turns   ace, arthur, gohan  vs  kuroko, ban, sayaka
[ 354/700 ] WIN    30 turns   ace, aang, mami  vs  hinata, usopp, shiro
[ 355/700 ] LOSS   22 turns   ace, genos, akame  vs  machinedramon, pegasus, kuroko
Applying bleed effect! Checking special code
Applying bleed effect! Checking special code
[ 356/700 ] LOSS   16 turns   ace, king, sheele  vs  broly, mine, aiohto
[ 357/700 ] LOSS   21 turns   ace, frieren, kurapika  vs  horohoro, sukuna, hibari
[ 358/700 ] WIN    14 turns   ace, nezuko, sakura  vs  veldora, uraraka, alphonse
[ 359/700 ] LOSS   14 turns   ace, edward, nonon  vs  erza, hibari, alphamon
[ 360/700 ] LOSS   17 turns   ace, yoh, jupiter  vs  gogeta, gasai, gilgamesh
[ 361/700 ] LOSS   12 turns   ace, kid, omnimon  vs  broly, sayaka, nel
[ 362/700 ] LOSS   20 turns   ace, blackstar, halibel  vs  jesse, kuroko, blackwargreymon
[ 363/700 ] WIN    15 turns   ace, jack, astolfo  vs  mash, kaiba, nobara
[ 364/700 ] LOSS   34 turns   ace, blackwargreymon, marco  vs  saitama, gray, ryuko
Applying bleed effect! Checking special code
Applying bleed effect! Checking special code
Applying bleed effect! Checking special code
Applying bleed effect! Checking special code
Applying bleed effect! Checking special code
[ 365/700 ] LOSS   16 turns   ace, yamamoto, killua  vs  boruto, king, tatsumi
[ 366/700 ] LOSS   21 turns   ace, jesse, ganta  vs  semiramis, ichigo, arthur
[ 367/700 ] WIN    14 turns   ace, astolfo, omnimon  vs  muichiro, hawkmon, frieren
[ 368/700 ] WIN    23 turns   ace, toji, yugi  vs  tokoyami, erza, tsunayoshi
[ 369/700 ] WIN    19 turns   ace, arthur, uraraka  vs  tanjiro, zenitsu, broly
Applying bleed effect! Checking special code
Applying bleed effect! Checking special code
[ 370/700 ] WIN    29 turns   ace, emiyaarcher, power  vs  zenitsu, nobara, edward
[ 371/700 ] WIN    24 turns   ace, nonon, gogeta  vs  hashirama, emiyaarcher, tsuyu
[ 372/700 ] LOSS   25 turns   ace, kurotsuchi, myotismon  vs  toph, allmight, kuroko
[ 373/700 ] LOSS   15 turns   ace, diane, zenitsu  vs  hisoka, bakugo, gogeta
[ 374/700 ] LOSS   22 turns   ace, hibari, gallantmon  vs  genos, sheele, minene
[ 375/700 ] WIN    25 turns   ace, neferpitou, saitama  vs  kid, edward, toudou
[ 376/700 ] WIN    32 turns   ace, arthur, midoriya  vs  inuyasha, ryohei, emiya
[ 377/700 ] LOSS   31 turns   ace, machinedramon, ban  vs  kitara, lyserg, gilgamesh
Applying bleed effect! Checking special code
[ 378/700 ] LOSS   22 turns   ace, power, sukuna  vs  kurotsuchi, koro, gatomon
[ 379/700 ] LOSS   16 turns   ace, saitama, broly  vs  erza, ladydevimon, zenitsu
[ 380/700 ] WIN    19 turns   ace, neferpitou, megumi  vs  gatomon, kid, jack
[ 381/700 ] LOSS   18 turns   ace, hibari, mami  vs  killua, esdeath, noelle
Applying bleed effect! Checking special code
Applying bleed effect! Checking special code
Applying bleed effect! Checking special code
[ 382/700 ] LOSS   20 turns   ace, toga, inosuke  vs  tatsumi, king, ban
[ 383/700 ] WIN    25 turns   ace, vegeta, tatsumi  vs  omnimon, nel, rimuru
[ 384/700 ] LOSS   14 turns   ace, touka, toph  vs  cell, neferpitou, hashirama
[ 385/700 ] LOSS   19 turns   ace, korra, noelle  vs  hibari, cell, veldora
[ 386/700 ] WIN    15 turns   ace, crona, asta  vs  death, eren, myotismon
[ 387/700 ] LOSS   23 turns   ace, yoh, saitama  vs  power, muichiro, renamon
[ 388/700 ] LOSS   20 turns   ace, maka, aiohto  vs  touka, lucy, hashirama
[ 389/700 ] WIN    19 turns   ace, sheele, lyserg  vs  cell, omnimon, yamamoto
[ 390/700 ] WIN    30 turns   ace, megumi, nel  vs  tatsumaki, aang, megumin
[ 391/700 ] LOSS   22 turns   ace, misaka, ryuko  vs  zenitsu, todoroki, gogeta
[ 392/700 ] WIN    14 turns   ace, esdeath, megumin  vs  gunha, arthur, yubel
Applying bleed effect! Checking special code
Applying bleed effect! Checking special code
[ 393/700 ] LOSS   23 turns   ace, uzui, rengoku  vs  naruto, aiohto, alphamon
[ 394/700 ] LOSS   44 turns   ace, noelle, gilgamesh  vs  omnimon, lyserg, mami
Yubel's S1 Triggered!
Yubel's S1 Triggered!
[ 395/700 ] LOSS   26 turns   ace, frankenstein, mami  vs  edward, misaka, yubel
[ 396/700 ] WIN    23 turns   ace, hashirama, hinata  vs  jinwoo, zoro, nel
[ 397/700 ] WIN    24 turns   ace, zoro, mami  vs  crona, ichibe, jinwoo
[ 398/700 ] LOSS   18 turns   ace, toph, usopp  vs  mash, maka, levi
[ 399/700 ] LOSS   25 turns   ace, ganta, todoroki  vs  jack, shokuhou, blackwargreymon
[ 400/700 ] WIN    12 turns   ace, yuno, gojo  vs  midoriya, diane, allmight
[ 401/700 ] LOSS   27 turns   ace, yamamoto, impmon  vs  genos, gilgamesh, shinra
Applying bleed effect! Checking special code
Applying bleed effect! Checking special code
Applying bleed effect! Checking special code
[ 402/700 ] WIN    16 turns   ace, yugi, denji  vs  xanxus, gilgamesh, jeanne
[ 403/700 ] LOSS   11 turns   ace, uraraka, inuyasha  vs  touka, ryohei, esdeath
[ 404/700 ] WIN    21 turns   ace, jesse, goku  vs  mars, gatomon, jeanne
[ 405/700 ] WIN    26 turns   ace, nel, yuji  vs  natsu, xanxus, muichiro
[ 406/700 ] LOSS   14 turns   ace, halibel, kid  vs  noelle, tanjiro, natsu
[ 407/700 ] WIN    27 turns   ace, zenitsu, nezuko  vs  neferpitou, boruto, jinwoo
[ 408/700 ] LOSS   16 turns   ace, frieren, maka  vs  alphamon, tokoyami, tatsumaki
[ 409/700 ] LOSS   15 turns   ace, rimuru, tamaki  vs  arthur, genos, kuroko
[ 410/700 ] LOSS   21 turns   ace, arthur, marco  vs  renamon, saitama, tsubaki
[ 411/700 ] WIN    21 turns   ace, gon, jinwoo  vs  impmon, jack, orihime
[ 412/700 ] LOSS   20 turns   ace, gohan, tsubasa  vs  pegasus, saturn, rimuru
[ 413/700 ] LOSS   16 turns   ace, seventeen, tsuyu  vs  hawkmon, asta, vegeta
[ 414/700 ] LOSS   15 turns   ace, venus, toji  vs  shinoa, ichigo, allmight
[ 415/700 ] WIN    26 turns   ace, marco, nezuko  vs  shokuhou, midoriya, rob
[ 416/700 ] WIN    19 turns   ace, kurapika, byakuya  vs  seventeen, lyserg, tatsumaki
[ 417/700 ] WIN    15 turns   ace, jupiter, itachi  vs  kurotsuchi, lyserg, kid
[ 418/700 ] WIN    30 turns   ace, satsuki, usopp  vs  horohoro, noelle, crona
[ 419/700 ] LOSS   22 turns   ace, megumin, semiramis  vs  tsunayoshi, itachi, frankenstein
[ 420/700 ] LOSS   35 turns   ace, kid, saitama  vs  goku, todoroki, touka
[ 421/700 ] WIN    16 turns   ace, shinra, shiro  vs  kuroko, eren, korra
[ 422/700 ] LOSS   15 turns   ace, tamaki, inuyasha  vs  uranus, kuroko, hawkmon
[ 423/700 ] WIN    26 turns   ace, neferpitou, shokuhou  vs  toph, alphamon, tatsumaki
[ 424/700 ] LOSS   36 turns   ace, minene, ichibe  vs  killua, tamaki, pegasus
Applying bleed effect! Checking special code
Applying bleed effect! Checking special code
Applying bleed effect! Checking special code
[ 425/700 ] LOSS   18 turns   ace, adam, shiro  vs  inosuke, megumi, tsubasa
[ 426/700 ] LOSS   25 turns   ace, marco, shiro  vs  vegeta, arthur, nobara
[ 427/700 ] WIN    10 turns   ace, frankenstein, madoka  vs  kurotsuchi, vegeta, toph
[ 428/700 ] WIN    24 turns   ace, alphonse, mash  vs  squalo, kitara, uzui
Applying bleed effect! Checking special code
Applying bleed effect! Checking special code
[ 429/700 ] WIN    21 turns   ace, chrome, rengoku  vs  halibel, tsubaki, goku
[ 430/700 ] WIN    17 turns   ace, aang, pegasus  vs  nel, arthur, soul
[ 431/700 ] LOSS   19 turns   ace, toga, yugi  vs  jack, neferpitou, alphonse
[ 432/700 ] WIN    14 turns   ace, uraraka, nonon  vs  toph, koro, megumin
[ 433/700 ] LOSS   19 turns   ace, tsubasa, megumi  vs  tamaki, inosuke, bakugo
[ 434/700 ] LOSS   19 turns   ace, machinedramon, boruto  vs  genos, yoh, venus
Applying bleed effect! Checking special code
Applying bleed effect! Checking special code
Applying bleed effect! Checking special code
Applying bleed effect! Checking special code
[ 435/700 ] LOSS   23 turns   ace, emiyaarcher, impmon  vs  astolfo, rakko, jinwoo
[ 436/700 ] LOSS   12 turns   ace, cell, shokuhou  vs  lucy, zenitsu, touka
[ 437/700 ] LOSS   14 turns   ace, gohan, erza  vs  seventeen, satsuki, nobara
[ 438/700 ] WIN   123 turns   ace, maka, gallantmon  vs  sasuke, gasai, orihime
Applying bleed effect! Checking special code
Applying bleed effect! Checking special code
Applying bleed effect! Checking special code
Applying bleed effect! Checking special code
Applying bleed effect! Checking special code
Applying bleed effect! Checking special code
Applying bleed effect! Checking special code
Applying bleed effect! Checking special code
Applying bleed effect! Checking special code
Applying bleed effect! Checking special code
[ 439/700 ] LOSS   12 turns   ace, shinoa, toji  vs  nimaiya, king, mikasa
[ 440/700 ] LOSS   34 turns   ace, gohan, megumin  vs  renamon, xanxus, blackwargreymon
[ 441/700 ] LOSS   25 turns   ace, muichiro, korra  vs  pegasus, chrome, gallantmon
Applying bleed effect! Checking special code
Applying bleed effect! Checking special code
[ 442/700 ] LOSS   17 turns   ace, soul, denji  vs  nagisa, hisoka, saitama
Applying bleed effect! Checking special code
Applying bleed effect! Checking special code
Applying bleed effect! Checking special code
Applying bleed effect! Checking special code
[ 443/700 ] WIN    17 turns   ace, nagisa, ken  vs  soul, yoh, gunha
[ 444/700 ] LOSS   36 turns   ace, gilgamesh, renamon  vs  asta, gon, orihime
Yubel's S1 Triggered!
Yubel's S1 Triggered!
[ 445/700 ] WIN    32 turns   ace, cooler, edward  vs  nimaiya, yubel, machinedramon
[ 446/700 ] WIN    18 turns   ace, mavis, saturn  vs  kid, crona, jeanne
[ 447/700 ] LOSS   19 turns   ace, saber, machinedramon  vs  tsubasa, uranus, sukuna
[ 448/700 ] LOSS   30 turns   ace, nimaiya, myotismon  vs  pegasus, gohan, madoka
[ 449/700 ] LOSS   51 turns   ace, emiya, jaden  vs  jack, saturn, uraraka
[ 450/700 ] LOSS   13 turns   ace, tatsumaki, kurotsuchi  vs  seventeen, jaden, death
[ 451/700 ] WIN    15 turns   ace, allmight, sheele  vs  death, gray, noelle
Applying bleed effect! Checking special code
Applying bleed effect! Checking special code
Applying bleed effect! Checking special code
Applying bleed effect! Checking special code
Applying bleed effect! Checking special code
Applying bleed effect! Checking special code
[ 452/700 ] LOSS   32 turns   ace, erza, tanjiro  vs  ladydevimon, akame, king
[ 453/700 ] LOSS   24 turns   ace, kaiba, koro  vs  megumi, renamon, machinedramon
Applying bleed effect! Checking special code
[ 454/700 ] WIN    21 turns   ace, yuno, usopp  vs  levi, veldora, king
[ 455/700 ] LOSS   24 turns   ace, sakura, broly  vs  mercury, kurotsuchi, toga
[ 456/700 ] WIN    18 turns   ace, luffy, lucy  vs  sasuke, midoriya, sayaka
[ 457/700 ] LOSS   28 turns   ace, lizandpatty, goku  vs  jaden, yamamoto, uraraka
[ 458/700 ] LOSS   25 turns   ace, nobara, tamaki  vs  asta, minene, killua
Applying bleed effect! Checking special code
Applying bleed effect! Checking special code
[ 459/700 ] WIN    26 turns   ace, pegasus, cooler  vs  rakko, erza, kurapika
[ 460/700 ] LOSS   20 turns   ace, jinwoo, renamon  vs  chrome, kuroko, minene
[ 461/700 ] LOSS   14 turns   ace, blackstar, emiya  vs  mavis, ichigo, yoh
Applying bleed effect! Checking special code
Applying bleed effect! Checking special code
[ 462/700 ] WIN    19 turns   ace, aiohto, edward  vs  sheele, denji, allmight
[ 463/700 ] LOSS   27 turns   ace, hibari, sheele  vs  arthur, yuji, tsubaki
[ 464/700 ] WIN    25 turns   ace, ladydevimon, kitara  vs  yuno, kurotsuchi, frankenstein
[ 465/700 ] LOSS   23 turns   ace, touka, lizandpatty  vs  meliodas, korra, minene
[ 466/700 ] LOSS   28 turns   ace, shinra, pegasus  vs  neferpitou, noelle, tokoyami
[ 467/700 ] WIN    19 turns   ace, alphamon, diane  vs  shiro, gatomon, neferpitou
[ 468/700 ] LOSS   15 turns   ace, renamon, levi  vs  bakugo, myotismon, zenitsu
[ 469/700 ] LOSS   18 turns   ace, sukuna, boruto  vs  pegasus, megumi, hashirama
[ 470/700 ] WIN    20 turns   ace, death, levi  vs  natsu, seventeen, jeanne
[ 471/700 ] LOSS   16 turns   ace, jack, yuji  vs  death, tsubaki, gojo
[ 472/700 ] LOSS   29 turns   ace, boruto, gatomon  vs  nagisa, frieren, minene
Applying bleed effect! Checking special code
Applying bleed effect! Checking special code
Applying bleed effect! Checking special code
Applying bleed effect! Checking special code
Applying bleed effect! Checking special code
[ 473/700 ] WIN    28 turns   ace, arthur, nagisa  vs  machinedramon, nezuko, rengoku
[ 474/700 ] WIN    20 turns   ace, cooler, rob  vs  alphamon, broly, kuroko
[ 475/700 ] LOSS   14 turns   ace, maka, frankenstein  vs  byakuya, bakugo, emiyaarcher
[ 476/700 ] WIN    40 turns   ace, mami, eren  vs  orihime, tamaki, gojo
Applying bleed effect! Checking special code
[ 477/700 ] LOSS   23 turns   ace, satsuki, jesse  vs  halibel, power, mercury
[ 478/700 ] LOSS   18 turns   ace, emiya, yuno  vs  meliodas, touka, jinwoo
[ 479/700 ] WIN    16 turns   ace, jeanne, zoro  vs  toudou, omnimon, shokuhou
Applying bleed effect! Checking special code
Applying bleed effect! Checking special code
Applying bleed effect! Checking special code
Applying bleed effect! Checking special code
Applying bleed effect! Checking special code
Applying bleed effect! Checking special code
Applying bleed effect! Checking special code
Applying bleed effect! Checking special code
Applying bleed effect! Checking special code
Applying bleed effect! Checking special code
Applying bleed effect! Checking special code
Applying bleed effect! Checking special code
Applying bleed effect! Checking special code
Applying bleed effect! Checking special code
[ 480/700 ] WIN    18 turns   ace, ryohei, ken  vs  itachi, rakko, shinra
[ 481/700 ] WIN    22 turns   ace, horohoro, aiohto  vs  semiramis, jesse, usopp
Applying bleed effect! Checking special code
[ 482/700 ] WIN    18 turns   ace, sukuna, diane  vs  nobara, zoro, squalo
[ 483/700 ] WIN    16 turns   ace, yuno, blackwargreymon  vs  toga, diane, toph
Applying bleed effect! Checking special code
Applying bleed effect! Checking special code
Applying bleed effect! Checking special code
Applying bleed effect! Checking special code
[ 484/700 ] LOSS   26 turns   ace, naruto, jack  vs  frieren, rakko, uraraka
[ 485/700 ] LOSS   26 turns   ace, koro, aang  vs  gogeta, natsu, megumin
Applying bleed effect! Checking special code
Applying bleed effect! Checking special code
Applying bleed effect! Checking special code
Applying bleed effect! Checking special code
[ 486/700 ] LOSS   29 turns   ace, yugi, gunha  vs  tamaki, rakko, xanxus
Applying bleed effect! Checking special code
[ 487/700 ] LOSS   35 turns   ace, omnimon, nobara  vs  aang, denji, byakuya
[ 488/700 ] WIN    25 turns   ace, myotismon, edward  vs  tsuyu, rob, gunha
[ 489/700 ] WIN    26 turns   ace, tokoyami, hashirama  vs  xanxus, toudou, kitara
[ 490/700 ] LOSS   12 turns   ace, vegeta, toga  vs  kaiba, madoka, chrome
[ 491/700 ] WIN    20 turns   ace, kaiba, emiya  vs  akame, tsuyu, shokuhou
[ 492/700 ] LOSS   16 turns   ace, kid, usopp  vs  muichiro, nezuko, ladydevimon
[ 493/700 ] LOSS   10 turns   ace, rob, allmight  vs  emiyaarcher, hashirama, uranus
Applying bleed effect! Checking special code
Applying bleed effect! Checking special code
Applying bleed effect! Checking special code
[ 494/700 ] LOSS   22 turns   ace, nel, erza  vs  king, power, blackstar
[ 495/700 ] LOSS   32 turns   ace, nobara, touka  vs  mami, horohoro, edward
[ 496/700 ] LOSS   24 turns   ace, nezuko, gray  vs  chrome, yamamoto, toudou
Applying bleed effect! Checking special code
Applying bleed effect! Checking special code
Applying bleed effect! Checking special code
Applying bleed effect! Checking special code
[ 497/700 ] WIN    37 turns   ace, mash, mars  vs  tsubasa, rakko, jinwoo
[ 498/700 ] LOSS   17 turns   ace, gogeta, halibel  vs  neferpitou, hashirama, shinoa
Applying bleed effect! Checking special code
Applying bleed effect! Checking special code
Applying bleed effect! Checking special code
Applying bleed effect! Checking special code
Applying bleed effect! Checking special code
[ 499/700 ] LOSS   27 turns   ace, soul, gatomon  vs  lyserg, shiro, power
Applying bleed effect! Checking special code
Applying bleed effect! Checking special code
Applying bleed effect! Checking special code
[ 500/700 ] LOSS   36 turns   ace, ichigo, jack  vs  blackstar, impmon, diane
[ 501/700 ] LOSS   31 turns   ace, kaiba, ladydevimon  vs  gallantmon, natsu, inosuke
[ 502/700 ] WIN    23 turns   ace, byakuya, blackwargreymon  vs  naruto, chrome, midoriya
Applying bleed effect! Checking special code
Applying bleed effect! Checking special code
Applying bleed effect! Checking special code
Applying bleed effect! Checking special code
[ 503/700 ] LOSS   19 turns   ace, tatsumaki, naruto  vs  kuroko, touka, ken
[ 504/700 ] LOSS   37 turns   ace, gray, aiohto  vs  tsunayoshi, natsu, ban
[ 505/700 ] WIN    31 turns   ace, nagisa, omnimon  vs  kurapika, muichiro, saitama
[ 506/700 ] WIN    32 turns   ace, gohan, zoro  vs  death, marco, arthur
Applying bleed effect! Checking special code
Applying bleed effect! Checking special code
Applying bleed effect! Checking special code
Applying bleed effect! Checking special code
Applying bleed effect! Checking special code
Applying bleed effect! Checking special code
Applying bleed effect! Checking special code
Applying bleed effect! Checking special code
[ 507/700 ] LOSS   25 turns   ace, gohan, arthur  vs  sheele, ken, crona
[ 508/700 ] WIN    24 turns   ace, gohan, sukuna  vs  yuno, tokoyami, yoh
[ 509/700 ] LOSS   18 turns   ace, nimaiya, death  vs  ryohei, hinata, sukuna
Applying bleed effect! Checking special code
Applying bleed effect! Checking special code
[ 510/700 ] WIN    19 turns   ace, jaden, jupiter  vs  rakko, yuno, noelle
[ 511/700 ] WIN    24 turns   ace, chrome, alphonse  vs  gray, orihime, inuyasha
Applying bleed effect! Checking special code
Applying bleed effect! Checking special code
Applying bleed effect! Checking special code
Applying bleed effect! Checking special code
Applying bleed effect! Checking special code
Applying bleed effect! Checking special code
[ 512/700 ] LOSS   30 turns   ace, arthur, tatsumaki  vs  rakko, orihime, yamamoto
[ 513/700 ] LOSS   15 turns   ace, todoroki, yuji  vs  bakugo, ichigo, arthur
[ 514/700 ] WIN    25 turns   ace, ladydevimon, akame  vs  ichigo, pegasus, tsuyu
[ 515/700 ] WIN    21 turns   ace, hawkmon, mine  vs  todoroki, ichigo, shokuhou
Applying bleed effect! Checking special code
[ 516/700 ] WIN    32 turns   ace, mine, jesse  vs  denji, lizandpatty, kurapika
[ 517/700 ] WIN    13 turns   ace, blackwargreymon, gohan  vs  allmight, cooler, toga
Applying bleed effect! Checking special code
Applying bleed effect! Checking special code
Applying bleed effect! Checking special code
Applying bleed effect! Checking special code
[ 518/700 ] WIN    13 turns   ace, ken, koro  vs  korra, minene, pegasus
[ 519/700 ] WIN    21 turns   ace, gatomon, zenitsu  vs  sakura, shiro, kurapika
[ 520/700 ] LOSS   21 turns   ace, byakuya, marco  vs  ichibe, squalo, ladydevimon
[ 521/700 ] WIN    12 turns   ace, shinra, zenitsu  vs  chrome, gohan, horohoro
[ 522/700 ] WIN    18 turns   ace, toga, jack  vs  saber, yugi, jeanne
[ 523/700 ] LOSS   19 turns   ace, mavis, nimaiya  vs  aiohto, misaka, genos
[ 524/700 ] LOSS   17 turns   ace, korra, genos  vs  marco, astolfo, cell
[ 525/700 ] LOSS   16 turns   ace, yugi, korra  vs  veldora, arthur, satsuki
[ 526/700 ] WIN    20 turns   ace, venus, noelle  vs  chrome, seventeen, hashirama
[ 527/700 ] WIN    17 turns   ace, lucy, toudou  vs  byakuya, ryuko, inuyasha
[ 528/700 ] WIN    19 turns   ace, blackstar, mine  vs  sasuke, emiya, hawkmon
[ 529/700 ] WIN    17 turns   ace, ryohei, tsunayoshi  vs  sukuna, allmight, seventeen
[ 530/700 ] LOSS   19 turns   ace, nobara, soul  vs  venus, gunha, mami
Applying bleed effect! Checking special code
[ 531/700 ] LOSS   35 turns   ace, denji, emiyaarcher  vs  vegeta, frankenstein, kuroko
[ 532/700 ] WIN    17 turns   ace, saber, alphamon  vs  tatsumi, ganta, boruto
[ 533/700 ] LOSS   22 turns   ace, tatsumi, inuyasha  vs  bakugo, saitama, orihime
[ 534/700 ] WIN    20 turns   ace, rob, astolfo  vs  minene, meliodas, mercury
[ 535/700 ] LOSS   22 turns   ace, cell, ichigo  vs  sakura, kaiba, alphonse
[ 536/700 ] WIN     9 turns   ace, touka, asta  vs  gojo, blackwargreymon, korra
[ 537/700 ] WIN    24 turns   ace, ryohei, gatomon  vs  tsunayoshi, nagisa, jeanne
[ 538/700 ] WIN    16 turns   ace, mash, jack  vs  esdeath, cell, hibari
[ 539/700 ] LOSS   27 turns   ace, gogeta, omnimon  vs  noelle, ladydevimon, lucy
[ 540/700 ] LOSS   30 turns   ace, ganta, yuno  vs  mars, kurotsuchi, tsunayoshi
[ 541/700 ] WIN    26 turns   ace, death, touka  vs  gon, mars, kitara
[ 542/700 ] WIN    18 turns   ace, neferpitou, eren  vs  semiramis, astolfo, ryuko
Applying bleed effect! Checking special code
Applying bleed effect! Checking special code
Applying bleed effect! Checking special code
Applying bleed effect! Checking special code
Applying bleed effect! Checking special code
Applying bleed effect! Checking special code
Applying bleed effect! Checking special code
Applying bleed effect! Checking special code
Applying bleed effect! Checking special code
Applying bleed effect! Checking special code
Applying bleed effect! Checking special code
Applying bleed effect! Checking special code
[ 543/700 ] LOSS   24 turns   ace, jupiter, jinwoo  vs  xanxus, zoro, king
[ 544/700 ] LOSS   28 turns   ace, vegeta, hinata  vs  megumin, alphamon, shinoa
[ 545/700 ] LOSS   16 turns   ace, myotismon, tatsumaki  vs  tatsumi, tsubasa, chrome
Applying bleed effect! Checking special code
Applying bleed effect! Checking special code
[ 546/700 ] LOSS   21 turns   ace, shokuhou, yamamoto  vs  usopp, power, rimuru
[ 547/700 ] LOSS   38 turns   ace, tatsumi, shokuhou  vs  marco, tsuyu, yamamoto
Applying bleed effect! Checking special code
Applying bleed effect! Checking special code
Applying bleed effect! Checking special code
Applying bleed effect! Checking special code
Applying bleed effect! Checking special code
[ 548/700 ] WIN    17 turns   ace, jesse, seventeen  vs  pegasus, ken, jinwoo
[ 549/700 ] LOSS   19 turns   ace, hinata, frieren  vs  gasai, horohoro, neferpitou
[ 550/700 ] WIN    16 turns   ace, saturn, vegeta  vs  maka, tsuyu, halibel
[ 551/700 ] LOSS   12 turns   ace, halibel, genos  vs  alphamon, yuji, blackwargreymon
[ 552/700 ] LOSS   29 turns   ace, muichiro, nimaiya  vs  veldora, tsubaki, gogeta
[ 553/700 ] WIN    24 turns   ace, cell, nagisa  vs  ryohei, blackwargreymon, sakura
[ 554/700 ] LOSS   24 turns   ace, asta, tsunayoshi  vs  tanjiro, shinoa, eren
Applying bleed effect! Checking special code
Applying bleed effect! Checking special code
[ 555/700 ] WIN    29 turns   ace, ichibe, yuji  vs  rengoku, mars, rimuru
[ 556/700 ] WIN    20 turns   ace, hashirama, mavis  vs  pegasus, ganta, gon
[ 557/700 ] WIN    18 turns   ace, itachi, soul  vs  meliodas, aiohto, gilgamesh
[ 558/700 ] LOSS   47 turns   ace, misaka, satsuki  vs  kurapika, saber, mikasa
[ 559/700 ] LOSS   15 turns   ace, impmon, gohan  vs  gojo, alphamon, gon
[ 560/700 ] WIN    36 turns   ace, uraraka, cell  vs  xanxus, chrome, emiya
[ 561/700 ] LOSS   14 turns   ace, gatomon, zoro  vs  toji, mavis, gray
Yubel's S1 Triggered!
[ 562/700 ] WIN    31 turns   ace, yubel, shinra  vs  kuroko, luffy, jeanne
Applying bleed effect! Checking special code
Applying bleed effect! Checking special code
Applying bleed effect! Checking special code
Applying bleed effect! Checking special code
Applying bleed effect! Checking special code
Applying bleed effect! Checking special code
Applying bleed effect! Checking special code
[ 563/700 ] LOSS   14 turns   ace, inosuke, korra  vs  gray, jaden, ken
[ 564/700 ] LOSS   18 turns   ace, shinra, allmight  vs  sakura, impmon, jupiter
[ 565/700 ] WIN    18 turns   ace, kid, tsubaki  vs  mami, koro, gojo
[ 566/700 ] WIN    14 turns   ace, omnimon, byakuya  vs  jinwoo, toji, nezuko
[ 567/700 ] WIN    23 turns   ace, aang, saber  vs  arthur, nimaiya, saturn
[ 568/700 ] LOSS   17 turns   ace, tamaki, mine  vs  byakuya, satsuki, king
[ 569/700 ] WIN    25 turns   ace, kitara, sukuna  vs  ban, lyserg, kurapika
[ 570/700 ] LOSS   14 turns   ace, arthur, edward  vs  xanxus, alphamon, jaden
[ 571/700 ] LOSS   25 turns   ace, natsu, mercury  vs  halibel, eren, koro
[ 572/700 ] LOSS   23 turns   ace, shokuhou, marco  vs  killua, eren, kid
[ 573/700 ] LOSS   27 turns   ace, gilgamesh, omnimon  vs  lyserg, orihime, gatomon
[ 574/700 ] WIN    15 turns   ace, korra, mavis  vs  uzui, astolfo, rob
[ 575/700 ] LOSS   17 turns   ace, yuno, shiro  vs  mavis, toph, tsubasa
Applying bleed effect! Checking special code
Applying bleed effect! Checking special code
Applying bleed effect! Checking special code
Applying bleed effect! Checking special code
[ 576/700 ] LOSS   26 turns   ace, emiyaarcher, king  vs  yuno, veldora, gon
Yubel's S1 Triggered!
[ 577/700 ] WIN    21 turns   ace, saturn, yubel  vs  impmon, ban, jeanne
[ 578/700 ] LOSS   16 turns   ace, megumin, gilgamesh  vs  touka, hawkmon, blackstar
[ 579/700 ] LOSS   13 turns   ace, lyserg, todoroki  vs  satsuki, yuji, genos
[ 580/700 ] LOSS   25 turns   ace, adam, levi  vs  nobara, emiya, vegeta
[ 581/700 ] LOSS   22 turns   ace, veldora, midoriya  vs  asta, hawkmon, orihime
[ 582/700 ] LOSS   25 turns   ace, nezuko, kitara  vs  inuyasha, meliodas, frankenstein
Yubel's S1 Triggered!
Yubel's S1 Triggered!
[ 583/700 ] LOSS   17 turns   ace, nimaiya, yubel  vs  hisoka, jinwoo, squalo
[ 584/700 ] WIN    28 turns   ace, uzui, cooler  vs  muichiro, nezuko, mars
[ 585/700 ] LOSS   22 turns   ace, gogeta, impmon  vs  uranus, levi, tanjiro
Applying bleed effect! Checking special code
[ 586/700 ] LOSS   14 turns   ace, denji, omnimon  vs  madoka, maka, megumin
[ 587/700 ] WIN    22 turns   ace, sukuna, touka  vs  rimuru, esdeath, mavis
[ 588/700 ] LOSS   16 turns   ace, byakuya, mash  vs  cell, rimuru, gohan
Applying bleed effect! Checking special code
Applying bleed effect! Checking special code
[ 589/700 ] WIN    20 turns   ace, yuno, sasuke  vs  soul, death, diane
Applying bleed effect! Checking special code
Applying bleed effect! Checking special code
Applying bleed effect! Checking special code
Applying bleed effect! Checking special code
Applying bleed effect! Checking special code
Applying bleed effect! Checking special code
Applying bleed effect! Checking special code
Applying bleed effect! Checking special code
Applying bleed effect! Checking special code
Applying bleed effect! Checking special code
[ 590/700 ] LOSS   21 turns   ace, saitama, toga  vs  megumi, kurotsuchi, king
Applying bleed effect! Checking special code
Applying bleed effect! Checking special code
Applying bleed effect! Checking special code
[ 591/700 ] LOSS   18 turns   ace, uranus, king  vs  tsubaki, gunha, sukuna
[ 592/700 ] LOSS   18 turns   ace, mine, myotismon  vs  toudou, jupiter, death
[ 593/700 ] WIN    21 turns   ace, alphamon, tsubasa  vs  touka, marco, gon
Applying bleed effect! Checking special code
Applying bleed effect! Checking special code
Applying bleed effect! Checking special code
Applying bleed effect! Checking special code
Applying bleed effect! Checking special code
Applying bleed effect! Checking special code
Applying bleed effect! Checking special code
Applying bleed effect! Checking special code
Applying bleed effect! Checking special code
[ 594/700 ] LOSS   24 turns   ace, power, nezuko  vs  jaden, shiro, inosuke
[ 595/700 ] WIN    14 turns   ace, alphamon, gallantmon  vs  madoka, koro, yubel
[ 596/700 ] LOSS   15 turns   ace, sakura, allmight  vs  chrome, neferpitou, adam
[ 597/700 ] LOSS   24 turns   ace, nobara, shiro  vs  erza, tsubaki, gon
[ 598/700 ] WIN    22 turns   ace, nagisa, noelle  vs  adam, ichigo, aiohto
Applying bleed effect! Checking special code
Applying bleed effect! Checking special code
Applying bleed effect! Checking special code
Applying bleed effect! Checking special code
Applying bleed effect! Checking special code
Applying bleed effect! Checking special code
[ 599/700 ] WIN    21 turns   ace, hibari, tokoyami  vs  edward, king, nobara
[ 600/700 ] WIN    20 turns   ace, tamaki, eren  vs  gilgamesh, omnimon, sasuke
[ 601/700 ] LOSS   30 turns   ace, alphonse, luffy  vs  boruto, levi, saitama
[ 602/700 ] LOSS   12 turns   ace, koro, midoriya  vs  gogeta, frieren, meliodas
[ 603/700 ] LOSS   21 turns   ace, toudou, adam  vs  ryohei, tanjiro, frieren
[ 604/700 ] LOSS   22 turns   ace, mercury, sasuke  vs  saturn, tsuyu, megumin
[ 605/700 ] WIN    22 turns   ace, broly, gunha  vs  rakko, todoroki, tatsumi
[ 606/700 ] LOSS   24 turns   ace, jinwoo, nonon  vs  aiohto, jeanne, sayaka
[ 607/700 ] LOSS   25 turns   ace, gohan, hisoka  vs  squalo, boruto, hinata
[ 608/700 ] LOSS   20 turns   ace, zenitsu, shinoa  vs  rob, sasuke, astolfo
Applying bleed effect! Checking special code
Applying bleed effect! Checking special code
Applying bleed effect! Checking special code
[ 609/700 ] WIN    16 turns   ace, jack, rakko  vs  uraraka, squalo, usopp
Applying bleed effect! Checking special code
[ 610/700 ] WIN    16 turns   ace, saber, ganta  vs  goku, killua, king
[ 611/700 ] WIN    18 turns   ace, blackwargreymon, broly  vs  toji, rakko, machinedramon
[ 612/700 ] LOSS   22 turns   ace, tokoyami, midoriya  vs  bakugo, genos, crona
[ 613/700 ] LOSS   14 turns   ace, tsubaki, kitara  vs  esdeath, halibel, itachi
[ 614/700 ] WIN    15 turns   ace, emiyaarcher, frieren  vs  sukuna, shinoa, shiro
[ 615/700 ] LOSS   14 turns   ace, saitama, nobara  vs  gatomon, asta, saturn
[ 616/700 ] LOSS   14 turns   ace, megumi, toph  vs  asta, todoroki, tokoyami
[ 617/700 ] LOSS   22 turns   ace, kitara, muichiro  vs  byakuya, renamon, megumin
[ 618/700 ] WIN    22 turns   ace, noelle, astolfo  vs  mercury, lizandpatty, byakuya
[ 619/700 ] LOSS   13 turns   ace, jinwoo, gogeta  vs  tokoyami, jupiter, uraraka
[ 620/700 ] WIN    18 turns   ace, allmight, luffy  vs  sasuke, yuno, frieren
Applying bleed effect! Checking special code
Applying bleed effect! Checking special code
[ 621/700 ] LOSS   17 turns   ace, sayaka, king  vs  orihime, mavis, genos
[ 622/700 ] LOSS   13 turns   ace, crona, nimaiya  vs  aiohto, megumin, blackwargreymon
[ 623/700 ] WIN    21 turns   ace, alphamon, king  vs  todoroki, ichigo, gasai
[ 624/700 ] LOSS   36 turns   ace, emiyaarcher, ichigo  vs  blackstar, hawkmon, ryuko
[ 625/700 ] LOSS   13 turns   ace, kaiba, koro  vs  gasai, jupiter, asta
[ 626/700 ] WIN    25 turns   ace, toga, kitara  vs  gogeta, toji, mami
[ 627/700 ] LOSS   22 turns   ace, shinoa, ryuko  vs  ryohei, sheele, hibari
[ 628/700 ] WIN    19 turns   ace, zenitsu, neferpitou  vs  mars, nimaiya, touka
[ 629/700 ] LOSS   12 turns   ace, goku, byakuya  vs  asta, neferpitou, semiramis
[ 630/700 ] LOSS   19 turns   ace, uranus, halibel  vs  emiya, megumin, mash
[ 631/700 ] WIN    28 turns   ace, nagisa, jesse  vs  jack, koro, uzui
Applying bleed effect! Checking special code
Applying bleed effect! Checking special code
Applying bleed effect! Checking special code
Applying bleed effect! Checking special code
Applying bleed effect! Checking special code
Applying bleed effect! Checking special code
Applying bleed effect! Checking special code
Applying bleed effect! Checking special code
Applying bleed effect! Checking special code
Applying bleed effect! Checking special code
[ 632/700 ] WIN    28 turns   ace, king, mami  vs  tsubaki, nagisa, rimuru
[ 633/700 ] WIN    15 turns   ace, machinedramon, naruto  vs  jupiter, maka, tsubasa
[ 634/700 ] WIN    43 turns   ace, tsubaki, emiyaarcher  vs  emiya, kurapika, saturn
[ 635/700 ] LOSS   16 turns   ace, muichiro, kurapika  vs  mikasa, kitara, sukuna
[ 636/700 ] LOSS   16 turns   ace, jeanne, akame  vs  gray, toph, cell
[ 637/700 ] LOSS   25 turns   ace, toudou, frieren  vs  nagisa, yamamoto, hibari
[ 638/700 ] WIN    21 turns   ace, marco, hinata  vs  zenitsu, emiya, lyserg
Applying bleed effect! Checking special code
Applying bleed effect! Checking special code
Applying bleed effect! Checking special code
[ 639/700 ] WIN    22 turns   ace, kaiba, bakugo  vs  levi, ken, yoh
[ 640/700 ] LOSS   16 turns   ace, cooler, kurapika  vs  cell, hisoka, midoriya
[ 641/700 ] WIN    21 turns   ace, mash, squalo  vs  frieren, emiyaarcher, gunha
[ 642/700 ] LOSS   19 turns   ace, tatsumi, mami  vs  blackstar, tokoyami, jinwoo
[ 643/700 ] LOSS   14 turns   ace, maka, hashirama  vs  gojo, ladydevimon, alphonse
[ 644/700 ] LOSS   18 turns   ace, lucy, jeanne  vs  cell, uraraka, renamon
[ 645/700 ] LOSS   25 turns   ace, blackstar, erza  vs  ichigo, sasuke, nel
[ 646/700 ] LOSS   18 turns   ace, saitama, venus  vs  lizandpatty, boruto, rob
[ 647/700 ] LOSS   14 turns   ace, minene, soul  vs  xanxus, hashirama, mercury
[ 648/700 ] WIN    20 turns   ace, hawkmon, toga  vs  jesse, tsuyu, akame
[ 649/700 ] LOSS   22 turns   ace, akame, omnimon  vs  itachi, usopp, nezuko
[ 650/700 ] LOSS   24 turns   ace, gohan, gray  vs  aiohto, boruto, asta
[ 651/700 ] LOSS   41 turns   ace, soul, machinedramon  vs  jesse, adam, koro
[ 652/700 ] WIN    36 turns   ace, saturn, mash  vs  sayaka, satsuki, hibari
[ 653/700 ] LOSS   13 turns   ace, akame, tanjiro  vs  nel, frankenstein, eren
[ 654/700 ] WIN    20 turns   ace, astolfo, tanjiro  vs  kurotsuchi, gilgamesh, allmight
[ 655/700 ] LOSS   10 turns   ace, gray, sakura  vs  kurotsuchi, shinoa, asta
[ 656/700 ] WIN    18 turns   ace, naruto, venus  vs  uzui, seventeen, cooler
[ 657/700 ] WIN    19 turns   ace, levi, jack  vs  gunha, sasuke, gatomon
Applying bleed effect! Checking special code
Applying bleed effect! Checking special code
Applying bleed effect! Checking special code
Applying bleed effect! Checking special code
[ 658/700 ] WIN    24 turns   ace, koro, denji  vs  toudou, saber, akame
[ 659/700 ] LOSS   13 turns   ace, yamamoto, yuji  vs  halibel, bakugo, astolfo
[ 660/700 ] WIN    16 turns   ace, erza, alphamon  vs  arthur, gojo, jaden
[ 661/700 ] WIN    20 turns   ace, aang, noelle  vs  sheele, midoriya, killua
[ 662/700 ] WIN    15 turns   ace, gatomon, chrome  vs  akame, death, maka
[ 663/700 ] WIN    25 turns   ace, nonon, omnimon  vs  shokuhou, mars, tamaki
Applying bleed effect! Checking special code
Applying bleed effect! Checking special code
Applying bleed effect! Checking special code
Applying bleed effect! Checking special code
Applying bleed effect! Checking special code
Applying bleed effect! Checking special code
Applying bleed effect! Checking special code
[ 664/700 ] LOSS   23 turns   ace, semiramis, mash  vs  rimuru, king, gray
[ 665/700 ] LOSS   20 turns   ace, crona, itachi  vs  boruto, edward, tsubaki
[ 666/700 ] LOSS   21 turns   ace, noelle, gojo  vs  eren, mikasa, tatsumi
[ 667/700 ] WIN    30 turns   ace, tokoyami, emiyaarcher  vs  nezuko, kitara, chrome
Applying bleed effect! Checking special code
Applying bleed effect! Checking special code
Applying bleed effect! Checking special code
Applying bleed effect! Checking special code
[ 668/700 ] LOSS   37 turns   ace, yugi, tanjiro  vs  pegasus, ken, ban
[ 669/700 ] LOSS   19 turns   ace, emiyaarcher, jesse  vs  edward, semiramis, itachi
[ 670/700 ] LOSS   20 turns   ace, satsuki, uzui  vs  rimuru, kuroko, frankenstein
[ 671/700 ] LOSS   25 turns   ace, gilgamesh, satsuki  vs  ban, luffy, blackstar
[ 672/700 ] WIN    20 turns   ace, veldora, gray  vs  hinata, shiro, sakura
[ 673/700 ] LOSS   43 turns   ace, nezuko, yubel  vs  kitara, emiya, mash
[ 674/700 ] LOSS   19 turns   ace, marco, adam  vs  hibari, jack, soul
Applying bleed effect! Checking special code
Applying bleed effect! Checking special code
Applying bleed effect! Checking special code
[ 675/700 ] WIN    18 turns   ace, orihime, lucy  vs  kid, rengoku, chrome
[ 676/700 ] LOSS   20 turns   ace, power, kurapika  vs  frankenstein, edward, noelle
[ 677/700 ] LOSS   25 turns   ace, byakuya, jack  vs  toph, tsunayoshi, cooler
[ 678/700 ] WIN    30 turns   ace, gogeta, allmight  vs  saitama, gatomon, death
[ 679/700 ] LOSS   24 turns   ace, gatomon, minene  vs  adam, veldora, lucy
[ 680/700 ] WIN    17 turns   ace, kuroko, ichibe  vs  bakugo, midoriya, yoh
[ 681/700 ] WIN    18 turns   ace, sayaka, mercury  vs  aiohto, denji, sheele
[ 682/700 ] LOSS   17 turns   ace, tatsumi, mami  vs  tsubaki, gohan, gray
[ 683/700 ] WIN    22 turns   ace, hashirama, mine  vs  tokoyami, sasuke, usopp
[ 684/700 ] LOSS   11 turns   ace, cooler, ryuko  vs  broly, mash, tokoyami
[ 685/700 ] LOSS   26 turns   ace, yuji, meliodas  vs  neferpitou, crona, ganta
[ 686/700 ] LOSS   15 turns   ace, mami, aang  vs  alphamon, jack, uraraka
[ 687/700 ] WIN    22 turns   ace, edward, gasai  vs  emiya, gilgamesh, vegeta
Applying bleed effect! Checking special code
[ 688/700 ] WIN    17 turns   ace, jupiter, rob  vs  diane, seventeen, gasai
[ 689/700 ] LOSS   17 turns   ace, yubel, horohoro  vs  myotismon, sasuke, esdeath
Applying bleed effect! Checking special code
[ 690/700 ] WIN    30 turns   ace, nonon, ganta  vs  diane, omnimon, horohoro
Applying bleed effect! Checking special code
[ 691/700 ] WIN    18 turns   ace, denji, jinwoo  vs  tsubaki, vegeta, toga
[ 692/700 ] LOSS   26 turns   ace, ladydevimon, touka  vs  noelle, aang, mash
Applying bleed effect! Checking special code
Applying bleed effect! Checking special code
Applying bleed effect! Checking special code
Applying bleed effect! Checking special code
[ 693/700 ] WIN    20 turns   ace, allmight, nel  vs  crona, inosuke, rob
Applying bleed effect! Checking special code
[ 694/700 ] WIN    21 turns   ace, power, koro  vs  kuroko, akame, touka
Applying bleed effect! Checking special code
Applying bleed effect! Checking special code
[ 695/700 ] LOSS   22 turns   ace, venus, blackstar  vs  cell, power, tsubaki
[ 696/700 ] LOSS   19 turns   ace, korra, mikasa  vs  midoriya, jack, alphamon
[ 697/700 ] LOSS   19 turns   ace, alphonse, gon  vs  myotismon, ladydevimon, mercury
[ 698/700 ] LOSS   31 turns   ace, goku, myotismon  vs  lucy, natsu, megumin
[ 699/700 ] WIN    22 turns   ace, gohan, lyserg  vs  goku, jesse, jupiter
[ 700/700 ] LOSS   20 turns   ace, gohan, levi  vs  touka, cell, halibel
=== TRAINER RUN COMPLETE ===
Matches: 700   W: 302   L: 398   D: 0   Win: 43.1%   (opponent: self)
Policy saved to res://training/checkpoints/focus_ace/w4.json  (generation 5, trained_matches 10700)
