Godot Engine v4.6.2.stable.official.71f334935 - https://godotengine.org

[trainer] seed=61000 matches=700 opponent=self eval=false out=res://training/checkpoints/focus_alphamon/w0.json checkpoint=res://training/checkpoints/focused_current.json
[authored] loaded 1 authored character(s)
[   1/700 ] WIN    18 turns   alphamon, jaden, tsubaki  vs  tsubasa, emiyaarcher, megumin
[   2/700 ] LOSS   27 turns   alphamon, zenitsu, shokuhou  vs  arthur, maka, genos
[   3/700 ] LOSS   18 turns   alphamon, bakugo, gray  vs  blackstar, asta, ladydevimon
[   4/700 ] WIN    15 turns   alphamon, jupiter, tsunayoshi  vs  sayaka, mash, blackstar
Applying bleed effect! Checking special code
Applying bleed effect! Checking special code
Applying bleed effect! Checking special code
[   5/700 ] WIN    16 turns   alphamon, gatomon, ken  vs  jeanne, tsubaki, inuyasha
[   6/700 ] WIN    26 turns   alphamon, venus, xanxus  vs  kurotsuchi, kurapika, rimuru
[   7/700 ] WIN    27 turns   alphamon, aang, rimuru  vs  tatsumi, lyserg, machinedramon
Applying bleed effect! Checking special code
Applying bleed effect! Checking special code
Applying bleed effect! Checking special code
Applying bleed effect! Checking special code
[   8/700 ] LOSS   49 turns   alphamon, cooler, byakuya  vs  nezuko, hinata, diane
[   9/700 ] WIN    14 turns   alphamon, sukuna, natsu  vs  gohan, tamaki, crona
[  10/700 ] WIN    12 turns   alphamon, toji, tamaki  vs  gohan, adam, venus
Yubel's S1 Triggered!
[  11/700 ] WIN    18 turns   alphamon, hinata, yubel  vs  soul, sayaka, orihime
[  12/700 ] WIN    27 turns   alphamon, genos, chrome  vs  kaiba, jinwoo, killua
[  13/700 ] LOSS   14 turns   alphamon, edward, denji  vs  jupiter, levi, tokoyami
[  14/700 ] LOSS   17 turns   alphamon, toga, ryuko  vs  satsuki, mars, tatsumaki
[  15/700 ] LOSS   19 turns   alphamon, cooler, tatsumaki  vs  touka, frankenstein, mash
[  16/700 ] WIN    18 turns   alphamon, cell, hinata  vs  todoroki, gallantmon, kid
[  17/700 ] LOSS   35 turns   alphamon, omnimon, orihime  vs  nobara, uraraka, erza
Applying bleed effect! Checking special code
Applying bleed effect! Checking special code
Applying bleed effect! Checking special code
Applying bleed effect! Checking special code
Applying bleed effect! Checking special code
Applying bleed effect! Checking special code
Applying bleed effect! Checking special code
Applying bleed effect! Checking special code
Applying bleed effect! Checking special code
[  18/700 ] WIN    22 turns   alphamon, nel, venus  vs  king, kaiba, gallantmon
[  19/700 ] WIN    18 turns   alphamon, hinata, squalo  vs  yubel, renamon, xanxus
[  20/700 ] WIN    14 turns   alphamon, frankenstein, neferpitou  vs  gray, lyserg, toph
[  21/700 ] LOSS   23 turns   alphamon, alphonse, zoro  vs  naruto, kitara, nel
[  22/700 ] LOSS   24 turns   alphamon, sayaka, diane  vs  byakuya, broly, tatsumi
[  23/700 ] LOSS   22 turns   alphamon, hibari, uraraka  vs  renamon, midoriya, zenitsu
[  24/700 ] LOSS   29 turns   alphamon, ryuko, genos  vs  jack, nobara, saber
[  25/700 ] LOSS   16 turns   alphamon, ichigo, jack  vs  mine, myotismon, impmon
[  26/700 ] LOSS   32 turns   alphamon, ace, tsunayoshi  vs  kitara, levi, pegasus
[  27/700 ] LOSS   16 turns   alphamon, byakuya, emiyaarcher  vs  kuroko, tamaki, mash
[  28/700 ] LOSS   37 turns   alphamon, mine, rob  vs  toji, luffy, orihime
[  29/700 ] LOSS   18 turns   alphamon, erza, cell  vs  crona, saitama, frankenstein
[  30/700 ] LOSS   22 turns   alphamon, pegasus, shokuhou  vs  tanjiro, shiro, usopp
[  31/700 ] LOSS   33 turns   alphamon, nobara, chrome  vs  byakuya, machinedramon, semiramis
[  32/700 ] LOSS   37 turns   alphamon, chrome, edward  vs  emiyaarcher, jupiter, killua
[  33/700 ] LOSS   23 turns   alphamon, shinra, natsu  vs  ryuko, broly, omnimon
[  34/700 ] LOSS   14 turns   alphamon, jeanne, allmight  vs  jack, bakugo, sukuna
[  35/700 ] WIN    21 turns   alphamon, kurapika, hibari  vs  jeanne, gatomon, blackwargreymon
[  36/700 ] LOSS   13 turns   alphamon, soul, goku  vs  gon, rimuru, toga
[  37/700 ] WIN    16 turns   alphamon, edward, pegasus  vs  aang, naruto, sheele
Applying bleed effect! Checking special code
Applying bleed effect! Checking special code
Applying bleed effect! Checking special code
Applying bleed effect! Checking special code
Applying bleed effect! Checking special code
[  38/700 ] WIN    14 turns   alphamon, killua, uraraka  vs  xanxus, ken, gray
[  39/700 ] WIN    33 turns   alphamon, soul, ichibe  vs  esdeath, ace, rimuru
Applying bleed effect! Checking special code
Applying bleed effect! Checking special code
Applying bleed effect! Checking special code
[  40/700 ] WIN    20 turns   alphamon, rakko, meliodas  vs  allmight, neferpitou, chrome
[  41/700 ] WIN    32 turns   alphamon, inosuke, genos  vs  astolfo, nobara, touka
[  42/700 ] LOSS   21 turns   alphamon, blackwargreymon, nimaiya  vs  broly, gunha, erza
[  43/700 ] LOSS   16 turns   alphamon, mami, kaiba  vs  mercury, gogeta, zenitsu
[  44/700 ] WIN    16 turns   alphamon, frieren, omnimon  vs  hawkmon, allmight, nel
[  45/700 ] WIN    14 turns   alphamon, kurapika, hashirama  vs  nezuko, nonon, jinwoo
Applying bleed effect! Checking special code
Applying bleed effect! Checking special code
Applying bleed effect! Checking special code
Applying bleed effect! Checking special code
Applying bleed effect! Checking special code
[  46/700 ] WIN    24 turns   alphamon, eren, ken  vs  alphonse, hawkmon, meliodas
[  47/700 ] LOSS   28 turns   alphamon, itachi, gunha  vs  gojo, tatsumi, lizandpatty
[  48/700 ] LOSS   19 turns   alphamon, meliodas, jeanne  vs  touka, emiyaarcher, mavis
[  49/700 ] WIN    16 turns   alphamon, tokoyami, sheele  vs  nobara, venus, zoro
[  50/700 ] LOSS   28 turns   alphamon, yoh, chrome  vs  xanxus, mash, yamamoto
[  51/700 ] WIN    14 turns   alphamon, gon, veldora  vs  megumi, sayaka, korra
[  52/700 ] WIN    14 turns   alphamon, lyserg, korra  vs  minene, marco, midoriya
[  53/700 ] WIN    18 turns   alphamon, byakuya, minene  vs  hisoka, myotismon, halibel
[  54/700 ] LOSS   30 turns   alphamon, killua, tatsumaki  vs  mikasa, tsubaki, yugi
[  55/700 ] WIN    14 turns   alphamon, toga, gray  vs  muichiro, denji, gojo
[  56/700 ] WIN    18 turns   alphamon, saitama, yugi  vs  blackwargreymon, tsunayoshi, yamamoto
[  57/700 ] WIN    23 turns   alphamon, ban, nimaiya  vs  byakuya, frieren, kurotsuchi
Applying bleed effect! Checking special code
Applying bleed effect! Checking special code
[  58/700 ] WIN    14 turns   alphamon, mine, kuroko  vs  horohoro, halibel, power
[  59/700 ] LOSS   17 turns   alphamon, kaiba, mami  vs  mavis, ichigo, machinedramon
[  60/700 ] WIN    20 turns   alphamon, gilgamesh, todoroki  vs  misaka, blackstar, lucy
Applying bleed effect! Checking special code
[  61/700 ] WIN    17 turns   alphamon, myotismon, power  vs  mikasa, maka, horohoro
[  62/700 ] WIN    21 turns   alphamon, yamamoto, death  vs  tsuyu, tamaki, kitara
[  63/700 ] WIN    22 turns   alphamon, gilgamesh, gunha  vs  mash, orihime, toudou
[  64/700 ] WIN    26 turns   alphamon, diane, sasuke  vs  mercury, halibel, erza
[  65/700 ] WIN    13 turns   alphamon, chrome, tsubasa  vs  ryuko, korra, tatsumaki
[  66/700 ] WIN    13 turns   alphamon, chrome, ladydevimon  vs  hinata, crona, mercury
[  67/700 ] LOSS   23 turns   alphamon, blackstar, ichigo  vs  xanxus, seventeen, chrome
Applying bleed effect! Checking special code
Applying bleed effect! Checking special code
Applying bleed effect! Checking special code
Applying bleed effect! Checking special code
[  68/700 ] WIN    22 turns   alphamon, jupiter, rakko  vs  orihime, pegasus, halibel
[  69/700 ] WIN    17 turns   alphamon, sukuna, mash  vs  toji, gojo, lyserg
[  70/700 ] WIN    21 turns   alphamon, tanjiro, tamaki  vs  machinedramon, ryuko, uranus
[  71/700 ] WIN    20 turns   alphamon, touka, cell  vs  jeanne, ichibe, nonon
[  72/700 ] WIN    18 turns   alphamon, frieren, inosuke  vs  nagisa, hibari, toudou
[  73/700 ] WIN    15 turns   alphamon, saber, seventeen  vs  death, muichiro, chrome
[  74/700 ] WIN    30 turns   alphamon, zenitsu, hawkmon  vs  tsubaki, gogeta, aiohto
[  75/700 ] WIN    27 turns   alphamon, mine, sukuna  vs  horohoro, tanjiro, orihime
[  76/700 ] WIN    19 turns   alphamon, ace, sheele  vs  gunha, tamaki, omnimon
[  77/700 ] LOSS   23 turns   alphamon, zenitsu, horohoro  vs  gon, sheele, sakura
[  78/700 ] LOSS   26 turns   alphamon, orihime, ryuko  vs  tamaki, gasai, jesse
[  79/700 ] WIN    31 turns   alphamon, ban, tokoyami  vs  pegasus, adam, rimuru
[  80/700 ] WIN    19 turns   alphamon, midoriya, ace  vs  gasai, tatsumaki, tokoyami
[  81/700 ] LOSS   21 turns   alphamon, lizandpatty, power  vs  gojo, ryohei, vegeta
[  82/700 ] WIN    14 turns   alphamon, mercury, omnimon  vs  gilgamesh, tsunayoshi, shinra
Applying bleed effect! Checking special code
Applying bleed effect! Checking special code
Applying bleed effect! Checking special code
Applying bleed effect! Checking special code
Applying bleed effect! Checking special code
Applying bleed effect! Checking special code
Applying bleed effect! Checking special code
Applying bleed effect! Checking special code
Applying bleed effect! Checking special code
[  83/700 ] LOSS   19 turns   alphamon, nobara, gojo  vs  ken, tsuyu, jaden
[  84/700 ] LOSS   14 turns   alphamon, kuroko, aang  vs  genos, ganta, sukuna
[  85/700 ] WIN    14 turns   alphamon, tatsumi, frankenstein  vs  usopp, levi, sayaka
[  86/700 ] WIN    13 turns   alphamon, jinwoo, lizandpatty  vs  adam, diane, misaka
[  87/700 ] LOSS   32 turns   alphamon, shokuhou, diane  vs  horohoro, gatomon, satsuki
[  88/700 ] WIN    16 turns   alphamon, nezuko, megumin  vs  ladydevimon, vegeta, ichigo
Applying bleed effect! Checking special code
Applying bleed effect! Checking special code
Applying bleed effect! Checking special code
Applying bleed effect! Checking special code
Applying bleed effect! Checking special code
[  89/700 ] WIN    23 turns   alphamon, nel, nagisa  vs  rakko, soul, gogeta
[  90/700 ] WIN    23 turns   alphamon, gunha, nobara  vs  gray, satsuki, akame
[  91/700 ] LOSS   27 turns   alphamon, inuyasha, jeanne  vs  esdeath, mami, shinoa
[  92/700 ] LOSS   36 turns   alphamon, mine, xanxus  vs  nagisa, yamamoto, byakuya
[  93/700 ] WIN    21 turns   alphamon, gasai, korra  vs  levi, yuji, arthur
[  94/700 ] WIN    14 turns   alphamon, toph, yoh  vs  blackwargreymon, mami, aang
[  95/700 ] WIN    15 turns   alphamon, uzui, jack  vs  shinoa, blackwargreymon, gogeta
Applying bleed effect! Checking special code
[  96/700 ] LOSS   24 turns   alphamon, arthur, naruto  vs  neferpitou, inosuke, soul
[  97/700 ] LOSS   27 turns   alphamon, mars, lyserg  vs  astolfo, shinoa, shokuhou
Applying bleed effect! Checking special code
[  98/700 ] WIN    15 turns   alphamon, gray, jinwoo  vs  denji, astolfo, muichiro
[  99/700 ] WIN    14 turns   alphamon, nagisa, yuji  vs  gilgamesh, maka, lyserg
Applying bleed effect! Checking special code
Applying bleed effect! Checking special code
Applying bleed effect! Checking special code
Applying bleed effect! Checking special code
[ 100/700 ] LOSS   20 turns   alphamon, nobara, zenitsu  vs  king, mash, squalo
[ 101/700 ] WIN    22 turns   alphamon, nonon, jinwoo  vs  yamamoto, yuno, minene
[ 102/700 ] WIN    33 turns   alphamon, yamamoto, yoh  vs  ryuko, halibel, venus
Applying bleed effect! Checking special code
[ 103/700 ] WIN    24 turns   alphamon, emiyaarcher, gilgamesh  vs  inosuke, uranus, tsuyu
[ 104/700 ] LOSS   52 turns   alphamon, renamon, gon  vs  ryohei, mercury, jaden
Applying bleed effect! Checking special code
[ 105/700 ] WIN    17 turns   alphamon, natsu, jeanne  vs  denji, jesse, machinedramon
[ 106/700 ] WIN    14 turns   alphamon, gallantmon, nobara  vs  toga, renamon, korra
[ 107/700 ] WIN    19 turns   alphamon, denji, levi  vs  allmight, gon, bakugo
[ 108/700 ] WIN    18 turns   alphamon, blackstar, megumi  vs  yoh, tsubasa, nobara
[ 109/700 ] WIN    14 turns   alphamon, horohoro, seventeen  vs  arthur, shinra, emiya
[ 110/700 ] WIN    22 turns   alphamon, vegeta, inosuke  vs  veldora, astolfo, naruto
[ 111/700 ] WIN    17 turns   alphamon, semiramis, megumi  vs  blackwargreymon, tsubasa, bakugo
[ 112/700 ] WIN    19 turns   alphamon, jinwoo, sayaka  vs  kurotsuchi, ichibe, myotismon
[ 113/700 ] LOSS   22 turns   alphamon, inuyasha, rengoku  vs  mikasa, gray, noelle
Applying bleed effect! Checking special code
[ 114/700 ] WIN    25 turns   alphamon, denji, mercury  vs  kaiba, toph, tatsumi
[ 115/700 ] WIN    12 turns   alphamon, omnimon, sasuke  vs  gatomon, crona, hawkmon
[ 116/700 ] LOSS   29 turns   alphamon, horohoro, sayaka  vs  uraraka, noelle, tatsumi
[ 117/700 ] WIN    17 turns   alphamon, yamamoto, gilgamesh  vs  ichigo, kaiba, boruto
[ 118/700 ] WIN    20 turns   alphamon, omnimon, natsu  vs  tatsumaki, tsubasa, nonon
[ 119/700 ] LOSS   20 turns   alphamon, orihime, yoh  vs  mash, rimuru, hibari
[ 120/700 ] WIN    14 turns   alphamon, touka, emiyaarcher  vs  sukuna, gilgamesh, mami
[ 121/700 ] WIN    14 turns   alphamon, kurapika, shiro  vs  zenitsu, megumin, shokuhou
[ 122/700 ] WIN    14 turns   alphamon, usopp, omnimon  vs  ganta, cooler, vegeta
[ 123/700 ] WIN    18 turns   alphamon, nezuko, crona  vs  sasuke, mami, sukuna
[ 124/700 ] WIN    12 turns   alphamon, yamamoto, tsubaki  vs  asta, bakugo, megumin
[ 125/700 ] WIN    16 turns   alphamon, veldora, rimuru  vs  yoh, hisoka, korra
[ 126/700 ] WIN    20 turns   alphamon, megumi, uzui  vs  inuyasha, uranus, semiramis
[ 127/700 ] WIN    13 turns   alphamon, gogeta, saturn  vs  ganta, mercury, saber
Applying bleed effect! Checking special code
Applying bleed effect! Checking special code
[ 128/700 ] WIN    19 turns   alphamon, kurapika, inosuke  vs  kaiba, rengoku, jack
[ 129/700 ] LOSS   18 turns   alphamon, meliodas, eren  vs  goku, astolfo, satsuki
Applying bleed effect! Checking special code
Applying bleed effect! Checking special code
Applying bleed effect! Checking special code
Applying bleed effect! Checking special code
Applying bleed effect! Checking special code
[ 130/700 ] WIN    32 turns   alphamon, neferpitou, killua  vs  denji, hinata, gojo
Applying bleed effect! Checking special code
Applying bleed effect! Checking special code
[ 131/700 ] WIN    25 turns   alphamon, halibel, todoroki  vs  king, ryohei, rimuru
[ 132/700 ] WIN    24 turns   alphamon, genos, ryohei  vs  allmight, uzui, ryuko
[ 133/700 ] WIN    12 turns   alphamon, saber, touka  vs  ichigo, luffy, midoriya
Applying bleed effect! Checking special code
[ 134/700 ] LOSS   20 turns   alphamon, king, asta  vs  sayaka, emiyaarcher, natsu
Applying bleed effect! Checking special code
Applying bleed effect! Checking special code
[ 135/700 ] WIN    19 turns   alphamon, ryuko, rakko  vs  zoro, jack, shokuhou
Applying bleed effect! Checking special code
[ 136/700 ] LOSS   21 turns   alphamon, denji, kurapika  vs  gilgamesh, koro, chrome
[ 137/700 ] LOSS   19 turns   alphamon, rengoku, nezuko  vs  cooler, gray, jaden
[ 138/700 ] LOSS   14 turns   alphamon, erza, renamon  vs  jack, inuyasha, seventeen
[ 139/700 ] WIN    15 turns   alphamon, blackwargreymon, diane  vs  crona, hinata, usopp
[ 140/700 ] WIN    19 turns   alphamon, kurapika, mami  vs  asta, sheele, orihime
[ 141/700 ] WIN    19 turns   alphamon, satsuki, crona  vs  vegeta, lucy, yamamoto
[ 142/700 ] WIN    25 turns   alphamon, gasai, gatomon  vs  arthur, machinedramon, goku
[ 143/700 ] LOSS   16 turns   alphamon, saber, myotismon  vs  tatsumi, sayaka, meliodas
[ 144/700 ] LOSS   20 turns   alphamon, koro, hibari  vs  sakura, mine, hinata
[ 145/700 ] LOSS   22 turns   alphamon, touka, jinwoo  vs  maka, blackstar, sheele
[ 146/700 ] WIN    12 turns   alphamon, jaden, kaiba  vs  goku, toga, zoro
[ 147/700 ] WIN    11 turns   alphamon, gray, power  vs  rob, misaka, shokuhou
[ 148/700 ] LOSS   21 turns   alphamon, kurapika, noelle  vs  saber, esdeath, natsu
[ 149/700 ] WIN    16 turns   alphamon, nobara, bakugo  vs  shokuhou, ichibe, jinwoo
[ 150/700 ] WIN    23 turns   alphamon, bakugo, chrome  vs  yuno, mine, veldora
Applying bleed effect! Checking special code
[ 151/700 ] WIN    22 turns   alphamon, power, levi  vs  jesse, kaiba, seventeen
[ 152/700 ] WIN    20 turns   alphamon, lucy, uzui  vs  ichigo, toudou, uraraka
[ 153/700 ] LOSS   15 turns   alphamon, blackwargreymon, gogeta  vs  venus, inuyasha, ace
Applying bleed effect! Checking special code
Applying bleed effect! Checking special code
[ 154/700 ] WIN    27 turns   alphamon, nel, hisoka  vs  rakko, meliodas, tsubaki
[ 155/700 ] LOSS   18 turns   alphamon, sasuke, ganta  vs  mash, kurapika, rob
[ 156/700 ] LOSS   18 turns   alphamon, cooler, muichiro  vs  venus, zenitsu, lucy
[ 157/700 ] WIN    17 turns   alphamon, kurotsuchi, nagisa  vs  yuji, sheele, shiro
[ 158/700 ] WIN    30 turns   alphamon, emiya, tatsumaki  vs  tsubasa, shiro, mami
[ 159/700 ] WIN    18 turns   alphamon, usopp, aiohto  vs  luffy, ganta, gallantmon
[ 160/700 ] LOSS   16 turns   alphamon, tsunayoshi, diane  vs  noelle, lizandpatty, venus
[ 161/700 ] WIN    28 turns   alphamon, hashirama, tatsumi  vs  shinra, tsubasa, megumi
[ 162/700 ] WIN    16 turns   alphamon, uzui, gatomon  vs  natsu, asta, hinata
[ 163/700 ] WIN    12 turns   alphamon, edward, ladydevimon  vs  gatomon, megumi, veldora
[ 164/700 ] WIN    11 turns   alphamon, ace, aiohto  vs  ban, kurapika, alphonse
