Godot Engine v4.6.2.stable.official.71f334935 - https://godotengine.org

[trainer] seed=77388 matches=300 opponent=policy:res://training/checkpoints/focused_current.json eval=true out=res://training/checkpoints/work.json checkpoint=res://training/checkpoints/focus_allmight/merged.json
[authored] loaded 1 authored character(s)
[   1/300 ] LOSS   18 turns   allmight, frieren, kurapika  vs  nel, hashirama, tatsumi
[   2/300 ] LOSS   14 turns   allmight, mikasa, mine  vs  marco, xanxus, mercury
Applying bleed effect! Checking special code
[   3/300 ] WIN    28 turns   allmight, itachi, power  vs  ichibe, yoh, mash
Applying bleed effect! Checking special code
Applying bleed effect! Checking special code
Applying bleed effect! Checking special code
Applying bleed effect! Checking special code
Applying bleed effect! Checking special code
Applying bleed effect! Checking special code
Applying bleed effect! Checking special code
Applying bleed effect! Checking special code
Applying bleed effect! Checking special code
[   4/300 ] WIN    28 turns   allmight, maka, ken  vs  zoro, gunha, sakura
[   5/300 ] WIN    67 turns   allmight, touka, omnimon  vs  toudou, tsuyu, kid
[   6/300 ] WIN    33 turns   allmight, tamaki, kurapika  vs  lyserg, yamamoto, korra
[   7/300 ] LOSS   12 turns   allmight, jeanne, goku  vs  yuji, asta, eren
[   8/300 ] WIN    22 turns   allmight, sheele, killua  vs  adam, diane, akame
Applying bleed effect! Checking special code
[   9/300 ] LOSS   14 turns   allmight, natsu, frieren  vs  nezuko, power, alphamon
[  10/300 ] WIN    14 turns   allmight, luffy, erza  vs  ichigo, adam, kurotsuchi
[  11/300 ] LOSS   27 turns   allmight, mars, zoro  vs  broly, saitama, nel
[  12/300 ] WIN    16 turns   allmight, megumin, neferpitou  vs  touka, gatomon, midoriya
[  13/300 ] LOSS   15 turns   allmight, megumin, nimaiya  vs  genos, saturn, orihime
[  14/300 ] WIN    26 turns   allmight, jeanne, natsu  vs  luffy, midoriya, byakuya
[  15/300 ] LOSS   25 turns   allmight, alphamon, blackwargreymon  vs  jaden, ladydevimon, chrome
[  16/300 ] LOSS   47 turns   allmight, shokuhou, nobara  vs  minene, tsubaki, aang
[  17/300 ] LOSS   17 turns   allmight, gogeta, shinoa  vs  renamon, blackstar, tokoyami
[  18/300 ] LOSS   16 turns   allmight, omnimon, lizandpatty  vs  tamaki, renamon, gunha
[  19/300 ] LOSS   16 turns   allmight, gray, edward  vs  touka, kuroko, adam
[  20/300 ] LOSS   11 turns   allmight, machinedramon, venus  vs  nel, mars, hinata
[  21/300 ] LOSS   16 turns   allmight, impmon, jinwoo  vs  gasai, halibel, aang
[  22/300 ] WIN    24 turns   allmight, saitama, yugi  vs  jesse, impmon, jinwoo
[  23/300 ] LOSS   22 turns   allmight, jinwoo, uraraka  vs  itachi, pegasus, neferpitou
[  24/300 ] WIN    23 turns   allmight, misaka, toudou  vs  megumin, uranus, kaiba
[  25/300 ] LOSS   80 turns   allmight, orihime, tsuyu  vs  toudou, uranus, broly
[  26/300 ] WIN    20 turns   allmight, yugi, yuji  vs  usopp, hashirama, horohoro
[  27/300 ] WIN    24 turns   allmight, adam, uzui  vs  hisoka, gilgamesh, ryohei
[  28/300 ] WIN    20 turns   allmight, neferpitou, shiro  vs  yubel, itachi, esdeath
[  29/300 ] LOSS   15 turns   allmight, minene, kaiba  vs  tokoyami, sukuna, ganta
[  30/300 ] LOSS   30 turns   allmight, nagisa, denji  vs  zoro, venus, esdeath
[  31/300 ] LOSS   15 turns   allmight, jupiter, yuji  vs  cell, gohan, sakura
[  32/300 ] LOSS   20 turns   allmight, boruto, gatomon  vs  mikasa, xanxus, kid
Yubel's S1 Triggered!
[  33/300 ] WIN    11 turns   allmight, gilgamesh, jack  vs  yubel, ganta, shinoa
Applying bleed effect! Checking special code
Applying bleed effect! Checking special code
[  34/300 ] LOSS   26 turns   allmight, shinra, kuroko  vs  ken, myotismon, astolfo
Applying bleed effect! Checking special code
[  35/300 ] WIN    20 turns   allmight, mash, yubel  vs  denji, cell, rimuru
[  36/300 ] LOSS   14 turns   allmight, impmon, killua  vs  chrome, hawkmon, alphamon
[  37/300 ] LOSS   18 turns   allmight, kuroko, power  vs  ryohei, jack, gasai
[  38/300 ] LOSS   21 turns   allmight, omnimon, zoro  vs  chrome, mine, jupiter
Applying bleed effect! Checking special code
Applying bleed effect! Checking special code
[  39/300 ] LOSS   18 turns   allmight, uzui, shiro  vs  neferpitou, alphonse, inosuke
Applying bleed effect! Checking special code
Applying bleed effect! Checking special code
[  40/300 ] LOSS   21 turns   allmight, tokoyami, midoriya  vs  mine, king, death
[  41/300 ] LOSS   20 turns   allmight, noelle, xanxus  vs  alphonse, venus, ladydevimon
[  42/300 ] LOSS   22 turns   allmight, xanxus, emiya  vs  death, kid, rimuru
[  43/300 ] LOSS   28 turns   allmight, tatsumaki, ladydevimon  vs  saitama, megumi, tatsumi
[  44/300 ] LOSS   17 turns   allmight, nobara, shinoa  vs  emiyaarcher, mavis, nonon
Applying bleed effect! Checking special code
Applying bleed effect! Checking special code
Applying bleed effect! Checking special code
Applying bleed effect! Checking special code
Applying bleed effect! Checking special code
Applying bleed effect! Checking special code
[  45/300 ] LOSS   22 turns   allmight, noelle, emiya  vs  king, yamamoto, uranus
[  46/300 ] LOSS   16 turns   allmight, renamon, sasuke  vs  aiohto, megumin, asta
[  47/300 ] LOSS   69 turns   allmight, sasuke, orihime  vs  hinata, luffy, nobara
Applying bleed effect! Checking special code
Applying bleed effect! Checking special code
Applying bleed effect! Checking special code
Applying bleed effect! Checking special code
[  48/300 ] LOSS   19 turns   allmight, semiramis, jack  vs  kitara, madoka, ken
[  49/300 ] LOSS   19 turns   allmight, natsu, koro  vs  mine, astolfo, jack
[  50/300 ] LOSS   16 turns   allmight, jack, megumin  vs  marco, gogeta, usopp
[  51/300 ] WIN    11 turns   allmight, broly, esdeath  vs  diane, hawkmon, korra
[  52/300 ] WIN    23 turns   allmight, levi, yubel  vs  gohan, ryuko, yoh
[  53/300 ] LOSS   24 turns   allmight, seventeen, yoh  vs  jupiter, squalo, tanjiro
[  54/300 ] LOSS   26 turns   allmight, levi, hibari  vs  nonon, itachi, gallantmon
[  55/300 ] WIN    29 turns   allmight, satsuki, tsubasa  vs  myotismon, toudou, esdeath
Applying bleed effect! Checking special code
Applying bleed effect! Checking special code
[  56/300 ] WIN    21 turns   allmight, hashirama, cell  vs  power, yuno, nonon
[  57/300 ] WIN    24 turns   allmight, uzui, blackstar  vs  soul, saturn, renamon
Applying bleed effect! Checking special code
Applying bleed effect! Checking special code
[  58/300 ] LOSS   14 turns   allmight, sayaka, inosuke  vs  tamaki, tatsumaki, boruto
[  59/300 ] LOSS   20 turns   allmight, rob, chrome  vs  ryohei, killua, tsubasa
Applying bleed effect! Checking special code
Applying bleed effect! Checking special code
Applying bleed effect! Checking special code
Applying bleed effect! Checking special code
Applying bleed effect! Checking special code
[  60/300 ] LOSS   31 turns   allmight, uranus, power  vs  astolfo, alphonse, lizandpatty
[  61/300 ] LOSS   19 turns   allmight, saitama, asta  vs  aang, xanxus, jinwoo
[  62/300 ] LOSS   53 turns   allmight, mikasa, gilgamesh  vs  crona, nel, yoh
[  63/300 ] LOSS   15 turns   allmight, yugi, ryuko  vs  tanjiro, hinata, tamaki
[  64/300 ] LOSS   17 turns   allmight, mercury, misaka  vs  horohoro, aang, frankenstein
Applying bleed effect! Checking special code
Applying bleed effect! Checking special code
Applying bleed effect! Checking special code
[  65/300 ] WIN    18 turns   allmight, sheele, uraraka  vs  rakko, muichiro, saber
Applying bleed effect! Checking special code
Applying bleed effect! Checking special code
Applying bleed effect! Checking special code
[  66/300 ] LOSS   13 turns   allmight, rakko, jeanne  vs  shinoa, nonon, chrome
[  67/300 ] WIN    26 turns   allmight, mine, nel  vs  arthur, sheele, gogeta
Applying bleed effect! Checking special code
Applying bleed effect! Checking special code
Applying bleed effect! Checking special code
Applying bleed effect! Checking special code
Applying bleed effect! Checking special code
[  68/300 ] WIN    17 turns   allmight, kitara, renamon  vs  ken, misaka, inosuke
[  69/300 ] LOSS   20 turns   allmight, frieren, myotismon  vs  misaka, gojo, megumi
Yubel's S1 Triggered!
Yubel's S1 Triggered!
[  70/300 ] DRAW  500 turns   allmight, yubel, jupiter  vs  jesse, gasai, edward
[  71/300 ] WIN    41 turns   allmight, nezuko, tokoyami  vs  pegasus, emiya, nonon
[  72/300 ] LOSS   20 turns   allmight, zoro, broly  vs  neferpitou, jaden, aiohto
[  73/300 ] LOSS   21 turns   allmight, shiro, death  vs  nezuko, gilgamesh, satsuki
[  74/300 ] WIN    15 turns   allmight, gallantmon, gatomon  vs  uzui, usopp, lucy
[  75/300 ] LOSS   15 turns   allmight, tatsumaki, madoka  vs  seventeen, hisoka, sheele
[  76/300 ] LOSS   31 turns   allmight, gallantmon, edward  vs  blackwargreymon, gray, death
[  77/300 ] LOSS   15 turns   allmight, gohan, kurotsuchi  vs  gray, kaiba, midoriya
Applying bleed effect! Checking special code
Applying bleed effect! Checking special code
Applying bleed effect! Checking special code
Applying bleed effect! Checking special code
[  78/300 ] LOSS   39 turns   allmight, broly, zoro  vs  gilgamesh, diane, toudou
[  79/300 ] LOSS   27 turns   allmight, mars, hawkmon  vs  sheele, kitara, marco
[  80/300 ] LOSS   11 turns   allmight, madoka, asta  vs  gallantmon, touka, sayaka
[  81/300 ] WIN    15 turns   allmight, gohan, goku  vs  death, orihime, saturn
Applying bleed effect! Checking special code
[  82/300 ] LOSS   25 turns   allmight, asta, kuroko  vs  saitama, power, nagisa
[  83/300 ] WIN    14 turns   allmight, shinra, ichibe  vs  kid, saber, sasuke
[  84/300 ] LOSS   18 turns   allmight, pegasus, megumi  vs  ryuko, frankenstein, emiya
[  85/300 ] LOSS   10 turns   allmight, lucy, inosuke  vs  sakura, jupiter, ryohei
Applying bleed effect! Checking special code
Applying bleed effect! Checking special code
Applying bleed effect! Checking special code
[  86/300 ] LOSS   17 turns   allmight, hibari, byakuya  vs  power, rakko, ryuko
[  87/300 ] WIN    25 turns   allmight, alphamon, shinoa  vs  natsu, itachi, gasai
[  88/300 ] LOSS   16 turns   allmight, ban, hibari  vs  frieren, rimuru, tsubaki
[  89/300 ] WIN    20 turns   allmight, ryuko, sukuna  vs  sheele, omnimon, nagisa
[  90/300 ] WIN   321 turns   allmight, ban, jaden  vs  mars, omnimon, uzui
[  91/300 ] LOSS   11 turns   allmight, adam, kitara  vs  tanjiro, frieren, blackstar
[  92/300 ] LOSS   18 turns   allmight, naruto, myotismon  vs  ichigo, sasuke, rimuru
[  93/300 ] WIN    16 turns   allmight, touka, yuji  vs  alphonse, mars, tokoyami
[  94/300 ] WIN    26 turns   allmight, killua, jesse  vs  tatsumi, ryuko, toga
[  95/300 ] WIN    24 turns   allmight, astolfo, edward  vs  ban, diane, soul
[  96/300 ] WIN    13 turns   allmight, gatomon, mine  vs  akame, blackwargreymon, genos
[  97/300 ] LOSS   19 turns   allmight, vegeta, yugi  vs  minene, esdeath, zenitsu
Yubel's S1 Triggered!
Yubel's S1 Triggered!
[  98/300 ] LOSS   23 turns   allmight, kaiba, hinata  vs  yubel, gogeta, myotismon
[  99/300 ] LOSS   18 turns   allmight, maka, yugi  vs  hawkmon, bakugo, neferpitou
[ 100/300 ] LOSS   22 turns   allmight, nobara, gallantmon  vs  jesse, zenitsu, lizandpatty
[ 101/300 ] LOSS   20 turns   allmight, zoro, machinedramon  vs  gatomon, yuno, hinata
[ 102/300 ] LOSS   18 turns   allmight, erza, astolfo  vs  yoh, lucy, zenitsu
Applying bleed effect! Checking special code
Applying bleed effect! Checking special code
Applying bleed effect! Checking special code
Applying bleed effect! Checking special code
Applying bleed effect! Checking special code
Applying bleed effect! Checking special code
Applying bleed effect! Checking special code
Applying bleed effect! Checking special code
[ 103/300 ] WIN    18 turns   allmight, meliodas, rakko  vs  hinata, veldora, sakura
[ 104/300 ] LOSS   24 turns   allmight, meliodas, halibel  vs  sasuke, minene, hawkmon
[ 105/300 ] LOSS   28 turns   allmight, shinoa, rimuru  vs  vegeta, cooler, korra
Applying bleed effect! Checking special code
Applying bleed effect! Checking special code
Applying bleed effect! Checking special code
Applying bleed effect! Checking special code
[ 106/300 ] LOSS   22 turns   allmight, ryohei, inosuke  vs  saturn, soul, itachi
[ 107/300 ] WIN    20 turns   allmight, korra, ryuko  vs  megumin, koro, ace
[ 108/300 ] LOSS   13 turns   allmight, megumi, ryuko  vs  killua, kurapika, sakura
[ 109/300 ] LOSS   16 turns   allmight, tsuyu, muichiro  vs  luffy, death, misaka
Applying bleed effect! Checking special code
[ 110/300 ] WIN    30 turns   allmight, alphonse, mavis  vs  eren, mine, diane
[ 111/300 ] LOSS   32 turns   allmight, ichigo, mavis  vs  ban, hinata, megumin
[ 112/300 ] WIN    24 turns   allmight, jinwoo, ichibe  vs  ryuko, misaka, ace
Applying bleed effect! Checking special code
Applying bleed effect! Checking special code
[ 113/300 ] LOSS   16 turns   allmight, kurotsuchi, todoroki  vs  king, hisoka, nimaiya
[ 114/300 ] LOSS   21 turns   allmight, tokoyami, blackstar  vs  megumi, madoka, tsubasa
[ 115/300 ] WIN    19 turns   allmight, toji, cooler  vs  touka, noelle, maka
[ 116/300 ] LOSS   16 turns   allmight, korra, lyserg  vs  mash, death, muichiro
[ 117/300 ] LOSS   19 turns   allmight, midoriya, tamaki  vs  mars, horohoro, mine
Applying bleed effect! Checking special code
[ 118/300 ] LOSS   30 turns   allmight, diane, toji  vs  asta, kid, frankenstein
Applying bleed effect! Checking special code
Applying bleed effect! Checking special code
[ 119/300 ] WIN    31 turns   allmight, horohoro, toji  vs  gallantmon, rengoku, uranus
[ 120/300 ] LOSS   22 turns   allmight, sasuke, midoriya  vs  cell, toudou, mercury
[ 121/300 ] LOSS   25 turns   allmight, ichibe, jinwoo  vs  nezuko, aang, crona
[ 122/300 ] LOSS   19 turns   allmight, ryohei, blackwargreymon  vs  aang, alphamon, inuyasha
[ 123/300 ] LOSS   14 turns   allmight, hisoka, tatsumi  vs  toudou, shinra, misaka
[ 124/300 ] WIN    16 turns   allmight, hawkmon, meliodas  vs  machinedramon, jesse, renamon
[ 125/300 ] LOSS   21 turns   allmight, maka, cell  vs  sakura, levi, frankenstein
Applying bleed effect! Checking special code
Applying bleed effect! Checking special code
[ 126/300 ] WIN    15 turns   allmight, saturn, asta  vs  cooler, megumin, rengoku
[ 127/300 ] WIN    14 turns   allmight, luffy, misaka  vs  gilgamesh, machinedramon, ace
[ 128/300 ] LOSS   11 turns   allmight, tatsumi, lucy  vs  madoka, aiohto, pegasus
[ 129/300 ] LOSS   21 turns   allmight, koro, arthur  vs  omnimon, hisoka, ryohei
[ 130/300 ] LOSS   24 turns   allmight, nel, lucy  vs  ban, usopp, misaka
Applying bleed effect! Checking special code
Applying bleed effect! Checking special code
[ 131/300 ] LOSS   25 turns   allmight, sakura, yoh  vs  diane, blackstar, chrome
[ 132/300 ] WIN    18 turns   allmight, nonon, nel  vs  shinra, levi, yuno
[ 133/300 ] WIN    30 turns   allmight, ladydevimon, marco  vs  jesse, pegasus, mars
[ 134/300 ] LOSS   18 turns   allmight, naruto, erza  vs  lucy, touka, rob
[ 135/300 ] WIN    34 turns   allmight, ichigo, tatsumi  vs  jeanne, arthur, itachi
[ 136/300 ] LOSS   25 turns   allmight, edward, eren  vs  gray, nezuko, hibari
[ 137/300 ] LOSS   16 turns   allmight, yoh, jesse  vs  lucy, shinra, marco
[ 138/300 ] WIN    14 turns   allmight, shinra, naruto  vs  xanxus, kuroko, mine
[ 139/300 ] WIN    16 turns   allmight, itachi, vegeta  vs  gatomon, gray, edward
[ 140/300 ] WIN    27 turns   allmight, ladydevimon, hashirama  vs  tatsumi, goku, natsu
[ 141/300 ] LOSS   17 turns   allmight, mami, tamaki  vs  tokoyami, rob, alphamon
[ 142/300 ] LOSS   16 turns   allmight, tsubasa, yugi  vs  broly, tatsumaki, shinra
[ 143/300 ] WIN    33 turns   allmight, vegeta, yugi  vs  todoroki, kurapika, semiramis
[ 144/300 ] WIN    22 turns   allmight, nel, lucy  vs  bakugo, byakuya, kitara
[ 145/300 ] LOSS   19 turns   allmight, yoh, sheele  vs  alphamon, bakugo, kurapika
[ 146/300 ] LOSS   15 turns   allmight, mami, akame  vs  sayaka, shokuhou, astolfo
[ 147/300 ] LOSS   13 turns   allmight, gohan, venus  vs  natsu, gon, soul
[ 148/300 ] LOSS   60 turns   allmight, pegasus, meliodas  vs  saitama, ace, akame
[ 149/300 ] WIN    19 turns   allmight, mercury, naruto  vs  edward, levi, kuroko
[ 150/300 ] LOSS   21 turns   allmight, tatsumaki, inosuke  vs  satsuki, gogeta, tanjiro
[ 151/300 ] LOSS   27 turns   allmight, semiramis, mash  vs  noelle, yuji, soul
[ 152/300 ] LOSS   16 turns   allmight, tanjiro, tsubasa  vs  killua, toudou, erza
[ 153/300 ] LOSS   16 turns   allmight, gilgamesh, yugi  vs  neferpitou, soul, itachi
[ 154/300 ] WIN    12 turns   allmight, soul, broly  vs  koro, gatomon, machinedramon
[ 155/300 ] WIN    28 turns   allmight, cell, frieren  vs  horohoro, kid, tatsumaki
[ 156/300 ] LOSS   28 turns   allmight, orihime, broly  vs  megumin, jesse, kurapika
[ 157/300 ] LOSS   16 turns   allmight, noelle, toph  vs  touka, death, hashirama
[ 158/300 ] WIN    26 turns   allmight, squalo, aiohto  vs  blackwargreymon, rimuru, toph
[ 159/300 ] LOSS   15 turns   allmight, kurotsuchi, broly  vs  erza, sukuna, jaden
Applying bleed effect! Checking special code
[ 160/300 ] LOSS   17 turns   allmight, king, noelle  vs  luffy, ganta, ban
[ 161/300 ] WIN    21 turns   allmight, gray, touka  vs  veldora, natsu, king
[ 162/300 ] WIN    27 turns   allmight, natsu, nel  vs  ichibe, jeanne, genos
[ 163/300 ] WIN    16 turns   allmight, uzui, cell  vs  genos, yubel, kid
Applying bleed effect! Checking special code
[ 164/300 ] WIN    23 turns   allmight, toji, chrome  vs  machinedramon, kurotsuchi, denji
[ 165/300 ] LOSS   24 turns   allmight, tamaki, ichigo  vs  kitara, mami, hawkmon
[ 166/300 ] WIN    39 turns   allmight, naruto, itachi  vs  byakuya, touka, frieren
[ 167/300 ] WIN    35 turns   allmight, rimuru, crona  vs  nezuko, lizandpatty, orihime
[ 168/300 ] LOSS   23 turns   allmight, frankenstein, tamaki  vs  gon, broly, jupiter
[ 169/300 ] LOSS   15 turns   allmight, todoroki, mercury  vs  toga, frankenstein, gogeta
[ 170/300 ] LOSS   16 turns   allmight, saber, crona  vs  genos, impmon, lyserg
[ 171/300 ] LOSS   15 turns   allmight, xanxus, ganta  vs  myotismon, eren, bakugo
[ 172/300 ] WIN    30 turns   allmight, toudou, sheele  vs  gallantmon, hawkmon, korra
[ 173/300 ] LOSS   24 turns   allmight, asta, pegasus  vs  hashirama, ichibe, gogeta
[ 174/300 ] LOSS   29 turns   allmight, goku, mars  vs  rimuru, nezuko, hisoka
[ 175/300 ] WIN    21 turns   allmight, gallantmon, venus  vs  astolfo, natsu, usopp
[ 176/300 ] LOSS   17 turns   allmight, gon, madoka  vs  gojo, halibel, noelle
Applying bleed effect! Checking special code
Applying bleed effect! Checking special code
[ 177/300 ] LOSS   43 turns   allmight, pegasus, emiyaarcher  vs  goku, myotismon, diane
Applying bleed effect! Checking special code
Applying bleed effect! Checking special code
Applying bleed effect! Checking special code
Applying bleed effect! Checking special code
Applying bleed effect! Checking special code
[ 178/300 ] LOSS   16 turns   allmight, diane, myotismon  vs  semiramis, yuno, ken
[ 179/300 ] LOSS   15 turns   allmight, yuno, mikasa  vs  shinoa, nimaiya, midoriya
Applying bleed effect! Checking special code
[ 180/300 ] WIN    23 turns   allmight, inuyasha, rob  vs  vegeta, power, erza
Applying bleed effect! Checking special code
[ 181/300 ] LOSS   26 turns   allmight, yugi, hinata  vs  power, impmon, alphamon
[ 182/300 ] LOSS   24 turns   allmight, maka, horohoro  vs  akame, kaiba, mavis
[ 183/300 ] WIN    24 turns   allmight, zenitsu, ladydevimon  vs  gasai, hisoka, cooler
[ 184/300 ] LOSS   67 turns   allmight, toudou, lizandpatty  vs  uzui, minene, gunha
[ 185/300 ] WIN    24 turns   allmight, impmon, saber  vs  ryuko, satsuki, tamaki
[ 186/300 ] LOSS   31 turns   allmight, nagisa, edward  vs  tatsumaki, hashirama, gojo
Applying bleed effect! Checking special code
Applying bleed effect! Checking special code
[ 187/300 ] LOSS   32 turns   allmight, rengoku, marco  vs  saturn, erza, tokoyami
[ 188/300 ] LOSS   18 turns   allmight, myotismon, noelle  vs  ladydevimon, mash, cell
[ 189/300 ] LOSS   34 turns   allmight, nagisa, sayaka  vs  mine, byakuya, edward
[ 190/300 ] LOSS   23 turns   allmight, touka, kuroko  vs  nagisa, broly, kitara
[ 191/300 ] LOSS   39 turns   allmight, gogeta, jinwoo  vs  venus, eren, edward
[ 192/300 ] WIN    23 turns   allmight, ichibe, tsunayoshi  vs  tsubaki, genos, saitama
[ 193/300 ] WIN    23 turns   allmight, zenitsu, uzui  vs  orihime, horohoro, shinra
[ 194/300 ] WIN    20 turns   allmight, crona, gon  vs  death, ban, midoriya
[ 195/300 ] LOSS   21 turns   allmight, nimaiya, naruto  vs  tatsumaki, sakura, neferpitou
[ 196/300 ] LOSS   12 turns   allmight, gray, chrome  vs  alphamon, frankenstein, noelle
[ 197/300 ] LOSS   20 turns   allmight, yamamoto, jaden  vs  yuno, yugi, blackwargreymon
[ 198/300 ] LOSS   31 turns   allmight, kurapika, soul  vs  uranus, nezuko, usopp
Applying bleed effect! Checking special code
Applying bleed effect! Checking special code
Applying bleed effect! Checking special code
Applying bleed effect! Checking special code
Applying bleed effect! Checking special code
Applying bleed effect! Checking special code
Applying bleed effect! Checking special code
[ 199/300 ] WIN    32 turns   allmight, denji, ichibe  vs  rengoku, meliodas, renamon
Applying bleed effect! Checking special code
Applying bleed effect! Checking special code
Applying bleed effect! Checking special code
[ 200/300 ] LOSS   20 turns   allmight, rengoku, frankenstein  vs  saitama, tsunayoshi, mars
Applying bleed effect! Checking special code
Applying bleed effect! Checking special code
Applying bleed effect! Checking special code
Applying bleed effect! Checking special code
Applying bleed effect! Checking special code
Applying bleed effect! Checking special code
Applying bleed effect! Checking special code
[ 201/300 ] LOSS   15 turns   allmight, myotismon, king  vs  ken, cell, blackstar
[ 202/300 ] LOSS   19 turns   allmight, nobara, jaden  vs  soul, blackwargreymon, sukuna
Applying bleed effect! Checking special code
[ 203/300 ] WIN    17 turns   allmight, asta, shinoa  vs  yugi, denji, orihime
[ 204/300 ] WIN    35 turns   allmight, gunha, zenitsu  vs  tsubasa, shinoa, edward
[ 205/300 ] WIN    30 turns   allmight, megumi, ryuko  vs  marco, omnimon, hibari
[ 206/300 ] LOSS   20 turns   allmight, tatsumi, chrome  vs  jesse, midoriya, neferpitou
[ 207/300 ] WIN    16 turns   allmight, jaden, nimaiya  vs  yoh, jeanne, gunha
[ 208/300 ] LOSS   18 turns   allmight, tokoyami, jesse  vs  gasai, halibel, ichibe
[ 209/300 ] LOSS   20 turns   allmight, toga, jesse  vs  nezuko, saber, byakuya
[ 210/300 ] LOSS   41 turns   allmight, ichibe, jinwoo  vs  erza, tsunayoshi, marco
[ 211/300 ] LOSS   16 turns   allmight, blackwargreymon, shiro  vs  mavis, chrome, eren
[ 212/300 ] WIN    33 turns   allmight, muichiro, zoro  vs  nobara, natsu, midoriya
Applying bleed effect! Checking special code
Applying bleed effect! Checking special code
Applying bleed effect! Checking special code
Applying bleed effect! Checking special code
Applying bleed effect! Checking special code
Applying bleed effect! Checking special code
Applying bleed effect! Checking special code
Applying bleed effect! Checking special code
[ 213/300 ] WIN    17 turns   allmight, saber, ken  vs  erza, sasuke, emiyaarcher
[ 214/300 ] WIN    18 turns   allmight, gon, bakugo  vs  toga, mash, aang
Applying bleed effect! Checking special code
Applying bleed effect! Checking special code
[ 215/300 ] LOSS   12 turns   allmight, mami, rakko  vs  ganta, yuno, jupiter
[ 216/300 ] WIN    27 turns   allmight, kitara, eren  vs  adam, ban, itachi
[ 217/300 ] WIN    18 turns   allmight, nel, nonon  vs  todoroki, frankenstein, hawkmon
[ 218/300 ] WIN    18 turns   allmight, jack, frankenstein  vs  toph, hinata, ganta
[ 219/300 ] WIN    25 turns   allmight, yamamoto, noelle  vs  venus, jeanne, hibari
[ 220/300 ] WIN    58 turns   allmight, marco, esdeath  vs  saber, asta, arthur
[ 221/300 ] LOSS   22 turns   allmight, yuno, jinwoo  vs  tamaki, ace, inuyasha
[ 222/300 ] WIN    27 turns   allmight, uzui, ban  vs  zoro, alphonse, jack
[ 223/300 ] WIN    32 turns   allmight, toji, shinoa  vs  yoh, bakugo, inuyasha
[ 224/300 ] LOSS   19 turns   allmight, gatomon, megumin  vs  mars, rimuru, neferpitou
[ 225/300 ] LOSS   19 turns   allmight, gon, toga  vs  horohoro, toji, mine
[ 226/300 ] LOSS   10 turns   allmight, myotismon, impmon  vs  ryuko, boruto, erza
[ 227/300 ] LOSS   14 turns   allmight, usopp, renamon  vs  vegeta, blackwargreymon, jack
[ 228/300 ] WIN    44 turns   allmight, yugi, nonon  vs  itachi, noelle, impmon
[ 229/300 ] LOSS   17 turns   allmight, omnimon, rob  vs  midoriya, touka, koro
[ 230/300 ] LOSS   28 turns   allmight, frankenstein, tokoyami  vs  killua, mine, kitara
[ 231/300 ] WIN    18 turns   allmight, broly, tsuyu  vs  kuroko, ichigo, byakuya
[ 232/300 ] WIN    18 turns   allmight, jack, gogeta  vs  soul, chrome, edward
[ 233/300 ] LOSS   17 turns   allmight, uraraka, ryuko  vs  cell, kuroko, uranus
Applying bleed effect! Checking special code
Applying bleed effect! Checking special code
Applying bleed effect! Checking special code
Applying bleed effect! Checking special code
[ 234/300 ] LOSS   13 turns   allmight, gilgamesh, denji  vs  sasuke, toji, alphamon
[ 235/300 ] WIN    18 turns   allmight, nagisa, killua  vs  eren, itachi, ichigo
[ 236/300 ] WIN    28 turns   allmight, cooler, nel  vs  death, marco, semiramis
Applying bleed effect! Checking special code
Applying bleed effect! Checking special code
[ 237/300 ] LOSS   19 turns   allmight, kuroko, xanxus  vs  gatomon, kid, power
[ 238/300 ] LOSS   18 turns   allmight, hawkmon, sayaka  vs  ryuko, adam, mash
Applying bleed effect! Checking special code
Applying bleed effect! Checking special code
Applying bleed effect! Checking special code
[ 239/300 ] WIN    22 turns   allmight, toph, adam  vs  inosuke, rob, saitama
Applying bleed effect! Checking special code
Applying bleed effect! Checking special code
Applying bleed effect! Checking special code
Applying bleed effect! Checking special code
[ 240/300 ] LOSS   44 turns   allmight, koro, boruto  vs  nezuko, gojo, ken
Applying bleed effect! Checking special code
Applying bleed effect! Checking special code
Applying bleed effect! Checking special code
Applying bleed effect! Checking special code
Applying bleed effect! Checking special code
Applying bleed effect! Checking special code
Applying bleed effect! Checking special code
Applying bleed effect! Checking special code
Applying bleed effect! Checking special code
Applying bleed effect! Checking special code
Applying bleed effect! Checking special code
Applying bleed effect! Checking special code
[ 241/300 ] WIN    28 turns   allmight, king, toph  vs  mars, nonon, emiya
[ 242/300 ] LOSS   30 turns   allmight, esdeath, mash  vs  crona, tsuyu, nagisa
[ 243/300 ] WIN    21 turns   allmight, neferpitou, yugi  vs  omnimon, sakura, emiya
[ 244/300 ] LOSS   20 turns   allmight, arthur, tatsumaki  vs  aiohto, cell, itachi
[ 245/300 ] WIN    43 turns   allmight, minene, jaden  vs  seventeen, arthur, sayaka
Applying bleed effect! Checking special code
[ 246/300 ] LOSS   26 turns   allmight, akame, asta  vs  diane, crona, xanxus
Applying bleed effect! Checking special code
Applying bleed effect! Checking special code
Applying bleed effect! Checking special code
Applying bleed effect! Checking special code
Applying bleed effect! Checking special code
Applying bleed effect! Checking special code
[ 247/300 ] LOSS   38 turns   allmight, ken, gon  vs  renamon, kaiba, inosuke
[ 248/300 ] LOSS   14 turns   allmight, gasai, squalo  vs  neferpitou, touka, todoroki
[ 249/300 ] LOSS   18 turns   allmight, toji, noelle  vs  bakugo, semiramis, hinata
[ 250/300 ] LOSS   38 turns   allmight, shiro, uzui  vs  tatsumi, natsu, neferpitou
[ 251/300 ] WIN    22 turns   allmight, tsubasa, nezuko  vs  korra, mami, gogeta
[ 252/300 ] LOSS   31 turns   allmight, death, ganta  vs  bakugo, gogeta, sakura
Applying bleed effect! Checking special code
Applying bleed effect! Checking special code
Applying bleed effect! Checking special code
Applying bleed effect! Checking special code
Applying bleed effect! Checking special code
[ 253/300 ] LOSS   18 turns   allmight, king, kurotsuchi  vs  eren, impmon, ichigo
[ 254/300 ] LOSS   33 turns   allmight, veldora, ladydevimon  vs  usopp, levi, lizandpatty
[ 255/300 ] LOSS   31 turns   allmight, death, zoro  vs  soul, frieren, gatomon
[ 256/300 ] LOSS   34 turns   allmight, xanxus, esdeath  vs  jaden, tatsumi, nimaiya
Applying bleed effect! Checking special code
Applying bleed effect! Checking special code
Applying bleed effect! Checking special code
Applying bleed effect! Checking special code
Applying bleed effect! Checking special code
Applying bleed effect! Checking special code
[ 257/300 ] LOSS   27 turns   allmight, jesse, edward  vs  rengoku, adam, orihime
[ 258/300 ] LOSS   18 turns   allmight, renamon, uraraka  vs  tokoyami, ganta, shinra
[ 259/300 ] WIN    17 turns   allmight, jaden, zoro  vs  muichiro, adam, astolfo
[ 260/300 ] WIN    30 turns   allmight, misaka, midoriya  vs  uranus, todoroki, kaiba
[ 261/300 ] LOSS   35 turns   allmight, ichigo, bakugo  vs  kitara, shinra, toph
[ 262/300 ] LOSS   15 turns   allmight, seventeen, boruto  vs  renamon, ace, aiohto
[ 263/300 ] WIN    27 turns   allmight, sakura, nagisa  vs  toga, ban, toph
Applying bleed effect! Checking special code
Applying bleed effect! Checking special code
[ 264/300 ] LOSS   25 turns   allmight, yugi, orihime  vs  power, machinedramon, ace
[ 265/300 ] WIN    12 turns   allmight, nonon, madoka  vs  saber, eren, kid
[ 266/300 ] WIN    26 turns   allmight, lizandpatty, megumin  vs  zenitsu, koro, gohan
[ 267/300 ] LOSS   23 turns   allmight, mars, venus  vs  natsu, tokoyami, squalo
[ 268/300 ] WIN    43 turns   allmight, saber, minene  vs  maka, gallantmon, nobara
[ 269/300 ] LOSS   25 turns   allmight, yamamoto, korra  vs  megumi, rimuru, machinedramon
[ 270/300 ] LOSS   15 turns   allmight, misaka, venus  vs  nonon, ryuko, rob
[ 271/300 ] LOSS   25 turns   allmight, shokuhou, yamamoto  vs  frieren, pegasus, inuyasha
Applying bleed effect! Checking special code
Applying bleed effect! Checking special code
Applying bleed effect! Checking special code
Applying bleed effect! Checking special code
Applying bleed effect! Checking special code
Applying bleed effect! Checking special code
Applying bleed effect! Checking special code
Applying bleed effect! Checking special code
Applying bleed effect! Checking special code
Applying bleed effect! Checking special code
Applying bleed effect! Checking special code
[ 272/300 ] LOSS   18 turns   allmight, noelle, lucy  vs  king, akame, bakugo
[ 273/300 ] LOSS   12 turns   allmight, gallantmon, toga  vs  veldora, naruto, lucy
[ 274/300 ] LOSS   13 turns   allmight, nimaiya, inuyasha  vs  tsunayoshi, alphamon, goku
Applying bleed effect! Checking special code
Applying bleed effect! Checking special code
Applying bleed effect! Checking special code
Applying bleed effect! Checking special code
Applying bleed effect! Checking special code
Applying bleed effect! Checking special code
Applying bleed effect! Checking special code
[ 275/300 ] WIN    21 turns   allmight, rengoku, shinoa  vs  uzui, ken, nobara
[ 276/300 ] LOSS   19 turns   allmight, korra, tsuyu  vs  genos, yuji, kaiba
Applying bleed effect! Checking special code
Applying bleed effect! Checking special code
Applying bleed effect! Checking special code
Applying bleed effect! Checking special code
Applying bleed effect! Checking special code
Applying bleed effect! Checking special code
Applying bleed effect! Checking special code
[ 277/300 ] WIN    21 turns   allmight, halibel, rengoku  vs  ban, xanxus, nobara
[ 278/300 ] WIN    22 turns   allmight, seventeen, gatomon  vs  tatsumaki, gunha, emiyaarcher
[ 279/300 ] WIN    20 turns   allmight, byakuya, tatsumi  vs  jupiter, mine, jeanne
[ 280/300 ] LOSS   16 turns   allmight, touka, gogeta  vs  uraraka, natsu, mavis
[ 281/300 ] LOSS   23 turns   allmight, emiya, touka  vs  renamon, yoh, lucy
[ 282/300 ] LOSS   21 turns   allmight, renamon, frieren  vs  naruto, alphonse, halibel
[ 283/300 ] WIN    20 turns   allmight, uzui, gray  vs  aang, tsunayoshi, megumi
[ 284/300 ] LOSS   20 turns   allmight, nonon, rimuru  vs  alphonse, renamon, kid
Applying bleed effect! Checking special code
Applying bleed effect! Checking special code
Applying bleed effect! Checking special code
Applying bleed effect! Checking special code
[ 285/300 ] LOSS   18 turns   allmight, hawkmon, goku  vs  rakko, yubel, noelle
[ 286/300 ] LOSS   25 turns   allmight, yoh, megumi  vs  uzui, shinoa, zenitsu
Applying bleed effect! Checking special code
[ 287/300 ] LOSS   14 turns   allmight, korra, rakko  vs  sayaka, jaden, saturn
[ 288/300 ] LOSS   37 turns   allmight, eren, crona  vs  ryohei, mami, gasai
Applying bleed effect! Checking special code
Applying bleed effect! Checking special code
Applying bleed effect! Checking special code
[ 289/300 ] WIN    19 turns   allmight, gallantmon, astolfo  vs  rimuru, toga, rakko
[ 290/300 ] LOSS   13 turns   allmight, shinoa, impmon  vs  death, mash, jack
[ 291/300 ] WIN    17 turns   allmight, aang, yoh  vs  inosuke, lyserg, tsubaki
[ 292/300 ] LOSS   24 turns   allmight, zenitsu, tamaki  vs  blackstar, hawkmon, gogeta
[ 293/300 ] WIN    26 turns   allmight, gunha, nagisa  vs  toph, kuroko, gogeta
[ 294/300 ] LOSS   15 turns   allmight, touka, meliodas  vs  byakuya, seventeen, shinra
[ 295/300 ] LOSS   12 turns   allmight, asta, gohan  vs  yuji, killua, vegeta
[ 296/300 ] LOSS   18 turns   allmight, ace, misaka  vs  kid, blackstar, squalo
[ 297/300 ] LOSS   18 turns   allmight, satsuki, tatsumaki  vs  halibel, jack, tsuyu
[ 298/300 ] LOSS   20 turns   allmight, marco, hibari  vs  neferpitou, edward, death
Applying bleed effect! Checking special code
Applying bleed effect! Checking special code
Applying bleed effect! Checking special code
Applying bleed effect! Checking special code
Applying bleed effect! Checking special code
Applying bleed effect! Checking special code
[ 299/300 ] LOSS   17 turns   allmight, nagisa, crona  vs  lyserg, venus, inosuke
[ 300/300 ] LOSS   33 turns   allmight, gohan, kurotsuchi  vs  saber, muichiro, renamon
=== TRAINER RUN COMPLETE ===
Matches: 300   W: 108   L: 191   D: 1   Win: 36.0%   (opponent: v3:focused_current.json  [EVAL])
