Godot Engine v4.6.2.stable.official.71f334935 - https://godotengine.org

[trainer] seed=77291 matches=300 opponent=policy:res://training/checkpoints/focused_current.json eval=true out=res://training/checkpoints/work.json checkpoint=res://training/checkpoints/focus_aiohto/merged.json
[authored] loaded 1 authored character(s)
[   1/300 ] WIN    21 turns   aiohto, allmight, sukuna  vs  yuno, veldora, machinedramon
[   2/300 ] WIN    17 turns   aiohto, halibel, tokoyami  vs  blackwargreymon, semiramis, horohoro
[   3/300 ] LOSS   18 turns   aiohto, sheele, hisoka  vs  ryuko, blackwargreymon, seventeen
Applying bleed effect! Checking special code
Applying bleed effect! Checking special code
[   4/300 ] WIN    20 turns   aiohto, tsubasa, yuno  vs  mikasa, rengoku, saturn
[   5/300 ] WIN    15 turns   aiohto, sheele, renamon  vs  shinoa, noelle, horohoro
[   6/300 ] LOSS   23 turns   aiohto, jinwoo, death  vs  kurotsuchi, tatsumi, natsu
Applying bleed effect! Checking special code
Applying bleed effect! Checking special code
Applying bleed effect! Checking special code
Applying bleed effect! Checking special code
[   7/300 ] WIN    15 turns   aiohto, ryohei, aang  vs  byakuya, sakura, ken
[   8/300 ] WIN    14 turns   aiohto, todoroki, yuno  vs  allmight, squalo, ban
Applying bleed effect! Checking special code
Applying bleed effect! Checking special code
Applying bleed effect! Checking special code
[   9/300 ] WIN    23 turns   aiohto, edward, marco  vs  frankenstein, cell, rakko
[  10/300 ] WIN    19 turns   aiohto, diane, uranus  vs  gogeta, midoriya, jinwoo
[  11/300 ] LOSS   21 turns   aiohto, adam, shinra  vs  astolfo, naruto, mavis
[  12/300 ] WIN    41 turns   aiohto, sakura, uzui  vs  tsubaki, broly, death
[  13/300 ] WIN    16 turns   aiohto, toph, tsubasa  vs  mami, veldora, muichiro
[  14/300 ] WIN    22 turns   aiohto, uzui, mikasa  vs  jinwoo, inosuke, ganta
[  15/300 ] WIN    21 turns   aiohto, esdeath, tanjiro  vs  chrome, squalo, seventeen
[  16/300 ] WIN    22 turns   aiohto, venus, alphonse  vs  tsubasa, natsu, ryohei
Applying bleed effect! Checking special code
Applying bleed effect! Checking special code
[  17/300 ] WIN    23 turns   aiohto, inosuke, megumi  vs  kurotsuchi, emiyaarcher, jinwoo
[  18/300 ] LOSS   17 turns   aiohto, meliodas, mami  vs  toga, gallantmon, toji
[  19/300 ] LOSS   19 turns   aiohto, gogeta, gatomon  vs  frankenstein, nonon, neferpitou
[  20/300 ] WIN    21 turns   aiohto, saturn, hawkmon  vs  hisoka, rimuru, todoroki
[  21/300 ] LOSS   12 turns   aiohto, edward, ace  vs  aang, nonon, minene
[  22/300 ] WIN    22 turns   aiohto, ryuko, saber  vs  jupiter, megumi, shokuhou
[  23/300 ] WIN    35 turns   aiohto, saitama, tokoyami  vs  frankenstein, orihime, allmight
[  24/300 ] WIN    16 turns   aiohto, mine, mercury  vs  astolfo, gon, toudou
[  25/300 ] LOSS   15 turns   aiohto, tsuyu, genos  vs  uranus, shinoa, yugi
Applying bleed effect! Checking special code
Applying bleed effect! Checking special code
Applying bleed effect! Checking special code
Applying bleed effect! Checking special code
[  26/300 ] LOSS   25 turns   aiohto, natsu, rimuru  vs  nezuko, rakko, gray
[  27/300 ] WIN    24 turns   aiohto, ladydevimon, edward  vs  venus, kaiba, cooler
Applying bleed effect! Checking special code
Applying bleed effect! Checking special code
[  28/300 ] LOSS   28 turns   aiohto, aang, ryuko  vs  natsu, kurotsuchi, rengoku
[  29/300 ] WIN    18 turns   aiohto, mars, alphamon  vs  yuno, yoh, emiya
[  30/300 ] LOSS   25 turns   aiohto, sakura, sheele  vs  asta, seventeen, blackstar
[  31/300 ] LOSS   20 turns   aiohto, tokoyami, byakuya  vs  asta, ichigo, saitama
Applying bleed effect! Checking special code
Applying bleed effect! Checking special code
Applying bleed effect! Checking special code
[  32/300 ] LOSS   22 turns   aiohto, pegasus, denji  vs  shinra, lizandpatty, yuji
[  33/300 ] WIN    21 turns   aiohto, death, hashirama  vs  sayaka, vegeta, gasai
[  34/300 ] WIN    27 turns   aiohto, erza, itachi  vs  tsubasa, nezuko, shokuhou
[  35/300 ] LOSS   21 turns   aiohto, boruto, goku  vs  omnimon, itachi, mikasa
[  36/300 ] LOSS   17 turns   aiohto, noelle, korra  vs  natsu, killua, tsubaki
Applying bleed effect! Checking special code
Applying bleed effect! Checking special code
Applying bleed effect! Checking special code
Applying bleed effect! Checking special code
[  37/300 ] LOSS   21 turns   aiohto, korra, lizandpatty  vs  king, gojo, esdeath
[  38/300 ] LOSS   20 turns   aiohto, byakuya, lyserg  vs  levi, genos, megumi
[  39/300 ] WIN    14 turns   aiohto, blackstar, chrome  vs  jinwoo, hisoka, megumi
[  40/300 ] WIN    19 turns   aiohto, neferpitou, gatomon  vs  yuji, erza, toga
[  41/300 ] WIN    18 turns   aiohto, vegeta, kid  vs  sakura, hisoka, venus
[  42/300 ] WIN    17 turns   aiohto, ryohei, sayaka  vs  genos, asta, emiyaarcher
[  43/300 ] WIN    14 turns   aiohto, erza, sayaka  vs  rakko, saturn, arthur
Applying bleed effect! Checking special code
Applying bleed effect! Checking special code
Applying bleed effect! Checking special code
Applying bleed effect! Checking special code
Applying bleed effect! Checking special code
Applying bleed effect! Checking special code
Applying bleed effect! Checking special code
Applying bleed effect! Checking special code
Applying bleed effect! Checking special code
Applying bleed effect! Checking special code
Applying bleed effect! Checking special code
Applying bleed effect! Checking special code
Applying bleed effect! Checking special code
Applying bleed effect! Checking special code
[  44/300 ] WIN    22 turns   aiohto, saber, yuji  vs  king, zoro, luffy
Applying bleed effect! Checking special code
Applying bleed effect! Checking special code
[  45/300 ] LOSS   20 turns   aiohto, gojo, yuno  vs  frankenstein, hinata, power
[  46/300 ] WIN    22 turns   aiohto, kitara, nagisa  vs  alphonse, astolfo, korra
[  47/300 ] LOSS   33 turns   aiohto, tatsumi, shinoa  vs  natsu, gunha, ganta
[  48/300 ] WIN    24 turns   aiohto, naruto, tsubaki  vs  frankenstein, mars, tatsumaki
[  49/300 ] LOSS   32 turns   aiohto, killua, inuyasha  vs  megumin, tsunayoshi, hashirama
[  50/300 ] WIN    18 turns   aiohto, koro, venus  vs  squalo, gojo, nezuko
[  51/300 ] WIN    13 turns   aiohto, kitara, mavis  vs  ryohei, death, gohan
[  52/300 ] LOSS   29 turns   aiohto, lyserg, shokuhou  vs  crona, shiro, toga
[  53/300 ] WIN    18 turns   aiohto, blackwargreymon, cooler  vs  usopp, jinwoo, yoh
[  54/300 ] WIN    31 turns   aiohto, halibel, naruto  vs  xanxus, hawkmon, omnimon
[  55/300 ] WIN    27 turns   aiohto, kurotsuchi, gallantmon  vs  megumin, toph, toga
Applying bleed effect! Checking special code
Applying bleed effect! Checking special code
[  56/300 ] LOSS   15 turns   aiohto, semiramis, rakko  vs  sayaka, yoh, zenitsu
Applying bleed effect! Checking special code
Applying bleed effect! Checking special code
Applying bleed effect! Checking special code
[  57/300 ] WIN    19 turns   aiohto, broly, lyserg  vs  rengoku, ganta, gon
[  58/300 ] WIN    16 turns   aiohto, nagisa, toji  vs  mami, yamamoto, cooler
[  59/300 ] LOSS   23 turns   aiohto, lucy, toga  vs  saturn, chrome, crona
[  60/300 ] WIN    21 turns   aiohto, misaka, tamaki  vs  hawkmon, halibel, emiyaarcher
[  61/300 ] LOSS   20 turns   aiohto, jeanne, uraraka  vs  nonon, muichiro, emiyaarcher
[  62/300 ] WIN    24 turns   aiohto, jinwoo, denji  vs  megumin, usopp, sayaka
[  63/300 ] WIN    27 turns   aiohto, yugi, levi  vs  shinra, omnimon, nonon
[  64/300 ] LOSS   25 turns   aiohto, korra, venus  vs  kurapika, uraraka, blackwargreymon
Applying bleed effect! Checking special code
[  65/300 ] LOSS   27 turns   aiohto, impmon, inosuke  vs  erza, edward, aang
[  66/300 ] WIN    22 turns   aiohto, emiyaarcher, yugi  vs  blackstar, touka, misaka
[  67/300 ] WIN    20 turns   aiohto, lyserg, ladydevimon  vs  uzui, jeanne, alphamon
[  68/300 ] WIN    18 turns   aiohto, tokoyami, marco  vs  usopp, gogeta, omnimon
[  69/300 ] LOSS   21 turns   aiohto, naruto, yuji  vs  hashirama, xanxus, tanjiro
[  70/300 ] WIN    24 turns   aiohto, kitara, semiramis  vs  crona, jupiter, squalo
[  71/300 ] WIN    18 turns   aiohto, mikasa, cooler  vs  sayaka, gilgamesh, power
Applying bleed effect! Checking special code
[  72/300 ] WIN    17 turns   aiohto, power, ryohei  vs  gatomon, sheele, adam
Applying bleed effect! Checking special code
Applying bleed effect! Checking special code
[  73/300 ] LOSS   29 turns   aiohto, power, jupiter  vs  sasuke, chrome, muichiro
[  74/300 ] WIN    12 turns   aiohto, mine, mercury  vs  inuyasha, jack, veldora
Applying bleed effect! Checking special code
[  75/300 ] LOSS   26 turns   aiohto, renamon, akame  vs  blackstar, impmon, inosuke
[  76/300 ] WIN    18 turns   aiohto, mars, itachi  vs  gatomon, pegasus, adam
[  77/300 ] LOSS   18 turns   aiohto, soul, ichigo  vs  genos, lyserg, mikasa
[  78/300 ] LOSS   35 turns   aiohto, emiya, jack  vs  broly, toph, alphamon
[  79/300 ] LOSS   18 turns   aiohto, satsuki, noelle  vs  mavis, byakuya, erza
Applying bleed effect! Checking special code
Applying bleed effect! Checking special code
[  80/300 ] WIN    24 turns   aiohto, saturn, zenitsu  vs  rakko, killua, crona
[  81/300 ] WIN    18 turns   aiohto, akame, sheele  vs  inuyasha, diane, renamon
[  82/300 ] LOSS   13 turns   aiohto, veldora, levi  vs  tatsumi, luffy, esdeath
[  83/300 ] LOSS   24 turns   aiohto, naruto, nimaiya  vs  chrome, satsuki, toudou
[  84/300 ] WIN    28 turns   aiohto, gray, erza  vs  marco, korra, mine
[  85/300 ] WIN    37 turns   aiohto, yuno, erza  vs  maka, emiya, itachi
[  86/300 ] WIN    25 turns   aiohto, tsuyu, uranus  vs  machinedramon, ace, alphonse
[  87/300 ] WIN    17 turns   aiohto, squalo, shinoa  vs  blackstar, akame, adam
[  88/300 ] LOSS   24 turns   aiohto, frieren, yoh  vs  kurotsuchi, ichigo, xanxus
[  89/300 ] LOSS   32 turns   aiohto, squalo, akame  vs  myotismon, sukuna, saturn
[  90/300 ] WIN    29 turns   aiohto, tatsumaki, halibel  vs  emiya, yoh, gatomon
[  91/300 ] LOSS   19 turns   aiohto, jeanne, bakugo  vs  esdeath, myotismon, jinwoo
[  92/300 ] LOSS   17 turns   aiohto, aang, yamamoto  vs  bakugo, xanxus, myotismon
[  93/300 ] LOSS   19 turns   aiohto, nonon, tatsumi  vs  tsunayoshi, broly, orihime
[  94/300 ] WIN    25 turns   aiohto, saturn, nonon  vs  korra, zoro, pegasus
[  95/300 ] WIN    23 turns   aiohto, blackstar, zenitsu  vs  rimuru, sayaka, xanxus
Applying bleed effect! Checking special code
[  96/300 ] WIN    25 turns   aiohto, power, vegeta  vs  lucy, itachi, squalo
[  97/300 ] LOSS   16 turns   aiohto, soul, orihime  vs  impmon, natsu, asta
[  98/300 ] WIN    32 turns   aiohto, megumin, noelle  vs  nimaiya, rob, mash
[  99/300 ] WIN    21 turns   aiohto, mash, death  vs  veldora, minene, tsunayoshi
[ 100/300 ] WIN    19 turns   aiohto, bakugo, tanjiro  vs  nobara, crona, kid
Applying bleed effect! Checking special code
[ 101/300 ] WIN    23 turns   aiohto, diane, midoriya  vs  jeanne, astolfo, gatomon
[ 102/300 ] LOSS   21 turns   aiohto, shokuhou, sakura  vs  jinwoo, zoro, kid
[ 103/300 ] WIN    21 turns   aiohto, mami, jupiter  vs  uzui, koro, squalo
[ 104/300 ] LOSS   21 turns   aiohto, eren, mami  vs  esdeath, emiyaarcher, squalo
[ 105/300 ] LOSS   36 turns   aiohto, ryohei, horohoro  vs  goku, satsuki, tsubaki
[ 106/300 ] WIN    20 turns   aiohto, ganta, mavis  vs  saturn, gray, inuyasha
[ 107/300 ] WIN    20 turns   aiohto, machinedramon, levi  vs  tanjiro, astolfo, noelle
[ 108/300 ] WIN    18 turns   aiohto, jesse, itachi  vs  akame, ganta, korra
[ 109/300 ] LOSS   26 turns   aiohto, megumin, toudou  vs  shinra, arthur, inuyasha
[ 110/300 ] LOSS   17 turns   aiohto, lyserg, xanxus  vs  mercury, gogeta, soul
Applying bleed effect! Checking special code
Applying bleed effect! Checking special code
Applying bleed effect! Checking special code
[ 111/300 ] LOSS   25 turns   aiohto, emiyaarcher, king  vs  esdeath, rob, renamon
Applying bleed effect! Checking special code
[ 112/300 ] WIN    14 turns   aiohto, frieren, madoka  vs  akame, inosuke, vegeta
[ 113/300 ] LOSS   19 turns   aiohto, naruto, usopp  vs  chrome, meliodas, emiya
[ 114/300 ] LOSS   26 turns   aiohto, tanjiro, kurapika  vs  boruto, kuroko, satsuki
[ 115/300 ] WIN    36 turns   aiohto, halibel, nonon  vs  orihime, saitama, veldora
[ 116/300 ] LOSS   17 turns   aiohto, kitara, lyserg  vs  toudou, gallantmon, tamaki
[ 117/300 ] WIN    32 turns   aiohto, noelle, gilgamesh  vs  blackstar, edward, lucy
Applying bleed effect! Checking special code
Applying bleed effect! Checking special code
[ 118/300 ] WIN    21 turns   aiohto, misaka, jesse  vs  emiya, inosuke, toga
[ 119/300 ] WIN    23 turns   aiohto, tsubaki, mine  vs  adam, emiya, hibari
[ 120/300 ] WIN    27 turns   aiohto, vegeta, akame  vs  venus, muichiro, broly
[ 121/300 ] LOSS   14 turns   aiohto, gray, inuyasha  vs  horohoro, alphamon, killua
[ 122/300 ] LOSS   15 turns   aiohto, blackwargreymon, nonon  vs  power, frieren, meliodas
[ 123/300 ] WIN    32 turns   aiohto, gallantmon, saturn  vs  minene, uzui, yamamoto
[ 124/300 ] LOSS   19 turns   aiohto, lucy, kitara  vs  tanjiro, esdeath, veldora
[ 125/300 ] WIN    24 turns   aiohto, sayaka, itachi  vs  sakura, mars, byakuya
[ 126/300 ] LOSS   18 turns   aiohto, inosuke, akame  vs  megumi, kuroko, gallantmon
[ 127/300 ] WIN    31 turns   aiohto, impmon, shokuhou  vs  eren, machinedramon, alphonse
[ 128/300 ] LOSS   22 turns   aiohto, soul, killua  vs  cell, jinwoo, toji
[ 129/300 ] LOSS   31 turns   aiohto, boruto, lucy  vs  zoro, ladydevimon, hinata
[ 130/300 ] WIN    20 turns   aiohto, gallantmon, yoh  vs  astolfo, xanxus, tamaki
[ 131/300 ] LOSS   10 turns   aiohto, shiro, tanjiro  vs  ganta, jupiter, madoka
Applying bleed effect! Checking special code
Applying bleed effect! Checking special code
Applying bleed effect! Checking special code
Applying bleed effect! Checking special code
Applying bleed effect! Checking special code
[ 132/300 ] WIN    22 turns   aiohto, itachi, blackwargreymon  vs  impmon, misaka, ken
[ 133/300 ] WIN    17 turns   aiohto, tsubasa, jaden  vs  allmight, squalo, akame
[ 134/300 ] WIN    27 turns   aiohto, hibari, broly  vs  saturn, uraraka, ryuko
[ 135/300 ] WIN    15 turns   aiohto, satsuki, frieren  vs  jeanne, hinata, blackstar
[ 136/300 ] WIN    27 turns   aiohto, uranus, frieren  vs  sakura, maka, noelle
[ 137/300 ] LOSS   18 turns   aiohto, gray, mavis  vs  megumi, seventeen, nezuko
Applying bleed effect! Checking special code
[ 138/300 ] WIN    21 turns   aiohto, tsuyu, toga  vs  mavis, diane, frieren
Applying bleed effect! Checking special code
Applying bleed effect! Checking special code
[ 139/300 ] WIN    19 turns   aiohto, marco, yuno  vs  korra, rakko, maka
[ 140/300 ] LOSS   27 turns   aiohto, kurapika, nobara  vs  asta, blackwargreymon, sakura
[ 141/300 ] WIN    27 turns   aiohto, sukuna, mercury  vs  inuyasha, omnimon, mars
[ 142/300 ] LOSS   15 turns   aiohto, todoroki, lizandpatty  vs  neferpitou, yamamoto, itachi
Applying bleed effect! Checking special code
Applying bleed effect! Checking special code
Applying bleed effect! Checking special code
Applying bleed effect! Checking special code
Applying bleed effect! Checking special code
[ 143/300 ] WIN    25 turns   aiohto, uranus, king  vs  hisoka, ryohei, vegeta
Applying bleed effect! Checking special code
Applying bleed effect! Checking special code
Applying bleed effect! Checking special code
Applying bleed effect! Checking special code
Applying bleed effect! Checking special code
Applying bleed effect! Checking special code
Applying bleed effect! Checking special code
Applying bleed effect! Checking special code
Applying bleed effect! Checking special code
Applying bleed effect! Checking special code
[ 144/300 ] LOSS   21 turns   aiohto, muichiro, astolfo  vs  king, genos, rakko
Applying bleed effect! Checking special code
[ 145/300 ] WIN    21 turns   aiohto, sheele, diane  vs  misaka, meliodas, hawkmon
[ 146/300 ] WIN    12 turns   aiohto, orihime, meliodas  vs  lyserg, touka, kuroko
[ 147/300 ] LOSS   19 turns   aiohto, machinedramon, muichiro  vs  impmon, gojo, shiro
[ 148/300 ] LOSS   17 turns   aiohto, power, blackstar  vs  kurotsuchi, marco, seventeen
[ 149/300 ] WIN    16 turns   aiohto, machinedramon, rengoku  vs  hawkmon, uranus, gogeta
[ 150/300 ] WIN    22 turns   aiohto, tatsumi, yuno  vs  astolfo, tatsumaki, ichigo
[ 151/300 ] LOSS   30 turns   aiohto, gilgamesh, jeanne  vs  hawkmon, cooler, tatsumi
[ 152/300 ] LOSS   26 turns   aiohto, naruto, blackwargreymon  vs  natsu, ganta, tsubasa
[ 153/300 ] WIN    19 turns   aiohto, neferpitou, sukuna  vs  emiya, renamon, toga
Applying bleed effect! Checking special code
Applying bleed effect! Checking special code
Applying bleed effect! Checking special code
[ 154/300 ] WIN    16 turns   aiohto, mine, shinra  vs  killua, ken, tanjiro
[ 155/300 ] LOSS   28 turns   aiohto, jupiter, saber  vs  rob, asta, goku
Applying bleed effect! Checking special code
[ 156/300 ] WIN    30 turns   aiohto, muichiro, power  vs  meliodas, yamamoto, nel
[ 157/300 ] LOSS   29 turns   aiohto, lucy, lyserg  vs  chrome, tanjiro, saturn
[ 158/300 ] WIN    20 turns   aiohto, rimuru, muichiro  vs  akame, mavis, madoka
[ 159/300 ] WIN    55 turns   aiohto, saitama, tanjiro  vs  marco, omnimon, renamon
[ 160/300 ] WIN    22 turns   aiohto, crona, tokoyami  vs  renamon, mami, vegeta
[ 161/300 ] WIN    18 turns   aiohto, semiramis, inuyasha  vs  allmight, nonon, todoroki
[ 162/300 ] WIN    23 turns   aiohto, zenitsu, uzui  vs  shinoa, jeanne, orihime
[ 163/300 ] LOSS   24 turns   aiohto, killua, frankenstein  vs  levi, gallantmon, edward
[ 164/300 ] LOSS   20 turns   aiohto, madoka, ace  vs  gojo, halibel, boruto
[ 165/300 ] LOSS   21 turns   aiohto, mikasa, inuyasha  vs  tsuyu, lucy, alphonse
[ 166/300 ] WIN    30 turns   aiohto, tsubasa, cell  vs  seventeen, frankenstein, misaka
[ 167/300 ] WIN    15 turns   aiohto, yugi, sukuna  vs  sakura, maka, ban
[ 168/300 ] WIN    14 turns   aiohto, blackwargreymon, tsunayoshi  vs  tamaki, horohoro, ace
[ 169/300 ] LOSS   30 turns   aiohto, toji, rob  vs  xanxus, luffy, squalo
[ 170/300 ] WIN    22 turns   aiohto, lizandpatty, natsu  vs  gojo, horohoro, ban
[ 171/300 ] LOSS   25 turns   aiohto, shokuhou, gasai  vs  uraraka, jesse, gilgamesh
[ 172/300 ] WIN    13 turns   aiohto, uranus, misaka  vs  mercury, ace, gasai
[ 173/300 ] LOSS   19 turns   aiohto, nobara, cell  vs  saber, squalo, megumin
Applying bleed effect! Checking special code
Applying bleed effect! Checking special code
[ 174/300 ] LOSS   31 turns   aiohto, denji, uraraka  vs  yuji, blackwargreymon, akame
[ 175/300 ] LOSS   23 turns   aiohto, allmight, erza  vs  killua, nagisa, minene
[ 176/300 ] WIN    22 turns   aiohto, jaden, megumi  vs  nel, shokuhou, seventeen
[ 177/300 ] LOSS   18 turns   aiohto, tatsumi, crona  vs  cell, jaden, mikasa
Applying bleed effect! Checking special code
Applying bleed effect! Checking special code
Applying bleed effect! Checking special code
Applying bleed effect! Checking special code
[ 178/300 ] LOSS   31 turns   aiohto, denji, rengoku  vs  alphonse, mikasa, yamamoto
Applying bleed effect! Checking special code
Applying bleed effect! Checking special code
Applying bleed effect! Checking special code
[ 179/300 ] WIN    21 turns   aiohto, ken, squalo  vs  allmight, ban, power
[ 180/300 ] WIN    20 turns   aiohto, toph, alphonse  vs  akame, gunha, muichiro
[ 181/300 ] WIN    15 turns   aiohto, uzui, sukuna  vs  allmight, luffy, shiro
[ 182/300 ] LOSS   41 turns   aiohto, uzui, orihime  vs  alphonse, sasuke, ryohei
[ 183/300 ] LOSS   31 turns   aiohto, jack, jaden  vs  myotismon, saturn, chrome
[ 184/300 ] LOSS   30 turns   aiohto, ganta, koro  vs  toph, cooler, tsunayoshi
[ 185/300 ] WIN    18 turns   aiohto, ryuko, gogeta  vs  madoka, saturn, emiya
Yubel's S1 Triggered!
Yubel's S1 Triggered!
Applying bleed effect! Checking special code
Applying bleed effect! Checking special code
Applying bleed effect! Checking special code
[ 186/300 ] LOSS   16 turns   aiohto, king, toga  vs  yubel, nonon, koro
[ 187/300 ] WIN    16 turns   aiohto, megumin, marco  vs  kurotsuchi, allmight, mami
[ 188/300 ] WIN    18 turns   aiohto, saber, gilgamesh  vs  megumin, gojo, blackstar
[ 189/300 ] WIN    22 turns   aiohto, seventeen, marco  vs  meliodas, aang, blackstar
Applying bleed effect! Checking special code
Applying bleed effect! Checking special code
Applying bleed effect! Checking special code
[ 190/300 ] LOSS   30 turns   aiohto, midoriya, asta  vs  diane, ban, sakura
Applying bleed effect! Checking special code
Applying bleed effect! Checking special code
Applying bleed effect! Checking special code
Applying bleed effect! Checking special code
Applying bleed effect! Checking special code
Applying bleed effect! Checking special code
[ 191/300 ] LOSS   16 turns   aiohto, usopp, allmight  vs  rengoku, noelle, tokoyami
Applying bleed effect! Checking special code
Applying bleed effect! Checking special code
Applying bleed effect! Checking special code
Applying bleed effect! Checking special code
[ 192/300 ] WIN    20 turns   aiohto, gatomon, tamaki  vs  denji, gilgamesh, meliodas
[ 193/300 ] WIN    34 turns   aiohto, mikasa, gilgamesh  vs  machinedramon, cell, jupiter
[ 194/300 ] LOSS   17 turns   aiohto, frieren, korra  vs  tatsumaki, hinata, tokoyami
[ 195/300 ] WIN    16 turns   aiohto, misaka, ryohei  vs  cell, soul, jeanne
[ 196/300 ] WIN    20 turns   aiohto, edward, horohoro  vs  sasuke, gojo, toudou
[ 197/300 ] LOSS   16 turns   aiohto, blackwargreymon, renamon  vs  cell, sheele, esdeath
[ 198/300 ] LOSS   24 turns   aiohto, yamamoto, rob  vs  orihime, naruto, ichibe
[ 199/300 ] LOSS   21 turns   aiohto, jesse, tsuyu  vs  eren, rimuru, lizandpatty
Applying bleed effect! Checking special code
Applying bleed effect! Checking special code
Applying bleed effect! Checking special code
[ 200/300 ] WIN    37 turns   aiohto, kurotsuchi, tatsumaki  vs  diane, death, maka
Yubel's S1 Triggered!
Yubel's S1 Triggered!
[ 201/300 ] LOSS   36 turns   aiohto, uzui, yubel  vs  saitama, nezuko, eren
[ 202/300 ] WIN    22 turns   aiohto, tsubaki, gon  vs  ichigo, eren, yugi
[ 203/300 ] WIN    24 turns   aiohto, adam, levi  vs  nezuko, toph, misaka
[ 204/300 ] LOSS   33 turns   aiohto, omnimon, zenitsu  vs  shinra, eren, hisoka
[ 205/300 ] WIN    14 turns   aiohto, kitara, hinata  vs  kurotsuchi, renamon, venus
[ 206/300 ] LOSS   18 turns   aiohto, nobara, natsu  vs  zenitsu, toji, gasai
[ 207/300 ] LOSS   16 turns   aiohto, gray, emiyaarcher  vs  lizandpatty, horohoro, mavis
[ 208/300 ] WIN    21 turns   aiohto, tatsumaki, nezuko  vs  alphonse, todoroki, shokuhou
[ 209/300 ] LOSS   23 turns   aiohto, maka, tatsumaki  vs  death, astolfo, machinedramon
[ 210/300 ] LOSS   14 turns   aiohto, rimuru, todoroki  vs  koro, mars, kuroko
[ 211/300 ] WIN    42 turns   aiohto, impmon, ichigo  vs  kurotsuchi, hinata, ace
Applying bleed effect! Checking special code
[ 212/300 ] LOSS   36 turns   aiohto, yubel, sakura  vs  power, orihime, meliodas
[ 213/300 ] WIN    18 turns   aiohto, vegeta, killua  vs  orihime, veldora, esdeath
[ 214/300 ] WIN    30 turns   aiohto, jeanne, tatsumaki  vs  saber, ichibe, crona
[ 215/300 ] WIN    13 turns   aiohto, mavis, maka  vs  midoriya, death, tsunayoshi
Applying bleed effect! Checking special code
Applying bleed effect! Checking special code
Applying bleed effect! Checking special code
Applying bleed effect! Checking special code
[ 216/300 ] WIN    20 turns   aiohto, diane, mine  vs  rengoku, nezuko, tsubaki
[ 217/300 ] WIN    18 turns   aiohto, meliodas, kid  vs  asta, ladydevimon, shiro
Applying bleed effect! Checking special code
[ 218/300 ] WIN    27 turns   aiohto, uraraka, natsu  vs  diane, levi, gon
Applying bleed effect! Checking special code
Applying bleed effect! Checking special code
Applying bleed effect! Checking special code
[ 219/300 ] WIN    23 turns   aiohto, ryuko, rengoku  vs  rob, blackstar, rakko
[ 220/300 ] LOSS   19 turns   aiohto, ichigo, soul  vs  uraraka, ganta, satsuki
Applying bleed effect! Checking special code
[ 221/300 ] WIN    19 turns   aiohto, vegeta, pegasus  vs  rakko, ace, levi
[ 222/300 ] WIN    20 turns   aiohto, mami, bakugo  vs  chrome, toga, gojo
[ 223/300 ] WIN    22 turns   aiohto, tsubaki, blackwargreymon  vs  mami, aang, myotismon
[ 224/300 ] LOSS   30 turns   aiohto, lyserg, semiramis  vs  cell, machinedramon, killua
[ 225/300 ] WIN    21 turns   aiohto, uzui, orihime  vs  yuno, yubel, seventeen
[ 226/300 ] WIN    21 turns   aiohto, asta, mavis  vs  toga, nezuko, satsuki
Applying bleed effect! Checking special code
Applying bleed effect! Checking special code
Applying bleed effect! Checking special code
[ 227/300 ] WIN    30 turns   aiohto, edward, kuroko  vs  rakko, tanjiro, saitama
[ 228/300 ] LOSS   37 turns   aiohto, tokoyami, inuyasha  vs  itachi, noelle, nagisa
[ 229/300 ] WIN    21 turns   aiohto, mars, nezuko  vs  semiramis, sakura, jesse
[ 230/300 ] WIN    25 turns   aiohto, gunha, satsuki  vs  uzui, madoka, jupiter
[ 231/300 ] WIN    21 turns   aiohto, cell, luffy  vs  tsubasa, semiramis, yamamoto
Applying bleed effect! Checking special code
[ 232/300 ] LOSS   25 turns   aiohto, denji, minene  vs  omnimon, gray, yugi
[ 233/300 ] WIN    17 turns   aiohto, tsubaki, shinra  vs  emiya, nobara, yugi
Applying bleed effect! Checking special code
Applying bleed effect! Checking special code
Applying bleed effect! Checking special code
Applying bleed effect! Checking special code
Applying bleed effect! Checking special code
Applying bleed effect! Checking special code
Applying bleed effect! Checking special code
Applying bleed effect! Checking special code
Applying bleed effect! Checking special code
Applying bleed effect! Checking special code
[ 234/300 ] WIN    34 turns   aiohto, crona, ken  vs  ichibe, marco, chrome
[ 235/300 ] WIN    22 turns   aiohto, mash, toph  vs  kid, koro, erza
[ 236/300 ] WIN    12 turns   aiohto, seventeen, shinra  vs  xanxus, bakugo, hawkmon
Applying bleed effect! Checking special code
Applying bleed effect! Checking special code
Applying bleed effect! Checking special code
Applying bleed effect! Checking special code
Applying bleed effect! Checking special code
Applying bleed effect! Checking special code
Applying bleed effect! Checking special code
[ 237/300 ] LOSS   24 turns   aiohto, king, diane  vs  gohan, death, itachi
Yubel's S1 Triggered!
Yubel's S1 Triggered!
[ 238/300 ] WIN    19 turns   aiohto, jack, itachi  vs  emiya, mikasa, yubel
[ 239/300 ] LOSS   25 turns   aiohto, luffy, ganta  vs  meliodas, toji, renamon
[ 240/300 ] WIN    20 turns   aiohto, nezuko, tanjiro  vs  gasai, pegasus, goku
[ 241/300 ] WIN    21 turns   aiohto, saturn, toga  vs  halibel, saitama, yugi
[ 242/300 ] LOSS   34 turns   aiohto, naruto, alphonse  vs  asta, nonon, korra
Applying bleed effect! Checking special code
Applying bleed effect! Checking special code
Applying bleed effect! Checking special code
[ 243/300 ] WIN    14 turns   aiohto, maka, esdeath  vs  rengoku, sasuke, mami
Applying bleed effect! Checking special code
Applying bleed effect! Checking special code
[ 244/300 ] WIN    16 turns   aiohto, rengoku, mercury  vs  ryohei, nobara, minene
[ 245/300 ] WIN    22 turns   aiohto, meliodas, itachi  vs  jeanne, gojo, chrome
[ 246/300 ] LOSS   25 turns   aiohto, saber, diane  vs  ryohei, zoro, luffy
Applying bleed effect! Checking special code
Applying bleed effect! Checking special code
[ 247/300 ] WIN    25 turns   aiohto, sasuke, zenitsu  vs  denji, jesse, vegeta
Applying bleed effect! Checking special code
[ 248/300 ] LOSS   17 turns   aiohto, rakko, rimuru  vs  kurapika, muichiro, astolfo
[ 249/300 ] LOSS   22 turns   aiohto, sayaka, killua  vs  rimuru, gallantmon, omnimon
Applying bleed effect! Checking special code
Applying bleed effect! Checking special code
[ 250/300 ] WIN    18 turns   aiohto, ryohei, vegeta  vs  ken, myotismon, yamamoto
[ 251/300 ] WIN    26 turns   aiohto, nobara, yuji  vs  gray, semiramis, sayaka
[ 252/300 ] WIN    41 turns   aiohto, akame, yuji  vs  tsuyu, renamon, lizandpatty
Applying bleed effect! Checking special code
Applying bleed effect! Checking special code
[ 253/300 ] LOSS   46 turns   aiohto, king, muichiro  vs  impmon, ban, semiramis
[ 254/300 ] WIN    12 turns   aiohto, genos, kurapika  vs  mami, nobara, kuroko
[ 255/300 ] WIN    25 turns   aiohto, broly, aang  vs  semiramis, toga, diane
[ 256/300 ] WIN    15 turns   aiohto, tamaki, diane  vs  kid, yubel, ban
[ 257/300 ] LOSS   18 turns   aiohto, gojo, yuji  vs  nimaiya, genos, itachi
[ 258/300 ] WIN    27 turns   aiohto, ban, ganta  vs  hisoka, nonon, nel
[ 259/300 ] LOSS   17 turns   aiohto, squalo, korra  vs  naruto, semiramis, seventeen
[ 260/300 ] WIN    20 turns   aiohto, semiramis, tsubaki  vs  gohan, allmight, tsunayoshi
[ 261/300 ] WIN    16 turns   aiohto, gohan, squalo  vs  toga, astolfo, chrome
Yubel's S1 Triggered!
[ 262/300 ] WIN    40 turns   aiohto, mine, jupiter  vs  noelle, yubel, tanjiro
[ 263/300 ] LOSS   18 turns   aiohto, meliodas, mami  vs  asta, cell, shinoa
[ 264/300 ] LOSS   14 turns   aiohto, cooler, natsu  vs  seventeen, uraraka, megumin
Applying bleed effect! Checking special code
Applying bleed effect! Checking special code
Applying bleed effect! Checking special code
Applying bleed effect! Checking special code
Applying bleed effect! Checking special code
Applying bleed effect! Checking special code
Applying bleed effect! Checking special code
Applying bleed effect! Checking special code
Applying bleed effect! Checking special code
Applying bleed effect! Checking special code
Applying bleed effect! Checking special code
[ 265/300 ] WIN    17 turns   aiohto, ken, jeanne  vs  kurotsuchi, impmon, king
[ 266/300 ] LOSS   38 turns   aiohto, rob, noelle  vs  tamaki, nonon, tatsumaki
[ 267/300 ] WIN    35 turns   aiohto, ace, tsubasa  vs  orihime, byakuya, jesse
[ 268/300 ] WIN    13 turns   aiohto, goku, gon  vs  ace, blackwargreymon, kid
Applying bleed effect! Checking special code
[ 269/300 ] WIN    18 turns   aiohto, itachi, kitara  vs  renamon, toga, rakko
[ 270/300 ] LOSS   20 turns   aiohto, todoroki, myotismon  vs  omnimon, noelle, adam
[ 271/300 ] WIN    19 turns   aiohto, minene, gojo  vs  nonon, gallantmon, levi
[ 272/300 ] LOSS   13 turns   aiohto, tsunayoshi, venus  vs  megumin, mavis, kuroko
Yubel's S1 Triggered!
[ 273/300 ] WIN    20 turns   aiohto, squalo, shokuhou  vs  hibari, uranus, yubel
[ 274/300 ] WIN    18 turns   aiohto, yamamoto, boruto  vs  toudou, ryohei, inuyasha
[ 275/300 ] LOSS   16 turns   aiohto, jeanne, asta  vs  veldora, zoro, yugi
[ 276/300 ] WIN    18 turns   aiohto, rob, todoroki  vs  orihime, ganta, neferpitou
[ 277/300 ] LOSS   16 turns   aiohto, levi, machinedramon  vs  madoka, asta, megumin
[ 278/300 ] LOSS   26 turns   aiohto, kid, edward  vs  chrome, omnimon, lizandpatty
[ 279/300 ] WIN    17 turns   aiohto, jack, machinedramon  vs  tamaki, tanjiro, jinwoo
[ 280/300 ] LOSS   30 turns   aiohto, luffy, jaden  vs  soul, gray, nobara
[ 281/300 ] WIN    19 turns   aiohto, edward, maka  vs  tsuyu, yubel, hibari
Applying bleed effect! Checking special code
Applying bleed effect! Checking special code
Applying bleed effect! Checking special code
Applying bleed effect! Checking special code
Applying bleed effect! Checking special code
Applying bleed effect! Checking special code
[ 282/300 ] WIN    16 turns   aiohto, gatomon, tsubaki  vs  astolfo, blackstar, king
[ 283/300 ] LOSS   15 turns   aiohto, cooler, yugi  vs  gallantmon, adam, nimaiya
[ 284/300 ] LOSS   30 turns   aiohto, mars, lucy  vs  toudou, kurotsuchi, saber
[ 285/300 ] WIN    17 turns   aiohto, jaden, horohoro  vs  akame, mami, gohan
Applying bleed effect! Checking special code
Applying bleed effect! Checking special code
Applying bleed effect! Checking special code
Applying bleed effect! Checking special code
Applying bleed effect! Checking special code
[ 286/300 ] WIN    44 turns   aiohto, power, naruto  vs  gray, omnimon, rakko
[ 287/300 ] LOSS   13 turns   aiohto, killua, rimuru  vs  saitama, asta, horohoro
Applying bleed effect! Checking special code
Applying bleed effect! Checking special code
[ 288/300 ] WIN    15 turns   aiohto, gilgamesh, uraraka  vs  rengoku, yoh, tsubasa
[ 289/300 ] LOSS   16 turns   aiohto, korra, rimuru  vs  horohoro, lucy, yuji
[ 290/300 ] LOSS   34 turns   aiohto, jesse, misaka  vs  renamon, yugi, mars
[ 291/300 ] WIN    21 turns   aiohto, hawkmon, goku  vs  megumin, tanjiro, myotismon
[ 292/300 ] LOSS   18 turns   aiohto, genos, megumi  vs  death, sayaka, uranus
[ 293/300 ] LOSS   26 turns   aiohto, shinoa, aang  vs  lyserg, machinedramon, yuji
[ 294/300 ] WIN    24 turns   aiohto, denji, yamamoto  vs  allmight, machinedramon, tatsumaki
[ 295/300 ] WIN    28 turns   aiohto, uraraka, myotismon  vs  nagisa, sukuna, adam
[ 296/300 ] WIN    23 turns   aiohto, rimuru, halibel  vs  kuroko, tsunayoshi, yuji
[ 297/300 ] LOSS   52 turns   aiohto, toji, yamamoto  vs  ichigo, seventeen, tsunayoshi
[ 298/300 ] LOSS   21 turns   aiohto, tsubasa, blackwargreymon  vs  death, jaden, adam
Yubel's S1 Triggered!
[ 299/300 ] WIN    18 turns   aiohto, sakura, nagisa  vs  astolfo, emiyaarcher, yubel
[ 300/300 ] LOSS   14 turns   aiohto, crona, allmight  vs  toph, ganta, megumi
=== TRAINER RUN COMPLETE ===
Matches: 300   W: 176   L: 124   D: 0   Win: 58.7%   (opponent: v3:focused_current.json  [EVAL])
