Godot Engine v4.6.2.stable.official.71f334935 - https://godotengine.org

[trainer] seed=61000 matches=700 opponent=self eval=false out=res://training/checkpoints/focus_naruto/w0.json checkpoint=res://training/checkpoints/focus_naruto/baseline.json
[authored] loaded 1 authored character(s)
[   1/700 ] WIN    16 turns   naruto, jaden, kid  vs  saitama, jack, megumin
Applying bleed effect! Checking special code
Applying bleed effect! Checking special code
Applying bleed effect! Checking special code
Applying bleed effect! Checking special code
Applying bleed effect! Checking special code
Applying bleed effect! Checking special code
Applying bleed effect! Checking special code
Applying bleed effect! Checking special code
[   2/700 ] WIN    20 turns   naruto, inosuke, rakko  vs  gon, soul, tatsumaki
[   3/700 ] WIN    15 turns   naruto, todoroki, erza  vs  tsubaki, yuno, machinedramon
[   4/700 ] WIN    15 turns   naruto, jupiter, yamamoto  vs  mami, ryuko, tsubaki
[   5/700 ] WIN    18 turns   naruto, hawkmon, touka  vs  jeanne, kid, inuyasha
[   6/700 ] WIN    12 turns   naruto, venus, hibari  vs  ganta, hisoka, veldora
[   7/700 ] WIN    23 turns   naruto, kitara, veldora  vs  akame, lyserg, gallantmon
Applying bleed effect! Checking special code
Applying bleed effect! Checking special code
Applying bleed effect! Checking special code
Applying bleed effect! Checking special code
Applying bleed effect! Checking special code
Applying bleed effect! Checking special code
Applying bleed effect! Checking special code
Applying bleed effect! Checking special code
[   8/700 ] LOSS   35 turns   naruto, cell, nel  vs  zenitsu, hashirama, king
[   9/700 ] LOSS   41 turns   naruto, gojo, lucy  vs  gogeta, arthur, aang
Applying bleed effect! Checking special code
Applying bleed effect! Checking special code
Applying bleed effect! Checking special code
[  10/700 ] LOSS   27 turns   naruto, midoriya, arthur  vs  gogeta, denji, venus
[  11/700 ] WIN    16 turns   naruto, hashirama, yubel  vs  blackstar, mami, byakuya
[  12/700 ] LOSS   36 turns   naruto, tatsumaki, squalo  vs  kaiba, minene, kurapika
Applying bleed effect! Checking special code
[  13/700 ] WIN    35 turns   naruto, alphonse, power  vs  jupiter, aiohto, tsuyu
[  14/700 ] WIN    36 turns   naruto, allmight, satsuki  vs  nonon, mars, shinra
[  15/700 ] WIN    18 turns   naruto, cell, shinra  vs  rimuru, mash, ryuko
[  16/700 ] WIN    16 turns   naruto, seventeen, hashirama  vs  tokoyami, omnimon, lizandpatty
[  17/700 ] LOSS   29 turns   naruto, alphamon, byakuya  vs  megumi, bakugo, mavis
[  18/700 ] WIN    22 turns   naruto, halibel, venus  vs  ban, kaiba, omnimon
[  19/700 ] WIN    20 turns   naruto, hashirama, xanxus  vs  yubel, myotismon, hibari
[  20/700 ] WIN    18 turns   naruto, mash, misaka  vs  erza, lyserg, korra
[  21/700 ] WIN    16 turns   naruto, goku, usopp  vs  sasuke, toph, halibel
Applying bleed effect! Checking special code
Applying bleed effect! Checking special code
Applying bleed effect! Checking special code
Applying bleed effect! Checking special code
Applying bleed effect! Checking special code
Applying bleed effect! Checking special code
Applying bleed effect! Checking special code
Applying bleed effect! Checking special code
[  22/700 ] LOSS   24 turns   naruto, mami, king  vs  nel, gatomon, akame
Applying bleed effect! Checking special code
[  23/700 ] WIN    19 turns   naruto, eren, bakugo  vs  myotismon, uraraka, inosuke
[  24/700 ] LOSS   23 turns   naruto, satsuki, tatsumaki  vs  semiramis, megumi, gilgamesh
[  25/700 ] LOSS   22 turns   naruto, orihime, semiramis  vs  esdeath, ladydevimon, renamon
[  26/700 ] WIN    39 turns   naruto, marco, yamamoto  vs  toph, aiohto, pegasus
[  27/700 ] WIN    17 turns   naruto, nel, jack  vs  gunha, arthur, ryuko
[  28/700 ] WIN    24 turns   naruto, esdeath, yuji  vs  midoriya, zoro, byakuya
[  29/700 ] WIN    17 turns   naruto, mavis, seventeen  vs  aang, genos, mash
Applying bleed effect! Checking special code
Applying bleed effect! Checking special code
Applying bleed effect! Checking special code
Applying bleed effect! Checking special code
Applying bleed effect! Checking special code
Applying bleed effect! Checking special code
Applying bleed effect! Checking special code
Applying bleed effect! Checking special code
Applying bleed effect! Checking special code
Applying bleed effect! Checking special code
[  30/700 ] LOSS   24 turns   naruto, pegasus, rakko  vs  nezuko, ken, ace
[  31/700 ] LOSS   25 turns   naruto, megumi, squalo  vs  nel, gallantmon, frankenstein
[  32/700 ] WIN    18 turns   naruto, squalo, alphonse  vs  jack, jupiter, kurapika
[  33/700 ] LOSS   43 turns   naruto, tamaki, lucy  vs  satsuki, gatomon, alphamon
[  34/700 ] WIN    24 turns   naruto, jeanne, natsu  vs  semiramis, todoroki, gojo
[  35/700 ] WIN    21 turns   naruto, hisoka, eren  vs  jeanne, hawkmon, blackwargreymon
[  36/700 ] WIN    16 turns   naruto, blackstar, vegeta  vs  killua, veldora, allmight
[  37/700 ] LOSS   25 turns   naruto, alphonse, pegasus  vs  kitara, sasuke, mine
[  38/700 ] WIN    22 turns   naruto, kurapika, bakugo  vs  hibari, touka, erza
[  39/700 ] WIN    33 turns   naruto, blackstar, kurotsuchi  vs  tanjiro, marco, veldora
Applying bleed effect! Checking special code
Applying bleed effect! Checking special code
Applying bleed effect! Checking special code
[  40/700 ] WIN    36 turns   naruto, emiya, diane  vs  natsu, misaka, squalo
Applying bleed effect! Checking special code
Applying bleed effect! Checking special code
Applying bleed effect! Checking special code
Applying bleed effect! Checking special code
Applying bleed effect! Checking special code
Applying bleed effect! Checking special code
Applying bleed effect! Checking special code
Applying bleed effect! Checking special code
[  41/700 ] WIN    24 turns   naruto, rengoku, tatsumaki  vs  astolfo, megumi, rimuru
[  42/700 ] LOSS   53 turns   naruto, blackwargreymon, ichibe  vs  gatomon, shokuhou, mavis
[  43/700 ] WIN    20 turns   naruto, asta, kaiba  vs  mercury, cooler, inosuke
[  44/700 ] WIN    28 turns   naruto, frieren, alphamon  vs  adam, natsu, halibel
[  45/700 ] WIN    22 turns   naruto, hisoka, boruto  vs  zenitsu, ichigo, minene
Applying bleed effect! Checking special code
[  46/700 ] WIN    24 turns   naruto, mikasa, touka  vs  goku, adam, diane
[  47/700 ] WIN    17 turns   naruto, luffy, shokuhou  vs  toji, akame, crona
[  48/700 ] LOSS   13 turns   naruto, diane, jeanne  vs  rimuru, jack, madoka
[  49/700 ] WIN    34 turns   naruto, tsuyu, mine  vs  megumi, venus, usopp
[  50/700 ] LOSS   20 turns   naruto, yoh, squalo  vs  hibari, ryuko, ryohei
[  51/700 ] WIN    16 turns   naruto, killua, edward  vs  sukuna, mami, tatsumi
[  52/700 ] LOSS   27 turns   naruto, lyserg, tatsumi  vs  tsubasa, rob, uraraka
[  53/700 ] LOSS   19 turns   naruto, nel, tsubasa  vs  neferpitou, ladydevimon, nimaiya
[  54/700 ] WIN    27 turns   naruto, kurapika, shinra  vs  levi, kid, yugi
Applying bleed effect! Checking special code
[  55/700 ] WIN    46 turns   naruto, allmight, erza  vs  uzui, power, toji
[  56/700 ] LOSS   87 turns   naruto, genos, yugi  vs  blackwargreymon, yamamoto, ryohei
[  57/700 ] LOSS   30 turns   naruto, tsunayoshi, ichibe  vs  nel, frieren, ganta
[  58/700 ] LOSS   17 turns   naruto, esdeath, gunha  vs  horohoro, nimaiya, impmon
[  59/700 ] LOSS   23 turns   naruto, kaiba, asta  vs  madoka, orihime, gallantmon
[  60/700 ] LOSS   33 turns   naruto, emiyaarcher, tokoyami  vs  kuroko, tsubaki, gray
[  61/700 ] WIN    19 turns   naruto, ladydevimon, impmon  vs  levi, soul, horohoro
[  62/700 ] WIN    23 turns   naruto, ryohei, death  vs  toga, arthur, toph
[  63/700 ] LOSS   17 turns   naruto, emiyaarcher, shokuhou  vs  ryuko, byakuya, toudou
Applying bleed effect! Checking special code
Applying bleed effect! Checking special code
Applying bleed effect! Checking special code
Applying bleed effect! Checking special code
Applying bleed effect! Checking special code
Applying bleed effect! Checking special code
Applying bleed effect! Checking special code
Applying bleed effect! Checking special code
[  64/700 ] LOSS   19 turns   naruto, king, sakura  vs  mercury, nimaiya, mavis
[  65/700 ] LOSS   20 turns   naruto, squalo, saitama  vs  satsuki, tatsumi, shinra
[  66/700 ] LOSS   10 turns   naruto, squalo, machinedramon  vs  hashirama, aang, mercury
[  67/700 ] LOSS   29 turns   naruto, tsubaki, orihime  vs  hibari, broly, squalo
[  68/700 ] WIN    14 turns   naruto, jupiter, emiya  vs  byakuya, pegasus, nimaiya
[  69/700 ] LOSS   20 turns   naruto, gojo, ryuko  vs  midoriya, toji, lyserg
[  70/700 ] LOSS   37 turns   naruto, nezuko, arthur  vs  gallantmon, satsuki, uranus
[  71/700 ] WIN    12 turns   naruto, rimuru, seventeen  vs  jeanne, kurotsuchi, ichigo
Applying bleed effect! Checking special code
Applying bleed effect! Checking special code
Applying bleed effect! Checking special code
[  72/700 ] LOSS   27 turns   naruto, frieren, rengoku  vs  nagisa, eren, toudou
[  73/700 ] WIN    25 turns   naruto, gilgamesh, broly  vs  death, uzui, squalo
Applying bleed effect! Checking special code
Applying bleed effect! Checking special code
Applying bleed effect! Checking special code
[  74/700 ] LOSS   25 turns   naruto, inosuke, adam  vs  kid, cooler, jinwoo
[  75/700 ] WIN    19 turns   naruto, esdeath, gojo  vs  horohoro, nezuko, byakuya
[  76/700 ] LOSS   28 turns   naruto, marco, mine  vs  shokuhou, arthur, alphamon
Applying bleed effect! Checking special code
Applying bleed effect! Checking special code
[  77/700 ] LOSS   29 turns   naruto, inosuke, horohoro  vs  killua, mine, hinata
[  78/700 ] WIN    25 turns   naruto, byakuya, satsuki  vs  arthur, gasai, jesse
Applying bleed effect! Checking special code
Applying bleed effect! Checking special code
[  79/700 ] WIN    39 turns   naruto, tsunayoshi, tsuyu  vs  pegasus, denji, veldora
[  80/700 ] LOSS   48 turns   naruto, uraraka, marco  vs  gasai, shinra, tsuyu
[  81/700 ] LOSS   23 turns   naruto, crona, impmon  vs  toji, chrome, gohan
[  82/700 ] WIN    14 turns   naruto, mercury, alphamon  vs  emiyaarcher, yamamoto, tamaki
[  83/700 ] WIN   226 turns   naruto, megumi, toji  vs  touka, toga, jaden
[  84/700 ] WIN    29 turns   naruto, gunha, kitara  vs  tatsumaki, shiro, gojo
[  85/700 ] LOSS   26 turns   naruto, akame, mash  vs  ace, aiohto, mami
Applying bleed effect! Checking special code
[  86/700 ] WIN    27 turns   naruto, minene, crona  vs  denji, king, kuroko
Applying bleed effect! Checking special code
Applying bleed effect! Checking special code
Applying bleed effect! Checking special code
Applying bleed effect! Checking special code
Applying bleed effect! Checking special code
Applying bleed effect! Checking special code
Applying bleed effect! Checking special code
Applying bleed effect! Checking special code
Applying bleed effect! Checking special code
Applying bleed effect! Checking special code
Applying bleed effect! Checking special code
Applying bleed effect! Checking special code
Applying bleed effect! Checking special code
Applying bleed effect! Checking special code
Applying bleed effect! Checking special code
[  87/700 ] WIN    25 turns   naruto, rakko, king  vs  horohoro, hawkmon, nonon
[  88/700 ] WIN    20 turns   naruto, zenitsu, megumin  vs  machinedramon, gohan, orihime
[  89/700 ] WIN    19 turns   naruto, halibel, nagisa  vs  emiya, blackstar, cooler
[  90/700 ] LOSS   18 turns   naruto, shokuhou, megumi  vs  erza, nonon, sheele
[  91/700 ] LOSS   19 turns   naruto, inuyasha, jeanne  vs  tanjiro, asta, shinoa
[  92/700 ] LOSS   16 turns   naruto, esdeath, hibari  vs  nagisa, ryohei, nel
[  93/700 ] LOSS   30 turns   naruto, gasai, tatsumi  vs  aiohto, nobara, gon
[  94/700 ] LOSS   29 turns   naruto, korra, yoh  vs  blackwargreymon, asta, kitara
[  95/700 ] WIN    17 turns   naruto, meliodas, semiramis  vs  shinoa, blackwargreymon, cooler
Applying bleed effect! Checking special code
[  96/700 ] WIN    29 turns   naruto, gon, sasuke  vs  misaka, rengoku, blackstar
Applying bleed effect! Checking special code
[  97/700 ] LOSS   15 turns   naruto, mars, lyserg  vs  astolfo, shinoa, rakko
Applying bleed effect! Checking special code
Applying bleed effect! Checking special code
Applying bleed effect! Checking special code
[  98/700 ] WIN    29 turns   naruto, erza, minene  vs  power, astolfo, uzui
[  99/700 ] WIN    18 turns   naruto, nagisa, nobara  vs  emiyaarcher, soul, lyserg
Applying bleed effect! Checking special code
Applying bleed effect! Checking special code
[ 100/700 ] LOSS   30 turns   naruto, megumi, inosuke  vs  ban, ryuko, xanxus
[ 101/700 ] WIN    18 turns   naruto, ichigo, minene  vs  ryohei, noelle, tsubasa
[ 102/700 ] LOSS   14 turns   naruto, ryohei, yoh  vs  satsuki, nimaiya, venus
Applying bleed effect! Checking special code
Applying bleed effect! Checking special code
[ 103/700 ] LOSS   23 turns   naruto, jack, emiyaarcher  vs  rengoku, uranus, toga
[ 104/700 ] LOSS   22 turns   naruto, myotismon, killua  vs  chrome, mercury, jaden
Applying bleed effect! Checking special code
Applying bleed effect! Checking special code
[ 105/700 ] DRAW  500 turns   naruto, lucy, jeanne  vs  power, jesse, gallantmon
[ 106/700 ] WIN    18 turns   naruto, omnimon, megumi  vs  allmight, myotismon, tatsumi
[ 107/700 ] LOSS   20 turns   naruto, power, aiohto  vs  natsu, killua, todoroki
[ 108/700 ] WIN    28 turns   naruto, tsubaki, sukuna  vs  yoh, saitama, megumi
[ 109/700 ] WIN    22 turns   naruto, horohoro, broly  vs  gon, tamaki, saber
Applying bleed effect! Checking special code
Applying bleed effect! Checking special code
Applying bleed effect! Checking special code
Applying bleed effect! Checking special code
Applying bleed effect! Checking special code
[ 110/700 ] LOSS   31 turns   naruto, gohan, rengoku  vs  edward, astolfo, sasuke
[ 111/700 ] WIN    17 turns   naruto, frankenstein, sukuna  vs  blackwargreymon, saitama, todoroki
[ 112/700 ] LOSS   28 turns   naruto, minene, mami  vs  ganta, kurotsuchi, ladydevimon
[ 113/700 ] LOSS   18 turns   naruto, inuyasha, muichiro  vs  levi, erza, maka
Applying bleed effect! Checking special code
[ 114/700 ] WIN    19 turns   naruto, power, mercury  vs  kaiba, korra, akame
[ 115/700 ] WIN    18 turns   naruto, alphamon, sakura  vs  hawkmon, aang, adam
[ 116/700 ] WIN    32 turns   naruto, horohoro, mami  vs  bakugo, maka, akame
[ 117/700 ] LOSS   56 turns   naruto, ryohei, emiyaarcher  vs  orihime, kaiba, itachi
[ 118/700 ] LOSS   15 turns   naruto, alphamon, lucy  vs  shinra, saitama, ichigo
[ 119/700 ] LOSS   16 turns   naruto, byakuya, yoh  vs  ryuko, veldora, eren
[ 120/700 ] LOSS   15 turns   naruto, rimuru, jack  vs  gojo, emiyaarcher, asta
Applying bleed effect! Checking special code
Applying bleed effect! Checking special code
Applying bleed effect! Checking special code
Applying bleed effect! Checking special code
Applying bleed effect! Checking special code
Applying bleed effect! Checking special code
Applying bleed effect! Checking special code
Applying bleed effect! Checking special code
Applying bleed effect! Checking special code
[ 121/700 ] WIN    20 turns   naruto, hisoka, ken  vs  inosuke, megumin, rakko
[ 122/700 ] WIN    14 turns   naruto, ace, alphamon  vs  shiro, cell, gohan
[ 123/700 ] LOSS   19 turns   naruto, zenitsu, aang  vs  sakura, asta, gojo
[ 124/700 ] LOSS   21 turns   naruto, ryohei, kid  vs  yuno, todoroki, megumin
[ 125/700 ] LOSS   19 turns   naruto, edward, veldora  vs  yoh, neferpitou, tatsumi
[ 126/700 ] WIN    18 turns   naruto, sukuna, meliodas  vs  inuyasha, uranus, frankenstein
[ 127/700 ] WIN    17 turns   naruto, cooler, saturn  vs  shiro, mercury, gilgamesh
Applying bleed effect! Checking special code
Applying bleed effect! Checking special code
Applying bleed effect! Checking special code
[ 128/700 ] WIN    59 turns   naruto, hisoka, rengoku  vs  kaiba, muichiro, semiramis
Applying bleed effect! Checking special code
Applying bleed effect! Checking special code
[ 129/700 ] LOSS   32 turns   naruto, diane, mikasa  vs  vegeta, astolfo, nonon
[ 130/700 ] LOSS   23 turns   naruto, misaka, kurapika  vs  power, hashirama, toji
[ 131/700 ] WIN    21 turns   naruto, nimaiya, tokoyami  vs  ban, chrome, veldora
[ 132/700 ] LOSS   13 turns   naruto, tatsumaki, chrome  vs  natsu, meliodas, satsuki
[ 133/700 ] WIN    16 turns   naruto, gilgamesh, rimuru  vs  orihime, zoro, uraraka
[ 134/700 ] WIN    21 turns   naruto, ban, yuno  vs  mami, jack, lucy
[ 135/700 ] WIN    17 turns   naruto, satsuki, emiya  vs  usopp, semiramis, rakko
Applying bleed effect! Checking special code
[ 136/700 ] WIN    22 turns   naruto, power, hisoka  vs  emiyaarcher, koro, squalo
[ 137/700 ] WIN    28 turns   naruto, muichiro, zenitsu  vs  cell, erza, jaden
[ 138/700 ] WIN    27 turns   naruto, mavis, myotismon  vs  semiramis, inuyasha, broly
Applying bleed effect! Checking special code
Applying bleed effect! Checking special code
Applying bleed effect! Checking special code
Applying bleed effect! Checking special code
Applying bleed effect! Checking special code
Applying bleed effect! Checking special code
Applying bleed effect! Checking special code
[ 139/700 ] LOSS   16 turns   naruto, blackwargreymon, king  vs  aang, hashirama, ace
[ 140/700 ] WIN    19 turns   naruto, hisoka, asta  vs  yuno, mine, byakuya
[ 141/700 ] WIN    19 turns   naruto, nonon, aang  vs  gohan, gray, ryohei
[ 142/700 ] LOSS   17 turns   naruto, gasai, hawkmon  vs  gon, gallantmon, vegeta
Applying bleed effect! Checking special code
[ 143/700 ] WIN    16 turns   naruto, gilgamesh, ladydevimon  vs  akame, mami, diane
[ 144/700 ] LOSS   50 turns   naruto, koro, eren  vs  hinata, esdeath, hashirama
[ 145/700 ] WIN    21 turns   naruto, rimuru, minene  vs  soul, tsubaki, mine
[ 146/700 ] WIN    38 turns   naruto, jaden, kaiba  vs  vegeta, allmight, usopp
Applying bleed effect! Checking special code
Applying bleed effect! Checking special code
Applying bleed effect! Checking special code
Applying bleed effect! Checking special code
Applying bleed effect! Checking special code
[ 147/700 ] LOSS   22 turns   naruto, erza, impmon  vs  yuji, kuroko, rakko
[ 148/700 ] WIN    34 turns   naruto, hisoka, maka  vs  gilgamesh, tanjiro, lucy
Applying bleed effect! Checking special code
Applying bleed effect! Checking special code
[ 149/700 ] LOSS   37 turns   naruto, megumi, todoroki  vs  rakko, kurotsuchi, minene
[ 150/700 ] WIN    41 turns   naruto, todoroki, squalo  vs  noelle, esdeath, edward
[ 151/700 ] WIN    22 turns   naruto, impmon, aiohto  vs  jesse, kaiba, broly
[ 152/700 ] WIN    54 turns   naruto, gray, meliodas  vs  orihime, toudou, bakugo
[ 153/700 ] LOSS   15 turns   naruto, blackwargreymon, cooler  vs  venus, inuyasha, marco
Applying bleed effect! Checking special code
Applying bleed effect! Checking special code
[ 154/700 ] WIN    19 turns   naruto, halibel, neferpitou  vs  emiya, diane, kid
[ 155/700 ] LOSS   28 turns   naruto, sakura, shiro  vs  ryuko, hisoka, yuji
Applying bleed effect! Checking special code
Applying bleed effect! Checking special code
Applying bleed effect! Checking special code
Applying bleed effect! Checking special code
Applying bleed effect! Checking special code
Applying bleed effect! Checking special code
[ 156/700 ] WIN    35 turns   naruto, cell, uzui  vs  venus, inosuke, gray
Applying bleed effect! Checking special code
Applying bleed effect! Checking special code
Applying bleed effect! Checking special code
Applying bleed effect! Checking special code
Applying bleed effect! Checking special code
[ 157/700 ] WIN    25 turns   naruto, ganta, nagisa  vs  nobara, mine, ken
Applying bleed effect! Checking special code
Applying bleed effect! Checking special code
Applying bleed effect! Checking special code
Applying bleed effect! Checking special code
Applying bleed effect! Checking special code
Applying bleed effect! Checking special code
Applying bleed effect! Checking special code
[ 158/700 ] LOSS   13 turns   naruto, saber, shinra  vs  saitama, ken, asta
[ 159/700 ] WIN    18 turns   naruto, ace, jinwoo  vs  zoro, shiro, omnimon
Applying bleed effect! Checking special code
Applying bleed effect! Checking special code
Applying bleed effect! Checking special code
Applying bleed effect! Checking special code
[ 160/700 ] WIN    20 turns   naruto, yamamoto, king  vs  maka, crona, venus
[ 161/700 ] WIN    22 turns   naruto, boruto, akame  vs  tamaki, saitama, sukuna
[ 162/700 ] LOSS   17 turns   naruto, meliodas, hawkmon  vs  lucy, yuno, hashirama
[ 163/700 ] WIN    16 turns   naruto, alphonse, machinedramon  vs  hawkmon, sukuna, edward
[ 164/700 ] WIN    31 turns   naruto, marco, jinwoo  vs  tsunayoshi, hisoka, goku
[ 165/700 ] WIN    29 turns   naruto, blackwargreymon, machinedramon  vs  hibari, myotismon, uranus
Applying bleed effect! Checking special code
Applying bleed effect! Checking special code
Applying bleed effect! Checking special code
Applying bleed effect! Checking special code
Applying bleed effect! Checking special code
Applying bleed effect! Checking special code
Applying bleed effect! Checking special code
Applying bleed effect! Checking special code
Applying bleed effect! Checking special code
Applying bleed effect! Checking special code
Applying bleed effect! Checking special code
Applying bleed effect! Checking special code
[ 166/700 ] WIN    29 turns   naruto, sheele, shinra  vs  marco, king, yugi
Applying bleed effect! Checking special code
Applying bleed effect! Checking special code
[ 167/700 ] WIN    14 turns   naruto, kuroko, diane  vs  gray, allmight, frieren
[ 168/700 ] LOSS   51 turns   naruto, tsuyu, kitara  vs  maka, sasuke, ban
[ 169/700 ] LOSS   26 turns   naruto, rob, ganta  vs  death, tatsumaki, frieren
[ 170/700 ] LOSS   26 turns   naruto, muichiro, jinwoo  vs  nel, madoka, alphamon
[ 171/700 ] WIN    26 turns   naruto, hashirama, megumi  vs  yubel, hinata, toji
[ 172/700 ] LOSS   18 turns   naruto, shiro, tatsumi  vs  gohan, nimaiya, orihime
Applying bleed effect! Checking special code
Applying bleed effect! Checking special code
[ 173/700 ] LOSS   16 turns   naruto, tsuyu, rengoku  vs  saber, gon, gohan
[ 174/700 ] WIN    24 turns   naruto, noelle, cooler  vs  byakuya, veldora, toga
[ 175/700 ] WIN    18 turns   naruto, ladydevimon, inuyasha  vs  eren, ban, toji
[ 176/700 ] WIN    20 turns   naruto, cooler, midoriya  vs  gojo, hisoka, tokoyami
Applying bleed effect! Checking special code
Applying bleed effect! Checking special code
[ 177/700 ] WIN    33 turns   naruto, tsubasa, saitama  vs  denji, hinata, jeanne
[ 178/700 ] WIN    20 turns   naruto, vegeta, gon  vs  mikasa, nonon, astolfo
[ 179/700 ] WIN    24 turns   naruto, saitama, ban  vs  muichiro, tatsumaki, hisoka
[ 180/700 ] WIN    26 turns   naruto, emiyaarcher, zoro  vs  tsunayoshi, erza, shiro
[ 181/700 ] WIN    35 turns   naruto, tokoyami, nonon  vs  ace, mars, megumin
[ 182/700 ] WIN    21 turns   naruto, kuroko, tsubaki  vs  tanjiro, tamaki, alphonse
Applying bleed effect! Checking special code
Applying bleed effect! Checking special code
[ 183/700 ] WIN    23 turns   naruto, ban, toji  vs  allmight, denji, nel
[ 184/700 ] LOSS   31 turns   naruto, horohoro, levi  vs  satsuki, shinra, hibari
[ 185/700 ] LOSS   65 turns   naruto, toga, levi  vs  soul, gon, gallantmon
[ 186/700 ] WIN    30 turns   naruto, usopp, emiya  vs  nezuko, pegasus, tsuyu
[ 187/700 ] WIN    22 turns   naruto, zenitsu, akame  vs  toji, yugi, xanxus
[ 188/700 ] LOSS   23 turns   naruto, hibari, koro  vs  seventeen, tsubasa, yuji
[ 189/700 ] WIN    26 turns   naruto, marco, usopp  vs  sakura, tatsumi, shiro
[ 190/700 ] WIN    21 turns   naruto, byakuya, inuyasha  vs  pegasus, shiro, squalo
[ 191/700 ] WIN    24 turns   naruto, nobara, sukuna  vs  touka, orihime, todoroki
[ 192/700 ] LOSS   40 turns   naruto, tatsumaki, levi  vs  adam, lyserg, gunha
[ 193/700 ] WIN    27 turns   naruto, shinra, nel  vs  shiro, lyserg, kaiba
[ 194/700 ] WIN    32 turns   naruto, gallantmon, uzui  vs  ganta, uraraka, tatsumaki
[ 195/700 ] WIN    28 turns   naruto, noelle, itachi  vs  alphonse, nonon, jeanne
Applying bleed effect! Checking special code
Applying bleed effect! Checking special code
Applying bleed effect! Checking special code
Applying bleed effect! Checking special code
Applying bleed effect! Checking special code
Applying bleed effect! Checking special code
Applying bleed effect! Checking special code
Applying bleed effect! Checking special code
Applying bleed effect! Checking special code
Applying bleed effect! Checking special code
[ 196/700 ] LOSS   27 turns   naruto, maka, king  vs  itachi, mars, tamaki
Applying bleed effect! Checking special code
[ 197/700 ] LOSS   33 turns   naruto, denji, saturn  vs  shinoa, toph, satsuki
[ 198/700 ] LOSS   26 turns   naruto, usopp, touka  vs  byakuya, saturn, impmon
[ 199/700 ] WIN    38 turns   naruto, tsubaki, mars  vs  yuji, erza, yamamoto
[ 200/700 ] LOSS   49 turns   naruto, tatsumaki, mine  vs  jeanne, broly, levi
[ 201/700 ] WIN    20 turns   naruto, impmon, edward  vs  sheele, killua, tsubaki
[ 202/700 ] WIN    66 turns   naruto, ace, zoro  vs  marco, ban, esdeath
[ 203/700 ] LOSS   20 turns   naruto, mami, sakura  vs  jack, denji, renamon
Applying bleed effect! Checking special code
Applying bleed effect! Checking special code
Applying bleed effect! Checking special code
Applying bleed effect! Checking special code
Applying bleed effect! Checking special code
Applying bleed effect! Checking special code
Applying bleed effect! Checking special code
[ 204/700 ] LOSS   31 turns   naruto, arthur, omnimon  vs  marco, rengoku, asta
Applying bleed effect! Checking special code
Applying bleed effect! Checking special code
Applying bleed effect! Checking special code
Applying bleed effect! Checking special code
Applying bleed effect! Checking special code
Applying bleed effect! Checking special code
Applying bleed effect! Checking special code
Applying bleed effect! Checking special code
[ 205/700 ] WIN    14 turns   naruto, byakuya, king  vs  semiramis, rob, nobara
[ 206/700 ] WIN    16 turns   naruto, neferpitou, mercury  vs  gon, byakuya, todoroki
[ 207/700 ] WIN    24 turns   naruto, gojo, marco  vs  veldora, mami, saitama
Applying bleed effect! Checking special code
Applying bleed effect! Checking special code
Applying bleed effect! Checking special code
Applying bleed effect! Checking special code
[ 208/700 ] LOSS   30 turns   naruto, nonon, denji  vs  tatsumi, gunha, nimaiya
[ 209/700 ] LOSS   16 turns   naruto, luffy, myotismon  vs  hisoka, megumi, impmon
Yubel's S1 Triggered!
[ 210/700 ] WIN    29 turns   naruto, toudou, blackstar  vs  yubel, myotismon, cooler
[ 211/700 ] WIN    21 turns   naruto, jaden, tsubasa  vs  emiyaarcher, myotismon, lizandpatty
Applying bleed effect! Checking special code
Applying bleed effect! Checking special code
Applying bleed effect! Checking special code
Applying bleed effect! Checking special code
[ 212/700 ] WIN    15 turns   naruto, mercury, lucy  vs  rakko, inosuke, korra
[ 213/700 ] WIN    20 turns   naruto, gohan, jack  vs  yoh, hisoka, killua
[ 214/700 ] WIN    20 turns   naruto, seventeen, korra  vs  gunha, soul, sasuke
Applying bleed effect! Checking special code
[ 215/700 ] LOSS   17 turns   naruto, ryuko, tatsumaki  vs  luffy, pegasus, denji
[ 216/700 ] WIN    40 turns   naruto, venus, kitara  vs  levi, soul, aiohto
[ 217/700 ] WIN    55 turns   naruto, uranus, kitara  vs  sheele, nonon, uraraka
[ 218/700 ] WIN    38 turns   naruto, aang, megumi  vs  lyserg, halibel, toph
[ 219/700 ] LOSS   22 turns   naruto, omnimon, saber  vs  ganta, ban, luffy
[ 220/700 ] LOSS   17 turns   naruto, venus, zoro  vs  nimaiya, gunha, tsubasa
Applying bleed effect! Checking special code
Applying bleed effect! Checking special code
Applying bleed effect! Checking special code
Applying bleed effect! Checking special code
Applying bleed effect! Checking special code
[ 221/700 ] WIN    49 turns   naruto, denji, death  vs  usopp, jaden, nagisa
Yubel's S1 Triggered!
[ 222/700 ] WIN    18 turns   naruto, lucy, nobara  vs  yubel, squalo, tatsumaki
Applying bleed effect! Checking special code
Applying bleed effect! Checking special code
Applying bleed effect! Checking special code
[ 223/700 ] WIN    20 turns   naruto, sukuna, satsuki  vs  jesse, hawkmon, rengoku
Applying bleed effect! Checking special code
Applying bleed effect! Checking special code
Applying bleed effect! Checking special code
Applying bleed effect! Checking special code
Applying bleed effect! Checking special code
Applying bleed effect! Checking special code
[ 224/700 ] LOSS   16 turns   naruto, aang, hibari  vs  ganta, erza, inosuke
Applying bleed effect! Checking special code
Applying bleed effect! Checking special code
Applying bleed effect! Checking special code
Applying bleed effect! Checking special code
Applying bleed effect! Checking special code
Applying bleed effect! Checking special code
Applying bleed effect! Checking special code
Applying bleed effect! Checking special code
Applying bleed effect! Checking special code
Applying bleed effect! Checking special code
[ 225/700 ] WIN    30 turns   naruto, mash, ken  vs  nezuko, satsuki, rakko
Applying bleed effect! Checking special code
Applying bleed effect! Checking special code
Applying bleed effect! Checking special code
Applying bleed effect! Checking special code
Applying bleed effect! Checking special code
[ 226/700 ] WIN    29 turns   naruto, mercury, halibel  vs  nonon, rakko, tokoyami
Applying bleed effect! Checking special code
Applying bleed effect! Checking special code
Applying bleed effect! Checking special code
Applying bleed effect! Checking special code
Applying bleed effect! Checking special code
Applying bleed effect! Checking special code
Applying bleed effect! Checking special code
Applying bleed effect! Checking special code
Applying bleed effect! Checking special code
[ 227/700 ] LOSS   19 turns   naruto, korra, erza  vs  gilgamesh, ken, yugi
[ 228/700 ] WIN    30 turns   naruto, squalo, touka  vs  arthur, mash, nonon
[ 229/700 ] LOSS   24 turns   naruto, chrome, lyserg  vs  inosuke, aiohto, killua
[ 230/700 ] WIN    26 turns   naruto, jaden, rob  vs  tokoyami, bakugo, rimuru
[ 231/700 ] WIN    22 turns   naruto, frieren, hashirama  vs  kurapika, broly, gallantmon
Applying bleed effect! Checking special code
Yubel's S1 Triggered!
Yubel's S1 Triggered!
[ 232/700 ] LOSS   29 turns   naruto, inosuke, rimuru  vs  gasai, yubel, nel
[ 233/700 ] WIN    27 turns   naruto, ryohei, natsu  vs  shinoa, jesse, gunha
[ 234/700 ] LOSS   27 turns   naruto, tatsumi, mash  vs  shinoa, hashirama, shokuhou
Applying bleed effect! Checking special code
[ 235/700 ] LOSS   52 turns   naruto, uzui, ace  vs  gatomon, inosuke, emiya
[ 236/700 ] LOSS   15 turns   naruto, kurapika, hawkmon  vs  luffy, venus, neferpitou
[ 237/700 ] WIN    22 turns   naruto, gon, blackstar  vs  hawkmon, hinata, tsubaki
Applying bleed effect! Checking special code
[ 238/700 ] LOSS   22 turns   naruto, venus, rengoku  vs  broly, lyserg, jaden
[ 239/700 ] WIN    45 turns   naruto, gallantmon, squalo  vs  korra, nezuko, toga
Applying bleed effect! Checking special code
[ 240/700 ] LOSS   25 turns   naruto, gilgamesh, toji  vs  usopp, mikasa, power
[ 241/700 ] WIN    26 turns   naruto, adam, mars  vs  shinoa, death, omnimon
[ 242/700 ] LOSS   24 turns   naruto, uranus, pegasus  vs  minene, nel, gilgamesh
[ 243/700 ] WIN    22 turns   naruto, mami, cell  vs  marco, aang, astolfo
[ 244/700 ] WIN    16 turns   naruto, tamaki, aang  vs  nonon, gogeta, eren
[ 245/700 ] WIN    16 turns   naruto, nezuko, aang  vs  frankenstein, kitara, jesse
[ 246/700 ] WIN    17 turns   naruto, sheele, toji  vs  mercury, noelle, ganta
[ 247/700 ] WIN    25 turns   naruto, pegasus, shinra  vs  muichiro, yamamoto, zoro
[ 248/700 ] LOSS   17 turns   naruto, ichibe, cooler  vs  rob, jack, yuno
[ 249/700 ] LOSS   17 turns   naruto, blackwargreymon, shokuhou  vs  toudou, frankenstein, alphamon
[ 250/700 ] WIN    37 turns   naruto, saturn, yoh  vs  ryuko, rimuru, emiyaarcher
[ 251/700 ] LOSS   18 turns   naruto, ichigo, kitara  vs  myotismon, meliodas, renamon
[ 252/700 ] WIN    25 turns   naruto, misaka, blackstar  vs  gon, uzui, nel
Applying bleed effect! Checking special code
Applying bleed effect! Checking special code
Yubel's S1 Triggered!
Yubel's S1 Triggered!
Applying bleed effect! Checking special code
Applying bleed effect! Checking special code
Applying bleed effect! Checking special code
Applying bleed effect! Checking special code
Applying bleed effect! Checking special code
Applying bleed effect! Checking special code
Applying bleed effect! Checking special code
[ 253/700 ] WIN    26 turns   naruto, rengoku, yubel  vs  adam, yugi, mami
[ 254/700 ] WIN    40 turns   naruto, mikasa, arthur  vs  shinoa, natsu, cooler
[ 255/700 ] WIN    13 turns   naruto, frieren, mavis  vs  meliodas, nel, denji
Applying bleed effect! Checking special code
Applying bleed effect! Checking special code
Applying bleed effect! Checking special code
[ 256/700 ] LOSS   17 turns   naruto, genos, rakko  vs  esdeath, seventeen, gasai
[ 257/700 ] WIN    23 turns   naruto, nonon, rob  vs  shokuhou, mikasa, mami
[ 258/700 ] WIN    59 turns   naruto, megumi, meliodas  vs  alphonse, yugi, kurapika
Applying bleed effect! Checking special code
Applying bleed effect! Checking special code
Applying bleed effect! Checking special code
[ 259/700 ] LOSS   26 turns   naruto, megumi, misaka  vs  mikasa, diane, gilgamesh
[ 260/700 ] WIN    22 turns   naruto, esdeath, todoroki  vs  vegeta, chrome, maka
Applying bleed effect! Checking special code
Applying bleed effect! Checking special code
Applying bleed effect! Checking special code
Applying bleed effect! Checking special code
[ 261/700 ] WIN    33 turns   naruto, rengoku, uzui  vs  yoh, akame, hinata
[ 262/700 ] WIN    14 turns   naruto, inuyasha, madoka  vs  shiro, megumin, tokoyami
Applying bleed effect! Checking special code
Applying bleed effect! Checking special code
Applying bleed effect! Checking special code
Applying bleed effect! Checking special code
[ 263/700 ] LOSS   18 turns   naruto, ken, tsuyu  vs  seventeen, nezuko, toudou
[ 264/700 ] LOSS   19 turns   naruto, ryuko, soul  vs  renamon, asta, cooler
[ 265/700 ] WIN    14 turns   naruto, hashirama, toph  vs  tamaki, nonon, gogeta
[ 266/700 ] LOSS   19 turns   naruto, gray, asta  vs  tatsumaki, gasai, ichibe
Applying bleed effect! Checking special code
Applying bleed effect! Checking special code
[ 267/700 ] LOSS   32 turns   naruto, sayaka, korra  vs  nobara, power, rob
[ 268/700 ] LOSS   28 turns   naruto, saturn, tatsumi  vs  omnimon, asta, midoriya
Applying bleed effect! Checking special code
Applying bleed effect! Checking special code
Applying bleed effect! Checking special code
Applying bleed effect! Checking special code
Applying bleed effect! Checking special code
Applying bleed effect! Checking special code
Applying bleed effect! Checking special code
Applying bleed effect! Checking special code
[ 269/700 ] WIN    24 turns   naruto, lyserg, ken  vs  uraraka, todoroki, kaiba
[ 270/700 ] WIN    18 turns   naruto, kid, esdeath  vs  allmight, megumin, shiro
[ 271/700 ] WIN    44 turns   naruto, allmight, tsubasa  vs  alphamon, horohoro, blackwargreymon
Yubel's S1 Triggered!
Yubel's S1 Triggered!
[ 272/700 ] WIN    49 turns   naruto, yubel, cooler  vs  nagisa, yugi, shinra
[ 273/700 ] LOSS   16 turns   naruto, ace, gogeta  vs  bakugo, alphonse, ladydevimon
[ 274/700 ] WIN    23 turns   naruto, hibari, tsubasa  vs  yamamoto, toudou, gasai
[ 275/700 ] WIN    19 turns   naruto, tsubaki, esdeath  vs  minene, nobara, hibari
[ 276/700 ] WIN    15 turns   naruto, alphonse, gohan  vs  asta, hisoka, squalo
Applying bleed effect! Checking special code
[ 277/700 ] LOSS   67 turns   naruto, levi, chrome  vs  maka, arthur, diane
[ 278/700 ] WIN    55 turns   naruto, gon, hawkmon  vs  ganta, mikasa, saber
[ 279/700 ] LOSS   17 turns   naruto, omnimon, yoh  vs  cell, genos, hashirama
[ 280/700 ] WIN    23 turns   naruto, zoro, soul  vs  itachi, xanxus, ladydevimon
[ 281/700 ] WIN    64 turns   naruto, death, kitara  vs  ryohei, tsubasa, megumin
[ 282/700 ] WIN    16 turns   naruto, shinoa, erza  vs  ryuko, aang, kid
[ 283/700 ] LOSS   35 turns   naruto, nagisa, megumi  vs  tsubasa, zoro, tamaki
[ 284/700 ] WIN    17 turns   naruto, gatomon, zoro  vs  nimaiya, allmight, yugi
[ 285/700 ] LOSS   36 turns   naruto, pegasus, toji  vs  natsu, tsubasa, hinata
[ 286/700 ] WIN    25 turns   naruto, meliodas, saber  vs  yuji, marco, sukuna
[ 287/700 ] LOSS   19 turns   naruto, tsuyu, xanxus  vs  astolfo, noelle, impmon
[ 288/700 ] LOSS   36 turns   naruto, nobara, rimuru  vs  koro, edward, ryohei
[ 289/700 ] WIN    21 turns   naruto, hashirama, mars  vs  ichibe, nimaiya, sasuke
[ 290/700 ] LOSS   16 turns   naruto, impmon, myotismon  vs  uraraka, luffy, nezuko
[ 291/700 ] WIN    19 turns   naruto, uranus, killua  vs  nezuko, levi, astolfo
[ 292/700 ] LOSS   50 turns   naruto, yamamoto, arthur  vs  natsu, yoh, korra
[ 293/700 ] LOSS   32 turns   naruto, alphonse, nonon  vs  tanjiro, yamamoto, seventeen
Applying bleed effect! Checking special code
Applying bleed effect! Checking special code
Applying bleed effect! Checking special code
Applying bleed effect! Checking special code
Applying bleed effect! Checking special code
Applying bleed effect! Checking special code
Applying bleed effect! Checking special code
Applying bleed effect! Checking special code
Applying bleed effect! Checking special code
[ 294/700 ] WIN    15 turns   naruto, aang, king  vs  nezuko, tamaki, mami
[ 295/700 ] WIN    24 turns   naruto, toji, myotismon  vs  tsubasa, mercury, kitara
[ 296/700 ] WIN    20 turns   naruto, rob, jack  vs  zenitsu, levi, neferpitou
[ 297/700 ] LOSS   26 turns   naruto, kaiba, halibel  vs  frankenstein, death, yugi
[ 298/700 ] WIN    22 turns   naruto, mash, mars  vs  toga, luffy, shokuhou
[ 299/700 ] WIN    27 turns   naruto, frieren, adam  vs  kitara, frankenstein, jeanne
Applying bleed effect! Checking special code
[ 300/700 ] WIN    23 turns   naruto, tsubasa, power  vs  akame, ichibe, misaka
[ 301/700 ] WIN    27 turns   naruto, gallantmon, machinedramon  vs  kaiba, shiro, emiyaarcher
Applying bleed effect! Checking special code
Applying bleed effect! Checking special code
Applying bleed effect! Checking special code
Applying bleed effect! Checking special code
Applying bleed effect! Checking special code
[ 302/700 ] WIN    16 turns   naruto, muichiro, alphamon  vs  eren, king, aang
[ 303/700 ] LOSS   17 turns   naruto, inuyasha, sakura  vs  horohoro, ichigo, gojo
Applying bleed effect! Checking special code
Applying bleed effect! Checking special code
Applying bleed effect! Checking special code
[ 304/700 ] WIN    27 turns   naruto, touka, power  vs  chrome, uraraka, aiohto
[ 305/700 ] WIN    16 turns   naruto, yoh, esdeath  vs  muichiro, sukuna, yuji
[ 306/700 ] LOSS   31 turns   naruto, gray, goku  vs  ichibe, yugi, maka
Yubel's S1 Triggered!
[ 307/700 ] WIN    23 turns   naruto, horohoro, saber  vs  nobara, yubel, crona
[ 308/700 ] LOSS   27 turns   naruto, ichigo, kurotsuchi  vs  adam, gojo, goku
[ 309/700 ] WIN    18 turns   naruto, gasai, esdeath  vs  zoro, midoriya, diane
[ 310/700 ] WIN    23 turns   naruto, hibari, cooler  vs  impmon, horohoro, crona
[ 311/700 ] WIN    42 turns   naruto, alphonse, hibari  vs  levi, ichibe, tanjiro
[ 312/700 ] WIN    21 turns   naruto, eren, megumin  vs  rimuru, gohan, chrome
[ 313/700 ] LOSS   32 turns   naruto, hibari, jeanne  vs  jesse, semiramis, yamamoto
Applying bleed effect! Checking special code
[ 314/700 ] LOSS   22 turns   naruto, lizandpatty, jesse  vs  pegasus, cooler, power
[ 315/700 ] WIN    42 turns   naruto, saitama, noelle  vs  ban, minene, crona
[ 316/700 ] LOSS   28 turns   naruto, byakuya, aang  vs  alphonse, shinoa, cell
[ 317/700 ] WIN    16 turns   naruto, jupiter, lizandpatty  vs  adam, blackstar, korra
[ 318/700 ] LOSS   20 turns   naruto, gohan, ichigo  vs  gatomon, gilgamesh, luffy
Applying bleed effect! Checking special code
Applying bleed effect! Checking special code
Applying bleed effect! Checking special code
[ 319/700 ] WIN    27 turns   naruto, rimuru, levi  vs  chrome, ryohei, rakko
[ 320/700 ] WIN    25 turns   naruto, mars, kuroko  vs  aiohto, gray, bakugo
[ 321/700 ] LOSS   19 turns   naruto, kid, veldora  vs  omnimon, toga, ladydevimon
Applying bleed effect! Checking special code
Applying bleed effect! Checking special code
Applying bleed effect! Checking special code
Applying bleed effect! Checking special code
Applying bleed effect! Checking special code
[ 322/700 ] WIN    23 turns   naruto, natsu, marco  vs  jinwoo, shinoa, rengoku
[ 323/700 ] WIN    26 turns   naruto, venus, toga  vs  uraraka, death, levi
Applying bleed effect! Checking special code
Applying bleed effect! Checking special code
Applying bleed effect! Checking special code
Applying bleed effect! Checking special code
Applying bleed effect! Checking special code
Applying bleed effect! Checking special code
Applying bleed effect! Checking special code
Applying bleed effect! Checking special code
[ 324/700 ] WIN    30 turns   naruto, rengoku, ryohei  vs  halibel, king, yugi
[ 325/700 ] WIN    18 turns   naruto, jack, toga  vs  tatsumaki, alphamon, killua
[ 326/700 ] LOSS   33 turns   naruto, marco, misaka  vs  vegeta, uzui, emiya
[ 327/700 ] LOSS   16 turns   naruto, emiya, asta  vs  jinwoo, mavis, impmon
[ 328/700 ] WIN    21 turns   naruto, gogeta, bakugo  vs  natsu, inuyasha, saber
[ 329/700 ] LOSS   55 turns   naruto, orihime, misaka  vs  toga, saitama, alphonse
[ 330/700 ] LOSS   25 turns   naruto, allmight, vegeta  vs  ichigo, hawkmon, mash
[ 331/700 ] LOSS   27 turns   naruto, ryuko, tokoyami  vs  ichibe, power, diane
[ 332/700 ] LOSS   28 turns   naruto, kaiba, levi  vs  zenitsu, kid, hawkmon
[ 333/700 ] LOSS   19 turns   naruto, death, levi  vs  touka, zenitsu, tatsumi
[ 334/700 ] WIN    24 turns   naruto, emiya, tsubaki  vs  power, sayaka, misaka
[ 335/700 ] WIN    17 turns   naruto, astolfo, hashirama  vs  mars, vegeta, kid
[ 336/700 ] WIN    22 turns   naruto, levi, hashirama  vs  kaiba, jinwoo, hisoka
[ 337/700 ] LOSS   15 turns   naruto, cooler, gojo  vs  nimaiya, tokoyami, machinedramon
[ 338/700 ] WIN    26 turns   naruto, hisoka, venus  vs  genos, emiyaarcher, muichiro
Applying bleed effect! Checking special code
[ 339/700 ] WIN    18 turns   naruto, jupiter, ganta  vs  power, vegeta, ichibe
[ 340/700 ] WIN    27 turns   naruto, satsuki, lyserg  vs  levi, maka, yamamoto
[ 341/700 ] WIN    12 turns   naruto, madoka, blackwargreymon  vs  gunha, hisoka, toga
[ 342/700 ] WIN    24 turns   naruto, yuno, yoh  vs  adam, saber, megumi
[ 343/700 ] LOSS   24 turns   naruto, akame, rob  vs  alphonse, uranus, gallantmon
Applying bleed effect! Checking special code
Applying bleed effect! Checking special code
Applying bleed effect! Checking special code
Applying bleed effect! Checking special code
Applying bleed effect! Checking special code
Applying bleed effect! Checking special code
Applying bleed effect! Checking special code
Applying bleed effect! Checking special code
[ 344/700 ] WIN    20 turns   naruto, rengoku, tamaki  vs  itachi, nonon, megumin
[ 345/700 ] WIN    52 turns   naruto, myotismon, kaiba  vs  minene, yamamoto, toph
Applying bleed effect! Checking special code
Applying bleed effect! Checking special code
Applying bleed effect! Checking special code
Applying bleed effect! Checking special code
[ 346/700 ] LOSS   28 turns   naruto, lyserg, power  vs  nobara, hibari, gunha
Applying bleed effect! Checking special code
Applying bleed effect! Checking special code
Applying bleed effect! Checking special code
Applying bleed effect! Checking special code
Applying bleed effect! Checking special code
Applying bleed effect! Checking special code
Applying bleed effect! Checking special code
Applying bleed effect! Checking special code
[ 347/700 ] LOSS   34 turns   naruto, nezuko, rimuru  vs  yuno, gogeta, ken
[ 348/700 ] LOSS   27 turns   naruto, uzui, yoh  vs  jack, sayaka, zenitsu
[ 349/700 ] WIN    33 turns   naruto, ban, hisoka  vs  zoro, killua, kuroko
[ 350/700 ] LOSS   13 turns   naruto, zoro, jeanne  vs  saber, tsubasa, mine
[ 351/700 ] LOSS   20 turns   naruto, allmight, neferpitou  vs  lizandpatty, nagisa, jupiter
[ 352/700 ] WIN    16 turns   naruto, gray, kid  vs  mars, allmight, uranus
[ 353/700 ] WIN    34 turns   naruto, veldora, mikasa  vs  misaka, rimuru, uzui
Applying bleed effect! Checking special code
Applying bleed effect! Checking special code
Applying bleed effect! Checking special code
[ 354/700 ] WIN    18 turns   naruto, lizandpatty, halibel  vs  ken, cell, todoroki
[ 355/700 ] LOSS   19 turns   naruto, yoh, mine  vs  satsuki, broly, luffy
Applying bleed effect! Checking special code
Applying bleed effect! Checking special code
Applying bleed effect! Checking special code
Applying bleed effect! Checking special code
Applying bleed effect! Checking special code
Applying bleed effect! Checking special code
[ 356/700 ] WIN    20 turns   naruto, ken, kurapika  vs  erza, sayaka, semiramis
Applying bleed effect! Checking special code
Applying bleed effect! Checking special code
Applying bleed effect! Checking special code
Applying bleed effect! Checking special code
Applying bleed effect! Checking special code
[ 357/700 ] WIN    28 turns   naruto, emiyaarcher, yuji  vs  hinata, yoh, ken
[ 358/700 ] LOSS   30 turns   naruto, tatsumaki, tokoyami  vs  killua, satsuki, toga
[ 359/700 ] WIN    16 turns   naruto, sheele, emiya  vs  noelle, tsubasa, tatsumi
[ 360/700 ] WIN    13 turns   naruto, squalo, frankenstein  vs  omnimon, pegasus, emiyaarcher
[ 361/700 ] WIN    42 turns   naruto, marco, rimuru  vs  myotismon, jinwoo, mikasa
[ 362/700 ] WIN    42 turns   naruto, nonon, mash  vs  ryuko, semiramis, toudou
[ 363/700 ] WIN    25 turns   naruto, ace, nezuko  vs  hawkmon, noelle, toudou
[ 364/700 ] LOSS   20 turns   naruto, sayaka, orihime  vs  hibari, sakura, neferpitou
[ 365/700 ] LOSS   21 turns   naruto, nezuko, sukuna  vs  toudou, jack, kuroko
[ 366/700 ] WIN    31 turns   naruto, erza, marco  vs  gogeta, halibel, chrome
[ 367/700 ] WIN    23 turns   naruto, arthur, natsu  vs  machinedramon, toudou, yamamoto
[ 368/700 ] LOSS   23 turns   naruto, megumin, cooler  vs  zenitsu, genos, veldora
[ 369/700 ] LOSS   16 turns   naruto, zoro, inuyasha  vs  astolfo, lizandpatty, tanjiro
Applying bleed effect! Checking special code
Applying bleed effect! Checking special code
Applying bleed effect! Checking special code
Applying bleed effect! Checking special code
Applying bleed effect! Checking special code
[ 370/700 ] WIN    33 turns   naruto, denji, toudou  vs  sukuna, kaiba, gunha
[ 371/700 ] WIN    13 turns   naruto, tsunayoshi, soul  vs  gojo, sheele, jeanne
[ 372/700 ] WIN    16 turns   naruto, ladydevimon, sakura  vs  mercury, yubel, inuyasha
Applying bleed effect! Checking special code
Applying bleed effect! Checking special code
Applying bleed effect! Checking special code
Applying bleed effect! Checking special code
Applying bleed effect! Checking special code
Applying bleed effect! Checking special code
[ 373/700 ] LOSS   17 turns   naruto, saitama, hibari  vs  arthur, gon, ken
Applying bleed effect! Checking special code
Yubel's S1 Triggered!
Applying bleed effect! Checking special code
Applying bleed effect! Checking special code
Applying bleed effect! Checking special code
Applying bleed effect! Checking special code
[ 374/700 ] WIN    18 turns   naruto, megumi, king  vs  ichigo, gatomon, yubel
[ 375/700 ] WIN    31 turns   naruto, adam, uraraka  vs  kid, zenitsu, cell
[ 376/700 ] LOSS   32 turns   naruto, venus, horohoro  vs  shinoa, toph, mercury
[ 377/700 ] LOSS   17 turns   naruto, hibari, ace  vs  tatsumaki, seventeen, hisoka
[ 378/700 ] WIN    18 turns   naruto, misaka, soul  vs  horohoro, tanjiro, pegasus
Applying bleed effect! Checking special code
[ 379/700 ] WIN    23 turns   naruto, asta, power  vs  sakura, uranus, sasuke
Applying bleed effect! Checking special code
[ 380/700 ] WIN    30 turns   naruto, xanxus, touka  vs  alphonse, emiyaarcher, inosuke
[ 381/700 ] WIN    35 turns   naruto, lyserg, marco  vs  alphonse, soul, inuyasha
Yubel's S1 Triggered!
[ 382/700 ] WIN    35 turns   naruto, yubel, hinata  vs  cooler, noelle, meliodas
[ 383/700 ] WIN    13 turns   naruto, alphamon, hawkmon  vs  nagisa, todoroki, nonon
Applying bleed effect! Checking special code
Applying bleed effect! Checking special code
Applying bleed effect! Checking special code
Applying bleed effect! Checking special code
Applying bleed effect! Checking special code
[ 384/700 ] LOSS   38 turns   naruto, gunha, denji  vs  arthur, muichiro, esdeath
[ 385/700 ] WIN    41 turns   naruto, ryuko, eren  vs  sakura, hinata, koro
[ 386/700 ] LOSS   24 turns   naruto, nobara, veldora  vs  akame, kid, touka
[ 387/700 ] WIN    43 turns   naruto, blackwargreymon, tsuyu  vs  shinoa, pegasus, tsunayoshi
[ 388/700 ] WIN    16 turns   naruto, madoka, yuji  vs  omnimon, killua, shinra
[ 389/700 ] WIN    30 turns   naruto, squalo, byakuya  vs  rob, akame, ban
[ 390/700 ] LOSS   20 turns   naruto, ryuko, sayaka  vs  marco, emiyaarcher, aang
[ 391/700 ] WIN    23 turns   naruto, blackstar, mash  vs  boruto, goku, tatsumi
[ 392/700 ] WIN    21 turns   naruto, gon, zenitsu  vs  sakura, touka, xanxus
[ 393/700 ] WIN    53 turns   naruto, akame, kitara  vs  aiohto, yoh, misaka
Applying bleed effect! Checking special code
[ 394/700 ] WIN    22 turns   naruto, frankenstein, boruto  vs  jinwoo, mine, rakko
[ 395/700 ] LOSS   16 turns   naruto, uraraka, kid  vs  usopp, itachi, ichigo
[ 396/700 ] WIN    21 turns   naruto, nonon, tamaki  vs  genos, emiya, horohoro
Applying bleed effect! Checking special code
Applying bleed effect! Checking special code
Applying bleed effect! Checking special code
Applying bleed effect! Checking special code
Applying bleed effect! Checking special code
Applying bleed effect! Checking special code
Applying bleed effect! Checking special code
[ 397/700 ] WIN    22 turns   naruto, toga, misaka  vs  tsunayoshi, touka, ken
[ 398/700 ] WIN    16 turns   naruto, gilgamesh, uranus  vs  mars, saturn, inuyasha
[ 399/700 ] WIN    25 turns   naruto, yuji, mash  vs  ace, impmon, jesse
[ 400/700 ] LOSS   21 turns   naruto, tatsumaki, gojo  vs  boruto, ladydevimon, arthur
[ 401/700 ] LOSS   18 turns   naruto, genos, rimuru  vs  mavis, byakuya, tsunayoshi
[ 402/700 ] LOSS   12 turns   naruto, tokoyami, venus  vs  myotismon, killua, renamon
[ 403/700 ] WIN    16 turns   naruto, vegeta, jack  vs  ladydevimon, blackstar, nezuko
Applying bleed effect! Checking special code
Applying bleed effect! Checking special code
[ 404/700 ] WIN    48 turns   naruto, astolfo, inosuke  vs  touka, nel, hisoka
Applying bleed effect! Checking special code
[ 405/700 ] WIN    34 turns   naruto, death, goku  vs  venus, asta, diane
[ 406/700 ] LOSS   22 turns   naruto, uzui, astolfo  vs  tatsumi, madoka, xanxus
Applying bleed effect! Checking special code
[ 407/700 ] LOSS   24 turns   naruto, denji, megumin  vs  rakko, myotismon, ban
[ 408/700 ] WIN    17 turns   naruto, ganta, gon  vs  horohoro, koro, tokoyami
[ 409/700 ] WIN    18 turns   naruto, edward, shiro  vs  halibel, muichiro, blackwargreymon
[ 410/700 ] WIN    22 turns   naruto, ban, gunha  vs  ichigo, chrome, shiro
[ 411/700 ] LOSS   19 turns   naruto, tamaki, emiya  vs  natsu, tsunayoshi, squalo
[ 412/700 ] WIN    18 turns   naruto, broly, cell  vs  sayaka, jeanne, arthur
[ 413/700 ] WIN    23 turns   naruto, killua, natsu  vs  tamaki, muichiro, ryuko
[ 414/700 ] WIN    16 turns   naruto, jupiter, sakura  vs  yoh, kurapika, gohan
[ 415/700 ] WIN    37 turns   naruto, inuyasha, luffy  vs  tsubaki, sakura, todoroki
Applying bleed effect! Checking special code
Applying bleed effect! Checking special code
[ 416/700 ] LOSS   20 turns   naruto, ken, hisoka  vs  frankenstein, jaden, ban
[ 417/700 ] WIN    24 turns   naruto, gohan, astolfo  vs  frankenstein, kurapika, yuji
[ 418/700 ] LOSS   28 turns   naruto, megumin, arthur  vs  mikasa, asta, hisoka
[ 419/700 ] WIN    51 turns   naruto, rimuru, ryohei  vs  hinata, venus, itachi
[ 420/700 ] WIN    18 turns   naruto, alphonse, gon  vs  jesse, kurapika, gohan
[ 421/700 ] WIN    32 turns   naruto, genos, semiramis  vs  aiohto, cooler, eren
[ 422/700 ] WIN    30 turns   naruto, asta, jeanne  vs  nel, alphamon, rimuru
[ 423/700 ] WIN    25 turns   naruto, ryohei, impmon  vs  kid, yubel, semiramis
Applying bleed effect! Checking special code
Applying bleed effect! Checking special code
Applying bleed effect! Checking special code
Applying bleed effect! Checking special code
Applying bleed effect! Checking special code
[ 424/700 ] WIN    18 turns   naruto, jack, mavis  vs  jeanne, maka, rengoku
[ 425/700 ] WIN    22 turns   naruto, misaka, emiya  vs  tamaki, sasuke, veldora
[ 426/700 ] WIN    14 turns   naruto, ryuko, ryohei  vs  omnimon, nobara, mash
[ 427/700 ] WIN    22 turns   naruto, zoro, gogeta  vs  noelle, goku, killua
[ 428/700 ] LOSS   17 turns   naruto, nonon, kitara  vs  nel, nimaiya, ichibe
[ 429/700 ] WIN    19 turns   naruto, muichiro, bakugo  vs  gray, emiyaarcher, nimaiya
[ 430/700 ] WIN    18 turns   naruto, shokuhou, aang  vs  tamaki, koro, mine
[ 431/700 ] WIN    33 turns   naruto, jinwoo, midoriya  vs  todoroki, toudou, nonon
[ 432/700 ] WIN    22 turns   naruto, blackwargreymon, muichiro  vs  sayaka, halibel, zoro
Applying bleed effect! Checking special code
Applying bleed effect! Checking special code
Applying bleed effect! Checking special code
Applying bleed effect! Checking special code
Applying bleed effect! Checking special code
Applying bleed effect! Checking special code
Applying bleed effect! Checking special code
[ 433/700 ] WIN    28 turns   naruto, king, ladydevimon  vs  uranus, ichibe, myotismon
Applying bleed effect! Checking special code
Applying bleed effect! Checking special code
Applying bleed effect! Checking special code
Applying bleed effect! Checking special code
Applying bleed effect! Checking special code
Applying bleed effect! Checking special code
[ 434/700 ] LOSS   20 turns   naruto, ryuko, impmon  vs  king, sayaka, toji
[ 435/700 ] WIN    25 turns   naruto, touka, erza  vs  rob, kitara, horohoro
[ 436/700 ] WIN    18 turns   naruto, levi, soul  vs  tsubaki, tanjiro, hinata
[ 437/700 ] WIN    45 turns   naruto, meliodas, gatomon  vs  gon, tanjiro, adam
[ 438/700 ] LOSS   20 turns   naruto, venus, tatsumaki  vs  seventeen, hashirama, saitama
Applying bleed effect! Checking special code
Applying bleed effect! Checking special code
Applying bleed effect! Checking special code
[ 439/700 ] WIN    23 turns   naruto, chrome, saturn  vs  gallantmon, gunha, rakko
[ 440/700 ] LOSS   15 turns   naruto, jesse, toji  vs  mavis, hisoka, yamamoto
[ 441/700 ] LOSS   36 turns   naruto, jeanne, xanxus  vs  ryohei, muichiro, nonon
[ 442/700 ] WIN    20 turns   naruto, levi, hashirama  vs  lucy, kid, yugi
[ 443/700 ] WIN    24 turns   naruto, broly, nagisa  vs  saitama, esdeath, tatsumi
[ 444/700 ] WIN    28 turns   naruto, horohoro, death  vs  saber, yuno, cell
[ 445/700 ] WIN    22 turns   naruto, ace, boruto  vs  kuroko, kurotsuchi, tsuyu
[ 446/700 ] WIN    18 turns   naruto, soul, nagisa  vs  noelle, veldora, inuyasha
[ 447/700 ] WIN    35 turns   naruto, tatsumaki, marco  vs  pegasus, gatomon, toph
[ 448/700 ] WIN    18 turns   naruto, arthur, renamon  vs  madoka, rob, gray
[ 449/700 ] WIN    19 turns   naruto, hinata, mavis  vs  megumin, adam, hashirama
[ 450/700 ] LOSS   27 turns   naruto, yugi, frankenstein  vs  yuji, halibel, itachi
[ 451/700 ] WIN    16 turns   naruto, ichigo, mami  vs  nobara, rengoku, inuyasha
[ 452/700 ] WIN    19 turns   naruto, ichibe, ichigo  vs  gunha, crona, toudou
Applying bleed effect! Checking special code
[ 453/700 ] WIN    32 turns   naruto, frieren, death  vs  edward, gray, power
Applying bleed effect! Checking special code
Applying bleed effect! Checking special code
Applying bleed effect! Checking special code
Applying bleed effect! Checking special code
[ 454/700 ] WIN    28 turns   naruto, death, denji  vs  horohoro, cell, yamamoto
[ 455/700 ] LOSS   17 turns   naruto, nel, goku  vs  madoka, erza, saturn
[ 456/700 ] WIN    23 turns   naruto, nel, touka  vs  usopp, ryuko, ladydevimon
[ 457/700 ] WIN    24 turns   naruto, edward, soul  vs  shokuhou, toji, rob
[ 458/700 ] LOSS   21 turns   naruto, hibari, tokoyami  vs  sukuna, tsubaki, tsubasa
[ 459/700 ] WIN    19 turns   naruto, tamaki, death  vs  jesse, frankenstein, hashirama
[ 460/700 ] LOSS   21 turns   naruto, gatomon, nezuko  vs  mars, ace, nagisa
[ 461/700 ] LOSS   16 turns   naruto, yoh, ichigo  vs  gon, genos, blackwargreymon
[ 462/700 ] WIN    56 turns   naruto, venus, gilgamesh  vs  boruto, yuno, ichibe
[ 463/700 ] LOSS   20 turns   naruto, jinwoo, jeanne  vs  hibari, neferpitou, byakuya
[ 464/700 ] LOSS   14 turns   naruto, horohoro, mercury  vs  megumin, asta, nel
[ 465/700 ] WIN    39 turns   naruto, blackwargreymon, nimaiya  vs  renamon, muichiro, edward
Applying bleed effect! Checking special code
Applying bleed effect! Checking special code
Applying bleed effect! Checking special code
Applying bleed effect! Checking special code
Applying bleed effect! Checking special code
Applying bleed effect! Checking special code
Applying bleed effect! Checking special code
[ 466/700 ] WIN    25 turns   naruto, inosuke, omnimon  vs  jeanne, uraraka, ryohei
[ 467/700 ] WIN    40 turns   naruto, mami, muichiro  vs  uraraka, hawkmon, saitama
[ 468/700 ] LOSS   16 turns   naruto, sukuna, killua  vs  boruto, genos, hisoka
[ 469/700 ] LOSS   16 turns   naruto, tatsumaki, ganta  vs  impmon, asta, vegeta
[ 470/700 ] LOSS   41 turns   naruto, tatsumi, ladydevimon  vs  tsubaki, natsu, yamamoto
Applying bleed effect! Checking special code
Applying bleed effect! Checking special code
Applying bleed effect! Checking special code
Applying bleed effect! Checking special code
Applying bleed effect! Checking special code
Applying bleed effect! Checking special code
Applying bleed effect! Checking special code
Applying bleed effect! Checking special code
Applying bleed effect! Checking special code
Applying bleed effect! Checking special code
Applying bleed effect! Checking special code
Applying bleed effect! Checking special code
Applying bleed effect! Checking special code
Applying bleed effect! Checking special code
Applying bleed effect! Checking special code
Applying bleed effect! Checking special code
Applying bleed effect! Checking special code
[ 471/700 ] LOSS   20 turns   naruto, horohoro, seventeen  vs  king, power, saturn
[ 472/700 ] LOSS   16 turns   naruto, kaiba, byakuya  vs  asta, aiohto, jack
[ 473/700 ] WIN    23 turns   naruto, veldora, tatsumi  vs  impmon, aiohto, ban
[ 474/700 ] WIN    23 turns   naruto, hashirama, noelle  vs  natsu, ichigo, mikasa
Applying bleed effect! Checking special code
Applying bleed effect! Checking special code
Applying bleed effect! Checking special code
Applying bleed effect! Checking special code
Applying bleed effect! Checking special code
Applying bleed effect! Checking special code
Applying bleed effect! Checking special code
Applying bleed effect! Checking special code
Applying bleed effect! Checking special code
[ 475/700 ] LOSS   37 turns   naruto, inosuke, venus  vs  myotismon, boruto, yuji
[ 476/700 ] LOSS   35 turns   naruto, allmight, ryohei  vs  levi, megumin, shinra
[ 477/700 ] WIN    16 turns   naruto, cooler, renamon  vs  gohan, ganta, sayaka
[ 478/700 ] WIN    33 turns   naruto, nagisa, yuji  vs  alphonse, marco, blackwargreymon
[ 479/700 ] WIN    23 turns   naruto, tsuyu, neferpitou  vs  shinoa, toji, tamaki
Applying bleed effect! Checking special code
Applying bleed effect! Checking special code
Applying bleed effect! Checking special code
Applying bleed effect! Checking special code
[ 480/700 ] WIN    26 turns   naruto, denji, ganta  vs  uranus, omnimon, veldora
[ 481/700 ] WIN    27 turns   naruto, ichibe, tatsumaki  vs  zenitsu, jesse, renamon
[ 482/700 ] LOSS   55 turns   naruto, mami, jesse  vs  halibel, tanjiro, bakugo
[ 483/700 ] LOSS   19 turns   naruto, uraraka, ban  vs  blackwargreymon, tatsumi, gunha
Applying bleed effect! Checking special code
[ 484/700 ] LOSS   21 turns   naruto, korra, kurotsuchi  vs  rakko, sasuke, broly
Applying bleed effect! Checking special code
Applying bleed effect! Checking special code
Applying bleed effect! Checking special code
Applying bleed effect! Checking special code
[ 485/700 ] WIN    28 turns   naruto, inosuke, gallantmon  vs  gunha, ryohei, jeanne
[ 486/700 ] LOSS   20 turns   naruto, cell, death  vs  mine, arthur, astolfo
[ 487/700 ] LOSS   27 turns   naruto, tsubaki, maka  vs  itachi, saber, tatsumi
[ 488/700 ] LOSS   16 turns   naruto, death, uranus  vs  tsubasa, shiro, neferpitou
[ 489/700 ] LOSS   35 turns   naruto, yamamoto, blackstar  vs  ryuko, toudou, uranus
Applying bleed effect! Checking special code
[ 490/700 ] WIN    21 turns   naruto, kid, gunha  vs  ichigo, rengoku, goku
[ 491/700 ] WIN    16 turns   naruto, asta, boruto  vs  rob, saturn, jeanne
[ 492/700 ] WIN    28 turns   naruto, cooler, aiohto  vs  vegeta, rob, meliodas
[ 493/700 ] WIN    20 turns   naruto, saber, natsu  vs  chrome, yuno, allmight
Applying bleed effect! Checking special code
Applying bleed effect! Checking special code
Applying bleed effect! Checking special code
Applying bleed effect! Checking special code
Applying bleed effect! Checking special code
[ 494/700 ] LOSS   20 turns   naruto, halibel, rob  vs  luffy, ken, tsubasa
[ 495/700 ] LOSS   24 turns   naruto, ban, natsu  vs  lucy, toudou, broly
[ 496/700 ] LOSS   26 turns   naruto, marco, kid  vs  uranus, alphamon, gogeta
[ 497/700 ] LOSS   26 turns   naruto, alphonse, natsu  vs  frieren, kurapika, ganta
[ 498/700 ] WIN    40 turns   naruto, hawkmon, omnimon  vs  jupiter, maka, tamaki
[ 499/700 ] LOSS   22 turns   naruto, ichibe, mash  vs  aiohto, diane, todoroki
[ 500/700 ] LOSS   19 turns   naruto, renamon, tanjiro  vs  toph, nimaiya, madoka
[ 501/700 ] WIN    12 turns   naruto, aang, satsuki  vs  rengoku, yuno, zoro
[ 502/700 ] LOSS   32 turns   naruto, rimuru, saber  vs  zenitsu, mash, itachi
[ 503/700 ] WIN    20 turns   naruto, alphamon, vegeta  vs  crona, koro, gallantmon
[ 504/700 ] WIN    22 turns   naruto, tanjiro, boruto  vs  gasai, jupiter, genos
[ 505/700 ] WIN    28 turns   naruto, tsuyu, lyserg  vs  muichiro, akame, meliodas
[ 506/700 ] WIN    22 turns   naruto, edward, byakuya  vs  itachi, uzui, touka
[ 507/700 ] WIN    29 turns   naruto, toji, nagisa  vs  uraraka, jaden, aang
Applying bleed effect! Checking special code
Applying bleed effect! Checking special code
Applying bleed effect! Checking special code
Applying bleed effect! Checking special code
Applying bleed effect! Checking special code
Applying bleed effect! Checking special code
[ 508/700 ] LOSS   34 turns   naruto, nobara, uranus  vs  uraraka, broly, ken
[ 509/700 ] LOSS   18 turns   naruto, myotismon, nonon  vs  satsuki, sheele, blackwargreymon
[ 510/700 ] WIN    23 turns   naruto, satsuki, korra  vs  mine, semiramis, venus
Applying bleed effect! Checking special code
Applying bleed effect! Checking special code
Applying bleed effect! Checking special code
[ 511/700 ] LOSS   20 turns   naruto, vegeta, ken  vs  myotismon, shinra, cooler
[ 512/700 ] WIN    28 turns   naruto, jaden, muichiro  vs  semiramis, toga, tanjiro
[ 513/700 ] LOSS   12 turns   naruto, shokuhou, alphamon  vs  eren, luffy, hibari
[ 514/700 ] LOSS   27 turns   naruto, levi, gohan  vs  luffy, koro, gasai
[ 515/700 ] LOSS   22 turns   naruto, gallantmon, halibel  vs  inuyasha, genos, kaiba
Applying bleed effect! Checking special code
Applying bleed effect! Checking special code
[ 516/700 ] WIN    28 turns   naruto, ken, luffy  vs  sayaka, uzui, touka
Applying bleed effect! Checking special code
Applying bleed effect! Checking special code
[ 517/700 ] WIN    22 turns   naruto, rob, levi  vs  itachi, kurotsuchi, rengoku
[ 518/700 ] LOSS   34 turns   naruto, tatsumi, kitara  vs  mars, edward, uraraka
[ 519/700 ] LOSS   33 turns   naruto, noelle, nagisa  vs  kaiba, ladydevimon, adam
[ 520/700 ] LOSS   28 turns   naruto, ace, tamaki  vs  emiya, levi, goku
Applying bleed effect! Checking special code
Applying bleed effect! Checking special code
Applying bleed effect! Checking special code
[ 521/700 ] LOSS   23 turns   naruto, erza, zoro  vs  aang, king, yuno
[ 522/700 ] WIN    15 turns   naruto, bakugo, megumin  vs  jupiter, itachi, kid
[ 523/700 ] LOSS   33 turns   naruto, aang, death  vs  astolfo, sayaka, noelle
[ 524/700 ] LOSS   41 turns   naruto, gasai, sasuke  vs  muichiro, nel, hibari
[ 525/700 ] WIN    20 turns   naruto, tsunayoshi, kurotsuchi  vs  sayaka, tamaki, crona
[ 526/700 ] LOSS   26 turns   naruto, eren, erza  vs  luffy, muichiro, uzui
[ 527/700 ] LOSS   18 turns   naruto, megumi, ace  vs  itachi, shinra, satsuki
[ 528/700 ] WIN    30 turns   naruto, minene, korra  vs  zoro, soul, horohoro
[ 529/700 ] WIN    36 turns   naruto, alphamon, tamaki  vs  horohoro, esdeath, saitama
Applying bleed effect! Checking special code
[ 530/700 ] WIN    20 turns   naruto, denji, cell  vs  koro, todoroki, zoro
[ 531/700 ] LOSS   25 turns   naruto, jesse, gohan  vs  asta, hinata, kurapika
[ 532/700 ] LOSS   40 turns   naruto, inosuke, minene  vs  yamamoto, semiramis, sayaka
[ 533/700 ] WIN    17 turns   naruto, mikasa, satsuki  vs  xanxus, luffy, hinata
[ 534/700 ] LOSS   43 turns   naruto, gojo, rimuru  vs  hawkmon, yuno, nezuko
Applying bleed effect! Checking special code
Applying bleed effect! Checking special code
Applying bleed effect! Checking special code
[ 535/700 ] LOSS   24 turns   naruto, emiya, shinoa  vs  jaden, diane, erza
Applying bleed effect! Checking special code
[ 536/700 ] LOSS   18 turns   naruto, tsunayoshi, hibari  vs  frankenstein, sheele, power
[ 537/700 ] LOSS   24 turns   naruto, lizandpatty, kid  vs  killua, kurapika, gallantmon
[ 538/700 ] LOSS   27 turns   naruto, xanxus, gunha  vs  veldora, zoro, kitara
Applying bleed effect! Checking special code
[ 539/700 ] WIN    19 turns   naruto, alphonse, chrome  vs  rengoku, tatsumi, killua
[ 540/700 ] WIN    51 turns   naruto, saturn, koro  vs  alphonse, frankenstein, maka
[ 541/700 ] WIN    23 turns   naruto, tsunayoshi, ryuko  vs  ban, minene, sheele
Applying bleed effect! Checking special code
Applying bleed effect! Checking special code
Applying bleed effect! Checking special code
Applying bleed effect! Checking special code
Applying bleed effect! Checking special code
Applying bleed effect! Checking special code
Applying bleed effect! Checking special code
Applying bleed effect! Checking special code
Applying bleed effect! Checking special code
Applying bleed effect! Checking special code
[ 542/700 ] LOSS   19 turns   naruto, mine, xanxus  vs  gallantmon, yubel, rakko
[ 543/700 ] LOSS   36 turns   naruto, orihime, pegasus  vs  rimuru, blackwargreymon, yugi
[ 544/700 ] WIN    26 turns   naruto, xanxus, rimuru  vs  rob, noelle, marco
[ 545/700 ] WIN    22 turns   naruto, sayaka, saturn  vs  alphamon, jesse, maka
Applying bleed effect! Checking special code
Applying bleed effect! Checking special code
[ 546/700 ] WIN    20 turns   naruto, gogeta, tanjiro  vs  tamaki, rakko, korra
[ 547/700 ] WIN    28 turns   naruto, nezuko, yamamoto  vs  kaiba, aiohto, yuno
[ 548/700 ] LOSS   30 turns   naruto, tsubaki, lyserg  vs  alphonse, tatsumaki, gray
[ 549/700 ] WIN    22 turns   naruto, renamon, gasai  vs  edward, gilgamesh, saber
[ 550/700 ] LOSS   21 turns   naruto, shokuhou, neferpitou  vs  shinoa, nel, lyserg
Applying bleed effect! Checking special code
Applying bleed effect! Checking special code
Applying bleed effect! Checking special code
[ 551/700 ] WIN    21 turns   naruto, horohoro, meliodas  vs  ken, kurapika, vegeta
[ 552/700 ] WIN    16 turns   naruto, asta, lucy  vs  killua, yoh, crona
[ 553/700 ] WIN    84 turns   naruto, hisoka, saitama  vs  esdeath, mami, eren
Applying bleed effect! Checking special code
Applying bleed effect! Checking special code
Applying bleed effect! Checking special code
Applying bleed effect! Checking special code
Applying bleed effect! Checking special code
Applying bleed effect! Checking special code
Applying bleed effect! Checking special code
[ 554/700 ] LOSS   30 turns   naruto, toph, muichiro  vs  alphonse, king, mine
[ 555/700 ] LOSS   16 turns   naruto, bakugo, esdeath  vs  saturn, tanjiro, madoka
[ 556/700 ] WIN    17 turns   naruto, hashirama, aiohto  vs  venus, yugi, byakuya
[ 557/700 ] WIN    25 turns   naruto, tamaki, vegeta  vs  minene, rimuru, alphonse
Applying bleed effect! Checking special code
Applying bleed effect! Checking special code
Applying bleed effect! Checking special code
Applying bleed effect! Checking special code
Applying bleed effect! Checking special code
Applying bleed effect! Checking special code
[ 558/700 ] LOSS   23 turns   naruto, saitama, koro  vs  mavis, rengoku, gon
Applying bleed effect! Checking special code
[ 559/700 ] LOSS   24 turns   naruto, kurotsuchi, rengoku  vs  lucy, aiohto, shokuhou
Applying bleed effect! Checking special code
Applying bleed effect! Checking special code
Applying bleed effect! Checking special code
Applying bleed effect! Checking special code
Applying bleed effect! Checking special code
[ 560/700 ] LOSS   36 turns   naruto, inosuke, shiro  vs  nobara, tsuyu, rakko
[ 561/700 ] LOSS   24 turns   naruto, machinedramon, uzui  vs  aang, gilgamesh, saturn
[ 562/700 ] WIN    20 turns   naruto, pegasus, boruto  vs  hawkmon, adam, lyserg
[ 563/700 ] WIN    30 turns   naruto, orihime, natsu  vs  maka, ichigo, sayaka
[ 564/700 ] LOSS   32 turns   naruto, natsu, megumi  vs  gasai, satsuki, lyserg
[ 565/700 ] LOSS   30 turns   naruto, jesse, levi  vs  natsu, saturn, pegasus
[ 566/700 ] LOSS   25 turns   naruto, impmon, yoh  vs  natsu, venus, ladydevimon
[ 567/700 ] WIN    28 turns   naruto, nobara, mars  vs  tsuyu, shiro, yamamoto
[ 568/700 ] LOSS   33 turns   naruto, shiro, jack  vs  tatsumi, uraraka, ichibe
[ 569/700 ] WIN    25 turns   naruto, mikasa, astolfo  vs  edward, ganta, kurotsuchi
Applying bleed effect! Checking special code
Applying bleed effect! Checking special code
[ 570/700 ] WIN    84 turns   naruto, koro, allmight  vs  denji, jesse, jack
Applying bleed effect! Checking special code
Applying bleed effect! Checking special code
Applying bleed effect! Checking special code
Applying bleed effect! Checking special code
Applying bleed effect! Checking special code
Applying bleed effect! Checking special code
[ 571/700 ] LOSS   27 turns   naruto, crona, rengoku  vs  tatsumaki, tamaki, saturn
[ 572/700 ] LOSS   28 turns   naruto, minene, tamaki  vs  cooler, gunha, nagisa
[ 573/700 ] LOSS   45 turns   naruto, hibari, nezuko  vs  soul, edward, levi
[ 574/700 ] LOSS   21 turns   naruto, hibari, gon  vs  hashirama, satsuki, mine
[ 575/700 ] LOSS   24 turns   naruto, sakura, gatomon  vs  erza, emiyaarcher, lizandpatty
[ 576/700 ] WIN    26 turns   naruto, pegasus, hisoka  vs  touka, yamamoto, orihime
[ 577/700 ] LOSS   21 turns   naruto, sheele, bakugo  vs  nimaiya, kuroko, nobara
[ 578/700 ] WIN    23 turns   naruto, shokuhou, vegeta  vs  tatsumaki, kitara, todoroki
[ 579/700 ] LOSS   23 turns   naruto, shokuhou, halibel  vs  cell, pegasus, eren
[ 580/700 ] WIN    20 turns   naruto, seventeen, sukuna  vs  soul, jupiter, ryohei
[ 581/700 ] WIN    16 turns   naruto, nel, seventeen  vs  machinedramon, crona, kurotsuchi
[ 582/700 ] WIN    18 turns   naruto, hawkmon, halibel  vs  mavis, nonon, hisoka
[ 583/700 ] WIN    29 turns   naruto, hinata, edward  vs  kid, toudou, gasai
[ 584/700 ] WIN    15 turns   naruto, tsubasa, hashirama  vs  venus, koro, uzui
[ 585/700 ] WIN    42 turns   naruto, tokoyami, hawkmon  vs  cell, ace, byakuya
[ 586/700 ] LOSS   16 turns   naruto, midoriya, sasuke  vs  seventeen, shinra, allmight
[ 587/700 ] LOSS   19 turns   naruto, adam, gogeta  vs  kuroko, nel, asta
[ 588/700 ] LOSS   23 turns   naruto, jeanne, noelle  vs  chrome, saturn, broly
[ 589/700 ] LOSS   31 turns   naruto, machinedramon, misaka  vs  yuji, ace, jaden
[ 590/700 ] WIN    72 turns   naruto, ryuko, uraraka  vs  natsu, lyserg, uranus
[ 591/700 ] WIN    21 turns   naruto, aang, ichibe  vs  mars, gunha, crona
[ 592/700 ] LOSS   29 turns   naruto, lucy, shiro  vs  megumi, gatomon, mercury
[ 593/700 ] LOSS   18 turns   naruto, toji, pegasus  vs  tsubasa, kuroko, gasai
[ 594/700 ] LOSS   16 turns   naruto, cooler, aiohto  vs  uzui, bakugo, renamon
[ 595/700 ] LOSS   17 turns   naruto, inosuke, yuji  vs  madoka, sukuna, jinwoo
Applying bleed effect! Checking special code
Applying bleed effect! Checking special code
Applying bleed effect! Checking special code
Applying bleed effect! Checking special code
Applying bleed effect! Checking special code
[ 596/700 ] LOSS   18 turns   naruto, edward, horohoro  vs  ken, hashirama, gunha
[ 597/700 ] WIN    21 turns   naruto, genos, nezuko  vs  toph, hisoka, shinra
Applying bleed effect! Checking special code
Applying bleed effect! Checking special code
Applying bleed effect! Checking special code
[ 598/700 ] WIN    42 turns   naruto, kurotsuchi, kaiba  vs  rengoku, nonon, nezuko
[ 599/700 ] LOSS   19 turns   naruto, hibari, zenitsu  vs  frankenstein, asta, yuno
[ 600/700 ] WIN    18 turns   naruto, seventeen, aang  vs  midoriya, eren, hibari
[ 601/700 ] WIN    23 turns   naruto, horohoro, semiramis  vs  adam, inuyasha, yuji
[ 602/700 ] LOSS   25 turns   naruto, midoriya, aang  vs  kurotsuchi, mikasa, lizandpatty
[ 603/700 ] LOSS   23 turns   naruto, touka, nobara  vs  astolfo, emiya, tatsumaki
Applying bleed effect! Checking special code
[ 604/700 ] LOSS   16 turns   naruto, killua, ken  vs  broly, tsubasa, muichiro
[ 605/700 ] WIN    26 turns   naruto, gojo, touka  vs  mikasa, mars, ladydevimon
[ 606/700 ] WIN    17 turns   naruto, sheele, ganta  vs  emiya, yoh, gilgamesh
Applying bleed effect! Checking special code
Applying bleed effect! Checking special code
[ 607/700 ] LOSS   29 turns   naruto, orihime, jupiter  vs  vegeta, diane, hibari
[ 608/700 ] WIN    22 turns   naruto, lyserg, aang  vs  saber, sukuna, zenitsu
[ 609/700 ] LOSS   19 turns   naruto, yuno, inuyasha  vs  emiya, muichiro, bakugo
Applying bleed effect! Checking special code
Applying bleed effect! Checking special code
Applying bleed effect! Checking special code
Applying bleed effect! Checking special code
Applying bleed effect! Checking special code
Applying bleed effect! Checking special code
Applying bleed effect! Checking special code
[ 610/700 ] LOSS   20 turns   naruto, ace, nobara  vs  ken, myotismon, ryohei
[ 611/700 ] LOSS   24 turns   naruto, yamamoto, ichibe  vs  lizandpatty, shinoa, saber
[ 612/700 ] WIN    23 turns   naruto, tsunayoshi, mavis  vs  machinedramon, yoh, tsubaki
[ 613/700 ] WIN    17 turns   naruto, gojo, satsuki  vs  ban, lyserg, tsubasa
[ 614/700 ] WIN    30 turns   naruto, ichibe, semiramis  vs  renamon, saber, koro
[ 615/700 ] WIN    14 turns   naruto, ichigo, alphamon  vs  vegeta, machinedramon, ban
Applying bleed effect! Checking special code
Applying bleed effect! Checking special code
Applying bleed effect! Checking special code
[ 616/700 ] WIN    26 turns   naruto, denji, blackwargreymon  vs  halibel, yoh, mash
[ 617/700 ] WIN    20 turns   naruto, yoh, ryohei  vs  shokuhou, toudou, muichiro
Applying bleed effect! Checking special code
[ 618/700 ] WIN    20 turns   naruto, erza, shinra  vs  sukuna, inosuke, mars
[ 619/700 ] LOSS   27 turns   naruto, ace, tokoyami  vs  nagisa, impmon, tamaki
Applying bleed effect! Checking special code
Applying bleed effect! Checking special code
Applying bleed effect! Checking special code
Applying bleed effect! Checking special code
Applying bleed effect! Checking special code
[ 620/700 ] LOSS   18 turns   naruto, tsunayoshi, sakura  vs  madoka, korra, king
[ 621/700 ] WIN    20 turns   naruto, noelle, goku  vs  nobara, soul, hibari
[ 622/700 ] WIN    19 turns   naruto, broly, megumin  vs  soul, edward, crona
Applying bleed effect! Checking special code
Applying bleed effect! Checking special code
Applying bleed effect! Checking special code
Applying bleed effect! Checking special code
Applying bleed effect! Checking special code
Applying bleed effect! Checking special code
[ 623/700 ] WIN    23 turns   naruto, frankenstein, inuyasha  vs  kid, mami, ken
[ 624/700 ] LOSS   17 turns   naruto, gunha, sheele  vs  natsu, kurapika, gray
[ 625/700 ] LOSS   31 turns   naruto, orihime, emiyaarcher  vs  shokuhou, noelle, eren
[ 626/700 ] WIN    16 turns   naruto, kaiba, satsuki  vs  gatomon, jack, arthur
[ 627/700 ] LOSS   31 turns   naruto, yuji, uranus  vs  pegasus, death, nobara
[ 628/700 ] WIN    21 turns   naruto, hashirama, sasuke  vs  xanxus, levi, todoroki
[ 629/700 ] WIN    30 turns   naruto, myotismon, uranus  vs  itachi, cooler, saitama
[ 630/700 ] WIN    30 turns   naruto, impmon, gatomon  vs  hinata, alphamon, inosuke
Applying bleed effect! Checking special code
Applying bleed effect! Checking special code
Applying bleed effect! Checking special code
[ 631/700 ] WIN    40 turns   naruto, zenitsu, goku  vs  denji, uraraka, ryuko
[ 632/700 ] WIN    23 turns   naruto, allmight, venus  vs  jeanne, death, noelle
[ 633/700 ] WIN    14 turns   naruto, rob, todoroki  vs  hinata, aiohto, jeanne
[ 634/700 ] WIN    45 turns   naruto, lucy, chrome  vs  cell, marco, uraraka
[ 635/700 ] LOSS   28 turns   naruto, genos, eren  vs  sayaka, erza, blackstar
Applying bleed effect! Checking special code
Applying bleed effect! Checking special code
Applying bleed effect! Checking special code
Applying bleed effect! Checking special code
Applying bleed effect! Checking special code
Applying bleed effect! Checking special code
Applying bleed effect! Checking special code
[ 636/700 ] WIN    17 turns   naruto, cell, yuji  vs  koro, mami, ken
Applying bleed effect! Checking special code
[ 637/700 ] WIN    23 turns   naruto, power, gallantmon  vs  jesse, megumin, tsubaki
[ 638/700 ] WIN    76 turns   naruto, cooler, hisoka  vs  sakura, tsubasa, veldora
[ 639/700 ] LOSS   24 turns   naruto, shokuhou, cooler  vs  mars, gon, gatomon
[ 640/700 ] LOSS   21 turns   naruto, goku, ichigo  vs  zoro, gatomon, madoka
[ 641/700 ] LOSS   25 turns   naruto, gon, minene  vs  shinra, jupiter, tsubaki
[ 642/700 ] LOSS   24 turns   naruto, meliodas, nonon  vs  madoka, ladydevimon, orihime
[ 643/700 ] WIN    27 turns   naruto, marco, tsubasa  vs  mami, ichibe, aang
[ 644/700 ] WIN    19 turns   naruto, gojo, aiohto  vs  veldora, yugi, impmon
[ 645/700 ] WIN    16 turns   naruto, sayaka, hibari  vs  toji, erza, uraraka
Applying bleed effect! Checking special code
[ 646/700 ] WIN    12 turns   naruto, emiyaarcher, shinoa  vs  gunha, korra, diane
[ 647/700 ] LOSS   25 turns   naruto, bakugo, saitama  vs  tamaki, diane, megumi
[ 648/700 ] WIN    23 turns   naruto, ryuko, ace  vs  semiramis, tsuyu, soul
[ 649/700 ] WIN    19 turns   naruto, ladydevimon, aiohto  vs  saturn, kid, tsunayoshi
[ 650/700 ] WIN    33 turns   naruto, cell, alphamon  vs  nobara, neferpitou, impmon
[ 651/700 ] WIN    34 turns   naruto, akame, edward  vs  koro, soul, ban
[ 652/700 ] WIN    16 turns   naruto, asta, tanjiro  vs  zoro, machinedramon, tsubaki
[ 653/700 ] WIN    41 turns   naruto, nezuko, killua  vs  frieren, tamaki, kaiba
[ 654/700 ] WIN    25 turns   naruto, tsunayoshi, rimuru  vs  nel, tsuyu, kid
[ 655/700 ] WIN    23 turns   naruto, chrome, veldora  vs  mars, yuji, maka
[ 656/700 ] WIN    22 turns   naruto, ichibe, meliodas  vs  blackwargreymon, nel, toga
Applying bleed effect! Checking special code
[ 657/700 ] LOSS   17 turns   naruto, koro, power  vs  alphamon, gilgamesh, toph
[ 658/700 ] LOSS   13 turns   naruto, bakugo, toudou  vs  machinedramon, halibel, luffy
[ 659/700 ] WIN    23 turns   naruto, bakugo, rengoku  vs  yamamoto, shinoa, jeanne
[ 660/700 ] LOSS   19 turns   naruto, gunha, gogeta  vs  broly, aang, eren
[ 661/700 ] WIN    22 turns   naruto, maka, impmon  vs  hinata, tokoyami, nel
Applying bleed effect! Checking special code
Applying bleed effect! Checking special code
Applying bleed effect! Checking special code
Applying bleed effect! Checking special code
[ 662/700 ] WIN    11 turns   naruto, nagisa, uranus  vs  ken, ryohei, allmight
[ 663/700 ] WIN    17 turns   naruto, seventeen, toph  vs  inuyasha, diane, gray
[ 664/700 ] LOSS   23 turns   naruto, jupiter, jesse  vs  jaden, impmon, todoroki
[ 665/700 ] LOSS   15 turns   naruto, yoh, sasuke  vs  aang, aiohto, boruto
Applying bleed effect! Checking special code
Applying bleed effect! Checking special code
Applying bleed effect! Checking special code
Applying bleed effect! Checking special code
Applying bleed effect! Checking special code
Applying bleed effect! Checking special code
[ 666/700 ] LOSS   16 turns   naruto, usopp, zenitsu  vs  rengoku, asta, tokoyami
Applying bleed effect! Checking special code
Applying bleed effect! Checking special code
[ 667/700 ] WIN    25 turns   naruto, halibel, lyserg  vs  noelle, power, cooler
[ 668/700 ] WIN    24 turns   naruto, jupiter, nonon  vs  bakugo, ryohei, emiya
Applying bleed effect! Checking special code
Applying bleed effect! Checking special code
[ 669/700 ] LOSS   23 turns   naruto, inosuke, gogeta  vs  zenitsu, zoro, gallantmon
[ 670/700 ] WIN    25 turns   naruto, yugi, aiohto  vs  semiramis, mami, tatsumi
[ 671/700 ] LOSS   25 turns   naruto, todoroki, ace  vs  jaden, midoriya, tanjiro
[ 672/700 ] WIN    21 turns   naruto, gon, toga  vs  ladydevimon, bakugo, ace
[ 673/700 ] LOSS   33 turns   naruto, touka, lucy  vs  nagisa, ban, tsubasa
[ 674/700 ] LOSS   26 turns   naruto, akame, luffy  vs  jack, zoro, neferpitou
[ 675/700 ] LOSS   21 turns   naruto, esdeath, mami  vs  sukuna, venus, shinra
[ 676/700 ] LOSS   36 turns   naruto, horohoro, hinata  vs  gogeta, natsu, adam
[ 677/700 ] WIN    18 turns   naruto, shinoa, itachi  vs  akame, byakuya, soul
[ 678/700 ] WIN    21 turns   naruto, gallantmon, itachi  vs  hibari, yuno, luffy
[ 679/700 ] WIN    42 turns   naruto, saturn, uraraka  vs  sayaka, hibari, saber
[ 680/700 ] WIN    18 turns   naruto, impmon, gojo  vs  aang, jeanne, nimaiya
[ 681/700 ] LOSS   20 turns   naruto, kid, kitara  vs  itachi, lizandpatty, vegeta
Applying bleed effect! Checking special code
Applying bleed effect! Checking special code
Applying bleed effect! Checking special code
Applying bleed effect! Checking special code
[ 682/700 ] LOSS   14 turns   naruto, uraraka, gallantmon  vs  mavis, jupiter, rakko
[ 683/700 ] LOSS   23 turns   naruto, nimaiya, jinwoo  vs  esdeath, toji, frieren
[ 684/700 ] WIN    30 turns   naruto, rimuru, saturn  vs  tokoyami, rob, jaden
[ 685/700 ] WIN    19 turns   naruto, kurotsuchi, astolfo  vs  tatsumi, nel, ban
[ 686/700 ] LOSS   47 turns   naruto, nezuko, tamaki  vs  broly, rimuru, tatsumaki
Applying bleed effect! Checking special code
[ 687/700 ] WIN    19 turns   naruto, gohan, gunha  vs  shiro, ladydevimon, king
[ 688/700 ] WIN    26 turns   naruto, toji, gojo  vs  soul, squalo, lucy
[ 689/700 ] LOSS   29 turns   naruto, jeanne, lucy  vs  mami, gojo, sasuke
[ 690/700 ] WIN    20 turns   naruto, hisoka, boruto  vs  koro, blackwargreymon, nezuko
[ 691/700 ] WIN    21 turns   naruto, noelle, hibari  vs  ace, gatomon, jesse
[ 692/700 ] LOSS   24 turns   naruto, tamaki, touka  vs  neferpitou, byakuya, mavis
[ 693/700 ] LOSS   27 turns   naruto, toph, jeanne  vs  kaiba, gunha, adam
[ 694/700 ] WIN    35 turns   naruto, jaden, kurotsuchi  vs  kurapika, uraraka, shinra
Applying bleed effect! Checking special code
Applying bleed effect! Checking special code
Applying bleed effect! Checking special code
Applying bleed effect! Checking special code
[ 695/700 ] LOSS   34 turns   naruto, ryuko, maka  vs  ken, gojo, sayaka
[ 696/700 ] WIN    26 turns   naruto, muichiro, broly  vs  alphamon, semiramis, eren
[ 697/700 ] LOSS   21 turns   naruto, sayaka, myotismon  vs  blackwargreymon, aiohto, impmon
[ 698/700 ] WIN    22 turns   naruto, toga, shinra  vs  lucy, hinata, hibari
[ 699/700 ] WIN    21 turns   naruto, hibari, machinedramon  vs  edward, sheele, sasuke
[ 700/700 ] LOSS   21 turns   naruto, yuji, frankenstein  vs  ban, kuroko, gatomon
=== TRAINER RUN COMPLETE ===
Matches: 700   W: 411   L: 288   D: 1   Win: 58.7%   (opponent: self)
Policy saved to res://training/checkpoints/focus_naruto/w0.json  (generation 5, trained_matches 10700)
