Godot Engine v4.6.2.stable.official.71f334935 - https://godotengine.org

[trainer] seed=61004 matches=700 opponent=self eval=false out=res://training/checkpoints/focus_allmight/w4.json checkpoint=res://training/checkpoints/focused_current.json
[authored] loaded 1 authored character(s)
[   1/700 ] LOSS   30 turns   allmight, gunha, veldora  vs  nagisa, gojo, jinwoo
[   2/700 ] LOSS   12 turns   allmight, tatsumi, crona  vs  vegeta, esdeath, asta
[   3/700 ] LOSS   22 turns   allmight, lucy, semiramis  vs  astolfo, gatomon, bakugo
[   4/700 ] LOSS   12 turns   allmight, soul, gatomon  vs  hibari, gilgamesh, genos
[   5/700 ] LOSS    8 turns   allmight, omnimon, tamaki  vs  esdeath, edward, lizandpatty
Applying bleed effect! Checking special code
[   6/700 ] WIN    16 turns   allmight, pegasus, bakugo  vs  diane, ryohei, akame
[   7/700 ] LOSS   41 turns   allmight, kaiba, yugi  vs  hinata, gatomon, jinwoo
[   8/700 ] LOSS   14 turns   allmight, tanjiro, lucy  vs  kitara, tokoyami, esdeath
[   9/700 ] LOSS   16 turns   allmight, nel, hisoka  vs  mavis, halibel, jeanne
[  10/700 ] LOSS   47 turns   allmight, shinra, sakura  vs  toji, veldora, tanjiro
[  11/700 ] WIN    88 turns   allmight, gohan, jaden  vs  yamamoto, sakura, tsuyu
[  12/700 ] LOSS   17 turns   allmight, rimuru, gogeta  vs  nezuko, hibari, mavis
[  13/700 ] WIN    16 turns   allmight, sasuke, seventeen  vs  chrome, gogeta, uzui
[  14/700 ] LOSS   27 turns   allmight, killua, hisoka  vs  gilgamesh, todoroki, aang
Applying bleed effect! Checking special code
[  15/700 ] LOSS   31 turns   allmight, nobara, power  vs  jinwoo, tsunayoshi, gray
[  16/700 ] LOSS   19 turns   allmight, chrome, gatomon  vs  tsubasa, yamamoto, gogeta
Applying bleed effect! Checking special code
Applying bleed effect! Checking special code
[  17/700 ] LOSS   31 turns   allmight, akame, diane  vs  hinata, zoro, zenitsu
[  18/700 ] WIN    21 turns   allmight, bakugo, usopp  vs  gohan, machinedramon, shiro
[  19/700 ] LOSS   45 turns   allmight, mars, uranus  vs  lyserg, yoh, seventeen
[  20/700 ] LOSS   12 turns   allmight, korra, tatsumaki  vs  saturn, yuno, asta
[  21/700 ] WIN    68 turns   allmight, ryohei, jaden  vs  mavis, ladydevimon, shiro
[  22/700 ] LOSS   20 turns   allmight, kid, blackstar  vs  goku, halibel, gray
[  23/700 ] LOSS   16 turns   allmight, uzui, frankenstein  vs  soul, gray, megumin
Applying bleed effect! Checking special code
[  24/700 ] LOSS   24 turns   allmight, esdeath, nobara  vs  eren, emiya, diane
Applying bleed effect! Checking special code
Applying bleed effect! Checking special code
Applying bleed effect! Checking special code
Applying bleed effect! Checking special code
Applying bleed effect! Checking special code
Applying bleed effect! Checking special code
Applying bleed effect! Checking special code
[  25/700 ] WIN    23 turns   allmight, aiohto, renamon  vs  jupiter, uranus, king
[  26/700 ] WIN    19 turns   allmight, gray, broly  vs  nel, halibel, tokoyami
Applying bleed effect! Checking special code
Applying bleed effect! Checking special code
Applying bleed effect! Checking special code
Applying bleed effect! Checking special code
Applying bleed effect! Checking special code
Applying bleed effect! Checking special code
Applying bleed effect! Checking special code
[  27/700 ] WIN    13 turns   allmight, cell, mavis  vs  horohoro, king, gojo
[  28/700 ] LOSS   15 turns   allmight, hibari, yubel  vs  meliodas, hisoka, levi
[  29/700 ] WIN    18 turns   allmight, killua, power  vs  ryohei, veldora, sukuna
[  30/700 ] LOSS   36 turns   allmight, kuroko, saber  vs  natsu, gohan, jinwoo
Applying bleed effect! Checking special code
Applying bleed effect! Checking special code
[  31/700 ] LOSS   23 turns   allmight, denji, emiya  vs  gogeta, toph, neferpitou
[  32/700 ] LOSS   56 turns   allmight, saturn, toudou  vs  kurotsuchi, mars, maka
[  33/700 ] LOSS   16 turns   allmight, shokuhou, megumin  vs  horohoro, ryuko, gon
[  34/700 ] LOSS   14 turns   allmight, kitara, jinwoo  vs  tsubasa, adam, ryohei
[  35/700 ] WIN    32 turns   allmight, yuji, toji  vs  kitara, frankenstein, xanxus
[  36/700 ] LOSS   25 turns   allmight, neferpitou, ban  vs  yuno, mercury, gogeta
Applying bleed effect! Checking special code
[  37/700 ] LOSS   26 turns   allmight, nel, diane  vs  saturn, tanjiro, uzui
[  38/700 ] LOSS   20 turns   allmight, eren, gray  vs  mikasa, soul, broly
[  39/700 ] WIN    38 turns   allmight, usopp, tsubaki  vs  edward, kid, toga
Yubel's S1 Triggered!
[  40/700 ] WIN    27 turns   allmight, rob, toph  vs  akame, yubel, mars
[  41/700 ] LOSS   17 turns   allmight, tanjiro, mami  vs  ichibe, vegeta, nonon
[  42/700 ] WIN    43 turns   allmight, yoh, ichibe  vs  hibari, cooler, naruto
Applying bleed effect! Checking special code
Applying bleed effect! Checking special code
Applying bleed effect! Checking special code
Applying bleed effect! Checking special code
Applying bleed effect! Checking special code
Applying bleed effect! Checking special code
Applying bleed effect! Checking special code
Applying bleed effect! Checking special code
[  43/700 ] LOSS   24 turns   allmight, kaiba, king  vs  inosuke, ichibe, mercury
[  44/700 ] LOSS   28 turns   allmight, hinata, usopp  vs  eren, nagisa, kitara
Applying bleed effect! Checking special code
Applying bleed effect! Checking special code
Applying bleed effect! Checking special code
Applying bleed effect! Checking special code
[  45/700 ] LOSS   18 turns   allmight, nimaiya, yuno  vs  yugi, king, koro
Applying bleed effect! Checking special code
[  46/700 ] LOSS   15 turns   allmight, denji, gasai  vs  rob, yuji, cell
[  47/700 ] LOSS   45 turns   allmight, bakugo, toph  vs  gogeta, genos, yoh
Applying bleed effect! Checking special code
Applying bleed effect! Checking special code
Applying bleed effect! Checking special code
Applying bleed effect! Checking special code
Applying bleed effect! Checking special code
[  48/700 ] LOSS   15 turns   allmight, rakko, hinata  vs  kurotsuchi, todoroki, shiro
Yubel's S1 Triggered!
Yubel's S1 Triggered!
[  49/700 ] LOSS   15 turns   allmight, sayaka, yubel  vs  sukuna, noelle, yoh
[  50/700 ] LOSS   23 turns   allmight, tatsumaki, gilgamesh  vs  mine, diane, yubel
Applying bleed effect! Checking special code
[  51/700 ] LOSS   26 turns   allmight, yugi, uranus  vs  jeanne, nimaiya, king
[  52/700 ] LOSS   14 turns   allmight, toji, cell  vs  inuyasha, jupiter, saitama
[  53/700 ] LOSS   13 turns   allmight, yubel, mash  vs  mine, sukuna, tsubasa
[  54/700 ] LOSS   23 turns   allmight, maka, arthur  vs  byakuya, neferpitou, luffy
[  55/700 ] WIN    15 turns   allmight, hisoka, asta  vs  korra, horohoro, jupiter
[  56/700 ] WIN    23 turns   allmight, squalo, astolfo  vs  uraraka, arthur, jinwoo
[  57/700 ] LOSS   16 turns   allmight, hinata, jeanne  vs  boruto, tokoyami, gallantmon
[  58/700 ] LOSS   22 turns   allmight, zenitsu, rob  vs  ichigo, ichibe, halibel
Applying bleed effect! Checking special code
[  59/700 ] WIN    17 turns   allmight, rakko, satsuki  vs  mars, saturn, yamamoto
[  60/700 ] WIN    23 turns   allmight, blackstar, astolfo  vs  tatsumaki, halibel, mercury
[  61/700 ] LOSS   23 turns   allmight, crona, hinata  vs  saturn, nezuko, gohan
Applying bleed effect! Checking special code
Applying bleed effect! Checking special code
Applying bleed effect! Checking special code
Applying bleed effect! Checking special code
Applying bleed effect! Checking special code
[  62/700 ] WIN    39 turns   allmight, gon, nezuko  vs  noelle, ken, yoh
Applying bleed effect! Checking special code
Applying bleed effect! Checking special code
Applying bleed effect! Checking special code
Applying bleed effect! Checking special code
[  63/700 ] LOSS   15 turns   allmight, satsuki, arthur  vs  uranus, rengoku, mash
Applying bleed effect! Checking special code
Applying bleed effect! Checking special code
Applying bleed effect! Checking special code
Applying bleed effect! Checking special code
Applying bleed effect! Checking special code
[  64/700 ] LOSS   11 turns   allmight, renamon, koro  vs  king, luffy, squalo
[  65/700 ] LOSS   27 turns   allmight, ryohei, minene  vs  megumi, nonon, gohan
[  66/700 ] WIN    30 turns   allmight, byakuya, yugi  vs  sasuke, akame, levi
[  67/700 ] WIN    20 turns   allmight, uzui, levi  vs  lyserg, hibari, tamaki
[  68/700 ] LOSS   17 turns   allmight, bakugo, emiya  vs  sayaka, blackstar, renamon
[  69/700 ] LOSS   18 turns   allmight, emiya, tatsumaki  vs  yoh, lucy, gallantmon
[  70/700 ] LOSS   51 turns   allmight, toji, tsubaki  vs  nobara, yamamoto, vegeta
[  71/700 ] WIN    19 turns   allmight, gogeta, sayaka  vs  mikasa, mavis, tokoyami
[  72/700 ] WIN    26 turns   allmight, neferpitou, edward  vs  meliodas, shinoa, erza
[  73/700 ] LOSS   19 turns   allmight, emiyaarcher, gojo  vs  nel, kitara, lizandpatty
Yubel's S1 Triggered!
[  74/700 ] WIN    20 turns   allmight, frieren, gohan  vs  yubel, gunha, aiohto
Applying bleed effect! Checking special code
Applying bleed effect! Checking special code
Applying bleed effect! Checking special code
[  75/700 ] LOSS   26 turns   allmight, chrome, minene  vs  gojo, nel, rakko
[  76/700 ] LOSS   28 turns   allmight, erza, megumi  vs  vegeta, sukuna, kuroko
[  77/700 ] LOSS   26 turns   allmight, kitara, uraraka  vs  bakugo, touka, veldora
Applying bleed effect! Checking special code
Applying bleed effect! Checking special code
Applying bleed effect! Checking special code
[  78/700 ] LOSS   17 turns   allmight, denji, lucy  vs  gasai, touka, usopp
Applying bleed effect! Checking special code
Applying bleed effect! Checking special code
Applying bleed effect! Checking special code
Applying bleed effect! Checking special code
[  79/700 ] WIN    33 turns   allmight, emiya, diane  vs  pegasus, natsu, machinedramon
[  80/700 ] LOSS   23 turns   allmight, yamamoto, natsu  vs  blackstar, kurapika, boruto
[  81/700 ] WIN    16 turns   allmight, mercury, inuyasha  vs  shokuhou, emiya, tatsumaki
Applying bleed effect! Checking special code
[  82/700 ] WIN    16 turns   allmight, mine, yugi  vs  jeanne, todoroki, rakko
Applying bleed effect! Checking special code
[  83/700 ] LOSS   22 turns   allmight, saber, jesse  vs  inosuke, natsu, gogeta
[  84/700 ] LOSS   37 turns   allmight, chrome, kaiba  vs  adam, yugi, alphonse
Applying bleed effect! Checking special code
Applying bleed effect! Checking special code
Applying bleed effect! Checking special code
Applying bleed effect! Checking special code
Applying bleed effect! Checking special code
Applying bleed effect! Checking special code
Applying bleed effect! Checking special code
Applying bleed effect! Checking special code
[  85/700 ] LOSS   14 turns   allmight, chrome, king  vs  meliodas, alphamon, xanxus
Yubel's S1 Triggered!
Yubel's S1 Triggered!
Yubel's S1 Triggered!
[  86/700 ] LOSS   13 turns   allmight, yubel, arthur  vs  gasai, tsubaki, meliodas
[  87/700 ] LOSS   18 turns   allmight, midoriya, koro  vs  gatomon, madoka, zenitsu
[  88/700 ] LOSS   14 turns   allmight, madoka, cell  vs  gogeta, squalo, jack
[  89/700 ] WIN    18 turns   allmight, eren, xanxus  vs  yubel, jinwoo, hawkmon
[  90/700 ] LOSS   14 turns   allmight, megumin, rob  vs  cooler, ichigo, jack
[  91/700 ] WIN    25 turns   allmight, mavis, lyserg  vs  machinedramon, marco, akame
[  92/700 ] WIN    24 turns   allmight, orihime, meliodas  vs  tokoyami, veldora, yamamoto
[  93/700 ] LOSS   11 turns   allmight, mash, tatsumaki  vs  alphamon, touka, saitama
Applying bleed effect! Checking special code
Applying bleed effect! Checking special code
Applying bleed effect! Checking special code
Applying bleed effect! Checking special code
Applying bleed effect! Checking special code
Applying bleed effect! Checking special code
Applying bleed effect! Checking special code
Applying bleed effect! Checking special code
Applying bleed effect! Checking special code
Applying bleed effect! Checking special code
Applying bleed effect! Checking special code
Applying bleed effect! Checking special code
Applying bleed effect! Checking special code
Applying bleed effect! Checking special code
Applying bleed effect! Checking special code
Applying bleed effect! Checking special code
Applying bleed effect! Checking special code
[  94/700 ] LOSS   24 turns   allmight, nel, jaden  vs  ken, rengoku, rakko
[  95/700 ] LOSS   13 turns   allmight, tsubasa, jeanne  vs  shiro, todoroki, jesse
[  96/700 ] LOSS   29 turns   allmight, neferpitou, blackwargreymon  vs  asta, meliodas, kurotsuchi
[  97/700 ] LOSS   11 turns   allmight, korra, cooler  vs  seventeen, veldora, mikasa
[  98/700 ] WIN    37 turns   allmight, yamamoto, jaden  vs  toji, jesse, emiya
[  99/700 ] LOSS   13 turns   allmight, yuno, kid  vs  saitama, machinedramon, veldora
Applying bleed effect! Checking special code
[ 100/700 ] LOSS   20 turns   allmight, jinwoo, boruto  vs  uranus, midoriya, denji
[ 101/700 ] WIN    25 turns   allmight, shiro, usopp  vs  tanjiro, emiyaarcher, minene
Applying bleed effect! Checking special code
Applying bleed effect! Checking special code
[ 102/700 ] LOSS   20 turns   allmight, gasai, jeanne  vs  death, ryuko, diane
[ 103/700 ] LOSS   17 turns   allmight, boruto, toudou  vs  lucy, gon, genos
[ 104/700 ] LOSS   33 turns   allmight, akame, arthur  vs  adam, shiro, hinata
[ 105/700 ] LOSS   20 turns   allmight, genos, koro  vs  shinra, yuji, naruto
Applying bleed effect! Checking special code
Applying bleed effect! Checking special code
Applying bleed effect! Checking special code
Applying bleed effect! Checking special code
Applying bleed effect! Checking special code
Applying bleed effect! Checking special code
[ 106/700 ] WIN    14 turns   allmight, denji, frankenstein  vs  king, machinedramon, gohan
[ 107/700 ] WIN    19 turns   allmight, jack, kaiba  vs  kitara, byakuya, mars
[ 108/700 ] LOSS   13 turns   allmight, machinedramon, mash  vs  aiohto, yugi, uzui
[ 109/700 ] LOSS   26 turns   allmight, ban, emiya  vs  megumi, natsu, naruto
[ 110/700 ] LOSS   14 turns   allmight, shokuhou, kid  vs  horohoro, tamaki, squalo
Applying bleed effect! Checking special code
[ 111/700 ] LOSS   33 turns   allmight, gogeta, inosuke  vs  gojo, mami, nel
[ 112/700 ] WIN    18 turns   allmight, aiohto, lizandpatty  vs  vegeta, omnimon, crona
[ 113/700 ] LOSS   32 turns   allmight, uranus, machinedramon  vs  gilgamesh, inuyasha, naruto
Applying bleed effect! Checking special code
Applying bleed effect! Checking special code
Applying bleed effect! Checking special code
Applying bleed effect! Checking special code
[ 114/700 ] WIN    38 turns   allmight, diane, tsubaki  vs  gon, emiya, gojo
[ 115/700 ] WIN    34 turns   allmight, machinedramon, pegasus  vs  rob, cell, killua
Applying bleed effect! Checking special code
Applying bleed effect! Checking special code
Applying bleed effect! Checking special code
Applying bleed effect! Checking special code
Applying bleed effect! Checking special code
Applying bleed effect! Checking special code
[ 116/700 ] LOSS   17 turns   allmight, rakko, megumi  vs  broly, jupiter, denji
[ 117/700 ] LOSS   20 turns   allmight, soul, squalo  vs  hisoka, tsuyu, gasai
[ 118/700 ] LOSS   20 turns   allmight, bakugo, squalo  vs  sukuna, myotismon, zoro
[ 119/700 ] LOSS   26 turns   allmight, death, edward  vs  jaden, uranus, squalo
[ 120/700 ] LOSS   20 turns   allmight, misaka, sakura  vs  gojo, mars, madoka
[ 121/700 ] LOSS   18 turns   allmight, hawkmon, blackwargreymon  vs  tanjiro, mercury, sakura
[ 122/700 ] LOSS   17 turns   allmight, shokuhou, saturn  vs  zoro, madoka, yamamoto
[ 123/700 ] LOSS   23 turns   allmight, tsubaki, gray  vs  impmon, inuyasha, shiro
Applying bleed effect! Checking special code
[ 124/700 ] LOSS   25 turns   allmight, tsubaki, jupiter  vs  power, squalo, mars
[ 125/700 ] LOSS   31 turns   allmight, kurapika, naruto  vs  venus, semiramis, tamaki
[ 126/700 ] LOSS   17 turns   allmight, chrome, shokuhou  vs  gilgamesh, horohoro, hashirama
[ 127/700 ] LOSS   26 turns   allmight, toga, yamamoto  vs  zenitsu, itachi, jack
[ 128/700 ] LOSS   15 turns   allmight, gray, zenitsu  vs  tanjiro, erza, satsuki
[ 129/700 ] LOSS   15 turns   allmight, zenitsu, toph  vs  jaden, marco, inuyasha
[ 130/700 ] WIN    14 turns   allmight, mavis, tsubasa  vs  yubel, jeanne, shokuhou
[ 131/700 ] WIN    16 turns   allmight, ichigo, shiro  vs  saber, gallantmon, naruto
[ 132/700 ] WIN    30 turns   allmight, killua, tatsumi  vs  madoka, impmon, eren
[ 133/700 ] LOSS   17 turns   allmight, ban, venus  vs  death, itachi, renamon
[ 134/700 ] LOSS   16 turns   allmight, edward, alphonse  vs  machinedramon, alphamon, sheele
[ 135/700 ] LOSS   22 turns   allmight, tsunayoshi, ganta  vs  eren, squalo, mikasa
[ 136/700 ] WIN    21 turns   allmight, ryohei, ichibe  vs  goku, orihime, levi
[ 137/700 ] LOSS   21 turns   allmight, veldora, korra  vs  jaden, todoroki, hinata
[ 138/700 ] LOSS   21 turns   allmight, gallantmon, emiya  vs  rimuru, toph, shiro
[ 139/700 ] LOSS   25 turns   allmight, nezuko, tokoyami  vs  yuji, horohoro, midoriya
[ 140/700 ] LOSS   28 turns   allmight, gojo, korra  vs  emiya, megumin, minene
[ 141/700 ] LOSS   27 turns   allmight, touka, saber  vs  saturn, gallantmon, gasai
[ 142/700 ] LOSS   68 turns   allmight, semiramis, cell  vs  gray, sakura, toga
[ 143/700 ] WIN    27 turns   allmight, nobara, jack  vs  crona, death, renamon
[ 144/700 ] LOSS   17 turns   allmight, nobara, kurapika  vs  death, shinoa, uranus
[ 145/700 ] LOSS   25 turns   allmight, ganta, jack  vs  blackwargreymon, minene, venus
[ 146/700 ] LOSS   25 turns   allmight, hawkmon, hisoka  vs  toudou, gon, arthur
[ 147/700 ] LOSS   45 turns   allmight, hinata, ladydevimon  vs  omnimon, diane, megumin
[ 148/700 ] WIN    13 turns   allmight, mash, yuno  vs  cooler, misaka, blackwargreymon
Applying bleed effect! Checking special code
Applying bleed effect! Checking special code
Applying bleed effect! Checking special code
Applying bleed effect! Checking special code
Applying bleed effect! Checking special code
Applying bleed effect! Checking special code
Applying bleed effect! Checking special code
Applying bleed effect! Checking special code
Applying bleed effect! Checking special code
[ 149/700 ] LOSS   26 turns   allmight, kaiba, madoka  vs  rakko, emiya, aiohto
[ 150/700 ] WIN    17 turns   allmight, lizandpatty, aang  vs  toji, usopp, saitama
[ 151/700 ] WIN    21 turns   allmight, tanjiro, touka  vs  shokuhou, madoka, jesse
Applying bleed effect! Checking special code
[ 152/700 ] LOSS   16 turns   allmight, aiohto, diane  vs  squalo, gray, eren
[ 153/700 ] LOSS   26 turns   allmight, gohan, vegeta  vs  crona, cooler, orihime
[ 154/700 ] WIN    18 turns   allmight, yamamoto, jaden  vs  squalo, lucy, tanjiro
[ 155/700 ] LOSS   15 turns   allmight, tsunayoshi, hinata  vs  tatsumi, aiohto, jack
[ 156/700 ] LOSS   12 turns   allmight, gunha, itachi  vs  blackwargreymon, hawkmon, madoka
[ 157/700 ] LOSS   16 turns   allmight, mami, toji  vs  xanxus, lucy, hisoka
Applying bleed effect! Checking special code
Applying bleed effect! Checking special code
Applying bleed effect! Checking special code
Applying bleed effect! Checking special code
[ 158/700 ] LOSS   26 turns   allmight, kurotsuchi, zoro  vs  maka, inosuke, yamamoto
[ 159/700 ] LOSS    7 turns   allmight, toudou, shinoa  vs  tsunayoshi, hashirama, esdeath
[ 160/700 ] LOSS   15 turns   allmight, hinata, noelle  vs  shiro, goku, killua
[ 161/700 ] LOSS   14 turns   allmight, yoh, satsuki  vs  lyserg, luffy, sayaka
[ 162/700 ] LOSS   16 turns   allmight, tsubasa, renamon  vs  gilgamesh, nel, hisoka
[ 163/700 ] LOSS   16 turns   allmight, asta, sasuke  vs  jeanne, erza, mercury
[ 164/700 ] LOSS   25 turns   allmight, natsu, saturn  vs  ryohei, broly, koro
[ 165/700 ] WIN    43 turns   allmight, saturn, minene  vs  nonon, ryuko, jeanne
[ 166/700 ] LOSS   25 turns   allmight, mavis, lyserg  vs  gray, shinra, impmon
[ 167/700 ] WIN    23 turns   allmight, tsunayoshi, halibel  vs  yoh, crona, horohoro
[ 168/700 ] WIN    22 turns   allmight, erza, ichigo  vs  ichibe, omnimon, lyserg
[ 169/700 ] LOSS   16 turns   allmight, veldora, mikasa  vs  tsunayoshi, zenitsu, venus
[ 170/700 ] LOSS   14 turns   allmight, shokuhou, yubel  vs  cell, bakugo, yoh
[ 171/700 ] WIN    28 turns   allmight, venus, yugi  vs  blackstar, frieren, frankenstein
[ 172/700 ] LOSS   24 turns   allmight, muichiro, kurapika  vs  yuji, blackstar, koro
[ 173/700 ] LOSS   18 turns   allmight, mercury, tsubasa  vs  neferpitou, gon, jupiter
Applying bleed effect! Checking special code
Applying bleed effect! Checking special code
Applying bleed effect! Checking special code
[ 174/700 ] LOSS   39 turns   allmight, toudou, xanxus  vs  kitara, lucy, inosuke
Applying bleed effect! Checking special code
Applying bleed effect! Checking special code
Applying bleed effect! Checking special code
Applying bleed effect! Checking special code
Applying bleed effect! Checking special code
Applying bleed effect! Checking special code
[ 175/700 ] LOSS   24 turns   allmight, ken, mine  vs  mars, erza, renamon
[ 176/700 ] LOSS   13 turns   allmight, hawkmon, blackstar  vs  levi, ganta, uranus
Applying bleed effect! Checking special code
Applying bleed effect! Checking special code
[ 177/700 ] WIN    26 turns   allmight, vegeta, kurapika  vs  yugi, denji, touka
[ 178/700 ] WIN    22 turns   allmight, kurotsuchi, erza  vs  gilgamesh, yubel, toga
[ 179/700 ] WIN    22 turns   allmight, xanxus, genos  vs  kaiba, gasai, yamamoto
[ 180/700 ] LOSS   25 turns   allmight, yuji, tsubaki  vs  saber, eren, muichiro
Yubel's S1 Triggered!
[ 181/700 ] WIN    17 turns   allmight, kuroko, sayaka  vs  yubel, sheele, tsunayoshi
Applying bleed effect! Checking special code
Applying bleed effect! Checking special code
Applying bleed effect! Checking special code
[ 182/700 ] LOSS   13 turns   allmight, rengoku, mikasa  vs  yamamoto, jinwoo, hashirama
[ 183/700 ] WIN    28 turns   allmight, levi, tanjiro  vs  emiyaarcher, sakura, kaiba
[ 184/700 ] LOSS   17 turns   allmight, genos, ganta  vs  kitara, toudou, horohoro
[ 185/700 ] LOSS   29 turns   allmight, shokuhou, saturn  vs  boruto, tsubaki, mercury
Yubel's S1 Triggered!
[ 186/700 ] LOSS   15 turns   allmight, erza, yubel  vs  kuroko, mine, soul
[ 187/700 ] LOSS   23 turns   allmight, jaden, cooler  vs  usopp, gunha, gray
[ 188/700 ] LOSS   15 turns   allmight, yoh, venus  vs  yugi, inuyasha, lizandpatty
Applying bleed effect! Checking special code
Applying bleed effect! Checking special code
Applying bleed effect! Checking special code
Applying bleed effect! Checking special code
Applying bleed effect! Checking special code
Applying bleed effect! Checking special code
Applying bleed effect! Checking special code
Applying bleed effect! Checking special code
Applying bleed effect! Checking special code
Applying bleed effect! Checking special code
Applying bleed effect! Checking special code
[ 189/700 ] LOSS   19 turns   allmight, tsubasa, shinoa  vs  king, genos, gilgamesh
Applying bleed effect! Checking special code
Applying bleed effect! Checking special code
Applying bleed effect! Checking special code
Applying bleed effect! Checking special code
[ 190/700 ] WIN    17 turns   allmight, lucy, denji  vs  genos, seventeen, muichiro
[ 191/700 ] WIN    24 turns   allmight, byakuya, shinoa  vs  lizandpatty, alphonse, vegeta
[ 192/700 ] LOSS   14 turns   allmight, jinwoo, kurotsuchi  vs  broly, satsuki, pegasus
[ 193/700 ] LOSS   15 turns   allmight, lizandpatty, gasai  vs  gojo, frieren, jupiter
[ 194/700 ] LOSS   19 turns   allmight, saitama, jack  vs  ladydevimon, naruto, megumi
[ 195/700 ] LOSS   15 turns   allmight, gohan, boruto  vs  neferpitou, xanxus, renamon
[ 196/700 ] LOSS   23 turns   allmight, lucy, cooler  vs  hinata, gallantmon, orihime
Applying bleed effect! Checking special code
Applying bleed effect! Checking special code
[ 197/700 ] WIN    16 turns   allmight, vegeta, denji  vs  adam, todoroki, blackstar
[ 198/700 ] WIN    24 turns   allmight, megumi, nel  vs  jesse, muichiro, jaden
[ 199/700 ] WIN    30 turns   allmight, hisoka, gallantmon  vs  ichibe, aiohto, gunha
[ 200/700 ] WIN    84 turns   allmight, lyserg, mavis  vs  midoriya, hinata, yamamoto
Applying bleed effect! Checking special code
Applying bleed effect! Checking special code
Applying bleed effect! Checking special code
Applying bleed effect! Checking special code
[ 201/700 ] WIN    13 turns   allmight, tsubaki, esdeath  vs  maka, yuji, rengoku
[ 202/700 ] LOSS   18 turns   allmight, gray, ban  vs  ryohei, zenitsu, edward
[ 203/700 ] LOSS   13 turns   allmight, orihime, jesse  vs  sakura, mavis, kaiba
[ 204/700 ] WIN    38 turns   allmight, meliodas, astolfo  vs  omnimon, lizandpatty, nezuko
[ 205/700 ] LOSS   40 turns   allmight, nezuko, crona  vs  omnimon, naruto, kid
[ 206/700 ] WIN    22 turns   allmight, lizandpatty, maka  vs  frankenstein, akame, mash
[ 207/700 ] LOSS   13 turns   allmight, touka, emiyaarcher  vs  ladydevimon, saturn, erza
[ 208/700 ] WIN    21 turns   allmight, ryohei, luffy  vs  nobara, xanxus, jeanne
Applying bleed effect! Checking special code
[ 209/700 ] LOSS   16 turns   allmight, vegeta, myotismon  vs  yuno, kurotsuchi, diane
[ 210/700 ] LOSS   88 turns   allmight, levi, veldora  vs  lizandpatty, marco, sasuke
[ 211/700 ] LOSS   29 turns   allmight, gilgamesh, lizandpatty  vs  tokoyami, cooler, aiohto
Yubel's S1 Triggered!
[ 212/700 ] LOSS   28 turns   allmight, yubel, zoro  vs  tatsumi, akame, gohan
[ 213/700 ] LOSS   69 turns   allmight, sayaka, orihime  vs  touka, emiyaarcher, jeanne
Applying bleed effect! Checking special code
Applying bleed effect! Checking special code
Applying bleed effect! Checking special code
Applying bleed effect! Checking special code
Applying bleed effect! Checking special code
Applying bleed effect! Checking special code
Applying bleed effect! Checking special code
Applying bleed effect! Checking special code
Applying bleed effect! Checking special code
Applying bleed effect! Checking special code
Applying bleed effect! Checking special code
Applying bleed effect! Checking special code
Applying bleed effect! Checking special code
Applying bleed effect! Checking special code
Applying bleed effect! Checking special code
Applying bleed effect! Checking special code
Applying bleed effect! Checking special code
Applying bleed effect! Checking special code
Applying bleed effect! Checking special code
Applying bleed effect! Checking special code
Applying bleed effect! Checking special code
Applying bleed effect! Checking special code
[ 214/700 ] WIN    48 turns   allmight, marco, power  vs  noelle, king, rakko
[ 215/700 ] WIN    16 turns   allmight, saber, shiro  vs  jeanne, gon, ladydevimon
[ 216/700 ] WIN    17 turns   allmight, lucy, goku  vs  sasuke, toudou, saitama
[ 217/700 ] LOSS   17 turns   allmight, boruto, hawkmon  vs  mash, ganta, genos
[ 218/700 ] LOSS   15 turns   allmight, tsubasa, kid  vs  usopp, yamamoto, uzui
Applying bleed effect! Checking special code
Applying bleed effect! Checking special code
Applying bleed effect! Checking special code
Applying bleed effect! Checking special code
Applying bleed effect! Checking special code
Applying bleed effect! Checking special code
Applying bleed effect! Checking special code
Applying bleed effect! Checking special code
Applying bleed effect! Checking special code
Applying bleed effect! Checking special code
Applying bleed effect! Checking special code
Applying bleed effect! Checking special code
Applying bleed effect! Checking special code
[ 219/700 ] WIN    25 turns   allmight, saturn, toga  vs  king, rob, orihime
[ 220/700 ] LOSS  163 turns   allmight, nezuko, frankenstein  vs  ryohei, arthur, marco
[ 221/700 ] WIN    16 turns   allmight, bakugo, toudou  vs  misaka, horohoro, naruto
Applying bleed effect! Checking special code
Applying bleed effect! Checking special code
[ 222/700 ] WIN    26 turns   allmight, kitara, hisoka  vs  king, zenitsu, tsuyu
[ 223/700 ] LOSS   14 turns   allmight, edward, nimaiya  vs  mami, neferpitou, toudou
Applying bleed effect! Checking special code
Applying bleed effect! Checking special code
Applying bleed effect! Checking special code
[ 224/700 ] WIN    16 turns   allmight, shinra, yugi  vs  toji, alphonse, inosuke
[ 225/700 ] LOSS   19 turns   allmight, mars, bakugo  vs  halibel, semiramis, zoro
[ 226/700 ] WIN    33 turns   allmight, ace, gallantmon  vs  bakugo, sheele, emiya
[ 227/700 ] LOSS   18 turns   allmight, ryohei, bakugo  vs  ladydevimon, tsuyu, kuroko
[ 228/700 ] LOSS   17 turns   allmight, tatsumaki, gogeta  vs  mars, chrome, ryohei
[ 229/700 ] LOSS   23 turns   allmight, gilgamesh, shokuhou  vs  emiya, nobara, blackstar
[ 230/700 ] LOSS   28 turns   allmight, hashirama, uraraka  vs  sayaka, gray, nimaiya
[ 231/700 ] WIN    18 turns   allmight, mars, nel  vs  aiohto, impmon, frieren
[ 232/700 ] LOSS   14 turns   allmight, muichiro, byakuya  vs  saturn, gohan, astolfo
[ 233/700 ] WIN    16 turns   allmight, tsubasa, boruto  vs  mami, erza, gogeta
[ 234/700 ] LOSS   12 turns   allmight, horohoro, tatsumi  vs  toudou, mash, asta
[ 235/700 ] LOSS   29 turns   allmight, shokuhou, nel  vs  tatsumaki, aiohto, lucy
[ 236/700 ] LOSS   38 turns   allmight, zoro, alphonse  vs  marco, ban, emiyaarcher
[ 237/700 ] LOSS   13 turns   allmight, mash, gon  vs  gogeta, blackwargreymon, hashirama
[ 238/700 ] WIN    28 turns   allmight, marco, mine  vs  hibari, gon, chrome
[ 239/700 ] WIN    19 turns   allmight, kitara, misaka  vs  emiyaarcher, jeanne, uranus
Applying bleed effect! Checking special code
[ 240/700 ] LOSS   28 turns   allmight, uranus, yuji  vs  diane, nezuko, mercury
[ 241/700 ] WIN    26 turns   allmight, satsuki, mash  vs  natsu, ryuko, korra
[ 242/700 ] WIN    22 turns   allmight, bakugo, mine  vs  hisoka, ichibe, ichigo
[ 243/700 ] LOSS   48 turns   allmight, jaden, shinoa  vs  noelle, mine, marco
[ 244/700 ] WIN    14 turns   allmight, kuroko, aang  vs  ryohei, tsubaki, jeanne
[ 245/700 ] LOSS   12 turns   allmight, uzui, hisoka  vs  ganta, kuroko, mars
[ 246/700 ] LOSS   19 turns   allmight, nezuko, muichiro  vs  hibari, marco, mash
[ 247/700 ] WIN    25 turns   allmight, tatsumaki, misaka  vs  boruto, cooler, gojo
[ 248/700 ] WIN    21 turns   allmight, yamamoto, luffy  vs  lucy, goku, cooler
[ 249/700 ] WIN    20 turns   allmight, megumi, uzui  vs  jeanne, ryohei, kid
[ 250/700 ] LOSS   13 turns   allmight, mine, akame  vs  alphonse, megumin, satsuki
Applying bleed effect! Checking special code
Applying bleed effect! Checking special code
Applying bleed effect! Checking special code
Applying bleed effect! Checking special code
Applying bleed effect! Checking special code
Applying bleed effect! Checking special code
[ 251/700 ] LOSS   20 turns   allmight, emiya, nonon  vs  asta, gilgamesh, king
[ 252/700 ] LOSS   18 turns   allmight, shokuhou, gohan  vs  blackstar, zoro, mash
[ 253/700 ] LOSS   14 turns   allmight, midoriya, inosuke  vs  gatomon, toji, crona
[ 254/700 ] LOSS   55 turns   allmight, edward, tatsumaki  vs  minene, kid, gogeta
[ 255/700 ] WIN    23 turns   allmight, jesse, aiohto  vs  frankenstein, luffy, sasuke
[ 256/700 ] WIN    17 turns   allmight, nagisa, lizandpatty  vs  venus, kuroko, aiohto
[ 257/700 ] LOSS   23 turns   allmight, gogeta, touka  vs  asta, sukuna, ganta
[ 258/700 ] WIN    19 turns   allmight, tatsumi, hisoka  vs  nobara, gojo, squalo
[ 259/700 ] LOSS   30 turns   allmight, toga, xanxus  vs  arthur, kid, tatsumi
[ 260/700 ] WIN    20 turns   allmight, alphonse, emiyaarcher  vs  ganta, akame, goku
[ 261/700 ] LOSS   13 turns   allmight, jack, machinedramon  vs  toga, shinra, gatomon
[ 262/700 ] LOSS   22 turns   allmight, kaiba, kid  vs  shinra, edward, broly
[ 263/700 ] WIN    23 turns   allmight, lyserg, rimuru  vs  venus, akame, mars
[ 264/700 ] LOSS   16 turns   allmight, death, ban  vs  frankenstein, tsunayoshi, toudou
[ 265/700 ] LOSS   16 turns   allmight, hinata, megumin  vs  alphamon, byakuya, toji
[ 266/700 ] LOSS   18 turns   allmight, sakura, yuji  vs  mash, astolfo, jaden
[ 267/700 ] LOSS   27 turns   allmight, killua, nezuko  vs  marco, hibari, yuji
[ 268/700 ] LOSS   18 turns   allmight, chrome, muichiro  vs  lucy, saber, madoka
[ 269/700 ] LOSS   13 turns   allmight, pegasus, jack  vs  venus, astolfo, cell
Applying bleed effect! Checking special code
Applying bleed effect! Checking special code
Applying bleed effect! Checking special code
Applying bleed effect! Checking special code
Applying bleed effect! Checking special code
Applying bleed effect! Checking special code
[ 270/700 ] WIN    37 turns   allmight, inosuke, nel  vs  zoro, korra, hinata
[ 271/700 ] LOSS   18 turns   allmight, toga, nimaiya  vs  midoriya, nezuko, sheele
[ 272/700 ] LOSS   20 turns   allmight, venus, todoroki  vs  shinoa, sasuke, madoka
[ 273/700 ] LOSS   17 turns   allmight, koro, kid  vs  genos, ichibe, gray
[ 274/700 ] WIN    18 turns   allmight, midoriya, cell  vs  nonon, machinedramon, toga
[ 275/700 ] LOSS   34 turns   allmight, tsubasa, ichigo  vs  akame, kuroko, muichiro
[ 276/700 ] LOSS   43 turns   allmight, toph, gohan  vs  gogeta, minene, shiro
[ 277/700 ] WIN    46 turns   allmight, yubel, madoka  vs  yoh, kaiba, midoriya
[ 278/700 ] LOSS   15 turns   allmight, blackwargreymon, frankenstein  vs  horohoro, veldora, jack
[ 279/700 ] LOSS   18 turns   allmight, tamaki, mine  vs  tsubasa, gogeta, meliodas
Applying bleed effect! Checking special code
Applying bleed effect! Checking special code
Applying bleed effect! Checking special code
[ 280/700 ] LOSS   19 turns   allmight, ryuko, arthur  vs  ladydevimon, semiramis, ken
Applying bleed effect! Checking special code
[ 281/700 ] WIN    19 turns   allmight, hibari, tamaki  vs  korra, rengoku, satsuki
[ 282/700 ] LOSS   16 turns   allmight, akame, inuyasha  vs  yuji, genos, soul
[ 283/700 ] LOSS   23 turns   allmight, gunha, death  vs  hisoka, madoka, blackstar
[ 284/700 ] LOSS   27 turns   allmight, impmon, minene  vs  inuyasha, kurapika, ban
[ 285/700 ] LOSS   15 turns   allmight, sheele, emiya  vs  impmon, blackstar, jack
[ 286/700 ] LOSS   29 turns   allmight, arthur, shinoa  vs  mami, kuroko, kurapika
Applying bleed effect! Checking special code
Applying bleed effect! Checking special code
Applying bleed effect! Checking special code
Applying bleed effect! Checking special code
[ 287/700 ] WIN    25 turns   allmight, death, mercury  vs  marco, rakko, hinata
[ 288/700 ] WIN    18 turns   allmight, kuroko, kaiba  vs  rob, marco, impmon
[ 289/700 ] LOSS   10 turns   allmight, kid, sukuna  vs  goku, mash, frieren
[ 290/700 ] LOSS   28 turns   allmight, tsubasa, saturn  vs  yuno, broly, yuji
[ 291/700 ] WIN    14 turns   allmight, mash, mikasa  vs  yugi, zenitsu, ichibe
Applying bleed effect! Checking special code
Applying bleed effect! Checking special code
[ 292/700 ] LOSS   17 turns   allmight, gilgamesh, tsuyu  vs  noelle, shiro, rakko
[ 293/700 ] LOSS   17 turns   allmight, aiohto, megumin  vs  itachi, erza, sayaka
[ 294/700 ] LOSS   15 turns   allmight, sasuke, sukuna  vs  ryohei, shiro, sakura
[ 295/700 ] WIN    22 turns   allmight, jaden, death  vs  pegasus, sakura, gogeta
[ 296/700 ] LOSS   11 turns   allmight, arthur, frieren  vs  astolfo, seventeen, sayaka
[ 297/700 ] LOSS   15 turns   allmight, sukuna, rimuru  vs  uranus, shinoa, nel
[ 298/700 ] LOSS   22 turns   allmight, orihime, emiya  vs  sukuna, mash, tamaki
[ 299/700 ] WIN    24 turns   allmight, astolfo, noelle  vs  natsu, pegasus, hisoka
[ 300/700 ] WIN    16 turns   allmight, mavis, alphonse  vs  mami, gunha, toga
[ 301/700 ] LOSS   20 turns   allmight, lucy, squalo  vs  tsuyu, aang, tatsumaki
[ 302/700 ] WIN    12 turns   allmight, eren, madoka  vs  kaiba, gon, tanjiro
[ 303/700 ] LOSS   10 turns   allmight, ryuko, yoh  vs  uranus, gon, lyserg
[ 304/700 ] LOSS   15 turns   allmight, veldora, jack  vs  nel, tsubasa, venus
[ 305/700 ] LOSS   11 turns   allmight, tsuyu, squalo  vs  hibari, kitara, bakugo
[ 306/700 ] LOSS   30 turns   allmight, hinata, lizandpatty  vs  saturn, kurapika, mars
[ 307/700 ] LOSS   23 turns   allmight, rob, crona  vs  jesse, squalo, tsubasa
[ 308/700 ] WIN    50 turns   allmight, eren, gallantmon  vs  alphonse, uzui, ichigo
[ 309/700 ] LOSS   21 turns   allmight, tamaki, erza  vs  ace, renamon, megumi
Applying bleed effect! Checking special code
Applying bleed effect! Checking special code
Applying bleed effect! Checking special code
[ 310/700 ] LOSS   15 turns   allmight, adam, power  vs  saturn, hibari, ace
[ 311/700 ] WIN    17 turns   allmight, nimaiya, saitama  vs  gogeta, xanxus, tamaki
[ 312/700 ] LOSS   18 turns   allmight, sakura, byakuya  vs  nel, shinra, noelle
[ 313/700 ] WIN    20 turns   allmight, kuroko, kitara  vs  akame, goku, megumin
[ 314/700 ] LOSS   14 turns   allmight, tsubaki, kid  vs  halibel, inuyasha, jaden
Applying bleed effect! Checking special code
Applying bleed effect! Checking special code
Applying bleed effect! Checking special code
Applying bleed effect! Checking special code
Applying bleed effect! Checking special code
Applying bleed effect! Checking special code
Applying bleed effect! Checking special code
Applying bleed effect! Checking special code
Applying bleed effect! Checking special code
Applying bleed effect! Checking special code
[ 315/700 ] WIN    14 turns   allmight, gon, king  vs  tanjiro, jeanne, chrome
Applying bleed effect! Checking special code
Applying bleed effect! Checking special code
Applying bleed effect! Checking special code
Applying bleed effect! Checking special code
Applying bleed effect! Checking special code
Applying bleed effect! Checking special code
Applying bleed effect! Checking special code
Applying bleed effect! Checking special code
[ 316/700 ] LOSS   25 turns   allmight, tsuyu, ryohei  vs  mars, toph, ken
[ 317/700 ] LOSS   10 turns   allmight, yuji, ladydevimon  vs  mavis, alphamon, sayaka
[ 318/700 ] LOSS   39 turns   allmight, natsu, tokoyami  vs  ryuko, tanjiro, ban
[ 319/700 ] LOSS   18 turns   allmight, seventeen, gohan  vs  yugi, yubel, satsuki
Applying bleed effect! Checking special code
Applying bleed effect! Checking special code
Applying bleed effect! Checking special code
[ 320/700 ] LOSS   13 turns   allmight, toji, maka  vs  satsuki, denji, yugi
Applying bleed effect! Checking special code
Applying bleed effect! Checking special code
Applying bleed effect! Checking special code
Applying bleed effect! Checking special code
[ 321/700 ] LOSS   11 turns   allmight, itachi, ken  vs  hashirama, orihime, meliodas
[ 322/700 ] LOSS   19 turns   allmight, sukuna, yubel  vs  muichiro, boruto, chrome
[ 323/700 ] WIN    39 turns   allmight, toudou, ganta  vs  mami, luffy, yubel
[ 324/700 ] WIN    47 turns   allmight, halibel, yuno  vs  koro, eren, tanjiro
Applying bleed effect! Checking special code
Applying bleed effect! Checking special code
Applying bleed effect! Checking special code
Applying bleed effect! Checking special code
[ 325/700 ] WIN    22 turns   allmight, kitara, zenitsu  vs  halibel, inosuke, semiramis
[ 326/700 ] WIN    14 turns   allmight, satsuki, horohoro  vs  sayaka, misaka, ban
Applying bleed effect! Checking special code
Applying bleed effect! Checking special code
[ 327/700 ] LOSS   15 turns   allmight, tsubasa, uraraka  vs  rakko, madoka, gunha
[ 328/700 ] WIN    41 turns   allmight, yoh, alphonse  vs  genos, jeanne, yugi
Applying bleed effect! Checking special code
Applying bleed effect! Checking special code
Applying bleed effect! Checking special code
Applying bleed effect! Checking special code
Applying bleed effect! Checking special code
Applying bleed effect! Checking special code
Applying bleed effect! Checking special code
Applying bleed effect! Checking special code
[ 329/700 ] LOSS   20 turns   allmight, kitara, inuyasha  vs  minene, inosuke, tanjiro
[ 330/700 ] LOSS   29 turns   allmight, semiramis, madoka  vs  nagisa, nonon, orihime
[ 331/700 ] LOSS   16 turns   allmight, nonon, shinoa  vs  halibel, boruto, cell
[ 332/700 ] LOSS   19 turns   allmight, inuyasha, muichiro  vs  soul, king, touka
[ 333/700 ] LOSS   24 turns   allmight, todoroki, kitara  vs  saber, blackwargreymon, emiya
[ 334/700 ] LOSS   13 turns   allmight, mavis, shiro  vs  noelle, saber, seventeen
[ 335/700 ] LOSS   14 turns   allmight, blackwargreymon, gray  vs  mine, sheele, noelle
Applying bleed effect! Checking special code
[ 336/700 ] LOSS   22 turns   allmight, denji, gray  vs  death, gojo, horohoro
[ 337/700 ] LOSS   21 turns   allmight, kitara, tamaki  vs  boruto, emiyaarcher, arthur
[ 338/700 ] LOSS   15 turns   allmight, arthur, saturn  vs  nezuko, madoka, alphamon
[ 339/700 ] WIN    41 turns   allmight, toudou, saturn  vs  mikasa, megumin, sakura
[ 340/700 ] LOSS   17 turns   allmight, korra, kurapika  vs  gon, jaden, yuji
[ 341/700 ] WIN    20 turns   allmight, blackwargreymon, lizandpatty  vs  genos, machinedramon, ichigo
[ 342/700 ] WIN    22 turns   allmight, seventeen, toph  vs  squalo, frieren, yubel
[ 343/700 ] WIN    17 turns   allmight, hashirama, chrome  vs  frieren, yuno, yamamoto
[ 344/700 ] LOSS   14 turns   allmight, asta, cooler  vs  saturn, chrome, naruto
Applying bleed effect! Checking special code
Applying bleed effect! Checking special code
[ 345/700 ] WIN    30 turns   allmight, rengoku, lucy  vs  kurotsuchi, gasai, tanjiro
Yubel's S1 Triggered!
[ 346/700 ] WIN    21 turns   allmight, yubel, frankenstein  vs  sakura, byakuya, shokuhou
[ 347/700 ] LOSS   20 turns   allmight, lizandpatty, alphonse  vs  uzui, jupiter, saturn
[ 348/700 ] LOSS   22 turns   allmight, blackstar, madoka  vs  hinata, alphamon, yuno
[ 349/700 ] LOSS   22 turns   allmight, yugi, sasuke  vs  frieren, gohan, zoro
[ 350/700 ] LOSS   34 turns   allmight, lizandpatty, rimuru  vs  lucy, boruto, kurotsuchi
[ 351/700 ] LOSS   16 turns   allmight, tsuyu, toji  vs  muichiro, jaden, uraraka
[ 352/700 ] WIN    18 turns   allmight, gon, hashirama  vs  nezuko, gallantmon, nobara
[ 353/700 ] LOSS   14 turns   allmight, arthur, gohan  vs  kuroko, ban, sayaka
[ 354/700 ] LOSS   16 turns   allmight, aang, mami  vs  hinata, usopp, shiro
[ 355/700 ] LOSS   14 turns   allmight, genos, akame  vs  machinedramon, pegasus, kuroko
Applying bleed effect! Checking special code
Applying bleed effect! Checking special code
[ 356/700 ] LOSS   14 turns   allmight, king, sheele  vs  broly, mine, aiohto
[ 357/700 ] LOSS   25 turns   allmight, frieren, kurapika  vs  horohoro, megumi, hibari
[ 358/700 ] WIN    66 turns   allmight, nezuko, sakura  vs  veldora, midoriya, alphonse
[ 359/700 ] LOSS   16 turns   allmight, edward, nonon  vs  erza, hibari, alphamon
[ 360/700 ] LOSS   13 turns   allmight, yoh, jupiter  vs  gogeta, gasai, gilgamesh
[ 361/700 ] LOSS   12 turns   allmight, kid, omnimon  vs  broly, sayaka, nel
[ 362/700 ] LOSS   20 turns   allmight, blackstar, halibel  vs  jesse, kuroko, blackwargreymon
[ 363/700 ] WIN    19 turns   allmight, jack, astolfo  vs  mash, kaiba, yuji
[ 364/700 ] LOSS   14 turns   allmight, blackwargreymon, ace  vs  saitama, gray, ryuko
Applying bleed effect! Checking special code
Applying bleed effect! Checking special code
Applying bleed effect! Checking special code
Applying bleed effect! Checking special code
Applying bleed effect! Checking special code
Applying bleed effect! Checking special code
Applying bleed effect! Checking special code
[ 365/700 ] LOSS   14 turns   allmight, yamamoto, killua  vs  boruto, king, tatsumi
[ 366/700 ] LOSS   18 turns   allmight, jesse, ganta  vs  semiramis, ichigo, arthur
[ 367/700 ] WIN    36 turns   allmight, astolfo, omnimon  vs  muichiro, hawkmon, frieren
[ 368/700 ] LOSS   19 turns   allmight, gojo, yugi  vs  todoroki, erza, tsunayoshi
[ 369/700 ] LOSS   22 turns   allmight, arthur, midoriya  vs  tanjiro, zenitsu, broly
Applying bleed effect! Checking special code
Applying bleed effect! Checking special code
[ 370/700 ] LOSS   22 turns   allmight, emiyaarcher, power  vs  zenitsu, yuji, edward
[ 371/700 ] LOSS   15 turns   allmight, nonon, gogeta  vs  hashirama, emiyaarcher, tokoyami
[ 372/700 ] WIN    32 turns   allmight, kurotsuchi, myotismon  vs  toph, toga, kuroko
[ 373/700 ] WIN    26 turns   allmight, diane, zenitsu  vs  hisoka, uraraka, gogeta
[ 374/700 ] WIN    45 turns   allmight, hibari, gallantmon  vs  genos, sheele, minene
[ 375/700 ] WIN    15 turns   allmight, neferpitou, saitama  vs  kid, edward, toudou
[ 376/700 ] LOSS   20 turns   allmight, arthur, toji  vs  inuyasha, ryohei, emiya
[ 377/700 ] LOSS   29 turns   allmight, machinedramon, ban  vs  kitara, lyserg, gilgamesh
Applying bleed effect! Checking special code
[ 378/700 ] LOSS   16 turns   allmight, power, megumi  vs  kurotsuchi, koro, gatomon
[ 379/700 ] LOSS   28 turns   allmight, saitama, broly  vs  erza, ladydevimon, zenitsu
[ 380/700 ] LOSS   26 turns   allmight, neferpitou, nobara  vs  gatomon, kid, jack
[ 381/700 ] LOSS   16 turns   allmight, hibari, mami  vs  killua, esdeath, noelle
Applying bleed effect! Checking special code
Applying bleed effect! Checking special code
Applying bleed effect! Checking special code
Applying bleed effect! Checking special code
Applying bleed effect! Checking special code
Applying bleed effect! Checking special code
Applying bleed effect! Checking special code
Applying bleed effect! Checking special code
Applying bleed effect! Checking special code
Applying bleed effect! Checking special code
Applying bleed effect! Checking special code
[ 382/700 ] LOSS   38 turns   allmight, tsuyu, inosuke  vs  tatsumi, king, ban
[ 383/700 ] LOSS   28 turns   allmight, vegeta, tatsumi  vs  omnimon, nel, rimuru
[ 384/700 ] LOSS   16 turns   allmight, touka, toph  vs  cell, neferpitou, hashirama
[ 385/700 ] LOSS   13 turns   allmight, korra, noelle  vs  hibari, cell, veldora
[ 386/700 ] LOSS   19 turns   allmight, crona, asta  vs  death, eren, myotismon
[ 387/700 ] LOSS   21 turns   allmight, yoh, saitama  vs  power, muichiro, renamon
[ 388/700 ] LOSS   14 turns   allmight, maka, aiohto  vs  touka, lucy, hashirama
[ 389/700 ] LOSS   30 turns   allmight, sheele, lyserg  vs  cell, omnimon, yamamoto
[ 390/700 ] WIN    20 turns   allmight, nobara, nel  vs  tatsumaki, aang, megumin
[ 391/700 ] LOSS   16 turns   allmight, misaka, ryuko  vs  zenitsu, bakugo, gogeta
Yubel's S1 Triggered!
[ 392/700 ] LOSS   25 turns   allmight, esdeath, megumin  vs  gunha, arthur, yubel
Applying bleed effect! Checking special code
[ 393/700 ] LOSS   19 turns   allmight, uzui, rengoku  vs  naruto, aiohto, alphamon
[ 394/700 ] WIN    29 turns   allmight, noelle, gilgamesh  vs  omnimon, lyserg, mami
Yubel's S1 Triggered!
Yubel's S1 Triggered!
[ 395/700 ] LOSS   15 turns   allmight, frankenstein, mami  vs  edward, misaka, yubel
[ 396/700 ] WIN    25 turns   allmight, hashirama, hinata  vs  jinwoo, zoro, nel
[ 397/700 ] LOSS   19 turns   allmight, zoro, mami  vs  crona, ichibe, jinwoo
[ 398/700 ] LOSS   22 turns   allmight, toph, usopp  vs  mash, maka, levi
[ 399/700 ] LOSS   23 turns   allmight, ganta, bakugo  vs  jack, shokuhou, blackwargreymon
Applying bleed effect! Checking special code
[ 400/700 ] WIN    22 turns   allmight, yuno, sukuna  vs  toji, diane, toga
[ 401/700 ] LOSS   27 turns   allmight, yamamoto, impmon  vs  genos, gilgamesh, shinra
[ 402/700 ] WIN    32 turns   allmight, yugi, denji  vs  xanxus, gilgamesh, jeanne
[ 403/700 ] LOSS   13 turns   allmight, midoriya, inuyasha  vs  touka, ryohei, esdeath
[ 404/700 ] LOSS   36 turns   allmight, jesse, goku  vs  mars, gatomon, jeanne
[ 405/700 ] WIN    30 turns   allmight, nel, rob  vs  natsu, xanxus, muichiro
[ 406/700 ] LOSS   22 turns   allmight, halibel, kid  vs  noelle, tanjiro, natsu
[ 407/700 ] LOSS   26 turns   allmight, zenitsu, nezuko  vs  neferpitou, boruto, jinwoo
[ 408/700 ] LOSS   18 turns   allmight, frieren, maka  vs  alphamon, todoroki, tatsumaki
[ 409/700 ] LOSS   15 turns   allmight, rimuru, tamaki  vs  arthur, genos, kuroko
[ 410/700 ] LOSS   29 turns   allmight, arthur, ace  vs  renamon, saitama, tsubaki
[ 411/700 ] LOSS   20 turns   allmight, gon, jinwoo  vs  impmon, jack, orihime
[ 412/700 ] LOSS   28 turns   allmight, gohan, tsubasa  vs  pegasus, saturn, rimuru
[ 413/700 ] LOSS   26 turns   allmight, seventeen, tokoyami  vs  hawkmon, asta, vegeta
[ 414/700 ] LOSS   19 turns   allmight, venus, gojo  vs  shinoa, ichigo, toga
[ 415/700 ] LOSS   25 turns   allmight, ace, nezuko  vs  shokuhou, toji, marco
[ 416/700 ] LOSS   14 turns   allmight, kurapika, byakuya  vs  seventeen, lyserg, tatsumaki
[ 417/700 ] WIN    39 turns   allmight, jupiter, itachi  vs  kurotsuchi, lyserg, kid
[ 418/700 ] WIN    14 turns   allmight, satsuki, usopp  vs  horohoro, noelle, crona
[ 419/700 ] LOSS   12 turns   allmight, megumin, semiramis  vs  tsunayoshi, itachi, frankenstein
[ 420/700 ] WIN    32 turns   allmight, kid, saitama  vs  goku, bakugo, touka
[ 421/700 ] WIN    18 turns   allmight, shinra, shiro  vs  kuroko, eren, korra
[ 422/700 ] LOSS   15 turns   allmight, tamaki, inuyasha  vs  uranus, kuroko, hawkmon
[ 423/700 ] LOSS   29 turns   allmight, neferpitou, shokuhou  vs  toph, alphamon, tatsumaki
[ 424/700 ] WIN    29 turns   allmight, minene, ichibe  vs  killua, tamaki, pegasus
Applying bleed effect! Checking special code
Applying bleed effect! Checking special code
Applying bleed effect! Checking special code
[ 425/700 ] LOSS   22 turns   allmight, adam, shiro  vs  inosuke, nobara, tsubasa
[ 426/700 ] LOSS   17 turns   allmight, ace, shiro  vs  vegeta, arthur, yuji
[ 427/700 ] LOSS   18 turns   allmight, frankenstein, madoka  vs  kurotsuchi, vegeta, toph
[ 428/700 ] LOSS   20 turns   allmight, alphonse, mash  vs  squalo, kitara, uzui
Applying bleed effect! Checking special code
Applying bleed effect! Checking special code
[ 429/700 ] WIN    32 turns   allmight, chrome, rengoku  vs  halibel, tsubaki, goku
[ 430/700 ] WIN    20 turns   allmight, aang, pegasus  vs  nel, arthur, soul
[ 431/700 ] LOSS   15 turns   allmight, tsuyu, yugi  vs  jack, neferpitou, alphonse
[ 432/700 ] WIN    26 turns   allmight, midoriya, nonon  vs  toph, koro, megumin
Applying bleed effect! Checking special code
Applying bleed effect! Checking special code
Applying bleed effect! Checking special code
Applying bleed effect! Checking special code
Applying bleed effect! Checking special code
[ 433/700 ] LOSS   21 turns   allmight, tsubasa, nobara  vs  tamaki, inosuke, uraraka
[ 434/700 ] LOSS   16 turns   allmight, machinedramon, boruto  vs  genos, yoh, venus
Applying bleed effect! Checking special code
Applying bleed effect! Checking special code
Applying bleed effect! Checking special code
[ 435/700 ] LOSS   23 turns   allmight, emiyaarcher, impmon  vs  astolfo, rakko, jinwoo
[ 436/700 ] LOSS   12 turns   allmight, cell, shokuhou  vs  lucy, zenitsu, touka
[ 437/700 ] LOSS   16 turns   allmight, gohan, erza  vs  seventeen, satsuki, yuji
[ 438/700 ] LOSS   24 turns   allmight, maka, gallantmon  vs  sasuke, gasai, orihime
Applying bleed effect! Checking special code
Applying bleed effect! Checking special code
Applying bleed effect! Checking special code
Applying bleed effect! Checking special code
Applying bleed effect! Checking special code
Applying bleed effect! Checking special code
Applying bleed effect! Checking special code
Applying bleed effect! Checking special code
Applying bleed effect! Checking special code
Applying bleed effect! Checking special code
Applying bleed effect! Checking special code
[ 439/700 ] LOSS   16 turns   allmight, shinoa, gojo  vs  nimaiya, king, mikasa
[ 440/700 ] WIN    17 turns   allmight, gohan, megumin  vs  renamon, xanxus, blackwargreymon
[ 441/700 ] LOSS   21 turns   allmight, muichiro, korra  vs  pegasus, chrome, gallantmon
Applying bleed effect! Checking special code
Applying bleed effect! Checking special code
Applying bleed effect! Checking special code
[ 442/700 ] LOSS   17 turns   allmight, soul, denji  vs  nagisa, hisoka, saitama
Applying bleed effect! Checking special code
Applying bleed effect! Checking special code
Applying bleed effect! Checking special code
Applying bleed effect! Checking special code
Applying bleed effect! Checking special code
Applying bleed effect! Checking special code
[ 443/700 ] WIN    17 turns   allmight, nagisa, ken  vs  soul, yoh, gunha
[ 444/700 ] WIN    19 turns   allmight, gilgamesh, renamon  vs  asta, gon, orihime
Yubel's S1 Triggered!
[ 445/700 ] WIN    19 turns   allmight, cooler, edward  vs  nimaiya, yubel, machinedramon
[ 446/700 ] WIN    16 turns   allmight, mavis, saturn  vs  kid, crona, jeanne
[ 447/700 ] WIN    36 turns   allmight, saber, machinedramon  vs  tsubasa, uranus, megumi
[ 448/700 ] LOSS   16 turns   allmight, nimaiya, myotismon  vs  pegasus, gohan, madoka
[ 449/700 ] LOSS   23 turns   allmight, emiya, jaden  vs  jack, saturn, midoriya
[ 450/700 ] LOSS   15 turns   allmight, tatsumaki, kurotsuchi  vs  seventeen, jaden, death
[ 451/700 ] LOSS   17 turns   allmight, toga, sheele  vs  death, gray, noelle
Applying bleed effect! Checking special code
Applying bleed effect! Checking special code
Applying bleed effect! Checking special code
Applying bleed effect! Checking special code
Applying bleed effect! Checking special code
Applying bleed effect! Checking special code
Applying bleed effect! Checking special code
Applying bleed effect! Checking special code
Applying bleed effect! Checking special code
Applying bleed effect! Checking special code
[ 452/700 ] LOSS   20 turns   allmight, erza, tanjiro  vs  ladydevimon, akame, king
[ 453/700 ] LOSS   16 turns   allmight, kaiba, koro  vs  nobara, renamon, machinedramon
Applying bleed effect! Checking special code
[ 454/700 ] WIN    23 turns   allmight, yuno, usopp  vs  levi, veldora, king
[ 455/700 ] WIN    33 turns   allmight, sakura, broly  vs  mercury, kurotsuchi, tsuyu
[ 456/700 ] LOSS   26 turns   allmight, luffy, lucy  vs  sasuke, toji, sayaka
[ 457/700 ] LOSS  130 turns   allmight, lizandpatty, goku  vs  jaden, yamamoto, midoriya
[ 458/700 ] LOSS   15 turns   allmight, yuji, tamaki  vs  asta, minene, killua
Applying bleed effect! Checking special code
[ 459/700 ] WIN    22 turns   allmight, pegasus, cooler  vs  rakko, erza, kurapika
[ 460/700 ] LOSS   21 turns   allmight, jinwoo, renamon  vs  chrome, kuroko, minene
[ 461/700 ] LOSS   16 turns   allmight, blackstar, emiya  vs  mavis, ichigo, yoh
Applying bleed effect! Checking special code
[ 462/700 ] WIN    27 turns   allmight, aiohto, edward  vs  sheele, denji, toga
[ 463/700 ] WIN    24 turns   allmight, hibari, sheele  vs  arthur, rob, tsubaki
[ 464/700 ] WIN    17 turns   allmight, ladydevimon, kitara  vs  yuno, kurotsuchi, frankenstein
[ 465/700 ] WIN    26 turns   allmight, touka, lizandpatty  vs  meliodas, korra, minene
[ 466/700 ] WIN    23 turns   allmight, shinra, pegasus  vs  neferpitou, noelle, todoroki
[ 467/700 ] LOSS   20 turns   allmight, alphamon, diane  vs  shiro, gatomon, neferpitou
[ 468/700 ] LOSS   14 turns   allmight, renamon, levi  vs  uraraka, myotismon, zenitsu
[ 469/700 ] LOSS   16 turns   allmight, megumi, boruto  vs  pegasus, nobara, hashirama
[ 470/700 ] LOSS   17 turns   allmight, death, levi  vs  natsu, seventeen, jeanne
[ 471/700 ] WIN    15 turns   allmight, jack, rob  vs  death, tsubaki, sukuna
[ 472/700 ] LOSS   19 turns   allmight, boruto, gatomon  vs  nagisa, frieren, minene
[ 473/700 ] WIN    19 turns   allmight, arthur, nagisa  vs  machinedramon, nezuko, rengoku
[ 474/700 ] LOSS   21 turns   allmight, cooler, marco  vs  alphamon, broly, kuroko
[ 475/700 ] LOSS   24 turns   allmight, maka, frankenstein  vs  byakuya, uraraka, emiyaarcher
[ 476/700 ] WIN    15 turns   allmight, mami, eren  vs  orihime, tamaki, sukuna
Applying bleed effect! Checking special code
Applying bleed effect! Checking special code
Applying bleed effect! Checking special code
Applying bleed effect! Checking special code
Applying bleed effect! Checking special code
Applying bleed effect! Checking special code
Applying bleed effect! Checking special code
[ 477/700 ] WIN    40 turns   allmight, satsuki, jesse  vs  halibel, power, mercury
[ 478/700 ] LOSS   14 turns   allmight, emiya, yuno  vs  meliodas, touka, jinwoo
[ 479/700 ] LOSS   23 turns   allmight, jeanne, zoro  vs  toudou, omnimon, shokuhou
Applying bleed effect! Checking special code
Applying bleed effect! Checking special code
Applying bleed effect! Checking special code
Applying bleed effect! Checking special code
Applying bleed effect! Checking special code
Applying bleed effect! Checking special code
Applying bleed effect! Checking special code
[ 480/700 ] WIN    18 turns   allmight, ryohei, ken  vs  itachi, rakko, shinra
[ 481/700 ] WIN    22 turns   allmight, horohoro, aiohto  vs  semiramis, jesse, usopp
Applying bleed effect! Checking special code
Applying bleed effect! Checking special code
[ 482/700 ] WIN    30 turns   allmight, megumi, diane  vs  yuji, zoro, squalo
[ 483/700 ] WIN    22 turns   allmight, yuno, blackwargreymon  vs  tsuyu, diane, toph
Applying bleed effect! Checking special code
Applying bleed effect! Checking special code
[ 484/700 ] LOSS   14 turns   allmight, naruto, jack  vs  frieren, rakko, midoriya
[ 485/700 ] LOSS   28 turns   allmight, koro, aang  vs  gogeta, natsu, megumin
Applying bleed effect! Checking special code
[ 486/700 ] LOSS   20 turns   allmight, yugi, gunha  vs  tamaki, rakko, xanxus
Applying bleed effect! Checking special code
[ 487/700 ] WIN    18 turns   allmight, omnimon, yuji  vs  aang, denji, byakuya
[ 488/700 ] LOSS   16 turns   allmight, myotismon, edward  vs  tokoyami, marco, gunha
[ 489/700 ] WIN    18 turns   allmight, todoroki, hashirama  vs  xanxus, toudou, kitara
[ 490/700 ] LOSS    9 turns   allmight, vegeta, tsuyu  vs  kaiba, madoka, chrome
[ 491/700 ] WIN    18 turns   allmight, kaiba, emiya  vs  akame, tokoyami, shokuhou
[ 492/700 ] LOSS   12 turns   allmight, kid, usopp  vs  muichiro, nezuko, ladydevimon
[ 493/700 ] LOSS   16 turns   allmight, marco, toga  vs  emiyaarcher, hashirama, uranus
Applying bleed effect! Checking special code
Applying bleed effect! Checking special code
Applying bleed effect! Checking special code
Applying bleed effect! Checking special code
Applying bleed effect! Checking special code
Applying bleed effect! Checking special code
[ 494/700 ] LOSS   24 turns   allmight, nel, erza  vs  king, power, blackstar
[ 495/700 ] LOSS   24 turns   allmight, yuji, touka  vs  mami, horohoro, edward
[ 496/700 ] LOSS   17 turns   allmight, nezuko, gray  vs  chrome, yamamoto, toudou
Applying bleed effect! Checking special code
Applying bleed effect! Checking special code
Applying bleed effect! Checking special code
[ 497/700 ] LOSS   24 turns   allmight, mash, mars  vs  tsubasa, rakko, jinwoo
[ 498/700 ] LOSS   15 turns   allmight, gogeta, halibel  vs  neferpitou, hashirama, shinoa
Applying bleed effect! Checking special code
Applying bleed effect! Checking special code
[ 499/700 ] LOSS   13 turns   allmight, soul, gatomon  vs  lyserg, shiro, power
Applying bleed effect! Checking special code
[ 500/700 ] LOSS   20 turns   allmight, ichigo, jack  vs  blackstar, impmon, diane
[ 501/700 ] WIN    20 turns   allmight, kaiba, ladydevimon  vs  gallantmon, natsu, inosuke
[ 502/700 ] LOSS   48 turns   allmight, byakuya, blackwargreymon  vs  naruto, chrome, toji
Applying bleed effect! Checking special code
[ 503/700 ] WIN    32 turns   allmight, tatsumaki, naruto  vs  kuroko, touka, ken
[ 504/700 ] LOSS   23 turns   allmight, gray, aiohto  vs  tsunayoshi, natsu, ban
[ 505/700 ] WIN    37 turns   allmight, nagisa, omnimon  vs  kurapika, muichiro, saitama
[ 506/700 ] WIN    32 turns   allmight, gohan, zoro  vs  death, ace, arthur
Applying bleed effect! Checking special code
Applying bleed effect! Checking special code
Applying bleed effect! Checking special code
Applying bleed effect! Checking special code
Applying bleed effect! Checking special code
Applying bleed effect! Checking special code
Applying bleed effect! Checking special code
Applying bleed effect! Checking special code
[ 507/700 ] LOSS   15 turns   allmight, gohan, arthur  vs  sheele, ken, crona
[ 508/700 ] WIN    17 turns   allmight, gohan, megumi  vs  yuno, todoroki, yoh
[ 509/700 ] LOSS   24 turns   allmight, nimaiya, death  vs  ryohei, hinata, megumi
Applying bleed effect! Checking special code
Applying bleed effect! Checking special code
Applying bleed effect! Checking special code
[ 510/700 ] WIN    25 turns   allmight, jaden, jupiter  vs  rakko, yuno, noelle
[ 511/700 ] WIN    16 turns   allmight, chrome, alphonse  vs  gray, orihime, inuyasha
Applying bleed effect! Checking special code
Applying bleed effect! Checking special code
Applying bleed effect! Checking special code
Applying bleed effect! Checking special code
[ 512/700 ] LOSS   32 turns   allmight, arthur, tatsumaki  vs  rakko, orihime, yamamoto
[ 513/700 ] LOSS   19 turns   allmight, bakugo, rob  vs  uraraka, ichigo, arthur
[ 514/700 ] LOSS   14 turns   allmight, ladydevimon, akame  vs  ichigo, pegasus, tokoyami
[ 515/700 ] WIN    17 turns   allmight, hawkmon, mine  vs  bakugo, ichigo, shokuhou
Applying bleed effect! Checking special code
[ 516/700 ] LOSS   31 turns   allmight, mine, jesse  vs  denji, lizandpatty, kurapika
[ 517/700 ] LOSS   36 turns   allmight, blackwargreymon, gohan  vs  toga, cooler, tsuyu
Applying bleed effect! Checking special code
Applying bleed effect! Checking special code
Applying bleed effect! Checking special code
Applying bleed effect! Checking special code
Applying bleed effect! Checking special code
Applying bleed effect! Checking special code
[ 518/700 ] LOSS   28 turns   allmight, ken, koro  vs  korra, minene, pegasus
[ 519/700 ] WIN    18 turns   allmight, gatomon, zenitsu  vs  sakura, shiro, kurapika
[ 520/700 ] WIN    16 turns   allmight, byakuya, ace  vs  ichibe, squalo, ladydevimon
[ 521/700 ] WIN    15 turns   allmight, shinra, zenitsu  vs  chrome, gohan, horohoro
[ 522/700 ] WIN    22 turns   allmight, tsuyu, jack  vs  saber, yugi, jeanne
[ 523/700 ] WIN    12 turns   allmight, mavis, nimaiya  vs  aiohto, misaka, genos
[ 524/700 ] LOSS   21 turns   allmight, korra, genos  vs  ace, astolfo, cell
[ 525/700 ] LOSS   18 turns   allmight, yugi, korra  vs  veldora, arthur, satsuki
[ 526/700 ] LOSS   11 turns   allmight, venus, noelle  vs  chrome, seventeen, hashirama
[ 527/700 ] WIN    25 turns   allmight, lucy, toudou  vs  byakuya, ryuko, inuyasha
[ 528/700 ] WIN    39 turns   allmight, blackstar, mine  vs  sasuke, emiya, hawkmon
[ 529/700 ] LOSS   22 turns   allmight, ryohei, tsunayoshi  vs  megumi, toga, seventeen
[ 530/700 ] LOSS   19 turns   allmight, yuji, soul  vs  venus, gunha, mami
Applying bleed effect! Checking special code
[ 531/700 ] LOSS   21 turns   allmight, denji, emiyaarcher  vs  vegeta, frankenstein, kuroko
[ 532/700 ] LOSS   24 turns   allmight, saber, alphamon  vs  tatsumi, ganta, boruto
[ 533/700 ] LOSS   29 turns   allmight, tatsumi, inuyasha  vs  uraraka, saitama, orihime
[ 534/700 ] LOSS   67 turns   allmight, marco, astolfo  vs  minene, meliodas, mercury
[ 535/700 ] WIN    29 turns   allmight, cell, ichigo  vs  sakura, kaiba, alphonse
[ 536/700 ] WIN    15 turns   allmight, touka, asta  vs  sukuna, blackwargreymon, korra
[ 537/700 ] WIN    18 turns   allmight, ryohei, gatomon  vs  tsunayoshi, nagisa, jeanne
[ 538/700 ] LOSS   15 turns   allmight, mash, jack  vs  esdeath, cell, hibari
[ 539/700 ] LOSS   21 turns   allmight, gogeta, omnimon  vs  noelle, ladydevimon, lucy
[ 540/700 ] LOSS   24 turns   allmight, ganta, yuno  vs  mars, kurotsuchi, tsunayoshi
[ 541/700 ] LOSS   27 turns   allmight, death, touka  vs  gon, mars, kitara
[ 542/700 ] WIN    16 turns   allmight, neferpitou, eren  vs  semiramis, astolfo, ryuko
Applying bleed effect! Checking special code
Applying bleed effect! Checking special code
Applying bleed effect! Checking special code
Applying bleed effect! Checking special code
Applying bleed effect! Checking special code
Applying bleed effect! Checking special code
Applying bleed effect! Checking special code
Applying bleed effect! Checking special code
Applying bleed effect! Checking special code
Applying bleed effect! Checking special code
[ 543/700 ] LOSS   22 turns   allmight, jupiter, jinwoo  vs  xanxus, zoro, king
[ 544/700 ] LOSS   18 turns   allmight, vegeta, hinata  vs  megumin, alphamon, shinoa
[ 545/700 ] LOSS   20 turns   allmight, myotismon, tatsumaki  vs  tatsumi, tsubasa, chrome
Applying bleed effect! Checking special code
Applying bleed effect! Checking special code
Applying bleed effect! Checking special code
[ 546/700 ] LOSS   29 turns   allmight, shokuhou, yamamoto  vs  usopp, power, rimuru
[ 547/700 ] LOSS   36 turns   allmight, tatsumi, shokuhou  vs  ace, tokoyami, yamamoto
Applying bleed effect! Checking special code
Applying bleed effect! Checking special code
Applying bleed effect! Checking special code
Applying bleed effect! Checking special code
[ 548/700 ] WIN    15 turns   allmight, jesse, seventeen  vs  pegasus, ken, jinwoo
[ 549/700 ] LOSS   13 turns   allmight, hinata, frieren  vs  gasai, horohoro, neferpitou
[ 550/700 ] WIN    22 turns   allmight, saturn, vegeta  vs  maka, tokoyami, halibel
[ 551/700 ] LOSS   18 turns   allmight, halibel, genos  vs  alphamon, rob, blackwargreymon
[ 552/700 ] LOSS   25 turns   allmight, muichiro, nimaiya  vs  veldora, tsubaki, gogeta
[ 553/700 ] WIN    24 turns   allmight, cell, nagisa  vs  ryohei, blackwargreymon, sakura
[ 554/700 ] LOSS   17 turns   allmight, asta, tsunayoshi  vs  tanjiro, shinoa, eren
Applying bleed effect! Checking special code
Applying bleed effect! Checking special code
Applying bleed effect! Checking special code
[ 555/700 ] LOSS   32 turns   allmight, ichibe, rob  vs  rengoku, mars, rimuru
[ 556/700 ] WIN    12 turns   allmight, hashirama, mavis  vs  pegasus, ganta, gon
[ 557/700 ] WIN    20 turns   allmight, itachi, soul  vs  meliodas, aiohto, gilgamesh
[ 558/700 ] LOSS   27 turns   allmight, misaka, satsuki  vs  kurapika, saber, mikasa
[ 559/700 ] LOSS   15 turns   allmight, impmon, gohan  vs  sukuna, alphamon, gon
[ 560/700 ] LOSS   23 turns   allmight, midoriya, cell  vs  xanxus, chrome, emiya
[ 561/700 ] LOSS   16 turns   allmight, gatomon, zoro  vs  gojo, mavis, gray
[ 562/700 ] WIN    17 turns   allmight, yubel, shinra  vs  kuroko, luffy, jeanne
Applying bleed effect! Checking special code
Applying bleed effect! Checking special code
Applying bleed effect! Checking special code
Applying bleed effect! Checking special code
Applying bleed effect! Checking special code
[ 563/700 ] LOSS   16 turns   allmight, inosuke, korra  vs  gray, jaden, ken
[ 564/700 ] LOSS   22 turns   allmight, shinra, toga  vs  sakura, impmon, jupiter
[ 565/700 ] LOSS   21 turns   allmight, kid, tsubaki  vs  mami, koro, sukuna
[ 566/700 ] WIN    26 turns   allmight, omnimon, byakuya  vs  jinwoo, gojo, nezuko
[ 567/700 ] LOSS   22 turns   allmight, aang, saber  vs  arthur, nimaiya, saturn
[ 568/700 ] WIN    14 turns   allmight, tamaki, mine  vs  byakuya, satsuki, king
[ 569/700 ] LOSS   21 turns   allmight, kitara, megumi  vs  ban, lyserg, kurapika
[ 570/700 ] LOSS   14 turns   allmight, arthur, edward  vs  xanxus, alphamon, jaden
[ 571/700 ] WIN   172 turns   allmight, natsu, mercury  vs  halibel, eren, koro
[ 572/700 ] LOSS   19 turns   allmight, shokuhou, ace  vs  killua, eren, kid
[ 573/700 ] LOSS   19 turns   allmight, gilgamesh, omnimon  vs  lyserg, orihime, gatomon
[ 574/700 ] LOSS   22 turns   allmight, korra, mavis  vs  uzui, astolfo, marco
[ 575/700 ] LOSS   19 turns   allmight, yuno, shiro  vs  mavis, toph, tsubasa
Applying bleed effect! Checking special code
Applying bleed effect! Checking special code
Applying bleed effect! Checking special code
Applying bleed effect! Checking special code
[ 576/700 ] LOSS   24 turns   allmight, emiyaarcher, king  vs  yuno, veldora, gon
[ 577/700 ] LOSS   36 turns   allmight, saturn, yubel  vs  impmon, ban, jeanne
[ 578/700 ] LOSS   16 turns   allmight, megumin, gilgamesh  vs  touka, hawkmon, blackstar
[ 579/700 ] LOSS   13 turns   allmight, lyserg, bakugo  vs  satsuki, rob, genos
[ 580/700 ] LOSS   19 turns   allmight, adam, levi  vs  yuji, emiya, vegeta
[ 581/700 ] LOSS   22 turns   allmight, veldora, toji  vs  asta, hawkmon, orihime
[ 582/700 ] LOSS   14 turns   allmight, nezuko, kitara  vs  inuyasha, meliodas, frankenstein
Yubel's S1 Triggered!
[ 583/700 ] LOSS   15 turns   allmight, nimaiya, yubel  vs  hisoka, jinwoo, squalo
[ 584/700 ] WIN    20 turns   allmight, uzui, cooler  vs  muichiro, nezuko, mars
[ 585/700 ] LOSS   20 turns   allmight, gogeta, impmon  vs  uranus, levi, tanjiro
Applying bleed effect! Checking special code
Applying bleed effect! Checking special code
Applying bleed effect! Checking special code
[ 586/700 ] LOSS   16 turns   allmight, denji, omnimon  vs  madoka, maka, megumin
[ 587/700 ] LOSS   13 turns   allmight, megumi, touka  vs  rimuru, esdeath, mavis
[ 588/700 ] WIN    15 turns   allmight, byakuya, mash  vs  cell, rimuru, gohan
Applying bleed effect! Checking special code
[ 589/700 ] WIN    21 turns   allmight, yuno, sasuke  vs  soul, death, diane
Applying bleed effect! Checking special code
[ 590/700 ] LOSS   65 turns   allmight, saitama, tsuyu  vs  nobara, kurotsuchi, king
Applying bleed effect! Checking special code
Applying bleed effect! Checking special code
Applying bleed effect! Checking special code
Applying bleed effect! Checking special code
Applying bleed effect! Checking special code
Applying bleed effect! Checking special code
Applying bleed effect! Checking special code
Applying bleed effect! Checking special code
Applying bleed effect! Checking special code
[ 591/700 ] WIN    27 turns   allmight, uranus, king  vs  tsubaki, gunha, megumi
[ 592/700 ] LOSS   11 turns   allmight, mine, myotismon  vs  toudou, jupiter, death
[ 593/700 ] LOSS   18 turns   allmight, alphamon, tsubasa  vs  touka, ace, gon
Applying bleed effect! Checking special code
Applying bleed effect! Checking special code
Applying bleed effect! Checking special code
Applying bleed effect! Checking special code
[ 594/700 ] LOSS   20 turns   allmight, power, nezuko  vs  jaden, shiro, inosuke
[ 595/700 ] LOSS   24 turns   allmight, alphamon, gallantmon  vs  madoka, koro, yubel
[ 596/700 ] LOSS   15 turns   allmight, sakura, toga  vs  chrome, neferpitou, adam
[ 597/700 ] WIN    33 turns   allmight, yuji, shiro  vs  erza, tsubaki, gon
[ 598/700 ] LOSS   21 turns   allmight, nagisa, noelle  vs  adam, ichigo, aiohto
Applying bleed effect! Checking special code
Applying bleed effect! Checking special code
Applying bleed effect! Checking special code
Applying bleed effect! Checking special code
Applying bleed effect! Checking special code
Applying bleed effect! Checking special code
Applying bleed effect! Checking special code
Applying bleed effect! Checking special code
Applying bleed effect! Checking special code
Applying bleed effect! Checking special code
Applying bleed effect! Checking special code
[ 599/700 ] LOSS   14 turns   allmight, hibari, todoroki  vs  edward, king, yuji
[ 600/700 ] LOSS   15 turns   allmight, tamaki, eren  vs  gilgamesh, omnimon, sasuke
[ 601/700 ] LOSS   22 turns   allmight, alphonse, luffy  vs  boruto, levi, saitama
[ 602/700 ] LOSS   20 turns   allmight, koro, toji  vs  gogeta, frieren, meliodas
[ 603/700 ] LOSS   15 turns   allmight, toudou, adam  vs  ryohei, tanjiro, frieren
[ 604/700 ] LOSS   18 turns   allmight, mercury, sasuke  vs  saturn, tokoyami, megumin
[ 605/700 ] WIN    16 turns   allmight, broly, gunha  vs  rakko, bakugo, tatsumi
[ 606/700 ] LOSS   19 turns   allmight, jinwoo, nonon  vs  aiohto, jeanne, sayaka
[ 607/700 ] LOSS   23 turns   allmight, gohan, hisoka  vs  squalo, boruto, hinata
[ 608/700 ] LOSS   22 turns   allmight, zenitsu, shinoa  vs  marco, sasuke, astolfo
Applying bleed effect! Checking special code
Applying bleed effect! Checking special code
Applying bleed effect! Checking special code
Applying bleed effect! Checking special code
Applying bleed effect! Checking special code
Applying bleed effect! Checking special code
[ 609/700 ] WIN    20 turns   allmight, jack, rakko  vs  midoriya, squalo, usopp
Applying bleed effect! Checking special code
Applying bleed effect! Checking special code
Applying bleed effect! Checking special code
Applying bleed effect! Checking special code
Applying bleed effect! Checking special code
Applying bleed effect! Checking special code
Applying bleed effect! Checking special code
[ 610/700 ] WIN    20 turns   allmight, saber, ganta  vs  goku, killua, king
Applying bleed effect! Checking special code
[ 611/700 ] WIN    26 turns   allmight, blackwargreymon, broly  vs  gojo, rakko, machinedramon
[ 612/700 ] LOSS   14 turns   allmight, todoroki, toji  vs  uraraka, genos, crona
[ 613/700 ] LOSS   16 turns   allmight, tsubaki, kitara  vs  esdeath, halibel, itachi
[ 614/700 ] LOSS   16 turns   allmight, emiyaarcher, frieren  vs  megumi, shinoa, shiro
[ 615/700 ] LOSS   16 turns   allmight, saitama, yuji  vs  gatomon, asta, saturn
[ 616/700 ] LOSS   16 turns   allmight, nobara, toph  vs  asta, bakugo, todoroki
[ 617/700 ] LOSS   16 turns   allmight, kitara, muichiro  vs  byakuya, renamon, megumin
[ 618/700 ] LOSS   13 turns   allmight, noelle, astolfo  vs  mercury, lizandpatty, byakuya
[ 619/700 ] LOSS   16 turns   allmight, jinwoo, gogeta  vs  todoroki, jupiter, midoriya
[ 620/700 ] LOSS   23 turns   allmight, toga, luffy  vs  sasuke, yuno, frieren
Applying bleed effect! Checking special code
[ 621/700 ] LOSS   15 turns   allmight, sayaka, king  vs  orihime, mavis, genos
[ 622/700 ] WIN    12 turns   allmight, crona, nimaiya  vs  aiohto, megumin, blackwargreymon
Applying bleed effect! Checking special code
Applying bleed effect! Checking special code
Applying bleed effect! Checking special code
Applying bleed effect! Checking special code
Applying bleed effect! Checking special code
Applying bleed effect! Checking special code
Applying bleed effect! Checking special code
Applying bleed effect! Checking special code
Applying bleed effect! Checking special code
Applying bleed effect! Checking special code
[ 623/700 ] WIN    15 turns   allmight, alphamon, king  vs  bakugo, ichigo, gasai
[ 624/700 ] LOSS   32 turns   allmight, emiyaarcher, ichigo  vs  blackstar, hawkmon, ryuko
[ 625/700 ] LOSS   15 turns   allmight, kaiba, koro  vs  gasai, jupiter, asta
[ 626/700 ] LOSS   28 turns   allmight, tsuyu, kitara  vs  gogeta, gojo, mami
[ 627/700 ] LOSS   20 turns   allmight, shinoa, ryuko  vs  ryohei, sheele, hibari
[ 628/700 ] LOSS   20 turns   allmight, zenitsu, neferpitou  vs  mars, nimaiya, touka
[ 629/700 ] LOSS   13 turns   allmight, goku, byakuya  vs  asta, neferpitou, semiramis
[ 630/700 ] WIN    20 turns   allmight, uranus, halibel  vs  emiya, megumin, mash
[ 631/700 ] LOSS   29 turns   allmight, nagisa, jesse  vs  jack, koro, uzui
Applying bleed effect! Checking special code
Applying bleed effect! Checking special code
Applying bleed effect! Checking special code
[ 632/700 ] LOSS   16 turns   allmight, king, mami  vs  tsubaki, nagisa, rimuru
[ 633/700 ] WIN    21 turns   allmight, machinedramon, naruto  vs  jupiter, maka, tsubasa
[ 634/700 ] LOSS   16 turns   allmight, tsubaki, emiyaarcher  vs  emiya, kurapika, saturn
[ 635/700 ] LOSS   36 turns   allmight, muichiro, kurapika  vs  mikasa, kitara, megumi
[ 636/700 ] LOSS   20 turns   allmight, jeanne, akame  vs  gray, toph, cell
[ 637/700 ] LOSS   19 turns   allmight, toudou, frieren  vs  nagisa, yamamoto, hibari
[ 638/700 ] LOSS   20 turns   allmight, ace, hinata  vs  zenitsu, emiya, lyserg
Applying bleed effect! Checking special code
Applying bleed effect! Checking special code
[ 639/700 ] WIN    20 turns   allmight, kaiba, uraraka  vs  levi, ken, yoh
[ 640/700 ] LOSS   18 turns   allmight, cooler, kurapika  vs  cell, hisoka, toji
[ 641/700 ] WIN    23 turns   allmight, mash, squalo  vs  frieren, emiyaarcher, gunha
[ 642/700 ] LOSS   17 turns   allmight, tatsumi, mami  vs  blackstar, todoroki, jinwoo
[ 643/700 ] LOSS   16 turns   allmight, maka, hashirama  vs  sukuna, ladydevimon, alphonse
[ 644/700 ] LOSS   16 turns   allmight, lucy, jeanne  vs  cell, midoriya, renamon
[ 645/700 ] LOSS   23 turns   allmight, blackstar, erza  vs  ichigo, sasuke, nel
[ 646/700 ] LOSS   26 turns   allmight, saitama, venus  vs  lizandpatty, boruto, marco
[ 647/700 ] LOSS   12 turns   allmight, minene, soul  vs  xanxus, hashirama, mercury
[ 648/700 ] LOSS   25 turns   allmight, hawkmon, tsuyu  vs  jesse, tokoyami, akame
[ 649/700 ] LOSS   24 turns   allmight, akame, omnimon  vs  itachi, usopp, nezuko
[ 650/700 ] LOSS   22 turns   allmight, gohan, gray  vs  aiohto, boruto, asta
[ 651/700 ] LOSS   24 turns   allmight, soul, machinedramon  vs  jesse, adam, koro
[ 652/700 ] LOSS   17 turns   allmight, saturn, mash  vs  sayaka, satsuki, hibari
[ 653/700 ] LOSS   13 turns   allmight, akame, tanjiro  vs  nel, frankenstein, eren
[ 654/700 ] WIN    34 turns   allmight, astolfo, tanjiro  vs  kurotsuchi, gilgamesh, toga
[ 655/700 ] WIN    15 turns   allmight, gray, sakura  vs  kurotsuchi, shinoa, asta
[ 656/700 ] LOSS   11 turns   allmight, naruto, venus  vs  uzui, seventeen, cooler
[ 657/700 ] WIN    23 turns   allmight, levi, jack  vs  gunha, sasuke, gatomon
[ 658/700 ] LOSS   23 turns   allmight, koro, denji  vs  toudou, saber, akame
[ 659/700 ] WIN    14 turns   allmight, yamamoto, rob  vs  halibel, uraraka, astolfo
[ 660/700 ] LOSS   23 turns   allmight, erza, alphamon  vs  arthur, sukuna, jaden
[ 661/700 ] WIN    33 turns   allmight, aang, noelle  vs  sheele, toji, killua
[ 662/700 ] WIN    16 turns   allmight, gatomon, chrome  vs  akame, death, maka
[ 663/700 ] LOSS   24 turns   allmight, nonon, omnimon  vs  shokuhou, mars, tamaki
Applying bleed effect! Checking special code
[ 664/700 ] WIN    20 turns   allmight, semiramis, mash  vs  rimuru, king, gray
[ 665/700 ] LOSS   24 turns   allmight, crona, itachi  vs  boruto, edward, tsubaki
[ 666/700 ] LOSS   21 turns   allmight, noelle, sukuna  vs  eren, mikasa, tatsumi
[ 667/700 ] LOSS   27 turns   allmight, todoroki, emiyaarcher  vs  nezuko, kitara, chrome
Applying bleed effect! Checking special code
Applying bleed effect! Checking special code
[ 668/700 ] WIN    30 turns   allmight, yugi, tanjiro  vs  pegasus, ken, ban
[ 669/700 ] LOSS   27 turns   allmight, emiyaarcher, jesse  vs  edward, semiramis, itachi
[ 670/700 ] LOSS   20 turns   allmight, satsuki, uzui  vs  rimuru, kuroko, frankenstein
[ 671/700 ] LOSS   23 turns   allmight, gilgamesh, satsuki  vs  ban, luffy, blackstar
[ 672/700 ] WIN    30 turns   allmight, veldora, gray  vs  hinata, shiro, sakura
[ 673/700 ] LOSS   79 turns   allmight, nezuko, yubel  vs  kitara, emiya, mash
[ 674/700 ] WIN    12 turns   allmight, ace, adam  vs  hibari, jack, soul
Applying bleed effect! Checking special code
Applying bleed effect! Checking special code
Applying bleed effect! Checking special code
Applying bleed effect! Checking special code
Applying bleed effect! Checking special code
Applying bleed effect! Checking special code
[ 675/700 ] LOSS   29 turns   allmight, orihime, lucy  vs  kid, rengoku, chrome
[ 676/700 ] WIN    23 turns   allmight, power, kurapika  vs  frankenstein, edward, noelle
[ 677/700 ] WIN    16 turns   allmight, byakuya, jack  vs  toph, tsunayoshi, cooler
[ 678/700 ] LOSS   15 turns   allmight, gogeta, toga  vs  saitama, gatomon, death
[ 679/700 ] LOSS   34 turns   allmight, gatomon, minene  vs  adam, veldora, lucy
[ 680/700 ] WIN    25 turns   allmight, kuroko, ichibe  vs  uraraka, toji, yoh
[ 681/700 ] LOSS   16 turns   allmight, sayaka, mercury  vs  aiohto, denji, sheele
[ 682/700 ] LOSS   16 turns   allmight, tatsumi, mami  vs  tsubaki, gohan, gray
[ 683/700 ] WIN    12 turns   allmight, hashirama, mine  vs  todoroki, sasuke, usopp
[ 684/700 ] LOSS   25 turns   allmight, cooler, ryuko  vs  broly, mash, todoroki
[ 685/700 ] LOSS   16 turns   allmight, rob, meliodas  vs  neferpitou, crona, ganta
[ 686/700 ] LOSS   16 turns   allmight, mami, aang  vs  alphamon, jack, midoriya
[ 687/700 ] LOSS   25 turns   allmight, edward, gasai  vs  emiya, gilgamesh, vegeta
Applying bleed effect! Checking special code
Applying bleed effect! Checking special code
[ 688/700 ] LOSS   20 turns   allmight, jupiter, marco  vs  diane, seventeen, gasai
Yubel's S1 Triggered!
Yubel's S1 Triggered!
[ 689/700 ] LOSS   25 turns   allmight, yubel, horohoro  vs  myotismon, sasuke, esdeath
[ 690/700 ] LOSS   23 turns   allmight, nonon, ganta  vs  diane, omnimon, horohoro
Applying bleed effect! Checking special code
Applying bleed effect! Checking special code
[ 691/700 ] LOSS   23 turns   allmight, denji, jinwoo  vs  tsubaki, vegeta, tsuyu
[ 692/700 ] WIN    23 turns   allmight, ladydevimon, touka  vs  noelle, aang, mash
Applying bleed effect! Checking special code
Applying bleed effect! Checking special code
[ 693/700 ] WIN    22 turns   allmight, toga, nel  vs  crona, inosuke, marco
Applying bleed effect! Checking special code
Applying bleed effect! Checking special code
[ 694/700 ] LOSS   17 turns   allmight, power, koro  vs  kuroko, akame, touka
Applying bleed effect! Checking special code
[ 695/700 ] WIN    31 turns   allmight, venus, blackstar  vs  cell, power, tsubaki
[ 696/700 ] LOSS   11 turns   allmight, korra, mikasa  vs  toji, jack, alphamon
[ 697/700 ] LOSS   19 turns   allmight, alphonse, gon  vs  myotismon, ladydevimon, mercury
[ 698/700 ] LOSS   19 turns   allmight, goku, myotismon  vs  lucy, natsu, megumin
[ 699/700 ] LOSS   19 turns   allmight, gohan, lyserg  vs  goku, jesse, jupiter
[ 700/700 ] LOSS   20 turns   allmight, gohan, levi  vs  touka, cell, halibel
=== TRAINER RUN COMPLETE ===
Matches: 700   W: 220   L: 480   D: 0   Win: 31.4%   (opponent: self)
Policy saved to res://training/checkpoints/focus_allmight/w4.json  (generation 5, trained_matches 10700)
