Godot Engine v4.6.2.stable.official.71f334935 - https://godotengine.org

[trainer] seed=77291 matches=300 opponent=policy:res://training/checkpoints/focused_current.json eval=true out=res://training/checkpoints/work.json checkpoint=res://training/checkpoints/focus_allmight/merged.json
[authored] loaded 1 authored character(s)
[   1/300 ] WIN    19 turns   allmight, natsu, sukuna  vs  noelle, veldora, machinedramon
[   2/300 ] WIN    21 turns   allmight, halibel, tokoyami  vs  blackwargreymon, semiramis, horohoro
[   3/300 ] LOSS   16 turns   allmight, mine, hisoka  vs  ryuko, blackwargreymon, seventeen
[   4/300 ] LOSS   18 turns   allmight, tsubasa, noelle  vs  levi, muichiro, saturn
[   5/300 ] WIN    17 turns   allmight, mine, renamon  vs  shinoa, maka, horohoro
[   6/300 ] LOSS   33 turns   allmight, jinwoo, death  vs  kurotsuchi, akame, lucy
Applying bleed effect! Checking special code
Applying bleed effect! Checking special code
[   7/300 ] WIN    29 turns   allmight, chrome, kitara  vs  byakuya, sakura, ken
[   8/300 ] WIN    38 turns   allmight, todoroki, noelle  vs  natsu, xanxus, tsunayoshi
Applying bleed effect! Checking special code
Applying bleed effect! Checking special code
[   9/300 ] LOSS   22 turns   allmight, edward, marco  vs  frankenstein, cell, rakko
Applying bleed effect! Checking special code
Applying bleed effect! Checking special code
Applying bleed effect! Checking special code
Applying bleed effect! Checking special code
Applying bleed effect! Checking special code
Applying bleed effect! Checking special code
Applying bleed effect! Checking special code
Applying bleed effect! Checking special code
Applying bleed effect! Checking special code
Applying bleed effect! Checking special code
Applying bleed effect! Checking special code
Applying bleed effect! Checking special code
[  10/300 ] LOSS   26 turns   allmight, king, uranus  vs  gogeta, midoriya, jinwoo
[  11/300 ] LOSS   13 turns   allmight, adam, shinra  vs  astolfo, naruto, madoka
[  12/300 ] LOSS   22 turns   allmight, sakura, meliodas  vs  kid, broly, death
[  13/300 ] LOSS   17 turns   allmight, korra, tsubasa  vs  asta, veldora, uzui
Applying bleed effect! Checking special code
Applying bleed effect! Checking special code
[  14/300 ] WIN    15 turns   allmight, meliodas, levi  vs  jinwoo, rengoku, ganta
[  15/300 ] LOSS   18 turns   allmight, tanjiro, nezuko  vs  squalo, xanxus, seventeen
[  16/300 ] WIN    26 turns   allmight, venus, alphonse  vs  tsubasa, lucy, chrome
Applying bleed effect! Checking special code
Applying bleed effect! Checking special code
Applying bleed effect! Checking special code
Applying bleed effect! Checking special code
Applying bleed effect! Checking special code
Applying bleed effect! Checking special code
[  17/300 ] WIN    29 turns   allmight, rengoku, megumi  vs  kurotsuchi, emiyaarcher, jinwoo
Applying bleed effect! Checking special code
[  18/300 ] LOSS   16 turns   allmight, diane, asta  vs  toga, gallantmon, toji
[  19/300 ] LOSS   14 turns   allmight, gogeta, gatomon  vs  frankenstein, nonon, neferpitou
[  20/300 ] LOSS   40 turns   allmight, saturn, hawkmon  vs  hisoka, rimuru, todoroki
[  21/300 ] WIN    31 turns   allmight, edward, ace  vs  kitara, nonon, minene
[  22/300 ] LOSS   15 turns   allmight, ryuko, saber  vs  jupiter, megumi, shokuhou
[  23/300 ] WIN    43 turns   allmight, saitama, tokoyami  vs  frankenstein, orihime, natsu
[  24/300 ] LOSS   19 turns   allmight, esdeath, mercury  vs  astolfo, gon, toudou
[  25/300 ] LOSS   21 turns   allmight, tsuyu, genos  vs  uranus, shinoa, yugi
Applying bleed effect! Checking special code
Applying bleed effect! Checking special code
Applying bleed effect! Checking special code
[  26/300 ] LOSS   17 turns   allmight, lucy, rimuru  vs  zenitsu, rakko, erza
[  27/300 ] LOSS   25 turns   allmight, ladydevimon, edward  vs  venus, kaiba, cooler
[  28/300 ] LOSS   26 turns   allmight, kitara, ryuko  vs  lucy, kurotsuchi, muichiro
[  29/300 ] WIN    20 turns   allmight, mars, alphamon  vs  noelle, yoh, emiya
[  30/300 ] LOSS   15 turns   allmight, sakura, mine  vs  yuno, seventeen, tsubaki
[  31/300 ] WIN    21 turns   allmight, tokoyami, byakuya  vs  yuno, ichigo, saitama
Applying bleed effect! Checking special code
Applying bleed effect! Checking special code
[  32/300 ] LOSS   14 turns   allmight, pegasus, denji  vs  shinra, crona, yuji
[  33/300 ] LOSS   16 turns   allmight, death, hashirama  vs  mami, vegeta, gasai
[  34/300 ] LOSS   38 turns   allmight, mavis, itachi  vs  tsubasa, zenitsu, shokuhou
[  35/300 ] LOSS   29 turns   allmight, boruto, goku  vs  omnimon, itachi, levi
[  36/300 ] LOSS   15 turns   allmight, maka, tatsumi  vs  lucy, killua, kid
[  37/300 ] LOSS   17 turns   allmight, tatsumi, crona  vs  ban, gojo, tanjiro
[  38/300 ] LOSS   14 turns   allmight, byakuya, lyserg  vs  aiohto, genos, megumi
[  39/300 ] LOSS   29 turns   allmight, tsubaki, squalo  vs  jinwoo, hisoka, megumi
[  40/300 ] LOSS   20 turns   allmight, neferpitou, gatomon  vs  yuji, mavis, toga
[  41/300 ] WIN    32 turns   allmight, vegeta, lizandpatty  vs  sakura, hisoka, venus
[  42/300 ] LOSS   28 turns   allmight, chrome, mami  vs  genos, yuno, emiyaarcher
Applying bleed effect! Checking special code
Applying bleed effect! Checking special code
Applying bleed effect! Checking special code
[  43/300 ] LOSS   17 turns   allmight, mavis, mami  vs  rakko, saturn, arthur
[  44/300 ] LOSS   21 turns   allmight, saber, yuji  vs  ban, zoro, luffy
Applying bleed effect! Checking special code
[  45/300 ] WIN    20 turns   allmight, gojo, noelle  vs  frankenstein, hinata, power
[  46/300 ] WIN    30 turns   allmight, toph, nagisa  vs  alphonse, astolfo, tatsumi
[  47/300 ] LOSS   19 turns   allmight, akame, shinoa  vs  lucy, gunha, ganta
[  48/300 ] WIN    26 turns   allmight, naruto, kid  vs  frankenstein, mars, tatsumaki
[  49/300 ] LOSS   16 turns   allmight, killua, inuyasha  vs  megumin, yamamoto, hashirama
[  50/300 ] LOSS   22 turns   allmight, koro, venus  vs  xanxus, gojo, zenitsu
[  51/300 ] LOSS   20 turns   allmight, toph, madoka  vs  chrome, death, gohan
[  52/300 ] LOSS   11 turns   allmight, lyserg, shokuhou  vs  aang, shiro, toga
[  53/300 ] LOSS   38 turns   allmight, blackwargreymon, cooler  vs  usopp, jinwoo, yoh
[  54/300 ] LOSS   28 turns   allmight, halibel, naruto  vs  hibari, hawkmon, omnimon
[  55/300 ] WIN    19 turns   allmight, kurotsuchi, gallantmon  vs  megumin, korra, toga
Applying bleed effect! Checking special code
Applying bleed effect! Checking special code
Applying bleed effect! Checking special code
[  56/300 ] WIN    36 turns   allmight, semiramis, rakko  vs  mami, yoh, inosuke
[  57/300 ] WIN    15 turns   allmight, broly, lyserg  vs  muichiro, ganta, gon
[  58/300 ] LOSS   16 turns   allmight, nagisa, toji  vs  asta, ryohei, cooler
[  59/300 ] LOSS   19 turns   allmight, gray, toga  vs  saturn, squalo, aang
[  60/300 ] LOSS   22 turns   allmight, misaka, tamaki  vs  hawkmon, halibel, emiyaarcher
[  61/300 ] LOSS   22 turns   allmight, jeanne, uraraka  vs  nonon, uzui, emiyaarcher
Applying bleed effect! Checking special code
[  62/300 ] WIN    16 turns   allmight, jinwoo, denji  vs  megumin, usopp, mami
[  63/300 ] LOSS   18 turns   allmight, yugi, aiohto  vs  shinra, omnimon, nonon
[  64/300 ] LOSS   27 turns   allmight, tatsumi, venus  vs  kurapika, uraraka, blackwargreymon
Applying bleed effect! Checking special code
Applying bleed effect! Checking special code
[  65/300 ] LOSS   17 turns   allmight, impmon, rengoku  vs  mavis, edward, kitara
[  66/300 ] LOSS   19 turns   allmight, emiyaarcher, yugi  vs  tsubaki, touka, misaka
[  67/300 ] LOSS   11 turns   allmight, lyserg, ladydevimon  vs  meliodas, jeanne, alphamon
[  68/300 ] WIN    36 turns   allmight, tokoyami, marco  vs  usopp, gogeta, omnimon
[  69/300 ] LOSS   17 turns   allmight, naruto, yuji  vs  hashirama, hibari, nezuko
[  70/300 ] LOSS   17 turns   allmight, toph, semiramis  vs  aang, jupiter, xanxus
[  71/300 ] WIN    16 turns   allmight, levi, cooler  vs  mami, gilgamesh, power
Applying bleed effect! Checking special code
Applying bleed effect! Checking special code
Applying bleed effect! Checking special code
[  72/300 ] LOSS   34 turns   allmight, power, chrome  vs  gatomon, mine, adam
Applying bleed effect! Checking special code
Applying bleed effect! Checking special code
[  73/300 ] WIN    26 turns   allmight, power, jupiter  vs  sasuke, squalo, uzui
[  74/300 ] LOSS   19 turns   allmight, esdeath, mercury  vs  inuyasha, jack, veldora
Applying bleed effect! Checking special code
Applying bleed effect! Checking special code
Applying bleed effect! Checking special code
Applying bleed effect! Checking special code
Applying bleed effect! Checking special code
Applying bleed effect! Checking special code
Applying bleed effect! Checking special code
Applying bleed effect! Checking special code
[  75/300 ] LOSS   21 turns   allmight, renamon, sheele  vs  tsubaki, impmon, rengoku
[  76/300 ] LOSS   32 turns   allmight, mars, itachi  vs  gatomon, pegasus, adam
[  77/300 ] LOSS   18 turns   allmight, blackstar, ichigo  vs  genos, lyserg, levi
[  78/300 ] LOSS   17 turns   allmight, emiya, jack  vs  broly, korra, alphamon
[  79/300 ] LOSS   14 turns   allmight, satsuki, maka  vs  madoka, byakuya, mavis
Applying bleed effect! Checking special code
Applying bleed effect! Checking special code
Applying bleed effect! Checking special code
[  80/300 ] WIN    16 turns   allmight, saturn, inosuke  vs  rakko, killua, aang
Applying bleed effect! Checking special code
[  81/300 ] WIN    14 turns   allmight, sheele, mine  vs  inuyasha, king, renamon
[  82/300 ] LOSS   19 turns   allmight, veldora, aiohto  vs  akame, luffy, tanjiro
[  83/300 ] LOSS   16 turns   allmight, naruto, nimaiya  vs  squalo, satsuki, toudou
[  84/300 ] WIN    26 turns   allmight, erza, mavis  vs  marco, tatsumi, esdeath
[  85/300 ] LOSS   28 turns   allmight, noelle, mavis  vs  soul, emiya, itachi
[  86/300 ] LOSS   22 turns   allmight, tsuyu, uranus  vs  machinedramon, ace, alphonse
[  87/300 ] LOSS   18 turns   allmight, xanxus, shinoa  vs  tsubaki, sheele, adam
[  88/300 ] LOSS   16 turns   allmight, frieren, yoh  vs  kurotsuchi, ichigo, hibari
[  89/300 ] LOSS   13 turns   allmight, xanxus, sheele  vs  myotismon, sukuna, saturn
[  90/300 ] LOSS   28 turns   allmight, tatsumaki, halibel  vs  emiya, yoh, gatomon
[  91/300 ] WIN    32 turns   allmight, jeanne, bakugo  vs  tanjiro, myotismon, jinwoo
[  92/300 ] LOSS   21 turns   allmight, kitara, ryohei  vs  bakugo, hibari, myotismon
[  93/300 ] LOSS   21 turns   allmight, nonon, akame  vs  yamamoto, broly, orihime
[  94/300 ] LOSS   28 turns   allmight, saturn, nonon  vs  tatsumi, zoro, pegasus
Applying bleed effect! Checking special code
Applying bleed effect! Checking special code
[  95/300 ] LOSS   22 turns   allmight, tsubaki, inosuke  vs  rimuru, mami, hibari
Applying bleed effect! Checking special code
Applying bleed effect! Checking special code
[  96/300 ] LOSS   14 turns   allmight, power, vegeta  vs  gray, itachi, xanxus
[  97/300 ] LOSS   34 turns   allmight, blackstar, orihime  vs  impmon, lucy, yuno
[  98/300 ] LOSS   19 turns   allmight, megumin, maka  vs  nimaiya, rob, mash
[  99/300 ] WIN    37 turns   allmight, mash, death  vs  veldora, minene, yamamoto
[ 100/300 ] LOSS   16 turns   allmight, bakugo, nezuko  vs  nobara, aang, lizandpatty
Applying bleed effect! Checking special code
Applying bleed effect! Checking special code
Applying bleed effect! Checking special code
Applying bleed effect! Checking special code
Applying bleed effect! Checking special code
[ 101/300 ] LOSS   34 turns   allmight, king, midoriya  vs  jeanne, astolfo, gatomon
[ 102/300 ] LOSS   18 turns   allmight, shokuhou, sakura  vs  jinwoo, zoro, lizandpatty
[ 103/300 ] WIN    15 turns   allmight, asta, jupiter  vs  meliodas, koro, xanxus
[ 104/300 ] WIN    20 turns   allmight, mikasa, asta  vs  tanjiro, emiyaarcher, xanxus
[ 105/300 ] LOSS   20 turns   allmight, chrome, horohoro  vs  goku, satsuki, kid
[ 106/300 ] LOSS   12 turns   allmight, ganta, madoka  vs  saturn, erza, inuyasha
[ 107/300 ] WIN    36 turns   allmight, machinedramon, aiohto  vs  nezuko, astolfo, maka
[ 108/300 ] LOSS   17 turns   allmight, jesse, itachi  vs  sheele, ganta, tatsumi
[ 109/300 ] LOSS   20 turns   allmight, megumin, toudou  vs  shinra, arthur, inuyasha
[ 110/300 ] LOSS   25 turns   allmight, lyserg, hibari  vs  mercury, gogeta, blackstar
[ 111/300 ] LOSS   27 turns   allmight, emiyaarcher, ban  vs  tanjiro, rob, renamon
Applying bleed effect! Checking special code
Applying bleed effect! Checking special code
[ 112/300 ] WIN    16 turns   allmight, frieren, sayaka  vs  sheele, rengoku, vegeta
Applying bleed effect! Checking special code
Applying bleed effect! Checking special code
Applying bleed effect! Checking special code
[ 113/300 ] LOSS   35 turns   allmight, naruto, usopp  vs  squalo, diane, emiya
[ 114/300 ] LOSS   18 turns   allmight, nezuko, kurapika  vs  boruto, kuroko, satsuki
[ 115/300 ] LOSS   43 turns   allmight, halibel, nonon  vs  orihime, saitama, veldora
[ 116/300 ] LOSS   19 turns   allmight, toph, lyserg  vs  toudou, gallantmon, tamaki
[ 117/300 ] LOSS   15 turns   allmight, maka, gilgamesh  vs  tsubaki, edward, gray
Applying bleed effect! Checking special code
Applying bleed effect! Checking special code
Applying bleed effect! Checking special code
Applying bleed effect! Checking special code
[ 118/300 ] DRAW  500 turns   allmight, misaka, jesse  vs  emiya, rengoku, toga
[ 119/300 ] LOSS   16 turns   allmight, kid, esdeath  vs  adam, emiya, eren
[ 120/300 ] LOSS   20 turns   allmight, vegeta, sheele  vs  venus, uzui, broly
[ 121/300 ] LOSS   18 turns   allmight, erza, inuyasha  vs  horohoro, alphamon, killua
[ 122/300 ] LOSS   19 turns   allmight, blackwargreymon, nonon  vs  power, frieren, diane
[ 123/300 ] LOSS   25 turns   allmight, gallantmon, saturn  vs  minene, meliodas, ryohei
[ 124/300 ] WIN    24 turns   allmight, gray, toph  vs  nezuko, tanjiro, veldora
[ 125/300 ] WIN    28 turns   allmight, mami, itachi  vs  sakura, mars, byakuya
Applying bleed effect! Checking special code
Applying bleed effect! Checking special code
[ 126/300 ] LOSS   20 turns   allmight, rengoku, sheele  vs  megumi, kuroko, gallantmon
[ 127/300 ] LOSS   18 turns   allmight, impmon, shokuhou  vs  mikasa, machinedramon, alphonse
[ 128/300 ] LOSS   20 turns   allmight, blackstar, killua  vs  cell, jinwoo, toji
[ 129/300 ] LOSS   17 turns   allmight, boruto, gray  vs  zoro, ladydevimon, hinata
[ 130/300 ] WIN    16 turns   allmight, gallantmon, yoh  vs  astolfo, hibari, tamaki
[ 131/300 ] LOSS   14 turns   allmight, shiro, nezuko  vs  ganta, jupiter, sayaka
Applying bleed effect! Checking special code
Applying bleed effect! Checking special code
Applying bleed effect! Checking special code
Applying bleed effect! Checking special code
Applying bleed effect! Checking special code
Applying bleed effect! Checking special code
Applying bleed effect! Checking special code
[ 132/300 ] LOSS   21 turns   allmight, itachi, blackwargreymon  vs  impmon, misaka, ken
[ 133/300 ] WIN    29 turns   allmight, tsubasa, jaden  vs  natsu, xanxus, sheele
[ 134/300 ] WIN    53 turns   allmight, eren, broly  vs  saturn, uraraka, ryuko
[ 135/300 ] WIN    17 turns   allmight, satsuki, frieren  vs  jeanne, hinata, tsubaki
[ 136/300 ] WIN    22 turns   allmight, uranus, frieren  vs  sakura, soul, maka
[ 137/300 ] WIN    15 turns   allmight, erza, madoka  vs  megumi, seventeen, zenitsu
Applying bleed effect! Checking special code
Applying bleed effect! Checking special code
Applying bleed effect! Checking special code
Applying bleed effect! Checking special code
Applying bleed effect! Checking special code
Applying bleed effect! Checking special code
Applying bleed effect! Checking special code
Applying bleed effect! Checking special code
Applying bleed effect! Checking special code
Applying bleed effect! Checking special code
[ 138/300 ] LOSS   16 turns   allmight, tsuyu, toga  vs  madoka, king, frieren
Applying bleed effect! Checking special code
Applying bleed effect! Checking special code
Applying bleed effect! Checking special code
Applying bleed effect! Checking special code
Applying bleed effect! Checking special code
[ 139/300 ] LOSS   22 turns   allmight, marco, noelle  vs  tatsumi, rakko, soul
[ 140/300 ] LOSS   27 turns   allmight, kurapika, nobara  vs  yuno, blackwargreymon, sakura
[ 141/300 ] WIN    17 turns   allmight, sukuna, mercury  vs  inuyasha, omnimon, mars
[ 142/300 ] LOSS   17 turns   allmight, todoroki, crona  vs  neferpitou, ryohei, itachi
[ 143/300 ] LOSS   20 turns   allmight, uranus, ban  vs  hisoka, chrome, vegeta
[ 144/300 ] WIN    16 turns   allmight, uzui, astolfo  vs  ban, genos, rakko
Applying bleed effect! Checking special code
Applying bleed effect! Checking special code
Applying bleed effect! Checking special code
Applying bleed effect! Checking special code
[ 145/300 ] WIN    15 turns   allmight, mine, king  vs  misaka, diane, hawkmon
[ 146/300 ] LOSS   19 turns   allmight, orihime, diane  vs  lyserg, touka, kuroko
[ 147/300 ] LOSS   20 turns   allmight, machinedramon, uzui  vs  impmon, gojo, shiro
Applying bleed effect! Checking special code
Applying bleed effect! Checking special code
[ 148/300 ] LOSS   17 turns   allmight, power, tsubaki  vs  kurotsuchi, marco, seventeen
[ 149/300 ] LOSS   19 turns   allmight, machinedramon, muichiro  vs  hawkmon, uranus, gogeta
[ 150/300 ] LOSS   18 turns   allmight, akame, noelle  vs  astolfo, tatsumaki, ichigo
[ 151/300 ] LOSS   18 turns   allmight, gilgamesh, jeanne  vs  hawkmon, cooler, akame
[ 152/300 ] LOSS   16 turns   allmight, naruto, blackwargreymon  vs  lucy, ganta, tsubasa
[ 153/300 ] WIN    23 turns   allmight, neferpitou, sukuna  vs  emiya, renamon, toga
[ 154/300 ] WIN    20 turns   allmight, esdeath, shinra  vs  killua, ken, nezuko
[ 155/300 ] WIN    23 turns   allmight, jupiter, saber  vs  rob, yuno, goku
Applying bleed effect! Checking special code
[ 156/300 ] LOSS   19 turns   allmight, uzui, power  vs  diane, ryohei, nel
[ 157/300 ] LOSS   19 turns   allmight, gray, lyserg  vs  squalo, nezuko, saturn
[ 158/300 ] LOSS   13 turns   allmight, rimuru, uzui  vs  sheele, madoka, sayaka
[ 159/300 ] LOSS   24 turns   allmight, saitama, nezuko  vs  marco, omnimon, renamon
[ 160/300 ] WIN    18 turns   allmight, aang, tokoyami  vs  renamon, asta, vegeta
[ 161/300 ] WIN    22 turns   allmight, semiramis, inuyasha  vs  natsu, nonon, todoroki
Applying bleed effect! Checking special code
Applying bleed effect! Checking special code
Applying bleed effect! Checking special code
Applying bleed effect! Checking special code
Applying bleed effect! Checking special code
Applying bleed effect! Checking special code
[ 162/300 ] WIN    20 turns   allmight, inosuke, meliodas  vs  shinoa, jeanne, orihime
[ 163/300 ] LOSS   12 turns   allmight, killua, frankenstein  vs  aiohto, gallantmon, edward
[ 164/300 ] LOSS   16 turns   allmight, sayaka, ace  vs  gojo, halibel, boruto
[ 165/300 ] WIN    14 turns   allmight, levi, inuyasha  vs  tsuyu, gray, alphonse
[ 166/300 ] LOSS   16 turns   allmight, tsubasa, cell  vs  seventeen, frankenstein, misaka
[ 167/300 ] LOSS   18 turns   allmight, yugi, sukuna  vs  sakura, soul, tsunayoshi
[ 168/300 ] WIN    29 turns   allmight, blackwargreymon, yamamoto  vs  tamaki, horohoro, ace
[ 169/300 ] LOSS   26 turns   allmight, toji, rob  vs  hibari, luffy, xanxus
[ 170/300 ] LOSS   21 turns   allmight, crona, lucy  vs  gojo, horohoro, tsunayoshi
[ 171/300 ] LOSS   17 turns   allmight, shokuhou, gasai  vs  uraraka, jesse, gilgamesh
[ 172/300 ] WIN    19 turns   allmight, uranus, misaka  vs  mercury, ace, gasai
[ 173/300 ] WIN    22 turns   allmight, nobara, cell  vs  saber, xanxus, megumin
Applying bleed effect! Checking special code
Applying bleed effect! Checking special code
Applying bleed effect! Checking special code
Applying bleed effect! Checking special code
[ 174/300 ] WIN    36 turns   allmight, denji, uraraka  vs  yuji, blackwargreymon, sheele
[ 175/300 ] LOSS   26 turns   allmight, natsu, mavis  vs  killua, nagisa, minene
[ 176/300 ] LOSS   19 turns   allmight, jaden, megumi  vs  nel, shokuhou, seventeen
[ 177/300 ] LOSS   16 turns   allmight, akame, aang  vs  cell, jaden, levi
Applying bleed effect! Checking special code
Applying bleed effect! Checking special code
[ 178/300 ] LOSS   21 turns   allmight, denji, muichiro  vs  alphonse, levi, ryohei
Applying bleed effect! Checking special code
Applying bleed effect! Checking special code
Applying bleed effect! Checking special code
Applying bleed effect! Checking special code
Applying bleed effect! Checking special code
Applying bleed effect! Checking special code
[ 179/300 ] LOSS   22 turns   allmight, ken, xanxus  vs  natsu, tsunayoshi, power
[ 180/300 ] LOSS   15 turns   allmight, korra, alphonse  vs  sheele, gunha, uzui
[ 181/300 ] LOSS   26 turns   allmight, meliodas, sukuna  vs  natsu, luffy, shiro
[ 182/300 ] LOSS   27 turns   allmight, meliodas, orihime  vs  alphonse, sasuke, chrome
[ 183/300 ] WIN    18 turns   allmight, jack, jaden  vs  myotismon, saturn, squalo
[ 184/300 ] LOSS   30 turns   allmight, ganta, koro  vs  korra, cooler, yamamoto
[ 185/300 ] LOSS   19 turns   allmight, ryuko, gogeta  vs  sayaka, saturn, emiya
Yubel's S1 Triggered!
[ 186/300 ] WIN    35 turns   allmight, ban, toga  vs  yubel, nonon, koro
[ 187/300 ] LOSS   19 turns   allmight, megumin, marco  vs  kurotsuchi, natsu, asta
[ 188/300 ] WIN    38 turns   allmight, saber, gilgamesh  vs  megumin, gojo, tsubaki
[ 189/300 ] WIN    18 turns   allmight, seventeen, marco  vs  diane, kitara, tsubaki
Applying bleed effect! Checking special code
Applying bleed effect! Checking special code
Applying bleed effect! Checking special code
Applying bleed effect! Checking special code
Applying bleed effect! Checking special code
Applying bleed effect! Checking special code
Applying bleed effect! Checking special code
Applying bleed effect! Checking special code
Applying bleed effect! Checking special code
Applying bleed effect! Checking special code
Applying bleed effect! Checking special code
[ 190/300 ] LOSS   19 turns   allmight, midoriya, yuno  vs  king, tsunayoshi, sakura
[ 191/300 ] WIN    45 turns   allmight, usopp, natsu  vs  muichiro, maka, tokoyami
Applying bleed effect! Checking special code
Applying bleed effect! Checking special code
Applying bleed effect! Checking special code
Applying bleed effect! Checking special code
[ 192/300 ] WIN    28 turns   allmight, gatomon, tamaki  vs  denji, gilgamesh, diane
[ 193/300 ] LOSS   17 turns   allmight, levi, gilgamesh  vs  machinedramon, cell, jupiter
[ 194/300 ] LOSS   27 turns   allmight, frieren, tatsumi  vs  tatsumaki, hinata, tokoyami
[ 195/300 ] LOSS   23 turns   allmight, misaka, chrome  vs  cell, blackstar, jeanne
[ 196/300 ] WIN    26 turns   allmight, edward, horohoro  vs  sasuke, gojo, toudou
[ 197/300 ] LOSS   20 turns   allmight, blackwargreymon, renamon  vs  cell, mine, tanjiro
[ 198/300 ] LOSS   28 turns   allmight, ryohei, rob  vs  orihime, naruto, ichibe
[ 199/300 ] LOSS   33 turns   allmight, jesse, tsuyu  vs  mikasa, rimuru, crona
Applying bleed effect! Checking special code
Applying bleed effect! Checking special code
Applying bleed effect! Checking special code
Applying bleed effect! Checking special code
Applying bleed effect! Checking special code
Applying bleed effect! Checking special code
Applying bleed effect! Checking special code
Applying bleed effect! Checking special code
Applying bleed effect! Checking special code
Applying bleed effect! Checking special code
Applying bleed effect! Checking special code
[ 200/300 ] WIN    19 turns   allmight, kurotsuchi, tatsumaki  vs  king, death, soul
Yubel's S1 Triggered!
[ 201/300 ] LOSS   14 turns   allmight, meliodas, yubel  vs  saitama, zenitsu, mikasa
[ 202/300 ] WIN    24 turns   allmight, kid, gon  vs  ichigo, mikasa, yugi
[ 203/300 ] LOSS   21 turns   allmight, adam, aiohto  vs  zenitsu, korra, misaka
Applying bleed effect! Checking special code
Applying bleed effect! Checking special code
[ 204/300 ] LOSS   19 turns   allmight, omnimon, inosuke  vs  shinra, mikasa, hisoka
[ 205/300 ] LOSS   32 turns   allmight, toph, hinata  vs  kurotsuchi, renamon, venus
[ 206/300 ] LOSS   16 turns   allmight, nobara, lucy  vs  inosuke, toji, gasai
[ 207/300 ] WIN    31 turns   allmight, erza, emiyaarcher  vs  crona, horohoro, madoka
[ 208/300 ] WIN    17 turns   allmight, tatsumaki, zenitsu  vs  alphonse, todoroki, shokuhou
[ 209/300 ] LOSS   19 turns   allmight, soul, tatsumaki  vs  death, astolfo, machinedramon
[ 210/300 ] LOSS   18 turns   allmight, rimuru, todoroki  vs  koro, mars, kuroko
[ 211/300 ] LOSS   17 turns   allmight, impmon, ichigo  vs  kurotsuchi, hinata, ace
Applying bleed effect! Checking special code
Applying bleed effect! Checking special code
Applying bleed effect! Checking special code
Applying bleed effect! Checking special code
[ 212/300 ] LOSS   30 turns   allmight, yubel, sakura  vs  power, orihime, diane
[ 213/300 ] LOSS   25 turns   allmight, vegeta, killua  vs  orihime, veldora, tanjiro
[ 214/300 ] LOSS   21 turns   allmight, jeanne, tatsumaki  vs  saber, ichibe, aang
[ 215/300 ] LOSS   20 turns   allmight, madoka, soul  vs  midoriya, death, yamamoto
Applying bleed effect! Checking special code
Applying bleed effect! Checking special code
Applying bleed effect! Checking special code
Applying bleed effect! Checking special code
Applying bleed effect! Checking special code
Applying bleed effect! Checking special code
Applying bleed effect! Checking special code
Applying bleed effect! Checking special code
Applying bleed effect! Checking special code
[ 216/300 ] WIN    24 turns   allmight, king, esdeath  vs  muichiro, zenitsu, kid
[ 217/300 ] WIN    32 turns   allmight, diane, lizandpatty  vs  yuno, ladydevimon, shiro
Applying bleed effect! Checking special code
Applying bleed effect! Checking special code
Applying bleed effect! Checking special code
Applying bleed effect! Checking special code
[ 218/300 ] LOSS   20 turns   allmight, uraraka, lucy  vs  king, aiohto, gon
Applying bleed effect! Checking special code
Applying bleed effect! Checking special code
Applying bleed effect! Checking special code
Applying bleed effect! Checking special code
Applying bleed effect! Checking special code
Applying bleed effect! Checking special code
Applying bleed effect! Checking special code
[ 219/300 ] LOSS   18 turns   allmight, ryuko, muichiro  vs  rob, tsubaki, rakko
[ 220/300 ] LOSS   13 turns   allmight, ichigo, blackstar  vs  uraraka, ganta, satsuki
Applying bleed effect! Checking special code
Applying bleed effect! Checking special code
Applying bleed effect! Checking special code
Applying bleed effect! Checking special code
Applying bleed effect! Checking special code
Applying bleed effect! Checking special code
Applying bleed effect! Checking special code
[ 221/300 ] LOSS   22 turns   allmight, vegeta, pegasus  vs  rakko, ace, aiohto
[ 222/300 ] WIN    28 turns   allmight, asta, bakugo  vs  squalo, toga, gojo
[ 223/300 ] LOSS   17 turns   allmight, kid, blackwargreymon  vs  asta, kitara, myotismon
[ 224/300 ] WIN    23 turns   allmight, lyserg, semiramis  vs  cell, machinedramon, killua
Yubel's S1 Triggered!
[ 225/300 ] LOSS   22 turns   allmight, meliodas, orihime  vs  noelle, yubel, seventeen
[ 226/300 ] WIN    19 turns   allmight, yuno, madoka  vs  toga, zenitsu, satsuki
Applying bleed effect! Checking special code
Applying bleed effect! Checking special code
[ 227/300 ] WIN    22 turns   allmight, edward, kuroko  vs  rakko, nezuko, saitama
[ 228/300 ] WIN    30 turns   allmight, tokoyami, inuyasha  vs  itachi, maka, nagisa
[ 229/300 ] WIN    21 turns   allmight, mars, zenitsu  vs  semiramis, sakura, jesse
[ 230/300 ] WIN    18 turns   allmight, gunha, satsuki  vs  meliodas, sayaka, jupiter
[ 231/300 ] WIN    25 turns   allmight, cell, luffy  vs  tsubasa, semiramis, ryohei
Applying bleed effect! Checking special code
Applying bleed effect! Checking special code
Applying bleed effect! Checking special code
[ 232/300 ] LOSS   27 turns   allmight, denji, minene  vs  omnimon, erza, yugi
[ 233/300 ] WIN    21 turns   allmight, kid, shinra  vs  emiya, nobara, yugi
Applying bleed effect! Checking special code
Applying bleed effect! Checking special code
Applying bleed effect! Checking special code
Applying bleed effect! Checking special code
[ 234/300 ] LOSS   41 turns   allmight, aang, ken  vs  ichibe, marco, squalo
[ 235/300 ] LOSS   17 turns   allmight, mash, korra  vs  lizandpatty, koro, mavis
[ 236/300 ] WIN    12 turns   allmight, seventeen, shinra  vs  hibari, bakugo, hawkmon
Applying bleed effect! Checking special code
[ 237/300 ] LOSS   20 turns   allmight, ban, king  vs  gohan, death, itachi
[ 238/300 ] WIN    17 turns   allmight, jack, itachi  vs  emiya, levi, yubel
[ 239/300 ] LOSS   23 turns   allmight, luffy, ganta  vs  diane, toji, renamon
[ 240/300 ] WIN    36 turns   allmight, zenitsu, nezuko  vs  gasai, pegasus, goku
[ 241/300 ] WIN    15 turns   allmight, saturn, toga  vs  halibel, saitama, yugi
[ 242/300 ] WIN    25 turns   allmight, naruto, alphonse  vs  yuno, nonon, tatsumi
[ 243/300 ] LOSS   18 turns   allmight, soul, tanjiro  vs  muichiro, sasuke, asta
[ 244/300 ] LOSS   28 turns   allmight, muichiro, mercury  vs  chrome, nobara, minene
Applying bleed effect! Checking special code
Applying bleed effect! Checking special code
Applying bleed effect! Checking special code
[ 245/300 ] WIN    44 turns   allmight, diane, itachi  vs  jeanne, gojo, squalo
Applying bleed effect! Checking special code
Applying bleed effect! Checking special code
[ 246/300 ] LOSS   31 turns   allmight, saber, king  vs  chrome, zoro, luffy
Applying bleed effect! Checking special code
Applying bleed effect! Checking special code
Applying bleed effect! Checking special code
Applying bleed effect! Checking special code
Applying bleed effect! Checking special code
Applying bleed effect! Checking special code
Applying bleed effect! Checking special code
[ 247/300 ] LOSS   24 turns   allmight, sasuke, inosuke  vs  denji, jesse, vegeta
Applying bleed effect! Checking special code
Applying bleed effect! Checking special code
[ 248/300 ] LOSS   13 turns   allmight, rakko, rimuru  vs  kurapika, uzui, astolfo
[ 249/300 ] LOSS   17 turns   allmight, mami, killua  vs  rimuru, gallantmon, omnimon
Applying bleed effect! Checking special code
Applying bleed effect! Checking special code
Applying bleed effect! Checking special code
Applying bleed effect! Checking special code
Applying bleed effect! Checking special code
Applying bleed effect! Checking special code
Applying bleed effect! Checking special code
[ 250/300 ] LOSS   23 turns   allmight, chrome, vegeta  vs  ken, myotismon, ryohei
[ 251/300 ] WIN    16 turns   allmight, nobara, yuji  vs  erza, semiramis, mami
[ 252/300 ] WIN    23 turns   allmight, sheele, yuji  vs  tsuyu, renamon, crona
[ 253/300 ] WIN    25 turns   allmight, ban, uzui  vs  impmon, tsunayoshi, semiramis
[ 254/300 ] WIN    32 turns   allmight, genos, kurapika  vs  asta, nobara, kuroko
Applying bleed effect! Checking special code
Applying bleed effect! Checking special code
Applying bleed effect! Checking special code
Applying bleed effect! Checking special code
Applying bleed effect! Checking special code
Applying bleed effect! Checking special code
[ 255/300 ] WIN    27 turns   allmight, broly, kitara  vs  semiramis, toga, king
Applying bleed effect! Checking special code
Yubel's S1 Triggered!
Applying bleed effect! Checking special code
Applying bleed effect! Checking special code
Applying bleed effect! Checking special code
Applying bleed effect! Checking special code
Applying bleed effect! Checking special code
Applying bleed effect! Checking special code
Applying bleed effect! Checking special code
Applying bleed effect! Checking special code
[ 256/300 ] LOSS   18 turns   allmight, tamaki, king  vs  lizandpatty, yubel, tsunayoshi
[ 257/300 ] LOSS   14 turns   allmight, gojo, yuji  vs  nimaiya, genos, itachi
[ 258/300 ] LOSS   14 turns   allmight, tsunayoshi, ganta  vs  hisoka, nonon, nel
[ 259/300 ] LOSS   13 turns   allmight, xanxus, tatsumi  vs  naruto, semiramis, seventeen
[ 260/300 ] LOSS   15 turns   allmight, semiramis, kid  vs  gohan, natsu, yamamoto
[ 261/300 ] LOSS   21 turns   allmight, gohan, xanxus  vs  toga, astolfo, squalo
[ 262/300 ] WIN    14 turns   allmight, esdeath, jupiter  vs  maka, yubel, nezuko
Applying bleed effect! Checking special code
[ 263/300 ] LOSS   19 turns   allmight, diane, asta  vs  yuno, cell, shinoa
[ 264/300 ] LOSS   14 turns   allmight, cooler, lucy  vs  seventeen, uraraka, megumin
Applying bleed effect! Checking special code
Applying bleed effect! Checking special code
Applying bleed effect! Checking special code
Applying bleed effect! Checking special code
Applying bleed effect! Checking special code
Applying bleed effect! Checking special code
[ 265/300 ] LOSS   30 turns   allmight, ken, jeanne  vs  kurotsuchi, impmon, ban
[ 266/300 ] LOSS   20 turns   allmight, rob, maka  vs  tamaki, nonon, tatsumaki
[ 267/300 ] LOSS   26 turns   allmight, ace, tsubasa  vs  orihime, byakuya, jesse
[ 268/300 ] LOSS   18 turns   allmight, goku, gon  vs  ace, blackwargreymon, lizandpatty
Applying bleed effect! Checking special code
Applying bleed effect! Checking special code
Applying bleed effect! Checking special code
Applying bleed effect! Checking special code
[ 269/300 ] LOSS   17 turns   allmight, itachi, toph  vs  renamon, toga, rakko
[ 270/300 ] LOSS   14 turns   allmight, todoroki, myotismon  vs  omnimon, maka, adam
[ 271/300 ] LOSS   26 turns   allmight, minene, gojo  vs  nonon, gallantmon, aiohto
[ 272/300 ] LOSS   19 turns   allmight, yamamoto, venus  vs  megumin, madoka, kuroko
[ 273/300 ] LOSS   15 turns   allmight, xanxus, shokuhou  vs  eren, uranus, yubel
[ 274/300 ] WIN    24 turns   allmight, ryohei, boruto  vs  toudou, chrome, inuyasha
[ 275/300 ] LOSS   14 turns   allmight, jeanne, yuno  vs  veldora, zoro, yugi
[ 276/300 ] LOSS   16 turns   allmight, rob, todoroki  vs  orihime, ganta, neferpitou
[ 277/300 ] LOSS   20 turns   allmight, aiohto, machinedramon  vs  sayaka, yuno, megumin
[ 278/300 ] LOSS   27 turns   allmight, lizandpatty, edward  vs  squalo, omnimon, crona
[ 279/300 ] WIN    21 turns   allmight, jack, machinedramon  vs  tamaki, nezuko, jinwoo
[ 280/300 ] WIN    21 turns   allmight, luffy, jaden  vs  blackstar, erza, nobara
Yubel's S1 Triggered!
Yubel's S1 Triggered!
Yubel's S1 Triggered!
[ 281/300 ] WIN    19 turns   allmight, edward, soul  vs  tsuyu, yubel, eren
[ 282/300 ] LOSS   17 turns   allmight, gatomon, kid  vs  astolfo, tsubaki, ban
[ 283/300 ] LOSS   15 turns   allmight, cooler, yugi  vs  gallantmon, adam, nimaiya
[ 284/300 ] LOSS   20 turns   allmight, mars, gray  vs  toudou, kurotsuchi, saber
[ 285/300 ] WIN    31 turns   allmight, jaden, horohoro  vs  sheele, asta, gohan
Applying bleed effect! Checking special code
Applying bleed effect! Checking special code
Applying bleed effect! Checking special code
Applying bleed effect! Checking special code
Applying bleed effect! Checking special code
Applying bleed effect! Checking special code
[ 286/300 ] LOSS   25 turns   allmight, power, naruto  vs  erza, omnimon, rakko
[ 287/300 ] LOSS   27 turns   allmight, killua, rimuru  vs  saitama, yuno, horohoro
[ 288/300 ] WIN    25 turns   allmight, gilgamesh, uraraka  vs  muichiro, yoh, tsubasa
[ 289/300 ] WIN    25 turns   allmight, tatsumi, rimuru  vs  horohoro, gray, yuji
[ 290/300 ] LOSS   30 turns   allmight, jesse, misaka  vs  renamon, yugi, mars
[ 291/300 ] LOSS   22 turns   allmight, hawkmon, goku  vs  megumin, nezuko, myotismon
[ 292/300 ] LOSS   13 turns   allmight, genos, megumi  vs  death, mami, uranus
[ 293/300 ] LOSS   14 turns   allmight, shinoa, kitara  vs  lyserg, machinedramon, yuji
Applying bleed effect! Checking special code
Applying bleed effect! Checking special code
[ 294/300 ] WIN    32 turns   allmight, denji, ryohei  vs  natsu, machinedramon, tatsumaki
[ 295/300 ] LOSS   19 turns   allmight, uraraka, myotismon  vs  nagisa, sukuna, adam
[ 296/300 ] LOSS   18 turns   allmight, rimuru, halibel  vs  kuroko, yamamoto, yuji
[ 297/300 ] LOSS   20 turns   allmight, toji, ryohei  vs  ichigo, seventeen, yamamoto
[ 298/300 ] LOSS   25 turns   allmight, tsubasa, blackwargreymon  vs  death, jaden, adam
Yubel's S1 Triggered!
Yubel's S1 Triggered!
Yubel's S1 Triggered!
[ 299/300 ] WIN    20 turns   allmight, sakura, nagisa  vs  astolfo, emiyaarcher, yubel
[ 300/300 ] WIN    19 turns   allmight, aang, natsu  vs  korra, ganta, megumi
=== TRAINER RUN COMPLETE ===
Matches: 300   W: 98   L: 201   D: 1   Win: 32.7%   (opponent: v3:focused_current.json  [EVAL])
