Godot Engine v4.6.2.stable.official.71f334935 - https://godotengine.org

[trainer] seed=61001 matches=700 opponent=self eval=false out=res://training/checkpoints/focus_aiohto/w1.json checkpoint=res://training/checkpoints/focused_current.json
[authored] loaded 1 authored character(s)
[   1/700 ] LOSS   16 turns   aiohto, ace, tatsumaki  vs  nel, madoka, hinata
Applying bleed effect! Checking special code
Applying bleed effect! Checking special code
Applying bleed effect! Checking special code
[   2/700 ] WIN    15 turns   aiohto, gohan, gon  vs  rengoku, ladydevimon, jaden
[   3/700 ] WIN    42 turns   aiohto, saitama, orihime  vs  megumin, nezuko, myotismon
[   4/700 ] WIN    18 turns   aiohto, ladydevimon, renamon  vs  blackstar, gasai, edward
[   5/700 ] LOSS   18 turns   aiohto, shinra, akame  vs  ryohei, gallantmon, jupiter
Applying bleed effect! Checking special code
[   6/700 ] WIN    31 turns   aiohto, rimuru, tsubasa  vs  power, toph, seventeen
[   7/700 ] WIN    24 turns   aiohto, marco, jack  vs  tokoyami, ryuko, semiramis
[   8/700 ] WIN    21 turns   aiohto, omnimon, mami  vs  tatsumaki, todoroki, gatomon
[   9/700 ] WIN    28 turns   aiohto, shinoa, ryohei  vs  mikasa, emiya, tsunayoshi
[  10/700 ] WIN    21 turns   aiohto, gasai, soul  vs  blackstar, zoro, rimuru
[  11/700 ] WIN    20 turns   aiohto, yugi, koro  vs  sakura, gogeta, allmight
[  12/700 ] WIN    31 turns   aiohto, kaiba, tsubasa  vs  misaka, broly, levi
[  13/700 ] DRAW  500 turns   aiohto, jesse, natsu  vs  impmon, orihime, saturn
[  14/700 ] WIN    21 turns   aiohto, kaiba, renamon  vs  zenitsu, tokoyami, ichigo
[  15/700 ] LOSS   27 turns   aiohto, akame, tsuyu  vs  renamon, ace, tokoyami
[  16/700 ] LOSS   23 turns   aiohto, goku, omnimon  vs  satsuki, gojo, korra
[  17/700 ] WIN    20 turns   aiohto, astolfo, horohoro  vs  gilgamesh, koro, tsuyu
[  18/700 ] WIN    23 turns   aiohto, alphamon, yamamoto  vs  renamon, hawkmon, halibel
[  19/700 ] LOSS   16 turns   aiohto, minene, zenitsu  vs  toga, madoka, tamaki
[  20/700 ] WIN    31 turns   aiohto, frieren, yoh  vs  lyserg, kid, nobara
Applying bleed effect! Checking special code
[  21/700 ] WIN    21 turns   aiohto, rengoku, satsuki  vs  shinoa, mars, gatomon
[  22/700 ] WIN    26 turns   aiohto, megumin, omnimon  vs  hisoka, hibari, bakugo
[  23/700 ] LOSS   17 turns   aiohto, akame, arthur  vs  hibari, luffy, tsubasa
[  24/700 ] LOSS   21 turns   aiohto, hinata, mine  vs  esdeath, blackstar, chrome
[  25/700 ] WIN    16 turns   aiohto, mami, astolfo  vs  tsubasa, frankenstein, koro
[  26/700 ] WIN    18 turns   aiohto, nezuko, lizandpatty  vs  cooler, minene, rimuru
[  27/700 ] LOSS   27 turns   aiohto, toph, zoro  vs  toudou, gohan, vegeta
Applying bleed effect! Checking special code
[  28/700 ] LOSS   26 turns   aiohto, blackstar, ganta  vs  inosuke, boruto, jaden
[  29/700 ] WIN    16 turns   aiohto, lizandpatty, nezuko  vs  luffy, muichiro, levi
[  30/700 ] WIN    16 turns   aiohto, hinata, pegasus  vs  mami, nonon, goku
[  31/700 ] WIN    35 turns   aiohto, akame, impmon  vs  myotismon, yuno, hawkmon
Applying bleed effect! Checking special code
[  32/700 ] LOSS   40 turns   aiohto, jupiter, allmight  vs  toph, diane, megumi
[  33/700 ] WIN    19 turns   aiohto, rob, goku  vs  sukuna, tatsumaki, semiramis
[  34/700 ] LOSS   22 turns   aiohto, blackwargreymon, death  vs  gohan, sukuna, ban
[  35/700 ] LOSS   41 turns   aiohto, mavis, nobara  vs  yamamoto, allmight, alphamon
[  36/700 ] WIN    21 turns   aiohto, vegeta, nimaiya  vs  toga, ladydevimon, itachi
[  37/700 ] LOSS   19 turns   aiohto, rob, omnimon  vs  gilgamesh, seventeen, myotismon
Applying bleed effect! Checking special code
[  38/700 ] LOSS   28 turns   aiohto, denji, sheele  vs  koro, erza, arthur
[  39/700 ] WIN    16 turns   aiohto, halibel, zenitsu  vs  yubel, cooler, genos
[  40/700 ] WIN    16 turns   aiohto, nimaiya, lucy  vs  renamon, goku, alphonse
[  41/700 ] WIN    45 turns   aiohto, mavis, arthur  vs  itachi, ganta, uranus
[  42/700 ] WIN    13 turns   aiohto, kid, nagisa  vs  tsubaki, shokuhou, gilgamesh
[  43/700 ] WIN    15 turns   aiohto, tatsumi, sayaka  vs  asta, madoka, yuno
[  44/700 ] LOSS   13 turns   aiohto, yoh, venus  vs  jaden, mash, meliodas
Applying bleed effect! Checking special code
Applying bleed effect! Checking special code
Applying bleed effect! Checking special code
Applying bleed effect! Checking special code
[  45/700 ] WIN    16 turns   aiohto, tanjiro, jack  vs  kurapika, saber, ken
[  46/700 ] WIN    50 turns   aiohto, yuno, esdeath  vs  kurapika, halibel, marco
[  47/700 ] LOSS   45 turns   aiohto, frankenstein, uraraka  vs  megumin, diane, frieren
[  48/700 ] WIN    18 turns   aiohto, luffy, neferpitou  vs  jack, frieren, noelle
Applying bleed effect! Checking special code
Applying bleed effect! Checking special code
Applying bleed effect! Checking special code
[  49/700 ] WIN    15 turns   aiohto, tanjiro, power  vs  nobara, squalo, machinedramon
[  50/700 ] WIN    14 turns   aiohto, soul, bakugo  vs  toji, shiro, lizandpatty
[  51/700 ] WIN    19 turns   aiohto, kurotsuchi, nezuko  vs  squalo, mami, hibari
[  52/700 ] LOSS   24 turns   aiohto, tsunayoshi, levi  vs  allmight, byakuya, minene
[  53/700 ] WIN    17 turns   aiohto, toji, touka  vs  hawkmon, yugi, gasai
Applying bleed effect! Checking special code
[  54/700 ] WIN    17 turns   aiohto, yubel, toji  vs  kid, diane, emiya
[  55/700 ] LOSS   19 turns   aiohto, denji, yuji  vs  shinra, koro, death
Applying bleed effect! Checking special code
[  56/700 ] WIN    23 turns   aiohto, ladydevimon, ichigo  vs  misaka, power, akame
[  57/700 ] LOSS   20 turns   aiohto, shinoa, ryuko  vs  gilgamesh, gray, cell
[  58/700 ] WIN    21 turns   aiohto, mercury, tokoyami  vs  yuji, aang, yugi
[  59/700 ] WIN    20 turns   aiohto, gohan, alphonse  vs  alphamon, jeanne, jaden
[  60/700 ] WIN    19 turns   aiohto, ganta, inuyasha  vs  adam, sakura, gon
[  61/700 ] WIN    42 turns   aiohto, nagisa, soul  vs  orihime, misaka, tsubaki
Applying bleed effect! Checking special code
[  62/700 ] WIN    24 turns   aiohto, rengoku, ganta  vs  nobara, naruto, itachi
[  63/700 ] LOSS   19 turns   aiohto, soul, tsubaki  vs  esdeath, cell, saturn
Applying bleed effect! Checking special code
Applying bleed effect! Checking special code
Applying bleed effect! Checking special code
[  64/700 ] LOSS   18 turns   aiohto, nimaiya, genos  vs  ken, machinedramon, ichigo
Applying bleed effect! Checking special code
Applying bleed effect! Checking special code
Applying bleed effect! Checking special code
Applying bleed effect! Checking special code
Applying bleed effect! Checking special code
Applying bleed effect! Checking special code
Applying bleed effect! Checking special code
Applying bleed effect! Checking special code
Applying bleed effect! Checking special code
[  65/700 ] LOSS   25 turns   aiohto, zoro, inuyasha  vs  power, king, meliodas
Applying bleed effect! Checking special code
Applying bleed effect! Checking special code
Applying bleed effect! Checking special code
Applying bleed effect! Checking special code
[  66/700 ] WIN    19 turns   aiohto, power, muichiro  vs  tsubaki, jeanne, blackwargreymon
[  67/700 ] LOSS   29 turns   aiohto, halibel, edward  vs  mash, misaka, denji
[  68/700 ] LOSS   23 turns   aiohto, misaka, gasai  vs  neferpitou, tokoyami, naruto
[  69/700 ] WIN    25 turns   aiohto, xanxus, kurapika  vs  nobara, tanjiro, uranus
[  70/700 ] WIN    12 turns   aiohto, kuroko, mavis  vs  arthur, megumin, uranus
[  71/700 ] LOSS   15 turns   aiohto, hisoka, luffy  vs  venus, mavis, hinata
[  72/700 ] LOSS   25 turns   aiohto, itachi, jeanne  vs  jupiter, lizandpatty, yamamoto
Applying bleed effect! Checking special code
[  73/700 ] WIN    14 turns   aiohto, crona, gilgamesh  vs  maka, king, alphonse
[  74/700 ] WIN    17 turns   aiohto, eren, shiro  vs  goku, sukuna, inuyasha
[  75/700 ] LOSS   15 turns   aiohto, goku, alphamon  vs  bakugo, usopp, yuno
[  76/700 ] WIN    17 turns   aiohto, genos, gogeta  vs  sakura, death, jesse
[  77/700 ] WIN    23 turns   aiohto, jinwoo, yuji  vs  seventeen, rimuru, luffy
Applying bleed effect! Checking special code
[  78/700 ] WIN    20 turns   aiohto, seventeen, astolfo  vs  denji, alphonse, mash
[  79/700 ] LOSS   18 turns   aiohto, myotismon, jeanne  vs  tatsumaki, soul, neferpitou
Applying bleed effect! Checking special code
Applying bleed effect! Checking special code
Applying bleed effect! Checking special code
Applying bleed effect! Checking special code
Applying bleed effect! Checking special code
Applying bleed effect! Checking special code
[  80/700 ] LOSS   20 turns   aiohto, king, nagisa  vs  esdeath, hibari, inosuke
Applying bleed effect! Checking special code
[  81/700 ] LOSS   25 turns   aiohto, hisoka, diane  vs  kuroko, astolfo, ladydevimon
[  82/700 ] WIN    24 turns   aiohto, zenitsu, uraraka  vs  nezuko, boruto, koro
[  83/700 ] WIN    20 turns   aiohto, ace, touka  vs  megumi, adam, zoro
[  84/700 ] WIN    26 turns   aiohto, cell, shinoa  vs  nel, squalo, kuroko
[  85/700 ] WIN    15 turns   aiohto, gray, tsuyu  vs  hibari, halibel, ban
[  86/700 ] LOSS   32 turns   aiohto, saitama, yubel  vs  arthur, ace, blackstar
[  87/700 ] WIN    13 turns   aiohto, madoka, nagisa  vs  kid, broly, gilgamesh
[  88/700 ] WIN    15 turns   aiohto, hawkmon, asta  vs  saturn, vegeta, nobara
[  89/700 ] LOSS   23 turns   aiohto, alphonse, impmon  vs  ryohei, muichiro, toph
Applying bleed effect! Checking special code
Applying bleed effect! Checking special code
Applying bleed effect! Checking special code
[  90/700 ] WIN    14 turns   aiohto, nimaiya, megumi  vs  inosuke, gohan, gilgamesh
[  91/700 ] WIN    13 turns   aiohto, ichibe, ladydevimon  vs  semiramis, ichigo, hinata
[  92/700 ] LOSS   23 turns   aiohto, omnimon, veldora  vs  nezuko, chrome, seventeen
[  93/700 ] WIN    23 turns   aiohto, minene, ryohei  vs  sukuna, yamamoto, adam
[  94/700 ] LOSS   22 turns   aiohto, asta, jeanne  vs  nonon, noelle, gallantmon
[  95/700 ] WIN    24 turns   aiohto, machinedramon, arthur  vs  luffy, myotismon, yubel
Applying bleed effect! Checking special code
Applying bleed effect! Checking special code
[  96/700 ] LOSS   17 turns   aiohto, rakko, cooler  vs  nagisa, shinra, sheele
[  97/700 ] WIN    20 turns   aiohto, mash, megumin  vs  emiyaarcher, minene, byakuya
[  98/700 ] WIN    19 turns   aiohto, sayaka, nagisa  vs  inuyasha, venus, edward
[  99/700 ] WIN    23 turns   aiohto, rimuru, shinoa  vs  gunha, mami, myotismon
[ 100/700 ] WIN    32 turns   aiohto, omnimon, minene  vs  hashirama, kitara, satsuki
[ 101/700 ] LOSS   17 turns   aiohto, mami, natsu  vs  yamamoto, frieren, rimuru
Applying bleed effect! Checking special code
Applying bleed effect! Checking special code
[ 102/700 ] LOSS   17 turns   aiohto, nezuko, power  vs  eren, toji, aang
[ 103/700 ] WIN    24 turns   aiohto, ichigo, ryohei  vs  kaiba, jeanne, todoroki
[ 104/700 ] WIN    22 turns   aiohto, naruto, cooler  vs  arthur, tokoyami, touka
Applying bleed effect! Checking special code
[ 105/700 ] LOSS   21 turns   aiohto, natsu, inosuke  vs  ichigo, myotismon, denji
[ 106/700 ] WIN    27 turns   aiohto, yuji, kid  vs  horohoro, sukuna, luffy
[ 107/700 ] WIN    26 turns   aiohto, inuyasha, toudou  vs  yubel, tatsumi, myotismon
[ 108/700 ] LOSS   28 turns   aiohto, misaka, gallantmon  vs  uraraka, naruto, bakugo
[ 109/700 ] WIN    10 turns   aiohto, madoka, nonon  vs  jack, usopp, yuno
Applying bleed effect! Checking special code
Applying bleed effect! Checking special code
Applying bleed effect! Checking special code
[ 110/700 ] WIN    27 turns   aiohto, shinoa, pegasus  vs  tsuyu, king, ban
[ 111/700 ] WIN    24 turns   aiohto, hashirama, lyserg  vs  neferpitou, edward, gallantmon
Applying bleed effect! Checking special code
Applying bleed effect! Checking special code
[ 112/700 ] WIN    21 turns   aiohto, rakko, rengoku  vs  impmon, yamamoto, emiyaarcher
[ 113/700 ] WIN    21 turns   aiohto, eren, aang  vs  machinedramon, nagisa, jupiter
[ 114/700 ] LOSS   34 turns   aiohto, cell, crona  vs  naruto, ichigo, yuno
Applying bleed effect! Checking special code
Applying bleed effect! Checking special code
[ 115/700 ] LOSS   25 turns   aiohto, denji, broly  vs  inosuke, alphonse, bakugo
[ 116/700 ] WIN    30 turns   aiohto, saturn, lizandpatty  vs  marco, eren, yubel
[ 117/700 ] WIN    20 turns   aiohto, hisoka, noelle  vs  tsuyu, rimuru, yamamoto
[ 118/700 ] WIN    23 turns   aiohto, muichiro, jinwoo  vs  zenitsu, ichigo, mash
Applying bleed effect! Checking special code
Applying bleed effect! Checking special code
[ 119/700 ] WIN    22 turns   aiohto, saturn, goku  vs  shinra, inuyasha, power
Applying bleed effect! Checking special code
Applying bleed effect! Checking special code
Applying bleed effect! Checking special code
Applying bleed effect! Checking special code
[ 120/700 ] LOSS   33 turns   aiohto, king, jupiter  vs  lyserg, uraraka, misaka
Applying bleed effect! Checking special code
Applying bleed effect! Checking special code
Applying bleed effect! Checking special code
Applying bleed effect! Checking special code
[ 121/700 ] LOSS   28 turns   aiohto, tsubaki, squalo  vs  cooler, hibari, king
[ 122/700 ] WIN    14 turns   aiohto, hawkmon, mavis  vs  shiro, jupiter, orihime
[ 123/700 ] WIN    29 turns   aiohto, arthur, madoka  vs  yuji, ichigo, erza
Applying bleed effect! Checking special code
Applying bleed effect! Checking special code
Applying bleed effect! Checking special code
[ 124/700 ] WIN    34 turns   aiohto, denji, blackstar  vs  naruto, impmon, natsu
[ 125/700 ] LOSS   17 turns   aiohto, soul, jinwoo  vs  yuji, cell, vegeta
[ 126/700 ] LOSS   20 turns   aiohto, jeanne, boruto  vs  adam, aang, kitara
[ 127/700 ] WIN    20 turns   aiohto, ryohei, lizandpatty  vs  bakugo, byakuya, tamaki
[ 128/700 ] WIN    24 turns   aiohto, tamaki, sakura  vs  ace, gon, rengoku
[ 129/700 ] WIN    15 turns   aiohto, hinata, mavis  vs  gatomon, sakura, rob
[ 130/700 ] WIN    18 turns   aiohto, aang, touka  vs  luffy, emiyaarcher, jeanne
Applying bleed effect! Checking special code
Applying bleed effect! Checking special code
Applying bleed effect! Checking special code
Applying bleed effect! Checking special code
Applying bleed effect! Checking special code
[ 131/700 ] LOSS   22 turns   aiohto, xanxus, horohoro  vs  ryohei, power, ken
[ 132/700 ] WIN    30 turns   aiohto, ryuko, halibel  vs  gon, ban, crona
[ 133/700 ] LOSS   35 turns   aiohto, renamon, akame  vs  saber, marco, inuyasha
[ 134/700 ] LOSS   22 turns   aiohto, toji, ace  vs  gunha, zoro, touka
[ 135/700 ] LOSS   25 turns   aiohto, jinwoo, koro  vs  yugi, tamaki, hisoka
[ 136/700 ] WIN    37 turns   aiohto, gunha, saturn  vs  asta, mars, tatsumi
[ 137/700 ] LOSS   20 turns   aiohto, jack, megumi  vs  jinwoo, mash, mercury
[ 138/700 ] LOSS   14 turns   aiohto, gogeta, ban  vs  cell, asta, toji
[ 139/700 ] WIN    24 turns   aiohto, neferpitou, zoro  vs  shinoa, arthur, rimuru
[ 140/700 ] WIN    18 turns   aiohto, tamaki, killua  vs  sukuna, edward, horohoro
[ 141/700 ] LOSS   24 turns   aiohto, akame, gallantmon  vs  mercury, tsuyu, nagisa
[ 142/700 ] WIN    21 turns   aiohto, ichibe, nagisa  vs  hawkmon, uraraka, sheele
[ 143/700 ] WIN    20 turns   aiohto, lyserg, shinra  vs  megumi, gunha, astolfo
[ 144/700 ] WIN    27 turns   aiohto, hisoka, tsunayoshi  vs  toji, lucy, naruto
[ 145/700 ] LOSS   26 turns   aiohto, muichiro, kuroko  vs  yugi, saber, kid
[ 146/700 ] LOSS   13 turns   aiohto, machinedramon, cooler  vs  mavis, todoroki, gogeta
[ 147/700 ] LOSS   20 turns   aiohto, xanxus, yoh  vs  emiya, gilgamesh, halibel
[ 148/700 ] WIN    21 turns   aiohto, sakura, kurotsuchi  vs  toji, soul, megumin
[ 149/700 ] WIN    37 turns   aiohto, tsuyu, venus  vs  jesse, arthur, korra
[ 150/700 ] WIN    19 turns   aiohto, sayaka, broly  vs  shiro, todoroki, xanxus
[ 151/700 ] WIN    22 turns   aiohto, myotismon, gunha  vs  toga, ichigo, kuroko
[ 152/700 ] LOSS   16 turns   aiohto, machinedramon, ban  vs  neferpitou, yuno, cooler
[ 153/700 ] WIN    17 turns   aiohto, diane, sayaka  vs  zoro, esdeath, blackwargreymon
[ 154/700 ] LOSS   30 turns   aiohto, gojo, koro  vs  emiyaarcher, lizandpatty, kaiba
[ 155/700 ] WIN    22 turns   aiohto, muichiro, yuno  vs  gogeta, lizandpatty, kuroko
[ 156/700 ] WIN    19 turns   aiohto, nel, neferpitou  vs  yoh, zenitsu, levi
[ 157/700 ] LOSS   39 turns   aiohto, luffy, frankenstein  vs  nonon, gon, gogeta
[ 158/700 ] LOSS   21 turns   aiohto, akame, maka  vs  semiramis, mikasa, shinoa
[ 159/700 ] WIN    25 turns   aiohto, nel, touka  vs  genos, rob, arthur
Applying bleed effect! Checking special code
Applying bleed effect! Checking special code
[ 160/700 ] LOSS   23 turns   aiohto, lizandpatty, pegasus  vs  natsu, rakko, kurapika
[ 161/700 ] LOSS   21 turns   aiohto, luffy, gunha  vs  gohan, ganta, broly
[ 162/700 ] WIN    29 turns   aiohto, uzui, arthur  vs  edward, death, sakura
[ 163/700 ] LOSS   13 turns   aiohto, death, lyserg  vs  bakugo, rimuru, lizandpatty
[ 164/700 ] WIN    28 turns   aiohto, tokoyami, tsubasa  vs  broly, misaka, hibari
[ 165/700 ] WIN    19 turns   aiohto, venus, crona  vs  mash, blackstar, inuyasha
[ 166/700 ] LOSS   22 turns   aiohto, bakugo, sakura  vs  hisoka, nel, noelle
[ 167/700 ] WIN    22 turns   aiohto, goku, inuyasha  vs  blackstar, yamamoto, kaiba
[ 168/700 ] WIN    17 turns   aiohto, soul, myotismon  vs  genos, jeanne, hinata
[ 169/700 ] LOSS   17 turns   aiohto, gasai, shinra  vs  mavis, veldora, gallantmon
Applying bleed effect! Checking special code
[ 170/700 ] LOSS   20 turns   aiohto, eren, rakko  vs  esdeath, ban, meliodas
[ 171/700 ] LOSS   30 turns   aiohto, sasuke, lyserg  vs  broly, adam, sakura
[ 172/700 ] WIN    27 turns   aiohto, hibari, lucy  vs  toph, ganta, shinra
Applying bleed effect! Checking special code
Applying bleed effect! Checking special code
Applying bleed effect! Checking special code
Applying bleed effect! Checking special code
Applying bleed effect! Checking special code
[ 173/700 ] WIN    27 turns   aiohto, touka, ken  vs  nonon, inuyasha, denji
Applying bleed effect! Checking special code
[ 174/700 ] WIN    15 turns   aiohto, semiramis, mavis  vs  rakko, asta, toga
[ 175/700 ] WIN    18 turns   aiohto, jack, natsu  vs  jupiter, gon, squalo
Yubel's S1 Triggered!
[ 176/700 ] WIN    20 turns   aiohto, seventeen, gatomon  vs  mikasa, frieren, yubel
[ 177/700 ] LOSS   20 turns   aiohto, gallantmon, kuroko  vs  marco, yugi, goku
[ 178/700 ] WIN    23 turns   aiohto, yamamoto, kurotsuchi  vs  lizandpatty, zenitsu, nezuko
[ 179/700 ] LOSS   16 turns   aiohto, bakugo, lucy  vs  cooler, gray, ryohei
Applying bleed effect! Checking special code
Applying bleed effect! Checking special code
Applying bleed effect! Checking special code
[ 180/700 ] WIN    26 turns   aiohto, rengoku, xanxus  vs  adam, midoriya, yubel
[ 181/700 ] LOSS   25 turns   aiohto, yubel, shiro  vs  gasai, veldora, chrome
[ 182/700 ] LOSS   27 turns   aiohto, gilgamesh, jeanne  vs  cell, mavis, mars
Applying bleed effect! Checking special code
Applying bleed effect! Checking special code
Applying bleed effect! Checking special code
Applying bleed effect! Checking special code
Applying bleed effect! Checking special code
Applying bleed effect! Checking special code
[ 183/700 ] WIN    25 turns   aiohto, meliodas, broly  vs  blackwargreymon, king, madoka
Applying bleed effect! Checking special code
Applying bleed effect! Checking special code
Applying bleed effect! Checking special code
Applying bleed effect! Checking special code
[ 184/700 ] WIN    14 turns   aiohto, rakko, tokoyami  vs  megumin, lucy, tsubasa
[ 185/700 ] LOSS   14 turns   aiohto, soul, uranus  vs  venus, touka, sukuna
Applying bleed effect! Checking special code
Applying bleed effect! Checking special code
Applying bleed effect! Checking special code
Applying bleed effect! Checking special code
Applying bleed effect! Checking special code
[ 186/700 ] LOSS   18 turns   aiohto, emiyaarcher, shokuhou  vs  inosuke, allmight, death
Applying bleed effect! Checking special code
Applying bleed effect! Checking special code
[ 187/700 ] WIN    20 turns   aiohto, yuji, cooler  vs  sayaka, nonon, denji
Applying bleed effect! Checking special code
Applying bleed effect! Checking special code
Applying bleed effect! Checking special code
Applying bleed effect! Checking special code
Applying bleed effect! Checking special code
Applying bleed effect! Checking special code
Applying bleed effect! Checking special code
[ 188/700 ] LOSS   43 turns   aiohto, nimaiya, king  vs  itachi, rengoku, venus
[ 189/700 ] WIN    21 turns   aiohto, meliodas, myotismon  vs  levi, tatsumi, jeanne
Yubel's S1 Triggered!
[ 190/700 ] LOSS   22 turns   aiohto, yubel, gasai  vs  megumin, astolfo, tsunayoshi
[ 191/700 ] WIN    25 turns   aiohto, gojo, saturn  vs  veldora, emiya, goku
[ 192/700 ] WIN    30 turns   aiohto, inuyasha, tsubaki  vs  goku, gallantmon, shinra
[ 193/700 ] WIN    25 turns   aiohto, aang, ban  vs  orihime, myotismon, toph
[ 194/700 ] LOSS   22 turns   aiohto, edward, shinra  vs  cooler, nobara, nagisa
[ 195/700 ] WIN    18 turns   aiohto, omnimon, meliodas  vs  uranus, ladydevimon, hinata
[ 196/700 ] LOSS   33 turns   aiohto, jesse, asta  vs  orihime, adam, natsu
Applying bleed effect! Checking special code
Applying bleed effect! Checking special code
[ 197/700 ] WIN    22 turns   aiohto, power, omnimon  vs  yuno, muichiro, inuyasha
[ 198/700 ] WIN    31 turns   aiohto, tsunayoshi, yamamoto  vs  korra, kuroko, inosuke
[ 199/700 ] WIN    25 turns   aiohto, misaka, sayaka  vs  itachi, tsuyu, bakugo
[ 200/700 ] WIN    19 turns   aiohto, tokoyami, jupiter  vs  inuyasha, jeanne, ryohei
[ 201/700 ] WIN    18 turns   aiohto, esdeath, tsubaki  vs  meliodas, pegasus, venus
[ 202/700 ] WIN    27 turns   aiohto, satsuki, mikasa  vs  ryohei, nagisa, naruto
[ 203/700 ] WIN    20 turns   aiohto, zenitsu, lizandpatty  vs  gojo, venus, toji
[ 204/700 ] LOSS   33 turns   aiohto, nezuko, goku  vs  astolfo, jeanne, omnimon
Applying bleed effect! Checking special code
Applying bleed effect! Checking special code
Applying bleed effect! Checking special code
Applying bleed effect! Checking special code
[ 205/700 ] LOSS   17 turns   aiohto, nel, diane  vs  hisoka, rakko, gasai
[ 206/700 ] LOSS   22 turns   aiohto, aang, impmon  vs  neferpitou, esdeath, semiramis
[ 207/700 ] WIN    15 turns   aiohto, edward, neferpitou  vs  zoro, impmon, sukuna
[ 208/700 ] WIN    13 turns   aiohto, adam, sheele  vs  ichigo, madoka, allmight
[ 209/700 ] WIN    32 turns   aiohto, noelle, mash  vs  tsubasa, yugi, orihime
Applying bleed effect! Checking special code
Applying bleed effect! Checking special code
Applying bleed effect! Checking special code
Applying bleed effect! Checking special code
Applying bleed effect! Checking special code
[ 210/700 ] LOSS   27 turns   aiohto, rengoku, hisoka  vs  inosuke, asta, allmight
[ 211/700 ] LOSS   16 turns   aiohto, korra, machinedramon  vs  luffy, tamaki, mine
[ 212/700 ] WIN    22 turns   aiohto, minene, venus  vs  gasai, midoriya, natsu
[ 213/700 ] LOSS   23 turns   aiohto, mine, yuji  vs  cell, yamamoto, lucy
[ 214/700 ] LOSS   25 turns   aiohto, mami, kuroko  vs  adam, tatsumi, yuno
[ 215/700 ] WIN    25 turns   aiohto, gohan, uranus  vs  zoro, inuyasha, hibari
[ 216/700 ] LOSS   23 turns   aiohto, jinwoo, hashirama  vs  hibari, kuroko, todoroki
[ 217/700 ] WIN    21 turns   aiohto, tokoyami, muichiro  vs  mami, squalo, seventeen
[ 218/700 ] LOSS   27 turns   aiohto, todoroki, broly  vs  tamaki, yoh, nobara
Applying bleed effect! Checking special code
Applying bleed effect! Checking special code
Applying bleed effect! Checking special code
Applying bleed effect! Checking special code
Applying bleed effect! Checking special code
Applying bleed effect! Checking special code
[ 219/700 ] LOSS   28 turns   aiohto, ken, power  vs  blackstar, nezuko, shinra
[ 220/700 ] LOSS   24 turns   aiohto, adam, xanxus  vs  itachi, midoriya, megumi
[ 221/700 ] LOSS   21 turns   aiohto, diane, denji  vs  mash, natsu, saber
[ 222/700 ] WIN    38 turns   aiohto, muichiro, tsuyu  vs  shiro, emiya, crona
[ 223/700 ] LOSS   14 turns   aiohto, cell, frankenstein  vs  killua, gon, machinedramon
[ 224/700 ] WIN    26 turns   aiohto, itachi, madoka  vs  omnimon, kuroko, levi
[ 225/700 ] LOSS   35 turns   aiohto, maka, kaiba  vs  sakura, ban, toga
[ 226/700 ] WIN    43 turns   aiohto, meliodas, jesse  vs  death, xanxus, pegasus
[ 227/700 ] WIN    19 turns   aiohto, misaka, mine  vs  vegeta, noelle, sayaka
Applying bleed effect! Checking special code
[ 228/700 ] LOSS   22 turns   aiohto, rakko, goku  vs  renamon, noelle, hashirama
[ 229/700 ] WIN    32 turns   aiohto, gray, ichibe  vs  mars, aang, nobara
[ 230/700 ] LOSS   16 turns   aiohto, semiramis, horohoro  vs  toudou, satsuki, vegeta
[ 231/700 ] LOSS   28 turns   aiohto, cooler, gatomon  vs  saitama, zoro, uranus
[ 232/700 ] WIN    24 turns   aiohto, jack, lizandpatty  vs  alphonse, luffy, gallantmon
[ 233/700 ] LOSS   35 turns   aiohto, toudou, arthur  vs  bakugo, ichibe, sakura
[ 234/700 ] LOSS   20 turns   aiohto, lyserg, mine  vs  adam, satsuki, hibari
[ 235/700 ] LOSS   28 turns   aiohto, megumin, kid  vs  korra, jupiter, arthur
[ 236/700 ] WIN    13 turns   aiohto, tokoyami, omnimon  vs  soul, shiro, horohoro
[ 237/700 ] WIN    43 turns   aiohto, marco, megumi  vs  akame, satsuki, genos
Applying bleed effect! Checking special code
Applying bleed effect! Checking special code
[ 238/700 ] LOSS   34 turns   aiohto, omnimon, emiya  vs  mikasa, boruto, rakko
Applying bleed effect! Checking special code
Applying bleed effect! Checking special code
[ 239/700 ] WIN    23 turns   aiohto, power, squalo  vs  rob, venus, jesse
[ 240/700 ] LOSS   37 turns   aiohto, halibel, tsubaki  vs  mars, tsunayoshi, goku
[ 241/700 ] WIN    25 turns   aiohto, gon, broly  vs  gallantmon, gray, uzui
Applying bleed effect! Checking special code
Applying bleed effect! Checking special code
[ 242/700 ] LOSS   40 turns   aiohto, rengoku, misaka  vs  alphonse, mami, kaiba
[ 243/700 ] LOSS   26 turns   aiohto, hibari, mikasa  vs  toji, maka, kitara
[ 244/700 ] WIN    30 turns   aiohto, frieren, nimaiya  vs  rimuru, uzui, tatsumi
[ 245/700 ] WIN    25 turns   aiohto, nagisa, yamamoto  vs  tsuyu, renamon, megumin
[ 246/700 ] WIN    15 turns   aiohto, kid, yuno  vs  tsunayoshi, byakuya, tsuyu
[ 247/700 ] WIN    29 turns   aiohto, gallantmon, sheele  vs  orihime, zoro, rimuru
[ 248/700 ] WIN    18 turns   aiohto, nagisa, alphamon  vs  jesse, arthur, usopp
[ 249/700 ] LOSS   25 turns   aiohto, megumin, natsu  vs  pegasus, alphonse, hibari
[ 250/700 ] WIN    33 turns   aiohto, cooler, megumi  vs  arthur, madoka, broly
[ 251/700 ] LOSS   28 turns   aiohto, muichiro, uranus  vs  mavis, yoh, hashirama
[ 252/700 ] LOSS   22 turns   aiohto, nobara, saitama  vs  aang, alphonse, diane
[ 253/700 ] LOSS   30 turns   aiohto, kuroko, emiyaarcher  vs  xanxus, meliodas, mercury
[ 254/700 ] WIN    19 turns   aiohto, vegeta, arthur  vs  bakugo, sasuke, koro
[ 255/700 ] WIN    26 turns   aiohto, kuroko, lyserg  vs  mercury, venus, korra
[ 256/700 ] WIN    29 turns   aiohto, gilgamesh, shokuhou  vs  horohoro, mash, emiya
[ 257/700 ] WIN    25 turns   aiohto, jeanne, nimaiya  vs  veldora, midoriya, blackwargreymon
[ 258/700 ] WIN    33 turns   aiohto, hinata, renamon  vs  nobara, marco, rimuru
[ 259/700 ] WIN    18 turns   aiohto, esdeath, lizandpatty  vs  impmon, adam, frankenstein
[ 260/700 ] WIN    41 turns   aiohto, pegasus, mikasa  vs  soul, lyserg, blackstar
Applying bleed effect! Checking special code
Applying bleed effect! Checking special code
[ 261/700 ] WIN    23 turns   aiohto, chrome, nobara  vs  sukuna, ken, gohan
[ 262/700 ] WIN    37 turns   aiohto, hawkmon, koro  vs  edward, noelle, toudou
[ 263/700 ] WIN    40 turns   aiohto, inosuke, gasai  vs  tsuyu, vegeta, rimuru
Applying bleed effect! Checking special code
Applying bleed effect! Checking special code
Applying bleed effect! Checking special code
Applying bleed effect! Checking special code
Applying bleed effect! Checking special code
Applying bleed effect! Checking special code
[ 264/700 ] LOSS   41 turns   aiohto, tanjiro, kurotsuchi  vs  rengoku, veldora, marco
[ 265/700 ] LOSS   32 turns   aiohto, inosuke, diane  vs  tsubaki, nezuko, nagisa
[ 266/700 ] WIN    38 turns   aiohto, tsubasa, sasuke  vs  chrome, toudou, kitara
[ 267/700 ] WIN    30 turns   aiohto, ganta, noelle  vs  korra, usopp, soul
[ 268/700 ] LOSS   28 turns   aiohto, renamon, misaka  vs  gunha, tatsumi, erza
Applying bleed effect! Checking special code
[ 269/700 ] LOSS   40 turns   aiohto, hisoka, rakko  vs  renamon, xanxus, nezuko
[ 270/700 ] WIN    15 turns   aiohto, gasai, sheele  vs  yuno, ganta, gunha
Applying bleed effect! Checking special code
Applying bleed effect! Checking special code
Applying bleed effect! Checking special code
Applying bleed effect! Checking special code
Applying bleed effect! Checking special code
Applying bleed effect! Checking special code
Applying bleed effect! Checking special code
[ 271/700 ] LOSS   20 turns   aiohto, itachi, toga  vs  midoriya, koro, ken
Yubel's S1 Triggered!
[ 272/700 ] WIN    33 turns   aiohto, crona, saber  vs  yubel, gogeta, todoroki
[ 273/700 ] WIN    45 turns   aiohto, shiro, ichigo  vs  veldora, squalo, tsubaki
[ 274/700 ] WIN    20 turns   aiohto, mikasa, sheele  vs  luffy, boruto, gilgamesh
Applying bleed effect! Checking special code
Applying bleed effect! Checking special code
[ 275/700 ] WIN    22 turns   aiohto, king, seventeen  vs  yamamoto, nimaiya, tsubasa
[ 276/700 ] WIN    22 turns   aiohto, gon, mikasa  vs  uzui, jupiter, sasuke
[ 277/700 ] WIN    26 turns   aiohto, saturn, megumi  vs  kurapika, jinwoo, mercury
[ 278/700 ] WIN    25 turns   aiohto, edward, adam  vs  nel, toudou, zenitsu
Applying bleed effect! Checking special code
Applying bleed effect! Checking special code
[ 279/700 ] WIN    31 turns   aiohto, usopp, tamaki  vs  gohan, cell, ken
[ 280/700 ] WIN    21 turns   aiohto, jupiter, death  vs  soul, misaka, emiyaarcher
[ 281/700 ] WIN    23 turns   aiohto, ryuko, rimuru  vs  tsunayoshi, mavis, pegasus
[ 282/700 ] WIN    25 turns   aiohto, hinata, goku  vs  muichiro, genos, gohan
[ 283/700 ] WIN    22 turns   aiohto, hibari, zoro  vs  luffy, inuyasha, bakugo
[ 284/700 ] WIN    22 turns   aiohto, nobara, astolfo  vs  impmon, kurotsuchi, inuyasha
[ 285/700 ] WIN    30 turns   aiohto, ryohei, machinedramon  vs  omnimon, koro, usopp
[ 286/700 ] WIN    23 turns   aiohto, mine, toga  vs  eren, hinata, lyserg
Applying bleed effect! Checking special code
[ 287/700 ] WIN    28 turns   aiohto, machinedramon, rakko  vs  orihime, goku, touka
[ 288/700 ] WIN    30 turns   aiohto, alphonse, nonon  vs  gilgamesh, gatomon, natsu
Yubel's S1 Triggered!
[ 289/700 ] WIN    18 turns   aiohto, soul, natsu  vs  koro, lyserg, yubel
[ 290/700 ] LOSS   21 turns   aiohto, mars, akame  vs  pegasus, kuroko, sheele
Applying bleed effect! Checking special code
Applying bleed effect! Checking special code
[ 291/700 ] WIN    35 turns   aiohto, nonon, ganta  vs  gohan, genos, inosuke
Applying bleed effect! Checking special code
Applying bleed effect! Checking special code
Applying bleed effect! Checking special code
Applying bleed effect! Checking special code
[ 292/700 ] WIN    30 turns   aiohto, yamamoto, byakuya  vs  king, gasai, kuroko
[ 293/700 ] LOSS   22 turns   aiohto, ganta, mine  vs  shiro, minene, itachi
[ 294/700 ] LOSS   56 turns   aiohto, tamaki, tsubasa  vs  toph, zenitsu, saber
[ 295/700 ] LOSS   24 turns   aiohto, korra, tsuyu  vs  squalo, itachi, rob
[ 296/700 ] LOSS   20 turns   aiohto, mars, gatomon  vs  tamaki, megumi, vegeta
[ 297/700 ] WIN    24 turns   aiohto, muichiro, soul  vs  shokuhou, nel, usopp
[ 298/700 ] LOSS   44 turns   aiohto, shiro, edward  vs  jaden, soul, tsuyu
[ 299/700 ] WIN    20 turns   aiohto, saitama, frankenstein  vs  gogeta, crona, death
[ 300/700 ] WIN    15 turns   aiohto, alphonse, sukuna  vs  hawkmon, usopp, tanjiro
[ 301/700 ] WIN    20 turns   aiohto, tsubaki, seventeen  vs  yubel, kurapika, killua
[ 302/700 ] WIN    45 turns   aiohto, gojo, emiya  vs  koro, xanxus, arthur
[ 303/700 ] WIN    33 turns   aiohto, chrome, saber  vs  boruto, gunha, frankenstein
[ 304/700 ] LOSS   30 turns   aiohto, gilgamesh, kurapika  vs  death, meliodas, hibari
[ 305/700 ] WIN    22 turns   aiohto, gilgamesh, hashirama  vs  hibari, lucy, aang
[ 306/700 ] WIN    18 turns   aiohto, chrome, seventeen  vs  mikasa, asta, allmight
[ 307/700 ] WIN    28 turns   aiohto, blackwargreymon, mami  vs  nobara, kitara, midoriya
[ 308/700 ] LOSS   20 turns   aiohto, sheele, ryuko  vs  kurotsuchi, gallantmon, ichibe
[ 309/700 ] WIN    22 turns   aiohto, gojo, gasai  vs  astolfo, gunha, toph
[ 310/700 ] WIN    40 turns   aiohto, sasuke, blackwargreymon  vs  tokoyami, koro, mars
Applying bleed effect! Checking special code
[ 311/700 ] LOSS   20 turns   aiohto, toph, ace  vs  seventeen, zoro, inosuke
Applying bleed effect! Checking special code
Applying bleed effect! Checking special code
Applying bleed effect! Checking special code
Applying bleed effect! Checking special code
[ 312/700 ] LOSS   18 turns   aiohto, omnimon, pegasus  vs  nezuko, king, renamon
[ 313/700 ] WIN    16 turns   aiohto, midoriya, gon  vs  noelle, machinedramon, sukuna
[ 314/700 ] WIN    22 turns   aiohto, emiya, maka  vs  tsubaki, sayaka, gasai
Applying bleed effect! Checking special code
[ 315/700 ] LOSS   17 turns   aiohto, myotismon, inosuke  vs  chrome, halibel, sayaka
[ 316/700 ] WIN    23 turns   aiohto, gohan, esdeath  vs  shokuhou, nel, blackwargreymon
[ 317/700 ] WIN    18 turns   aiohto, gasai, jaden  vs  rob, meliodas, cell
[ 318/700 ] LOSS   26 turns   aiohto, gojo, sayaka  vs  semiramis, nagisa, sakura
Applying bleed effect! Checking special code
[ 319/700 ] WIN    31 turns   aiohto, hashirama, horohoro  vs  impmon, inosuke, boruto
[ 320/700 ] LOSS   17 turns   aiohto, genos, broly  vs  todoroki, semiramis, tamaki
Applying bleed effect! Checking special code
[ 321/700 ] WIN    28 turns   aiohto, inosuke, edward  vs  toji, toph, tokoyami
[ 322/700 ] WIN    25 turns   aiohto, maka, hashirama  vs  jinwoo, kuroko, adam
Applying bleed effect! Checking special code
[ 323/700 ] WIN    24 turns   aiohto, blackwargreymon, death  vs  nonon, jesse, rengoku
[ 324/700 ] WIN    21 turns   aiohto, touka, uranus  vs  chrome, luffy, sayaka
[ 325/700 ] WIN     8 turns   aiohto, touka, mash  vs  todoroki, lyserg, ganta
Applying bleed effect! Checking special code
Applying bleed effect! Checking special code
Applying bleed effect! Checking special code
Applying bleed effect! Checking special code
Applying bleed effect! Checking special code
Applying bleed effect! Checking special code
Applying bleed effect! Checking special code
[ 326/700 ] WIN    17 turns   aiohto, satsuki, death  vs  ken, sakura, ganta
[ 327/700 ] LOSS   22 turns   aiohto, chrome, natsu  vs  cell, ladydevimon, satsuki
Applying bleed effect! Checking special code
[ 328/700 ] WIN    15 turns   aiohto, mine, gilgamesh  vs  ichigo, broly, ken
[ 329/700 ] LOSS   30 turns   aiohto, korra, yoh  vs  mars, tamaki, akame
[ 330/700 ] WIN    15 turns   aiohto, shinra, mars  vs  blackwargreymon, toga, gatomon
[ 331/700 ] LOSS   22 turns   aiohto, emiya, frieren  vs  lizandpatty, ichibe, jupiter
[ 332/700 ] WIN    32 turns   aiohto, gallantmon, sasuke  vs  jinwoo, venus, naruto
[ 333/700 ] LOSS   17 turns   aiohto, orihime, jack  vs  neferpitou, zoro, cell
[ 334/700 ] WIN    21 turns   aiohto, ganta, xanxus  vs  alphonse, gunha, jinwoo
[ 335/700 ] WIN    20 turns   aiohto, jaden, genos  vs  blackwargreymon, uraraka, machinedramon
Applying bleed effect! Checking special code
Applying bleed effect! Checking special code
Applying bleed effect! Checking special code
Applying bleed effect! Checking special code
Applying bleed effect! Checking special code
Applying bleed effect! Checking special code
Yubel's S1 Triggered!
[ 336/700 ] WIN    21 turns   aiohto, marco, killua  vs  emiya, king, yubel
[ 337/700 ] WIN    64 turns   aiohto, levi, frieren  vs  kid, veldora, orihime
[ 338/700 ] LOSS   29 turns   aiohto, inuyasha, mine  vs  sheele, nezuko, neferpitou
[ 339/700 ] WIN    26 turns   aiohto, nezuko, kid  vs  akame, tamaki, soul
[ 340/700 ] LOSS   30 turns   aiohto, nel, yoh  vs  gon, lucy, allmight
[ 341/700 ] WIN    20 turns   aiohto, yamamoto, toji  vs  aang, touka, frankenstein
[ 342/700 ] LOSS   14 turns   aiohto, todoroki, byakuya  vs  rimuru, levi, madoka
[ 343/700 ] LOSS   16 turns   aiohto, tamaki, esdeath  vs  killua, mavis, rimuru
[ 344/700 ] LOSS   21 turns   aiohto, pegasus, mine  vs  levi, lyserg, tamaki
Yubel's S1 Triggered!
Yubel's S1 Triggered!
[ 345/700 ] LOSS   24 turns   aiohto, sukuna, hibari  vs  yubel, pegasus, gunha
[ 346/700 ] WIN    30 turns   aiohto, saturn, king  vs  sayaka, mami, yamamoto
[ 347/700 ] LOSS   34 turns   aiohto, jesse, pegasus  vs  korra, kitara, mars
[ 348/700 ] WIN    35 turns   aiohto, saber, allmight  vs  tatsumi, sukuna, arthur
Applying bleed effect! Checking special code
Applying bleed effect! Checking special code
[ 349/700 ] LOSS   23 turns   aiohto, sheele, tsubasa  vs  ichigo, rakko, emiyaarcher
[ 350/700 ] WIN    24 turns   aiohto, jinwoo, yoh  vs  jesse, xanxus, mami
[ 351/700 ] WIN    12 turns   aiohto, blackstar, gojo  vs  myotismon, ganta, machinedramon
Applying bleed effect! Checking special code
Applying bleed effect! Checking special code
Applying bleed effect! Checking special code
Applying bleed effect! Checking special code
[ 352/700 ] LOSS   22 turns   aiohto, ace, koro  vs  frankenstein, power, satsuki
[ 353/700 ] LOSS   22 turns   aiohto, toji, mikasa  vs  gojo, gatomon, ryohei
[ 354/700 ] LOSS   16 turns   aiohto, noelle, aang  vs  emiyaarcher, mavis, asta
[ 355/700 ] WIN    16 turns   aiohto, jupiter, orihime  vs  allmight, venus, korra
[ 356/700 ] LOSS   23 turns   aiohto, jeanne, emiyaarcher  vs  kuroko, noelle, nonon
Applying bleed effect! Checking special code
Applying bleed effect! Checking special code
[ 357/700 ] WIN    18 turns   aiohto, emiya, neferpitou  vs  gallantmon, power, horohoro
[ 358/700 ] WIN    30 turns   aiohto, emiyaarcher, inuyasha  vs  arthur, semiramis, yuji
[ 359/700 ] WIN    26 turns   aiohto, broly, minene  vs  veldora, hawkmon, nobara
[ 360/700 ] WIN    16 turns   aiohto, touka, cell  vs  broly, kid, toudou
[ 361/700 ] WIN    18 turns   aiohto, gatomon, tsunayoshi  vs  crona, kitara, shinoa
[ 362/700 ] LOSS   22 turns   aiohto, arthur, venus  vs  akame, genos, yugi
[ 363/700 ] LOSS   24 turns   aiohto, saitama, nagisa  vs  ban, frankenstein, nel
[ 364/700 ] WIN    15 turns   aiohto, gatomon, orihime  vs  gray, inuyasha, ace
[ 365/700 ] LOSS   17 turns   aiohto, gon, inuyasha  vs  itachi, ryuko, kuroko
[ 366/700 ] WIN    24 turns   aiohto, maka, tsubaki  vs  jesse, ladydevimon, hisoka
[ 367/700 ] WIN    20 turns   aiohto, machinedramon, jupiter  vs  levi, ichibe, eren
[ 368/700 ] LOSS   31 turns   aiohto, jinwoo, toudou  vs  mash, uranus, itachi
Yubel's S1 Triggered!
[ 369/700 ] LOSS   23 turns   aiohto, hibari, xanxus  vs  gunha, yubel, blackwargreymon
[ 370/700 ] WIN    24 turns   aiohto, muichiro, toji  vs  halibel, uraraka, luffy
[ 371/700 ] LOSS   19 turns   aiohto, usopp, kitara  vs  neferpitou, ryohei, rimuru
[ 372/700 ] WIN    17 turns   aiohto, rob, nagisa  vs  uzui, toga, mami
[ 373/700 ] WIN    21 turns   aiohto, koro, gasai  vs  gojo, squalo, zoro
Applying bleed effect! Checking special code
[ 374/700 ] WIN    22 turns   aiohto, adam, alphamon  vs  hawkmon, rakko, gray
[ 375/700 ] WIN    19 turns   aiohto, ichigo, todoroki  vs  allmight, nezuko, gilgamesh
[ 376/700 ] WIN    28 turns   aiohto, ichibe, gasai  vs  toji, blackstar, nobara
[ 377/700 ] WIN    19 turns   aiohto, noelle, yuno  vs  machinedramon, gogeta, ryuko
[ 378/700 ] WIN    15 turns   aiohto, jack, lucy  vs  ganta, jesse, gon
[ 379/700 ] WIN    15 turns   aiohto, mavis, gunha  vs  saitama, omnimon, chrome
[ 380/700 ] WIN    11 turns   aiohto, nimaiya, asta  vs  shokuhou, ganta, midoriya
[ 381/700 ] WIN    26 turns   aiohto, seventeen, erza  vs  tatsumaki, muichiro, marco
[ 382/700 ] WIN    16 turns   aiohto, squalo, lyserg  vs  toga, sukuna, rob
[ 383/700 ] LOSS   35 turns   aiohto, goku, orihime  vs  toph, sayaka, nel
Applying bleed effect! Checking special code
[ 384/700 ] WIN    17 turns   aiohto, jupiter, denji  vs  korra, gogeta, koro
[ 385/700 ] LOSS   17 turns   aiohto, nimaiya, itachi  vs  asta, jaden, tokoyami
[ 386/700 ] WIN    16 turns   aiohto, sukuna, horohoro  vs  megumi, crona, ban
[ 387/700 ] WIN    32 turns   aiohto, midoriya, hashirama  vs  gatomon, marco, sukuna
[ 388/700 ] WIN    21 turns   aiohto, aang, sukuna  vs  hawkmon, kitara, diane
Applying bleed effect! Checking special code
Applying bleed effect! Checking special code
Applying bleed effect! Checking special code
Applying bleed effect! Checking special code
[ 389/700 ] WIN    13 turns   aiohto, king, satsuki  vs  ban, uraraka, minene
[ 390/700 ] WIN    19 turns   aiohto, seventeen, jaden  vs  cooler, nel, alphonse
[ 391/700 ] LOSS   27 turns   aiohto, nobara, tatsumi  vs  gilgamesh, gallantmon, zenitsu
[ 392/700 ] WIN    19 turns   aiohto, toph, gon  vs  mercury, hibari, gogeta
[ 393/700 ] LOSS   20 turns   aiohto, madoka, kurapika  vs  venus, yuno, genos
[ 394/700 ] LOSS   27 turns   aiohto, sheele, renamon  vs  uraraka, byakuya, sukuna
[ 395/700 ] LOSS   17 turns   aiohto, emiyaarcher, ryohei  vs  yugi, broly, asta
[ 396/700 ] WIN    14 turns   aiohto, meliodas, erza  vs  death, akame, bakugo
[ 397/700 ] LOSS   50 turns   aiohto, tsuyu, lyserg  vs  ryuko, kurapika, vegeta
[ 398/700 ] LOSS   20 turns   aiohto, meliodas, gilgamesh  vs  emiya, rob, broly
[ 399/700 ] LOSS   22 turns   aiohto, byakuya, toga  vs  jupiter, zenitsu, itachi
[ 400/700 ] WIN    34 turns   aiohto, midoriya, byakuya  vs  yubel, toudou, sayaka
[ 401/700 ] WIN    14 turns   aiohto, akame, ryohei  vs  megumi, ladydevimon, veldora
Applying bleed effect! Checking special code
Applying bleed effect! Checking special code
Applying bleed effect! Checking special code
Applying bleed effect! Checking special code
Applying bleed effect! Checking special code
[ 402/700 ] WIN    24 turns   aiohto, gallantmon, pegasus  vs  megumi, midoriya, ken
[ 403/700 ] LOSS   24 turns   aiohto, genos, gray  vs  ichigo, yubel, mine
Applying bleed effect! Checking special code
[ 404/700 ] WIN    27 turns   aiohto, rengoku, chrome  vs  toga, death, saitama
[ 405/700 ] LOSS   29 turns   aiohto, venus, tsunayoshi  vs  kuroko, machinedramon, genos
[ 406/700 ] LOSS   15 turns   aiohto, gon, asta  vs  hashirama, ladydevimon, usopp
Yubel's S1 Triggered!
[ 407/700 ] WIN    28 turns   aiohto, yubel, yuno  vs  death, frankenstein, edward
Yubel's S1 Triggered!
[ 408/700 ] WIN    34 turns   aiohto, luffy, yubel  vs  diane, itachi, asta
[ 409/700 ] WIN    18 turns   aiohto, hawkmon, ganta  vs  saitama, jupiter, ace
Applying bleed effect! Checking special code
Applying bleed effect! Checking special code
Applying bleed effect! Checking special code
Applying bleed effect! Checking special code
[ 410/700 ] WIN    15 turns   aiohto, ken, saber  vs  ace, koro, uzui
[ 411/700 ] LOSS   30 turns   aiohto, noelle, blackstar  vs  naruto, ryuko, toudou
[ 412/700 ] LOSS   21 turns   aiohto, yamamoto, orihime  vs  alphamon, gohan, genos
Applying bleed effect! Checking special code
[ 413/700 ] WIN    31 turns   aiohto, midoriya, mikasa  vs  mercury, yamamoto, inosuke
Applying bleed effect! Checking special code
Applying bleed effect! Checking special code
[ 414/700 ] WIN    12 turns   aiohto, boruto, uzui  vs  king, renamon, killua
[ 415/700 ] LOSS   38 turns   aiohto, itachi, toji  vs  ban, denji, eren
[ 416/700 ] WIN    30 turns   aiohto, asta, maka  vs  touka, rob, gunha
[ 417/700 ] WIN    20 turns   aiohto, tsubaki, mine  vs  midoriya, misaka, blackstar
[ 418/700 ] WIN    11 turns   aiohto, usopp, mash  vs  mami, horohoro, adam
[ 419/700 ] WIN    22 turns   aiohto, usopp, akame  vs  megumin, ace, shokuhou
[ 420/700 ] LOSS   23 turns   aiohto, gogeta, genos  vs  cooler, toji, usopp
[ 421/700 ] WIN    32 turns   aiohto, uranus, natsu  vs  semiramis, ban, alphonse
[ 422/700 ] WIN    38 turns   aiohto, hashirama, sasuke  vs  toga, xanxus, erza
Applying bleed effect! Checking special code
Applying bleed effect! Checking special code
[ 423/700 ] LOSS   27 turns   aiohto, levi, frieren  vs  yuji, noelle, power
[ 424/700 ] LOSS   22 turns   aiohto, kurapika, tatsumaki  vs  maka, yuji, zoro
Applying bleed effect! Checking special code
Applying bleed effect! Checking special code
Applying bleed effect! Checking special code
Applying bleed effect! Checking special code
Applying bleed effect! Checking special code
[ 425/700 ] LOSS   22 turns   aiohto, touka, yuji  vs  rengoku, mami, impmon
[ 426/700 ] LOSS   13 turns   aiohto, shokuhou, tsubaki  vs  saber, seventeen, sheele
[ 427/700 ] WIN    21 turns   aiohto, arthur, nagisa  vs  nel, sayaka, blackwargreymon
[ 428/700 ] LOSS   21 turns   aiohto, toga, alphamon  vs  kuroko, jesse, gohan
[ 429/700 ] LOSS   20 turns   aiohto, mars, saber  vs  soul, touka, sasuke
[ 430/700 ] LOSS   16 turns   aiohto, sasuke, frieren  vs  lizandpatty, astolfo, hisoka
Applying bleed effect! Checking special code
Applying bleed effect! Checking special code
Applying bleed effect! Checking special code
[ 431/700 ] WIN    22 turns   aiohto, astolfo, allmight  vs  denji, toji, emiya
[ 432/700 ] WIN    31 turns   aiohto, inuyasha, zoro  vs  cooler, hashirama, jesse
[ 433/700 ] LOSS   28 turns   aiohto, arthur, todoroki  vs  allmight, neferpitou, satsuki
[ 434/700 ] WIN    26 turns   aiohto, aang, goku  vs  semiramis, halibel, lucy
[ 435/700 ] WIN    30 turns   aiohto, yamamoto, bakugo  vs  saber, nezuko, renamon
[ 436/700 ] LOSS   16 turns   aiohto, jinwoo, goku  vs  toudou, madoka, genos
[ 437/700 ] LOSS   19 turns   aiohto, sukuna, kaiba  vs  gray, veldora, rob
[ 438/700 ] WIN    30 turns   aiohto, halibel, nobara  vs  jupiter, korra, machinedramon
Applying bleed effect! Checking special code
[ 439/700 ] LOSS   39 turns   aiohto, alphonse, saber  vs  rengoku, jaden, frankenstein
[ 440/700 ] WIN    20 turns   aiohto, nobara, mavis  vs  arthur, tanjiro, shinra
[ 441/700 ] WIN    26 turns   aiohto, hibari, arthur  vs  bakugo, renamon, usopp
Applying bleed effect! Checking special code
Applying bleed effect! Checking special code
Applying bleed effect! Checking special code
Applying bleed effect! Checking special code
Applying bleed effect! Checking special code
Applying bleed effect! Checking special code
Applying bleed effect! Checking special code
Applying bleed effect! Checking special code
[ 442/700 ] LOSS   19 turns   aiohto, maka, killua  vs  ken, nonon, shokuhou
[ 443/700 ] WIN    22 turns   aiohto, uranus, machinedramon  vs  toudou, toji, rob
[ 444/700 ] WIN    20 turns   aiohto, vegeta, levi  vs  toph, sukuna, satsuki
[ 445/700 ] WIN    16 turns   aiohto, horohoro, jinwoo  vs  jesse, shokuhou, cooler
[ 446/700 ] WIN    24 turns   aiohto, misaka, marco  vs  levi, impmon, astolfo
Applying bleed effect! Checking special code
Applying bleed effect! Checking special code
Applying bleed effect! Checking special code
Applying bleed effect! Checking special code
[ 447/700 ] WIN    24 turns   aiohto, halibel, rakko  vs  toph, noelle, gatomon
[ 448/700 ] WIN    19 turns   aiohto, rimuru, hibari  vs  toga, lizandpatty, gunha
[ 449/700 ] WIN    18 turns   aiohto, ichigo, akame  vs  zoro, sukuna, jupiter
Applying bleed effect! Checking special code
Applying bleed effect! Checking special code
[ 450/700 ] WIN    19 turns   aiohto, meliodas, akame  vs  venus, yuji, rakko
[ 451/700 ] LOSS   25 turns   aiohto, uraraka, renamon  vs  omnimon, asta, nel
[ 452/700 ] LOSS   50 turns   aiohto, broly, zoro  vs  veldora, mars, saitama
[ 453/700 ] WIN    21 turns   aiohto, uzui, sheele  vs  noelle, blackwargreymon, luffy
Applying bleed effect! Checking special code
Applying bleed effect! Checking special code
[ 454/700 ] LOSS   15 turns   aiohto, korra, power  vs  gallantmon, cooler, hisoka
[ 455/700 ] WIN    32 turns   aiohto, death, blackstar  vs  tsuyu, sheele, tokoyami
[ 456/700 ] WIN    20 turns   aiohto, nagisa, bakugo  vs  kurotsuchi, machinedramon, nonon
[ 457/700 ] LOSS   31 turns   aiohto, yuji, marco  vs  impmon, sheele, arthur
[ 458/700 ] WIN    13 turns   aiohto, machinedramon, saitama  vs  venus, uranus, ladydevimon
[ 459/700 ] WIN    24 turns   aiohto, hawkmon, yugi  vs  akame, omnimon, impmon
[ 460/700 ] WIN    24 turns   aiohto, alphamon, ryuko  vs  asta, sayaka, sheele
[ 461/700 ] WIN    19 turns   aiohto, touka, jinwoo  vs  toph, tamaki, usopp
[ 462/700 ] WIN    28 turns   aiohto, gojo, cooler  vs  byakuya, minene, hisoka
[ 463/700 ] LOSS   30 turns   aiohto, jesse, jeanne  vs  ryohei, yugi, gohan
[ 464/700 ] LOSS   22 turns   aiohto, kuroko, arthur  vs  hisoka, machinedramon, zoro
[ 465/700 ] LOSS   24 turns   aiohto, cell, mikasa  vs  frankenstein, nezuko, gon
[ 466/700 ] WIN    17 turns   aiohto, mash, nimaiya  vs  tsuyu, saber, ryuko
Applying bleed effect! Checking special code
Applying bleed effect! Checking special code
Applying bleed effect! Checking special code
Applying bleed effect! Checking special code
Applying bleed effect! Checking special code
Applying bleed effect! Checking special code
Applying bleed effect! Checking special code
Applying bleed effect! Checking special code
[ 467/700 ] LOSS   13 turns   aiohto, inosuke, todoroki  vs  king, killua, sakura
[ 468/700 ] WIN    18 turns   aiohto, luffy, inuyasha  vs  saber, xanxus, emiya
[ 469/700 ] WIN    37 turns   aiohto, orihime, toji  vs  saber, tanjiro, ace
Applying bleed effect! Checking special code
Applying bleed effect! Checking special code
Applying bleed effect! Checking special code
Applying bleed effect! Checking special code
Applying bleed effect! Checking special code
Applying bleed effect! Checking special code
[ 470/700 ] LOSS   22 turns   aiohto, gallantmon, broly  vs  tatsumaki, killua, ken
[ 471/700 ] WIN    14 turns   aiohto, omnimon, asta  vs  saitama, byakuya, satsuki
[ 472/700 ] LOSS   23 turns   aiohto, usopp, inuyasha  vs  machinedramon, nezuko, ladydevimon
Applying bleed effect! Checking special code
Applying bleed effect! Checking special code
Applying bleed effect! Checking special code
[ 473/700 ] WIN    12 turns   aiohto, mami, madoka  vs  rengoku, machinedramon, gohan
[ 474/700 ] WIN    38 turns   aiohto, allmight, sasuke  vs  toudou, ichibe, vegeta
Applying bleed effect! Checking special code
Applying bleed effect! Checking special code
Applying bleed effect! Checking special code
Applying bleed effect! Checking special code
Applying bleed effect! Checking special code
Applying bleed effect! Checking special code
[ 475/700 ] WIN    23 turns   aiohto, tokoyami, kurapika  vs  jinwoo, inosuke, ken
[ 476/700 ] LOSS   16 turns   aiohto, megumin, mars  vs  mercury, chrome, adam
[ 477/700 ] LOSS   22 turns   aiohto, megumin, emiyaarcher  vs  eren, maka, impmon
Applying bleed effect! Checking special code
[ 478/700 ] LOSS   22 turns   aiohto, sakura, lyserg  vs  maka, yuno, diane
[ 479/700 ] LOSS   24 turns   aiohto, mine, alphamon  vs  nonon, sayaka, death
[ 480/700 ] LOSS   58 turns   aiohto, koro, frankenstein  vs  jaden, yuno, arthur
[ 481/700 ] WIN    16 turns   aiohto, tanjiro, chrome  vs  shiro, hibari, inuyasha
[ 482/700 ] WIN    27 turns   aiohto, broly, shokuhou  vs  boruto, denji, aang
[ 483/700 ] WIN    28 turns   aiohto, kitara, korra  vs  muichiro, megumin, jeanne
[ 484/700 ] WIN    22 turns   aiohto, kuroko, soul  vs  pegasus, uraraka, sakura
[ 485/700 ] LOSS   17 turns   aiohto, frankenstein, jesse  vs  emiyaarcher, yubel, ryohei
[ 486/700 ] LOSS   13 turns   aiohto, nobara, tatsumaki  vs  toudou, aang, erza
[ 487/700 ] WIN    27 turns   aiohto, vegeta, tsubaki  vs  myotismon, mash, tokoyami
[ 488/700 ] WIN    47 turns   aiohto, usopp, frieren  vs  chrome, ban, orihime
[ 489/700 ] WIN    35 turns   aiohto, rengoku, tsunayoshi  vs  toph, gojo, frankenstein
[ 490/700 ] LOSS   23 turns   aiohto, allmight, rimuru  vs  orihime, pegasus, genos
Applying bleed effect! Checking special code
Applying bleed effect! Checking special code
Applying bleed effect! Checking special code
Applying bleed effect! Checking special code
Applying bleed effect! Checking special code
Applying bleed effect! Checking special code
Applying bleed effect! Checking special code
Applying bleed effect! Checking special code
[ 491/700 ] WIN    34 turns   aiohto, inuyasha, mikasa  vs  korra, akame, ken
[ 492/700 ] WIN    21 turns   aiohto, tokoyami, nel  vs  squalo, halibel, gunha
[ 493/700 ] LOSS   17 turns   aiohto, blackwargreymon, impmon  vs  gogeta, natsu, toga
[ 494/700 ] LOSS   14 turns   aiohto, noelle, adam  vs  kuroko, pegasus, neferpitou
Applying bleed effect! Checking special code
Applying bleed effect! Checking special code
[ 495/700 ] WIN    31 turns   aiohto, korra, yuji  vs  rengoku, nonon, hinata
[ 496/700 ] LOSS   17 turns   aiohto, hashirama, ken  vs  yuji, nimaiya, ryohei
[ 497/700 ] WIN    16 turns   aiohto, toudou, hibari  vs  gallantmon, denji, inuyasha
[ 498/700 ] WIN    20 turns   aiohto, uraraka, ladydevimon  vs  gilgamesh, misaka, yugi
Applying bleed effect! Checking special code
[ 499/700 ] LOSS   25 turns   aiohto, gallantmon, kurapika  vs  diane, shinra, hinata
[ 500/700 ] WIN    20 turns   aiohto, touka, alphamon  vs  gilgamesh, cooler, muichiro
[ 501/700 ] WIN    20 turns   aiohto, hisoka, uranus  vs  soul, touka, uzui
Applying bleed effect! Checking special code
Applying bleed effect! Checking special code
Applying bleed effect! Checking special code
Applying bleed effect! Checking special code
[ 502/700 ] LOSS   20 turns   aiohto, arthur, sakura  vs  kuroko, rengoku, ganta
[ 503/700 ] LOSS   20 turns   aiohto, myotismon, meliodas  vs  zenitsu, alphonse, nagisa
[ 504/700 ] WIN    11 turns   aiohto, esdeath, seventeen  vs  ichigo, emiya, sukuna
[ 505/700 ] LOSS   17 turns   aiohto, tsubaki, genos  vs  ace, gon, jupiter
[ 506/700 ] WIN    39 turns   aiohto, luffy, edward  vs  korra, todoroki, arthur
[ 507/700 ] WIN    34 turns   aiohto, nel, sasuke  vs  ban, tatsumaki, hibari
[ 508/700 ] LOSS   26 turns   aiohto, arthur, gray  vs  toudou, mine, gatomon
[ 509/700 ] LOSS   18 turns   aiohto, tamaki, kitara  vs  mine, kurapika, broly
[ 510/700 ] LOSS   25 turns   aiohto, mavis, toga  vs  mami, aang, koro
Applying bleed effect! Checking special code
Applying bleed effect! Checking special code
Applying bleed effect! Checking special code
Applying bleed effect! Checking special code
Applying bleed effect! Checking special code
[ 511/700 ] WIN    18 turns   aiohto, ken, nonon  vs  adam, renamon, touka
Applying bleed effect! Checking special code
[ 512/700 ] WIN    47 turns   aiohto, orihime, jinwoo  vs  diane, shokuhou, hibari
[ 513/700 ] LOSS   23 turns   aiohto, muichiro, saitama  vs  kuroko, alphonse, genos
[ 514/700 ] WIN    20 turns   aiohto, gray, gohan  vs  jinwoo, mami, uraraka
[ 515/700 ] WIN    37 turns   aiohto, jinwoo, squalo  vs  gunha, yugi, gray
Applying bleed effect! Checking special code
Applying bleed effect! Checking special code
[ 516/700 ] WIN    16 turns   aiohto, rakko, venus  vs  noelle, meliodas, lyserg
Applying bleed effect! Checking special code
Applying bleed effect! Checking special code
Applying bleed effect! Checking special code
Applying bleed effect! Checking special code
Applying bleed effect! Checking special code
Applying bleed effect! Checking special code
Applying bleed effect! Checking special code
Applying bleed effect! Checking special code
[ 517/700 ] LOSS   20 turns   aiohto, horohoro, pegasus  vs  hawkmon, misaka, rakko
[ 518/700 ] WIN    30 turns   aiohto, mami, nagisa  vs  gunha, power, orihime
[ 519/700 ] LOSS   14 turns   aiohto, yoh, touka  vs  kid, mine, uzui
[ 520/700 ] LOSS   17 turns   aiohto, sayaka, zoro  vs  mavis, boruto, eren
[ 521/700 ] WIN    30 turns   aiohto, yuji, goku  vs  ichibe, genos, tanjiro
Applying bleed effect! Checking special code
Applying bleed effect! Checking special code
[ 522/700 ] LOSS   30 turns   aiohto, nimaiya, impmon  vs  inosuke, mami, nagisa
[ 523/700 ] WIN    20 turns   aiohto, gunha, uraraka  vs  venus, gogeta, blackwargreymon
[ 524/700 ] WIN    21 turns   aiohto, inuyasha, tatsumaki  vs  veldora, yubel, kuroko
[ 525/700 ] WIN    34 turns   aiohto, cooler, horohoro  vs  saitama, kitara, yamamoto
[ 526/700 ] LOSS   23 turns   aiohto, levi, mine  vs  akame, cell, blackstar
[ 527/700 ] WIN    33 turns   aiohto, rob, luffy  vs  uranus, gasai, yugi
[ 528/700 ] WIN    16 turns   aiohto, sayaka, mami  vs  naruto, mercury, nimaiya
[ 529/700 ] LOSS   22 turns   aiohto, ace, kitara  vs  meliodas, inosuke, bakugo
[ 530/700 ] WIN    62 turns   aiohto, minene, mash  vs  halibel, megumin, jesse
[ 531/700 ] WIN    40 turns   aiohto, broly, toga  vs  yugi, esdeath, hibari
Applying bleed effect! Checking special code
[ 532/700 ] WIN    18 turns   aiohto, nobara, mavis  vs  mami, gojo, denji
[ 533/700 ] WIN    20 turns   aiohto, saber, minene  vs  sasuke, cooler, jack
[ 534/700 ] WIN    19 turns   aiohto, pegasus, touka  vs  korra, gatomon, alphonse
[ 535/700 ] WIN    19 turns   aiohto, tokoyami, toji  vs  tatsumaki, luffy, ryohei
[ 536/700 ] WIN    37 turns   aiohto, shinra, boruto  vs  gogeta, cell, inuyasha
[ 537/700 ] LOSS   22 turns   aiohto, kid, inosuke  vs  tanjiro, uraraka, todoroki
[ 538/700 ] LOSS   22 turns   aiohto, toga, mikasa  vs  ryohei, kurotsuchi, gallantmon
[ 539/700 ] LOSS   34 turns   aiohto, zenitsu, alphamon  vs  jaden, emiyaarcher, mikasa
[ 540/700 ] LOSS   30 turns   aiohto, pegasus, arthur  vs  gasai, eren, nezuko
[ 541/700 ] WIN    16 turns   aiohto, renamon, gatomon  vs  hibari, saitama, kuroko
[ 542/700 ] LOSS   15 turns   aiohto, lizandpatty, pegasus  vs  todoroki, esdeath, nonon
[ 543/700 ] WIN    15 turns   aiohto, ganta, saturn  vs  kid, mine, soul
Applying bleed effect! Checking special code
Applying bleed effect! Checking special code
Applying bleed effect! Checking special code
Applying bleed effect! Checking special code
Applying bleed effect! Checking special code
Applying bleed effect! Checking special code
Applying bleed effect! Checking special code
Applying bleed effect! Checking special code
Applying bleed effect! Checking special code
[ 544/700 ] LOSS   28 turns   aiohto, cell, inosuke  vs  king, uraraka, kitara
[ 545/700 ] LOSS   26 turns   aiohto, ryohei, yuji  vs  jinwoo, neferpitou, semiramis
[ 546/700 ] WIN    27 turns   aiohto, tsunayoshi, inuyasha  vs  renamon, jesse, jupiter
[ 547/700 ] LOSS   32 turns   aiohto, rimuru, inuyasha  vs  nagisa, yoh, akame
[ 548/700 ] LOSS   17 turns   aiohto, xanxus, kuroko  vs  gunha, sayaka, yuno
[ 549/700 ] LOSS   14 turns   aiohto, adam, omnimon  vs  kitara, gojo, hisoka
[ 550/700 ] LOSS   21 turns   aiohto, saber, shiro  vs  neferpitou, uraraka, renamon
[ 551/700 ] WIN    28 turns   aiohto, nonon, blackstar  vs  mercury, tsubaki, saitama
[ 552/700 ] WIN    43 turns   aiohto, todoroki, lizandpatty  vs  mine, arthur, death
[ 553/700 ] LOSS   26 turns   aiohto, hashirama, lyserg  vs  megumi, satsuki, gasai
[ 554/700 ] WIN    20 turns   aiohto, zenitsu, yoh  vs  kurotsuchi, alphamon, mine
[ 555/700 ] LOSS   19 turns   aiohto, luffy, akame  vs  frankenstein, byakuya, hashirama
Applying bleed effect! Checking special code
Applying bleed effect! Checking special code
[ 556/700 ] WIN    23 turns   aiohto, saturn, nimaiya  vs  gatomon, power, bakugo
[ 557/700 ] WIN    18 turns   aiohto, ryuko, astolfo  vs  ladydevimon, kid, megumin
[ 558/700 ] WIN    20 turns   aiohto, broly, renamon  vs  levi, crona, chrome
[ 559/700 ] LOSS   17 turns   aiohto, adam, crona  vs  nagisa, misaka, nonon
[ 560/700 ] LOSS   42 turns   aiohto, sakura, gohan  vs  blackstar, uranus, shokuhou
[ 561/700 ] LOSS   46 turns   aiohto, sayaka, pegasus  vs  marco, naruto, nonon
Applying bleed effect! Checking special code
Applying bleed effect! Checking special code
Applying bleed effect! Checking special code
Applying bleed effect! Checking special code
[ 562/700 ] WIN    19 turns   aiohto, alphonse, hinata  vs  uzui, emiya, rengoku
[ 563/700 ] WIN    26 turns   aiohto, tsubasa, tsubaki  vs  killua, alphamon, death
[ 564/700 ] WIN    20 turns   aiohto, impmon, venus  vs  chrome, akame, crona
[ 565/700 ] LOSS   33 turns   aiohto, yubel, astolfo  vs  erza, jesse, orihime
[ 566/700 ] LOSS   21 turns   aiohto, veldora, toudou  vs  neferpitou, gray, tatsumi
[ 567/700 ] WIN    17 turns   aiohto, hibari, sheele  vs  mami, yoh, orihime
[ 568/700 ] WIN    28 turns   aiohto, tatsumaki, nonon  vs  madoka, byakuya, zoro
[ 569/700 ] WIN    21 turns   aiohto, mine, tsunayoshi  vs  todoroki, mami, gunha
[ 570/700 ] WIN    25 turns   aiohto, marco, zenitsu  vs  muichiro, yubel, naruto
Applying bleed effect! Checking special code
Applying bleed effect! Checking special code
Applying bleed effect! Checking special code
Applying bleed effect! Checking special code
Applying bleed effect! Checking special code
[ 571/700 ] WIN    18 turns   aiohto, uzui, rengoku  vs  inosuke, marco, gilgamesh
[ 572/700 ] LOSS   15 turns   aiohto, myotismon, rimuru  vs  yugi, gohan, omnimon
[ 573/700 ] WIN    20 turns   aiohto, mercury, yuji  vs  adam, gallantmon, astolfo
Applying bleed effect! Checking special code
Applying bleed effect! Checking special code
[ 574/700 ] WIN    24 turns   aiohto, alphamon, yoh  vs  rakko, luffy, nezuko
[ 575/700 ] WIN    20 turns   aiohto, tsubaki, tsubasa  vs  goku, frankenstein, pegasus
[ 576/700 ] WIN    27 turns   aiohto, gohan, natsu  vs  yoh, saturn, inuyasha
[ 577/700 ] WIN    15 turns   aiohto, toji, nezuko  vs  death, blackwargreymon, xanxus
[ 578/700 ] LOSS   16 turns   aiohto, lyserg, jack  vs  gohan, boruto, gallantmon
[ 579/700 ] WIN    37 turns   aiohto, xanxus, pegasus  vs  jaden, naruto, uranus
[ 580/700 ] LOSS   24 turns   aiohto, nobara, maka  vs  renamon, mars, squalo
[ 581/700 ] WIN    18 turns   aiohto, asta, ladydevimon  vs  vegeta, tsubasa, mars
[ 582/700 ] WIN    14 turns   aiohto, todoroki, ryuko  vs  mars, sukuna, asta
[ 583/700 ] LOSS   18 turns   aiohto, korra, tamaki  vs  uraraka, edward, satsuki
[ 584/700 ] LOSS   24 turns   aiohto, usopp, tamaki  vs  nel, mikasa, naruto
[ 585/700 ] WIN    27 turns   aiohto, rimuru, lyserg  vs  adam, death, toudou
[ 586/700 ] LOSS   29 turns   aiohto, minene, gallantmon  vs  lizandpatty, gon, shinoa
[ 587/700 ] WIN    18 turns   aiohto, cell, myotismon  vs  ryuko, byakuya, killua
[ 588/700 ] LOSS   15 turns   aiohto, midoriya, cooler  vs  nimaiya, frieren, tsuyu
[ 589/700 ] WIN    17 turns   aiohto, genos, jinwoo  vs  levi, nobara, cooler
[ 590/700 ] LOSS   19 turns   aiohto, ichigo, frieren  vs  seventeen, gilgamesh, venus
[ 591/700 ] LOSS   17 turns   aiohto, machinedramon, tatsumaki  vs  koro, tamaki, nimaiya
[ 592/700 ] LOSS   17 turns   aiohto, hisoka, gasai  vs  semiramis, alphamon, tatsumi
[ 593/700 ] LOSS   19 turns   aiohto, gon, tatsumaki  vs  semiramis, gunha, soul
[ 594/700 ] LOSS   20 turns   aiohto, levi, nezuko  vs  bakugo, uraraka, gojo
[ 595/700 ] WIN    20 turns   aiohto, ichibe, uranus  vs  frankenstein, kaiba, gon
Applying bleed effect! Checking special code
[ 596/700 ] LOSS   17 turns   aiohto, denji, megumin  vs  mavis, kaiba, jack
[ 597/700 ] LOSS   17 turns   aiohto, saber, jeanne  vs  satsuki, sheele, ladydevimon
[ 598/700 ] WIN    24 turns   aiohto, erza, esdeath  vs  impmon, ryohei, renamon
[ 599/700 ] WIN    30 turns   aiohto, emiya, gon  vs  erza, toph, squalo
[ 600/700 ] LOSS   12 turns   aiohto, nonon, impmon  vs  blackstar, jack, luffy
Applying bleed effect! Checking special code
Applying bleed effect! Checking special code
[ 601/700 ] WIN    21 turns   aiohto, maka, luffy  vs  tokoyami, tsuyu, diane
[ 602/700 ] WIN    23 turns   aiohto, shinra, kurotsuchi  vs  tsubasa, akame, edward
[ 603/700 ] LOSS   13 turns   aiohto, tsuyu, halibel  vs  todoroki, blackwargreymon, gray
[ 604/700 ] LOSS   24 turns   aiohto, yugi, mikasa  vs  orihime, tsuyu, jaden
[ 605/700 ] WIN    17 turns   aiohto, soul, touka  vs  naruto, akame, myotismon
[ 606/700 ] LOSS   30 turns   aiohto, death, boruto  vs  alphamon, jeanne, pegasus
[ 607/700 ] WIN    19 turns   aiohto, broly, midoriya  vs  blackwargreymon, horohoro, kid
[ 608/700 ] LOSS   15 turns   aiohto, emiyaarcher, sukuna  vs  itachi, genos, hibari
[ 609/700 ] WIN    32 turns   aiohto, luffy, eren  vs  kid, mine, diane
[ 610/700 ] WIN    22 turns   aiohto, eren, jinwoo  vs  killua, tamaki, shinoa
Applying bleed effect! Checking special code
Applying bleed effect! Checking special code
Applying bleed effect! Checking special code
Applying bleed effect! Checking special code
Applying bleed effect! Checking special code
[ 611/700 ] WIN    18 turns   aiohto, rakko, kuroko  vs  rengoku, maka, tanjiro
Yubel's S1 Triggered!
[ 612/700 ] WIN    17 turns   aiohto, gatomon, tatsumi  vs  uranus, yubel, lyserg
[ 613/700 ] WIN    15 turns   aiohto, satsuki, gallantmon  vs  jupiter, gunha, tsunayoshi
[ 614/700 ] LOSS   31 turns   aiohto, yoh, yuno  vs  jaden, mercury, maka
[ 615/700 ] WIN    23 turns   aiohto, inuyasha, chrome  vs  blackstar, rengoku, alphonse
[ 616/700 ] WIN    21 turns   aiohto, muichiro, blackwargreymon  vs  impmon, kurotsuchi, hawkmon
[ 617/700 ] LOSS   22 turns   aiohto, semiramis, shinoa  vs  toga, halibel, hashirama
[ 618/700 ] LOSS   20 turns   aiohto, hisoka, yugi  vs  mash, genos, yoh
Applying bleed effect! Checking special code
Applying bleed effect! Checking special code
Applying bleed effect! Checking special code
[ 619/700 ] LOSS   22 turns   aiohto, seventeen, bakugo  vs  rengoku, arthur, renamon
[ 620/700 ] LOSS   24 turns   aiohto, nimaiya, tatsumaki  vs  madoka, death, adam
[ 621/700 ] WIN    20 turns   aiohto, edward, ganta  vs  naruto, touka, sakura
Applying bleed effect! Checking special code
[ 622/700 ] WIN    20 turns   aiohto, crona, genos  vs  rob, denji, emiya
[ 623/700 ] WIN    21 turns   aiohto, natsu, genos  vs  levi, nezuko, koro
Applying bleed effect! Checking special code
[ 624/700 ] LOSS   12 turns   aiohto, inosuke, mikasa  vs  killua, mash, jack
[ 625/700 ] LOSS   27 turns   aiohto, mash, renamon  vs  uraraka, mikasa, nonon
[ 626/700 ] WIN    29 turns   aiohto, jaden, usopp  vs  gon, toga, blackstar
Applying bleed effect! Checking special code
Applying bleed effect! Checking special code
Applying bleed effect! Checking special code
[ 627/700 ] LOSS   30 turns   aiohto, todoroki, yoh  vs  natsu, rengoku, eren
[ 628/700 ] WIN    19 turns   aiohto, blackwargreymon, seventeen  vs  tsubasa, nezuko, usopp
[ 629/700 ] WIN    28 turns   aiohto, usopp, blackwargreymon  vs  akame, lizandpatty, arthur
[ 630/700 ] WIN    20 turns   aiohto, nonon, gatomon  vs  hibari, emiya, squalo
[ 631/700 ] WIN    35 turns   aiohto, cell, saitama  vs  veldora, toga, ryohei
[ 632/700 ] WIN    37 turns   aiohto, megumi, hinata  vs  nonon, shinoa, jaden
[ 633/700 ] WIN    13 turns   aiohto, itachi, meliodas  vs  gunha, emiyaarcher, genos
[ 634/700 ] LOSS   26 turns   aiohto, shinoa, gilgamesh  vs  saber, mash, vegeta
[ 635/700 ] LOSS   20 turns   aiohto, toph, satsuki  vs  asta, tsunayoshi, gasai
[ 636/700 ] WIN    26 turns   aiohto, noelle, squalo  vs  killua, satsuki, lucy
Applying bleed effect! Checking special code
[ 637/700 ] WIN    18 turns   aiohto, killua, megumi  vs  ryuko, venus, diane
[ 638/700 ] WIN    25 turns   aiohto, goku, crona  vs  sasuke, hashirama, akame
[ 639/700 ] WIN    40 turns   aiohto, xanxus, tsubaki  vs  alphamon, renamon, noelle
[ 640/700 ] WIN    24 turns   aiohto, hisoka, neferpitou  vs  arthur, frieren, crona
Applying bleed effect! Checking special code
Applying bleed effect! Checking special code
Applying bleed effect! Checking special code
Applying bleed effect! Checking special code
Applying bleed effect! Checking special code
Applying bleed effect! Checking special code
[ 641/700 ] WIN    25 turns   aiohto, touka, hashirama  vs  jack, luffy, ken
[ 642/700 ] LOSS   23 turns   aiohto, cooler, uranus  vs  squalo, kurapika, sheele
Applying bleed effect! Checking special code
[ 643/700 ] WIN    15 turns   aiohto, allmight, meliodas  vs  blackstar, rob, denji
[ 644/700 ] LOSS   22 turns   aiohto, yuno, nagisa  vs  sukuna, soul, saitama
[ 645/700 ] LOSS   43 turns   aiohto, kurotsuchi, mavis  vs  ganta, kuroko, shiro
[ 646/700 ] WIN    23 turns   aiohto, toga, esdeath  vs  naruto, mami, gatomon
[ 647/700 ] WIN    27 turns   aiohto, kurotsuchi, rengoku  vs  tatsumi, genos, aang
[ 648/700 ] WIN    27 turns   aiohto, muichiro, mash  vs  touka, halibel, astolfo
[ 649/700 ] LOSS   49 turns   aiohto, halibel, tsubasa  vs  blackwargreymon, xanxus, marco
[ 650/700 ] LOSS   16 turns   aiohto, ryuko, veldora  vs  toudou, alphonse, itachi
[ 651/700 ] WIN    13 turns   aiohto, tatsumi, mavis  vs  korra, gon, kurapika
[ 652/700 ] WIN    15 turns   aiohto, usopp, emiya  vs  esdeath, yuno, sukuna
[ 653/700 ] LOSS   17 turns   aiohto, kuroko, byakuya  vs  megumin, emiya, hashirama
Yubel's S1 Triggered!
Yubel's S1 Triggered!
[ 654/700 ] LOSS   17 turns   aiohto, nagisa, gunha  vs  yubel, luffy, mavis
[ 655/700 ] WIN    19 turns   aiohto, mavis, yuno  vs  muichiro, death, bakugo
[ 656/700 ] WIN    22 turns   aiohto, soul, semiramis  vs  allmight, squalo, nimaiya
[ 657/700 ] WIN    39 turns   aiohto, touka, uranus  vs  jesse, hisoka, adam
[ 658/700 ] LOSS   17 turns   aiohto, saitama, allmight  vs  kurapika, sayaka, meliodas
[ 659/700 ] WIN    20 turns   aiohto, tatsumaki, rob  vs  eren, mikasa, hawkmon
[ 660/700 ] LOSS   16 turns   aiohto, gray, death  vs  asta, halibel, alphamon
[ 661/700 ] LOSS   26 turns   aiohto, alphamon, emiyaarcher  vs  adam, squalo, kurotsuchi
Applying bleed effect! Checking special code
[ 662/700 ] WIN    28 turns   aiohto, ken, rimuru  vs  astolfo, touka, alphamon
[ 663/700 ] LOSS   18 turns   aiohto, frankenstein, inosuke  vs  alphonse, vegeta, adam
[ 664/700 ] LOSS   27 turns   aiohto, frieren, blackstar  vs  rimuru, ichibe, toph
[ 665/700 ] WIN    21 turns   aiohto, semiramis, yugi  vs  nobara, inuyasha, marco
[ 666/700 ] WIN    24 turns   aiohto, tokoyami, misaka  vs  inuyasha, hashirama, gallantmon
[ 667/700 ] WIN    20 turns   aiohto, blackstar, saitama  vs  madoka, gray, astolfo
[ 668/700 ] WIN    29 turns   aiohto, toga, omnimon  vs  cell, tsubaki, muichiro
[ 669/700 ] WIN    30 turns   aiohto, cooler, pegasus  vs  killua, hashirama, ace
[ 670/700 ] LOSS   20 turns   aiohto, todoroki, uraraka  vs  ichibe, toji, halibel
[ 671/700 ] LOSS   17 turns   aiohto, meliodas, allmight  vs  itachi, emiyaarcher, nagisa
[ 672/700 ] WIN    19 turns   aiohto, gilgamesh, erza  vs  midoriya, minene, tsuyu
[ 673/700 ] WIN    25 turns   aiohto, jaden, nobara  vs  shinra, goku, hashirama
Applying bleed effect! Checking special code
Applying bleed effect! Checking special code
Applying bleed effect! Checking special code
Applying bleed effect! Checking special code
Applying bleed effect! Checking special code
Applying bleed effect! Checking special code
[ 674/700 ] WIN    20 turns   aiohto, meliodas, rakko  vs  sayaka, zoro, rimuru
[ 675/700 ] WIN    20 turns   aiohto, gogeta, tsuyu  vs  gojo, orihime, touka
Applying bleed effect! Checking special code
[ 676/700 ] WIN    17 turns   aiohto, denji, jupiter  vs  halibel, allmight, soul
[ 677/700 ] LOSS   31 turns   aiohto, tsubaki, shokuhou  vs  saturn, sasuke, alphonse
[ 678/700 ] WIN    22 turns   aiohto, tokoyami, sayaka  vs  misaka, shokuhou, gilgamesh
[ 679/700 ] LOSS   10 turns   aiohto, yubel, lyserg  vs  asta, gasai, madoka
[ 680/700 ] WIN    16 turns   aiohto, gunha, jack  vs  nonon, hashirama, jupiter
[ 681/700 ] WIN    20 turns   aiohto, pegasus, erza  vs  asta, ichigo, midoriya
[ 682/700 ] WIN    21 turns   aiohto, mavis, tatsumaki  vs  yamamoto, gogeta, touka
Applying bleed effect! Checking special code
[ 683/700 ] WIN    19 turns   aiohto, nobara, uzui  vs  diane, nezuko, gatomon
[ 684/700 ] WIN    20 turns   aiohto, hashirama, rob  vs  frankenstein, gasai, korra
[ 685/700 ] WIN    37 turns   aiohto, uzui, noelle  vs  jinwoo, ryohei, boruto
[ 686/700 ] LOSS   20 turns   aiohto, emiyaarcher, cooler  vs  blackwargreymon, zenitsu, sayaka
[ 687/700 ] WIN    14 turns   aiohto, esdeath, hibari  vs  byakuya, mercury, inuyasha
[ 688/700 ] WIN    22 turns   aiohto, yuji, tanjiro  vs  myotismon, hibari, tsubaki
Applying bleed effect! Checking special code
Applying bleed effect! Checking special code
Applying bleed effect! Checking special code
Applying bleed effect! Checking special code
[ 689/700 ] WIN    14 turns   aiohto, hashirama, mash  vs  gon, rakko, nobara
[ 690/700 ] WIN    31 turns   aiohto, gatomon, saitama  vs  frieren, nezuko, veldora
[ 691/700 ] LOSS   32 turns   aiohto, shinoa, todoroki  vs  shiro, astolfo, broly
[ 692/700 ] WIN    21 turns   aiohto, toga, tamaki  vs  yuji, korra, toph
Applying bleed effect! Checking special code
Applying bleed effect! Checking special code
Applying bleed effect! Checking special code
Applying bleed effect! Checking special code
Applying bleed effect! Checking special code
Applying bleed effect! Checking special code
Applying bleed effect! Checking special code
[ 693/700 ] LOSS   21 turns   aiohto, halibel, korra  vs  kaiba, itachi, rengoku
[ 694/700 ] WIN    21 turns   aiohto, gasai, zoro  vs  megumi, toji, soul
[ 695/700 ] LOSS   15 turns   aiohto, kurotsuchi, byakuya  vs  noelle, yoh, broly
[ 696/700 ] WIN    21 turns   aiohto, jupiter, saber  vs  usopp, seventeen, allmight
[ 697/700 ] LOSS   25 turns   aiohto, gogeta, tsuyu  vs  ichibe, broly, emiya
[ 698/700 ] WIN    25 turns   aiohto, broly, megumi  vs  emiya, seventeen, ban
[ 699/700 ] LOSS   28 turns   aiohto, nezuko, allmight  vs  impmon, renamon, frankenstein
Applying bleed effect! Checking special code
[ 700/700 ] LOSS   38 turns   aiohto, orihime, inosuke  vs  toph, ban, yuno
=== TRAINER RUN COMPLETE ===
Matches: 700   W: 422   L: 277   D: 1   Win: 60.3%   (opponent: self)
Policy saved to res://training/checkpoints/focus_aiohto/w1.json  (generation 5, trained_matches 10700)
