Godot Engine v4.6.2.stable.official.71f334935 - https://godotengine.org

[trainer] seed=61005 matches=700 opponent=self eval=false out=res://training/checkpoints/focus_gray/w5.json checkpoint=res://training/checkpoints/focused_current.json
[authored] loaded 1 authored character(s)
[   1/700 ] WIN    16 turns   gray, nel, halibel  vs  todoroki, sayaka, diane
[   2/700 ] LOSS   10 turns   gray, yuji, inuyasha  vs  broly, lizandpatty, venus
Applying bleed effect! Checking special code
Applying bleed effect! Checking special code
Applying bleed effect! Checking special code
Applying bleed effect! Checking special code
Applying bleed effect! Checking special code
Applying bleed effect! Checking special code
[   3/700 ] WIN    27 turns   gray, yugi, rakko  vs  toji, naruto, sakura
[   4/700 ] LOSS   18 turns   gray, muichiro, hibari  vs  jupiter, megumi, arthur
Applying bleed effect! Checking special code
Applying bleed effect! Checking special code
Applying bleed effect! Checking special code
Applying bleed effect! Checking special code
Applying bleed effect! Checking special code
Applying bleed effect! Checking special code
Applying bleed effect! Checking special code
Applying bleed effect! Checking special code
Applying bleed effect! Checking special code
[   5/700 ] WIN    19 turns   gray, neferpitou, todoroki  vs  eren, jinwoo, king
[   6/700 ] LOSS   20 turns   gray, emiya, shinoa  vs  killua, koro, omnimon
Yubel's S1 Triggered!
Yubel's S1 Triggered!
[   7/700 ] WIN    18 turns   gray, neferpitou, yubel  vs  meliodas, shokuhou, levi
[   8/700 ] LOSS   21 turns   gray, death, saturn  vs  jaden, kuroko, goku
[   9/700 ] LOSS   17 turns   gray, hinata, mami  vs  sayaka, uzui, hibari
[  10/700 ] WIN    17 turns   gray, death, cell  vs  aiohto, renamon, midoriya
[  11/700 ] WIN    18 turns   gray, alphamon, nagisa  vs  broly, uzui, gallantmon
[  12/700 ] WIN    20 turns   gray, renamon, cell  vs  killua, astolfo, chrome
[  13/700 ] WIN    20 turns   gray, byakuya, orihime  vs  midoriya, sasuke, mami
Applying bleed effect! Checking special code
Applying bleed effect! Checking special code
Applying bleed effect! Checking special code
Applying bleed effect! Checking special code
Applying bleed effect! Checking special code
Applying bleed effect! Checking special code
Applying bleed effect! Checking special code
Applying bleed effect! Checking special code
Applying bleed effect! Checking special code
Applying bleed effect! Checking special code
[  14/700 ] WIN    19 turns   gray, ken, lucy  vs  tokoyami, minene, rakko
[  15/700 ] WIN    33 turns   gray, satsuki, jupiter  vs  madoka, gallantmon, touka
[  16/700 ] LOSS   23 turns   gray, megumi, itachi  vs  gojo, squalo, zoro
[  17/700 ] WIN    23 turns   gray, jesse, lyserg  vs  venus, tsubaki, orihime
[  18/700 ] WIN    19 turns   gray, gojo, gilgamesh  vs  esdeath, impmon, frieren
[  19/700 ] WIN    18 turns   gray, squalo, kaiba  vs  nel, renamon, shokuhou
[  20/700 ] WIN    16 turns   gray, levi, tokoyami  vs  gilgamesh, horohoro, maka
[  21/700 ] LOSS   23 turns   gray, nimaiya, kaiba  vs  nobara, shinoa, aiohto
[  22/700 ] WIN    15 turns   gray, neferpitou, misaka  vs  tatsumaki, bakugo, todoroki
[  23/700 ] LOSS   18 turns   gray, lizandpatty, sayaka  vs  broly, myotismon, eren
[  24/700 ] LOSS   15 turns   gray, frankenstein, emiyaarcher  vs  venus, nezuko, shiro
[  25/700 ] WIN    14 turns   gray, asta, ban  vs  shiro, tokoyami, blackstar
[  26/700 ] WIN    24 turns   gray, kurapika, sakura  vs  adam, gohan, rob
[  27/700 ] WIN    19 turns   gray, tokoyami, gallantmon  vs  uraraka, nobara, byakuya
[  28/700 ] LOSS   18 turns   gray, nonon, kuroko  vs  gohan, kurotsuchi, luffy
[  29/700 ] WIN    23 turns   gray, midoriya, pegasus  vs  impmon, gatomon, mami
[  30/700 ] WIN    42 turns   gray, ichigo, yuji  vs  yugi, aiohto, kitara
[  31/700 ] LOSS   14 turns   gray, blackwargreymon, madoka  vs  death, nimaiya, tsunayoshi
[  32/700 ] LOSS   21 turns   gray, lizandpatty, blackstar  vs  kurotsuchi, toga, toudou
[  33/700 ] LOSS   18 turns   gray, emiya, tatsumi  vs  yugi, myotismon, aiohto
[  34/700 ] WIN    23 turns   gray, tsuyu, byakuya  vs  death, gogeta, nobara
Applying bleed effect! Checking special code
Applying bleed effect! Checking special code
Applying bleed effect! Checking special code
[  35/700 ] LOSS   24 turns   gray, nel, king  vs  mars, yuji, squalo
[  36/700 ] WIN    19 turns   gray, mami, jupiter  vs  squalo, tsuyu, toph
[  37/700 ] WIN    20 turns   gray, touka, asta  vs  death, neferpitou, aiohto
[  38/700 ] WIN    24 turns   gray, edward, satsuki  vs  noelle, yamamoto, ladydevimon
Applying bleed effect! Checking special code
[  39/700 ] LOSS   16 turns   gray, denji, arthur  vs  inuyasha, noelle, lucy
[  40/700 ] LOSS   17 turns   gray, alphonse, veldora  vs  touka, luffy, toga
Applying bleed effect! Checking special code
[  41/700 ] WIN    20 turns   gray, broly, megumi  vs  veldora, mercury, diane
[  42/700 ] LOSS   22 turns   gray, emiyaarcher, lyserg  vs  akame, toga, eren
[  43/700 ] WIN    18 turns   gray, shiro, myotismon  vs  rob, blackwargreymon, jupiter
[  44/700 ] LOSS   22 turns   gray, renamon, shokuhou  vs  cell, esdeath, mash
[  45/700 ] WIN    21 turns   gray, venus, genos  vs  kitara, muichiro, toph
[  46/700 ] WIN    29 turns   gray, gallantmon, squalo  vs  venus, yubel, zenitsu
[  47/700 ] WIN    20 turns   gray, kaiba, seventeen  vs  jupiter, shiro, gasai
[  48/700 ] WIN    28 turns   gray, ganta, xanxus  vs  jack, seventeen, arthur
[  49/700 ] LOSS   17 turns   gray, jeanne, yamamoto  vs  saber, hashirama, yuji
Applying bleed effect! Checking special code
Applying bleed effect! Checking special code
Applying bleed effect! Checking special code
Applying bleed effect! Checking special code
[  50/700 ] WIN    22 turns   gray, levi, hibari  vs  rakko, mercury, marco
[  51/700 ] WIN    22 turns   gray, goku, mine  vs  squalo, zoro, misaka
[  52/700 ] LOSS   23 turns   gray, shiro, satsuki  vs  shinra, mercury, tanjiro
[  53/700 ] LOSS   17 turns   gray, lyserg, gohan  vs  ganta, kurapika, itachi
[  54/700 ] WIN    36 turns   gray, pegasus, ichibe  vs  sasuke, arthur, rimuru
Applying bleed effect! Checking special code
Applying bleed effect! Checking special code
Applying bleed effect! Checking special code
Applying bleed effect! Checking special code
[  55/700 ] LOSS   35 turns   gray, sakura, naruto  vs  rengoku, rimuru, uraraka
[  56/700 ] LOSS   44 turns   gray, death, eren  vs  king, chrome, uranus
[  57/700 ] LOSS   18 turns   gray, todoroki, ichibe  vs  nobara, asta, aang
[  58/700 ] WIN    22 turns   gray, halibel, tsubaki  vs  minene, hinata, cell
[  59/700 ] LOSS   16 turns   gray, sakura, cell  vs  tokoyami, allmight, killua
[  60/700 ] LOSS   32 turns   gray, tatsumi, jesse  vs  tsunayoshi, orihime, hisoka
Applying bleed effect! Checking special code
Applying bleed effect! Checking special code
[  61/700 ] WIN    26 turns   gray, rakko, mikasa  vs  lizandpatty, tamaki, hisoka
[  62/700 ] LOSS   13 turns   gray, ganta, byakuya  vs  zenitsu, soul, gojo
[  63/700 ] LOSS   18 turns   gray, killua, cooler  vs  toudou, noelle, hibari
[  64/700 ] WIN    25 turns   gray, boruto, satsuki  vs  gasai, alphamon, usopp
[  65/700 ] LOSS   23 turns   gray, naruto, horohoro  vs  cell, itachi, koro
Applying bleed effect! Checking special code
Applying bleed effect! Checking special code
Applying bleed effect! Checking special code
[  66/700 ] WIN    35 turns   gray, venus, diane  vs  hinata, ryohei, muichiro
[  67/700 ] WIN    20 turns   gray, tamaki, genos  vs  kitara, renamon, squalo
[  68/700 ] WIN    32 turns   gray, emiya, mars  vs  gilgamesh, sayaka, lyserg
[  69/700 ] WIN    14 turns   gray, nagisa, tokoyami  vs  ryohei, shokuhou, boruto
[  70/700 ] WIN    20 turns   gray, goku, ryohei  vs  squalo, inuyasha, yuji
[  71/700 ] WIN    20 turns   gray, astolfo, alphonse  vs  itachi, goku, rimuru
Applying bleed effect! Checking special code
[  72/700 ] LOSS   20 turns   gray, vegeta, gon  vs  power, korra, broly
[  73/700 ] WIN    27 turns   gray, touka, power  vs  inuyasha, sasuke, koro
[  74/700 ] WIN    19 turns   gray, asta, gasai  vs  kid, muichiro, jack
[  75/700 ] WIN    21 turns   gray, xanxus, shinra  vs  adam, jeanne, aang
[  76/700 ] WIN    16 turns   gray, misaka, vegeta  vs  crona, xanxus, renamon
[  77/700 ] WIN    23 turns   gray, edward, killua  vs  gasai, mavis, denji
[  78/700 ] WIN    13 turns   gray, mine, gogeta  vs  blackwargreymon, sasuke, jeanne
[  79/700 ] WIN    14 turns   gray, gilgamesh, misaka  vs  byakuya, megumin, noelle
[  80/700 ] WIN    16 turns   gray, chrome, ryohei  vs  bakugo, esdeath, gogeta
[  81/700 ] LOSS   18 turns   gray, erza, gojo  vs  gogeta, midoriya, genos
[  82/700 ] WIN    14 turns   gray, gallantmon, sayaka  vs  squalo, levi, luffy
[  83/700 ] LOSS   23 turns   gray, blackwargreymon, sakura  vs  zenitsu, blackstar, genos
[  84/700 ] WIN    16 turns   gray, yugi, toudou  vs  tsunayoshi, nezuko, maka
[  85/700 ] LOSS   18 turns   gray, neferpitou, gatomon  vs  luffy, bakugo, mavis
[  86/700 ] LOSS   18 turns   gray, kaiba, hinata  vs  gatomon, astolfo, kuroko
[  87/700 ] WIN    23 turns   gray, erza, saturn  vs  edward, mercury, inuyasha
[  88/700 ] WIN    28 turns   gray, toga, astolfo  vs  jupiter, tsuyu, yamamoto
[  89/700 ] WIN    23 turns   gray, erza, cell  vs  machinedramon, alphamon, tanjiro
Applying bleed effect! Checking special code
Applying bleed effect! Checking special code
[  90/700 ] LOSS   21 turns   gray, ladydevimon, inosuke  vs  asta, rob, tatsumi
Applying bleed effect! Checking special code
Applying bleed effect! Checking special code
Applying bleed effect! Checking special code
Applying bleed effect! Checking special code
Applying bleed effect! Checking special code
Applying bleed effect! Checking special code
Applying bleed effect! Checking special code
Applying bleed effect! Checking special code
[  91/700 ] LOSS   27 turns   gray, mars, emiyaarcher  vs  ken, gatomon, toph
[  92/700 ] WIN    24 turns   gray, ryuko, vegeta  vs  kurotsuchi, squalo, minene
[  93/700 ] WIN    28 turns   gray, luffy, levi  vs  ban, semiramis, kid
[  94/700 ] LOSS   18 turns   gray, frieren, rob  vs  kurapika, levi, hashirama
[  95/700 ] WIN    15 turns   gray, rob, death  vs  ace, kid, machinedramon
[  96/700 ] LOSS   25 turns   gray, esdeath, ace  vs  marco, tokoyami, usopp
Applying bleed effect! Checking special code
Applying bleed effect! Checking special code
Applying bleed effect! Checking special code
Applying bleed effect! Checking special code
[  97/700 ] WIN    18 turns   gray, shiro, esdeath  vs  power, orihime, nobara
[  98/700 ] LOSS   24 turns   gray, yamamoto, gogeta  vs  cell, blackstar, kuroko
[  99/700 ] LOSS   23 turns   gray, aang, naruto  vs  yuji, gogeta, hinata
[ 100/700 ] LOSS   20 turns   gray, uranus, gogeta  vs  astolfo, gilgamesh, byakuya
[ 101/700 ] LOSS   10 turns   gray, rob, frankenstein  vs  mami, gojo, gilgamesh
[ 102/700 ] WIN    30 turns   gray, touka, nobara  vs  hisoka, toph, yuno
Applying bleed effect! Checking special code
Applying bleed effect! Checking special code
[ 103/700 ] WIN    19 turns   gray, jupiter, shinoa  vs  inosuke, omnimon, jeanne
Applying bleed effect! Checking special code
Applying bleed effect! Checking special code
Applying bleed effect! Checking special code
Applying bleed effect! Checking special code
Applying bleed effect! Checking special code
[ 104/700 ] WIN    12 turns   gray, hibari, ken  vs  renamon, soul, inuyasha
[ 105/700 ] WIN    16 turns   gray, ryohei, levi  vs  blackstar, semiramis, emiya
[ 106/700 ] LOSS   15 turns   gray, nimaiya, halibel  vs  gon, allmight, sayaka
[ 107/700 ] LOSS   16 turns   gray, xanxus, toga  vs  erza, nimaiya, toji
[ 108/700 ] WIN    12 turns   gray, tatsumaki, madoka  vs  yubel, yamamoto, shiro
[ 109/700 ] WIN    21 turns   gray, levi, astolfo  vs  diane, semiramis, mikasa
[ 110/700 ] WIN    24 turns   gray, saturn, koro  vs  nezuko, hibari, goku
Applying bleed effect! Checking special code
Applying bleed effect! Checking special code
Applying bleed effect! Checking special code
Applying bleed effect! Checking special code
[ 111/700 ] WIN    16 turns   gray, nimaiya, cooler  vs  chrome, touka, rakko
[ 112/700 ] LOSS   22 turns   gray, sukuna, gasai  vs  blackstar, meliodas, yamamoto
Applying bleed effect! Checking special code
Applying bleed effect! Checking special code
Applying bleed effect! Checking special code
Applying bleed effect! Checking special code
Applying bleed effect! Checking special code
[ 113/700 ] LOSS   17 turns   gray, denji, levi  vs  ken, gon, natsu
Applying bleed effect! Checking special code
[ 114/700 ] LOSS   20 turns   gray, korra, rengoku  vs  tamaki, gasai, todoroki
[ 115/700 ] LOSS   17 turns   gray, hinata, itachi  vs  blackwargreymon, jaden, mavis
Applying bleed effect! Checking special code
Applying bleed effect! Checking special code
[ 116/700 ] WIN    15 turns   gray, gasai, uzui  vs  inosuke, machinedramon, jesse
Applying bleed effect! Checking special code
Applying bleed effect! Checking special code
[ 117/700 ] LOSS   20 turns   gray, sakura, naruto  vs  broly, power, aang
Applying bleed effect! Checking special code
Applying bleed effect! Checking special code
[ 118/700 ] WIN    23 turns   gray, nimaiya, inosuke  vs  saitama, tsuyu, ban
[ 119/700 ] WIN    18 turns   gray, hashirama, aiohto  vs  emiya, tanjiro, veldora
[ 120/700 ] WIN    23 turns   gray, mine, maka  vs  satsuki, tsubaki, jeanne
[ 121/700 ] WIN    19 turns   gray, yamamoto, naruto  vs  shinoa, jeanne, tamaki
[ 122/700 ] WIN    28 turns   gray, seventeen, gon  vs  jinwoo, orihime, soul
[ 123/700 ] WIN    19 turns   gray, goku, saber  vs  crona, ichigo, tsubaki
[ 124/700 ] WIN    21 turns   gray, mars, adam  vs  tsubasa, lucy, hibari
[ 125/700 ] WIN    21 turns   gray, gunha, sheele  vs  aiohto, emiya, tamaki
[ 126/700 ] LOSS   20 turns   gray, mami, sayaka  vs  mash, kitara, lucy
[ 127/700 ] WIN    39 turns   gray, gohan, sasuke  vs  veldora, midoriya, nimaiya
[ 128/700 ] WIN    16 turns   gray, machinedramon, byakuya  vs  maka, uraraka, xanxus
[ 129/700 ] LOSS   24 turns   gray, edward, toph  vs  death, minene, luffy
[ 130/700 ] WIN    16 turns   gray, esdeath, lizandpatty  vs  luffy, tsuyu, veldora
[ 131/700 ] WIN    19 turns   gray, myotismon, pegasus  vs  megumi, ichigo, kid
[ 132/700 ] WIN    16 turns   gray, uraraka, tsubaki  vs  hawkmon, emiyaarcher, mash
[ 133/700 ] WIN    18 turns   gray, gunha, genos  vs  rakko, yugi, kurapika
[ 134/700 ] WIN    15 turns   gray, ichigo, usopp  vs  ganta, byakuya, sukuna
[ 135/700 ] LOSS   27 turns   gray, gohan, sayaka  vs  blackwargreymon, nagisa, cooler
[ 136/700 ] WIN    21 turns   gray, adam, gallantmon  vs  venus, yuji, sasuke
[ 137/700 ] WIN    20 turns   gray, death, yamamoto  vs  korra, tsubasa, toph
[ 138/700 ] LOSS   21 turns   gray, rimuru, korra  vs  allmight, sakura, asta
[ 139/700 ] WIN    19 turns   gray, inosuke, genos  vs  koro, venus, aiohto
[ 140/700 ] WIN    27 turns   gray, mercury, venus  vs  saturn, ace, edward
[ 141/700 ] LOSS   21 turns   gray, esdeath, allmight  vs  halibel, jupiter, hinata
[ 142/700 ] WIN    19 turns   gray, uzui, veldora  vs  touka, renamon, toph
Applying bleed effect! Checking special code
Applying bleed effect! Checking special code
Applying bleed effect! Checking special code
Applying bleed effect! Checking special code
[ 143/700 ] WIN    22 turns   gray, korra, mash  vs  power, sayaka, misaka
[ 144/700 ] WIN    20 turns   gray, gon, pegasus  vs  kurapika, noelle, orihime
[ 145/700 ] WIN    23 turns   gray, gasai, sakura  vs  toudou, kid, omnimon
[ 146/700 ] WIN    16 turns   gray, gatomon, satsuki  vs  tsubaki, kaiba, jesse
[ 147/700 ] WIN    15 turns   gray, edward, lizandpatty  vs  nonon, sayaka, madoka
[ 148/700 ] WIN    15 turns   gray, hinata, yamamoto  vs  uzui, inuyasha, gatomon
Applying bleed effect! Checking special code
Applying bleed effect! Checking special code
Applying bleed effect! Checking special code
[ 149/700 ] LOSS   30 turns   gray, lyserg, naruto  vs  astolfo, denji, neferpitou
[ 150/700 ] LOSS   31 turns   gray, adam, orihime  vs  levi, gunha, frankenstein
[ 151/700 ] LOSS   24 turns   gray, hisoka, ryuko  vs  neferpitou, tatsumaki, bakugo
[ 152/700 ] WIN    16 turns   gray, saitama, zenitsu  vs  blackstar, toji, tsuyu
[ 153/700 ] LOSS   24 turns   gray, hibari, usopp  vs  koro, kurotsuchi, death
[ 154/700 ] LOSS   17 turns   gray, mercury, gon  vs  ladydevimon, seventeen, alphonse
[ 155/700 ] LOSS   17 turns   gray, ban, levi  vs  zoro, neferpitou, esdeath
[ 156/700 ] WIN    16 turns   gray, halibel, jupiter  vs  midoriya, power, mars
Applying bleed effect! Checking special code
Applying bleed effect! Checking special code
[ 157/700 ] WIN    24 turns   gray, king, broly  vs  itachi, luffy, venus
Applying bleed effect! Checking special code
Applying bleed effect! Checking special code
Applying bleed effect! Checking special code
[ 158/700 ] WIN    24 turns   gray, midoriya, inosuke  vs  neferpitou, gasai, denji
Yubel's S1 Triggered!
[ 159/700 ] LOSS   16 turns   gray, nonon, yubel  vs  byakuya, halibel, nel
Applying bleed effect! Checking special code
Applying bleed effect! Checking special code
Applying bleed effect! Checking special code
Applying bleed effect! Checking special code
Applying bleed effect! Checking special code
Applying bleed effect! Checking special code
Applying bleed effect! Checking special code
Applying bleed effect! Checking special code
[ 160/700 ] LOSS   21 turns   gray, denji, xanxus  vs  myotismon, ken, cooler
Applying bleed effect! Checking special code
Applying bleed effect! Checking special code
[ 161/700 ] WIN    22 turns   gray, itachi, chrome  vs  rengoku, zoro, mine
[ 162/700 ] WIN    20 turns   gray, ban, yubel  vs  toga, semiramis, tanjiro
[ 163/700 ] LOSS   12 turns   gray, ganta, noelle  vs  jupiter, yuji, jaden
[ 164/700 ] WIN    14 turns   gray, jupiter, diane  vs  xanxus, muichiro, mars
[ 165/700 ] WIN    20 turns   gray, saturn, uraraka  vs  jack, satsuki, maka
[ 166/700 ] WIN    27 turns   gray, lyserg, kid  vs  sakura, jaden, renamon
[ 167/700 ] LOSS   16 turns   gray, usopp, boruto  vs  broly, emiyaarcher, madoka
[ 168/700 ] LOSS   18 turns   gray, lyserg, hibari  vs  hashirama, ban, diane
[ 169/700 ] LOSS   23 turns   gray, broly, shiro  vs  saitama, yugi, mine
[ 170/700 ] WIN    20 turns   gray, impmon, gilgamesh  vs  mercury, tsuyu, edward
[ 171/700 ] WIN    19 turns   gray, gatomon, hisoka  vs  venus, jinwoo, lyserg
[ 172/700 ] LOSS   21 turns   gray, itachi, midoriya  vs  kitara, toga, jaden
[ 173/700 ] WIN    24 turns   gray, ace, megumi  vs  lyserg, veldora, jupiter
Yubel's S1 Triggered!
Yubel's S1 Triggered!
[ 174/700 ] WIN    17 turns   gray, midoriya, luffy  vs  machinedramon, yubel, impmon
[ 175/700 ] WIN    24 turns   gray, omnimon, sakura  vs  nimaiya, zoro, erza
[ 176/700 ] WIN    35 turns   gray, sasuke, myotismon  vs  gogeta, inuyasha, satsuki
[ 177/700 ] WIN    22 turns   gray, hinata, myotismon  vs  death, horohoro, kitara
[ 178/700 ] WIN    19 turns   gray, jaden, megumin  vs  lizandpatty, broly, rakko
[ 179/700 ] WIN    23 turns   gray, toudou, crona  vs  toji, diane, noelle
Applying bleed effect! Checking special code
[ 180/700 ] WIN    16 turns   gray, jack, rakko  vs  korra, lizandpatty, soul
[ 181/700 ] LOSS   36 turns   gray, minene, lucy  vs  meliodas, tsubasa, satsuki
[ 182/700 ] LOSS   22 turns   gray, venus, pegasus  vs  machinedramon, yugi, toudou
[ 183/700 ] LOSS   20 turns   gray, orihime, alphamon  vs  maka, saturn, gasai
[ 184/700 ] LOSS   19 turns   gray, gallantmon, satsuki  vs  nel, todoroki, aang
[ 185/700 ] LOSS   29 turns   gray, gon, horohoro  vs  muichiro, ladydevimon, megumi
[ 186/700 ] WIN    21 turns   gray, impmon, venus  vs  gohan, tokoyami, frieren
[ 187/700 ] WIN    14 turns   gray, megumin, esdeath  vs  jeanne, frankenstein, korra
[ 188/700 ] WIN    15 turns   gray, uranus, mercury  vs  nobara, ladydevimon, blackwargreymon
Applying bleed effect! Checking special code
Applying bleed effect! Checking special code
Applying bleed effect! Checking special code
Applying bleed effect! Checking special code
Applying bleed effect! Checking special code
[ 189/700 ] WIN    15 turns   gray, gunha, tsunayoshi  vs  ken, sukuna, jinwoo
[ 190/700 ] WIN    15 turns   gray, tokoyami, blackwargreymon  vs  ganta, kurapika, nimaiya
Applying bleed effect! Checking special code
Applying bleed effect! Checking special code
Applying bleed effect! Checking special code
Applying bleed effect! Checking special code
Applying bleed effect! Checking special code
Applying bleed effect! Checking special code
[ 191/700 ] WIN    16 turns   gray, crona, ken  vs  horohoro, jeanne, jesse
Applying bleed effect! Checking special code
[ 192/700 ] WIN    18 turns   gray, power, diane  vs  omnimon, usopp, akame
Applying bleed effect! Checking special code
Applying bleed effect! Checking special code
Applying bleed effect! Checking special code
Applying bleed effect! Checking special code
Applying bleed effect! Checking special code
Applying bleed effect! Checking special code
Applying bleed effect! Checking special code
Applying bleed effect! Checking special code
Applying bleed effect! Checking special code
Applying bleed effect! Checking special code
Applying bleed effect! Checking special code
[ 193/700 ] WIN    21 turns   gray, orihime, rengoku  vs  denji, koro, luffy
[ 194/700 ] WIN    21 turns   gray, nobara, bakugo  vs  ichigo, naruto, cell
[ 195/700 ] WIN    17 turns   gray, semiramis, alphamon  vs  yubel, jack, jupiter
[ 196/700 ] LOSS   14 turns   gray, marco, tanjiro  vs  cooler, tsunayoshi, luffy
Applying bleed effect! Checking special code
Applying bleed effect! Checking special code
Applying bleed effect! Checking special code
Applying bleed effect! Checking special code
[ 197/700 ] WIN    24 turns   gray, uzui, kitara  vs  megumin, denji, boruto
[ 198/700 ] LOSS   18 turns   gray, inuyasha, tokoyami  vs  neferpitou, shinra, kurotsuchi
[ 199/700 ] LOSS   18 turns   gray, orihime, inuyasha  vs  uraraka, nimaiya, allmight
Applying bleed effect! Checking special code
Yubel's S1 Triggered!
Yubel's S1 Triggered!
Applying bleed effect! Checking special code
[ 200/700 ] WIN    13 turns   gray, yugi, yubel  vs  jesse, mami, rengoku
[ 201/700 ] LOSS   19 turns   gray, tsubasa, jesse  vs  lyserg, nel, maka
[ 202/700 ] LOSS   22 turns   gray, gogeta, gohan  vs  seventeen, gilgamesh, tsunayoshi
[ 203/700 ] WIN    19 turns   gray, broly, jaden  vs  byakuya, touka, tamaki
[ 204/700 ] WIN    19 turns   gray, lucy, aang  vs  tatsumaki, jupiter, jeanne
[ 205/700 ] LOSS   20 turns   gray, adam, emiya  vs  gogeta, emiyaarcher, neferpitou
[ 206/700 ] WIN    13 turns   gray, itachi, mavis  vs  cooler, ladydevimon, tsuyu
[ 207/700 ] LOSS   22 turns   gray, tsubaki, maka  vs  goku, gogeta, tamaki
[ 208/700 ] LOSS   18 turns   gray, mavis, rob  vs  mine, broly, byakuya
[ 209/700 ] WIN    10 turns   gray, ban, ichigo  vs  gatomon, ace, soul
[ 210/700 ] WIN    13 turns   gray, lyserg, death  vs  hawkmon, eren, goku
[ 211/700 ] WIN    20 turns   gray, tsunayoshi, machinedramon  vs  toph, asta, kurapika
[ 212/700 ] WIN    21 turns   gray, alphonse, saitama  vs  neferpitou, kurotsuchi, minene
Applying bleed effect! Checking special code
Applying bleed effect! Checking special code
Applying bleed effect! Checking special code
Applying bleed effect! Checking special code
[ 213/700 ] WIN    14 turns   gray, rengoku, squalo  vs  crona, nonon, shinra
[ 214/700 ] WIN    16 turns   gray, ganta, lucy  vs  muichiro, machinedramon, hisoka
Applying bleed effect! Checking special code
[ 215/700 ] LOSS   21 turns   gray, denji, jeanne  vs  death, itachi, toga
[ 216/700 ] WIN    15 turns   gray, arthur, itachi  vs  vegeta, tamaki, crona
[ 217/700 ] WIN    13 turns   gray, korra, tokoyami  vs  yubel, midoriya, gon
[ 218/700 ] WIN    16 turns   gray, ichigo, kid  vs  hashirama, marco, jeanne
[ 219/700 ] WIN    17 turns   gray, cell, boruto  vs  shokuhou, tsunayoshi, muichiro
[ 220/700 ] WIN    15 turns   gray, veldora, luffy  vs  toga, goku, saitama
[ 221/700 ] LOSS   22 turns   gray, jesse, gojo  vs  hibari, frankenstein, satsuki
Applying bleed effect! Checking special code
[ 222/700 ] WIN    16 turns   gray, chrome, diane  vs  death, alphamon, mikasa
[ 223/700 ] LOSS   30 turns   gray, touka, nonon  vs  aiohto, frieren, muichiro
[ 224/700 ] WIN    13 turns   gray, meliodas, broly  vs  jeanne, levi, korra
[ 225/700 ] WIN    18 turns   gray, naruto, uzui  vs  tokoyami, jack, mami
[ 226/700 ] WIN    18 turns   gray, levi, shinra  vs  pegasus, semiramis, blackstar
[ 227/700 ] LOSS   27 turns   gray, chrome, vegeta  vs  yamamoto, gon, saturn
[ 228/700 ] WIN    11 turns   gray, meliodas, usopp  vs  machinedramon, seventeen, sasuke
[ 229/700 ] WIN    18 turns   gray, noelle, meliodas  vs  goku, nimaiya, machinedramon
[ 230/700 ] WIN    12 turns   gray, tsubaki, horohoro  vs  kuroko, mikasa, hawkmon
[ 231/700 ] LOSS   19 turns   gray, shinoa, soul  vs  alphamon, toudou, meliodas
[ 232/700 ] WIN    21 turns   gray, toudou, killua  vs  goku, astolfo, gohan
Applying bleed effect! Checking special code
Applying bleed effect! Checking special code
[ 233/700 ] WIN    14 turns   gray, inuyasha, blackwargreymon  vs  gasai, power, megumin
[ 234/700 ] LOSS   30 turns   gray, yamamoto, nezuko  vs  nagisa, kid, hawkmon
[ 235/700 ] WIN    24 turns   gray, mars, gilgamesh  vs  misaka, mercury, pegasus
Applying bleed effect! Checking special code
[ 236/700 ] WIN    20 turns   gray, noelle, zenitsu  vs  aiohto, rengoku, usopp
[ 237/700 ] WIN    29 turns   gray, toph, misaka  vs  jack, goku, nonon
Applying bleed effect! Checking special code
Applying bleed effect! Checking special code
[ 238/700 ] WIN    12 turns   gray, nimaiya, tsubaki  vs  denji, inosuke, korra
[ 239/700 ] WIN    14 turns   gray, blackstar, kurapika  vs  saber, shokuhou, maka
[ 240/700 ] WIN    17 turns   gray, zoro, gojo  vs  nobara, muichiro, hawkmon
[ 241/700 ] WIN    11 turns   gray, alphonse, gon  vs  shinoa, machinedramon, inosuke
[ 242/700 ] WIN    23 turns   gray, mars, hinata  vs  gatomon, tsubasa, tsuyu
[ 243/700 ] WIN    16 turns   gray, asta, tsubaki  vs  diane, korra, hisoka
[ 244/700 ] WIN    17 turns   gray, renamon, hawkmon  vs  yubel, tsubasa, yuji
[ 245/700 ] WIN    21 turns   gray, blackwargreymon, megumi  vs  mikasa, kid, tsubasa
[ 246/700 ] LOSS   24 turns   gray, chrome, meliodas  vs  orihime, natsu, zenitsu
[ 247/700 ] LOSS   20 turns   gray, mash, rimuru  vs  erza, shiro, tsunayoshi
Yubel's S1 Triggered!
Yubel's S1 Triggered!
[ 248/700 ] WIN    19 turns   gray, yubel, hibari  vs  gohan, levi, veldora
[ 249/700 ] WIN    30 turns   gray, saitama, nel  vs  kurotsuchi, cell, emiyaarcher
Applying bleed effect! Checking special code
Applying bleed effect! Checking special code
Applying bleed effect! Checking special code
Applying bleed effect! Checking special code
Applying bleed effect! Checking special code
[ 250/700 ] LOSS   17 turns   gray, orihime, esdeath  vs  jaden, rakko, venus
[ 251/700 ] WIN    12 turns   gray, esdeath, tsunayoshi  vs  mars, maka, ganta
[ 252/700 ] WIN    18 turns   gray, tsubaki, crona  vs  toga, boruto, noelle
[ 253/700 ] LOSS   20 turns   gray, veldora, gon  vs  tanjiro, gallantmon, ryuko
[ 254/700 ] WIN    18 turns   gray, koro, jaden  vs  mash, tamaki, aiohto
[ 255/700 ] LOSS   25 turns   gray, orihime, hinata  vs  yuji, ichibe, gon
[ 256/700 ] WIN    31 turns   gray, toga, megumi  vs  rimuru, veldora, arthur
[ 257/700 ] WIN    12 turns   gray, killua, ladydevimon  vs  blackwargreymon, broly, jeanne
[ 258/700 ] WIN    17 turns   gray, gunha, boruto  vs  orihime, yugi, luffy
[ 259/700 ] WIN    21 turns   gray, tokoyami, eren  vs  mash, veldora, blackstar
[ 260/700 ] WIN    25 turns   gray, gasai, marco  vs  alphonse, gohan, eren
Applying bleed effect! Checking special code
Applying bleed effect! Checking special code
Applying bleed effect! Checking special code
Applying bleed effect! Checking special code
Applying bleed effect! Checking special code
Applying bleed effect! Checking special code
[ 261/700 ] WIN    19 turns   gray, arthur, inuyasha  vs  touka, rengoku, erza
[ 262/700 ] WIN    15 turns   gray, asta, kitara  vs  kuroko, emiyaarcher, ryohei
[ 263/700 ] LOSS   18 turns   gray, tanjiro, madoka  vs  lyserg, meliodas, gon
[ 264/700 ] WIN    23 turns   gray, orihime, hashirama  vs  diane, jeanne, mercury
[ 265/700 ] WIN    14 turns   gray, kurotsuchi, cooler  vs  killua, jupiter, jinwoo
[ 266/700 ] WIN    14 turns   gray, rimuru, hibari  vs  shinra, broly, xanxus
[ 267/700 ] WIN    14 turns   gray, yoh, semiramis  vs  zoro, hawkmon, tokoyami
[ 268/700 ] WIN    14 turns   gray, yamamoto, natsu  vs  midoriya, ganta, gojo
[ 269/700 ] WIN     9 turns   gray, toji, jack  vs  akame, eren, satsuki
[ 270/700 ] LOSS   23 turns   gray, nagisa, minene  vs  gilgamesh, renamon, blackstar
[ 271/700 ] WIN    22 turns   gray, kurotsuchi, erza  vs  yubel, kitara, jinwoo
[ 272/700 ] WIN    16 turns   gray, nel, genos  vs  kaiba, gatomon, inuyasha
[ 273/700 ] WIN    18 turns   gray, jaden, adam  vs  jeanne, saturn, death
[ 274/700 ] WIN    18 turns   gray, ichigo, gogeta  vs  noelle, cell, kurapika
[ 275/700 ] WIN    13 turns   gray, alphonse, myotismon  vs  neferpitou, tsubasa, denji
Applying bleed effect! Checking special code
Applying bleed effect! Checking special code
Applying bleed effect! Checking special code
[ 276/700 ] WIN    21 turns   gray, tokoyami, jesse  vs  kuroko, denji, yugi
Applying bleed effect! Checking special code
Applying bleed effect! Checking special code
Applying bleed effect! Checking special code
Applying bleed effect! Checking special code
Applying bleed effect! Checking special code
Applying bleed effect! Checking special code
Applying bleed effect! Checking special code
Applying bleed effect! Checking special code
Applying bleed effect! Checking special code
[ 277/700 ] WIN    33 turns   gray, megumi, king  vs  misaka, kitara, satsuki
[ 278/700 ] LOSS   19 turns   gray, ichibe, megumin  vs  frieren, touka, renamon
[ 279/700 ] WIN    33 turns   gray, ganta, blackwargreymon  vs  veldora, gatomon, nagisa
[ 280/700 ] WIN    19 turns   gray, genos, shokuhou  vs  natsu, tatsumi, noelle
[ 281/700 ] WIN    23 turns   gray, gohan, megumi  vs  megumin, mars, yuno
[ 282/700 ] LOSS   15 turns   gray, rimuru, jinwoo  vs  sukuna, tatsumaki, saitama
[ 283/700 ] LOSS   16 turns   gray, horohoro, kid  vs  vegeta, machinedramon, alphonse
[ 284/700 ] WIN    20 turns   gray, itachi, yuno  vs  renamon, satsuki, sheele
[ 285/700 ] WIN    31 turns   gray, sakura, ladydevimon  vs  arthur, toudou, mami
[ 286/700 ] LOSS   14 turns   gray, inuyasha, sukuna  vs  mikasa, shinra, tatsumi
[ 287/700 ] LOSS   19 turns   gray, toga, muichiro  vs  yubel, tatsumi, yuno
[ 288/700 ] LOSS   12 turns   gray, seventeen, nobara  vs  mine, venus, tsubaki
[ 289/700 ] LOSS   27 turns   gray, gatomon, gilgamesh  vs  maka, kaiba, satsuki
[ 290/700 ] LOSS   23 turns   gray, rimuru, sayaka  vs  sheele, midoriya, chrome
[ 291/700 ] WIN    13 turns   gray, eren, shinra  vs  megumi, korra, tamaki
[ 292/700 ] WIN    26 turns   gray, orihime, broly  vs  adam, jaden, naruto
[ 293/700 ] WIN    17 turns   gray, nagisa, korra  vs  gon, horohoro, mars
[ 294/700 ] LOSS   16 turns   gray, kurotsuchi, yoh  vs  hashirama, nimaiya, saitama
[ 295/700 ] WIN    23 turns   gray, byakuya, chrome  vs  levi, yamamoto, death
[ 296/700 ] WIN    17 turns   gray, nagisa, gallantmon  vs  gohan, yugi, astolfo
[ 297/700 ] WIN    25 turns   gray, uranus, nagisa  vs  touka, tatsumaki, alphonse
[ 298/700 ] LOSS   12 turns   gray, cell, midoriya  vs  lucy, asta, touka
[ 299/700 ] WIN    13 turns   gray, jack, satsuki  vs  nimaiya, mavis, soul
[ 300/700 ] WIN    22 turns   gray, hibari, ichibe  vs  cooler, yuno, kaiba
[ 301/700 ] LOSS   19 turns   gray, power, toga  vs  gallantmon, tatsumi, tsunayoshi
[ 302/700 ] WIN    20 turns   gray, saitama, zenitsu  vs  semiramis, aang, lucy
[ 303/700 ] WIN    18 turns   gray, chrome, shiro  vs  soul, boruto, uranus
[ 304/700 ] LOSS   33 turns   gray, toji, rimuru  vs  orihime, nonon, hawkmon
[ 305/700 ] LOSS   41 turns   gray, hawkmon, yoh  vs  cell, jeanne, toji
[ 306/700 ] LOSS   11 turns   gray, broly, myotismon  vs  itachi, ryuko, sukuna
[ 307/700 ] WIN    13 turns   gray, nel, luffy  vs  gohan, boruto, nobara
[ 308/700 ] LOSS   57 turns   gray, mavis, inuyasha  vs  gunha, levi, venus
[ 309/700 ] LOSS   27 turns   gray, tanjiro, nimaiya  vs  todoroki, nagisa, erza
[ 310/700 ] LOSS   22 turns   gray, alphamon, allmight  vs  madoka, blackwargreymon, tanjiro
[ 311/700 ] WIN     9 turns   gray, gunha, satsuki  vs  adam, death, mars
Applying bleed effect! Checking special code
[ 312/700 ] WIN    15 turns   gray, tatsumaki, vegeta  vs  diane, nonon, bakugo
[ 313/700 ] WIN    14 turns   gray, jack, mars  vs  alphamon, mikasa, venus
Applying bleed effect! Checking special code
[ 314/700 ] WIN    23 turns   gray, jack, tatsumaki  vs  mikasa, rakko, neferpitou
[ 315/700 ] WIN    15 turns   gray, gon, nel  vs  tsuyu, asta, omnimon
[ 316/700 ] WIN    19 turns   gray, toudou, tsubaki  vs  horohoro, veldora, byakuya
[ 317/700 ] LOSS   22 turns   gray, nonon, nezuko  vs  yoh, broly, halibel
[ 318/700 ] WIN    23 turns   gray, yamamoto, arthur  vs  byakuya, kaiba, toph
Applying bleed effect! Checking special code
Applying bleed effect! Checking special code
Applying bleed effect! Checking special code
[ 319/700 ] WIN    22 turns   gray, death, jupiter  vs  rakko, omnimon, kuroko
Applying bleed effect! Checking special code
Applying bleed effect! Checking special code
Applying bleed effect! Checking special code
[ 320/700 ] WIN    20 turns   gray, boruto, yuno  vs  muichiro, king, yuji
[ 321/700 ] WIN    18 turns   gray, chrome, nobara  vs  bakugo, vegeta, ichigo
[ 322/700 ] LOSS   16 turns   gray, yoh, nezuko  vs  ganta, adam, ace
[ 323/700 ] WIN    27 turns   gray, kaiba, nezuko  vs  kurotsuchi, mars, byakuya
[ 324/700 ] LOSS   35 turns   gray, soul, mars  vs  mavis, emiya, myotismon
[ 325/700 ] LOSS   15 turns   gray, kid, sayaka  vs  impmon, mine, boruto
[ 326/700 ] WIN    13 turns   gray, death, chrome  vs  jupiter, halibel, yoh
[ 327/700 ] WIN    28 turns   gray, boruto, touka  vs  ichigo, shiro, sakura
Applying bleed effect! Checking special code
[ 328/700 ] WIN    30 turns   gray, power, genos  vs  emiyaarcher, hawkmon, toudou
[ 329/700 ] WIN    22 turns   gray, satsuki, adam  vs  gon, gallantmon, gunha
Yubel's S1 Triggered!
[ 330/700 ] WIN    20 turns   gray, hinata, eren  vs  midoriya, yubel, rob
[ 331/700 ] LOSS   18 turns   gray, hawkmon, ryuko  vs  mash, tanjiro, gunha
[ 332/700 ] WIN    14 turns   gray, uzui, megumin  vs  sayaka, meliodas, inuyasha
[ 333/700 ] WIN    15 turns   gray, nonon, denji  vs  kaiba, natsu, inuyasha
[ 334/700 ] LOSS   16 turns   gray, seventeen, byakuya  vs  luffy, zoro, nezuko
Applying bleed effect! Checking special code
[ 335/700 ] WIN    18 turns   gray, diane, uranus  vs  yamamoto, sayaka, ganta
[ 336/700 ] LOSS   22 turns   gray, death, ryohei  vs  toudou, lizandpatty, bakugo
[ 337/700 ] LOSS   20 turns   gray, tsuyu, inuyasha  vs  ace, saturn, megumin
Applying bleed effect! Checking special code
Applying bleed effect! Checking special code
[ 338/700 ] WIN    17 turns   gray, orihime, rengoku  vs  tsubasa, tatsumi, denji
Applying bleed effect! Checking special code
Applying bleed effect! Checking special code
Applying bleed effect! Checking special code
Applying bleed effect! Checking special code
Applying bleed effect! Checking special code
[ 339/700 ] LOSS   16 turns   gray, gohan, gogeta  vs  ken, sakura, satsuki
[ 340/700 ] WIN    15 turns   gray, levi, halibel  vs  gohan, omnimon, kitara
[ 341/700 ] LOSS   16 turns   gray, renamon, akame  vs  nezuko, tsunayoshi, mercury
[ 342/700 ] WIN    14 turns   gray, killua, cooler  vs  esdeath, alphamon, lizandpatty
[ 343/700 ] LOSS   23 turns   gray, semiramis, boruto  vs  sukuna, nonon, seventeen
Applying bleed effect! Checking special code
[ 344/700 ] LOSS   20 turns   gray, nel, ryohei  vs  rengoku, gon, frankenstein
Yubel's S1 Triggered!
[ 345/700 ] WIN    11 turns   gray, ganta, yubel  vs  chrome, mikasa, lyserg
[ 346/700 ] WIN    16 turns   gray, cell, omnimon  vs  hinata, aiohto, sasuke
[ 347/700 ] LOSS   19 turns   gray, pegasus, machinedramon  vs  tokoyami, tsuyu, satsuki
Applying bleed effect! Checking special code
[ 348/700 ] WIN    18 turns   gray, tsubaki, mikasa  vs  kuroko, yamamoto, denji
[ 349/700 ] LOSS   15 turns   gray, ganta, nimaiya  vs  marco, eren, nel
[ 350/700 ] WIN    16 turns   gray, jinwoo, yuji  vs  mine, machinedramon, yoh
[ 351/700 ] LOSS   18 turns   gray, hawkmon, emiyaarcher  vs  seventeen, natsu, rakko
[ 352/700 ] WIN    13 turns   gray, mikasa, squalo  vs  nonon, gallantmon, yubel
[ 353/700 ] LOSS   13 turns   gray, gohan, toga  vs  asta, chrome, nagisa
[ 354/700 ] WIN    34 turns   gray, shiro, toga  vs  tsunayoshi, jaden, misaka
[ 355/700 ] WIN    13 turns   gray, naruto, kuroko  vs  genos, lyserg, ryuko
[ 356/700 ] WIN    10 turns   gray, soul, uranus  vs  byakuya, korra, cooler
Applying bleed effect! Checking special code
Applying bleed effect! Checking special code
[ 357/700 ] LOSS   16 turns   gray, rengoku, yoh  vs  tsubasa, lucy, hibari
[ 358/700 ] WIN    14 turns   gray, nimaiya, minene  vs  gilgamesh, uranus, nobara
[ 359/700 ] WIN    14 turns   gray, byakuya, semiramis  vs  toudou, toga, jeanne
[ 360/700 ] WIN    20 turns   gray, minene, halibel  vs  muichiro, noelle, gogeta
[ 361/700 ] LOSS   21 turns   gray, lucy, esdeath  vs  impmon, zenitsu, ryohei
[ 362/700 ] WIN    17 turns   gray, rimuru, byakuya  vs  impmon, cell, mavis
[ 363/700 ] WIN    12 turns   gray, uzui, alphamon  vs  lucy, natsu, halibel
[ 364/700 ] LOSS   19 turns   gray, neferpitou, nagisa  vs  toudou, seventeen, diane
[ 365/700 ] WIN    19 turns   gray, tanjiro, uzui  vs  crona, kaiba, ryuko
[ 366/700 ] WIN    27 turns   gray, marco, diane  vs  nobara, hibari, koro
[ 367/700 ] WIN    13 turns   gray, boruto, orihime  vs  tsubaki, ryohei, eren
[ 368/700 ] LOSS   23 turns   gray, gilgamesh, jesse  vs  sayaka, yubel, yuji
[ 369/700 ] LOSS   18 turns   gray, crona, tatsumi  vs  meliodas, esdeath, marco
Applying bleed effect! Checking special code
[ 370/700 ] WIN    32 turns   gray, inosuke, tsunayoshi  vs  gojo, tsuyu, emiya
[ 371/700 ] WIN    18 turns   gray, venus, orihime  vs  noelle, edward, midoriya
[ 372/700 ] WIN    18 turns   gray, itachi, mars  vs  inuyasha, blackwargreymon, mercury
[ 373/700 ] WIN    30 turns   gray, jeanne, saitama  vs  maka, gilgamesh, goku
Yubel's S1 Triggered!
Yubel's S1 Triggered!
[ 374/700 ] WIN    11 turns   gray, squalo, sayaka  vs  kid, soul, yubel
[ 375/700 ] WIN    22 turns   gray, saitama, erza  vs  naruto, tsubasa, chrome
[ 376/700 ] WIN    20 turns   gray, shokuhou, jack  vs  mine, emiya, mercury
[ 377/700 ] WIN    18 turns   gray, toudou, mercury  vs  horohoro, ban, jupiter
Applying bleed effect! Checking special code
[ 378/700 ] LOSS   18 turns   gray, goku, kid  vs  inosuke, emiya, hashirama
[ 379/700 ] WIN    23 turns   gray, cooler, madoka  vs  jack, tanjiro, yamamoto
[ 380/700 ] LOSS   29 turns   gray, gohan, blackwargreymon  vs  gallantmon, frieren, kurotsuchi
[ 381/700 ] WIN    16 turns   gray, rengoku, astolfo  vs  megumin, genos, jaden
Applying bleed effect! Checking special code
[ 382/700 ] WIN    14 turns   gray, byakuya, erza  vs  alphamon, rengoku, sukuna
[ 383/700 ] WIN    11 turns   gray, cell, gon  vs  machinedramon, jinwoo, sukuna
[ 384/700 ] WIN    23 turns   gray, toga, goku  vs  death, gilgamesh, midoriya
[ 385/700 ] LOSS   17 turns   gray, bakugo, yuno  vs  nobara, hashirama, megumi
[ 386/700 ] LOSS   28 turns   gray, sukuna, renamon  vs  kurapika, mash, nagisa
[ 387/700 ] LOSS   17 turns   gray, astolfo, hawkmon  vs  ban, jack, kuroko
[ 388/700 ] WIN    12 turns   gray, sayaka, asta  vs  frieren, hawkmon, seventeen
[ 389/700 ] WIN    20 turns   gray, soul, midoriya  vs  tsubasa, cell, sheele
[ 390/700 ] LOSS   23 turns   gray, ichigo, jack  vs  yugi, midoriya, tamaki
Applying bleed effect! Checking special code
Applying bleed effect! Checking special code
[ 391/700 ] WIN    18 turns   gray, byakuya, erza  vs  koro, lizandpatty, denji
[ 392/700 ] WIN    23 turns   gray, akame, megumin  vs  rob, nonon, tsuyu
[ 393/700 ] LOSS   13 turns   gray, nimaiya, gilgamesh  vs  toga, ladydevimon, ganta
Applying bleed effect! Checking special code
[ 394/700 ] WIN    17 turns   gray, todoroki, astolfo  vs  gasai, hisoka, king
[ 395/700 ] WIN     9 turns   gray, frankenstein, uranus  vs  allmight, shokuhou, toga
[ 396/700 ] WIN    12 turns   gray, aang, allmight  vs  korra, sukuna, rob
[ 397/700 ] WIN    17 turns   gray, gon, tatsumi  vs  gunha, sakura, byakuya
[ 398/700 ] WIN    26 turns   gray, tsuyu, uraraka  vs  sasuke, gunha, megumi
[ 399/700 ] WIN    21 turns   gray, toph, alphonse  vs  rob, maka, pegasus
[ 400/700 ] WIN    14 turns   gray, jack, noelle  vs  adam, ichigo, uranus
[ 401/700 ] WIN    10 turns   gray, nel, touka  vs  maka, venus, shiro
[ 402/700 ] LOSS   18 turns   gray, nobara, gogeta  vs  tatsumi, alphonse, erza
[ 403/700 ] WIN    13 turns   gray, gilgamesh, shinra  vs  vegeta, yoh, venus
Applying bleed effect! Checking special code
[ 404/700 ] WIN    24 turns   gray, gohan, diane  vs  meliodas, halibel, yuji
[ 405/700 ] LOSS   14 turns   gray, lucy, tsubasa  vs  sakura, madoka, eren
[ 406/700 ] WIN    18 turns   gray, toji, blackwargreymon  vs  nezuko, power, sheele
[ 407/700 ] WIN    12 turns   gray, saitama, usopp  vs  nobara, xanxus, tsunayoshi
Applying bleed effect! Checking special code
Applying bleed effect! Checking special code
[ 408/700 ] LOSS   22 turns   gray, broly, mars  vs  rakko, luffy, naruto
[ 409/700 ] WIN    31 turns   gray, kurapika, edward  vs  ryohei, erza, nel
[ 410/700 ] WIN    12 turns   gray, chrome, toji  vs  adam, xanxus, astolfo
[ 411/700 ] LOSS   19 turns   gray, chrome, nezuko  vs  itachi, aang, broly
[ 412/700 ] LOSS   13 turns   gray, gilgamesh, jeanne  vs  tsubasa, esdeath, uzui
[ 413/700 ] WIN    24 turns   gray, naruto, venus  vs  yubel, yoh, pegasus
[ 414/700 ] LOSS   18 turns   gray, crona, tsunayoshi  vs  saber, frankenstein, mars
Applying bleed effect! Checking special code
Applying bleed effect! Checking special code
[ 415/700 ] WIN    12 turns   gray, venus, bakugo  vs  rengoku, tanjiro, lyserg
[ 416/700 ] WIN    10 turns   gray, nel, touka  vs  gohan, todoroki, chrome
Applying bleed effect! Checking special code
[ 417/700 ] WIN    16 turns   gray, pegasus, tamaki  vs  genos, rengoku, levi
[ 418/700 ] WIN    17 turns   gray, kitara, marco  vs  midoriya, akame, yuji
[ 419/700 ] WIN    16 turns   gray, saturn, neferpitou  vs  arthur, kaiba, tsubasa
[ 420/700 ] WIN    19 turns   gray, satsuki, rimuru  vs  misaka, gasai, ichibe
[ 421/700 ] LOSS   31 turns   gray, orihime, horohoro  vs  mars, ryohei, ichibe
[ 422/700 ] WIN    17 turns   gray, tatsumi, death  vs  rimuru, myotismon, cooler
Applying bleed effect! Checking special code
[ 423/700 ] LOSS   26 turns   gray, madoka, diane  vs  goku, lizandpatty, nagisa
[ 424/700 ] WIN    32 turns   gray, orihime, gon  vs  uzui, soul, tokoyami
[ 425/700 ] LOSS   18 turns   gray, levi, diane  vs  erza, saitama, misaka
[ 426/700 ] LOSS   33 turns   gray, veldora, tatsumaki  vs  kaiba, eren, jack
Applying bleed effect! Checking special code
Applying bleed effect! Checking special code
Applying bleed effect! Checking special code
[ 427/700 ] LOSS   14 turns   gray, touka, ken  vs  gatomon, hashirama, ichigo
[ 428/700 ] WIN    26 turns   gray, saturn, aiohto  vs  gojo, seventeen, shinra
Applying bleed effect! Checking special code
Applying bleed effect! Checking special code
Applying bleed effect! Checking special code
Applying bleed effect! Checking special code
Applying bleed effect! Checking special code
[ 429/700 ] WIN    13 turns   gray, sayaka, mikasa  vs  allmight, minene, king
[ 430/700 ] WIN    19 turns   gray, neferpitou, squalo  vs  koro, blackstar, muichiro
[ 431/700 ] WIN    36 turns   gray, gasai, mars  vs  hashirama, ganta, sakura
Applying bleed effect! Checking special code
[ 432/700 ] WIN    19 turns   gray, power, xanxus  vs  horohoro, tsunayoshi, yuji
[ 433/700 ] LOSS   27 turns   gray, rengoku, frieren  vs  kurapika, zoro, mash
[ 434/700 ] WIN    17 turns   gray, aiohto, nagisa  vs  hisoka, soul, gunha
[ 435/700 ] WIN    33 turns   gray, shokuhou, kurotsuchi  vs  toudou, ganta, orihime
[ 436/700 ] WIN    17 turns   gray, esdeath, renamon  vs  toudou, nel, naruto
[ 437/700 ] WIN    22 turns   gray, renamon, cooler  vs  eren, levi, maka
[ 438/700 ] WIN    18 turns   gray, power, megumin  vs  kitara, killua, death
[ 439/700 ] WIN    16 turns   gray, yuno, shinoa  vs  ichigo, gogeta, emiya
Applying bleed effect! Checking special code
Applying bleed effect! Checking special code
[ 440/700 ] WIN    20 turns   gray, broly, rengoku  vs  edward, nimaiya, hibari
Applying bleed effect! Checking special code
Applying bleed effect! Checking special code
Applying bleed effect! Checking special code
Applying bleed effect! Checking special code
Applying bleed effect! Checking special code
[ 441/700 ] LOSS   26 turns   gray, ken, gogeta  vs  minene, saitama, mavis
[ 442/700 ] WIN    29 turns   gray, megumi, kaiba  vs  kid, gon, edward
[ 443/700 ] LOSS   16 turns   gray, sayaka, cooler  vs  orihime, lizandpatty, erza
[ 444/700 ] WIN    20 turns   gray, ichigo, hawkmon  vs  ryuko, blackstar, yoh
[ 445/700 ] LOSS   16 turns   gray, nimaiya, hashirama  vs  ryuko, aang, uraraka
[ 446/700 ] WIN    13 turns   gray, gallantmon, nimaiya  vs  hinata, koro, soul
[ 447/700 ] LOSS   16 turns   gray, hisoka, nobara  vs  broly, neferpitou, kurapika
[ 448/700 ] WIN     9 turns   gray, uraraka, luffy  vs  seventeen, tsunayoshi, ichibe
[ 449/700 ] WIN    13 turns   gray, asta, renamon  vs  akame, megumin, minene
[ 450/700 ] WIN    10 turns   gray, genos, madoka  vs  jesse, asta, blackwargreymon
[ 451/700 ] WIN    32 turns   gray, orihime, sheele  vs  touka, squalo, toph
Applying bleed effect! Checking special code
Applying bleed effect! Checking special code
Applying bleed effect! Checking special code
Applying bleed effect! Checking special code
Applying bleed effect! Checking special code
[ 452/700 ] WIN    26 turns   gray, gogeta, neferpitou  vs  gunha, king, renamon
[ 453/700 ] WIN    29 turns   gray, sheele, semiramis  vs  pegasus, omnimon, blackstar
[ 454/700 ] WIN    26 turns   gray, usopp, kitara  vs  vegeta, uraraka, yamamoto
Applying bleed effect! Checking special code
Applying bleed effect! Checking special code
Applying bleed effect! Checking special code
[ 455/700 ] LOSS   20 turns   gray, tsunayoshi, seventeen  vs  inosuke, hinata, meliodas
[ 456/700 ] LOSS   18 turns   gray, maka, sasuke  vs  asta, hawkmon, lizandpatty
[ 457/700 ] WIN    15 turns   gray, tsubaki, shokuhou  vs  horohoro, maka, misaka
[ 458/700 ] LOSS   10 turns   gray, gilgamesh, muichiro  vs  yuji, esdeath, aang
Applying bleed effect! Checking special code
Applying bleed effect! Checking special code
Applying bleed effect! Checking special code
[ 459/700 ] LOSS   21 turns   gray, tamaki, kid  vs  mash, rengoku, allmight
[ 460/700 ] LOSS   22 turns   gray, goku, tanjiro  vs  mavis, vegeta, shokuhou
[ 461/700 ] WIN    17 turns   gray, sheele, tamaki  vs  asta, shokuhou, mars
[ 462/700 ] WIN    18 turns   gray, yoh, orihime  vs  yuno, erza, gallantmon
[ 463/700 ] WIN    13 turns   gray, madoka, sasuke  vs  todoroki, goku, nobara
Applying bleed effect! Checking special code
Applying bleed effect! Checking special code
Applying bleed effect! Checking special code
Applying bleed effect! Checking special code
Applying bleed effect! Checking special code
[ 464/700 ] WIN    19 turns   gray, maka, zoro  vs  yuji, emiya, ken
[ 465/700 ] WIN    28 turns   gray, marco, midoriya  vs  tatsumi, touka, nagisa
[ 466/700 ] WIN    16 turns   gray, kid, veldora  vs  emiyaarcher, horohoro, renamon
[ 467/700 ] LOSS   22 turns   gray, ladydevimon, lucy  vs  diane, squalo, koro
Applying bleed effect! Checking special code
Applying bleed effect! Checking special code
[ 468/700 ] LOSS   22 turns   gray, mikasa, power  vs  gallantmon, hashirama, luffy
[ 469/700 ] WIN    15 turns   gray, aang, pegasus  vs  xanxus, gogeta, gunha
[ 470/700 ] WIN    20 turns   gray, todoroki, edward  vs  megumin, levi, yugi
[ 471/700 ] WIN    17 turns   gray, myotismon, zoro  vs  sasuke, aang, ichibe
Applying bleed effect! Checking special code
Applying bleed effect! Checking special code
[ 472/700 ] LOSS   19 turns   gray, rengoku, uzui  vs  sukuna, tokoyami, jupiter
[ 473/700 ] WIN    20 turns   gray, arthur, astolfo  vs  soul, byakuya, usopp
[ 474/700 ] WIN    20 turns   gray, toga, rimuru  vs  ichigo, aang, todoroki
[ 475/700 ] WIN    20 turns   gray, ryuko, tanjiro  vs  mash, nobara, toga
[ 476/700 ] LOSS   38 turns   gray, alphonse, arthur  vs  kitara, naruto, saitama
Applying bleed effect! Checking special code
[ 477/700 ] WIN    17 turns   gray, gallantmon, semiramis  vs  boruto, bakugo, rakko
[ 478/700 ] WIN    15 turns   gray, machinedramon, seventeen  vs  yuji, semiramis, horohoro
[ 479/700 ] WIN    14 turns   gray, shinoa, goku  vs  noelle, veldora, tsunayoshi
Applying bleed effect! Checking special code
[ 480/700 ] WIN    24 turns   gray, denji, emiya  vs  nonon, hisoka, yamamoto
[ 481/700 ] WIN    16 turns   gray, gallantmon, tsubasa  vs  crona, levi, marco
[ 482/700 ] LOSS   21 turns   gray, nobara, zoro  vs  blackwargreymon, gallantmon, nezuko
Applying bleed effect! Checking special code
Applying bleed effect! Checking special code
Applying bleed effect! Checking special code
Applying bleed effect! Checking special code
Applying bleed effect! Checking special code
Applying bleed effect! Checking special code
Applying bleed effect! Checking special code
Applying bleed effect! Checking special code
Applying bleed effect! Checking special code
Applying bleed effect! Checking special code
[ 483/700 ] WIN    14 turns   gray, chrome, king  vs  koro, ace, nezuko
Applying bleed effect! Checking special code
[ 484/700 ] LOSS   20 turns   gray, power, ban  vs  pegasus, adam, shinra
[ 485/700 ] LOSS   16 turns   gray, frieren, hibari  vs  tsubasa, jaden, uranus
[ 486/700 ] WIN    15 turns   gray, ryuko, midoriya  vs  korra, toph, tsubasa
[ 487/700 ] WIN    18 turns   gray, saber, emiya  vs  orihime, gallantmon, mash
[ 488/700 ] WIN    16 turns   gray, squalo, neferpitou  vs  gon, horohoro, usopp
[ 489/700 ] WIN    12 turns   gray, akame, lizandpatty  vs  rimuru, ganta, arthur
[ 490/700 ] LOSS   26 turns   gray, gunha, minene  vs  orihime, luffy, emiya
[ 491/700 ] WIN    18 turns   gray, death, megumi  vs  esdeath, shinoa, uzui
[ 492/700 ] WIN    18 turns   gray, lucy, mash  vs  inosuke, sukuna, ryuko
[ 493/700 ] WIN    16 turns   gray, yubel, kid  vs  machinedramon, megumin, hibari
Applying bleed effect! Checking special code
[ 494/700 ] LOSS   26 turns   gray, ryuko, blackstar  vs  neferpitou, marco, king
Applying bleed effect! Checking special code
Applying bleed effect! Checking special code
[ 495/700 ] WIN    21 turns   gray, rakko, tsubasa  vs  minene, tatsumaki, veldora
[ 496/700 ] LOSS   23 turns   gray, xanxus, gatomon  vs  gon, nobara, nel
Applying bleed effect! Checking special code
Applying bleed effect! Checking special code
[ 497/700 ] LOSS   16 turns   gray, denji, rakko  vs  cell, semiramis, saitama
Applying bleed effect! Checking special code
[ 498/700 ] LOSS   27 turns   gray, rengoku, noelle  vs  myotismon, jeanne, nimaiya
[ 499/700 ] WIN    20 turns   gray, kitara, saturn  vs  nel, byakuya, myotismon
[ 500/700 ] LOSS   20 turns   gray, mavis, orihime  vs  ladydevimon, frankenstein, levi
[ 501/700 ] LOSS   13 turns   gray, seventeen, saber  vs  gogeta, esdeath, gatomon
[ 502/700 ] WIN    15 turns   gray, uranus, seventeen  vs  shokuhou, yugi, semiramis
Yubel's S1 Triggered!
[ 503/700 ] WIN    11 turns   gray, kuroko, halibel  vs  gohan, yubel, tokoyami
[ 504/700 ] WIN    12 turns   gray, satsuki, astolfo  vs  koro, levi, maka
Applying bleed effect! Checking special code
Applying bleed effect! Checking special code
Applying bleed effect! Checking special code
[ 505/700 ] WIN    12 turns   gray, ken, kuroko  vs  machinedramon, sheele, nonon
[ 506/700 ] LOSS   14 turns   gray, tsuyu, kuroko  vs  gilgamesh, cell, hibari
[ 507/700 ] LOSS   17 turns   gray, semiramis, gogeta  vs  rob, mash, uranus
[ 508/700 ] WIN    13 turns   gray, pegasus, zenitsu  vs  gunha, ichigo, myotismon
Applying bleed effect! Checking special code
Applying bleed effect! Checking special code
[ 509/700 ] LOSS   15 turns   gray, noelle, omnimon  vs  itachi, rengoku, megumi
[ 510/700 ] LOSS   14 turns   gray, myotismon, maka  vs  alphamon, zenitsu, meliodas
Applying bleed effect! Checking special code
Applying bleed effect! Checking special code
Applying bleed effect! Checking special code
Applying bleed effect! Checking special code
[ 511/700 ] WIN    16 turns   gray, gohan, zoro  vs  denji, cooler, venus
[ 512/700 ] LOSS   33 turns   gray, satsuki, yoh  vs  jaden, eren, todoroki
[ 513/700 ] WIN    14 turns   gray, gallantmon, tatsumaki  vs  tsubaki, xanxus, inuyasha
[ 514/700 ] LOSS   14 turns   gray, mercury, toudou  vs  esdeath, kuroko, gilgamesh
[ 515/700 ] WIN    15 turns   gray, uraraka, inosuke  vs  tatsumaki, gunha, killua
[ 516/700 ] LOSS   18 turns   gray, killua, crona  vs  venus, nezuko, blackstar
[ 517/700 ] WIN    19 turns   gray, orihime, ban  vs  usopp, frankenstein, yugi
[ 518/700 ] WIN    12 turns   gray, ryuko, meliodas  vs  ganta, machinedramon, hawkmon
[ 519/700 ] LOSS   22 turns   gray, cooler, koro  vs  soul, kuroko, nonon
[ 520/700 ] WIN    10 turns   gray, todoroki, death  vs  allmight, saturn, frankenstein
[ 521/700 ] LOSS   31 turns   gray, levi, veldora  vs  ichibe, pegasus, mars
[ 522/700 ] LOSS   30 turns   gray, tsubaki, misaka  vs  cell, gilgamesh, yuji
[ 523/700 ] WIN    20 turns   gray, neferpitou, nel  vs  yoh, kuroko, hashirama
[ 524/700 ] WIN    17 turns   gray, semiramis, shinoa  vs  halibel, adam, killua
[ 525/700 ] LOSS   40 turns   gray, tsunayoshi, jinwoo  vs  naruto, venus, natsu
[ 526/700 ] WIN    16 turns   gray, toga, ryohei  vs  hibari, omnimon, nel
Applying bleed effect! Checking special code
Applying bleed effect! Checking special code
[ 527/700 ] WIN    12 turns   gray, tsubasa, esdeath  vs  akame, misaka, king
[ 528/700 ] WIN    20 turns   gray, itachi, gojo  vs  yugi, mine, gasai
[ 529/700 ] WIN    15 turns   gray, alphamon, yuno  vs  megumin, aiohto, yugi
[ 530/700 ] WIN    17 turns   gray, toga, meliodas  vs  todoroki, gasai, byakuya
[ 531/700 ] WIN    14 turns   gray, yugi, hibari  vs  nezuko, gon, frankenstein
[ 532/700 ] WIN    16 turns   gray, killua, sheele  vs  uranus, jinwoo, diane
[ 533/700 ] WIN    16 turns   gray, korra, alphamon  vs  vegeta, kurotsuchi, lizandpatty
[ 534/700 ] WIN    17 turns   gray, meliodas, maka  vs  sukuna, tsuyu, yamamoto
Applying bleed effect! Checking special code
Applying bleed effect! Checking special code
Applying bleed effect! Checking special code
Applying bleed effect! Checking special code
Applying bleed effect! Checking special code
Applying bleed effect! Checking special code
[ 535/700 ] WIN    10 turns   gray, satsuki, ichigo  vs  touka, yuno, king
[ 536/700 ] LOSS   25 turns   gray, koro, muichiro  vs  natsu, saturn, tsuyu
[ 537/700 ] WIN    15 turns   gray, kuroko, inosuke  vs  rob, jupiter, mami
[ 538/700 ] LOSS   14 turns   gray, saber, arthur  vs  madoka, gallantmon, asta
[ 539/700 ] LOSS   14 turns   gray, halibel, shinra  vs  sukuna, ichibe, astolfo
[ 540/700 ] LOSS   18 turns   gray, alphamon, maka  vs  nimaiya, nonon, chrome
[ 541/700 ] WIN    17 turns   gray, ichibe, saber  vs  edward, nobara, frieren
[ 542/700 ] WIN    18 turns   gray, nel, eren  vs  zoro, aiohto, yuno
[ 543/700 ] LOSS   27 turns   gray, ryohei, hinata  vs  aiohto, hashirama, vegeta
[ 544/700 ] LOSS   17 turns   gray, shokuhou, edward  vs  jaden, kurotsuchi, misaka
[ 545/700 ] WIN    14 turns   gray, renamon, pegasus  vs  gojo, omnimon, tamaki
[ 546/700 ] WIN    14 turns   gray, adam, usopp  vs  venus, squalo, gon
[ 547/700 ] WIN     7 turns   gray, touka, gunha  vs  renamon, alphonse, zenitsu
[ 548/700 ] WIN    17 turns   gray, myotismon, nezuko  vs  aang, ace, vegeta
[ 549/700 ] LOSS   20 turns   gray, edward, jeanne  vs  hawkmon, alphonse, luffy
Applying bleed effect! Checking special code
[ 550/700 ] WIN    16 turns   gray, noelle, ganta  vs  koro, diane, mikasa
[ 551/700 ] WIN    24 turns   gray, gasai, tsuyu  vs  yamamoto, noelle, blackstar
[ 552/700 ] WIN    13 turns   gray, seventeen, jinwoo  vs  gogeta, hinata, squalo
[ 553/700 ] WIN    15 turns   gray, minene, todoroki  vs  naruto, vegeta, halibel
Applying bleed effect! Checking special code
Applying bleed effect! Checking special code
Applying bleed effect! Checking special code
[ 554/700 ] LOSS   16 turns   gray, inuyasha, power  vs  muichiro, astolfo, renamon
[ 555/700 ] WIN    20 turns   gray, shiro, ban  vs  saitama, machinedramon, tanjiro
Applying bleed effect! Checking special code
Applying bleed effect! Checking special code
Applying bleed effect! Checking special code
Applying bleed effect! Checking special code
Applying bleed effect! Checking special code
Applying bleed effect! Checking special code
[ 556/700 ] LOSS   15 turns   gray, rob, ken  vs  uranus, kuroko, halibel
[ 557/700 ] WIN    10 turns   gray, nonon, gunha  vs  xanxus, yuno, touka
[ 558/700 ] WIN    27 turns   gray, mash, jinwoo  vs  levi, mami, muichiro
[ 559/700 ] WIN    25 turns   gray, uranus, toph  vs  orihime, ryuko, broly
[ 560/700 ] WIN    13 turns   gray, ryuko, blackstar  vs  kid, toga, soul
Applying bleed effect! Checking special code
Applying bleed effect! Checking special code
Applying bleed effect! Checking special code
[ 561/700 ] WIN    21 turns   gray, uraraka, kitara  vs  frankenstein, yubel, rengoku
[ 562/700 ] WIN    18 turns   gray, cell, tsunayoshi  vs  ganta, luffy, killua
[ 563/700 ] LOSS   19 turns   gray, byakuya, edward  vs  tatsumaki, nel, alphonse
[ 564/700 ] LOSS   26 turns   gray, jinwoo, tatsumi  vs  cooler, tsubasa, saturn
[ 565/700 ] WIN    15 turns   gray, nonon, toudou  vs  soul, noelle, sheele
[ 566/700 ] WIN    26 turns   gray, tsubasa, horohoro  vs  edward, nagisa, ryuko
[ 567/700 ] LOSS   27 turns   gray, sasuke, akame  vs  zoro, blackwargreymon, sakura
[ 568/700 ] LOSS   26 turns   gray, kurapika, nobara  vs  yamamoto, shinra, mars
[ 569/700 ] WIN    37 turns   gray, sasuke, natsu  vs  jaden, todoroki, rob
[ 570/700 ] WIN    21 turns   gray, hashirama, saturn  vs  astolfo, todoroki, inosuke
[ 571/700 ] WIN    16 turns   gray, genos, veldora  vs  yoh, yuno, luffy
[ 572/700 ] WIN    28 turns   gray, toph, mikasa  vs  ryuko, hashirama, cell
[ 573/700 ] WIN    23 turns   gray, meliodas, semiramis  vs  rob, madoka, ace
[ 574/700 ] WIN    10 turns   gray, broly, sayaka  vs  shokuhou, pegasus, gohan
[ 575/700 ] LOSS   21 turns   gray, semiramis, death  vs  sukuna, usopp, gogeta
Applying bleed effect! Checking special code
Applying bleed effect! Checking special code
Applying bleed effect! Checking special code
[ 576/700 ] WIN    19 turns   gray, levi, rakko  vs  bakugo, saitama, orihime
[ 577/700 ] LOSS   20 turns   gray, zenitsu, akame  vs  saturn, levi, mami
[ 578/700 ] WIN    12 turns   gray, naruto, jupiter  vs  ryohei, tatsumi, ganta
Applying bleed effect! Checking special code
Applying bleed effect! Checking special code
Applying bleed effect! Checking special code
[ 579/700 ] LOSS   19 turns   gray, muichiro, yuno  vs  saber, satsuki, denji
[ 580/700 ] WIN    30 turns   gray, lucy, broly  vs  ichigo, saturn, pegasus
[ 581/700 ] LOSS   18 turns   gray, byakuya, toudou  vs  omnimon, ichigo, minene
[ 582/700 ] WIN    23 turns   gray, aang, frankenstein  vs  jeanne, gogeta, orihime
Applying bleed effect! Checking special code
Applying bleed effect! Checking special code
Applying bleed effect! Checking special code
Applying bleed effect! Checking special code
Applying bleed effect! Checking special code
[ 583/700 ] WIN    13 turns   gray, denji, gilgamesh  vs  frankenstein, madoka, hisoka
[ 584/700 ] WIN    25 turns   gray, asta, soul  vs  jesse, gohan, pegasus
[ 585/700 ] WIN    13 turns   gray, gojo, noelle  vs  shinra, hibari, venus
[ 586/700 ] LOSS   22 turns   gray, yuno, eren  vs  meliodas, gallantmon, minene
[ 587/700 ] WIN    17 turns   gray, nobara, naruto  vs  rob, sasuke, horohoro
Applying bleed effect! Checking special code
Applying bleed effect! Checking special code
[ 588/700 ] WIN    32 turns   gray, shinra, rakko  vs  mavis, astolfo, halibel
[ 589/700 ] LOSS   23 turns   gray, zoro, kitara  vs  gallantmon, squalo, halibel
[ 590/700 ] LOSS   17 turns   gray, nel, korra  vs  erza, arthur, asta
[ 591/700 ] WIN    13 turns   gray, natsu, vegeta  vs  shinoa, tatsumaki, shokuhou
[ 592/700 ] WIN    15 turns   gray, itachi, tsuyu  vs  gasai, death, alphonse
[ 593/700 ] WIN    12 turns   gray, frankenstein, mercury  vs  maka, inosuke, alphamon
[ 594/700 ] WIN    25 turns   gray, kid, uranus  vs  todoroki, blackstar, horohoro
Applying bleed effect! Checking special code
Applying bleed effect! Checking special code
[ 595/700 ] WIN    21 turns   gray, power, touka  vs  frieren, blackwargreymon, ichibe
[ 596/700 ] WIN    12 turns   gray, renamon, ganta  vs  shokuhou, lyserg, eren
[ 597/700 ] WIN    19 turns   gray, megumin, machinedramon  vs  edward, yubel, koro
[ 598/700 ] LOSS   19 turns   gray, gohan, minene  vs  goku, aang, lyserg
[ 599/700 ] WIN    12 turns   gray, gasai, neferpitou  vs  frankenstein, alphonse, tsubasa
[ 600/700 ] WIN    33 turns   gray, rimuru, kaiba  vs  akame, sakura, megumi
[ 601/700 ] WIN    15 turns   gray, jinwoo, semiramis  vs  tatsumaki, byakuya, shiro
Applying bleed effect! Checking special code
Applying bleed effect! Checking special code
Applying bleed effect! Checking special code
[ 602/700 ] LOSS   21 turns   gray, goku, gunha  vs  rakko, naruto, tatsumi
[ 603/700 ] LOSS   28 turns   gray, lucy, shinoa  vs  cell, blackwargreymon, lyserg
[ 604/700 ] LOSS   26 turns   gray, mash, death  vs  uranus, nonon, venus
[ 605/700 ] WIN    12 turns   gray, pegasus, ladydevimon  vs  megumi, allmight, cooler
[ 606/700 ] WIN    14 turns   gray, nagisa, jinwoo  vs  genos, crona, emiya
[ 607/700 ] WIN    13 turns   gray, sasuke, hibari  vs  gallantmon, goku, edward
[ 608/700 ] LOSS   27 turns   gray, midoriya, jesse  vs  gunha, ryohei, misaka
Applying bleed effect! Checking special code
[ 609/700 ] LOSS   26 turns   gray, denji, seventeen  vs  gogeta, natsu, cell
[ 610/700 ] WIN    13 turns   gray, ladydevimon, ryuko  vs  hashirama, sakura, shokuhou
[ 611/700 ] WIN    16 turns   gray, kuroko, sheele  vs  gilgamesh, luffy, esdeath
Applying bleed effect! Checking special code
Applying bleed effect! Checking special code
Applying bleed effect! Checking special code
Applying bleed effect! Checking special code
Applying bleed effect! Checking special code
Applying bleed effect! Checking special code
[ 612/700 ] LOSS   24 turns   gray, xanxus, muichiro  vs  ken, natsu, renamon
[ 613/700 ] WIN    19 turns   gray, boruto, todoroki  vs  power, nobara, gon
[ 614/700 ] WIN    23 turns   gray, pegasus, impmon  vs  gatomon, renamon, mine
[ 615/700 ] WIN    16 turns   gray, tokoyami, kid  vs  pegasus, blackwargreymon, tamaki
[ 616/700 ] WIN    11 turns   gray, asta, sasuke  vs  sukuna, usopp, toph
[ 617/700 ] WIN    12 turns   gray, saitama, uranus  vs  yoh, bakugo, chrome
[ 618/700 ] WIN    15 turns   gray, gojo, yuno  vs  korra, gon, goku
[ 619/700 ] WIN    11 turns   gray, gallantmon, gojo  vs  jeanne, ace, nonon
[ 620/700 ] LOSS   12 turns   gray, soul, tamaki  vs  mercury, arthur, meliodas
[ 621/700 ] WIN    15 turns   gray, toudou, inuyasha  vs  uzui, sakura, emiya
[ 622/700 ] WIN    14 turns   gray, hibari, muichiro  vs  sayaka, bakugo, kid
[ 623/700 ] WIN    15 turns   gray, venus, broly  vs  rimuru, mavis, aang
[ 624/700 ] WIN    18 turns   gray, goku, inuyasha  vs  orihime, tatsumaki, emiya
[ 625/700 ] WIN    17 turns   gray, squalo, alphonse  vs  shokuhou, natsu, nagisa
[ 626/700 ] LOSS   14 turns   gray, sheele, kid  vs  crona, inuyasha, rengoku
Applying bleed effect! Checking special code
Applying bleed effect! Checking special code
Applying bleed effect! Checking special code
[ 627/700 ] WIN    15 turns   gray, tamaki, tsubasa  vs  saber, lizandpatty, ken
[ 628/700 ] LOSS   28 turns   gray, kitara, aiohto  vs  akame, sasuke, itachi
[ 629/700 ] WIN    14 turns   gray, luffy, halibel  vs  kurapika, adam, ban
[ 630/700 ] WIN    12 turns   gray, squalo, ichibe  vs  death, yuji, boruto
[ 631/700 ] WIN    17 turns   gray, mami, kurotsuchi  vs  impmon, killua, frieren
[ 632/700 ] LOSS   19 turns   gray, impmon, lyserg  vs  rob, toudou, aang
[ 633/700 ] WIN    14 turns   gray, alphonse, neferpitou  vs  shinra, mami, tatsumi
[ 634/700 ] WIN    24 turns   gray, neferpitou, megumi  vs  genos, rob, mikasa
[ 635/700 ] WIN    16 turns   gray, nagisa, neferpitou  vs  cell, itachi, crona
[ 636/700 ] LOSS   18 turns   gray, broly, mars  vs  kurapika, madoka, frieren
[ 637/700 ] LOSS   15 turns   gray, jupiter, mercury  vs  astolfo, ban, hashirama
Applying bleed effect! Checking special code
[ 638/700 ] WIN    22 turns   gray, misaka, diane  vs  uzui, goku, yoh
[ 639/700 ] LOSS   18 turns   gray, kurotsuchi, korra  vs  zoro, renamon, jesse
[ 640/700 ] WIN    24 turns   gray, toph, frieren  vs  pegasus, todoroki, nagisa
[ 641/700 ] WIN    12 turns   gray, uranus, mash  vs  hisoka, lucy, hinata
[ 642/700 ] LOSS   28 turns   gray, jesse, kurotsuchi  vs  saber, saitama, chrome
[ 643/700 ] LOSS   22 turns   gray, jinwoo, levi  vs  meliodas, emiya, adam
[ 644/700 ] WIN    16 turns   gray, saber, hibari  vs  horohoro, lyserg, kitara
Applying bleed effect! Checking special code
Applying bleed effect! Checking special code
Applying bleed effect! Checking special code
Applying bleed effect! Checking special code
Applying bleed effect! Checking special code
Applying bleed effect! Checking special code
Applying bleed effect! Checking special code
[ 645/700 ] LOSS   21 turns   gray, tsubasa, ichigo  vs  king, tsubaki, omnimon
[ 646/700 ] WIN    22 turns   gray, tsubaki, natsu  vs  shinoa, bakugo, hashirama
[ 647/700 ] LOSS   16 turns   gray, gohan, megumi  vs  mash, sayaka, nagisa
[ 648/700 ] WIN    21 turns   gray, gallantmon, nagisa  vs  nonon, alphonse, frieren
[ 649/700 ] WIN    15 turns   gray, hibari, yoh  vs  hisoka, byakuya, shinoa
Applying bleed effect! Checking special code
Applying bleed effect! Checking special code
Applying bleed effect! Checking special code
[ 650/700 ] WIN    15 turns   gray, meliodas, megumin  vs  ladydevimon, semiramis, ken
[ 651/700 ] WIN    16 turns   gray, jeanne, mash  vs  midoriya, yuno, toji
[ 652/700 ] WIN    18 turns   gray, tsubasa, sakura  vs  ace, lucy, aang
[ 653/700 ] WIN    23 turns   gray, tamaki, jeanne  vs  naruto, toudou, minene
[ 654/700 ] WIN    11 turns   gray, gallantmon, allmight  vs  touka, tanjiro, denji
[ 655/700 ] WIN    29 turns   gray, halibel, sakura  vs  jaden, hawkmon, megumi
Applying bleed effect! Checking special code
Applying bleed effect! Checking special code
Applying bleed effect! Checking special code
[ 656/700 ] WIN    16 turns   gray, gunha, edward  vs  hinata, kuroko, ken
[ 657/700 ] LOSS   20 turns   gray, nimaiya, omnimon  vs  toji, allmight, nel
[ 658/700 ] WIN    22 turns   gray, edward, sukuna  vs  yugi, myotismon, death
[ 659/700 ] WIN    21 turns   gray, broly, gunha  vs  natsu, gogeta, lucy
[ 660/700 ] LOSS   19 turns   gray, saitama, naruto  vs  rimuru, meliodas, mars
[ 661/700 ] LOSS   20 turns   gray, kaiba, ban  vs  boruto, rimuru, uraraka
[ 662/700 ] LOSS   24 turns   gray, blackstar, mami  vs  natsu, yubel, tsubasa
[ 663/700 ] WIN     8 turns   gray, gasai, touka  vs  nobara, rimuru, minene
[ 664/700 ] WIN    16 turns   gray, frankenstein, marco  vs  venus, tatsumi, crona
Applying bleed effect! Checking special code
[ 665/700 ] WIN    19 turns   gray, tatsumi, rakko  vs  korra, yugi, yoh
[ 666/700 ] WIN    19 turns   gray, mavis, toudou  vs  ichibe, shinra, veldora
[ 667/700 ] WIN    23 turns   gray, jupiter, blackwargreymon  vs  uraraka, nezuko, machinedramon
[ 668/700 ] LOSS   25 turns   gray, gogeta, mami  vs  blackwargreymon, minene, lizandpatty
[ 669/700 ] LOSS   18 turns   gray, jeanne, emiya  vs  uranus, frieren, omnimon
[ 670/700 ] WIN    15 turns   gray, nel, muichiro  vs  crona, soul, gohan
[ 671/700 ] WIN    12 turns   gray, meliodas, eren  vs  vegeta, lucy, madoka
[ 672/700 ] WIN    21 turns   gray, yuji, shiro  vs  kaiba, zenitsu, yoh
[ 673/700 ] WIN    24 turns   gray, rob, kitara  vs  death, lucy, lyserg
Yubel's S1 Triggered!
[ 674/700 ] WIN    18 turns   gray, arthur, yubel  vs  sayaka, nel, lyserg
[ 675/700 ] LOSS   15 turns   gray, noelle, yuji  vs  mercury, crona, tokoyami
Applying bleed effect! Checking special code
[ 676/700 ] LOSS   30 turns   gray, denji, impmon  vs  tanjiro, toji, jaden
[ 677/700 ] LOSS   15 turns   gray, goku, gatomon  vs  nagisa, tsubasa, madoka
[ 678/700 ] WIN    27 turns   gray, tatsumi, nezuko  vs  marco, frankenstein, todoroki
[ 679/700 ] LOSS   13 turns   gray, ace, ryuko  vs  todoroki, hashirama, touka
[ 680/700 ] WIN    21 turns   gray, madoka, levi  vs  frankenstein, kaiba, gunha
[ 681/700 ] WIN    14 turns   gray, alphamon, megumin  vs  ryohei, hinata, erza
[ 682/700 ] WIN    15 turns   gray, hibari, aiohto  vs  shiro, jack, sukuna
Applying bleed effect! Checking special code
[ 683/700 ] WIN    15 turns   gray, usopp, touka  vs  mikasa, diane, seventeen
[ 684/700 ] WIN    13 turns   gray, mavis, ladydevimon  vs  gilgamesh, emiyaarcher, akame
[ 685/700 ] WIN    28 turns   gray, kurapika, megumi  vs  toudou, nagisa, akame
Applying bleed effect! Checking special code
[ 686/700 ] WIN    14 turns   gray, cell, astolfo  vs  king, horohoro, hisoka
[ 687/700 ] WIN    19 turns   gray, gallantmon, saber  vs  kaiba, jupiter, edward
[ 688/700 ] WIN    10 turns   gray, venus, usopp  vs  shinra, sakura, saber
[ 689/700 ] LOSS   20 turns   gray, orihime, horohoro  vs  jupiter, sayaka, ryohei
[ 690/700 ] LOSS   26 turns   gray, kaiba, natsu  vs  mine, jinwoo, yuno
Applying bleed effect! Checking special code
Applying bleed effect! Checking special code
[ 691/700 ] WIN    17 turns   gray, inosuke, sasuke  vs  kuroko, kurapika, misaka
Applying bleed effect! Checking special code
Applying bleed effect! Checking special code
Applying bleed effect! Checking special code
[ 692/700 ] LOSS   18 turns   gray, gojo, denji  vs  alphamon, cell, toudou
Applying bleed effect! Checking special code
[ 693/700 ] WIN    27 turns   gray, rakko, erza  vs  kuroko, toji, gasai
[ 694/700 ] LOSS   24 turns   gray, muichiro, megumin  vs  shinra, kaiba, blackstar
[ 695/700 ] WIN    21 turns   gray, shinoa, satsuki  vs  toga, ladydevimon, tanjiro
[ 696/700 ] WIN    35 turns   gray, alphamon, jaden  vs  broly, esdeath, bakugo
[ 697/700 ] WIN    18 turns   gray, myotismon, saber  vs  gohan, mercury, hibari
Applying bleed effect! Checking special code
Applying bleed effect! Checking special code
Applying bleed effect! Checking special code
[ 698/700 ] LOSS   16 turns   gray, renamon, denji  vs  kurotsuchi, squalo, lucy
[ 699/700 ] LOSS   25 turns   gray, todoroki, yamamoto  vs  nagisa, yugi, venus
Applying bleed effect! Checking special code
Applying bleed effect! Checking special code
Applying bleed effect! Checking special code
Applying bleed effect! Checking special code
Applying bleed effect! Checking special code
[ 700/700 ] LOSS   14 turns   gray, kaiba, inosuke  vs  ryuko, mash, rakko
=== TRAINER RUN COMPLETE ===
Matches: 700   W: 461   L: 239   D: 0   Win: 65.9%   (opponent: self)
Policy saved to res://training/checkpoints/focus_gray/w5.json  (generation 5, trained_matches 10700)
