Godot Engine v4.6.2.stable.official.71f334935 - https://godotengine.org

[trainer] seed=77194 matches=300 opponent=policy:res://training/checkpoints/focus_naruto/baseline.json eval=true out=res://training/checkpoints/work.json checkpoint=res://training/checkpoints/focus_naruto/merged.json
[authored] loaded 1 authored character(s)
[   1/300 ] WIN    26 turns   naruto, mavis, lyserg  vs  lizandpatty, todoroki, mercury
[   2/300 ] LOSS   35 turns   naruto, saber, kaiba  vs  lucy, jack, saitama
[   3/300 ] WIN    16 turns   naruto, tatsumaki, luffy  vs  natsu, tsuyu, gohan
[   4/300 ] WIN    15 turns   naruto, zenitsu, nagisa  vs  mercury, zoro, sayaka
Applying bleed effect! Checking special code
[   5/300 ] LOSS   20 turns   naruto, uzui, denji  vs  kurapika, byakuya, kurotsuchi
[   6/300 ] LOSS   11 turns   naruto, kuroko, gohan  vs  ganta, alphamon, kitara
[   7/300 ] LOSS   68 turns   naruto, gallantmon, venus  vs  inosuke, squalo, marco
[   8/300 ] WIN    19 turns   naruto, tatsumi, neferpitou  vs  lucy, boruto, shinra
[   9/300 ] WIN    31 turns   naruto, tsubaki, inuyasha  vs  hibari, blackstar, yubel
[  10/300 ] WIN    22 turns   naruto, rob, saturn  vs  toga, orihime, jesse
[  11/300 ] LOSS   20 turns   naruto, edward, tanjiro  vs  neferpitou, soul, ichigo
Applying bleed effect! Checking special code
Applying bleed effect! Checking special code
[  12/300 ] WIN    14 turns   naruto, ichigo, xanxus  vs  inosuke, rob, horohoro
[  13/300 ] WIN    17 turns   naruto, nimaiya, erza  vs  inuyasha, uraraka, gilgamesh
Applying bleed effect! Checking special code
Applying bleed effect! Checking special code
Applying bleed effect! Checking special code
Applying bleed effect! Checking special code
Applying bleed effect! Checking special code
Applying bleed effect! Checking special code
Applying bleed effect! Checking special code
Applying bleed effect! Checking special code
[  14/300 ] WIN    20 turns   naruto, yoh, king  vs  ban, jeanne, chrome
Applying bleed effect! Checking special code
Applying bleed effect! Checking special code
[  15/300 ] WIN    16 turns   naruto, gatomon, king  vs  ryuko, levi, killua
[  16/300 ] WIN    21 turns   naruto, semiramis, pegasus  vs  kaiba, seventeen, erza
[  17/300 ] WIN    16 turns   naruto, tatsumi, halibel  vs  frankenstein, kaiba, emiya
[  18/300 ] LOSS   17 turns   naruto, halibel, sasuke  vs  goku, tokoyami, mavis
[  19/300 ] WIN    16 turns   naruto, edward, yugi  vs  alphamon, ryohei, mash
[  20/300 ] LOSS   20 turns   naruto, emiya, seventeen  vs  nel, ace, mercury
[  21/300 ] WIN    31 turns   naruto, ichigo, broly  vs  adam, jeanne, cell
Applying bleed effect! Checking special code
Applying bleed effect! Checking special code
Applying bleed effect! Checking special code
Applying bleed effect! Checking special code
Applying bleed effect! Checking special code
Applying bleed effect! Checking special code
[  22/300 ] LOSS   36 turns   naruto, gogeta, soul  vs  toji, king, renamon
[  23/300 ] WIN    24 turns   naruto, hashirama, noelle  vs  lucy, yuji, erza
[  24/300 ] LOSS   19 turns   naruto, madoka, mine  vs  bakugo, saturn, sasuke
Applying bleed effect! Checking special code
Applying bleed effect! Checking special code
Applying bleed effect! Checking special code
Applying bleed effect! Checking special code
[  25/300 ] WIN    31 turns   naruto, denji, akame  vs  veldora, zoro, power
[  26/300 ] WIN    20 turns   naruto, koro, zenitsu  vs  eren, rob, yamamoto
[  27/300 ] WIN    32 turns   naruto, lyserg, hinata  vs  yoh, cooler, saitama
[  28/300 ] WIN    53 turns   naruto, yoh, natsu  vs  blackstar, nonon, misaka
[  29/300 ] WIN    35 turns   naruto, jinwoo, kurapika  vs  death, halibel, edward
[  30/300 ] LOSS   53 turns   naruto, emiya, impmon  vs  hibari, chrome, minene
[  31/300 ] LOSS   16 turns   naruto, ganta, jeanne  vs  asta, neferpitou, mikasa
[  32/300 ] LOSS   38 turns   naruto, kaiba, arthur  vs  aiohto, nimaiya, zenitsu
[  33/300 ] WIN    26 turns   naruto, mash, marco  vs  inuyasha, kurotsuchi, akame
[  34/300 ] WIN    27 turns   naruto, levi, toph  vs  emiyaarcher, misaka, sayaka
[  35/300 ] WIN    18 turns   naruto, ichibe, kurapika  vs  impmon, emiyaarcher, frieren
Yubel's S1 Triggered!
[  36/300 ] LOSS   21 turns   naruto, yubel, edward  vs  gilgamesh, rimuru, marco
[  37/300 ] LOSS   22 turns   naruto, shinra, gojo  vs  shiro, uzui, lyserg
[  38/300 ] LOSS   18 turns   naruto, esdeath, toji  vs  satsuki, frieren, shinra
Applying bleed effect! Checking special code
[  39/300 ] LOSS   38 turns   naruto, inuyasha, byakuya  vs  rengoku, inosuke, kuroko
[  40/300 ] LOSS   24 turns   naruto, halibel, tsubasa  vs  hashirama, diane, nel
[  41/300 ] LOSS   21 turns   naruto, tatsumi, veldora  vs  death, gilgamesh, tsunayoshi
[  42/300 ] WIN    14 turns   naruto, yamamoto, rimuru  vs  tsuyu, mine, gasai
[  43/300 ] WIN    27 turns   naruto, gallantmon, ichibe  vs  boruto, semiramis, tsunayoshi
Applying bleed effect! Checking special code
Applying bleed effect! Checking special code
Applying bleed effect! Checking special code
Applying bleed effect! Checking special code
Applying bleed effect! Checking special code
Applying bleed effect! Checking special code
Applying bleed effect! Checking special code
Applying bleed effect! Checking special code
Applying bleed effect! Checking special code
[  44/300 ] WIN    22 turns   naruto, ken, xanxus  vs  inosuke, sheele, frankenstein
[  45/300 ] LOSS   26 turns   naruto, eren, allmight  vs  chrome, luffy, veldora
[  46/300 ] LOSS   27 turns   naruto, toph, yubel  vs  zenitsu, jack, kuroko
Applying bleed effect! Checking special code
Applying bleed effect! Checking special code
Applying bleed effect! Checking special code
Applying bleed effect! Checking special code
Applying bleed effect! Checking special code
Applying bleed effect! Checking special code
[  47/300 ] WIN    22 turns   naruto, inosuke, ken  vs  machinedramon, death, allmight
Applying bleed effect! Checking special code
[  48/300 ] WIN    26 turns   naruto, levi, rob  vs  blackstar, lucy, rakko
[  49/300 ] WIN    18 turns   naruto, vegeta, crona  vs  gasai, gilgamesh, jesse
[  50/300 ] LOSS   16 turns   naruto, shokuhou, sukuna  vs  saturn, frankenstein, uraraka
[  51/300 ] WIN    21 turns   naruto, mars, meliodas  vs  byakuya, tatsumi, lizandpatty
[  52/300 ] LOSS   21 turns   naruto, power, semiramis  vs  madoka, muichiro, death
[  53/300 ] LOSS   24 turns   naruto, natsu, zoro  vs  madoka, vegeta, ryuko
[  54/300 ] LOSS   22 turns   naruto, tsuyu, goku  vs  vegeta, mami, gallantmon
Applying bleed effect! Checking special code
Applying bleed effect! Checking special code
[  55/300 ] WIN    33 turns   naruto, kitara, rengoku  vs  inuyasha, mash, frankenstein
[  56/300 ] LOSS   22 turns   naruto, pegasus, noelle  vs  megumin, toji, horohoro
[  57/300 ] WIN    25 turns   naruto, lucy, ryuko  vs  shokuhou, emiya, uranus
[  58/300 ] WIN    35 turns   naruto, mavis, gatomon  vs  luffy, saber, todoroki
[  59/300 ] LOSS   21 turns   naruto, touka, nonon  vs  chrome, venus, edward
[  60/300 ] WIN    22 turns   naruto, gatomon, yugi  vs  hawkmon, alphonse, gojo
[  61/300 ] WIN    22 turns   naruto, blackstar, frieren  vs  sukuna, sasuke, omnimon
[  62/300 ] WIN    39 turns   naruto, death, nagisa  vs  touka, yubel, saturn
[  63/300 ] WIN    26 turns   naruto, natsu, crona  vs  cell, squalo, yuno
[  64/300 ] WIN    22 turns   naruto, uzui, crona  vs  uranus, ban, noelle
[  65/300 ] WIN    18 turns   naruto, tsunayoshi, ryuko  vs  frieren, machinedramon, gilgamesh
[  66/300 ] LOSS   15 turns   naruto, omnimon, megumin  vs  ryuko, sukuna, mine
[  67/300 ] WIN    30 turns   naruto, mash, kaiba  vs  shokuhou, gojo, shinra
[  68/300 ] WIN    20 turns   naruto, ban, hawkmon  vs  yamamoto, yoh, tsunayoshi
Applying bleed effect! Checking special code
Applying bleed effect! Checking special code
Applying bleed effect! Checking special code
Applying bleed effect! Checking special code
[  69/300 ] LOSS   23 turns   naruto, mami, killua  vs  ken, lyserg, horohoro
[  70/300 ] WIN    49 turns   naruto, gasai, sayaka  vs  mavis, nobara, sasuke
[  71/300 ] WIN    23 turns   naruto, astolfo, hawkmon  vs  death, midoriya, gojo
[  72/300 ] WIN    42 turns   naruto, shinoa, semiramis  vs  omnimon, mavis, boruto
[  73/300 ] WIN    21 turns   naruto, mavis, gallantmon  vs  genos, shinra, hawkmon
[  74/300 ] WIN    35 turns   naruto, boruto, nagisa  vs  crona, gohan, renamon
[  75/300 ] WIN    17 turns   naruto, ryohei, seventeen  vs  allmight, mikasa, satsuki
[  76/300 ] LOSS   20 turns   naruto, horohoro, tanjiro  vs  tamaki, kurapika, squalo
[  77/300 ] WIN    33 turns   naruto, crona, veldora  vs  marco, kaiba, kid
Applying bleed effect! Checking special code
Applying bleed effect! Checking special code
Applying bleed effect! Checking special code
[  78/300 ] LOSS   16 turns   naruto, chrome, ken  vs  jupiter, killua, mikasa
[  79/300 ] WIN    28 turns   naruto, myotismon, tanjiro  vs  levi, kurapika, misaka
Applying bleed effect! Checking special code
[  80/300 ] WIN    21 turns   naruto, tamaki, gunha  vs  rengoku, byakuya, venus
[  81/300 ] WIN    24 turns   naruto, squalo, adam  vs  kid, cell, hinata
[  82/300 ] LOSS   35 turns   naruto, mikasa, inuyasha  vs  yoh, nonon, shokuhou
Applying bleed effect! Checking special code
Applying bleed effect! Checking special code
Applying bleed effect! Checking special code
[  83/300 ] WIN   163 turns   naruto, uzui, yoh  vs  jaden, hibari, denji
[  84/300 ] LOSS   20 turns   naruto, midoriya, emiyaarcher  vs  pegasus, kuroko, megumin
[  85/300 ] WIN    18 turns   naruto, chrome, hawkmon  vs  natsu, akame, jeanne
[  86/300 ] WIN    36 turns   naruto, sayaka, astolfo  vs  mercury, blackwargreymon, tamaki
Applying bleed effect! Checking special code
Applying bleed effect! Checking special code
Applying bleed effect! Checking special code
Applying bleed effect! Checking special code
[  87/300 ] WIN    21 turns   naruto, zenitsu, ladydevimon  vs  rengoku, power, arthur
[  88/300 ] WIN    17 turns   naruto, hinata, semiramis  vs  renamon, alphonse, alphamon
[  89/300 ] WIN    22 turns   naruto, diane, satsuki  vs  luffy, seventeen, uzui
[  90/300 ] LOSS   36 turns   naruto, ryohei, esdeath  vs  nagisa, uraraka, jinwoo
[  91/300 ] WIN    25 turns   naruto, pegasus, gasai  vs  frieren, gohan, kaiba
[  92/300 ] WIN    31 turns   naruto, astolfo, marco  vs  yugi, touka, rob
[  93/300 ] WIN    14 turns   naruto, ladydevimon, alphamon  vs  toudou, hibari, satsuki
[  94/300 ] WIN    26 turns   naruto, yuno, tatsumi  vs  uraraka, jaden, asta
[  95/300 ] WIN    20 turns   naruto, saturn, kurapika  vs  yoh, meliodas, semiramis
[  96/300 ] WIN    30 turns   naruto, nel, jesse  vs  boruto, edward, broly
[  97/300 ] WIN    20 turns   naruto, uranus, gojo  vs  genos, levi, gon
[  98/300 ] LOSS   27 turns   naruto, akame, ryohei  vs  astolfo, tatsumaki, lyserg
[  99/300 ] WIN    37 turns   naruto, megumi, gon  vs  tatsumi, ban, aiohto
[ 100/300 ] LOSS   29 turns   naruto, yubel, gallantmon  vs  tsubasa, uzui, aang
[ 101/300 ] WIN    21 turns   naruto, halibel, hashirama  vs  tamaki, luffy, uzui
Applying bleed effect! Checking special code
Applying bleed effect! Checking special code
Applying bleed effect! Checking special code
Applying bleed effect! Checking special code
[ 102/300 ] WIN    38 turns   naruto, rengoku, mine  vs  maka, sakura, yamamoto
[ 103/300 ] WIN    26 turns   naruto, mine, nobara  vs  uranus, nezuko, luffy
[ 104/300 ] LOSS   18 turns   naruto, tsunayoshi, soul  vs  eren, adam, ace
Applying bleed effect! Checking special code
Applying bleed effect! Checking special code
Applying bleed effect! Checking special code
Applying bleed effect! Checking special code
Applying bleed effect! Checking special code
Applying bleed effect! Checking special code
[ 105/300 ] WIN    24 turns   naruto, king, orihime  vs  saitama, maka, gohan
[ 106/300 ] WIN    30 turns   naruto, esdeath, tatsumaki  vs  yugi, vegeta, alphonse
[ 107/300 ] WIN    15 turns   naruto, shinra, meliodas  vs  itachi, venus, uranus
[ 108/300 ] WIN    18 turns   naruto, death, ganta  vs  ryohei, alphonse, megumin
[ 109/300 ] LOSS   19 turns   naruto, pegasus, eren  vs  madoka, genos, kid
[ 110/300 ] WIN    20 turns   naruto, yamamoto, gatomon  vs  sayaka, minene, tsubaki
[ 111/300 ] LOSS   39 turns   naruto, tatsumi, shinra  vs  hashirama, toga, tatsumaki
[ 112/300 ] WIN    19 turns   naruto, nonon, semiramis  vs  midoriya, inuyasha, jupiter
Applying bleed effect! Checking special code
Applying bleed effect! Checking special code
Applying bleed effect! Checking special code
[ 113/300 ] LOSS   25 turns   naruto, zenitsu, venus  vs  rakko, nel, tsuyu
[ 114/300 ] LOSS   22 turns   naruto, broly, ganta  vs  orihime, lucy, astolfo
[ 115/300 ] WIN    15 turns   naruto, jack, gon  vs  mami, vegeta, power
[ 116/300 ] WIN    33 turns   naruto, edward, seventeen  vs  lizandpatty, nonon, esdeath
[ 117/300 ] LOSS   13 turns   naruto, itachi, yuji  vs  touka, gon, kitara
[ 118/300 ] WIN    16 turns   naruto, alphamon, allmight  vs  luffy, edward, kuroko
[ 119/300 ] WIN    15 turns   naruto, mavis, nonon  vs  saturn, toph, touka
[ 120/300 ] WIN    23 turns   naruto, machinedramon, mercury  vs  shinoa, maka, uraraka
[ 121/300 ] WIN    25 turns   naruto, arthur, xanxus  vs  cooler, inuyasha, gallantmon
[ 122/300 ] WIN    32 turns   naruto, horohoro, mercury  vs  tanjiro, squalo, mars
[ 123/300 ] WIN    26 turns   naruto, jinwoo, mash  vs  sakura, eren, ganta
[ 124/300 ] LOSS   26 turns   naruto, eren, halibel  vs  cooler, itachi, satsuki
[ 125/300 ] LOSS   16 turns   naruto, erza, cooler  vs  astolfo, toga, noelle
Applying bleed effect! Checking special code
Applying bleed effect! Checking special code
Applying bleed effect! Checking special code
Applying bleed effect! Checking special code
Applying bleed effect! Checking special code
Applying bleed effect! Checking special code
Applying bleed effect! Checking special code
[ 126/300 ] LOSS   21 turns   naruto, tanjiro, tsubaki  vs  ken, megumi, gohan
[ 127/300 ] LOSS   27 turns   naruto, lucy, jeanne  vs  boruto, mine, killua
Applying bleed effect! Checking special code
Applying bleed effect! Checking special code
[ 128/300 ] WIN    23 turns   naruto, toph, tatsumi  vs  horohoro, rengoku, touka
[ 129/300 ] LOSS   18 turns   naruto, shinoa, gunha  vs  touka, allmight, uraraka
[ 130/300 ] WIN    51 turns   naruto, mercury, misaka  vs  orihime, levi, sakura
Applying bleed effect! Checking special code
Applying bleed effect! Checking special code
[ 131/300 ] WIN    20 turns   naruto, itachi, semiramis  vs  rimuru, byakuya, rakko
[ 132/300 ] LOSS   16 turns   naruto, allmight, gasai  vs  gilgamesh, lucy, gogeta
[ 133/300 ] LOSS   29 turns   naruto, yuno, ladydevimon  vs  crona, nel, diane
[ 134/300 ] LOSS   16 turns   naruto, marco, emiyaarcher  vs  esdeath, jack, tokoyami
[ 135/300 ] LOSS   27 turns   naruto, esdeath, levi  vs  zenitsu, aiohto, nel
[ 136/300 ] LOSS   24 turns   naruto, jesse, yuji  vs  bakugo, edward, jaden
Applying bleed effect! Checking special code
Applying bleed effect! Checking special code
Applying bleed effect! Checking special code
Applying bleed effect! Checking special code
Applying bleed effect! Checking special code
Applying bleed effect! Checking special code
[ 137/300 ] WIN    16 turns   naruto, ken, vegeta  vs  koro, sakura, denji
[ 138/300 ] WIN    16 turns   naruto, uzui, frieren  vs  minene, shiro, pegasus
Applying bleed effect! Checking special code
Applying bleed effect! Checking special code
Applying bleed effect! Checking special code
[ 139/300 ] WIN    12 turns   naruto, jupiter, king  vs  crona, nobara, hawkmon
Applying bleed effect! Checking special code
[ 140/300 ] WIN    26 turns   naruto, uranus, xanxus  vs  rakko, allmight, natsu
[ 141/300 ] WIN    51 turns   naruto, tsunayoshi, inuyasha  vs  toudou, minene, yugi
[ 142/300 ] WIN    25 turns   naruto, touka, nezuko  vs  kurotsuchi, shokuhou, korra
[ 143/300 ] LOSS   35 turns   naruto, blackwargreymon, natsu  vs  killua, frieren, gray
[ 144/300 ] LOSS   22 turns   naruto, korra, sasuke  vs  usopp, gon, diane
[ 145/300 ] LOSS   29 turns   naruto, lucy, pegasus  vs  misaka, zoro, jack
Applying bleed effect! Checking special code
Applying bleed effect! Checking special code
Applying bleed effect! Checking special code
Applying bleed effect! Checking special code
Applying bleed effect! Checking special code
[ 146/300 ] WIN    19 turns   naruto, marco, ken  vs  myotismon, ichigo, astolfo
[ 147/300 ] WIN    18 turns   naruto, ladydevimon, genos  vs  xanxus, edward, veldora
[ 148/300 ] LOSS   20 turns   naruto, yuji, uraraka  vs  crona, alphamon, broly
[ 149/300 ] LOSS   18 turns   naruto, gunha, edward  vs  bakugo, king, kitara
[ 150/300 ] LOSS   22 turns   naruto, death, tsubasa  vs  levi, nimaiya, jesse
[ 151/300 ] LOSS   16 turns   naruto, hawkmon, hinata  vs  asta, lyserg, emiya
[ 152/300 ] LOSS   21 turns   naruto, toudou, killua  vs  veldora, ace, mavis
[ 153/300 ] LOSS   28 turns   naruto, natsu, ryohei  vs  uzui, mine, uranus
Applying bleed effect! Checking special code
Yubel's S1 Triggered!
Applying bleed effect! Checking special code
[ 154/300 ] LOSS   24 turns   naruto, shokuhou, yubel  vs  denji, blackwargreymon, tokoyami
[ 155/300 ] WIN    27 turns   naruto, zenitsu, noelle  vs  rob, cell, yuji
[ 156/300 ] WIN    24 turns   naruto, tokoyami, toji  vs  emiya, horohoro, death
[ 157/300 ] WIN    27 turns   naruto, alphonse, kaiba  vs  megumin, mash, tsubaki
[ 158/300 ] WIN    21 turns   naruto, jupiter, killua  vs  cooler, semiramis, aiohto
Applying bleed effect! Checking special code
Applying bleed effect! Checking special code
Applying bleed effect! Checking special code
Applying bleed effect! Checking special code
Applying bleed effect! Checking special code
Applying bleed effect! Checking special code
[ 159/300 ] LOSS   20 turns   naruto, kurotsuchi, ken  vs  death, gray, yugi
Applying bleed effect! Checking special code
Applying bleed effect! Checking special code
[ 160/300 ] LOSS   24 turns   naruto, toji, jaden  vs  shinoa, rengoku, sheele
[ 161/300 ] LOSS   29 turns   naruto, kid, marco  vs  ryuko, luffy, inosuke
[ 162/300 ] WIN    18 turns   naruto, mine, minene  vs  goku, tsubasa, korra
Applying bleed effect! Checking special code
Applying bleed effect! Checking special code
Applying bleed effect! Checking special code
Applying bleed effect! Checking special code
Applying bleed effect! Checking special code
Applying bleed effect! Checking special code
Applying bleed effect! Checking special code
[ 163/300 ] LOSS   22 turns   naruto, yamamoto, touka  vs  gallantmon, king, akame
[ 164/300 ] WIN    27 turns   naruto, gon, gunha  vs  emiya, blackwargreymon, alphonse
[ 165/300 ] LOSS   19 turns   naruto, todoroki, kaiba  vs  korra, nimaiya, ichibe
Applying bleed effect! Checking special code
Applying bleed effect! Checking special code
Applying bleed effect! Checking special code
Applying bleed effect! Checking special code
Applying bleed effect! Checking special code
[ 166/300 ] WIN    18 turns   naruto, nonon, adam  vs  mami, inosuke, uranus
Yubel's S1 Triggered!
[ 167/300 ] LOSS   34 turns   naruto, omnimon, myotismon  vs  gojo, yubel, ryohei
Applying bleed effect! Checking special code
Applying bleed effect! Checking special code
[ 168/300 ] WIN    18 turns   naruto, denji, jupiter  vs  usopp, toph, diane
[ 169/300 ] WIN    20 turns   naruto, alphamon, rimuru  vs  shinoa, natsu, ganta
[ 170/300 ] LOSS   23 turns   naruto, gogeta, madoka  vs  sukuna, touka, saber
[ 171/300 ] WIN    22 turns   naruto, hawkmon, tsunayoshi  vs  natsu, toji, allmight
[ 172/300 ] WIN    22 turns   naruto, tsunayoshi, shinra  vs  cell, gasai, omnimon
[ 173/300 ] WIN    18 turns   naruto, maka, jack  vs  mavis, todoroki, kid
[ 174/300 ] LOSS   15 turns   naruto, toji, korra  vs  hashirama, nimaiya, mikasa
[ 175/300 ] WIN    18 turns   naruto, megumi, blackstar  vs  nobara, hawkmon, levi
[ 176/300 ] WIN    15 turns   naruto, saturn, impmon  vs  crona, usopp, mash
[ 177/300 ] WIN    17 turns   naruto, eren, sukuna  vs  vegeta, jupiter, maka
[ 178/300 ] WIN   105 turns   naruto, orihime, saitama  vs  tsubasa, gojo, muichiro
[ 179/300 ] LOSS   14 turns   naruto, todoroki, noelle  vs  blackstar, gogeta, nagisa
[ 180/300 ] WIN    24 turns   naruto, mars, emiyaarcher  vs  aiohto, nel, denji
Applying bleed effect! Checking special code
Applying bleed effect! Checking special code
Applying bleed effect! Checking special code
Applying bleed effect! Checking special code
[ 181/300 ] WIN    15 turns   naruto, madoka, king  vs  rimuru, venus, sheele
[ 182/300 ] WIN    39 turns   naruto, kaiba, gasai  vs  tsunayoshi, sayaka, diane
Applying bleed effect! Checking special code
Applying bleed effect! Checking special code
Applying bleed effect! Checking special code
Applying bleed effect! Checking special code
Applying bleed effect! Checking special code
Applying bleed effect! Checking special code
Applying bleed effect! Checking special code
Applying bleed effect! Checking special code
Applying bleed effect! Checking special code
Applying bleed effect! Checking special code
Applying bleed effect! Checking special code
[ 183/300 ] WIN    31 turns   naruto, ken, renamon  vs  ryohei, yamamoto, rakko
[ 184/300 ] LOSS   23 turns   naruto, jupiter, yuji  vs  toph, ladydevimon, mash
[ 185/300 ] WIN    18 turns   naruto, tanjiro, sukuna  vs  byakuya, hawkmon, orihime
[ 186/300 ] LOSS   19 turns   naruto, gojo, megumi  vs  satsuki, broly, horohoro
[ 187/300 ] LOSS   14 turns   naruto, killua, tatsumaki  vs  goku, kuroko, blackstar
[ 188/300 ] WIN    20 turns   naruto, zoro, gilgamesh  vs  touka, killua, boruto
[ 189/300 ] WIN    21 turns   naruto, cooler, hashirama  vs  jesse, toji, kaiba
[ 190/300 ] LOSS   20 turns   naruto, diane, kuroko  vs  neferpitou, lyserg, nagisa
[ 191/300 ] LOSS   19 turns   naruto, akame, minene  vs  muichiro, satsuki, rimuru
[ 192/300 ] LOSS   23 turns   naruto, gohan, orihime  vs  tokoyami, gilgamesh, satsuki
[ 193/300 ] WIN    15 turns   naruto, touka, kitara  vs  sakura, venus, korra
Applying bleed effect! Checking special code
[ 194/300 ] LOSS   27 turns   naruto, edward, ichigo  vs  power, halibel, gilgamesh
[ 195/300 ] LOSS   25 turns   naruto, gasai, boruto  vs  bakugo, horohoro, marco
[ 196/300 ] LOSS   19 turns   naruto, todoroki, gohan  vs  pegasus, machinedramon, neferpitou
[ 197/300 ] WIN    16 turns   naruto, mikasa, usopp  vs  shinoa, kid, impmon
[ 198/300 ] LOSS   19 turns   naruto, akame, muichiro  vs  tamaki, todoroki, misaka
[ 199/300 ] WIN    16 turns   naruto, sakura, gojo  vs  sayaka, mars, tsunayoshi
[ 200/300 ] LOSS   25 turns   naruto, ryuko, jeanne  vs  kurapika, minene, lucy
Applying bleed effect! Checking special code
Applying bleed effect! Checking special code
Applying bleed effect! Checking special code
Applying bleed effect! Checking special code
Applying bleed effect! Checking special code
Applying bleed effect! Checking special code
[ 201/300 ] WIN    23 turns   naruto, cooler, uranus  vs  king, yuji, astolfo
[ 202/300 ] LOSS   16 turns   naruto, gallantmon, gon  vs  kid, usopp, jack
[ 203/300 ] WIN    30 turns   naruto, kurapika, aiohto  vs  aang, sasuke, yoh
[ 204/300 ] LOSS   14 turns   naruto, muichiro, touka  vs  gojo, midoriya, saber
[ 205/300 ] WIN    18 turns   naruto, satsuki, gallantmon  vs  squalo, kurotsuchi, soul
[ 206/300 ] LOSS   35 turns   naruto, machinedramon, impmon  vs  ladydevimon, jupiter, gogeta
[ 207/300 ] WIN    24 turns   naruto, allmight, vegeta  vs  gunha, usopp, nezuko
[ 208/300 ] WIN    15 turns   naruto, ryohei, boruto  vs  kid, sayaka, nimaiya
[ 209/300 ] WIN    15 turns   naruto, ichigo, gray  vs  gunha, byakuya, mercury
[ 210/300 ] WIN    27 turns   naruto, kitara, tanjiro  vs  impmon, esdeath, levi
[ 211/300 ] LOSS   27 turns   naruto, goku, saitama  vs  alphamon, ban, toph
[ 212/300 ] WIN    18 turns   naruto, nel, neferpitou  vs  jack, zoro, blackwargreymon
[ 213/300 ] LOSS   32 turns   naruto, mercury, tsubasa  vs  maka, touka, vegeta
[ 214/300 ] WIN    28 turns   naruto, nagisa, gunha  vs  gatomon, alphamon, alphonse
Applying bleed effect! Checking special code
Applying bleed effect! Checking special code
Applying bleed effect! Checking special code
[ 215/300 ] LOSS   14 turns   naruto, jupiter, uranus  vs  kitara, rakko, aang
Applying bleed effect! Checking special code
Applying bleed effect! Checking special code
Applying bleed effect! Checking special code
[ 216/300 ] LOSS   23 turns   naruto, lucy, goku  vs  natsu, zenitsu, ken
[ 217/300 ] LOSS   29 turns   naruto, noelle, seventeen  vs  mami, nagisa, myotismon
[ 218/300 ] LOSS   20 turns   naruto, toph, tatsumaki  vs  madoka, misaka, hinata
[ 219/300 ] WIN    19 turns   naruto, nezuko, tamaki  vs  tsuyu, shokuhou, ace
[ 220/300 ] LOSS   22 turns   naruto, kid, shiro  vs  gallantmon, frieren, alphamon
Applying bleed effect! Checking special code
Applying bleed effect! Checking special code
Applying bleed effect! Checking special code
Applying bleed effect! Checking special code
Applying bleed effect! Checking special code
[ 221/300 ] WIN    22 turns   naruto, rimuru, saber  vs  inosuke, tatsumaki, rob
[ 222/300 ] WIN    19 turns   naruto, ryuko, sakura  vs  tokoyami, uzui, alphonse
Applying bleed effect! Checking special code
Applying bleed effect! Checking special code
[ 223/300 ] LOSS   23 turns   naruto, gasai, rakko  vs  inosuke, genos, kitara
[ 224/300 ] WIN    31 turns   naruto, seventeen, ryohei  vs  mars, hashirama, nel
[ 225/300 ] WIN    32 turns   naruto, marco, arthur  vs  kurapika, saturn, yamamoto
[ 226/300 ] WIN    22 turns   naruto, levi, genos  vs  mash, inuyasha, yugi
[ 227/300 ] WIN    22 turns   naruto, sakura, toji  vs  yamamoto, ban, esdeath
Applying bleed effect! Checking special code
Applying bleed effect! Checking special code
Applying bleed effect! Checking special code
Applying bleed effect! Checking special code
Applying bleed effect! Checking special code
[ 228/300 ] WIN    31 turns   naruto, gatomon, king  vs  blackstar, aiohto, yuno
[ 229/300 ] LOSS   20 turns   naruto, mikasa, meliodas  vs  yuno, astolfo, jaden
[ 230/300 ] LOSS   15 turns   naruto, tanjiro, crona  vs  gogeta, ryuko, luffy
[ 231/300 ] WIN    30 turns   naruto, tokoyami, astolfo  vs  jupiter, goku, death
Applying bleed effect! Checking special code
Applying bleed effect! Checking special code
Applying bleed effect! Checking special code
[ 232/300 ] WIN    23 turns   naruto, venus, denji  vs  madoka, edward, nobara
[ 233/300 ] WIN    22 turns   naruto, kitara, gasai  vs  ichibe, mami, diane
[ 234/300 ] WIN    15 turns   naruto, gunha, seventeen  vs  gon, alphonse, koro
Applying bleed effect! Checking special code
Applying bleed effect! Checking special code
Applying bleed effect! Checking special code
[ 235/300 ] LOSS   22 turns   naruto, renamon, yoh  vs  cell, sukuna, ken
[ 236/300 ] WIN    21 turns   naruto, neferpitou, boruto  vs  jinwoo, mars, gunha
[ 237/300 ] WIN    21 turns   naruto, marco, tokoyami  vs  byakuya, yubel, edward
[ 238/300 ] LOSS   40 turns   naruto, mavis, misaka  vs  kurapika, ganta, xanxus
[ 239/300 ] LOSS   18 turns   naruto, itachi, yamamoto  vs  pegasus, genos, mavis
Applying bleed effect! Checking special code
[ 240/300 ] LOSS   20 turns   naruto, kid, jupiter  vs  inuyasha, shinra, power
[ 241/300 ] WIN    16 turns   naruto, ichigo, satsuki  vs  lizandpatty, lucy, tsunayoshi
[ 242/300 ] WIN    34 turns   naruto, inuyasha, nel  vs  uzui, hinata, gunha
[ 243/300 ] WIN    35 turns   naruto, gohan, chrome  vs  yoh, vegeta, genos
Applying bleed effect! Checking special code
Applying bleed effect! Checking special code
Applying bleed effect! Checking special code
[ 244/300 ] WIN    19 turns   naruto, killua, hibari  vs  halibel, denji, soul
[ 245/300 ] WIN    15 turns   naruto, horohoro, mikasa  vs  halibel, zoro, shokuhou
[ 246/300 ] WIN    20 turns   naruto, vegeta, ban  vs  gohan, soul, seventeen
Applying bleed effect! Checking special code
[ 247/300 ] WIN    22 turns   naruto, cell, jinwoo  vs  toga, ken, misaka
[ 248/300 ] WIN    20 turns   naruto, jaden, omnimon  vs  tsubasa, jinwoo, ryuko
[ 249/300 ] LOSS   27 turns   naruto, frankenstein, aiohto  vs  broly, minene, jupiter
Applying bleed effect! Checking special code
Applying bleed effect! Checking special code
Applying bleed effect! Checking special code
[ 250/300 ] WIN    24 turns   naruto, mami, mine  vs  denji, halibel, rob
Applying bleed effect! Checking special code
Applying bleed effect! Checking special code
Applying bleed effect! Checking special code
Applying bleed effect! Checking special code
[ 251/300 ] WIN    18 turns   naruto, power, cooler  vs  horohoro, ken, blackstar
[ 252/300 ] WIN    30 turns   naruto, yuno, mikasa  vs  ladydevimon, yuji, shokuhou
[ 253/300 ] WIN    23 turns   naruto, sheele, ban  vs  yoh, minene, zenitsu
[ 254/300 ] WIN    27 turns   naruto, gasai, ban  vs  xanxus, tsunayoshi, vegeta
[ 255/300 ] LOSS   12 turns   naruto, touka, sukuna  vs  shinoa, yugi, venus
[ 256/300 ] WIN    37 turns   naruto, ladydevimon, jinwoo  vs  ryohei, toji, uraraka
[ 257/300 ] LOSS   23 turns   naruto, touka, hisoka  vs  toudou, saturn, genos
[ 258/300 ] WIN    22 turns   naruto, zenitsu, natsu  vs  saturn, diane, noelle
[ 259/300 ] WIN    19 turns   naruto, gallantmon, allmight  vs  noelle, astolfo, tatsumi
[ 260/300 ] LOSS   22 turns   naruto, power, sasuke  vs  goku, yuji, ichigo
[ 261/300 ] WIN    22 turns   naruto, jaden, crona  vs  edward, ace, saturn
Applying bleed effect! Checking special code
[ 262/300 ] WIN    16 turns   naruto, kuroko, minene  vs  mavis, mami, inosuke
[ 263/300 ] WIN    31 turns   naruto, saitama, tsubaki  vs  tatsumaki, blackstar, lucy
[ 264/300 ] LOSS   20 turns   naruto, venus, semiramis  vs  tamaki, madoka, uzui
[ 265/300 ] LOSS   23 turns   naruto, machinedramon, broly  vs  saitama, hisoka, omnimon
Applying bleed effect! Checking special code
Applying bleed effect! Checking special code
Applying bleed effect! Checking special code
Applying bleed effect! Checking special code
[ 266/300 ] LOSS   17 turns   naruto, ace, uzui  vs  king, nel, tokoyami
[ 267/300 ] LOSS   15 turns   naruto, inuyasha, kurapika  vs  gatomon, rengoku, alphamon
[ 268/300 ] LOSS   27 turns   naruto, saturn, mercury  vs  nonon, hibari, ladydevimon
[ 269/300 ] LOSS   24 turns   naruto, madoka, koro  vs  kurapika, toudou, saber
[ 270/300 ] LOSS   29 turns   naruto, gallantmon, genos  vs  midoriya, yuji, satsuki
[ 271/300 ] WIN    16 turns   naruto, hisoka, aang  vs  meliodas, kaiba, touka
[ 272/300 ] LOSS   35 turns   naruto, nezuko, mavis  vs  jupiter, tanjiro, cell
Applying bleed effect! Checking special code
[ 273/300 ] LOSS   21 turns   naruto, gunha, soul  vs  astolfo, rakko, vegeta
[ 274/300 ] LOSS   26 turns   naruto, ace, noelle  vs  zenitsu, akame, saitama
[ 275/300 ] WIN    19 turns   naruto, zoro, yuno  vs  gilgamesh, yugi, toga
[ 276/300 ] LOSS   24 turns   naruto, jinwoo, goku  vs  alphamon, nobara, gilgamesh
[ 277/300 ] LOSS   20 turns   naruto, muichiro, misaka  vs  yugi, tanjiro, gray
Applying bleed effect! Checking special code
Applying bleed effect! Checking special code
Applying bleed effect! Checking special code
Applying bleed effect! Checking special code
Applying bleed effect! Checking special code
[ 278/300 ] LOSS   43 turns   naruto, saitama, nobara  vs  toudou, ken, esdeath
[ 279/300 ] WIN    34 turns   naruto, nagisa, nel  vs  satsuki, death, sheele
[ 280/300 ] LOSS   16 turns   naruto, mash, venus  vs  toga, killua, itachi
[ 281/300 ] LOSS   25 turns   naruto, lyserg, mine  vs  lizandpatty, tatsumaki, impmon
[ 282/300 ] WIN    23 turns   naruto, ban, blackstar  vs  ace, yuno, alphonse
[ 283/300 ] LOSS   16 turns   naruto, alphamon, eren  vs  maka, madoka, luffy
Applying bleed effect! Checking special code
[ 284/300 ] LOSS   13 turns   naruto, rakko, machinedramon  vs  alphonse, alphamon, hawkmon
[ 285/300 ] WIN    25 turns   naruto, saturn, halibel  vs  gray, emiya, yugi
Applying bleed effect! Checking special code
Applying bleed effect! Checking special code
Applying bleed effect! Checking special code
[ 286/300 ] WIN    19 turns   naruto, kid, usopp  vs  lucy, mash, rengoku
[ 287/300 ] LOSS   24 turns   naruto, orihime, minene  vs  jack, rob, misaka
[ 288/300 ] WIN    32 turns   naruto, kaiba, tsunayoshi  vs  eren, yugi, toga
[ 289/300 ] WIN    14 turns   naruto, esdeath, mavis  vs  lizandpatty, jaden, hawkmon
[ 290/300 ] WIN    29 turns   naruto, muichiro, minene  vs  mash, tatsumaki, shiro
[ 291/300 ] LOSS   19 turns   naruto, frankenstein, sheele  vs  mavis, asta, tsubaki
[ 292/300 ] WIN    23 turns   naruto, neferpitou, lucy  vs  jinwoo, ichigo, aiohto
[ 293/300 ] WIN    16 turns   naruto, ban, kurotsuchi  vs  jack, power, mami
[ 294/300 ] WIN    45 turns   naruto, inuyasha, mikasa  vs  mavis, natsu, seventeen
[ 295/300 ] LOSS   23 turns   naruto, gon, xanxus  vs  uraraka, toudou, megumi
[ 296/300 ] WIN    23 turns   naruto, ace, diane  vs  semiramis, toga, nezuko
[ 297/300 ] WIN    16 turns   naruto, cooler, eren  vs  tsunayoshi, jeanne, sayaka
[ 298/300 ] WIN    25 turns   naruto, lyserg, megumi  vs  genos, rimuru, tsunayoshi
[ 299/300 ] LOSS   32 turns   naruto, impmon, lucy  vs  todoroki, alphamon, broly
[ 300/300 ] WIN    18 turns   naruto, jack, hibari  vs  gilgamesh, nagisa, madoka
=== TRAINER RUN COMPLETE ===
Matches: 300   W: 177   L: 123   D: 0   Win: 59.0%   (opponent: v3:baseline.json  [EVAL])
