Godot Engine v4.6.2.stable.official.71f334935 - https://godotengine.org

[trainer] seed=65665 matches=250 opponent=priority eval=true out=res://training/checkpoints/work.json checkpoint=res://training/checkpoints/gen_8.json
[authored] loaded 1 authored character(s)
[   1/250 ] WIN    20 turns   hinata, gilgamesh, jeanne  vs  adam, saber, gasai
[   2/250 ] WIN    19 turns   mercury, mash, kitara  vs  chrome, natsu, ryohei
[   3/250 ] WIN    14 turns   tsubaki, venus, ryohei  vs  kurapika, kurotsuchi, rob
Applying bleed effect! Checking special code
Applying bleed effect! Checking special code
Applying bleed effect! Checking special code
Applying bleed effect! Checking special code
[   4/250 ] WIN    18 turns   shiro, erza, nimaiya  vs  toga, rakko, asta
Applying bleed effect! Checking special code
Applying bleed effect! Checking special code
Applying bleed effect! Checking special code
Applying bleed effect! Checking special code
Applying bleed effect! Checking special code
Applying bleed effect! Checking special code
Applying bleed effect! Checking special code
Applying bleed effect! Checking special code
Applying bleed effect! Checking special code
Applying bleed effect! Checking special code
Applying bleed effect! Checking special code
Applying bleed effect! Checking special code
Applying bleed effect! Checking special code
Applying bleed effect! Checking special code
Applying bleed effect! Checking special code
[   5/250 ] LOSS   23 turns   gatomon, yugi, king  vs  aiohto, power, erza
[   6/250 ] WIN    47 turns   ken, mars, gohan  vs  itachi, gon, maka
Applying bleed effect! Checking special code
Applying bleed effect! Checking special code
[   7/250 ] WIN    15 turns   touka, killua, mash  vs  frieren, sakura, inosuke
[   8/250 ] WIN    17 turns   hisoka, death, machinedramon  vs  lucy, muichiro, saitama
Applying bleed effect! Checking special code
Applying bleed effect! Checking special code
Applying bleed effect! Checking special code
Applying bleed effect! Checking special code
Applying bleed effect! Checking special code
Applying bleed effect! Checking special code
Applying bleed effect! Checking special code
Applying bleed effect! Checking special code
Applying bleed effect! Checking special code
[   9/250 ] WIN    32 turns   rengoku, hinata, ken  vs  meliodas, tanjiro, halibel
[  10/250 ] WIN    14 turns   yugi, soul, ladydevimon  vs  nobara, semiramis, satsuki
[  11/250 ] WIN    15 turns   gon, megumin, ban  vs  blackwargreymon, mars, diane
[  12/250 ] LOSS   33 turns   korra, crona, koro  vs  nagisa, ichigo, halibel
Applying bleed effect! Checking special code
[  13/250 ] WIN    23 turns   yuno, uranus, lucy  vs  diane, allmight, shinra
[  14/250 ] WIN    10 turns   sukuna, jeanne, xanxus  vs  gilgamesh, mavis, yuno
[  15/250 ] WIN    20 turns   ichibe, yuno, impmon  vs  asta, mavis, gasai
[  16/250 ] WIN    17 turns   touka, killua, nimaiya  vs  impmon, xanxus, halibel
[  17/250 ] WIN    22 turns   alphamon, gogeta, frieren  vs  minene, mercury, megumin
[  18/250 ] WIN    18 turns   gilgamesh, soul, yuno  vs  uzui, edward, jeanne
Applying bleed effect! Checking special code
Applying bleed effect! Checking special code
Applying bleed effect! Checking special code
[  19/250 ] LOSS   41 turns   gogeta, adam, halibel  vs  levi, inosuke, renamon
Applying bleed effect! Checking special code
Applying bleed effect! Checking special code
Applying bleed effect! Checking special code
Applying bleed effect! Checking special code
Applying bleed effect! Checking special code
[  20/250 ] WIN    20 turns   nel, gatomon, king  vs  zoro, cooler, gunha
[  21/250 ] WIN    16 turns   ryuko, chrome, yugi  vs  tsunayoshi, uzui, xanxus
[  22/250 ] WIN    44 turns   mikasa, shinra, kitara  vs  omnimon, lucy, marco
[  23/250 ] WIN    20 turns   death, cell, kurapika  vs  sheele, yoh, mash
Applying bleed effect! Checking special code
Applying bleed effect! Checking special code
Applying bleed effect! Checking special code
[  24/250 ] LOSS   13 turns   rengoku, soul, gilgamesh  vs  yuji, maka, gojo
Applying bleed effect! Checking special code
[  25/250 ] LOSS   16 turns   blackstar, touka, blackwargreymon  vs  tsunayoshi, alphonse, inosuke
[  26/250 ] LOSS   22 turns   tsuyu, megumin, kitara  vs  adam, koro, mash
[  27/250 ] WIN    11 turns   shinra, astolfo, midoriya  vs  byakuya, mine, sukuna
[  28/250 ] LOSS   17 turns   machinedramon, omnimon, jupiter  vs  shinra, saitama, crona
[  29/250 ] LOSS   30 turns   tsubasa, hinata, gojo  vs  xanxus, shiro, marco
[  30/250 ] WIN    19 turns   frieren, renamon, hisoka  vs  yuji, koro, nezuko
Applying bleed effect! Checking special code
Applying bleed effect! Checking special code
Applying bleed effect! Checking special code
Applying bleed effect! Checking special code
Applying bleed effect! Checking special code
Applying bleed effect! Checking special code
Applying bleed effect! Checking special code
[  31/250 ] LOSS   33 turns   kitara, rimuru, sasuke  vs  bakugo, sayaka, rengoku
Applying bleed effect! Checking special code
Applying bleed effect! Checking special code
[  32/250 ] WIN    17 turns   gatomon, ryuko, impmon  vs  levi, rakko, semiramis
[  33/250 ] LOSS   16 turns   allmight, alphamon, tsubasa  vs  mine, uraraka, uzui
[  34/250 ] WIN    20 turns   gunha, gray, saitama  vs  lyserg, madoka, ace
[  35/250 ] WIN    25 turns   rob, misaka, touka  vs  koro, tsunayoshi, impmon
Yubel's S1 Triggered!
Yubel's S1 Triggered!
Yubel's S1 Triggered!
Yubel's S1 Triggered!
[  36/250 ] LOSS   15 turns   yubel, crona, kid  vs  kurotsuchi, tanjiro, gilgamesh
[  37/250 ] WIN    21 turns   muichiro, yamamoto, meliodas  vs  toudou, nimaiya, mikasa
[  38/250 ] LOSS   12 turns   shiro, itachi, hisoka  vs  seventeen, saitama, tatsumaki
Applying bleed effect! Checking special code
Applying bleed effect! Checking special code
Applying bleed effect! Checking special code
[  39/250 ] WIN    20 turns   jack, kurotsuchi, edward  vs  mars, luffy, rakko
Applying bleed effect! Checking special code
[  40/250 ] LOSS   22 turns   nezuko, killua, rakko  vs  saber, madoka, byakuya
[  41/250 ] WIN    19 turns   uranus, jaden, yuno  vs  mami, soul, gilgamesh
[  42/250 ] LOSS   25 turns   ban, touka, tsunayoshi  vs  jinwoo, saturn, gray
Applying bleed effect! Checking special code
Applying bleed effect! Checking special code
Applying bleed effect! Checking special code
[  43/250 ] WIN    13 turns   gohan, rakko, maka  vs  asta, yuno, lyserg
[  44/250 ] LOSS   49 turns   toji, gojo, horohoro  vs  marco, vegeta, kuroko
Applying bleed effect! Checking special code
Applying bleed effect! Checking special code
Applying bleed effect! Checking special code
Applying bleed effect! Checking special code
Applying bleed effect! Checking special code
Applying bleed effect! Checking special code
Applying bleed effect! Checking special code
Applying bleed effect! Checking special code
Applying bleed effect! Checking special code
Applying bleed effect! Checking special code
[  45/250 ] WIN    23 turns   denji, luffy, myotismon  vs  toji, king, lucy
[  46/250 ] WIN    31 turns   tamaki, myotismon, tsuyu  vs  inuyasha, ichibe, chrome
[  47/250 ] WIN    28 turns   luffy, kitara, orihime  vs  asta, uraraka, ace
[  48/250 ] WIN    17 turns   ryuko, tokoyami, yoh  vs  boruto, midoriya, soul
Yubel's S1 Triggered!
Yubel's S1 Triggered!
[  49/250 ] WIN    21 turns   kurapika, tamaki, rimuru  vs  yubel, natsu, orihime
Applying bleed effect! Checking special code
[  50/250 ] WIN    20 turns   power, machinedramon, yamamoto  vs  chrome, rimuru, nezuko
[  51/250 ] WIN    10 turns   death, touka, inuyasha  vs  omnimon, bakugo, shinoa
[  52/250 ] LOSS   22 turns   chrome, lyserg, mavis  vs  natsu, noelle, nel
Applying bleed effect! Checking special code
[  53/250 ] LOSS   34 turns   uzui, inosuke, gogeta  vs  alphamon, halibel, naruto
[  54/250 ] WIN    14 turns   alphamon, gon, erza  vs  ladydevimon, zenitsu, death
[  55/250 ] LOSS   26 turns   gogeta, gray, tokoyami  vs  ban, eren, king
[  56/250 ] WIN    13 turns   nobara, ban, meliodas  vs  ganta, uzui, toji
[  57/250 ] LOSS   17 turns   todoroki, chrome, hawkmon  vs  tsubaki, cell, satsuki
[  58/250 ] LOSS   18 turns   adam, noelle, crona  vs  hashirama, mercury, mash
[  59/250 ] WIN    28 turns   tsuyu, saturn, orihime  vs  toji, squalo, saitama
[  60/250 ] WIN    23 turns   megumin, koro, hashirama  vs  ichigo, gasai, veldora
[  61/250 ] LOSS   20 turns   gunha, mami, mine  vs  rimuru, saturn, machinedramon
Applying bleed effect! Checking special code
Applying bleed effect! Checking special code
Applying bleed effect! Checking special code
Applying bleed effect! Checking special code
Applying bleed effect! Checking special code
Applying bleed effect! Checking special code
[  62/250 ] WIN    26 turns   king, saturn, gilgamesh  vs  naruto, gojo, uranus
[  63/250 ] WIN    14 turns   usopp, alphamon, toudou  vs  boruto, emiyaarcher, jack
[  64/250 ] WIN    13 turns   shokuhou, touka, mami  vs  sayaka, toji, mars
[  65/250 ] LOSS   31 turns   arthur, kaiba, ichibe  vs  saber, gohan, ladydevimon
[  66/250 ] WIN    18 turns   tamaki, zoro, nimaiya  vs  yamamoto, megumin, madoka
[  67/250 ] WIN    20 turns   renamon, gilgamesh, asta  vs  mine, genos, mars
[  68/250 ] LOSS   24 turns   soul, itachi, uraraka  vs  ichigo, yuno, boruto
[  69/250 ] WIN    22 turns   cell, gray, koro  vs  akame, kurapika, chrome
Applying bleed effect! Checking special code
[  70/250 ] WIN    21 turns   alphamon, sasuke, power  vs  sakura, madoka, marco
[  71/250 ] WIN    16 turns   gojo, power, soul  vs  usopp, toudou, megumi
[  72/250 ] LOSS   25 turns   kuroko, levi, nobara  vs  mercury, ichigo, omnimon
[  73/250 ] LOSS   25 turns   kuroko, mine, uraraka  vs  hisoka, mash, pegasus
[  74/250 ] WIN    37 turns   jinwoo, mars, chrome  vs  genos, yoh, gilgamesh
[  75/250 ] WIN    26 turns   uranus, blackstar, neferpitou  vs  uzui, edward, jack
[  76/250 ] WIN    17 turns   emiya, ichibe, jupiter  vs  jack, luffy, mine
Applying bleed effect! Checking special code
Applying bleed effect! Checking special code
Applying bleed effect! Checking special code
Applying bleed effect! Checking special code
Applying bleed effect! Checking special code
Applying bleed effect! Checking special code
Applying bleed effect! Checking special code
Applying bleed effect! Checking special code
Applying bleed effect! Checking special code
Applying bleed effect! Checking special code
Applying bleed effect! Checking special code
Applying bleed effect! Checking special code
Applying bleed effect! Checking special code
Applying bleed effect! Checking special code
Applying bleed effect! Checking special code
Applying bleed effect! Checking special code
Applying bleed effect! Checking special code
[  77/250 ] WIN    20 turns   ken, toudou, chrome  vs  king, halibel, ryuko
[  78/250 ] WIN    16 turns   aang, blackwargreymon, crona  vs  rakko, veldora, midoriya
[  79/250 ] LOSS   20 turns   ryuko, jeanne, noelle  vs  eren, soul, hibari
[  80/250 ] LOSS   14 turns   jeanne, saber, mikasa  vs  satsuki, ken, hibari
Applying bleed effect! Checking special code
Applying bleed effect! Checking special code
[  81/250 ] WIN    18 turns   kurapika, ken, erza  vs  minene, mavis, veldora
[  82/250 ] WIN    17 turns   ryuko, gray, mars  vs  jack, toga, vegeta
Yubel's S1 Triggered!
[  83/250 ] WIN    28 turns   aiohto, yubel, tsubasa  vs  rob, luffy, emiya
[  84/250 ] LOSS   14 turns   genos, impmon, machinedramon  vs  frieren, toudou, yuno
[  85/250 ] WIN    17 turns   boruto, toudou, todoroki  vs  soul, mine, emiya
[  86/250 ] LOSS   16 turns   mikasa, allmight, lyserg  vs  nezuko, esdeath, eren
[  87/250 ] WIN    26 turns   yuji, itachi, nezuko  vs  uranus, tsuyu, ace
[  88/250 ] WIN    21 turns   jinwoo, orihime, lizandpatty  vs  aang, toga, cell
[  89/250 ] WIN    16 turns   todoroki, hinata, uraraka  vs  jeanne, tanjiro, sasuke
Applying bleed effect! Checking special code
Applying bleed effect! Checking special code
Applying bleed effect! Checking special code
Applying bleed effect! Checking special code
Applying bleed effect! Checking special code
Applying bleed effect! Checking special code
Applying bleed effect! Checking special code
Applying bleed effect! Checking special code
Applying bleed effect! Checking special code
[  90/250 ] WIN    13 turns   gallantmon, aang, bakugo  vs  nobara, mikasa, king
[  91/250 ] WIN    25 turns   nagisa, hisoka, impmon  vs  mercury, nezuko, shokuhou
[  92/250 ] WIN    22 turns   gilgamesh, muichiro, squalo  vs  astolfo, usopp, ichigo
[  93/250 ] WIN    26 turns   emiya, tatsumi, jupiter  vs  sakura, cooler, nagisa
Applying bleed effect! Checking special code
Applying bleed effect! Checking special code
Applying bleed effect! Checking special code
[  94/250 ] WIN    15 turns   uraraka, nel, rakko  vs  renamon, shinoa, blackstar
[  95/250 ] WIN    21 turns   gatomon, tatsumaki, soul  vs  noelle, hawkmon, midoriya
[  96/250 ] WIN    25 turns   rimuru, astolfo, sakura  vs  hibari, sheele, jeanne
[  97/250 ] WIN    15 turns   alphamon, usopp, tanjiro  vs  semiramis, emiyaarcher, naruto
[  98/250 ] LOSS   17 turns   bakugo, tanjiro, todoroki  vs  megumin, sukuna, gray
Applying bleed effect! Checking special code
Applying bleed effect! Checking special code
[  99/250 ] WIN    29 turns   power, byakuya, alphonse  vs  uranus, hawkmon, bakugo
[ 100/250 ] LOSS   24 turns   sayaka, toji, byakuya  vs  uraraka, ace, venus
Applying bleed effect! Checking special code
Applying bleed effect! Checking special code
Applying bleed effect! Checking special code
[ 101/250 ] LOSS   20 turns   tamaki, jeanne, rengoku  vs  madoka, yoh, mars
[ 102/250 ] LOSS   37 turns   gasai, natsu, nagisa  vs  mikasa, sayaka, jack
[ 103/250 ] LOSS   32 turns   tsubasa, itachi, gasai  vs  uranus, saber, arthur
[ 104/250 ] WIN    25 turns   ladydevimon, crona, muichiro  vs  semiramis, tanjiro, ichigo
Applying bleed effect! Checking special code
Applying bleed effect! Checking special code
[ 105/250 ] WIN    22 turns   uraraka, king, cell  vs  hawkmon, midoriya, shokuhou
Applying bleed effect! Checking special code
[ 106/250 ] WIN    21 turns   astolfo, death, blackwargreymon  vs  byakuya, broly, rakko
[ 107/250 ] LOSS   19 turns   squalo, sayaka, lucy  vs  toudou, tamaki, aiohto
Applying bleed effect! Checking special code
[ 108/250 ] WIN    27 turns   eren, hawkmon, shinra  vs  cooler, rengoku, ryuko
[ 109/250 ] LOSS   29 turns   kitara, killua, midoriya  vs  tokoyami, kaiba, aang
[ 110/250 ] LOSS   27 turns   ichigo, frieren, ryohei  vs  muichiro, levi, jaden
[ 111/250 ] WIN    19 turns   mercury, sheele, adam  vs  crona, lizandpatty, yubel
Applying bleed effect! Checking special code
[ 112/250 ] WIN    24 turns   marco, denji, yoh  vs  mars, death, nobara
[ 113/250 ] LOSS   32 turns   impmon, aang, muichiro  vs  saturn, ladydevimon, nonon
[ 114/250 ] WIN    20 turns   allmight, horohoro, blackstar  vs  tsubaki, bakugo, yuno
[ 115/250 ] LOSS   26 turns   sasuke, blackstar, mars  vs  gon, zenitsu, hinata
[ 116/250 ] WIN    26 turns   megumin, hawkmon, marco  vs  akame, nel, yuji
[ 117/250 ] LOSS   15 turns   arthur, mercury, machinedramon  vs  satsuki, goku, korra
[ 118/250 ] LOSS   23 turns   noelle, allmight, bakugo  vs  korra, zoro, tokoyami
[ 119/250 ] WIN    28 turns   frieren, inuyasha, erza  vs  genos, tokoyami, shokuhou
Applying bleed effect! Checking special code
Applying bleed effect! Checking special code
Applying bleed effect! Checking special code
Applying bleed effect! Checking special code
[ 120/250 ] WIN    21 turns   king, aang, sukuna  vs  frieren, rengoku, tsuyu
[ 121/250 ] WIN    14 turns   gilgamesh, renamon, lizandpatty  vs  gray, yamamoto, genos
Applying bleed effect! Checking special code
Applying bleed effect! Checking special code
Applying bleed effect! Checking special code
Applying bleed effect! Checking special code
[ 122/250 ] LOSS   33 turns   power, horohoro, todoroki  vs  frieren, vegeta, alphamon
[ 123/250 ] WIN    26 turns   mars, kurapika, megumin  vs  boruto, naruto, tatsumaki
[ 124/250 ] LOSS   20 turns   edward, koro, saturn  vs  nagisa, megumin, jesse
[ 125/250 ] WIN    15 turns   astolfo, sakura, ladydevimon  vs  meliodas, bakugo, edward
[ 126/250 ] WIN    43 turns   akame, todoroki, gasai  vs  mikasa, mine, ladydevimon
[ 127/250 ] WIN    28 turns   mars, megumi, esdeath  vs  veldora, mercury, orihime
[ 128/250 ] WIN    17 turns   touka, astolfo, kid  vs  noelle, ichibe, kaiba
[ 129/250 ] WIN    29 turns   mash, zenitsu, korra  vs  hawkmon, yamamoto, myotismon
[ 130/250 ] LOSS   16 turns   mash, yamamoto, gogeta  vs  tamaki, broly, mars
[ 131/250 ] WIN    10 turns   usopp, diane, ace  vs  mavis, crona, tsubaki
[ 132/250 ] WIN    19 turns   soul, broly, rob  vs  genos, maka, nezuko
[ 133/250 ] WIN    23 turns   tatsumi, omnimon, jeanne  vs  mars, tamaki, frieren
[ 134/250 ] WIN    19 turns   mars, adam, touka  vs  meliodas, tsubaki, nobara
[ 135/250 ] WIN    65 turns   noelle, uranus, toph  vs  midoriya, arthur, kitara
[ 136/250 ] WIN    15 turns   nezuko, broly, tsunayoshi  vs  madoka, shinoa, xanxus
[ 137/250 ] WIN    59 turns   boruto, inuyasha, gohan  vs  korra, blackwargreymon, minene
Applying bleed effect! Checking special code
Applying bleed effect! Checking special code
Applying bleed effect! Checking special code
[ 138/250 ] WIN    15 turns   myotismon, lucy, rakko  vs  arthur, blackwargreymon, alphamon
[ 139/250 ] LOSS   28 turns   tsuyu, maka, nel  vs  tokoyami, tsubasa, killua
[ 140/250 ] WIN    17 turns   uzui, sakura, shiro  vs  hawkmon, sheele, gasai
[ 141/250 ] WIN    42 turns   levi, zenitsu, noelle  vs  tanjiro, xanxus, koro
[ 142/250 ] WIN    18 turns   todoroki, tatsumaki, tokoyami  vs  eren, jaden, jupiter
[ 143/250 ] WIN    26 turns   eren, emiyaarcher, toudou  vs  soul, gatomon, myotismon
Applying bleed effect! Checking special code
Applying bleed effect! Checking special code
Applying bleed effect! Checking special code
[ 144/250 ] WIN    18 turns   zenitsu, jinwoo, mavis  vs  yoh, power, gojo
[ 145/250 ] WIN    17 turns   gilgamesh, ladydevimon, shinra  vs  mercury, natsu, adam
[ 146/250 ] WIN    24 turns   koro, sayaka, ryuko  vs  ganta, tamaki, crona
[ 147/250 ] WIN    16 turns   saturn, halibel, ryohei  vs  kid, megumi, mavis
[ 148/250 ] WIN    16 turns   neferpitou, zoro, vegeta  vs  hinata, bakugo, emiyaarcher
[ 149/250 ] WIN    14 turns   boruto, luffy, gilgamesh  vs  sasuke, sukuna, nezuko
[ 150/250 ] WIN     6 turns   toph, hibari, kitara  vs  mavis, satsuki, nonon
[ 151/250 ] WIN    18 turns   mavis, kitara, eren  vs  impmon, tsuyu, shokuhou
Applying bleed effect! Checking special code
Applying bleed effect! Checking special code
Applying bleed effect! Checking special code
Applying bleed effect! Checking special code
Applying bleed effect! Checking special code
Applying bleed effect! Checking special code
Applying bleed effect! Checking special code
Applying bleed effect! Checking special code
Applying bleed effect! Checking special code
Applying bleed effect! Checking special code
[ 152/250 ] LOSS   32 turns   tsuyu, tanjiro, venus  vs  king, madoka, ace
[ 153/250 ] LOSS   23 turns   toga, uzui, chrome  vs  edward, cooler, veldora
[ 154/250 ] WIN    22 turns   ace, neferpitou, omnimon  vs  shokuhou, lyserg, akame
Applying bleed effect! Checking special code
[ 155/250 ] WIN    15 turns   aiohto, horohoro, ken  vs  soul, allmight, shiro
[ 156/250 ] LOSS   19 turns   usopp, shinra, megumi  vs  kuroko, sasuke, nezuko
Applying bleed effect! Checking special code
Applying bleed effect! Checking special code
Applying bleed effect! Checking special code
[ 157/250 ] WIN    20 turns   ken, mikasa, kid  vs  alphamon, machinedramon, gallantmon
[ 158/250 ] WIN    38 turns   adam, killua, muichiro  vs  sayaka, death, marco
[ 159/250 ] WIN    13 turns   naruto, halibel, frankenstein  vs  impmon, gon, eren
[ 160/250 ] WIN    19 turns   veldora, gasai, aiohto  vs  shinra, death, broly
[ 161/250 ] WIN    15 turns   inosuke, mash, bakugo  vs  gray, gallantmon, nezuko
[ 162/250 ] WIN    12 turns   maka, horohoro, madoka  vs  toph, mars, zenitsu
[ 163/250 ] WIN    22 turns   esdeath, uzui, xanxus  vs  sheele, halibel, tatsumi
[ 164/250 ] WIN    16 turns   genos, saitama, tanjiro  vs  tatsumaki, emiyaarcher, blackwargreymon
Applying bleed effect! Checking special code
Applying bleed effect! Checking special code
Applying bleed effect! Checking special code
Applying bleed effect! Checking special code
Applying bleed effect! Checking special code
Applying bleed effect! Checking special code
[ 165/250 ] WIN    24 turns   lyserg, rengoku, mars  vs  emiyaarcher, denji, midoriya
[ 166/250 ] WIN    42 turns   rob, hashirama, yoh  vs  genos, aiohto, bakugo
[ 167/250 ] WIN    16 turns   tatsumi, jupiter, veldora  vs  boruto, yoh, natsu
[ 168/250 ] WIN    18 turns   killua, mash, touka  vs  aiohto, tatsumi, tamaki
[ 169/250 ] LOSS   23 turns   nezuko, kid, gunha  vs  machinedramon, meliodas, esdeath
[ 170/250 ] WIN    36 turns   mercury, luffy, saber  vs  korra, sasuke, ichibe
[ 171/250 ] LOSS   25 turns   boruto, sheele, tsubaki  vs  sayaka, yamamoto, jack
[ 172/250 ] LOSS   17 turns   jeanne, hawkmon, yamamoto  vs  levi, saber, mavis
[ 173/250 ] WIN    30 turns   omnimon, soul, hawkmon  vs  halibel, gray, marco
Applying bleed effect! Checking special code
[ 174/250 ] WIN    21 turns   pegasus, inosuke, gunha  vs  rob, yuno, nagisa
[ 175/250 ] LOSS   13 turns   akame, gojo, gilgamesh  vs  kuroko, aang, satsuki
[ 176/250 ] WIN    21 turns   genos, koro, ryohei  vs  alphamon, gunha, ace
Applying bleed effect! Checking special code
Applying bleed effect! Checking special code
[ 177/250 ] WIN    17 turns   byakuya, broly, denji  vs  itachi, tamaki, toji
[ 178/250 ] WIN    27 turns   minene, rengoku, nobara  vs  yugi, toudou, frieren
[ 179/250 ] WIN    19 turns   inuyasha, ichibe, tanjiro  vs  kurotsuchi, rengoku, sasuke
[ 180/250 ] WIN    21 turns   chrome, muichiro, hawkmon  vs  shinra, kuroko, shokuhou
Applying bleed effect! Checking special code
Applying bleed effect! Checking special code
[ 181/250 ] WIN    16 turns   todoroki, hashirama, inosuke  vs  rimuru, usopp, kid
[ 182/250 ] WIN    22 turns   kuroko, shokuhou, gogeta  vs  omnimon, korra, ganta
[ 183/250 ] WIN    21 turns   blackstar, veldora, nonon  vs  tsunayoshi, gatomon, frankenstein
Applying bleed effect! Checking special code
Applying bleed effect! Checking special code
Applying bleed effect! Checking special code
Applying bleed effect! Checking special code
[ 184/250 ] WIN    14 turns   jaden, jinwoo, seventeen  vs  gatomon, power, ryuko
[ 185/250 ] WIN    18 turns   jack, uzui, zenitsu  vs  mikasa, gohan, chrome
Applying bleed effect! Checking special code
Applying bleed effect! Checking special code
[ 186/250 ] WIN    40 turns   todoroki, inosuke, nagisa  vs  erza, asta, semiramis
Applying bleed effect! Checking special code
[ 187/250 ] LOSS   19 turns   allmight, sayaka, tanjiro  vs  rengoku, shinra, ichigo
[ 188/250 ] WIN    16 turns   seventeen, adam, meliodas  vs  jack, madoka, sakura
[ 189/250 ] LOSS   22 turns   ichigo, uzui, kaiba  vs  tatsumi, jaden, alphonse
[ 190/250 ] WIN    16 turns   lucy, mikasa, levi  vs  ganta, chrome, noelle
[ 191/250 ] WIN    19 turns   lucy, natsu, saitama  vs  squalo, tokoyami, boruto
Applying bleed effect! Checking special code
Applying bleed effect! Checking special code
Applying bleed effect! Checking special code
Applying bleed effect! Checking special code
Applying bleed effect! Checking special code
Applying bleed effect! Checking special code
[ 192/250 ] LOSS   27 turns   soul, yuno, denji  vs  ace, ban, saturn
[ 193/250 ] WIN    16 turns   kitara, myotismon, jaden  vs  genos, frankenstein, semiramis
[ 194/250 ] WIN    27 turns   nagisa, tsuyu, omnimon  vs  impmon, muichiro, tatsumaki
Applying bleed effect! Checking special code
[ 195/250 ] WIN    35 turns   inosuke, king, astolfo  vs  tatsumaki, mine, megumin
Applying bleed effect! Checking special code
[ 196/250 ] WIN    15 turns   boruto, king, astolfo  vs  yuji, arthur, mars
[ 197/250 ] WIN    40 turns   toph, lizandpatty, gunha  vs  noelle, cell, gilgamesh
[ 198/250 ] LOSS   24 turns   jinwoo, nobara, cell  vs  mars, emiya, eren
[ 199/250 ] LOSS   21 turns   hawkmon, tatsumaki, orihime  vs  broly, itachi, tsunayoshi
[ 200/250 ] WIN    26 turns   death, alphonse, uranus  vs  vegeta, megumin, gojo
Applying bleed effect! Checking special code
Applying bleed effect! Checking special code
Yubel's S1 Triggered!
Yubel's S1 Triggered!
Applying bleed effect! Checking special code
Applying bleed effect! Checking special code
[ 201/250 ] LOSS   35 turns   rakko, chrome, frankenstein  vs  aang, yubel, mercury
Applying bleed effect! Checking special code
Applying bleed effect! Checking special code
Applying bleed effect! Checking special code
Applying bleed effect! Checking special code
[ 202/250 ] WIN    21 turns   gogeta, usopp, natsu  vs  rakko, lizandpatty, nobara
[ 203/250 ] WIN    20 turns   korra, erza, gilgamesh  vs  hinata, toji, lizandpatty
[ 204/250 ] WIN    21 turns   minene, nimaiya, saturn  vs  inuyasha, ichibe, ken
[ 205/250 ] WIN    21 turns   kid, myotismon, kurotsuchi  vs  jesse, diane, kurapika
Applying bleed effect! Checking special code
Applying bleed effect! Checking special code
Applying bleed effect! Checking special code
Applying bleed effect! Checking special code
Applying bleed effect! Checking special code
Applying bleed effect! Checking special code
Applying bleed effect! Checking special code
Applying bleed effect! Checking special code
Applying bleed effect! Checking special code
[ 206/250 ] WIN    15 turns   todoroki, usopp, nel  vs  uraraka, king, ichigo
Applying bleed effect! Checking special code
Applying bleed effect! Checking special code
[ 207/250 ] LOSS   14 turns   misaka, sukuna, toudou  vs  uranus, asta, ken
[ 208/250 ] WIN    14 turns   jack, venus, sasuke  vs  kurotsuchi, ganta, gray
[ 209/250 ] LOSS   25 turns   akame, kitara, tsubasa  vs  gatomon, boruto, hibari
[ 210/250 ] LOSS   23 turns   lyserg, cell, death  vs  gray, touka, mash
Applying bleed effect! Checking special code
Applying bleed effect! Checking special code
Applying bleed effect! Checking special code
Applying bleed effect! Checking special code
Applying bleed effect! Checking special code
Applying bleed effect! Checking special code
[ 211/250 ] WIN    34 turns   ace, ken, kid  vs  saber, kuroko, minene
[ 212/250 ] WIN    17 turns   gunha, zenitsu, hashirama  vs  orihime, edward, cell
[ 213/250 ] WIN    17 turns   meliodas, killua, toph  vs  ichigo, mash, boruto
Applying bleed effect! Checking special code
[ 214/250 ] LOSS   33 turns   toga, uraraka, ban  vs  erza, diane, usopp
[ 215/250 ] WIN    15 turns   touka, xanxus, shokuhou  vs  squalo, zenitsu, maka
Applying bleed effect! Checking special code
Applying bleed effect! Checking special code
Applying bleed effect! Checking special code
[ 216/250 ] WIN    20 turns   ken, kurotsuchi, ganta  vs  kid, emiyaarcher, venus
[ 217/250 ] LOSS   17 turns   lizandpatty, nonon, ken  vs  hisoka, killua, tanjiro
[ 218/250 ] WIN    23 turns   natsu, shinoa, astolfo  vs  lucy, noelle, omnimon
[ 219/250 ] WIN    16 turns   alphamon, chrome, natsu  vs  mars, shokuhou, yamamoto
[ 220/250 ] WIN    18 turns   sakura, soul, saturn  vs  luffy, lyserg, killua
Applying bleed effect! Checking special code
Applying bleed effect! Checking special code
Applying bleed effect! Checking special code
Applying bleed effect! Checking special code
Applying bleed effect! Checking special code
Applying bleed effect! Checking special code
Applying bleed effect! Checking special code
[ 221/250 ] WIN    27 turns   jesse, todoroki, rakko  vs  minene, hashirama, orihime
[ 222/250 ] WIN    20 turns   sakura, gray, edward  vs  kaiba, saitama, yuno
[ 223/250 ] WIN    16 turns   edward, sheele, mercury  vs  hinata, frankenstein, aang
[ 224/250 ] LOSS   33 turns   erza, edward, gohan  vs  nezuko, saturn, killua
[ 225/250 ] WIN    18 turns   neferpitou, ace, horohoro  vs  koro, midoriya, killua
[ 226/250 ] WIN    20 turns   hinata, tanjiro, alphonse  vs  nobara, sayaka, yubel
[ 227/250 ] WIN    20 turns   saber, sheele, gasai  vs  tamaki, toudou, sakura
[ 228/250 ] LOSS   18 turns   shinoa, yugi, boruto  vs  adam, killua, sasuke
[ 229/250 ] LOSS   21 turns   omnimon, tanjiro, kaiba  vs  alphamon, shinoa, sayaka
[ 230/250 ] WIN    14 turns   meliodas, uzui, lucy  vs  ganta, mami, tokoyami
[ 231/250 ] WIN    24 turns   luffy, midoriya, jaden  vs  sakura, aiohto, lizandpatty
Applying bleed effect! Checking special code
Applying bleed effect! Checking special code
Applying bleed effect! Checking special code
Applying bleed effect! Checking special code
Applying bleed effect! Checking special code
Applying bleed effect! Checking special code
Applying bleed effect! Checking special code
[ 232/250 ] LOSS   40 turns   vegeta, inosuke, adam  vs  inuyasha, kaiba, marco
[ 233/250 ] WIN    12 turns   shiro, aang, mercury  vs  myotismon, horohoro, jeanne
Applying bleed effect! Checking special code
Applying bleed effect! Checking special code
Applying bleed effect! Checking special code
[ 234/250 ] WIN    16 turns   asta, ban, chrome  vs  aang, tatsumaki, power
[ 235/250 ] WIN    16 turns   nimaiya, gallantmon, itachi  vs  natsu, diane, veldora
[ 236/250 ] WIN    16 turns   broly, todoroki, semiramis  vs  tatsumi, sasuke, jeanne
[ 237/250 ] WIN    13 turns   omnimon, neferpitou, eren  vs  pegasus, shiro, cooler
[ 238/250 ] LOSS   20 turns   adam, allmight, usopp  vs  saturn, yuji, rimuru
[ 239/250 ] LOSS   28 turns   sakura, kid, gasai  vs  korra, shiro, cell
[ 240/250 ] WIN    10 turns   asta, inuyasha, uranus  vs  sasuke, nimaiya, nobara
[ 241/250 ] WIN    20 turns   chrome, cell, uranus  vs  killua, neferpitou, cooler
[ 242/250 ] WIN    17 turns   shinoa, hashirama, todoroki  vs  shinra, midoriya, ryuko
[ 243/250 ] WIN    14 turns   vegeta, rimuru, jupiter  vs  tanjiro, zenitsu, nimaiya
[ 244/250 ] LOSS   42 turns   semiramis, gon, minene  vs  aiohto, crona, kuroko
[ 245/250 ] WIN    16 turns   misaka, ryuko, luffy  vs  muichiro, mami, naruto
[ 246/250 ] LOSS   16 turns   jeanne, myotismon, allmight  vs  toji, uraraka, broly
[ 247/250 ] LOSS   27 turns   frankenstein, toji, tsunayoshi  vs  uraraka, crona, tanjiro
[ 248/250 ] WIN    14 turns   misaka, alphamon, shinra  vs  minene, nezuko, ryuko
[ 249/250 ] WIN    25 turns   ace, blackwargreymon, tatsumi  vs  maka, ryuko, kid
[ 250/250 ] LOSS   42 turns   usopp, muichiro, goku  vs  nel, renamon, jaden
=== TRAINER RUN COMPLETE ===
Matches: 250   W: 177   L: 73   D: 0   Win: 70.8%   (opponent: priority  [EVAL])
