Godot Engine v4.6.2.stable.official.71f334935 - https://godotengine.org

[trainer] seed=63639 matches=250 opponent=priority eval=true out=res://training/checkpoints/work.json checkpoint=res://training/checkpoints/gen_8.json
[authored] loaded 1 authored character(s)
Applying bleed effect! Checking special code
Applying bleed effect! Checking special code
[   1/250 ] LOSS   26 turns   ace, myotismon, xanxus  vs  denji, yuno, eren
Applying bleed effect! Checking special code
Applying bleed effect! Checking special code
[   2/250 ] WIN    22 turns   neferpitou, power, byakuya  vs  tsunayoshi, bakugo, emiyaarcher
Applying bleed effect! Checking special code
Applying bleed effect! Checking special code
[   3/250 ] WIN    19 turns   seventeen, yamamoto, toji  vs  denji, halibel, adam
Applying bleed effect! Checking special code
[   4/250 ] WIN    14 turns   shinoa, gasai, toudou  vs  alphamon, itachi, rengoku
[   5/250 ] WIN    14 turns   yoh, halibel, madoka  vs  pegasus, tamaki, lyserg
[   6/250 ] LOSS   18 turns   crona, mash, misaka  vs  nonon, esdeath, cell
[   7/250 ] WIN    20 turns   alphonse, uraraka, chrome  vs  tsuyu, todoroki, mavis
[   8/250 ] LOSS   28 turns   lyserg, tanjiro, nel  vs  minene, kid, renamon
Applying bleed effect! Checking special code
Applying bleed effect! Checking special code
Applying bleed effect! Checking special code
[   9/250 ] WIN    22 turns   marco, saitama, rakko  vs  veldora, gohan, tamaki
Yubel's S1 Triggered!
[  10/250 ] LOSS   64 turns   yubel, naruto, mars  vs  byakuya, lizandpatty, minene
Applying bleed effect! Checking special code
Applying bleed effect! Checking special code
Applying bleed effect! Checking special code
Applying bleed effect! Checking special code
Applying bleed effect! Checking special code
Applying bleed effect! Checking special code
Applying bleed effect! Checking special code
Applying bleed effect! Checking special code
Applying bleed effect! Checking special code
Applying bleed effect! Checking special code
[  11/250 ] WIN    22 turns   death, eren, orihime  vs  neferpitou, king, kuroko
[  12/250 ] WIN    17 turns   megumin, nimaiya, tokoyami  vs  rimuru, akame, tamaki
[  13/250 ] LOSS   16 turns   muichiro, zenitsu, gogeta  vs  gunha, venus, asta
Applying bleed effect! Checking special code
[  14/250 ] LOSS   28 turns   king, omnimon, mine  vs  madoka, toudou, mikasa
[  15/250 ] LOSS   31 turns   jesse, levi, midoriya  vs  frankenstein, gatomon, frieren
[  16/250 ] WIN    15 turns   sakura, gohan, impmon  vs  midoriya, cell, gray
[  17/250 ] WIN    15 turns   neferpitou, mavis, inuyasha  vs  genos, blackwargreymon, levi
[  18/250 ] WIN    22 turns   itachi, sukuna, nel  vs  saturn, mavis, inuyasha
[  19/250 ] WIN    23 turns   gon, gallantmon, sakura  vs  tamaki, blackwargreymon, kitara
[  20/250 ] WIN    31 turns   neferpitou, uzui, tatsumaki  vs  tanjiro, death, ichibe
[  21/250 ] WIN    18 turns   lyserg, mercury, nezuko  vs  mars, shokuhou, mami
Applying bleed effect! Checking special code
[  22/250 ] WIN    14 turns   squalo, blackstar, misaka  vs  korra, rakko, jack
[  23/250 ] WIN    22 turns   mash, myotismon, gallantmon  vs  touka, marco, hinata
[  24/250 ] WIN    14 turns   gojo, gilgamesh, tatsumaki  vs  sakura, killua, jupiter
Applying bleed effect! Checking special code
Applying bleed effect! Checking special code
[  25/250 ] WIN    21 turns   ryuko, emiya, ichibe  vs  power, mash, sheele
[  26/250 ] WIN    22 turns   tsuyu, uraraka, edward  vs  gatomon, misaka, jeanne
[  27/250 ] WIN    29 turns   frankenstein, nezuko, toudou  vs  marco, tsubaki, toji
[  28/250 ] LOSS   32 turns   kaiba, frankenstein, naruto  vs  kurotsuchi, king, aiohto
[  29/250 ] LOSS   12 turns   ban, sasuke, saber  vs  sukuna, arthur, adam
[  30/250 ] WIN    20 turns   hisoka, eren, toji  vs  astolfo, death, hibari
[  31/250 ] LOSS   20 turns   lyserg, crona, mikasa  vs  alphonse, renamon, horohoro
Applying bleed effect! Checking special code
Applying bleed effect! Checking special code
Applying bleed effect! Checking special code
Applying bleed effect! Checking special code
Applying bleed effect! Checking special code
[  32/250 ] WIN    23 turns   rengoku, yuno, orihime  vs  levi, korra, xanxus
[  33/250 ] LOSS   16 turns   crona, blackstar, gatomon  vs  mami, neferpitou, machinedramon
[  34/250 ] WIN    21 turns   nimaiya, yamamoto, vegeta  vs  hinata, megumi, yugi
[  35/250 ] WIN    29 turns   hinata, nonon, blackstar  vs  ryuko, mash, hawkmon
[  36/250 ] LOSS   20 turns   jupiter, rob, xanxus  vs  omnimon, gilgamesh, death
[  37/250 ] WIN    21 turns   tsubaki, nimaiya, nobara  vs  blackwargreymon, neferpitou, muichiro
[  38/250 ] WIN    14 turns   erza, jaden, touka  vs  uzui, akame, mavis
[  39/250 ] LOSS   21 turns   tsubasa, madoka, squalo  vs  saber, shinoa, yamamoto
[  40/250 ] WIN    12 turns   hinata, astolfo, saitama  vs  shinra, mercury, sasuke
Applying bleed effect! Checking special code
Applying bleed effect! Checking special code
Applying bleed effect! Checking special code
Applying bleed effect! Checking special code
[  41/250 ] WIN    21 turns   rengoku, hashirama, gohan  vs  shokuhou, marco, megumin
[  42/250 ] LOSS   15 turns   tamaki, orihime, korra  vs  kitara, saber, seventeen
Applying bleed effect! Checking special code
Applying bleed effect! Checking special code
Applying bleed effect! Checking special code
[  43/250 ] LOSS   22 turns   alphamon, denji, shiro  vs  impmon, chrome, yubel
[  44/250 ] WIN    18 turns   yubel, mash, kurapika  vs  itachi, zenitsu, yamamoto
[  45/250 ] LOSS   32 turns   machinedramon, veldora, ryuko  vs  ichibe, halibel, satsuki
Applying bleed effect! Checking special code
Applying bleed effect! Checking special code
Applying bleed effect! Checking special code
Applying bleed effect! Checking special code
Applying bleed effect! Checking special code
[  46/250 ] LOSS   20 turns   semiramis, inuyasha, touka  vs  emiya, denji, asta
[  47/250 ] LOSS   14 turns   jack, mine, tamaki  vs  asta, cell, sasuke
[  48/250 ] WIN    22 turns   jinwoo, mash, uraraka  vs  gasai, kitara, astolfo
[  49/250 ] WIN    18 turns   ban, hinata, inuyasha  vs  allmight, yoh, toga
[  50/250 ] WIN    20 turns   gallantmon, jaden, ryuko  vs  mavis, alphonse, crona
[  51/250 ] WIN    12 turns   nimaiya, jupiter, denji  vs  adam, sukuna, yamamoto
Yubel's S1 Triggered!
Yubel's S1 Triggered!
[  52/250 ] WIN    23 turns   yubel, blackstar, noelle  vs  yuji, jupiter, nimaiya
[  53/250 ] WIN    18 turns   natsu, lyserg, gallantmon  vs  rimuru, toga, blackwargreymon
[  54/250 ] LOSS   18 turns   semiramis, venus, yamamoto  vs  saber, hashirama, mavis
[  55/250 ] WIN    20 turns   toph, sayaka, xanxus  vs  midoriya, hibari, gasai
[  56/250 ] LOSS   16 turns   allmight, mami, blackstar  vs  toph, gohan, vegeta
[  57/250 ] WIN    26 turns   kurapika, shokuhou, gohan  vs  jesse, minene, yuji
[  58/250 ] WIN    13 turns   ryohei, renamon, satsuki  vs  kaiba, ganta, natsu
Applying bleed effect! Checking special code
Applying bleed effect! Checking special code
Applying bleed effect! Checking special code
Applying bleed effect! Checking special code
Applying bleed effect! Checking special code
Applying bleed effect! Checking special code
Applying bleed effect! Checking special code
[  59/250 ] LOSS   25 turns   tsubasa, gohan, minene  vs  rakko, emiya, venus
[  60/250 ] LOSS   38 turns   uzui, killua, ichibe  vs  mine, itachi, yoh
Applying bleed effect! Checking special code
Applying bleed effect! Checking special code
[  61/250 ] WIN    51 turns   koro, megumin, nezuko  vs  denji, byakuya, shinra
[  62/250 ] WIN    18 turns   levi, nel, ladydevimon  vs  lyserg, noelle, yugi
[  63/250 ] WIN    17 turns   meliodas, shiro, kuroko  vs  mash, vegeta, xanxus
[  64/250 ] LOSS   15 turns   veldora, gohan, noelle  vs  levi, asta, nezuko
[  65/250 ] LOSS   19 turns   tokoyami, venus, jack  vs  hisoka, gasai, yubel
Applying bleed effect! Checking special code
Applying bleed effect! Checking special code
[  66/250 ] WIN    19 turns   alphonse, natsu, saturn  vs  tanjiro, allmight, inosuke
[  67/250 ] WIN    25 turns   saber, tatsumaki, tamaki  vs  impmon, sheele, naruto
[  68/250 ] WIN    20 turns   omnimon, uzui, rimuru  vs  hisoka, horohoro, genos
Applying bleed effect! Checking special code
Applying bleed effect! Checking special code
[  69/250 ] WIN    21 turns   machinedramon, denji, uranus  vs  yamamoto, arthur, maka
[  70/250 ] LOSS   14 turns   jesse, gojo, mine  vs  gunha, nimaiya, sayaka
[  71/250 ] WIN    13 turns   tatsumi, shinoa, mercury  vs  myotismon, tsubaki, toph
[  72/250 ] WIN    25 turns   zenitsu, cooler, blackwargreymon  vs  naruto, halibel, yuji
[  73/250 ] WIN    22 turns   kaiba, tsuyu, hashirama  vs  gohan, zenitsu, tokoyami
[  74/250 ] WIN    19 turns   luffy, tamaki, saitama  vs  noelle, nonon, saturn
Applying bleed effect! Checking special code
[  75/250 ] LOSS   14 turns   erza, king, emiyaarcher  vs  sukuna, megumi, tanjiro
[  76/250 ] LOSS   22 turns   akame, tsunayoshi, jinwoo  vs  usopp, shokuhou, shinoa
Applying bleed effect! Checking special code
Applying bleed effect! Checking special code
[  77/250 ] WIN    16 turns   gray, erza, venus  vs  rimuru, shinoa, inosuke
[  78/250 ] LOSS   12 turns   marco, tatsumi, death  vs  nimaiya, broly, venus
[  79/250 ] LOSS   14 turns   misaka, sasuke, akame  vs  lucy, jupiter, satsuki
[  80/250 ] WIN    24 turns   diane, edward, omnimon  vs  meliodas, emiyaarcher, aang
[  81/250 ] WIN    16 turns   yugi, yuji, saitama  vs  hinata, itachi, aiohto
[  82/250 ] WIN    18 turns   nagisa, maka, tsuyu  vs  kitara, kurapika, cell
[  83/250 ] WIN    22 turns   lyserg, mercury, ban  vs  vegeta, nimaiya, killua
[  84/250 ] WIN    31 turns   ichigo, nezuko, yubel  vs  jesse, xanxus, machinedramon
[  85/250 ] LOSS   21 turns   yoh, hawkmon, tanjiro  vs  ace, nel, crona
Applying bleed effect! Checking special code
Applying bleed effect! Checking special code
Applying bleed effect! Checking special code
Applying bleed effect! Checking special code
Applying bleed effect! Checking special code
Applying bleed effect! Checking special code
[  86/250 ] WIN    15 turns   toudou, ken, impmon  vs  jinwoo, mavis, halibel
Applying bleed effect! Checking special code
Applying bleed effect! Checking special code
[  87/250 ] WIN    18 turns   satsuki, maka, power  vs  nel, alphamon, minene
[  88/250 ] LOSS   22 turns   jupiter, shinoa, ichibe  vs  luffy, sayaka, saturn
[  89/250 ] WIN    30 turns   toph, xanxus, cell  vs  neferpitou, tamaki, naruto
Applying bleed effect! Checking special code
Applying bleed effect! Checking special code
Applying bleed effect! Checking special code
Applying bleed effect! Checking special code
Applying bleed effect! Checking special code
Applying bleed effect! Checking special code
Applying bleed effect! Checking special code
Applying bleed effect! Checking special code
[  90/250 ] WIN    34 turns   levi, king, korra  vs  akame, uraraka, touka
[  91/250 ] WIN    24 turns   yuno, zoro, impmon  vs  arthur, kurapika, itachi
[  92/250 ] WIN    13 turns   misaka, sayaka, horohoro  vs  levi, killua, gray
Applying bleed effect! Checking special code
Applying bleed effect! Checking special code
Applying bleed effect! Checking special code
Applying bleed effect! Checking special code
[  93/250 ] WIN    20 turns   toga, pegasus, adam  vs  power, saitama, shokuhou
[  94/250 ] WIN    23 turns   gogeta, ryohei, madoka  vs  neferpitou, usopp, hibari
[  95/250 ] WIN    20 turns   neferpitou, tamaki, mavis  vs  korra, gasai, jinwoo
[  96/250 ] WIN    30 turns   tsuyu, omnimon, orihime  vs  goku, frieren, koro
[  97/250 ] WIN    18 turns   yuno, shokuhou, jesse  vs  byakuya, mami, astolfo
[  98/250 ] LOSS   10 turns   blackstar, boruto, venus  vs  jaden, uranus, aiohto
Applying bleed effect! Checking special code
Applying bleed effect! Checking special code
[  99/250 ] LOSS   15 turns   korra, power, rakko  vs  yuji, alphonse, frieren
[ 100/250 ] WIN    13 turns   midoriya, arthur, lizandpatty  vs  rob, yoh, mami
[ 101/250 ] WIN     4 turns   jesse, luffy, mercury  vs  mavis, death, alphonse
[ 102/250 ] LOSS   35 turns   veldora, soul, tatsumi  vs  saber, megumi, ichibe
[ 103/250 ] WIN    16 turns   machinedramon, hinata, rob  vs  minene, byakuya, hisoka
Applying bleed effect! Checking special code
Applying bleed effect! Checking special code
Applying bleed effect! Checking special code
Applying bleed effect! Checking special code
[ 104/250 ] LOSS   14 turns   satsuki, sukuna, semiramis  vs  machinedramon, power, rakko
Yubel's S1 Triggered!
[ 105/250 ] WIN    12 turns   tsubaki, edward, mavis  vs  nel, nimaiya, yubel
[ 106/250 ] WIN    23 turns   usopp, tsuyu, saturn  vs  alphamon, todoroki, alphonse
[ 107/250 ] WIN    18 turns   blackstar, tanjiro, mars  vs  tsuyu, misaka, bakugo
Applying bleed effect! Checking special code
Applying bleed effect! Checking special code
Applying bleed effect! Checking special code
[ 108/250 ] WIN    17 turns   saturn, killua, nimaiya  vs  rengoku, koro, vegeta
[ 109/250 ] WIN    16 turns   inuyasha, renamon, cooler  vs  mercury, adam, toph
[ 110/250 ] LOSS   26 turns   koro, myotismon, tanjiro  vs  akame, mash, minene
Applying bleed effect! Checking special code
[ 111/250 ] WIN    30 turns   mash, power, omnimon  vs  adam, nezuko, veldora
[ 112/250 ] WIN    24 turns   levi, yamamoto, hawkmon  vs  itachi, ryohei, yoh
Applying bleed effect! Checking special code
Applying bleed effect! Checking special code
[ 113/250 ] WIN    17 turns   mercury, inosuke, yugi  vs  emiyaarcher, crona, omnimon
[ 114/250 ] WIN    20 turns   zenitsu, allmight, hashirama  vs  luffy, shokuhou, neferpitou
[ 115/250 ] LOSS   22 turns   akame, kid, veldora  vs  lyserg, blackwargreymon, touka
[ 116/250 ] LOSS   13 turns   muichiro, semiramis, mercury  vs  hashirama, yoh, satsuki
[ 117/250 ] WIN    15 turns   hinata, uzui, minene  vs  todoroki, diane, hisoka
Applying bleed effect! Checking special code
[ 118/250 ] WIN    23 turns   diane, luffy, gray  vs  akame, itachi, ichigo
[ 119/250 ] LOSS   14 turns   boruto, sukuna, killua  vs  jack, uzui, yuji
Applying bleed effect! Checking special code
Applying bleed effect! Checking special code
[ 120/250 ] WIN    20 turns   nel, usopp, gogeta  vs  itachi, denji, gilgamesh
[ 121/250 ] WIN    17 turns   adam, alphonse, hibari  vs  kid, horohoro, yubel
Yubel's S1 Triggered!
Yubel's S1 Triggered!
[ 122/250 ] WIN    23 turns   yubel, death, renamon  vs  usopp, muichiro, uraraka
[ 123/250 ] WIN    24 turns   naruto, pegasus, marco  vs  luffy, xanxus, touka
[ 124/250 ] WIN    17 turns   jaden, genos, yugi  vs  rimuru, nezuko, blackstar
[ 125/250 ] WIN    16 turns   levi, gilgamesh, sayaka  vs  toph, megumi, mine
[ 126/250 ] WIN    17 turns   toph, frieren, yuno  vs  aiohto, todoroki, yamamoto
[ 127/250 ] WIN    23 turns   nobara, mars, nezuko  vs  hashirama, muichiro, xanxus
[ 128/250 ] WIN    19 turns   asta, satsuki, xanxus  vs  uzui, cooler, korra
[ 129/250 ] LOSS   25 turns   tanjiro, diane, kurotsuchi  vs  tatsumaki, natsu, lizandpatty
[ 130/250 ] WIN    21 turns   saitama, gojo, yamamoto  vs  mercury, nel, ace
[ 131/250 ] WIN    57 turns   jesse, ichigo, yuno  vs  gunha, itachi, omnimon
[ 132/250 ] LOSS   15 turns   myotismon, orihime, hisoka  vs  boruto, asta, hinata
[ 133/250 ] WIN    32 turns   machinedramon, todoroki, jaden  vs  tatsumi, jesse, misaka
[ 134/250 ] WIN    18 turns   aang, hisoka, death  vs  tsuyu, allmight, sheele
[ 135/250 ] WIN    24 turns   toudou, nezuko, gasai  vs  gohan, astolfo, nobara
[ 136/250 ] WIN    20 turns   saturn, hibari, mash  vs  ryohei, muichiro, toph
[ 137/250 ] LOSS   34 turns   toga, kid, frankenstein  vs  alphonse, orihime, aiohto
[ 138/250 ] LOSS   24 turns   crona, frankenstein, zoro  vs  blackstar, veldora, sasuke
[ 139/250 ] LOSS   15 turns   killua, lizandpatty, toga  vs  gilgamesh, emiyaarcher, yuji
[ 140/250 ] LOSS   17 turns   seventeen, emiyaarcher, vegeta  vs  meliodas, misaka, gojo
[ 141/250 ] WIN    19 turns   inuyasha, yuji, zoro  vs  blackwargreymon, genos, meliodas
Yubel's S1 Triggered!
[ 142/250 ] LOSS   20 turns   korra, tsubasa, yubel  vs  impmon, eren, muichiro
[ 143/250 ] LOSS   18 turns   korra, hibari, toga  vs  lizandpatty, nezuko, gon
[ 144/250 ] LOSS   29 turns   gojo, ichibe, byakuya  vs  shokuhou, ganta, nagisa
[ 145/250 ] LOSS   17 turns   ban, marco, misaka  vs  broly, tsubasa, gogeta
Applying bleed effect! Checking special code
Applying bleed effect! Checking special code
Applying bleed effect! Checking special code
Applying bleed effect! Checking special code
Applying bleed effect! Checking special code
Applying bleed effect! Checking special code
Applying bleed effect! Checking special code
[ 146/250 ] LOSS   29 turns   shiro, xanxus, ryuko  vs  rakko, mash, ichigo
[ 147/250 ] WIN    18 turns   vegeta, ganta, tanjiro  vs  yamamoto, ichibe, veldora
[ 148/250 ] LOSS   35 turns   horohoro, maka, vegeta  vs  hisoka, semiramis, hibari
[ 149/250 ] WIN    16 turns   midoriya, natsu, erza  vs  jesse, myotismon, touka
[ 150/250 ] WIN    16 turns   minene, seventeen, gilgamesh  vs  frankenstein, yamamoto, yoh
[ 151/250 ] LOSS   29 turns   uraraka, mikasa, yuno  vs  jaden, usopp, aiohto
[ 152/250 ] WIN    29 turns   vegeta, cooler, shinoa  vs  tatsumi, kurapika, ryohei
[ 153/250 ] WIN    16 turns   nagisa, gogeta, usopp  vs  orihime, kid, pegasus
Applying bleed effect! Checking special code
Applying bleed effect! Checking special code
Applying bleed effect! Checking special code
Applying bleed effect! Checking special code
[ 154/250 ] WIN    20 turns   denji, blackstar, nel  vs  jack, itachi, kaiba
[ 155/250 ] WIN    14 turns   jupiter, megumin, mash  vs  jesse, inuyasha, frankenstein
[ 156/250 ] WIN    20 turns   halibel, megumi, gatomon  vs  rimuru, noelle, kurotsuchi
[ 157/250 ] LOSS   19 turns   nonon, nagisa, touka  vs  seventeen, eren, hisoka
Applying bleed effect! Checking special code
Applying bleed effect! Checking special code
[ 158/250 ] WIN    16 turns   tokoyami, misaka, tsuyu  vs  jinwoo, luffy, inosuke
[ 159/250 ] WIN    22 turns   gatomon, sayaka, aiohto  vs  yugi, kuroko, saber
[ 160/250 ] WIN    16 turns   noelle, genos, ichibe  vs  jupiter, hawkmon, frieren
Applying bleed effect! Checking special code
Applying bleed effect! Checking special code
Applying bleed effect! Checking special code
[ 161/250 ] LOSS   29 turns   horohoro, kaiba, ken  vs  gon, ichigo, rimuru
[ 162/250 ] WIN    20 turns   pegasus, saber, jinwoo  vs  ichibe, vegeta, goku
[ 163/250 ] WIN    17 turns   nobara, kuroko, tsunayoshi  vs  luffy, naruto, mine
[ 164/250 ] WIN    22 turns   kurapika, rob, jesse  vs  korra, mikasa, uzui
[ 165/250 ] WIN    19 turns   alphonse, yugi, saitama  vs  omnimon, orihime, yoh
[ 166/250 ] LOSS   14 turns   shiro, soul, tatsumi  vs  hibari, zenitsu, madoka
[ 167/250 ] WIN    19 turns   uraraka, tamaki, hawkmon  vs  todoroki, semiramis, yoh
Applying bleed effect! Checking special code
Applying bleed effect! Checking special code
Applying bleed effect! Checking special code
Applying bleed effect! Checking special code
[ 168/250 ] LOSS   17 turns   ichibe, alphonse, arthur  vs  lucy, king, blackstar
Applying bleed effect! Checking special code
Applying bleed effect! Checking special code
Applying bleed effect! Checking special code
Applying bleed effect! Checking special code
Applying bleed effect! Checking special code
[ 169/250 ] LOSS   16 turns   kid, rengoku, rob  vs  power, asta, akame
[ 170/250 ] LOSS   15 turns   boruto, yuji, chrome  vs  veldora, gohan, nonon
[ 171/250 ] WIN    17 turns   gogeta, natsu, toph  vs  shiro, ichigo, astolfo
Applying bleed effect! Checking special code
Applying bleed effect! Checking special code
Applying bleed effect! Checking special code
Applying bleed effect! Checking special code
[ 172/250 ] WIN    23 turns   mars, ichibe, boruto  vs  rimuru, mine, denji
[ 173/250 ] WIN    23 turns   ryohei, shinoa, myotismon  vs  koro, mavis, saitama
[ 174/250 ] WIN    15 turns   naruto, sukuna, uranus  vs  rob, chrome, yoh
[ 175/250 ] LOSS   16 turns   gogeta, myotismon, nel  vs  meliodas, broly, misaka
Applying bleed effect! Checking special code
Applying bleed effect! Checking special code
[ 176/250 ] LOSS   22 turns   mami, lucy, uzui  vs  itachi, diane, ladydevimon
[ 177/250 ] WIN    32 turns   crona, kitara, gilgamesh  vs  neferpitou, yuji, jeanne
[ 178/250 ] WIN    18 turns   frankenstein, uranus, yamamoto  vs  eren, mine, veldora
Applying bleed effect! Checking special code
Applying bleed effect! Checking special code
Applying bleed effect! Checking special code
Applying bleed effect! Checking special code
Applying bleed effect! Checking special code
Applying bleed effect! Checking special code
Applying bleed effect! Checking special code
Applying bleed effect! Checking special code
[ 179/250 ] WIN    18 turns   kurotsuchi, renamon, hibari  vs  king, mavis, toji
[ 180/250 ] WIN    16 turns   noelle, usopp, nagisa  vs  jinwoo, byakuya, kaiba
Applying bleed effect! Checking special code
Applying bleed effect! Checking special code
[ 181/250 ] WIN    17 turns   marco, sukuna, mami  vs  hawkmon, jack, power
Applying bleed effect! Checking special code
Applying bleed effect! Checking special code
[ 182/250 ] WIN    13 turns   adam, mash, yoh  vs  inosuke, chrome, bakugo
[ 183/250 ] WIN    16 turns   koro, ace, meliodas  vs  sasuke, xanxus, frieren
[ 184/250 ] WIN    18 turns   veldora, blackstar, tsunayoshi  vs  eren, esdeath, gilgamesh
Applying bleed effect! Checking special code
Applying bleed effect! Checking special code
Applying bleed effect! Checking special code
Applying bleed effect! Checking special code
Applying bleed effect! Checking special code
[ 185/250 ] WIN    32 turns   nel, mine, semiramis  vs  ken, gray, hawkmon
Applying bleed effect! Checking special code
Applying bleed effect! Checking special code
Applying bleed effect! Checking special code
Applying bleed effect! Checking special code
Applying bleed effect! Checking special code
Applying bleed effect! Checking special code
Applying bleed effect! Checking special code
Applying bleed effect! Checking special code
Applying bleed effect! Checking special code
Applying bleed effect! Checking special code
Applying bleed effect! Checking special code
Applying bleed effect! Checking special code
Applying bleed effect! Checking special code
[ 186/250 ] LOSS   19 turns   genos, ace, yuno  vs  horohoro, alphamon, king
Applying bleed effect! Checking special code
Applying bleed effect! Checking special code
Applying bleed effect! Checking special code
Applying bleed effect! Checking special code
[ 187/250 ] WIN    18 turns   akame, todoroki, hisoka  vs  shinoa, denji, death
Applying bleed effect! Checking special code
[ 188/250 ] WIN    21 turns   blackwargreymon, sayaka, sukuna  vs  aiohto, inosuke, gasai
[ 189/250 ] LOSS   15 turns   sukuna, gohan, levi  vs  mikasa, alphonse, ace
[ 190/250 ] WIN    27 turns   midoriya, zenitsu, mikasa  vs  marco, bakugo, tsuyu
[ 191/250 ] WIN    14 turns   madoka, sakura, toji  vs  gogeta, soul, inuyasha
[ 192/250 ] WIN    41 turns   satsuki, marco, ganta  vs  ichibe, hibari, maka
[ 193/250 ] WIN    30 turns   mars, cell, kitara  vs  gasai, meliodas, luffy
[ 194/250 ] WIN    17 turns   erza, yugi, cell  vs  jeanne, king, jesse
[ 195/250 ] WIN    19 turns   erza, frieren, astolfo  vs  nagisa, shinoa, zoro
[ 196/250 ] LOSS   28 turns   yoh, veldora, horohoro  vs  ryohei, renamon, frieren
[ 197/250 ] WIN    21 turns   goku, kitara, uranus  vs  emiya, ladydevimon, renamon
[ 198/250 ] LOSS   28 turns   edward, zoro, jeanne  vs  ichigo, xanxus, ichibe
[ 199/250 ] WIN    17 turns   lucy, gogeta, naruto  vs  hawkmon, semiramis, kurapika
[ 200/250 ] WIN    17 turns   jesse, death, mavis  vs  shinra, noelle, gatomon
[ 201/250 ] WIN    20 turns   ban, gon, neferpitou  vs  pegasus, ichibe, machinedramon
[ 202/250 ] WIN    21 turns   allmight, aang, genos  vs  gohan, tsubaki, toji
Applying bleed effect! Checking special code
[ 203/250 ] WIN    10 turns   erza, mavis, ganta  vs  rimuru, inosuke, soul
[ 204/250 ] LOSS   28 turns   nezuko, megumin, blackwargreymon  vs  saitama, alphonse, kid
[ 205/250 ] WIN    20 turns   lyserg, venus, toji  vs  jack, kaiba, itachi
[ 206/250 ] WIN    18 turns   megumin, xanxus, kaiba  vs  crona, touka, saturn
[ 207/250 ] WIN    26 turns   aang, toga, uranus  vs  erza, shokuhou, minene
[ 208/250 ] WIN    25 turns   frieren, rimuru, power  vs  mars, todoroki, sheele
[ 209/250 ] WIN    21 turns   death, pegasus, tokoyami  vs  edward, gilgamesh, mars
[ 210/250 ] LOSS   14 turns   alphamon, nimaiya, esdeath  vs  soul, seventeen, toph
[ 211/250 ] WIN    14 turns   squalo, minene, goku  vs  bakugo, astolfo, hibari
Applying bleed effect! Checking special code
[ 212/250 ] WIN    26 turns   genos, nimaiya, diane  vs  mavis, minene, asta
[ 213/250 ] LOSS   17 turns   maka, sukuna, squalo  vs  halibel, frieren, jupiter
[ 214/250 ] WIN    31 turns   saber, toga, minene  vs  seventeen, tamaki, kaiba
Applying bleed effect! Checking special code
Applying bleed effect! Checking special code
[ 215/250 ] LOSS   16 turns   horohoro, tokoyami, semiramis  vs  gojo, meliodas, inosuke
Applying bleed effect! Checking special code
Applying bleed effect! Checking special code
Applying bleed effect! Checking special code
Applying bleed effect! Checking special code
[ 216/250 ] WIN    32 turns   bakugo, ken, ban  vs  edward, rimuru, aiohto
[ 217/250 ] WIN    17 turns   uraraka, todoroki, jinwoo  vs  semiramis, kuroko, tanjiro
[ 218/250 ] WIN    17 turns   misaka, eren, kaiba  vs  ban, gray, hawkmon
[ 219/250 ] WIN    15 turns   broly, sukuna, machinedramon  vs  venus, gallantmon, lyserg
[ 220/250 ] WIN    28 turns   usopp, gallantmon, kurapika  vs  killua, ace, todoroki
[ 221/250 ] WIN    17 turns   hisoka, toph, ichibe  vs  erza, jesse, killua
Applying bleed effect! Checking special code
[ 222/250 ] WIN    18 turns   meliodas, power, uraraka  vs  ace, boruto, gogeta
[ 223/250 ] LOSS   24 turns   sayaka, tsuyu, shinoa  vs  uranus, marco, alphonse
[ 224/250 ] WIN    16 turns   tamaki, hawkmon, goku  vs  hisoka, cooler, jaden
[ 225/250 ] WIN    19 turns   renamon, mami, venus  vs  shinra, ryohei, veldora
Applying bleed effect! Checking special code
Applying bleed effect! Checking special code
[ 226/250 ] WIN    17 turns   uzui, misaka, yamamoto  vs  tokoyami, denji, blackstar
[ 227/250 ] WIN    30 turns   toph, horohoro, hashirama  vs  madoka, uzui, blackwargreymon
[ 228/250 ] WIN    20 turns   inosuke, mercury, gallantmon  vs  adam, noelle, ban
[ 229/250 ] LOSS   17 turns   todoroki, chrome, machinedramon  vs  sukuna, myotismon, seventeen
[ 230/250 ] WIN    22 turns   shiro, noelle, sheele  vs  gatomon, venus, boruto
[ 231/250 ] WIN    30 turns   jeanne, yamamoto, goku  vs  toph, sayaka, megumin
[ 232/250 ] LOSS   24 turns   itachi, blackstar, megumi  vs  broly, killua, nel
[ 233/250 ] WIN    19 turns   hawkmon, eren, yuji  vs  aang, bakugo, neferpitou
[ 234/250 ] WIN    21 turns   cell, jaden, luffy  vs  genos, frankenstein, horohoro
[ 235/250 ] LOSS   19 turns   frieren, gon, koro  vs  esdeath, gohan, frankenstein
[ 236/250 ] WIN    16 turns   hashirama, blackstar, machinedramon  vs  emiyaarcher, nonon, lucy
[ 237/250 ] WIN    18 turns   blackwargreymon, ladydevimon, pegasus  vs  akame, sakura, myotismon
[ 238/250 ] WIN    24 turns   chrome, adam, ichibe  vs  kitara, hibari, veldora
[ 239/250 ] WIN    21 turns   gatomon, mash, impmon  vs  hisoka, minene, inuyasha
Applying bleed effect! Checking special code
Applying bleed effect! Checking special code
[ 240/250 ] WIN    21 turns   ken, gojo, broly  vs  yuji, saturn, midoriya
[ 241/250 ] LOSS   45 turns   jeanne, inuyasha, toudou  vs  rimuru, kitara, cooler
[ 242/250 ] LOSS   19 turns   myotismon, hawkmon, mikasa  vs  allmight, hashirama, misaka
[ 243/250 ] WIN    16 turns   soul, sasuke, ladydevimon  vs  blackstar, jaden, inuyasha
[ 244/250 ] LOSS   17 turns   jesse, goku, ichibe  vs  pegasus, meliodas, nezuko
[ 245/250 ] LOSS   16 turns   toga, lyserg, impmon  vs  tanjiro, toph, frankenstein
[ 246/250 ] WIN    12 turns   hisoka, asta, megumi  vs  byakuya, gatomon, boruto
[ 247/250 ] WIN    29 turns   astolfo, chrome, nimaiya  vs  cell, gatomon, goku
[ 248/250 ] WIN    26 turns   kitara, saitama, koro  vs  tsubasa, misaka, toji
Yubel's S1 Triggered!
Yubel's S1 Triggered!
Yubel's S1 Triggered!
[ 249/250 ] LOSS   19 turns   yubel, kaiba, emiya  vs  rimuru, mercury, crona
Yubel's S1 Triggered!
[ 250/250 ] WIN    55 turns   machinedramon, aiohto, yubel  vs  neferpitou, saturn, yuji
=== TRAINER RUN COMPLETE ===
Matches: 250   W: 173   L: 77   D: 0   Win: 69.2%   (opponent: priority  [EVAL])
