Godot Engine v4.6.2.stable.official.71f334935 - https://godotengine.org

[trainer] seed=96000 matches=334 opponent=policy:res://training/checkpoints/control_noshaping/gen_5.json eval=true out=res://training/checkpoints/work.json checkpoint=res://training/checkpoints/gen_5.json
[authored] loaded 1 authored character(s)
Applying bleed effect! Checking special code
Applying bleed effect! Checking special code
Applying bleed effect! Checking special code
Applying bleed effect! Checking special code
Applying bleed effect! Checking special code
Applying bleed effect! Checking special code
Applying bleed effect! Checking special code
Applying bleed effect! Checking special code
Applying bleed effect! Checking special code
[   1/334 ] WIN    18 turns   adam, eren, king  vs  jeanne, bakugo, tsubaki
[   2/334 ] LOSS   28 turns   alphonse, nezuko, gon  vs  tokoyami, ladydevimon, horohoro
[   3/334 ] LOSS   34 turns   vegeta, chrome, impmon  vs  satsuki, nonon, nezuko
[   4/334 ] WIN    11 turns   neferpitou, seventeen, todoroki  vs  venus, uranus, halibel
[   5/334 ] WIN    30 turns   naruto, pegasus, killua  vs  saturn, jeanne, gallantmon
[   6/334 ] WIN    14 turns   seventeen, alphonse, zoro  vs  gunha, mine, gohan
[   7/334 ] LOSS   14 turns   goku, gojo, aang  vs  touka, uraraka, cell
[   8/334 ] WIN    27 turns   megumin, impmon, omnimon  vs  jeanne, sasuke, veldora
[   9/334 ] LOSS   15 turns   naruto, tsubaki, levi  vs  ganta, nagisa, shinra
[  10/334 ] LOSS   44 turns   muichiro, jack, killua  vs  gojo, hisoka, kurapika
[  11/334 ] LOSS   18 turns   akame, tanjiro, aiohto  vs  megumin, yamamoto, yuji
[  12/334 ] WIN    15 turns   vegeta, mavis, koro  vs  jupiter, maka, shokuhou
[  13/334 ] LOSS   27 turns   nagisa, maka, semiramis  vs  sasuke, natsu, sheele
Applying bleed effect! Checking special code
Applying bleed effect! Checking special code
[  14/334 ] LOSS   16 turns   jeanne, king, jupiter  vs  nel, mash, asta
[  15/334 ] WIN    16 turns   hashirama, gohan, marco  vs  renamon, madoka, frankenstein
[  16/334 ] LOSS   13 turns   tanjiro, yoh, soul  vs  itachi, uraraka, ladydevimon
Applying bleed effect! Checking special code
Applying bleed effect! Checking special code
[  17/334 ] WIN    16 turns   meliodas, ryuko, sayaka  vs  lizandpatty, rengoku, nezuko
Applying bleed effect! Checking special code
Applying bleed effect! Checking special code
Applying bleed effect! Checking special code
Applying bleed effect! Checking special code
[  18/334 ] LOSS   18 turns   hisoka, diane, power  vs  emiya, lucy, tsuyu
[  19/334 ] LOSS   18 turns   alphonse, gatomon, hawkmon  vs  broly, machinedramon, kaiba
Applying bleed effect! Checking special code
Applying bleed effect! Checking special code
[  20/334 ] WIN    14 turns   naruto, satsuki, hashirama  vs  uzui, king, sakura
Applying bleed effect! Checking special code
Applying bleed effect! Checking special code
Applying bleed effect! Checking special code
Applying bleed effect! Checking special code
[  21/334 ] LOSS   25 turns   tokoyami, power, jinwoo  vs  gogeta, impmon, tsubaki
[  22/334 ] WIN    18 turns   mavis, goku, saitama  vs  edward, semiramis, zoro
[  23/334 ] LOSS   33 turns   byakuya, uraraka, hawkmon  vs  goku, impmon, tamaki
[  24/334 ] LOSS   15 turns   yuno, ryohei, minene  vs  shinra, uranus, gasai
[  25/334 ] WIN    30 turns   megumin, gon, yugi  vs  squalo, tamaki, veldora
[  26/334 ] LOSS   18 turns   crona, touka, mars  vs  bakugo, gogeta, alphamon
[  27/334 ] WIN    16 turns   touka, toudou, frieren  vs  nimaiya, veldora, sasuke
[  28/334 ] LOSS   21 turns   yoh, ryuko, usopp  vs  mami, tamaki, aang
[  29/334 ] LOSS   21 turns   gon, mikasa, ichibe  vs  hashirama, jupiter, tsubasa
[  30/334 ] LOSS   13 turns   byakuya, jupiter, tsubaki  vs  esdeath, shiro, sayaka
[  31/334 ] LOSS   25 turns   ban, emiyaarcher, sasuke  vs  impmon, hibari, alphonse
[  32/334 ] WIN    11 turns   madoka, midoriya, goku  vs  adam, yoh, kaiba
[  33/334 ] LOSS   24 turns   tsuyu, gallantmon, rob  vs  hinata, gohan, machinedramon
[  34/334 ] LOSS   17 turns   kid, gunha, toga  vs  rimuru, gray, shiro
[  35/334 ] WIN    16 turns   sayaka, cooler, nimaiya  vs  misaka, gray, yugi
Applying bleed effect! Checking special code
Applying bleed effect! Checking special code
Applying bleed effect! Checking special code
[  36/334 ] WIN    20 turns   ryuko, killua, tsubaki  vs  chrome, veldora, power
[  37/334 ] LOSS   19 turns   midoriya, gojo, veldora  vs  squalo, nonon, yuno
Applying bleed effect! Checking special code
[  38/334 ] LOSS   18 turns   king, shokuhou, toph  vs  blackwargreymon, uraraka, megumi
Applying bleed effect! Checking special code
Applying bleed effect! Checking special code
Applying bleed effect! Checking special code
Applying bleed effect! Checking special code
Applying bleed effect! Checking special code
Applying bleed effect! Checking special code
Applying bleed effect! Checking special code
Applying bleed effect! Checking special code
Applying bleed effect! Checking special code
Applying bleed effect! Checking special code
Applying bleed effect! Checking special code
Applying bleed effect! Checking special code
[  39/334 ] WIN    16 turns   king, vegeta, astolfo  vs  megumi, yubel, venus
Applying bleed effect! Checking special code
Applying bleed effect! Checking special code
Applying bleed effect! Checking special code
Applying bleed effect! Checking special code
Applying bleed effect! Checking special code
Applying bleed effect! Checking special code
Applying bleed effect! Checking special code
Applying bleed effect! Checking special code
[  40/334 ] WIN    21 turns   ken, emiyaarcher, tanjiro  vs  lizandpatty, tokoyami, saturn
[  41/334 ] WIN    16 turns   meliodas, yugi, broly  vs  tatsumaki, frankenstein, shokuhou
[  42/334 ] LOSS   22 turns   shokuhou, toji, sasuke  vs  arthur, tokoyami, tatsumaki
[  43/334 ] WIN    22 turns   pegasus, veldora, mavis  vs  naruto, venus, minene
[  44/334 ] WIN    20 turns   zenitsu, muichiro, uranus  vs  akame, omnimon, alphonse
[  45/334 ] LOSS   18 turns   shokuhou, yoh, omnimon  vs  hawkmon, nel, shiro
[  46/334 ] WIN    16 turns   kurapika, tanjiro, cell  vs  allmight, jesse, yubel
[  47/334 ] WIN    21 turns   levi, maka, gojo  vs  shinoa, touka, hawkmon
[  48/334 ] LOSS   24 turns   yugi, kurapika, killua  vs  ganta, levi, bakugo
Applying bleed effect! Checking special code
[  49/334 ] LOSS   45 turns   shinoa, ace, frieren  vs  ban, power, tsunayoshi
[  50/334 ] WIN    13 turns   renamon, kuroko, allmight  vs  veldora, shinoa, gatomon
[  51/334 ] LOSS   16 turns   tamaki, toji, semiramis  vs  madoka, tsunayoshi, tatsumaki
[  52/334 ] WIN    17 turns   ladydevimon, todoroki, nonon  vs  saber, jeanne, sayaka
Yubel's S1 Triggered!
Yubel's S1 Triggered!
[  53/334 ] LOSS   25 turns   yoh, hibari, uzui  vs  yubel, gallantmon, blackstar
Applying bleed effect! Checking special code
[  54/334 ] LOSS   20 turns   rakko, squalo, allmight  vs  crona, gohan, itachi
Applying bleed effect! Checking special code
[  55/334 ] LOSS   21 turns   hisoka, marco, rengoku  vs  semiramis, madoka, killua
[  56/334 ] WIN    23 turns   mikasa, usopp, neferpitou  vs  rimuru, toudou, goku
[  57/334 ] LOSS   13 turns   killua, hibari, sasuke  vs  madoka, yamamoto, luffy
[  58/334 ] WIN    46 turns   hisoka, jinwoo, eren  vs  gallantmon, lizandpatty, yuno
[  59/334 ] WIN    33 turns   zenitsu, veldora, aang  vs  mars, jinwoo, semiramis
[  60/334 ] WIN    14 turns   nimaiya, cooler, allmight  vs  gray, tamaki, boruto
[  61/334 ] LOSS   17 turns   ban, shinoa, tamaki  vs  crona, ace, gunha
[  62/334 ] LOSS   19 turns   horohoro, shokuhou, tsuyu  vs  maka, zoro, ace
[  63/334 ] LOSS   32 turns   shiro, minene, gon  vs  broly, sayaka, tamaki
[  64/334 ] LOSS   20 turns   yuno, blackwargreymon, megumi  vs  broly, yoh, kitara
[  65/334 ] LOSS   16 turns   ryohei, jinwoo, jupiter  vs  hashirama, nagisa, mars
[  66/334 ] WIN    20 turns   squalo, megumin, gasai  vs  kaiba, blackwargreymon, kurapika
[  67/334 ] WIN    30 turns   arthur, naruto, jinwoo  vs  erza, mash, cooler
[  68/334 ] WIN    15 turns   esdeath, madoka, maka  vs  saturn, tsuyu, koro
[  69/334 ] WIN    29 turns   xanxus, impmon, arthur  vs  soul, toph, nonon
[  70/334 ] LOSS   24 turns   saber, jupiter, ban  vs  sakura, tokoyami, rob
[  71/334 ] LOSS   26 turns   kurotsuchi, sheele, hinata  vs  saber, myotismon, hibari
[  72/334 ] WIN    17 turns   tokoyami, yugi, boruto  vs  diane, tatsumi, renamon
[  73/334 ] WIN    16 turns   death, zenitsu, nimaiya  vs  jinwoo, mavis, nezuko
Applying bleed effect! Checking special code
Applying bleed effect! Checking special code
Applying bleed effect! Checking special code
Applying bleed effect! Checking special code
Applying bleed effect! Checking special code
Applying bleed effect! Checking special code
Applying bleed effect! Checking special code
Applying bleed effect! Checking special code
Applying bleed effect! Checking special code
Applying bleed effect! Checking special code
Applying bleed effect! Checking special code
Applying bleed effect! Checking special code
[  74/334 ] LOSS   22 turns   minene, madoka, rengoku  vs  emiyaarcher, muichiro, king
[  75/334 ] WIN    19 turns   ichigo, gojo, noelle  vs  korra, hibari, gatomon
Yubel's S1 Triggered!
[  76/334 ] WIN    27 turns   jesse, neferpitou, naruto  vs  yubel, ryohei, kurapika
Applying bleed effect! Checking special code
Applying bleed effect! Checking special code
[  77/334 ] LOSS   21 turns   korra, koro, astolfo  vs  genos, denji, kuroko
[  78/334 ] WIN    61 turns   kaiba, omnimon, kurotsuchi  vs  lizandpatty, misaka, mars
Applying bleed effect! Checking special code
Applying bleed effect! Checking special code
[  79/334 ] LOSS   39 turns   king, yugi, edward  vs  lizandpatty, squalo, erza
[  80/334 ] WIN    22 turns   tatsumi, kuroko, gohan  vs  akame, toji, renamon
[  81/334 ] LOSS   15 turns   usopp, shiro, minene  vs  kuroko, gunha, renamon
[  82/334 ] WIN    20 turns   meliodas, sasuke, uraraka  vs  tsuyu, yuji, venus
[  83/334 ] WIN    33 turns   tokoyami, astolfo, mine  vs  maka, eren, nel
Applying bleed effect! Checking special code
Applying bleed effect! Checking special code
Applying bleed effect! Checking special code
Applying bleed effect! Checking special code
Applying bleed effect! Checking special code
[  84/334 ] LOSS   25 turns   tsubaki, diane, ken  vs  pegasus, natsu, ichibe
[  85/334 ] LOSS   19 turns   kid, lyserg, seventeen  vs  semiramis, adam, crona
Applying bleed effect! Checking special code
Applying bleed effect! Checking special code
Applying bleed effect! Checking special code
[  86/334 ] LOSS   23 turns   nagisa, orihime, rakko  vs  denji, tsubasa, genos
[  87/334 ] LOSS   12 turns   halibel, sukuna, semiramis  vs  veldora, sayaka, alphamon
Applying bleed effect! Checking special code
Applying bleed effect! Checking special code
Applying bleed effect! Checking special code
Applying bleed effect! Checking special code
[  88/334 ] WIN    15 turns   sayaka, king, nagisa  vs  nonon, shiro, maka
[  89/334 ] WIN    42 turns   cell, nel, tsuyu  vs  saturn, alphonse, arthur
[  90/334 ] LOSS   17 turns   inuyasha, nagisa, byakuya  vs  rob, eren, neferpitou
Applying bleed effect! Checking special code
[  91/334 ] WIN    16 turns   ganta, erza, gallantmon  vs  aang, megumi, denji
[  92/334 ] WIN    24 turns   lucy, jinwoo, tanjiro  vs  sukuna, vegeta, usopp
[  93/334 ] LOSS    9 turns   cooler, xanxus, hisoka  vs  aiohto, venus, touka
[  94/334 ] WIN    16 turns   omnimon, tsubaki, hashirama  vs  gatomon, sayaka, soul
Applying bleed effect! Checking special code
Applying bleed effect! Checking special code
Applying bleed effect! Checking special code
[  95/334 ] WIN    17 turns   ban, xanxus, genos  vs  omnimon, korra, rakko
[  96/334 ] LOSS   13 turns   saitama, frankenstein, madoka  vs  gunha, mine, toudou
[  97/334 ] LOSS   39 turns   tokoyami, hashirama, korra  vs  minene, gallantmon, zoro
[  98/334 ] LOSS   18 turns   misaka, inuyasha, xanxus  vs  killua, gilgamesh, nezuko
[  99/334 ] WIN    21 turns   shinra, hibari, muichiro  vs  lucy, zoro, mikasa
[ 100/334 ] LOSS   36 turns   kurotsuchi, megumi, frankenstein  vs  halibel, rengoku, tatsumaki
[ 101/334 ] WIN    36 turns   kid, uzui, ichigo  vs  tokoyami, sayaka, jupiter
[ 102/334 ] WIN    14 turns   hibari, nonon, frieren  vs  gray, sayaka, korra
[ 103/334 ] LOSS   24 turns   mikasa, hinata, tsuyu  vs  astolfo, uzui, koro
[ 104/334 ] WIN    26 turns   ichibe, lyserg, alphonse  vs  sukuna, yamamoto, nobara
[ 105/334 ] WIN    11 turns   impmon, mavis, mercury  vs  sakura, kitara, toudou
[ 106/334 ] WIN    12 turns   alphamon, minene, satsuki  vs  megumin, yoh, nimaiya
[ 107/334 ] WIN    18 turns   myotismon, astolfo, nimaiya  vs  chrome, venus, kuroko
[ 108/334 ] LOSS   25 turns   toph, mars, impmon  vs  veldora, vegeta, xanxus
[ 109/334 ] LOSS   36 turns   gasai, halibel, yuji  vs  ace, sakura, cell
[ 110/334 ] LOSS   14 turns   inuyasha, megumin, pegasus  vs  megumi, naruto, ryohei
Applying bleed effect! Checking special code
[ 111/334 ] WIN    15 turns   hibari, frieren, hinata  vs  power, goku, nobara
Applying bleed effect! Checking special code
Applying bleed effect! Checking special code
Applying bleed effect! Checking special code
Applying bleed effect! Checking special code
Applying bleed effect! Checking special code
Applying bleed effect! Checking special code
Applying bleed effect! Checking special code
Applying bleed effect! Checking special code
Applying bleed effect! Checking special code
Applying bleed effect! Checking special code
[ 112/334 ] WIN    19 turns   kurotsuchi, gray, zoro  vs  minene, jesse, king
[ 113/334 ] WIN    22 turns   naruto, ryuko, saitama  vs  jaden, bakugo, inuyasha
[ 114/334 ] LOSS   15 turns   impmon, rimuru, gilgamesh  vs  kitara, gohan, machinedramon
[ 115/334 ] LOSS   25 turns   jinwoo, madoka, noelle  vs  zoro, muichiro, neferpitou
[ 116/334 ] LOSS   23 turns   jeanne, ace, tatsumi  vs  touka, midoriya, saturn
[ 117/334 ] WIN    14 turns   lizandpatty, tatsumi, asta  vs  yugi, midoriya, crona
Applying bleed effect! Checking special code
Applying bleed effect! Checking special code
[ 118/334 ] WIN    15 turns   ryuko, aang, hibari  vs  blackstar, inosuke, rob
[ 119/334 ] LOSS   25 turns   usopp, saber, mikasa  vs  inuyasha, gogeta, marco
[ 120/334 ] LOSS   15 turns   mash, shokuhou, gallantmon  vs  gray, boruto, gohan
Applying bleed effect! Checking special code
Applying bleed effect! Checking special code
Applying bleed effect! Checking special code
Applying bleed effect! Checking special code
Applying bleed effect! Checking special code
Applying bleed effect! Checking special code
[ 121/334 ] WIN    22 turns   naruto, squalo, king  vs  blackstar, akame, touka
[ 122/334 ] WIN    20 turns   omnimon, nel, tokoyami  vs  shokuhou, frieren, mavis
[ 123/334 ] LOSS   23 turns   nimaiya, uzui, chrome  vs  sukuna, yubel, nel
Applying bleed effect! Checking special code
Applying bleed effect! Checking special code
[ 124/334 ] LOSS   17 turns   kid, adam, lizandpatty  vs  machinedramon, rakko, nimaiya
Applying bleed effect! Checking special code
Applying bleed effect! Checking special code
[ 125/334 ] LOSS   18 turns   king, mash, hibari  vs  yugi, crona, cooler
Applying bleed effect! Checking special code
Applying bleed effect! Checking special code
Applying bleed effect! Checking special code
[ 126/334 ] LOSS   36 turns   yubel, toph, tokoyami  vs  hisoka, lizandpatty, rakko
[ 127/334 ] WIN    14 turns   sakura, mash, xanxus  vs  jinwoo, sayaka, inuyasha
[ 128/334 ] WIN    14 turns   toji, ganta, sayaka  vs  semiramis, saitama, todoroki
[ 129/334 ] WIN    23 turns   bakugo, halibel, shokuhou  vs  yamamoto, noelle, megumi
[ 130/334 ] WIN    18 turns   inuyasha, byakuya, korra  vs  hisoka, megumi, killua
[ 131/334 ] LOSS   16 turns   lucy, gray, gasai  vs  eren, sakura, luffy
Applying bleed effect! Checking special code
Applying bleed effect! Checking special code
Applying bleed effect! Checking special code
Applying bleed effect! Checking special code
Applying bleed effect! Checking special code
Applying bleed effect! Checking special code
Applying bleed effect! Checking special code
[ 132/334 ] WIN    28 turns   toudou, rakko, ichigo  vs  toph, orihime, uzui
Applying bleed effect! Checking special code
Applying bleed effect! Checking special code
Applying bleed effect! Checking special code
Applying bleed effect! Checking special code
Applying bleed effect! Checking special code
[ 133/334 ] WIN    19 turns   esdeath, yoh, inosuke  vs  toga, gogeta, kuroko
[ 134/334 ] WIN    21 turns   saber, megumin, blackstar  vs  ace, eren, hawkmon
Applying bleed effect! Checking special code
Applying bleed effect! Checking special code
Applying bleed effect! Checking special code
Yubel's S1 Triggered!
Applying bleed effect! Checking special code
[ 135/334 ] LOSS   18 turns   mercury, kurotsuchi, inosuke  vs  yubel, hashirama, power
[ 136/334 ] WIN    20 turns   mars, omnimon, satsuki  vs  korra, shiro, nezuko
[ 137/334 ] WIN    16 turns   boruto, shinoa, nagisa  vs  tamaki, hawkmon, mami
[ 138/334 ] LOSS   16 turns   pegasus, byakuya, jeanne  vs  hawkmon, shiro, renamon
[ 139/334 ] LOSS   29 turns   shinra, edward, misaka  vs  sayaka, uranus, cooler
[ 140/334 ] LOSS   21 turns   broly, vegeta, mami  vs  asta, erza, akame
Applying bleed effect! Checking special code
[ 141/334 ] LOSS   20 turns   ichigo, hisoka, inuyasha  vs  power, uraraka, noelle
[ 142/334 ] WIN    20 turns   shokuhou, kid, natsu  vs  gunha, kitara, yoh
[ 143/334 ] WIN    25 turns   adam, kitara, uranus  vs  ichibe, gallantmon, lizandpatty
[ 144/334 ] LOSS   28 turns   itachi, cell, gallantmon  vs  sheele, tatsumaki, adam
Applying bleed effect! Checking special code
Applying bleed effect! Checking special code
[ 145/334 ] WIN    26 turns   diane, tamaki, impmon  vs  inuyasha, mash, mavis
[ 146/334 ] LOSS   35 turns   ichibe, yugi, esdeath  vs  korra, tsunayoshi, broly
Applying bleed effect! Checking special code
Applying bleed effect! Checking special code
Applying bleed effect! Checking special code
Applying bleed effect! Checking special code
Applying bleed effect! Checking special code
Applying bleed effect! Checking special code
Applying bleed effect! Checking special code
Applying bleed effect! Checking special code
Applying bleed effect! Checking special code
[ 147/334 ] WIN    22 turns   frieren, rakko, aiohto  vs  erza, tamaki, jeanne
Applying bleed effect! Checking special code
[ 148/334 ] WIN    24 turns   sukuna, saturn, sheele  vs  ban, blackstar, power
[ 149/334 ] WIN    18 turns   cell, rob, usopp  vs  boruto, ace, pegasus
[ 150/334 ] WIN    13 turns   asta, ladydevimon, satsuki  vs  tatsumaki, pegasus, mine
[ 151/334 ] LOSS   16 turns   todoroki, frieren, broly  vs  mavis, gray, tokoyami
[ 152/334 ] LOSS   16 turns   aiohto, mars, kitara  vs  kaiba, gray, jaden
[ 153/334 ] WIN    19 turns   squalo, todoroki, crona  vs  frieren, saitama, ace
[ 154/334 ] WIN    10 turns   broly, mavis, jupiter  vs  lyserg, sasuke, orihime
[ 155/334 ] WIN    22 turns   luffy, crona, myotismon  vs  sasuke, omnimon, tatsumi
[ 156/334 ] WIN    25 turns   boruto, horohoro, zoro  vs  todoroki, tokoyami, hawkmon
[ 157/334 ] LOSS   21 turns   akame, saber, misaka  vs  boruto, impmon, tsubaki
[ 158/334 ] LOSS   19 turns   aiohto, byakuya, todoroki  vs  nel, natsu, gogeta
[ 159/334 ] LOSS   22 turns   zoro, mine, pegasus  vs  meliodas, gunha, power
Applying bleed effect! Checking special code
Applying bleed effect! Checking special code
[ 160/334 ] LOSS   17 turns   hisoka, gray, killua  vs  inosuke, seventeen, gilgamesh
[ 161/334 ] LOSS   22 turns   nagisa, mikasa, gatomon  vs  sukuna, ryohei, jack
[ 162/334 ] WIN    24 turns   semiramis, sasuke, tsubaki  vs  machinedramon, tsubasa, blackwargreymon
[ 163/334 ] WIN    27 turns   boruto, tatsumaki, omnimon  vs  jinwoo, zenitsu, horohoro
[ 164/334 ] LOSS   36 turns   hashirama, gunha, akame  vs  cell, yuno, soul
[ 165/334 ] LOSS   23 turns   shiro, kurotsuchi, tsuyu  vs  nimaiya, soul, veldora
[ 166/334 ] WIN    20 turns   ganta, yuji, xanxus  vs  myotismon, toudou, yuno
[ 167/334 ] LOSS   27 turns   allmight, shinra, ladydevimon  vs  mercury, goku, mikasa
[ 168/334 ] WIN    15 turns   xanxus, inuyasha, jaden  vs  halibel, asta, soul
[ 169/334 ] LOSS   18 turns   tsuyu, horohoro, halibel  vs  gogeta, touka, machinedramon
Yubel's S1 Triggered!
[ 170/334 ] LOSS   22 turns   yubel, cooler, yoh  vs  myotismon, jeanne, jesse
[ 171/334 ] WIN    18 turns   gilgamesh, zoro, mine  vs  uzui, muichiro, toph
[ 172/334 ] LOSS   16 turns   edward, jeanne, gilgamesh  vs  renamon, kurapika, noelle
[ 173/334 ] WIN    31 turns   gasai, uraraka, shinoa  vs  shiro, alphonse, gray
[ 174/334 ] LOSS   13 turns   kid, jeanne, inuyasha  vs  meliodas, emiya, bakugo
Applying bleed effect! Checking special code
Applying bleed effect! Checking special code
Applying bleed effect! Checking special code
[ 175/334 ] LOSS   16 turns   sukuna, ken, noelle  vs  toji, mercury, alphonse
[ 176/334 ] LOSS   38 turns   shinra, shinoa, marco  vs  frankenstein, tatsumi, ban
Applying bleed effect! Checking special code
Applying bleed effect! Checking special code
[ 177/334 ] LOSS   89 turns   alphamon, uraraka, lyserg  vs  inosuke, eren, ace
[ 178/334 ] WIN    17 turns   omnimon, satsuki, gatomon  vs  ichigo, jupiter, touka
[ 179/334 ] WIN    19 turns   erza, mavis, tsubasa  vs  jinwoo, tsunayoshi, neferpitou
Applying bleed effect! Checking special code
Applying bleed effect! Checking special code
Applying bleed effect! Checking special code
[ 180/334 ] WIN    21 turns   madoka, power, megumin  vs  toph, tsuyu, shiro
[ 181/334 ] LOSS   19 turns   touka, uzui, akame  vs  soul, gunha, ladydevimon
[ 182/334 ] LOSS   23 turns   lyserg, saber, xanxus  vs  soul, adam, sasuke
[ 183/334 ] LOSS   12 turns   killua, akame, nobara  vs  koro, misaka, nimaiya
[ 184/334 ] LOSS   22 turns   nel, nimaiya, kurotsuchi  vs  arthur, saber, gojo
[ 185/334 ] LOSS   23 turns   horohoro, gilgamesh, minene  vs  luffy, boruto, yamamoto
[ 186/334 ] LOSS   24 turns   rimuru, kitara, kurotsuchi  vs  emiyaarcher, chrome, orihime
Applying bleed effect! Checking special code
Applying bleed effect! Checking special code
Applying bleed effect! Checking special code
Applying bleed effect! Checking special code
Applying bleed effect! Checking special code
[ 187/334 ] LOSS   30 turns   king, zoro, alphonse  vs  vegeta, luffy, saitama
[ 188/334 ] LOSS   43 turns   omnimon, nel, crona  vs  alphonse, nezuko, killua
[ 189/334 ] LOSS   20 turns   uzui, chrome, cooler  vs  mine, edward, byakuya
[ 190/334 ] LOSS   27 turns   natsu, omnimon, naruto  vs  hinata, kaiba, tatsumi
[ 191/334 ] WIN    26 turns   frieren, mars, noelle  vs  mikasa, meliodas, kitara
[ 192/334 ] WIN    25 turns   mikasa, jinwoo, shinoa  vs  korra, kurapika, renamon
[ 193/334 ] LOSS   23 turns   squalo, gasai, shinoa  vs  killua, inosuke, astolfo
[ 194/334 ] WIN    22 turns   gray, misaka, shinoa  vs  tsunayoshi, naruto, levi
[ 195/334 ] LOSS   17 turns   arthur, ichigo, goku  vs  adam, nel, toga
Yubel's S1 Triggered!
Yubel's S1 Triggered!
[ 196/334 ] LOSS   20 turns   hibari, yubel, toji  vs  mikasa, alphonse, horohoro
[ 197/334 ] LOSS   20 turns   mercury, tsuyu, jack  vs  nonon, tsubaki, tatsumaki
[ 198/334 ] LOSS   21 turns   semiramis, diane, tokoyami  vs  uzui, gallantmon, omnimon
[ 199/334 ] LOSS   13 turns   toga, uranus, gilgamesh  vs  gray, alphamon, saitama
[ 200/334 ] LOSS   34 turns   nobara, machinedramon, minene  vs  kuroko, tsuyu, korra
[ 201/334 ] WIN    19 turns   nel, ichibe, tamaki  vs  edward, adam, myotismon
[ 202/334 ] WIN    18 turns   hibari, marco, broly  vs  gohan, tsubaki, kitara
[ 203/334 ] WIN    17 turns   kurotsuchi, nimaiya, yugi  vs  eren, tsubaki, omnimon
[ 204/334 ] LOSS   29 turns   tsubaki, jupiter, yuji  vs  sasuke, toji, itachi
[ 205/334 ] LOSS   15 turns   koro, rimuru, alphonse  vs  hinata, jesse, jaden
[ 206/334 ] WIN    19 turns   yuji, madoka, broly  vs  vegeta, jeanne, xanxus
[ 207/334 ] WIN    26 turns   blackwargreymon, asta, saturn  vs  toji, marco, impmon
[ 208/334 ] WIN    22 turns   mercury, saber, aang  vs  uzui, alphamon, nobara
Applying bleed effect! Checking special code
[ 209/334 ] LOSS   10 turns   zoro, gojo, inosuke  vs  saitama, alphamon, neferpitou
Applying bleed effect! Checking special code
Applying bleed effect! Checking special code
[ 210/334 ] LOSS   25 turns   rengoku, megumi, kaiba  vs  horohoro, impmon, tsubasa
[ 211/334 ] LOSS   12 turns   adam, ganta, xanxus  vs  kuroko, gasai, saitama
Applying bleed effect! Checking special code
Applying bleed effect! Checking special code
Applying bleed effect! Checking special code
[ 212/334 ] LOSS   18 turns   touka, blackstar, arthur  vs  hibari, shiro, inosuke
[ 213/334 ] WIN    24 turns   edward, inuyasha, tamaki  vs  killua, soul, tsunayoshi
[ 214/334 ] LOSS   27 turns   marco, ace, byakuya  vs  natsu, venus, saturn
[ 215/334 ] WIN    25 turns   tatsumaki, frankenstein, semiramis  vs  tatsumi, mikasa, noelle
[ 216/334 ] LOSS   28 turns   lucy, natsu, toph  vs  cell, saturn, nobara
[ 217/334 ] WIN    42 turns   misaka, sakura, yoh  vs  korra, yugi, vegeta
[ 218/334 ] LOSS   28 turns   ganta, tsubaki, gogeta  vs  megumin, inuyasha, nobara
[ 219/334 ] LOSS   55 turns   sakura, kaiba, mami  vs  megumin, tokoyami, uraraka
[ 220/334 ] WIN    14 turns   broly, sakura, horohoro  vs  bakugo, toudou, ban
[ 221/334 ] LOSS   17 turns   myotismon, goku, adam  vs  sheele, kuroko, hibari
[ 222/334 ] WIN    25 turns   sasuke, nel, erza  vs  kid, hibari, aang
[ 223/334 ] WIN    19 turns   mine, ichibe, eren  vs  nimaiya, noelle, yamamoto
[ 224/334 ] WIN    17 turns   ganta, kuroko, hinata  vs  tamaki, minene, shokuhou
Applying bleed effect! Checking special code
Applying bleed effect! Checking special code
Applying bleed effect! Checking special code
[ 225/334 ] LOSS   21 turns   rengoku, uzui, chrome  vs  levi, zoro, orihime
[ 226/334 ] WIN    20 turns   satsuki, tokoyami, yugi  vs  semiramis, tatsumi, emiya
[ 227/334 ] LOSS   20 turns   yuno, maka, eren  vs  semiramis, yamamoto, impmon
Yubel's S1 Triggered!
[ 228/334 ] LOSS   16 turns   yubel, impmon, toudou  vs  megumi, madoka, ace
Applying bleed effect! Checking special code
Applying bleed effect! Checking special code
Applying bleed effect! Checking special code
Applying bleed effect! Checking special code
Applying bleed effect! Checking special code
[ 229/334 ] WIN    25 turns   mikasa, renamon, denji  vs  usopp, vegeta, toph
Applying bleed effect! Checking special code
Applying bleed effect! Checking special code
Applying bleed effect! Checking special code
Applying bleed effect! Checking special code
Applying bleed effect! Checking special code
Applying bleed effect! Checking special code
[ 230/334 ] WIN    20 turns   ichibe, satsuki, arthur  vs  mine, kaiba, ken
[ 231/334 ] LOSS   13 turns   rob, byakuya, zoro  vs  inuyasha, gogeta, shinoa
Applying bleed effect! Checking special code
Applying bleed effect! Checking special code
Applying bleed effect! Checking special code
Applying bleed effect! Checking special code
Applying bleed effect! Checking special code
Applying bleed effect! Checking special code
Applying bleed effect! Checking special code
Applying bleed effect! Checking special code
Applying bleed effect! Checking special code
[ 232/334 ] LOSS   23 turns   jesse, zoro, arthur  vs  power, rengoku, boruto
[ 233/334 ] LOSS   19 turns   saber, gogeta, genos  vs  minene, cell, rengoku
[ 234/334 ] LOSS   16 turns   meliodas, jack, jeanne  vs  touka, maka, mercury
Applying bleed effect! Checking special code
Applying bleed effect! Checking special code
Applying bleed effect! Checking special code
Applying bleed effect! Checking special code
Applying bleed effect! Checking special code
Applying bleed effect! Checking special code
Applying bleed effect! Checking special code
Applying bleed effect! Checking special code
Applying bleed effect! Checking special code
[ 235/334 ] WIN    14 turns   king, mercury, mikasa  vs  ken, squalo, nagisa
Applying bleed effect! Checking special code
Applying bleed effect! Checking special code
[ 236/334 ] LOSS   30 turns   tsuyu, diane, tokoyami  vs  kuroko, uraraka, ace
Applying bleed effect! Checking special code
Applying bleed effect! Checking special code
Applying bleed effect! Checking special code
Applying bleed effect! Checking special code
Applying bleed effect! Checking special code
Applying bleed effect! Checking special code
Applying bleed effect! Checking special code
[ 237/334 ] WIN    17 turns   rakko, nonon, tsunayoshi  vs  goku, jeanne, alphamon
[ 238/334 ] LOSS   14 turns   horohoro, ban, ryuko  vs  esdeath, tokoyami, killua
[ 239/334 ] LOSS   20 turns   diane, jeanne, tamaki  vs  toudou, nonon, gon
[ 240/334 ] LOSS   21 turns   vegeta, jeanne, yamamoto  vs  boruto, gatomon, veldora
[ 241/334 ] WIN    20 turns   nonon, ryuko, alphamon  vs  gasai, soul, nel
[ 242/334 ] LOSS   14 turns   impmon, tatsumaki, halibel  vs  madoka, tamaki, natsu
[ 243/334 ] WIN    18 turns   aiohto, nagisa, yuno  vs  vegeta, arthur, goku
[ 244/334 ] LOSS   21 turns   renamon, yuji, hibari  vs  gray, cooler, yoh
Applying bleed effect! Checking special code
Applying bleed effect! Checking special code
Applying bleed effect! Checking special code
Applying bleed effect! Checking special code
Applying bleed effect! Checking special code
Applying bleed effect! Checking special code
Applying bleed effect! Checking special code
Applying bleed effect! Checking special code
Applying bleed effect! Checking special code
[ 245/334 ] LOSS   32 turns   gallantmon, rakko, lyserg  vs  sukuna, sakura, neferpitou
[ 246/334 ] LOSS   27 turns   rimuru, yuno, power  vs  mikasa, yuji, jesse
Applying bleed effect! Checking special code
[ 247/334 ] WIN    21 turns   broly, yamamoto, mash  vs  allmight, inosuke, tanjiro
Applying bleed effect! Checking special code
Applying bleed effect! Checking special code
Applying bleed effect! Checking special code
Applying bleed effect! Checking special code
Applying bleed effect! Checking special code
Applying bleed effect! Checking special code
[ 248/334 ] LOSS   14 turns   mercury, megumi, frankenstein  vs  arthur, ken, naruto
[ 249/334 ] WIN    27 turns   shinra, pegasus, eren  vs  touka, inuyasha, midoriya
Applying bleed effect! Checking special code
Applying bleed effect! Checking special code
Applying bleed effect! Checking special code
[ 250/334 ] LOSS   20 turns   impmon, kuroko, rengoku  vs  sasuke, astolfo, cooler
[ 251/334 ] WIN    20 turns   natsu, shinoa, alphonse  vs  sakura, touka, mars
[ 252/334 ] LOSS   29 turns   tsubaki, nonon, kid  vs  eren, emiyaarcher, aiohto
[ 253/334 ] LOSS   32 turns   kitara, ace, sasuke  vs  korra, boruto, nel
[ 254/334 ] LOSS   26 turns   jinwoo, kid, itachi  vs  tsuyu, megumi, yugi
Applying bleed effect! Checking special code
[ 255/334 ] LOSS   22 turns   yoh, allmight, ichigo  vs  power, gon, emiyaarcher
Applying bleed effect! Checking special code
[ 256/334 ] LOSS   16 turns   zenitsu, tsuyu, levi  vs  touka, inosuke, todoroki
Applying bleed effect! Checking special code
Applying bleed effect! Checking special code
Applying bleed effect! Checking special code
[ 257/334 ] LOSS   30 turns   tsubasa, rengoku, yuji  vs  kurapika, vegeta, broly
[ 258/334 ] LOSS   36 turns   arthur, venus, soul  vs  blackstar, yoh, akame
[ 259/334 ] LOSS   20 turns   renamon, ganta, yubel  vs  nel, natsu, zenitsu
Applying bleed effect! Checking special code
Applying bleed effect! Checking special code
Applying bleed effect! Checking special code
[ 260/334 ] LOSS   19 turns   yubel, toji, ryohei  vs  yuji, emiyaarcher, denji
Applying bleed effect! Checking special code
Applying bleed effect! Checking special code
Applying bleed effect! Checking special code
[ 261/334 ] WIN    20 turns   king, gray, ladydevimon  vs  yamamoto, tsuyu, midoriya
[ 262/334 ] LOSS   22 turns   emiyaarcher, veldora, saturn  vs  kuroko, hinata, alphamon
Applying bleed effect! Checking special code
Applying bleed effect! Checking special code
Applying bleed effect! Checking special code
[ 263/334 ] WIN    16 turns   chrome, machinedramon, nimaiya  vs  lucy, inosuke, soul
[ 264/334 ] LOSS   14 turns   frankenstein, blackstar, uranus  vs  lucy, killua, meliodas
[ 265/334 ] WIN    32 turns   vegeta, shokuhou, tatsumi  vs  natsu, koro, muichiro
[ 266/334 ] LOSS   22 turns   myotismon, chrome, yamamoto  vs  mars, nimaiya, yoh
[ 267/334 ] WIN    22 turns   allmight, sheele, maka  vs  meliodas, emiya, usopp
[ 268/334 ] LOSS   25 turns   pegasus, todoroki, chrome  vs  gatomon, ryohei, esdeath
[ 269/334 ] LOSS   22 turns   sakura, tamaki, alphamon  vs  esdeath, natsu, tsuyu
[ 270/334 ] WIN    22 turns   mine, frieren, ryuko  vs  yoh, nezuko, mikasa
[ 271/334 ] WIN    17 turns   genos, zoro, nonon  vs  naruto, inuyasha, aiohto
[ 272/334 ] LOSS   32 turns   akame, saturn, yamamoto  vs  goku, eren, aiohto
Applying bleed effect! Checking special code
Applying bleed effect! Checking special code
Applying bleed effect! Checking special code
Applying bleed effect! Checking special code
[ 273/334 ] WIN    29 turns   frieren, tanjiro, sasuke  vs  king, toji, marco
[ 274/334 ] LOSS   26 turns   koro, ichigo, allmight  vs  byakuya, akame, tokoyami
[ 275/334 ] WIN    23 turns   ladydevimon, ryohei, allmight  vs  inuyasha, marco, naruto
[ 276/334 ] LOSS   36 turns   levi, renamon, mikasa  vs  esdeath, tokoyami, yoh
[ 277/334 ] WIN    29 turns   megumin, crona, semiramis  vs  pegasus, omnimon, jeanne
[ 278/334 ] LOSS   23 turns   kaiba, gohan, nezuko  vs  levi, blackstar, omnimon
[ 279/334 ] WIN    15 turns   alphamon, tsubaki, goku  vs  kid, nimaiya, sukuna
[ 280/334 ] LOSS   15 turns   gogeta, zenitsu, myotismon  vs  gatomon, luffy, satsuki
[ 281/334 ] LOSS   15 turns   korra, eren, tsuyu  vs  gray, hibari, kuroko
Applying bleed effect! Checking special code
Applying bleed effect! Checking special code
[ 282/334 ] WIN    33 turns   adam, blackwargreymon, marco  vs  byakuya, diane, nobara
[ 283/334 ] WIN    23 turns   mercury, erza, alphamon  vs  uzui, tokoyami, emiya
[ 284/334 ] LOSS   34 turns   rimuru, saturn, tanjiro  vs  nimaiya, megumi, hashirama
[ 285/334 ] WIN    20 turns   todoroki, mercury, shinra  vs  lizandpatty, toji, luffy
[ 286/334 ] LOSS   21 turns   gohan, mami, tsubaki  vs  edward, blackstar, tsubasa
[ 287/334 ] LOSS   29 turns   natsu, kid, nimaiya  vs  gogeta, orihime, broly
[ 288/334 ] WIN    18 turns   gatomon, gray, luffy  vs  cell, frieren, hashirama
[ 289/334 ] WIN    31 turns   madoka, meliodas, satsuki  vs  tanjiro, tsuyu, megumi
[ 290/334 ] LOSS   13 turns   allmight, naruto, arthur  vs  asta, frankenstein, nobara
Applying bleed effect! Checking special code
[ 291/334 ] WIN    47 turns   marco, noelle, tatsumaki  vs  kid, uzui, rengoku
[ 292/334 ] WIN    12 turns   seventeen, koro, saber  vs  gohan, kuroko, sakura
Applying bleed effect! Checking special code
Applying bleed effect! Checking special code
[ 293/334 ] LOSS   23 turns   akame, broly, saitama  vs  rimuru, squalo, diane
[ 294/334 ] LOSS   16 turns   hashirama, semiramis, gohan  vs  broly, gatomon, impmon
[ 295/334 ] WIN    22 turns   impmon, tamaki, xanxus  vs  megumin, tsuyu, usopp
[ 296/334 ] LOSS   26 turns   veldora, death, mikasa  vs  venus, mavis, mash
Applying bleed effect! Checking special code
Applying bleed effect! Checking special code
[ 297/334 ] LOSS   15 turns   chrome, ken, nezuko  vs  megumin, ladydevimon, seventeen
[ 298/334 ] LOSS   22 turns   gasai, pegasus, impmon  vs  meliodas, chrome, yugi
Applying bleed effect! Checking special code
Applying bleed effect! Checking special code
Applying bleed effect! Checking special code
[ 299/334 ] WIN    16 turns   crona, uranus, muichiro  vs  rakko, minene, allmight
[ 300/334 ] WIN    16 turns   minene, maka, eren  vs  nimaiya, shiro, ichigo
[ 301/334 ] LOSS   26 turns   ganta, toph, sasuke  vs  nezuko, mavis, yamamoto
Applying bleed effect! Checking special code
Applying bleed effect! Checking special code
[ 302/334 ] WIN    23 turns   jaden, blackwargreymon, power  vs  ganta, muichiro, midoriya
[ 303/334 ] LOSS   22 turns   ladydevimon, ban, astolfo  vs  asta, mars, lucy
[ 304/334 ] LOSS   10 turns   ban, gohan, hibari  vs  mine, chrome, seventeen
[ 305/334 ] WIN    17 turns   naruto, tsubaki, uranus  vs  jeanne, tanjiro, koro
[ 306/334 ] WIN   120 turns   killua, erza, mars  vs  tatsumi, mercury, gasai
[ 307/334 ] WIN    15 turns   sayaka, shinra, astolfo  vs  bakugo, gojo, gasai
[ 308/334 ] LOSS   22 turns   gohan, ace, uraraka  vs  ladydevimon, sheele, mikasa
[ 309/334 ] WIN    33 turns   neferpitou, shokuhou, mine  vs  seventeen, toga, cooler
[ 310/334 ] LOSS   20 turns   saturn, natsu, mine  vs  luffy, koro, halibel
[ 311/334 ] WIN    16 turns   power, erza, saturn  vs  shokuhou, ryohei, gray
[ 312/334 ] WIN    19 turns   esdeath, tamaki, kitara  vs  nimaiya, midoriya, saturn
[ 313/334 ] WIN    39 turns   gunha, gallantmon, nel  vs  yamamoto, edward, eren
[ 314/334 ] WIN    13 turns   sakura, halibel, misaka  vs  mavis, gogeta, todoroki
[ 315/334 ] WIN    18 turns   gasai, saitama, seventeen  vs  emiyaarcher, ryuko, mavis
[ 316/334 ] WIN    10 turns   esdeath, mercury, gon  vs  hinata, boruto, sukuna
[ 317/334 ] WIN    31 turns   noelle, jack, hashirama  vs  broly, ichibe, omnimon
[ 318/334 ] LOSS   14 turns   jeanne, king, bakugo  vs  frankenstein, shinra, ryuko
[ 319/334 ] WIN    24 turns   nonon, kaiba, toph  vs  shiro, boruto, zoro
[ 320/334 ] LOSS   20 turns   edward, xanxus, tanjiro  vs  gogeta, mash, marco
[ 321/334 ] WIN    15 turns   kuroko, tamaki, nimaiya  vs  blackstar, megumin, halibel
[ 322/334 ] LOSS   20 turns   saitama, nezuko, boruto  vs  goku, yugi, eren
Applying bleed effect! Checking special code
Applying bleed effect! Checking special code
Applying bleed effect! Checking special code
Applying bleed effect! Checking special code
Applying bleed effect! Checking special code
[ 323/334 ] WIN    18 turns   ryuko, hibari, saturn  vs  shinoa, rob, inosuke
[ 324/334 ] LOSS   24 turns   impmon, nezuko, midoriya  vs  hinata, hashirama, shokuhou
[ 325/334 ] LOSS   25 turns   ganta, midoriya, kaiba  vs  ladydevimon, jeanne, xanxus
Applying bleed effect! Checking special code
Applying bleed effect! Checking special code
[ 326/334 ] LOSS   25 turns   lyserg, yuno, ken  vs  gallantmon, saturn, kitara
[ 327/334 ] WIN    31 turns   yoh, saturn, alphonse  vs  uzui, tsuyu, jupiter
[ 328/334 ] WIN    52 turns   gohan, todoroki, saturn  vs  shinoa, hashirama, bakugo
Applying bleed effect! Checking special code
Applying bleed effect! Checking special code
[ 329/334 ] LOSS   36 turns   denji, koro, madoka  vs  gunha, megumi, jaden
[ 330/334 ] WIN    27 turns   jaden, byakuya, uzui  vs  kurotsuchi, pegasus, korra
[ 331/334 ] LOSS   36 turns   myotismon, gojo, itachi  vs  broly, uraraka, diane
[ 332/334 ] LOSS   32 turns   inuyasha, toudou, erza  vs  alphonse, gohan, soul
Applying bleed effect! Checking special code
[ 333/334 ] WIN    24 turns   cell, tamaki, rengoku  vs  veldora, luffy, alphonse
Applying bleed effect! Checking special code
Applying bleed effect! Checking special code
Applying bleed effect! Checking special code
Applying bleed effect! Checking special code
Applying bleed effect! Checking special code
[ 334/334 ] WIN    23 turns   ichibe, tatsumaki, rakko  vs  impmon, xanxus, gilgamesh
=== TRAINER RUN COMPLETE ===
Matches: 334   W: 155   L: 179   D: 0   Win: 46.4%   (opponent: v3:gen_5.json  [EVAL])
