Godot Engine v4.6.2.stable.official.71f334935 - https://godotengine.org

[trainer] seed=66678 matches=250 opponent=priority eval=true out=res://training/checkpoints/work.json checkpoint=res://training/checkpoints/gen_8.json
[authored] loaded 1 authored character(s)
[   1/250 ] WIN    24 turns   akame, death, ryuko  vs  sayaka, meliodas, zoro
[   2/250 ] WIN    31 turns   mash, tokoyami, saturn  vs  allmight, ryohei, kid
[   3/250 ] WIN    14 turns   lizandpatty, ryuko, touka  vs  kitara, toph, king
Applying bleed effect! Checking special code
Applying bleed effect! Checking special code
[   4/250 ] WIN    21 turns   yoh, natsu, nonon  vs  emiya, denji, luffy
[   5/250 ] WIN    22 turns   lyserg, madoka, boruto  vs  chrome, gilgamesh, yoh
Applying bleed effect! Checking special code
Applying bleed effect! Checking special code
Applying bleed effect! Checking special code
[   6/250 ] WIN    12 turns   meliodas, renamon, rakko  vs  tsunayoshi, gohan, mikasa
[   7/250 ] LOSS   20 turns   mami, rob, toga  vs  neferpitou, yoh, esdeath
[   8/250 ] WIN    19 turns   frankenstein, kid, hibari  vs  sasuke, ganta, kurotsuchi
Applying bleed effect! Checking special code
Applying bleed effect! Checking special code
[   9/250 ] LOSS   12 turns   power, gilgamesh, yoh  vs  uranus, madoka, sheele
[  10/250 ] LOSS   22 turns   natsu, kitara, semiramis  vs  mercury, broly, tokoyami
[  11/250 ] WIN    22 turns   horohoro, luffy, koro  vs  esdeath, jeanne, nezuko
[  12/250 ] WIN    20 turns   yamamoto, vegeta, adam  vs  emiya, genos, kuroko
Applying bleed effect! Checking special code
Applying bleed effect! Checking special code
Applying bleed effect! Checking special code
Applying bleed effect! Checking special code
Applying bleed effect! Checking special code
Applying bleed effect! Checking special code
Applying bleed effect! Checking special code
Applying bleed effect! Checking special code
Applying bleed effect! Checking special code
Applying bleed effect! Checking special code
Applying bleed effect! Checking special code
Applying bleed effect! Checking special code
Applying bleed effect! Checking special code
Applying bleed effect! Checking special code
Applying bleed effect! Checking special code
[  13/250 ] WIN    17 turns   zenitsu, hawkmon, cooler  vs  seventeen, king, orihime
[  14/250 ] WIN    18 turns   broly, mine, uraraka  vs  vegeta, yugi, neferpitou
[  15/250 ] LOSS   16 turns   diane, nonon, kaiba  vs  tsunayoshi, hisoka, saber
Applying bleed effect! Checking special code
Applying bleed effect! Checking special code
[  16/250 ] LOSS   17 turns   nonon, ken, ace  vs  rimuru, mine, rakko
[  17/250 ] LOSS   20 turns   horohoro, myotismon, shinra  vs  nonon, midoriya, zenitsu
Applying bleed effect! Checking special code
Applying bleed effect! Checking special code
Applying bleed effect! Checking special code
Applying bleed effect! Checking special code
Applying bleed effect! Checking special code
Applying bleed effect! Checking special code
Applying bleed effect! Checking special code
Applying bleed effect! Checking special code
Applying bleed effect! Checking special code
[  18/250 ] LOSS   42 turns   inuyasha, neferpitou, bakugo  vs  rengoku, denji, todoroki
[  19/250 ] LOSS   23 turns   megumi, gon, frieren  vs  saitama, mash, uzui
[  20/250 ] WIN    22 turns   hibari, zenitsu, myotismon  vs  ichigo, aiohto, horohoro
[  21/250 ] WIN    31 turns   gallantmon, usopp, naruto  vs  lizandpatty, uraraka, squalo
[  22/250 ] WIN    20 turns   yuji, shokuhou, midoriya  vs  saturn, korra, machinedramon
[  23/250 ] LOSS   20 turns   ichigo, yugi, tsunayoshi  vs  naruto, yuno, frankenstein
Applying bleed effect! Checking special code
Applying bleed effect! Checking special code
Applying bleed effect! Checking special code
[  24/250 ] WIN    20 turns   lyserg, madoka, jack  vs  ganta, kitara, inosuke
[  25/250 ] LOSS   25 turns   death, ichibe, goku  vs  aang, hinata, shiro
Applying bleed effect! Checking special code
[  26/250 ] WIN    31 turns   rengoku, veldora, gogeta  vs  toudou, noelle, frieren
[  27/250 ] WIN    17 turns   madoka, ichigo, toji  vs  levi, tsubaki, kitara
[  28/250 ] WIN    13 turns   ichigo, yuno, nel  vs  sasuke, todoroki, shokuhou
Applying bleed effect! Checking special code
Applying bleed effect! Checking special code
Applying bleed effect! Checking special code
Applying bleed effect! Checking special code
Applying bleed effect! Checking special code
Applying bleed effect! Checking special code
[  29/250 ] WIN    29 turns   sakura, orihime, jaden  vs  ryuko, nobara, king
Applying bleed effect! Checking special code
[  30/250 ] WIN    24 turns   gojo, orihime, tokoyami  vs  ken, jupiter, tsuyu
[  31/250 ] WIN    22 turns   shinra, maka, lucy  vs  jack, meliodas, halibel
[  32/250 ] WIN    21 turns   satsuki, tatsumi, saitama  vs  marco, jeanne, bakugo
Applying bleed effect! Checking special code
Applying bleed effect! Checking special code
[  33/250 ] LOSS   27 turns   saitama, sasuke, yoh  vs  frankenstein, denji, zoro
[  34/250 ] LOSS   16 turns   aiohto, diane, hisoka  vs  jack, gray, gilgamesh
[  35/250 ] WIN    16 turns   nobara, uzui, ichibe  vs  shiro, killua, meliodas
[  36/250 ] LOSS   19 turns   ryuko, mercury, boruto  vs  nonon, emiyaarcher, zenitsu
[  37/250 ] WIN    15 turns   kuroko, goku, touka  vs  lyserg, nonon, gilgamesh
[  38/250 ] WIN    14 turns   gogeta, zoro, shinra  vs  sayaka, hibari, sukuna
[  39/250 ] LOSS   17 turns   hashirama, tokoyami, pegasus  vs  nimaiya, byakuya, lucy
[  40/250 ] WIN    21 turns   tatsumi, noelle, veldora  vs  koro, mash, mavis
Applying bleed effect! Checking special code
Applying bleed effect! Checking special code
Applying bleed effect! Checking special code
[  41/250 ] WIN    15 turns   frankenstein, king, shinoa  vs  killua, kitara, shokuhou
[  42/250 ] WIN    25 turns   hisoka, ace, alphamon  vs  frieren, natsu, kaiba
Applying bleed effect! Checking special code
Applying bleed effect! Checking special code
Applying bleed effect! Checking special code
Applying bleed effect! Checking special code
Applying bleed effect! Checking special code
[  43/250 ] WIN    20 turns   ace, cell, yamamoto  vs  power, frieren, shinoa
[  44/250 ] WIN    17 turns   muichiro, madoka, saitama  vs  shokuhou, kid, noelle
Applying bleed effect! Checking special code
[  45/250 ] WIN    20 turns   aiohto, ichigo, jaden  vs  mars, rengoku, nimaiya
[  46/250 ] LOSS   17 turns   akame, adam, horohoro  vs  luffy, ryuko, astolfo
[  47/250 ] WIN    20 turns   jack, luffy, tanjiro  vs  yoh, mash, todoroki
[  48/250 ] LOSS   42 turns   soul, broly, kurapika  vs  toga, esdeath, shinra
[  49/250 ] LOSS   16 turns   edward, madoka, yamamoto  vs  hashirama, nel, tamaki
Applying bleed effect! Checking special code
Applying bleed effect! Checking special code
Applying bleed effect! Checking special code
[  50/250 ] LOSS   15 turns   shokuhou, toph, gohan  vs  emiyaarcher, denji, korra
Applying bleed effect! Checking special code
Applying bleed effect! Checking special code
Applying bleed effect! Checking special code
Applying bleed effect! Checking special code
Applying bleed effect! Checking special code
[  51/250 ] WIN    26 turns   ken, neferpitou, venus  vs  blackwargreymon, yuno, vegeta
[  52/250 ] WIN    16 turns   gon, nel, soul  vs  tamaki, kitara, adam
[  53/250 ] LOSS   20 turns   sukuna, nobara, esdeath  vs  natsu, hawkmon, pegasus
[  54/250 ] LOSS   29 turns   tsuyu, omnimon, gohan  vs  diane, cell, ichigo
[  55/250 ] WIN    24 turns   pegasus, jinwoo, xanxus  vs  yugi, tamaki, squalo
[  56/250 ] WIN    20 turns   cell, nagisa, gohan  vs  sakura, zoro, genos
[  57/250 ] LOSS   33 turns   ichigo, saber, halibel  vs  saturn, nezuko, kuroko
[  58/250 ] WIN    23 turns   cell, zenitsu, uranus  vs  mars, ace, neferpitou
[  59/250 ] WIN    11 turns   astolfo, mami, madoka  vs  saber, bakugo, ban
[  60/250 ] WIN    19 turns   kitara, sukuna, midoriya  vs  luffy, saitama, zenitsu
[  61/250 ] WIN    24 turns   megumi, nezuko, satsuki  vs  omnimon, mash, maka
[  62/250 ] WIN    22 turns   omnimon, yugi, ryuko  vs  yamamoto, mercury, alphamon
[  63/250 ] WIN    16 turns   sheele, saber, gasai  vs  tsuyu, megumin, orihime
[  64/250 ] WIN    20 turns   tsuyu, lucy, kitara  vs  gatomon, rob, misaka
[  65/250 ] WIN    23 turns   korra, hinata, jaden  vs  midoriya, ace, sheele
[  66/250 ] WIN    26 turns   shinra, jesse, itachi  vs  tsubaki, emiyaarcher, chrome
[  67/250 ] LOSS   22 turns   ryohei, inuyasha, sakura  vs  misaka, jeanne, sukuna
[  68/250 ] WIN    10 turns   cooler, akame, madoka  vs  killua, soul, kitara
Applying bleed effect! Checking special code
[  69/250 ] WIN    12 turns   jinwoo, kuroko, halibel  vs  aiohto, lyserg, inosuke
[  70/250 ] WIN    20 turns   uzui, nobara, semiramis  vs  vegeta, frieren, toji
[  71/250 ] WIN    27 turns   kid, chrome, megumin  vs  touka, death, sheele
[  72/250 ] WIN    31 turns   satsuki, tsunayoshi, emiya  vs  impmon, shiro, hashirama
[  73/250 ] WIN    24 turns   marco, gon, sheele  vs  chrome, mars, squalo
[  74/250 ] WIN    23 turns   frankenstein, uzui, diane  vs  jupiter, inuyasha, edward
[  75/250 ] WIN    20 turns   nonon, blackstar, uraraka  vs  jaden, jack, frieren
[  76/250 ] WIN    13 turns   lucy, todoroki, yamamoto  vs  renamon, gohan, jesse
[  77/250 ] WIN    18 turns   akame, naruto, machinedramon  vs  horohoro, hibari, touka
[  78/250 ] WIN    27 turns   yugi, cell, lucy  vs  halibel, xanxus, luffy
[  79/250 ] WIN    23 turns   byakuya, asta, chrome  vs  goku, machinedramon, mercury
Applying bleed effect! Checking special code
Applying bleed effect! Checking special code
Applying bleed effect! Checking special code
Applying bleed effect! Checking special code
[  80/250 ] WIN    16 turns   mash, bakugo, yoh  vs  rengoku, shokuhou, gray
Applying bleed effect! Checking special code
Applying bleed effect! Checking special code
Applying bleed effect! Checking special code
[  81/250 ] LOSS   15 turns   muichiro, megumin, yamamoto  vs  denji, jesse, venus
[  82/250 ] WIN    20 turns   hibari, ganta, rengoku  vs  toph, tokoyami, impmon
Applying bleed effect! Checking special code
Applying bleed effect! Checking special code
Applying bleed effect! Checking special code
Applying bleed effect! Checking special code
Applying bleed effect! Checking special code
Applying bleed effect! Checking special code
[  83/250 ] LOSS   28 turns   jack, king, gojo  vs  diane, aiohto, pegasus
Yubel's S1 Triggered!
[  84/250 ] WIN    13 turns   death, tsunayoshi, frankenstein  vs  edward, shiro, yubel
Applying bleed effect! Checking special code
Applying bleed effect! Checking special code
Applying bleed effect! Checking special code
Applying bleed effect! Checking special code
Applying bleed effect! Checking special code
[  85/250 ] WIN    32 turns   ladydevimon, rob, yuno  vs  alphamon, mine, denji
[  86/250 ] WIN    19 turns   yuji, gilgamesh, koro  vs  jesse, akame, misaka
[  87/250 ] WIN    20 turns   tatsumaki, squalo, mikasa  vs  tokoyami, yamamoto, sakura
[  88/250 ] LOSS   16 turns   tatsumi, uzui, esdeath  vs  erza, madoka, toga
[  89/250 ] LOSS   26 turns   emiyaarcher, tsunayoshi, shokuhou  vs  tsuyu, frankenstein, orihime
Applying bleed effect! Checking special code
[  90/250 ] LOSS   20 turns   xanxus, ken, tanjiro  vs  satsuki, tatsumaki, natsu
[  91/250 ] WIN    22 turns   shiro, shinoa, asta  vs  saturn, toga, misaka
[  92/250 ] LOSS   17 turns   soul, alphonse, ace  vs  touka, satsuki, kurapika
[  93/250 ] LOSS   19 turns   mavis, jesse, touka  vs  saturn, yuji, gilgamesh
[  94/250 ] WIN    16 turns   ladydevimon, orihime, saitama  vs  crona, saber, saturn
[  95/250 ] WIN    12 turns   jupiter, mavis, natsu  vs  alphamon, gon, saitama
[  96/250 ] WIN    19 turns   zoro, nagisa, sukuna  vs  soul, mikasa, midoriya
[  97/250 ] LOSS   20 turns   ryohei, astolfo, hibari  vs  hinata, nonon, kurotsuchi
Applying bleed effect! Checking special code
Applying bleed effect! Checking special code
[  98/250 ] LOSS   10 turns   tokoyami, inosuke, asta  vs  king, mine, hawkmon
[  99/250 ] WIN    23 turns   killua, omnimon, saturn  vs  gogeta, jack, toga
Applying bleed effect! Checking special code
Applying bleed effect! Checking special code
Applying bleed effect! Checking special code
Applying bleed effect! Checking special code
[ 100/250 ] LOSS   15 turns   hisoka, boruto, rengoku  vs  hawkmon, cooler, sukuna
[ 101/250 ] WIN    16 turns   cell, hinata, megumi  vs  nagisa, impmon, kaiba
[ 102/250 ] WIN    30 turns   akame, xanxus, nimaiya  vs  jaden, shiro, goku
[ 103/250 ] WIN    27 turns   kaiba, midoriya, edward  vs  toji, ryuko, mars
[ 104/250 ] WIN    23 turns   shinra, goku, kitara  vs  kurapika, nobara, toph
[ 105/250 ] WIN    15 turns   bakugo, eren, hashirama  vs  minene, jack, shokuhou
[ 106/250 ] WIN    17 turns   nimaiya, diane, megumi  vs  bakugo, muichiro, zoro
Applying bleed effect! Checking special code
Applying bleed effect! Checking special code
Applying bleed effect! Checking special code
Applying bleed effect! Checking special code
Applying bleed effect! Checking special code
[ 107/250 ] WIN    18 turns   ken, gilgamesh, toph  vs  vegeta, eren, frieren
[ 108/250 ] WIN    18 turns   luffy, saitama, sasuke  vs  hashirama, inuyasha, meliodas
[ 109/250 ] WIN    12 turns   nonon, jupiter, toph  vs  usopp, yoh, gojo
[ 110/250 ] WIN    18 turns   noelle, semiramis, alphonse  vs  tanjiro, blackstar, killua
Applying bleed effect! Checking special code
[ 111/250 ] WIN    24 turns   pegasus, tatsumaki, vegeta  vs  luffy, rengoku, zoro
[ 112/250 ] WIN    20 turns   natsu, nonon, jack  vs  gilgamesh, muichiro, luffy
Applying bleed effect! Checking special code
Applying bleed effect! Checking special code
[ 113/250 ] LOSS   19 turns   alphonse, power, venus  vs  frankenstein, uzui, renamon
[ 114/250 ] WIN    32 turns   itachi, uraraka, inosuke  vs  tsubasa, frieren, shokuhou
[ 115/250 ] WIN    16 turns   gallantmon, muichiro, cooler  vs  zenitsu, ryuko, ken
[ 116/250 ] WIN    17 turns   gojo, nimaiya, eren  vs  luffy, noelle, semiramis
[ 117/250 ] WIN    14 turns   cell, shinoa, blackstar  vs  rob, yamamoto, jupiter
[ 118/250 ] WIN    18 turns   vegeta, tsuyu, gatomon  vs  nimaiya, rengoku, ganta
[ 119/250 ] WIN    14 turns   alphamon, ace, mavis  vs  machinedramon, blackwargreymon, minene
[ 120/250 ] WIN    36 turns   allmight, yoh, power  vs  nel, impmon, sasuke
[ 121/250 ] LOSS   28 turns   megumin, jinwoo, tsuyu  vs  levi, gogeta, gilgamesh
[ 122/250 ] WIN    13 turns   mercury, machinedramon, gon  vs  sukuna, satsuki, ban
[ 123/250 ] WIN    16 turns   neferpitou, sasuke, mavis  vs  kitara, itachi, mami
[ 124/250 ] WIN    13 turns   ace, mavis, sukuna  vs  goku, erza, emiyaarcher
Applying bleed effect! Checking special code
Applying bleed effect! Checking special code
Applying bleed effect! Checking special code
Applying bleed effect! Checking special code
Applying bleed effect! Checking special code
[ 125/250 ] WIN    15 turns   saitama, jupiter, ken  vs  kitara, midoriya, luffy
Applying bleed effect! Checking special code
Applying bleed effect! Checking special code
[ 126/250 ] WIN    15 turns   tamaki, rengoku, nimaiya  vs  lucy, shinoa, eren
[ 127/250 ] WIN    16 turns   neferpitou, astolfo, ladydevimon  vs  minene, jack, broly
[ 128/250 ] WIN    24 turns   vegeta, todoroki, allmight  vs  shokuhou, midoriya, myotismon
Applying bleed effect! Checking special code
Applying bleed effect! Checking special code
Applying bleed effect! Checking special code
Applying bleed effect! Checking special code
[ 129/250 ] WIN    28 turns   jack, itachi, denji  vs  byakuya, tatsumi, muichiro
[ 130/250 ] WIN    22 turns   aiohto, noelle, alphonse  vs  touka, allmight, sakura
[ 131/250 ] WIN    17 turns   jack, tsuyu, mikasa  vs  saitama, yuji, noelle
[ 132/250 ] WIN    21 turns   semiramis, todoroki, hisoka  vs  ichibe, gojo, yuji
[ 133/250 ] LOSS   30 turns   sayaka, maka, yoh  vs  luffy, eren, boruto
Applying bleed effect! Checking special code
Applying bleed effect! Checking special code
Applying bleed effect! Checking special code
Applying bleed effect! Checking special code
Applying bleed effect! Checking special code
[ 134/250 ] WIN    17 turns   sakura, yuji, ken  vs  frieren, toph, goku
[ 135/250 ] WIN    26 turns   omnimon, mars, myotismon  vs  emiyaarcher, muichiro, byakuya
[ 136/250 ] WIN    13 turns   blackwargreymon, gojo, bakugo  vs  mine, kaiba, kid
[ 137/250 ] WIN    21 turns   myotismon, uranus, korra  vs  sayaka, horohoro, halibel
[ 138/250 ] WIN    22 turns   toga, ace, blackwargreymon  vs  noelle, gray, tsubaki
[ 139/250 ] WIN    11 turns   zoro, asta, sukuna  vs  cell, erza, kaiba
[ 140/250 ] LOSS   17 turns   mash, inuyasha, cooler  vs  saturn, hinata, marco
[ 141/250 ] WIN    19 turns   aiohto, ban, kurotsuchi  vs  veldora, nonon, lyserg
[ 142/250 ] LOSS   21 turns   genos, saitama, veldora  vs  uranus, tsunayoshi, emiyaarcher
Applying bleed effect! Checking special code
Applying bleed effect! Checking special code
[ 143/250 ] WIN    26 turns   uzui, denji, sasuke  vs  ken, lucy, natsu
[ 144/250 ] WIN    18 turns   touka, venus, gogeta  vs  pegasus, goku, ace
[ 145/250 ] WIN    13 turns   byakuya, madoka, genos  vs  kaiba, lizandpatty, tsunayoshi
Applying bleed effect! Checking special code
[ 146/250 ] LOSS   23 turns   inosuke, megumin, yuno  vs  death, usopp, aiohto
[ 147/250 ] WIN    21 turns   madoka, gojo, inuyasha  vs  gasai, toga, seventeen
[ 148/250 ] LOSS   25 turns   emiyaarcher, misaka, rob  vs  arthur, toji, saitama
[ 149/250 ] LOSS   24 turns   seventeen, inuyasha, korra  vs  kurotsuchi, neferpitou, death
[ 150/250 ] LOSS   31 turns   emiyaarcher, toudou, nezuko  vs  hawkmon, cooler, touka
[ 151/250 ] WIN    20 turns   soul, goku, levi  vs  pegasus, tsuyu, gogeta
[ 152/250 ] WIN    21 turns   toudou, shinoa, gon  vs  tsubasa, hibari, kid
[ 153/250 ] WIN    17 turns   tsunayoshi, kuroko, ichibe  vs  yuno, maka, ban
Applying bleed effect! Checking special code
Applying bleed effect! Checking special code
Applying bleed effect! Checking special code
Applying bleed effect! Checking special code
Applying bleed effect! Checking special code
[ 154/250 ] LOSS   17 turns   machinedramon, yuno, jack  vs  asta, uraraka, inosuke
[ 155/250 ] WIN    17 turns   maka, mercury, yoh  vs  blackwargreymon, renamon, ganta
[ 156/250 ] WIN    23 turns   tsuyu, luffy, orihime  vs  misaka, broly, megumi
[ 157/250 ] WIN    21 turns   gray, tatsumi, venus  vs  yuji, marco, itachi
[ 158/250 ] WIN    25 turns   genos, marco, naruto  vs  soul, tamaki, allmight
[ 159/250 ] WIN    16 turns   kurotsuchi, kuroko, alphamon  vs  midoriya, kid, blackstar
Applying bleed effect! Checking special code
[ 160/250 ] WIN    15 turns   muichiro, tatsumi, ryohei  vs  power, ban, killua
[ 161/250 ] WIN    21 turns   kid, squalo, death  vs  tokoyami, uzui, gray
[ 162/250 ] WIN    20 turns   uraraka, mars, noelle  vs  toudou, ganta, tsunayoshi
[ 163/250 ] WIN    16 turns   mine, gohan, edward  vs  nobara, squalo, uzui
[ 164/250 ] WIN    20 turns   tatsumaki, tokoyami, kurapika  vs  hashirama, arthur, akame
[ 165/250 ] WIN    21 turns   shokuhou, gohan, halibel  vs  jupiter, machinedramon, aiohto
Applying bleed effect! Checking special code
Applying bleed effect! Checking special code
Applying bleed effect! Checking special code
Applying bleed effect! Checking special code
Applying bleed effect! Checking special code
Applying bleed effect! Checking special code
Applying bleed effect! Checking special code
Applying bleed effect! Checking special code
Applying bleed effect! Checking special code
Applying bleed effect! Checking special code
[ 166/250 ] WIN    44 turns   veldora, megumin, tamaki  vs  gallantmon, todoroki, inosuke
[ 167/250 ] LOSS   23 turns   muichiro, ladydevimon, yuno  vs  adam, meliodas, alphonse
[ 168/250 ] WIN    26 turns   todoroki, yoh, madoka  vs  killua, ace, hashirama
[ 169/250 ] LOSS   19 turns   allmight, marco, sheele  vs  jesse, nimaiya, pegasus
[ 170/250 ] LOSS   22 turns   nezuko, pegasus, emiya  vs  erza, semiramis, blackwargreymon
[ 171/250 ] WIN    36 turns   uzui, minene, venus  vs  mikasa, chrome, touka
Applying bleed effect! Checking special code
[ 172/250 ] LOSS   20 turns   inuyasha, ken, kaiba  vs  frieren, zenitsu, uranus
[ 173/250 ] WIN    18 turns   alphonse, natsu, todoroki  vs  jeanne, korra, gohan
[ 174/250 ] WIN    27 turns   kurotsuchi, midoriya, esdeath  vs  sakura, toph, tanjiro
[ 175/250 ] WIN    36 turns   touka, mami, impmon  vs  emiyaarcher, mercury, gohan
Applying bleed effect! Checking special code
Applying bleed effect! Checking special code
Applying bleed effect! Checking special code
[ 176/250 ] WIN    24 turns   hinata, zoro, emiyaarcher  vs  power, tatsumaki, blackstar
[ 177/250 ] WIN    22 turns   death, shinra, edward  vs  myotismon, goku, mavis
[ 178/250 ] WIN    20 turns   renamon, tokoyami, esdeath  vs  allmight, mami, toph
[ 179/250 ] LOSS   17 turns   saitama, misaka, mars  vs  kurapika, mine, cell
[ 180/250 ] WIN    32 turns   gasai, impmon, horohoro  vs  frieren, adam, minene
[ 181/250 ] WIN    22 turns   toji, blackwargreymon, minene  vs  adam, allmight, cooler
Yubel's S1 Triggered!
Yubel's S1 Triggered!
[ 182/250 ] WIN    24 turns   byakuya, koro, yubel  vs  pegasus, jeanne, uzui
[ 183/250 ] WIN    16 turns   uraraka, ryohei, halibel  vs  chrome, nonon, blackstar
[ 184/250 ] WIN    15 turns   shokuhou, genos, crona  vs  bakugo, death, semiramis
Applying bleed effect! Checking special code
Applying bleed effect! Checking special code
Applying bleed effect! Checking special code
Applying bleed effect! Checking special code
Applying bleed effect! Checking special code
Applying bleed effect! Checking special code
[ 185/250 ] LOSS   18 turns   genos, aang, jack  vs  king, tatsumi, hisoka
[ 186/250 ] WIN    19 turns   vegeta, itachi, jesse  vs  mikasa, meliodas, orihime
Applying bleed effect! Checking special code
[ 187/250 ] WIN    22 turns   toga, noelle, seventeen  vs  diane, ryohei, saitama
[ 188/250 ] WIN    18 turns   alphonse, korra, megumi  vs  edward, inuyasha, toga
[ 189/250 ] LOSS   18 turns   squalo, uzui, tsubaki  vs  asta, ryuko, madoka
[ 190/250 ] WIN    34 turns   lizandpatty, impmon, mavis  vs  alphamon, yugi, hashirama
Applying bleed effect! Checking special code
Applying bleed effect! Checking special code
Applying bleed effect! Checking special code
Applying bleed effect! Checking special code
Applying bleed effect! Checking special code
[ 191/250 ] WIN    20 turns   saturn, yamamoto, uranus  vs  king, levi, gunha
[ 192/250 ] LOSS   30 turns   tsunayoshi, veldora, uzui  vs  meliodas, gohan, ban
[ 193/250 ] WIN    16 turns   touka, nimaiya, yoh  vs  meliodas, gohan, halibel
[ 194/250 ] WIN    16 turns   gon, hawkmon, tanjiro  vs  noelle, byakuya, adam
[ 195/250 ] WIN   160 turns   misaka, squalo, ryuko  vs  marco, ace, pegasus
[ 196/250 ] WIN    20 turns   hinata, impmon, meliodas  vs  kid, toga, diane
[ 197/250 ] LOSS   14 turns   tanjiro, mikasa, mavis  vs  hashirama, mine, orihime
Applying bleed effect! Checking special code
Applying bleed effect! Checking special code
Applying bleed effect! Checking special code
[ 198/250 ] WIN    14 turns   ken, shinra, byakuya  vs  ichigo, tatsumi, death
[ 199/250 ] LOSS   34 turns   erza, ichibe, tsubasa  vs  death, levi, blackwargreymon
[ 200/250 ] LOSS   18 turns   emiya, vegeta, akame  vs  blackstar, jesse, sukuna
[ 201/250 ] WIN    23 turns   gogeta, yugi, toudou  vs  xanxus, frieren, hashirama
[ 202/250 ] LOSS   22 turns   eren, zenitsu, ryohei  vs  ace, gohan, natsu
Applying bleed effect! Checking special code
Applying bleed effect! Checking special code
[ 203/250 ] WIN    25 turns   semiramis, minene, rob  vs  inosuke, rimuru, myotismon
[ 204/250 ] WIN    16 turns   sakura, broly, kurapika  vs  tamaki, tsubaki, death
[ 205/250 ] WIN    21 turns   hawkmon, frankenstein, maka  vs  ryohei, misaka, jeanne
[ 206/250 ] WIN    19 turns   vegeta, ryohei, broly  vs  toudou, genos, cooler
[ 207/250 ] WIN    26 turns   renamon, ryuko, kaiba  vs  yamamoto, hisoka, ban
[ 208/250 ] LOSS   18 turns   veldora, korra, yugi  vs  death, ladydevimon, shiro
[ 209/250 ] WIN    13 turns   jack, yamamoto, saber  vs  hawkmon, alphamon, asta
[ 210/250 ] WIN    18 turns   gohan, natsu, marco  vs  inuyasha, mash, halibel
[ 211/250 ] LOSS   34 turns   byakuya, toudou, jinwoo  vs  tatsumi, gogeta, orihime
[ 212/250 ] WIN    18 turns   nagisa, myotismon, korra  vs  yamamoto, hinata, tsuyu
[ 213/250 ] WIN    17 turns   boruto, neferpitou, ichigo  vs  halibel, semiramis, mami
Applying bleed effect! Checking special code
[ 214/250 ] LOSS   42 turns   jeanne, bakugo, tanjiro  vs  megumin, ken, killua
[ 215/250 ] WIN    18 turns   uraraka, venus, levi  vs  midoriya, mars, ladydevimon
Applying bleed effect! Checking special code
[ 216/250 ] WIN    25 turns   denji, nezuko, sasuke  vs  tsuyu, toudou, misaka
[ 217/250 ] WIN    21 turns   vegeta, misaka, saturn  vs  hawkmon, mikasa, shiro
[ 218/250 ] LOSS   22 turns   hashirama, gatomon, machinedramon  vs  halibel, alphonse, tsubasa
Yubel's S1 Triggered!
Yubel's S1 Triggered!
Yubel's S1 Triggered!
[ 219/250 ] WIN    17 turns   toph, ryuko, yubel  vs  gilgamesh, vegeta, gogeta
[ 220/250 ] LOSS   22 turns   gatomon, rimuru, nonon  vs  lucy, esdeath, kurotsuchi
[ 221/250 ] WIN    14 turns   lizandpatty, nel, nonon  vs  gon, vegeta, venus
[ 222/250 ] WIN    19 turns   erza, tsubaki, lizandpatty  vs  impmon, mavis, pegasus
[ 223/250 ] WIN    20 turns   akame, tanjiro, power  vs  asta, jeanne, usopp
[ 224/250 ] WIN    19 turns   hibari, mash, tatsumi  vs  byakuya, tsuyu, astolfo
[ 225/250 ] WIN    21 turns   lizandpatty, arthur, tanjiro  vs  mikasa, broly, touka
[ 226/250 ] WIN    25 turns   tanjiro, kurapika, erza  vs  edward, squalo, byakuya
[ 227/250 ] LOSS   14 turns   boruto, ace, jack  vs  nagisa, squalo, meliodas
[ 228/250 ] WIN    14 turns   rob, saitama, jupiter  vs  lucy, gon, veldora
Applying bleed effect! Checking special code
[ 229/250 ] WIN    33 turns   asta, mavis, power  vs  edward, orihime, toph
[ 230/250 ] WIN    25 turns   kid, shinra, cell  vs  jeanne, myotismon, nagisa
[ 231/250 ] WIN    21 turns   muichiro, gasai, killua  vs  ban, xanxus, gogeta
[ 232/250 ] WIN    11 turns   tsuyu, adam, gojo  vs  gohan, sukuna, tanjiro
[ 233/250 ] LOSS   20 turns   inuyasha, gohan, yuno  vs  esdeath, mars, toudou
[ 234/250 ] WIN    16 turns   mami, veldora, nel  vs  nobara, kuroko, mine
[ 235/250 ] WIN    14 turns   natsu, saber, mercury  vs  gogeta, horohoro, asta
[ 236/250 ] WIN    20 turns   jack, megumi, mash  vs  inuyasha, shinra, kitara
[ 237/250 ] WIN    38 turns   emiyaarcher, koro, gatomon  vs  crona, itachi, killua
[ 238/250 ] WIN    36 turns   shinra, nonon, saitama  vs  mine, gohan, omnimon
[ 239/250 ] WIN    27 turns   korra, gasai, shokuhou  vs  alphonse, ganta, soul
[ 240/250 ] WIN    16 turns   sakura, toji, tanjiro  vs  satsuki, sheele, blackwargreymon
[ 241/250 ] WIN    12 turns   shiro, aang, yuji  vs  boruto, killua, blackwargreymon
[ 242/250 ] WIN    21 turns   mikasa, renamon, levi  vs  nonon, edward, jesse
[ 243/250 ] WIN    17 turns   chrome, toudou, sheele  vs  tatsumaki, tsubasa, maka
[ 244/250 ] WIN    21 turns   jinwoo, gojo, maka  vs  machinedramon, cooler, kurotsuchi
[ 245/250 ] WIN    20 turns   kurotsuchi, squalo, meliodas  vs  tatsumaki, semiramis, omnimon
[ 246/250 ] WIN    24 turns   kuroko, yuno, uzui  vs  toji, muichiro, nimaiya
[ 247/250 ] LOSS   17 turns   sasuke, nezuko, kaiba  vs  muichiro, diane, semiramis
[ 248/250 ] LOSS   32 turns   killua, noelle, yoh  vs  ban, yuno, jack
[ 249/250 ] LOSS   57 turns   emiya, ban, nonon  vs  saber, tatsumaki, lizandpatty
[ 250/250 ] LOSS   19 turns   shokuhou, lyserg, jesse  vs  ichibe, yuno, hisoka
=== TRAINER RUN COMPLETE ===
Matches: 250   W: 185   L: 65   D: 0   Win: 74.0%   (opponent: priority  [EVAL])
