Godot Engine v4.6.2.stable.official.71f334935 - https://godotengine.org

[trainer] seed=60600 matches=250 opponent=priority eval=true out=res://training/checkpoints/work.json checkpoint=res://training/checkpoints/gen_8.json
[authored] loaded 1 authored character(s)
[   1/250 ] LOSS   81 turns   venus, ban, noelle  vs  toga, gallantmon, nagisa
Applying bleed effect! Checking special code
Applying bleed effect! Checking special code
[   2/250 ] WIN    14 turns   broly, jesse, edward  vs  renamon, kurapika, power
[   3/250 ] WIN    17 turns   rimuru, gray, gasai  vs  sayaka, yamamoto, frieren
[   4/250 ] WIN    15 turns   levi, halibel, hashirama  vs  tsubaki, diane, veldora
[   5/250 ] WIN    23 turns   naruto, emiyaarcher, sakura  vs  kurotsuchi, kurapika, toji
[   6/250 ] WIN    20 turns   hibari, ace, inosuke  vs  hinata, itachi, blackwargreymon
[   7/250 ] WIN    19 turns   maka, saitama, soul  vs  kid, impmon, orihime
[   8/250 ] LOSS   23 turns   allmight, horohoro, veldora  vs  uzui, adam, korra
[   9/250 ] LOSS   10 turns   ban, horohoro, impmon  vs  alphamon, uzui, gray
[  10/250 ] WIN    23 turns   tanjiro, zoro, shinoa  vs  maka, minene, machinedramon
[  11/250 ] LOSS   18 turns   sayaka, akame, crona  vs  kuroko, saturn, gogeta
[  12/250 ] WIN    20 turns   usopp, hashirama, yamamoto  vs  erza, levi, midoriya
[  13/250 ] WIN    21 turns   gogeta, alphonse, toji  vs  myotismon, koro, killua
[  14/250 ] WIN    25 turns   satsuki, saitama, shinoa  vs  megumin, naruto, adam
Applying bleed effect! Checking special code
Applying bleed effect! Checking special code
Applying bleed effect! Checking special code
Applying bleed effect! Checking special code
Applying bleed effect! Checking special code
[  15/250 ] WIN    21 turns   king, yugi, mikasa  vs  ryuko, midoriya, nagisa
[  16/250 ] WIN    17 turns   esdeath, hawkmon, myotismon  vs  tamaki, byakuya, tatsumi
[  17/250 ] LOSS   24 turns   erza, semiramis, blackwargreymon  vs  mami, gojo, nezuko
[  18/250 ] LOSS   24 turns   machinedramon, tsunayoshi, lucy  vs  halibel, mash, gray
[  19/250 ] WIN    20 turns   alphamon, frankenstein, saturn  vs  pegasus, emiya, shokuhou
[  20/250 ] WIN    24 turns   jesse, chrome, gojo  vs  tatsumi, kurapika, sheele
Applying bleed effect! Checking special code
Applying bleed effect! Checking special code
Applying bleed effect! Checking special code
Applying bleed effect! Checking special code
Applying bleed effect! Checking special code
[  21/250 ] WIN    18 turns   tsubaki, tsunayoshi, inosuke  vs  power, zoro, itachi
[  22/250 ] WIN    13 turns   hawkmon, broly, kuroko  vs  satsuki, mikasa, sukuna
Applying bleed effect! Checking special code
Applying bleed effect! Checking special code
Applying bleed effect! Checking special code
Applying bleed effect! Checking special code
[  23/250 ] LOSS   20 turns   ryuko, allmight, kitara  vs  frieren, levi, rengoku
Applying bleed effect! Checking special code
Applying bleed effect! Checking special code
Applying bleed effect! Checking special code
Applying bleed effect! Checking special code
[  24/250 ] WIN    16 turns   uranus, impmon, chrome  vs  rakko, ryohei, touka
[  25/250 ] WIN    18 turns   megumin, myotismon, tsunayoshi  vs  cooler, ace, crona
[  26/250 ] WIN    25 turns   blackwargreymon, jeanne, lyserg  vs  lucy, ganta, tsuyu
[  27/250 ] WIN    46 turns   mavis, yoh, sakura  vs  meliodas, marco, todoroki
Applying bleed effect! Checking special code
Applying bleed effect! Checking special code
Applying bleed effect! Checking special code
Applying bleed effect! Checking special code
[  28/250 ] WIN    43 turns   jeanne, veldora, sasuke  vs  saber, mars, ken
[  29/250 ] WIN    26 turns   machinedramon, halibel, mine  vs  veldora, itachi, neferpitou
[  30/250 ] WIN    20 turns   meliodas, blackstar, noelle  vs  hisoka, pegasus, uranus
[  31/250 ] LOSS   23 turns   emiya, gallantmon, shinra  vs  astolfo, ryohei, ladydevimon
Applying bleed effect! Checking special code
[  32/250 ] WIN    23 turns   denji, jack, pegasus  vs  hisoka, jupiter, lyserg
[  33/250 ] WIN    24 turns   nobara, saturn, tsunayoshi  vs  inuyasha, aiohto, tamaki
[  34/250 ] WIN    20 turns   maka, mars, toji  vs  frankenstein, arthur, toph
Applying bleed effect! Checking special code
[  35/250 ] LOSS   13 turns   ken, frankenstein, shinra  vs  saber, meliodas, orihime
[  36/250 ] LOSS   25 turns   goku, toga, vegeta  vs  jack, uraraka, sakura
[  37/250 ] WIN    15 turns   koro, gunha, nezuko  vs  akame, emiya, sukuna
[  38/250 ] LOSS   30 turns   myotismon, cooler, jeanne  vs  gojo, saturn, impmon
[  39/250 ] WIN    29 turns   seventeen, uraraka, halibel  vs  tokoyami, ban, omnimon
Applying bleed effect! Checking special code
Applying bleed effect! Checking special code
[  40/250 ] LOSS   12 turns   jupiter, sakura, ichigo  vs  ganta, sukuna, rakko
[  41/250 ] LOSS   23 turns   marco, goku, levi  vs  kurapika, kid, emiyaarcher
[  42/250 ] WIN    45 turns   jinwoo, saturn, jeanne  vs  omnimon, marco, ryuko
Applying bleed effect! Checking special code
Applying bleed effect! Checking special code
[  43/250 ] WIN    34 turns   rimuru, ganta, mikasa  vs  koro, todoroki, ken
[  44/250 ] WIN    21 turns   gon, gasai, yugi  vs  inuyasha, tsuyu, saturn
[  45/250 ] WIN    31 turns   muichiro, misaka, squalo  vs  hawkmon, shinra, lyserg
[  46/250 ] LOSS   29 turns   frieren, lizandpatty, allmight  vs  shinra, gogeta, tsubasa
[  47/250 ] WIN    18 turns   mavis, veldora, lizandpatty  vs  genos, gon, akame
Applying bleed effect! Checking special code
[  48/250 ] WIN    25 turns   nezuko, esdeath, jupiter  vs  rimuru, astolfo, rakko
[  49/250 ] LOSS   36 turns   natsu, hisoka, sasuke  vs  ryuko, tsunayoshi, naruto
[  50/250 ] WIN    15 turns   kurapika, todoroki, itachi  vs  ganta, bakugo, ryuko
Applying bleed effect! Checking special code
Applying bleed effect! Checking special code
Applying bleed effect! Checking special code
Applying bleed effect! Checking special code
Applying bleed effect! Checking special code
[  51/250 ] LOSS   24 turns   shokuhou, rakko, hinata  vs  hashirama, xanxus, saturn
[  52/250 ] WIN    32 turns   lizandpatty, goku, kaiba  vs  jack, marco, yoh
[  53/250 ] WIN    30 turns   kurapika, jaden, minene  vs  arthur, neferpitou, mash
[  54/250 ] WIN    64 turns   squalo, shinoa, chrome  vs  bakugo, mavis, satsuki
[  55/250 ] LOSS   26 turns   shiro, rimuru, inuyasha  vs  rakko, nagisa, blackstar
[  56/250 ] WIN    16 turns   ryohei, shinoa, astolfo  vs  todoroki, death, uzui
[  57/250 ] WIN    22 turns   adam, rimuru, itachi  vs  chrome, uzui, mikasa
[  58/250 ] WIN    32 turns   shinoa, sakura, jaden  vs  rob, minene, ichigo
Applying bleed effect! Checking special code
Applying bleed effect! Checking special code
Applying bleed effect! Checking special code
Applying bleed effect! Checking special code
Applying bleed effect! Checking special code
[  59/250 ] WIN    36 turns   toudou, inosuke, blackstar  vs  jaden, arthur, megumi
[  60/250 ] WIN    29 turns   neferpitou, lyserg, hawkmon  vs  boruto, shokuhou, mami
[  61/250 ] WIN    24 turns   broly, muichiro, impmon  vs  misaka, saitama, tokoyami
Applying bleed effect! Checking special code
Applying bleed effect! Checking special code
[  62/250 ] WIN    23 turns   toji, soul, ichibe  vs  crona, inosuke, sasuke
[  63/250 ] WIN    25 turns   pegasus, ryuko, emiya  vs  ichibe, shokuhou, jinwoo
[  64/250 ] WIN    15 turns   orihime, emiyaarcher, jaden  vs  ban, seventeen, astolfo
[  65/250 ] WIN    19 turns   kaiba, jeanne, seventeen  vs  adam, toga, saturn
[  66/250 ] LOSS   21 turns   machinedramon, inosuke, omnimon  vs  jesse, tsunayoshi, rimuru
[  67/250 ] WIN    16 turns   tatsumaki, misaka, asta  vs  renamon, tokoyami, megumin
[  68/250 ] WIN    24 turns   impmon, mikasa, hisoka  vs  kid, lyserg, nezuko
[  69/250 ] WIN    18 turns   kurotsuchi, jesse, tanjiro  vs  esdeath, sakura, hisoka
[  70/250 ] WIN    16 turns   esdeath, broly, ryohei  vs  rimuru, chrome, tsubasa
Applying bleed effect! Checking special code
Applying bleed effect! Checking special code
Applying bleed effect! Checking special code
Applying bleed effect! Checking special code
[  71/250 ] WIN    34 turns   killua, ryuko, itachi  vs  denji, arthur, akame
[  72/250 ] WIN    21 turns   renamon, mikasa, toga  vs  meliodas, jeanne, diane
[  73/250 ] WIN    26 turns   blackwargreymon, cooler, chrome  vs  kaiba, megumi, arthur
[  74/250 ] LOSS   21 turns   asta, ichigo, megumi  vs  jinwoo, ladydevimon, ichibe
[  75/250 ] LOSS   20 turns   aiohto, shokuhou, xanxus  vs  neferpitou, sasuke, genos
Applying bleed effect! Checking special code
[  76/250 ] WIN    29 turns   semiramis, mercury, ken  vs  ichibe, xanxus, mine
[  77/250 ] WIN    18 turns   frankenstein, hibari, yoh  vs  ichigo, impmon, jack
[  78/250 ] LOSS   19 turns   byakuya, yamamoto, toga  vs  tamaki, mars, jack
[  79/250 ] LOSS   20 turns   alphamon, korra, maka  vs  tsunayoshi, jeanne, byakuya
[  80/250 ] WIN    20 turns   astolfo, omnimon, naruto  vs  tsuyu, tanjiro, byakuya
[  81/250 ] WIN    25 turns   halibel, shokuhou, tsubaki  vs  toudou, saitama, sasuke
Applying bleed effect! Checking special code
Applying bleed effect! Checking special code
Applying bleed effect! Checking special code
Applying bleed effect! Checking special code
[  82/250 ] WIN    24 turns   gasai, king, killua  vs  tsubasa, veldora, naruto
[  83/250 ] WIN    14 turns   gojo, aiohto, meliodas  vs  gray, naruto, toji
[  84/250 ] WIN    15 turns   neferpitou, lucy, hawkmon  vs  sheele, nobara, emiyaarcher
[  85/250 ] WIN    18 turns   korra, hinata, soul  vs  gogeta, nobara, ichibe
[  86/250 ] WIN    12 turns   mikasa, mash, broly  vs  crona, rimuru, kitara
[  87/250 ] LOSS   18 turns   sayaka, mash, ganta  vs  kurotsuchi, blackstar, maka
[  88/250 ] WIN    16 turns   renamon, uzui, astolfo  vs  ryohei, toji, yugi
Applying bleed effect! Checking special code
Applying bleed effect! Checking special code
[  89/250 ] WIN    19 turns   power, mine, mars  vs  tamaki, ladydevimon, killua
[  90/250 ] LOSS   21 turns   korra, venus, itachi  vs  kurapika, maka, mercury
[  91/250 ] WIN    20 turns   nagisa, death, uranus  vs  korra, nimaiya, tsubasa
[  92/250 ] LOSS   12 turns   eren, toji, orihime  vs  sukuna, boruto, tatsumi
Yubel's S1 Triggered!
Yubel's S1 Triggered!
[  93/250 ] LOSS   20 turns   jaden, lizandpatty, yubel  vs  xanxus, jupiter, tanjiro
[  94/250 ] WIN    30 turns   sheele, ryuko, jaden  vs  ladydevimon, noelle, rob
[  95/250 ] WIN    18 turns   squalo, veldora, xanxus  vs  sakura, tamaki, marco
[  96/250 ] WIN    17 turns   gunha, midoriya, levi  vs  hawkmon, tsubasa, soul
[  97/250 ] WIN    22 turns   gogeta, jesse, frieren  vs  tsunayoshi, tokoyami, gohan
[  98/250 ] WIN    19 turns   meliodas, ganta, cell  vs  orihime, uzui, pegasus
[  99/250 ] WIN    15 turns   hibari, nagisa, alphamon  vs  genos, shinra, meliodas
[ 100/250 ] WIN    17 turns   hashirama, genos, mami  vs  yoh, mine, sakura
[ 101/250 ] WIN    15 turns   bakugo, nimaiya, yuji  vs  venus, xanxus, koro
Applying bleed effect! Checking special code
[ 102/250 ] LOSS   14 turns   toga, king, ken  vs  kurotsuchi, gohan, meliodas
[ 103/250 ] WIN    15 turns   gilgamesh, neferpitou, squalo  vs  toudou, soul, gohan
[ 104/250 ] WIN    15 turns   bakugo, lizandpatty, shokuhou  vs  sukuna, squalo, kitara
[ 105/250 ] LOSS   21 turns   mami, veldora, tsunayoshi  vs  edward, blackstar, gasai
Applying bleed effect! Checking special code
Applying bleed effect! Checking special code
[ 106/250 ] WIN    20 turns   ken, kid, edward  vs  ace, uranus, sayaka
[ 107/250 ] WIN    14 turns   tamaki, kid, hashirama  vs  megumi, jinwoo, hibari
[ 108/250 ] WIN    29 turns   sayaka, zenitsu, emiya  vs  ryuko, chrome, shiro
Applying bleed effect! Checking special code
[ 109/250 ] WIN    23 turns   tsuyu, king, astolfo  vs  kid, akame, ladydevimon
Applying bleed effect! Checking special code
Applying bleed effect! Checking special code
Applying bleed effect! Checking special code
Applying bleed effect! Checking special code
Applying bleed effect! Checking special code
Applying bleed effect! Checking special code
Applying bleed effect! Checking special code
[ 110/250 ] LOSS   40 turns   midoriya, myotismon, power  vs  tsunayoshi, toudou, yuno
[ 111/250 ] WIN    23 turns   marco, megumin, midoriya  vs  emiyaarcher, frieren, halibel
[ 112/250 ] LOSS   25 turns   uzui, sayaka, zoro  vs  midoriya, sheele, saturn
Applying bleed effect! Checking special code
[ 113/250 ] LOSS   28 turns   pegasus, ken, bakugo  vs  ladydevimon, ichibe, shinra
[ 114/250 ] LOSS   23 turns   cell, hisoka, usopp  vs  sakura, orihime, tamaki
[ 115/250 ] LOSS   14 turns   kuroko, mavis, chrome  vs  mine, veldora, gatomon
[ 116/250 ] WIN    11 turns   yuji, uraraka, neferpitou  vs  ladydevimon, mars, jesse
[ 117/250 ] LOSS   18 turns   shinoa, nimaiya, goku  vs  venus, arthur, mami
[ 118/250 ] WIN    29 turns   gohan, toji, chrome  vs  jupiter, toudou, tsunayoshi
[ 119/250 ] WIN    19 turns   kuroko, maka, edward  vs  byakuya, frankenstein, mercury
[ 120/250 ] WIN    21 turns   cell, toudou, yuno  vs  mikasa, yoh, nezuko
[ 121/250 ] WIN    28 turns   mash, midoriya, tatsumi  vs  omnimon, cell, alphonse
[ 122/250 ] WIN    15 turns   nezuko, hibari, itachi  vs  shiro, hinata, gilgamesh
[ 123/250 ] WIN    19 turns   xanxus, mercury, alphamon  vs  jinwoo, yuji, toph
[ 124/250 ] WIN    16 turns   gatomon, mikasa, pegasus  vs  tanjiro, genos, kitara
Applying bleed effect! Checking special code
[ 125/250 ] WIN    25 turns   lyserg, nagisa, maka  vs  inosuke, tatsumi, death
[ 126/250 ] WIN    14 turns   frankenstein, satsuki, gatomon  vs  nimaiya, inuyasha, marco
[ 127/250 ] WIN    29 turns   gon, shinoa, hisoka  vs  ryuko, machinedramon, kurotsuchi
[ 128/250 ] WIN    16 turns   edward, kaiba, saber  vs  akame, levi, noelle
[ 129/250 ] WIN    23 turns   toga, ganta, esdeath  vs  mikasa, natsu, boruto
[ 130/250 ] LOSS   23 turns   megumin, toph, jaden  vs  uranus, toji, allmight
Applying bleed effect! Checking special code
[ 131/250 ] WIN    25 turns   orihime, adam, chrome  vs  rakko, tsubasa, rob
[ 132/250 ] WIN    13 turns   inosuke, touka, nimaiya  vs  tsubaki, jupiter, megumi
[ 133/250 ] LOSS   24 turns   akame, crona, jeanne  vs  blackstar, frankenstein, vegeta
[ 134/250 ] WIN    22 turns   lizandpatty, megumi, levi  vs  toga, gallantmon, venus
Applying bleed effect! Checking special code
Applying bleed effect! Checking special code
Applying bleed effect! Checking special code
[ 135/250 ] WIN    24 turns   gray, denji, kurapika  vs  nimaiya, rakko, genos
Applying bleed effect! Checking special code
Applying bleed effect! Checking special code
Applying bleed effect! Checking special code
[ 136/250 ] WIN    13 turns   mash, killua, uzui  vs  power, tsubaki, boruto
[ 137/250 ] WIN    30 turns   gon, kitara, tamaki  vs  muichiro, emiyaarcher, aang
[ 138/250 ] WIN    15 turns   vegeta, mavis, saitama  vs  venus, nel, zenitsu
[ 139/250 ] WIN    21 turns   edward, toudou, jeanne  vs  meliodas, ganta, bakugo
[ 140/250 ] WIN    14 turns   sayaka, nobara, gogeta  vs  jack, cell, hinata
Applying bleed effect! Checking special code
Applying bleed effect! Checking special code
Applying bleed effect! Checking special code
Applying bleed effect! Checking special code
[ 141/250 ] LOSS   12 turns   vegeta, tatsumi, shokuhou  vs  uranus, alphamon, king
[ 142/250 ] LOSS   19 turns   frankenstein, tatsumaki, halibel  vs  semiramis, zoro, shokuhou
[ 143/250 ] WIN    19 turns   ban, midoriya, ichigo  vs  levi, sasuke, megumi
[ 144/250 ] WIN    14 turns   tokoyami, yuno, nel  vs  mars, arthur, koro
[ 145/250 ] WIN    19 turns   xanxus, uzui, rimuru  vs  jinwoo, saber, emiyaarcher
[ 146/250 ] WIN    22 turns   gilgamesh, mine, blackstar  vs  semiramis, hibari, mash
[ 147/250 ] LOSS   25 turns   itachi, myotismon, toga  vs  jupiter, nonon, impmon
[ 148/250 ] WIN    20 turns   megumin, semiramis, yamamoto  vs  ryuko, muichiro, minene
Applying bleed effect! Checking special code
Applying bleed effect! Checking special code
Applying bleed effect! Checking special code
Applying bleed effect! Checking special code
[ 149/250 ] WIN    17 turns   neferpitou, goku, rengoku  vs  toph, gasai, gon
Applying bleed effect! Checking special code
[ 150/250 ] LOSS   38 turns   chrome, tsubasa, akame  vs  toji, megumi, diane
[ 151/250 ] WIN    17 turns   yugi, nobara, mercury  vs  toga, mine, nagisa
Applying bleed effect! Checking special code
Applying bleed effect! Checking special code
Applying bleed effect! Checking special code
Applying bleed effect! Checking special code
[ 152/250 ] WIN    16 turns   tsubaki, diane, erza  vs  uzui, king, power
[ 153/250 ] WIN    23 turns   megumin, tatsumi, nezuko  vs  tatsumaki, gogeta, ichibe
Applying bleed effect! Checking special code
[ 154/250 ] WIN    19 turns   zenitsu, yugi, omnimon  vs  rimuru, shiro, ken
[ 155/250 ] WIN    19 turns   tsubaki, allmight, touka  vs  omnimon, jaden, ryuko
[ 156/250 ] WIN    23 turns   kaiba, shokuhou, ryuko  vs  myotismon, mami, inosuke
[ 157/250 ] WIN    27 turns   frankenstein, yamamoto, frieren  vs  kaiba, saitama, ryohei
Applying bleed effect! Checking special code
Applying bleed effect! Checking special code
Applying bleed effect! Checking special code
Applying bleed effect! Checking special code
Applying bleed effect! Checking special code
[ 158/250 ] WIN    40 turns   toga, noelle, emiyaarcher  vs  saitama, impmon, ken
[ 159/250 ] WIN    17 turns   tsunayoshi, alphonse, sheele  vs  shokuhou, ban, toph
[ 160/250 ] WIN    21 turns   yoh, tsubasa, madoka  vs  uranus, killua, ryuko
Applying bleed effect! Checking special code
Applying bleed effect! Checking special code
Applying bleed effect! Checking special code
[ 161/250 ] LOSS   39 turns   rakko, mavis, akame  vs  hisoka, korra, tsubasa
Applying bleed effect! Checking special code
Applying bleed effect! Checking special code
Applying bleed effect! Checking special code
Applying bleed effect! Checking special code
Applying bleed effect! Checking special code
Applying bleed effect! Checking special code
Applying bleed effect! Checking special code
[ 162/250 ] LOSS   16 turns   hibari, tsuyu, zenitsu  vs  nezuko, mine, rengoku
Applying bleed effect! Checking special code
Applying bleed effect! Checking special code
Applying bleed effect! Checking special code
Applying bleed effect! Checking special code
Applying bleed effect! Checking special code
Applying bleed effect! Checking special code
Applying bleed effect! Checking special code
Applying bleed effect! Checking special code
Applying bleed effect! Checking special code
Applying bleed effect! Checking special code
Applying bleed effect! Checking special code
Applying bleed effect! Checking special code
Applying bleed effect! Checking special code
Applying bleed effect! Checking special code
Applying bleed effect! Checking special code
Applying bleed effect! Checking special code
Applying bleed effect! Checking special code
[ 163/250 ] LOSS   27 turns   koro, tanjiro, minene  vs  diane, rimuru, king
Applying bleed effect! Checking special code
Applying bleed effect! Checking special code
Applying bleed effect! Checking special code
Applying bleed effect! Checking special code
Applying bleed effect! Checking special code
Applying bleed effect! Checking special code
Applying bleed effect! Checking special code
[ 164/250 ] WIN    32 turns   veldora, byakuya, rakko  vs  vegeta, mine, jesse
Applying bleed effect! Checking special code
Applying bleed effect! Checking special code
[ 165/250 ] LOSS   12 turns   rakko, ban, erza  vs  satsuki, jupiter, nonon
Applying bleed effect! Checking special code
Applying bleed effect! Checking special code
Applying bleed effect! Checking special code
[ 166/250 ] LOSS   16 turns   minene, lyserg, ken  vs  sukuna, tsuyu, mercury
[ 167/250 ] WIN    19 turns   tamaki, xanxus, maka  vs  koro, sasuke, nimaiya
[ 168/250 ] WIN    24 turns   lizandpatty, tsubasa, misaka  vs  ace, korra, gallantmon
[ 169/250 ] WIN    21 turns   yuji, kitara, crona  vs  goku, halibel, kaiba
[ 170/250 ] WIN    44 turns   impmon, naruto, machinedramon  vs  kaiba, muichiro, uzui
[ 171/250 ] WIN    19 turns   jinwoo, gatomon, impmon  vs  diane, tokoyami, jeanne
Applying bleed effect! Checking special code
Applying bleed effect! Checking special code
Applying bleed effect! Checking special code
Applying bleed effect! Checking special code
[ 172/250 ] WIN    25 turns   yamamoto, byakuya, levi  vs  power, gatomon, touka
[ 173/250 ] LOSS   18 turns   uraraka, luffy, yoh  vs  erza, uranus, mikasa
[ 174/250 ] LOSS   17 turns   mars, squalo, lucy  vs  hisoka, luffy, ace
[ 175/250 ] WIN    13 turns   zoro, itachi, mine  vs  hibari, orihime, shinra
[ 176/250 ] WIN    26 turns   gohan, venus, jupiter  vs  neferpitou, nagisa, uranus
Applying bleed effect! Checking special code
[ 177/250 ] WIN    23 turns   shinra, ken, lizandpatty  vs  yuji, saber, gallantmon
[ 178/250 ] LOSS   17 turns   jeanne, nobara, jesse  vs  lucy, sayaka, venus
[ 179/250 ] WIN    14 turns   emiya, jesse, tsunayoshi  vs  horohoro, gilgamesh, tsuyu
[ 180/250 ] LOSS   17 turns   hisoka, jupiter, yoh  vs  lucy, ryuko, uranus
[ 181/250 ] WIN    26 turns   gasai, mami, tsubaki  vs  luffy, impmon, gon
[ 182/250 ] LOSS   12 turns   denji, tsunayoshi, byakuya  vs  gilgamesh, squalo, koro
Applying bleed effect! Checking special code
Applying bleed effect! Checking special code
[ 183/250 ] WIN    22 turns   nonon, gogeta, emiyaarcher  vs  uzui, itachi, power
Applying bleed effect! Checking special code
Applying bleed effect! Checking special code
Applying bleed effect! Checking special code
[ 184/250 ] WIN    21 turns   mars, ace, power  vs  tsuyu, boruto, rengoku
[ 185/250 ] LOSS   18 turns   shokuhou, touka, boruto  vs  kurotsuchi, asta, neferpitou
[ 186/250 ] WIN    26 turns   minene, emiya, alphamon  vs  sakura, orihime, lizandpatty
Yubel's S1 Triggered!
Yubel's S1 Triggered!
[ 187/250 ] LOSS   18 turns   yubel, tsubaki, jack  vs  broly, natsu, madoka
[ 188/250 ] WIN    24 turns   semiramis, yoh, crona  vs  koro, frieren, lyserg
Applying bleed effect! Checking special code
[ 189/250 ] LOSS   18 turns   akame, king, kitara  vs  emiyaarcher, naruto, mami
[ 190/250 ] WIN    17 turns   allmight, kid, gray  vs  satsuki, tsubasa, shokuhou
[ 191/250 ] LOSS   13 turns   mine, goku, gray  vs  nonon, nagisa, adam
[ 192/250 ] WIN    34 turns   todoroki, uranus, gojo  vs  maka, uraraka, muichiro
Applying bleed effect! Checking special code
[ 193/250 ] WIN    23 turns   uraraka, adam, diane  vs  mars, sakura, sheele
Applying bleed effect! Checking special code
Applying bleed effect! Checking special code
Applying bleed effect! Checking special code
[ 194/250 ] LOSS   17 turns   tsuyu, inosuke, megumi  vs  gohan, mine, arthur
Applying bleed effect! Checking special code
Applying bleed effect! Checking special code
Applying bleed effect! Checking special code
Applying bleed effect! Checking special code
Applying bleed effect! Checking special code
[ 195/250 ] LOSS   26 turns   frieren, usopp, mami  vs  ken, jaden, saber
[ 196/250 ] LOSS   29 turns   sakura, yamamoto, gojo  vs  bakugo, naruto, crona
Applying bleed effect! Checking special code
Applying bleed effect! Checking special code
Applying bleed effect! Checking special code
Applying bleed effect! Checking special code
Applying bleed effect! Checking special code
Applying bleed effect! Checking special code
[ 197/250 ] WIN    36 turns   toph, genos, satsuki  vs  vegeta, lucy, rengoku
[ 198/250 ] WIN    16 turns   alphonse, nobara, aang  vs  kuroko, mine, toga
[ 199/250 ] WIN    28 turns   squalo, impmon, frieren  vs  arthur, allmight, cell
[ 200/250 ] LOSS   23 turns   yugi, koro, ichibe  vs  erza, gilgamesh, lyserg
[ 201/250 ] WIN    14 turns   misaka, astolfo, toji  vs  yuno, ken, jack
Applying bleed effect! Checking special code
Applying bleed effect! Checking special code
[ 202/250 ] WIN    20 turns   tokoyami, yamamoto, semiramis  vs  korra, shiro, power
[ 203/250 ] WIN    16 turns   frankenstein, hisoka, goku  vs  saturn, tokoyami, edward
[ 204/250 ] WIN    26 turns   megumin, uzui, saturn  vs  diane, emiyaarcher, orihime
[ 205/250 ] WIN    19 turns   tsubaki, jinwoo, satsuki  vs  broly, machinedramon, toph
[ 206/250 ] WIN    47 turns   naruto, tokoyami, cooler  vs  shokuhou, gray, xanxus
[ 207/250 ] WIN    17 turns   xanxus, sayaka, impmon  vs  hinata, asta, aiohto
[ 208/250 ] WIN    22 turns   nezuko, ban, toji  vs  orihime, sakura, midoriya
Applying bleed effect! Checking special code
Applying bleed effect! Checking special code
[ 209/250 ] WIN    23 turns   halibel, venus, gohan  vs  byakuya, tatsumi, denji
[ 210/250 ] LOSS   24 turns   emiya, ban, toudou  vs  nagisa, nonon, tsuyu
[ 211/250 ] WIN    29 turns   yuji, toji, inuyasha  vs  tsubasa, saturn, sasuke
[ 212/250 ] LOSS   19 turns   saitama, jeanne, hisoka  vs  semiramis, sasuke, renamon
[ 213/250 ] LOSS   19 turns   itachi, emiya, ban  vs  uzui, noelle, xanxus
Applying bleed effect! Checking special code
Applying bleed effect! Checking special code
Applying bleed effect! Checking special code
Applying bleed effect! Checking special code
[ 214/250 ] WIN    18 turns   nobara, rakko, madoka  vs  aiohto, sheele, gray
[ 215/250 ] LOSS   16 turns   rob, megumi, sukuna  vs  saturn, esdeath, vegeta
[ 216/250 ] WIN    29 turns   aang, jupiter, gilgamesh  vs  uraraka, toji, touka
Applying bleed effect! Checking special code
Applying bleed effect! Checking special code
Applying bleed effect! Checking special code
[ 217/250 ] WIN    19 turns   mavis, toji, gohan  vs  inosuke, gray, neferpitou
[ 218/250 ] LOSS   32 turns   mercury, mami, blackwargreymon  vs  ichigo, gojo, tatsumaki
[ 219/250 ] LOSS   24 turns   korra, saitama, shiro  vs  rob, esdeath, usopp
[ 220/250 ] WIN    24 turns   blackwargreymon, marco, tanjiro  vs  alphonse, uraraka, pegasus
[ 221/250 ] LOSS   18 turns   sukuna, saturn, diane  vs  ryuko, yuji, ichibe
[ 222/250 ] WIN    22 turns   renamon, kurapika, gatomon  vs  kaiba, astolfo, jeanne
Applying bleed effect! Checking special code
[ 223/250 ] WIN    22 turns   misaka, blackwargreymon, emiya  vs  ganta, levi, diane
Applying bleed effect! Checking special code
Applying bleed effect! Checking special code
Applying bleed effect! Checking special code
[ 224/250 ] WIN    19 turns   marco, ichigo, rakko  vs  gogeta, midoriya, itachi
Applying bleed effect! Checking special code
Applying bleed effect! Checking special code
Applying bleed effect! Checking special code
Applying bleed effect! Checking special code
[ 225/250 ] WIN    24 turns   halibel, neferpitou, frieren  vs  jaden, power, uranus
[ 226/250 ] WIN    24 turns   jinwoo, tsuyu, power  vs  hibari, uranus, ganta
[ 227/250 ] LOSS   13 turns   emiya, tamaki, renamon  vs  megumin, satsuki, alphamon
[ 228/250 ] WIN    22 turns   gunha, blackwargreymon, natsu  vs  hawkmon, yugi, lizandpatty
[ 229/250 ] WIN    24 turns   gunha, allmight, yuji  vs  aiohto, shiro, tsunayoshi
[ 230/250 ] WIN    33 turns   jeanne, jesse, uzui  vs  alphonse, tsuyu, frieren
[ 231/250 ] WIN    15 turns   touka, blackstar, crona  vs  toph, luffy, madoka
[ 232/250 ] WIN    29 turns   uraraka, veldora, minene  vs  yoh, ace, gohan
[ 233/250 ] WIN    16 turns   hibari, tsuyu, saturn  vs  yamamoto, mercury, sukuna
Applying bleed effect! Checking special code
Applying bleed effect! Checking special code
[ 234/250 ] WIN    20 turns   toudou, gilgamesh, rakko  vs  minene, sasuke, venus
[ 235/250 ] WIN    25 turns   renamon, gunha, ban  vs  halibel, marco, aang
[ 236/250 ] WIN    18 turns   sukuna, mavis, cell  vs  frieren, squalo, semiramis
[ 237/250 ] LOSS   21 turns   tsunayoshi, nezuko, jesse  vs  mercury, hibari, uraraka
Applying bleed effect! Checking special code
Applying bleed effect! Checking special code
Applying bleed effect! Checking special code
Applying bleed effect! Checking special code
Applying bleed effect! Checking special code
Applying bleed effect! Checking special code
Applying bleed effect! Checking special code
Applying bleed effect! Checking special code
[ 238/250 ] WIN    21 turns   nezuko, zenitsu, ryuko  vs  maka, king, hisoka
[ 239/250 ] WIN    26 turns   blackstar, eren, mikasa  vs  korra, shinoa, hinata
[ 240/250 ] WIN    12 turns   broly, blackwargreymon, luffy  vs  madoka, nagisa, tsubasa
[ 241/250 ] LOSS   12 turns   myotismon, byakuya, tsunayoshi  vs  mami, jupiter, kuroko
[ 242/250 ] WIN    16 turns   nimaiya, venus, hashirama  vs  soul, eren, shinra
[ 243/250 ] WIN    28 turns   blackwargreymon, kid, natsu  vs  gunha, yoh, halibel
[ 244/250 ] LOSS   27 turns   toph, marco, tokoyami  vs  nagisa, uraraka, jaden
[ 245/250 ] LOSS   19 turns   death, ace, koro  vs  gallantmon, mine, tsubasa
[ 246/250 ] LOSS   24 turns   tsuyu, lyserg, orihime  vs  levi, inosuke, nimaiya
Applying bleed effect! Checking special code
Applying bleed effect! Checking special code
Applying bleed effect! Checking special code
Applying bleed effect! Checking special code
Applying bleed effect! Checking special code
Applying bleed effect! Checking special code
Applying bleed effect! Checking special code
Applying bleed effect! Checking special code
Applying bleed effect! Checking special code
Applying bleed effect! Checking special code
Applying bleed effect! Checking special code
[ 247/250 ] LOSS   18 turns   inuyasha, korra, kaiba  vs  inosuke, king, gilgamesh
[ 248/250 ] LOSS   16 turns   tanjiro, ichibe, uzui  vs  omnimon, xanxus, orihime
[ 249/250 ] LOSS   34 turns   gallantmon, shokuhou, edward  vs  minene, sakura, adam
[ 250/250 ] WIN    18 turns   naruto, uzui, usopp  vs  megumin, jeanne, gon
=== TRAINER RUN COMPLETE ===
Matches: 250   W: 176   L: 74   D: 0   Win: 70.4%   (opponent: priority  [EVAL])
