Godot Engine v4.6.2.stable.official.71f334935 - https://godotengine.org

[trainer] seed=9465 matches=50 opponent=policy:res://training/checkpoints/gen_4.json eval=true out=res://training/checkpoints/work.json checkpoint=res://training/checkpoints/gen_8.json
[authored] loaded 1 authored character(s)
[   1/50  ] WIN    18 turns   alphonse, gatomon, jupiter  vs  mavis, impmon, alphamon
Applying bleed effect! Checking special code
[   2/50  ] LOSS   21 turns   squalo, gunha, rengoku  vs  veldora, emiya, kuroko
[   3/50  ] LOSS   20 turns   sheele, gray, tatsumaki  vs  lizandpatty, mikasa, saturn
Yubel's S1 Triggered!
[   4/50  ] WIN    20 turns   misaka, yubel, diane  vs  halibel, noelle, tsubasa
[   5/50  ] LOSS   26 turns   uraraka, hibari, tsubasa  vs  squalo, gatomon, frankenstein
[   6/50  ] LOSS   26 turns   sukuna, sayaka, neferpitou  vs  zoro, lucy, cell
[   7/50  ] LOSS   38 turns   itachi, myotismon, kurapika  vs  tsubasa, meliodas, naruto
[   8/50  ] LOSS   18 turns   jeanne, minene, byakuya  vs  saturn, todoroki, hashirama
[   9/50  ] WIN    18 turns   kurapika, levi, midoriya  vs  hinata, jaden, tsubasa
[  10/50  ] WIN    21 turns   sukuna, ladydevimon, pegasus  vs  goku, gray, kid
[  11/50  ] LOSS   22 turns   tamaki, crona, machinedramon  vs  ace, misaka, tokoyami
[  12/50  ] LOSS   20 turns   sakura, halibel, gogeta  vs  rimuru, kuroko, killua
Applying bleed effect! Checking special code
Applying bleed effect! Checking special code
Applying bleed effect! Checking special code
Applying bleed effect! Checking special code
[  13/50  ] LOSS   18 turns   lizandpatty, inuyasha, ken  vs  rengoku, mash, ichibe
[  14/50  ] LOSS   17 turns   yugi, blackwargreymon, cooler  vs  hibari, sayaka, tamaki
[  15/50  ] LOSS   19 turns   hisoka, tanjiro, gatomon  vs  allmight, horohoro, byakuya
[  16/50  ] WIN    15 turns   zenitsu, maka, semiramis  vs  alphonse, tsuyu, toga
[  17/50  ] LOSS   23 turns   nel, noelle, minene  vs  nimaiya, naruto, sukuna
[  18/50  ] LOSS   23 turns   aiohto, ryuko, yamamoto  vs  asta, neferpitou, midoriya
Yubel's S1 Triggered!
Yubel's S1 Triggered!
[  19/50  ] WIN    24 turns   yubel, nagisa, jesse  vs  jaden, usopp, tsubasa
[  20/50  ] WIN    29 turns   megumin, ryohei, omnimon  vs  ace, vegeta, alphonse
[  21/50  ] LOSS   33 turns   noelle, kaiba, lucy  vs  soul, ichibe, shinoa
[  22/50  ] WIN    40 turns   gallantmon, yamamoto, toga  vs  minene, noelle, gon
[  23/50  ] LOSS   20 turns   inuyasha, mash, squalo  vs  saitama, nimaiya, ichigo
[  24/50  ] WIN    16 turns   ladydevimon, lucy, yugi  vs  crona, itachi, emiyaarcher
[  25/50  ] LOSS   27 turns   misaka, tsuyu, megumi  vs  sayaka, toji, bakugo
[  26/50  ] WIN    12 turns   megumin, madoka, muichiro  vs  blackwargreymon, shiro, akame
Applying bleed effect! Checking special code
Applying bleed effect! Checking special code
[  27/50  ] LOSS   18 turns   yuji, power, gasai  vs  gilgamesh, boruto, kurotsuchi
[  28/50  ] LOSS   37 turns   rob, alphamon, noelle  vs  saturn, toph, mars
[  29/50  ] WIN    21 turns   yoh, yamamoto, astolfo  vs  jaden, saitama, levi
[  30/50  ] WIN    20 turns   vegeta, eren, nimaiya  vs  hashirama, pegasus, nezuko
[  31/50  ] LOSS   65 turns   yugi, yuno, impmon  vs  mikasa, marco, minene
[  32/50  ] LOSS   19 turns   asta, frieren, blackwargreymon  vs  halibel, ichibe, venus
[  33/50  ] WIN    16 turns   crona, machinedramon, kurapika  vs  yoh, soul, sukuna
[  34/50  ] LOSS   20 turns   edward, alphamon, satsuki  vs  tatsumi, sukuna, impmon
[  35/50  ] LOSS   20 turns   yubel, veldora, halibel  vs  gasai, blackstar, ryohei
[  36/50  ] LOSS   18 turns   tokoyami, shokuhou, sakura  vs  sasuke, jesse, byakuya
Applying bleed effect! Checking special code
Applying bleed effect! Checking special code
Applying bleed effect! Checking special code
Applying bleed effect! Checking special code
[  37/50  ] LOSS   22 turns   rengoku, power, madoka  vs  toji, crona, venus
[  38/50  ] WIN    30 turns   machinedramon, halibel, ichigo  vs  death, jesse, byakuya
[  39/50  ] LOSS   31 turns   genos, ryuko, tsunayoshi  vs  emiyaarcher, tanjiro, gray
Applying bleed effect! Checking special code
Applying bleed effect! Checking special code
Applying bleed effect! Checking special code
[  40/50  ] LOSS   16 turns   jack, king, jinwoo  vs  esdeath, uzui, mami
[  41/50  ] WIN    24 turns   allmight, broly, astolfo  vs  mash, blackstar, tsubaki
[  42/50  ] LOSS   36 turns   venus, saturn, tanjiro  vs  rob, jesse, chrome
[  43/50  ] LOSS   31 turns   shinoa, yugi, toudou  vs  sayaka, gohan, meliodas
Applying bleed effect! Checking special code
Applying bleed effect! Checking special code
Applying bleed effect! Checking special code
Applying bleed effect! Checking special code
Applying bleed effect! Checking special code
Applying bleed effect! Checking special code
Applying bleed effect! Checking special code
Applying bleed effect! Checking special code
Applying bleed effect! Checking special code
Applying bleed effect! Checking special code
[  44/50  ] LOSS   21 turns   tsubaki, kurapika, king  vs  erza, zenitsu, denji
[  45/50  ] WIN    14 turns   meliodas, byakuya, halibel  vs  bakugo, cooler, mavis
Yubel's S1 Triggered!
Yubel's S1 Triggered!
[  46/50  ] LOSS   40 turns   jeanne, jesse, venus  vs  itachi, broly, yubel
[  47/50  ] WIN    19 turns   nagisa, alphonse, broly  vs  alphamon, zenitsu, hibari
[  48/50  ] WIN    21 turns   hinata, mami, eren  vs  asta, yuno, shinoa
[  49/50  ] LOSS   16 turns   akame, horohoro, jinwoo  vs  yuji, jesse, shinoa
[  50/50  ] LOSS   15 turns   jinwoo, byakuya, toji  vs  mikasa, mavis, gon
=== TRAINER RUN COMPLETE ===
Matches: 50   W: 18   L: 32   D: 0   Win: 36.0%   (opponent: v3:gen_4.json  [EVAL])
