Godot Engine v4.6.2.stable.official.71f334935 - https://godotengine.org

[trainer] seed=100052 matches=333 opponent=policy:res://training/checkpoints/control_noshaping/gen_5.json eval=true out=res://training/checkpoints/work.json checkpoint=res://training/checkpoints/gen_5.json
[authored] loaded 1 authored character(s)
Applying bleed effect! Checking special code
Applying bleed effect! Checking special code
Applying bleed effect! Checking special code
Applying bleed effect! Checking special code
Applying bleed effect! Checking special code
Applying bleed effect! Checking special code
Applying bleed effect! Checking special code
[   1/333 ] WIN    36 turns   arthur, yuji, halibel  vs  rimuru, yoh, rakko
[   2/333 ] LOSS   26 turns   jinwoo, korra, mami  vs  cooler, hinata, ladydevimon
[   3/333 ] LOSS   22 turns   venus, muichiro, toji  vs  gohan, gogeta, cell
Applying bleed effect! Checking special code
Applying bleed effect! Checking special code
Applying bleed effect! Checking special code
Applying bleed effect! Checking special code
Applying bleed effect! Checking special code
Applying bleed effect! Checking special code
Applying bleed effect! Checking special code
Applying bleed effect! Checking special code
Applying bleed effect! Checking special code
Applying bleed effect! Checking special code
Applying bleed effect! Checking special code
Applying bleed effect! Checking special code
Applying bleed effect! Checking special code
Applying bleed effect! Checking special code
Applying bleed effect! Checking special code
Applying bleed effect! Checking special code
Applying bleed effect! Checking special code
Applying bleed effect! Checking special code
Applying bleed effect! Checking special code
Applying bleed effect! Checking special code
Applying bleed effect! Checking special code
Applying bleed effect! Checking special code
Applying bleed effect! Checking special code
Applying bleed effect! Checking special code
Applying bleed effect! Checking special code
Applying bleed effect! Checking special code
Applying bleed effect! Checking special code
Applying bleed effect! Checking special code
Applying bleed effect! Checking special code
Applying bleed effect! Checking special code
[   4/333 ] LOSS   38 turns   jesse, alphamon, gogeta  vs  tokoyami, king, tsuyu
[   5/333 ] WIN    31 turns   mash, ryohei, jesse  vs  vegeta, tatsumaki, orihime
[   6/333 ] WIN    15 turns   genos, ryohei, alphamon  vs  gohan, emiya, tamaki
[   7/333 ] WIN    17 turns   vegeta, mavis, megumin  vs  pegasus, zoro, seventeen
[   8/333 ] WIN    17 turns   toph, misaka, asta  vs  yuno, lucy, jeanne
[   9/333 ] WIN    21 turns   ichibe, esdeath, uraraka  vs  asta, zoro, ban
[  10/333 ] WIN    23 turns   toji, semiramis, lizandpatty  vs  kitara, nonon, allmight
[  11/333 ] LOSS   12 turns   hashirama, saitama, horohoro  vs  naruto, gilgamesh, astolfo
[  12/333 ] LOSS   16 turns   lyserg, yuno, tsubasa  vs  ladydevimon, zoro, meliodas
[  13/333 ] LOSS   15 turns   shiro, gohan, megumin  vs  tokoyami, kid, mavis
Applying bleed effect! Checking special code
Applying bleed effect! Checking special code
Applying bleed effect! Checking special code
Applying bleed effect! Checking special code
Applying bleed effect! Checking special code
Applying bleed effect! Checking special code
Applying bleed effect! Checking special code
Applying bleed effect! Checking special code
Applying bleed effect! Checking special code
Applying bleed effect! Checking special code
Applying bleed effect! Checking special code
[  14/333 ] LOSS   41 turns   gilgamesh, yubel, inosuke  vs  death, arthur, mars
Yubel's S1 Triggered!
[  15/333 ] WIN    47 turns   omnimon, pegasus, cell  vs  aang, hawkmon, yubel
[  16/333 ] WIN    22 turns   uraraka, ryuko, jupiter  vs  boruto, gohan, ichibe
[  17/333 ] WIN    15 turns   mavis, tatsumi, mash  vs  omnimon, soul, lucy
[  18/333 ] LOSS   21 turns   usopp, nobara, jesse  vs  eren, itachi, akame
[  19/333 ] WIN    18 turns   zoro, mine, sakura  vs  tsubaki, toudou, nimaiya
[  20/333 ] LOSS   15 turns   megumi, mami, allmight  vs  squalo, mars, byakuya
[  21/333 ] LOSS   34 turns   venus, toudou, soul  vs  aiohto, jeanne, gray
[  22/333 ] WIN    17 turns   edward, nimaiya, toji  vs  saitama, hawkmon, saturn
[  23/333 ] WIN    23 turns   ban, squalo, gunha  vs  kid, pegasus, emiyaarcher
[  24/333 ] WIN    17 turns   venus, edward, lizandpatty  vs  uzui, byakuya, kurotsuchi
Applying bleed effect! Checking special code
Applying bleed effect! Checking special code
Applying bleed effect! Checking special code
Applying bleed effect! Checking special code
Applying bleed effect! Checking special code
Applying bleed effect! Checking special code
Applying bleed effect! Checking special code
[  25/333 ] WIN    24 turns   rakko, myotismon, sasuke  vs  gasai, halibel, jesse
Applying bleed effect! Checking special code
Applying bleed effect! Checking special code
Applying bleed effect! Checking special code
Applying bleed effect! Checking special code
Applying bleed effect! Checking special code
Applying bleed effect! Checking special code
Applying bleed effect! Checking special code
[  26/333 ] LOSS   23 turns   gilgamesh, misaka, tsuyu  vs  gogeta, ken, blackwargreymon
[  27/333 ] LOSS   18 turns   saturn, goku, ganta  vs  levi, sasuke, nobara
[  28/333 ] WIN    17 turns   shinra, genos, veldora  vs  edward, tatsumaki, ban
Applying bleed effect! Checking special code
Applying bleed effect! Checking special code
Applying bleed effect! Checking special code
Applying bleed effect! Checking special code
Applying bleed effect! Checking special code
Applying bleed effect! Checking special code
Applying bleed effect! Checking special code
Applying bleed effect! Checking special code
Applying bleed effect! Checking special code
[  29/333 ] LOSS   24 turns   lyserg, mavis, death  vs  natsu, mercury, king
[  30/333 ] LOSS   22 turns   saber, kid, gallantmon  vs  toga, alphonse, aiohto
[  31/333 ] WIN    23 turns   jupiter, maka, asta  vs  tatsumi, mars, ichigo
[  32/333 ] WIN    17 turns   tamaki, adam, ichigo  vs  zoro, gallantmon, zenitsu
[  33/333 ] WIN    27 turns   saturn, diane, bakugo  vs  kid, veldora, nezuko
[  34/333 ] WIN    22 turns   frieren, madoka, akame  vs  cooler, jesse, hibari
[  35/333 ] LOSS   20 turns   sasuke, yuno, saber  vs  mercury, saitama, tsuyu
[  36/333 ] LOSS   23 turns   cooler, gohan, shokuhou  vs  nagisa, xanxus, gallantmon
[  37/333 ] WIN    28 turns   jupiter, mikasa, sasuke  vs  luffy, yuno, nobara
[  38/333 ] WIN    19 turns   myotismon, tokoyami, squalo  vs  zenitsu, mash, hinata
[  39/333 ] LOSS   28 turns   tatsumaki, marco, adam  vs  toji, esdeath, yuji
[  40/333 ] LOSS   18 turns   inuyasha, yoh, tamaki  vs  mars, kurapika, lucy
[  41/333 ] WIN    15 turns   nimaiya, squalo, death  vs  lyserg, levi, todoroki
Applying bleed effect! Checking special code
Applying bleed effect! Checking special code
Applying bleed effect! Checking special code
Applying bleed effect! Checking special code
Yubel's S1 Triggered!
[  42/333 ] WIN    23 turns   yubel, hashirama, nonon  vs  yoh, inosuke, broly
[  43/333 ] LOSS   18 turns   levi, tanjiro, noelle  vs  madoka, inuyasha, neferpitou
[  44/333 ] WIN    23 turns   inuyasha, sheele, midoriya  vs  yoh, uzui, xanxus
[  45/333 ] LOSS   27 turns   veldora, naruto, korra  vs  pegasus, mars, shinoa
[  46/333 ] WIN    19 turns   nonon, saturn, boruto  vs  yugi, sukuna, yamamoto
[  47/333 ] LOSS   15 turns   adam, astolfo, meliodas  vs  gray, kid, hibari
[  48/333 ] LOSS   24 turns   horohoro, xanxus, kurotsuchi  vs  nel, zoro, jack
Applying bleed effect! Checking special code
Applying bleed effect! Checking special code
Applying bleed effect! Checking special code
Applying bleed effect! Checking special code
[  49/333 ] LOSS   29 turns   power, megumi, kurotsuchi  vs  ryohei, genos, usopp
[  50/333 ] LOSS   18 turns   death, nobara, tokoyami  vs  squalo, alphonse, rob
Applying bleed effect! Checking special code
[  51/333 ] LOSS   16 turns   impmon, diane, tanjiro  vs  nagisa, alphonse, asta
[  52/333 ] LOSS   17 turns   gohan, inuyasha, tsunayoshi  vs  astolfo, xanxus, allmight
Applying bleed effect! Checking special code
[  53/333 ] LOSS   29 turns   renamon, zoro, aang  vs  cooler, chrome, inosuke
[  54/333 ] LOSS   19 turns   machinedramon, ichibe, lyserg  vs  gallantmon, nagisa, mavis
Applying bleed effect! Checking special code
[  55/333 ] LOSS   26 turns   toudou, marco, ryohei  vs  emiyaarcher, genos, power
Applying bleed effect! Checking special code
[  56/333 ] WIN    43 turns   tsubaki, hisoka, diane  vs  ryohei, rob, mash
[  57/333 ] LOSS   23 turns   renamon, veldora, tsubasa  vs  hisoka, satsuki, gasai
[  58/333 ] WIN    27 turns   ryuko, ladydevimon, orihime  vs  kaiba, ban, tatsumi
[  59/333 ] LOSS   26 turns   yuno, tokoyami, midoriya  vs  arthur, uzui, ryohei
[  60/333 ] LOSS   17 turns   usopp, sasuke, gilgamesh  vs  mavis, hibari, sayaka
[  61/333 ] LOSS   19 turns   ichigo, kurotsuchi, vegeta  vs  kitara, gogeta, natsu
[  62/333 ] WIN    18 turns   madoka, byakuya, zenitsu  vs  frieren, megumi, zoro
[  63/333 ] LOSS   25 turns   denji, chrome, halibel  vs  kurapika, crona, cell
Applying bleed effect! Checking special code
Applying bleed effect! Checking special code
[  64/333 ] WIN    18 turns   renamon, veldora, denji  vs  noelle, adam, tatsumaki
[  65/333 ] LOSS   24 turns   tatsumi, byakuya, blackwargreymon  vs  alphonse, kid, nezuko
[  66/333 ] LOSS   24 turns   megumin, mash, zoro  vs  blackwargreymon, meliodas, genos
[  67/333 ] LOSS   18 turns   shinoa, jeanne, halibel  vs  madoka, erza, mine
[  68/333 ] LOSS   16 turns   genos, emiya, hisoka  vs  kitara, toji, kurapika
[  69/333 ] LOSS   29 turns   nel, yubel, shokuhou  vs  megumi, yamamoto, mami
[  70/333 ] LOSS   17 turns   goku, tatsumaki, lizandpatty  vs  mikasa, naruto, byakuya
[  71/333 ] WIN    13 turns   bakugo, tokoyami, gohan  vs  kuroko, genos, inuyasha
Yubel's S1 Triggered!
[  72/333 ] WIN    23 turns   natsu, yubel, asta  vs  jinwoo, muichiro, goku
[  73/333 ] WIN    18 turns   emiya, korra, uranus  vs  erza, todoroki, goku
[  74/333 ] WIN    30 turns   jesse, ban, touka  vs  jupiter, mine, nonon
Applying bleed effect! Checking special code
[  75/333 ] WIN    15 turns   jupiter, alphamon, arthur  vs  zenitsu, king, sakura
[  76/333 ] LOSS   25 turns   sukuna, tokoyami, neferpitou  vs  uzui, ichibe, megumi
Applying bleed effect! Checking special code
Applying bleed effect! Checking special code
[  77/333 ] WIN    23 turns   yuji, chrome, adam  vs  sakura, toga, king
[  78/333 ] WIN    31 turns   tamaki, venus, lizandpatty  vs  tsubasa, ryohei, aang
[  79/333 ] WIN    30 turns   ban, emiya, sayaka  vs  touka, midoriya, saturn
[  80/333 ] WIN    15 turns   yamamoto, gojo, gunha  vs  gatomon, tanjiro, luffy
[  81/333 ] LOSS   17 turns   kaiba, gogeta, inuyasha  vs  toga, yuji, luffy
[  82/333 ] LOSS   15 turns   ace, myotismon, blackstar  vs  tsubasa, muichiro, meliodas
Applying bleed effect! Checking special code
Applying bleed effect! Checking special code
Applying bleed effect! Checking special code
Applying bleed effect! Checking special code
Applying bleed effect! Checking special code
Applying bleed effect! Checking special code
Applying bleed effect! Checking special code
Applying bleed effect! Checking special code
[  83/333 ] LOSS   15 turns   tatsumi, tsubaki, genos  vs  rakko, ken, minene
[  84/333 ] LOSS   45 turns   luffy, midoriya, yugi  vs  kurapika, mercury, cooler
[  85/333 ] WIN    23 turns   ichibe, neferpitou, halibel  vs  usopp, madoka, boruto
[  86/333 ] LOSS   13 turns   jack, astolfo, jeanne  vs  kuroko, venus, ladydevimon
[  87/333 ] LOSS   16 turns   uraraka, hawkmon, minene  vs  mikasa, mash, xanxus
[  88/333 ] LOSS   19 turns   misaka, yoh, gilgamesh  vs  gallantmon, madoka, sayaka
[  89/333 ] LOSS   31 turns   maka, mercury, broly  vs  tokoyami, yuno, nezuko
[  90/333 ] LOSS   33 turns   jinwoo, chrome, tsubaki  vs  yugi, luffy, horohoro
[  91/333 ] LOSS   21 turns   nobara, bakugo, emiyaarcher  vs  gon, ichibe, maka
[  92/333 ] WIN    14 turns   mikasa, mine, jack  vs  marco, gallantmon, kurotsuchi
Applying bleed effect! Checking special code
Applying bleed effect! Checking special code
[  93/333 ] LOSS   25 turns   killua, impmon, yugi  vs  inosuke, erza, nagisa
Applying bleed effect! Checking special code
[  94/333 ] WIN    16 turns   misaka, toga, mavis  vs  inosuke, megumin, rob
[  95/333 ] LOSS   20 turns   orihime, emiyaarcher, alphonse  vs  gasai, toji, rimuru
[  96/333 ] WIN    24 turns   squalo, hashirama, kitara  vs  sakura, tsuyu, boruto
[  97/333 ] LOSS   20 turns   killua, blackstar, renamon  vs  rob, nel, kaiba
[  98/333 ] LOSS   28 turns   mami, horohoro, myotismon  vs  shiro, kurapika, gray
[  99/333 ] LOSS   24 turns   lizandpatty, muichiro, natsu  vs  uraraka, ichibe, sasuke
[ 100/333 ] LOSS   29 turns   sasuke, yoh, megumin  vs  machinedramon, nel, aang
[ 101/333 ] WIN    30 turns   kurapika, tamaki, kurotsuchi  vs  ichibe, veldora, jupiter
[ 102/333 ] LOSS   21 turns   impmon, nonon, frieren  vs  cell, cooler, megumin
[ 103/333 ] WIN    28 turns   ban, horohoro, uzui  vs  zoro, mine, megumin
[ 104/333 ] WIN    18 turns   crona, kuroko, jesse  vs  megumi, ban, uranus
[ 105/333 ] WIN    18 turns   mavis, muichiro, cooler  vs  hinata, touka, gasai
[ 106/333 ] LOSS   24 turns   mami, edward, saturn  vs  gasai, esdeath, neferpitou
[ 107/333 ] WIN    28 turns   yuno, kurapika, power  vs  noelle, myotismon, saitama
[ 108/333 ] LOSS   20 turns   korra, genos, itachi  vs  rimuru, ladydevimon, mars
[ 109/333 ] LOSS   20 turns   jeanne, mercury, horohoro  vs  uranus, shinoa, renamon
Applying bleed effect! Checking special code
[ 110/333 ] LOSS   25 turns   rengoku, ichigo, touka  vs  megumin, maka, goku
Applying bleed effect! Checking special code
Applying bleed effect! Checking special code
Applying bleed effect! Checking special code
Applying bleed effect! Checking special code
Applying bleed effect! Checking special code
Applying bleed effect! Checking special code
[ 111/333 ] LOSS   18 turns   inosuke, ichigo, jinwoo  vs  edward, blackstar, denji
Applying bleed effect! Checking special code
[ 112/333 ] LOSS   22 turns   lucy, sheele, xanxus  vs  mine, genos, denji
[ 113/333 ] WIN    16 turns   bakugo, tatsumaki, esdeath  vs  tsuyu, ichibe, inuyasha
[ 114/333 ] WIN    33 turns   toudou, frankenstein, touka  vs  nonon, todoroki, uraraka
Applying bleed effect! Checking special code
[ 115/333 ] LOSS   20 turns   madoka, veldora, horohoro  vs  diane, hashirama, ichibe
[ 116/333 ] WIN    15 turns   alphonse, nimaiya, zoro  vs  megumi, nobara, ganta
[ 117/333 ] WIN    22 turns   myotismon, gogeta, broly  vs  kurotsuchi, tatsumaki, mars
Yubel's S1 Triggered!
Yubel's S1 Triggered!
[ 118/333 ] LOSS   24 turns   sakura, satsuki, yubel  vs  omnimon, toji, jeanne
[ 119/333 ] LOSS   24 turns   naruto, akame, gon  vs  gasai, shiro, ban
Applying bleed effect! Checking special code
Applying bleed effect! Checking special code
Applying bleed effect! Checking special code
Applying bleed effect! Checking special code
Applying bleed effect! Checking special code
[ 120/333 ] WIN    16 turns   rengoku, power, asta  vs  nobara, myotismon, sayaka
[ 121/333 ] LOSS   22 turns   astolfo, jeanne, tsuyu  vs  cooler, rimuru, kitara
Applying bleed effect! Checking special code
Applying bleed effect! Checking special code
[ 122/333 ] LOSS   21 turns   denji, myotismon, tsunayoshi  vs  sasuke, orihime, kuroko
Applying bleed effect! Checking special code
Applying bleed effect! Checking special code
[ 123/333 ] LOSS   16 turns   uraraka, inosuke, yubel  vs  ichigo, impmon, mine
[ 124/333 ] LOSS   21 turns   nagisa, yuji, noelle  vs  hinata, frieren, sukuna
[ 125/333 ] LOSS   15 turns   saitama, frankenstein, orihime  vs  megumin, toudou, ichibe
Applying bleed effect! Checking special code
[ 126/333 ] WIN    20 turns   jaden, cooler, allmight  vs  ryohei, lucy, rakko
[ 127/333 ] WIN    14 turns   meliodas, satsuki, nimaiya  vs  ichigo, squalo, minene
[ 128/333 ] WIN    21 turns   myotismon, tsunayoshi, gray  vs  renamon, tsuyu, zenitsu
[ 129/333 ] WIN    27 turns   hisoka, mikasa, toudou  vs  kitara, zoro, uranus
[ 130/333 ] WIN    19 turns   gatomon, gon, ichigo  vs  uranus, natsu, todoroki
[ 131/333 ] LOSS   14 turns   saturn, inosuke, nobara  vs  blackstar, ganta, soul
[ 132/333 ] LOSS   15 turns   tokoyami, jinwoo, inuyasha  vs  shinra, nagisa, killua
[ 133/333 ] WIN    24 turns   yamamoto, nagisa, jinwoo  vs  squalo, crona, kaiba
[ 134/333 ] WIN    36 turns   misaka, tamaki, emiyaarcher  vs  saitama, tsubaki, omnimon
[ 135/333 ] LOSS   18 turns   shinra, sukuna, arthur  vs  gatomon, gilgamesh, mash
Applying bleed effect! Checking special code
[ 136/333 ] LOSS   18 turns   lizandpatty, ganta, rakko  vs  uraraka, jesse, nimaiya
[ 137/333 ] WIN    21 turns   emiya, vegeta, touka  vs  todoroki, orihime, cooler
Applying bleed effect! Checking special code
Applying bleed effect! Checking special code
[ 138/333 ] WIN    15 turns   jaden, frankenstein, denji  vs  tsubaki, inuyasha, mami
[ 139/333 ] LOSS   23 turns   kurotsuchi, goku, nezuko  vs  hashirama, machinedramon, seventeen
[ 140/333 ] WIN    22 turns   esdeath, yoh, blackwargreymon  vs  jupiter, ichigo, kuroko
[ 141/333 ] LOSS   16 turns   zenitsu, jack, impmon  vs  nobara, gilgamesh, nimaiya
Applying bleed effect! Checking special code
Applying bleed effect! Checking special code
Applying bleed effect! Checking special code
Applying bleed effect! Checking special code
[ 142/333 ] WIN    30 turns   rakko, yuno, rob  vs  genos, soul, maka
[ 143/333 ] LOSS   16 turns   inuyasha, gon, shokuhou  vs  halibel, alphonse, gatomon
[ 144/333 ] WIN    27 turns   edward, halibel, myotismon  vs  vegeta, diane, kaiba
[ 145/333 ] WIN    17 turns   neferpitou, hinata, tsuyu  vs  kuroko, allmight, mash
[ 146/333 ] WIN    16 turns   esdeath, alphonse, killua  vs  diane, byakuya, sayaka
[ 147/333 ] LOSS   26 turns   yubel, jinwoo, adam  vs  aiohto, chrome, kurapika
[ 148/333 ] WIN    28 turns   xanxus, myotismon, ban  vs  blackstar, tokoyami, crona
[ 149/333 ] WIN    21 turns   cooler, mash, alphonse  vs  erza, nezuko, minene
[ 150/333 ] LOSS   19 turns   jesse, misaka, jack  vs  gogeta, itachi, maka
[ 151/333 ] WIN    15 turns   frieren, xanxus, death  vs  zoro, orihime, mars
[ 152/333 ] WIN    21 turns   kurapika, mercury, yubel  vs  kurotsuchi, mavis, omnimon
[ 153/333 ] LOSS   16 turns   zenitsu, byakuya, toph  vs  madoka, shokuhou, lizandpatty
[ 154/333 ] LOSS   37 turns   genos, chrome, gatomon  vs  esdeath, misaka, renamon
Applying bleed effect! Checking special code
Applying bleed effect! Checking special code
Applying bleed effect! Checking special code
Applying bleed effect! Checking special code
[ 155/333 ] LOSS   20 turns   renamon, sayaka, denji  vs  tsubasa, crona, gon
[ 156/333 ] WIN    20 turns   astolfo, gallantmon, gojo  vs  lyserg, shokuhou, kitara
[ 157/333 ] WIN    15 turns   killua, emiyaarcher, allmight  vs  xanxus, rimuru, mavis
[ 158/333 ] LOSS   34 turns   kitara, bakugo, saturn  vs  naruto, shokuhou, sakura
[ 159/333 ] WIN    25 turns   ryohei, lyserg, halibel  vs  kid, kuroko, luffy
Applying bleed effect! Checking special code
Applying bleed effect! Checking special code
Applying bleed effect! Checking special code
Applying bleed effect! Checking special code
Applying bleed effect! Checking special code
Applying bleed effect! Checking special code
[ 160/333 ] LOSS   14 turns   sukuna, shokuhou, satsuki  vs  seventeen, aiohto, rakko
[ 161/333 ] WIN    22 turns   saturn, kurotsuchi, saber  vs  maka, koro, gon
[ 162/333 ] WIN    14 turns   hinata, byakuya, esdeath  vs  tanjiro, tsunayoshi, sukuna
[ 163/333 ] LOSS   20 turns   usopp, toji, aang  vs  aiohto, yuno, sasuke
[ 164/333 ] LOSS   25 turns   sayaka, toudou, uraraka  vs  midoriya, ladydevimon, tsunayoshi
[ 165/333 ] WIN    12 turns   machinedramon, minene, madoka  vs  mikasa, yoh, omnimon
[ 166/333 ] LOSS   18 turns   mine, chrome, lucy  vs  edward, saturn, shinra
[ 167/333 ] LOSS   15 turns   saber, megumin, madoka  vs  hashirama, uraraka, boruto
Applying bleed effect! Checking special code
[ 168/333 ] LOSS   14 turns   crona, allmight, impmon  vs  ganta, inosuke, satsuki
[ 169/333 ] LOSS   31 turns   todoroki, lyserg, mavis  vs  lucy, frieren, halibel
Applying bleed effect! Checking special code
Applying bleed effect! Checking special code
Applying bleed effect! Checking special code
[ 170/333 ] LOSS   24 turns   sasuke, ladydevimon, jinwoo  vs  marco, rengoku, tsubasa
[ 171/333 ] WIN    21 turns   naruto, kuroko, seventeen  vs  satsuki, gallantmon, kurapika
Applying bleed effect! Checking special code
Applying bleed effect! Checking special code
Applying bleed effect! Checking special code
[ 172/333 ] LOSS   36 turns   tatsumaki, minene, rengoku  vs  gohan, saturn, tokoyami
Applying bleed effect! Checking special code
Applying bleed effect! Checking special code
[ 173/333 ] LOSS   14 turns   king, ban, koro  vs  kaiba, yoh, hashirama
Applying bleed effect! Checking special code
[ 174/333 ] LOSS   22 turns   ace, inosuke, megumin  vs  veldora, kitara, ichibe
Applying bleed effect! Checking special code
Applying bleed effect! Checking special code
Applying bleed effect! Checking special code
Applying bleed effect! Checking special code
Applying bleed effect! Checking special code
[ 175/333 ] WIN    18 turns   meliodas, saber, ken  vs  halibel, toji, megumi
[ 176/333 ] WIN    30 turns   jaden, zenitsu, itachi  vs  marco, rob, yoh
[ 177/333 ] WIN    57 turns   nezuko, uraraka, yoh  vs  uranus, vegeta, killua
[ 178/333 ] WIN    28 turns   vegeta, shinoa, ban  vs  astolfo, genos, allmight
[ 179/333 ] LOSS   18 turns   itachi, tsunayoshi, shokuhou  vs  mash, emiyaarcher, emiya
[ 180/333 ] WIN    18 turns   kid, emiya, ichibe  vs  shokuhou, sayaka, meliodas
[ 181/333 ] WIN    19 turns   hashirama, lizandpatty, yugi  vs  kid, frieren, meliodas
Applying bleed effect! Checking special code
Applying bleed effect! Checking special code
[ 182/333 ] WIN    29 turns   denji, uzui, rimuru  vs  renamon, akame, uraraka
Applying bleed effect! Checking special code
Applying bleed effect! Checking special code
Applying bleed effect! Checking special code
[ 183/333 ] WIN    29 turns   levi, jack, vegeta  vs  nel, king, tsubasa
[ 184/333 ] WIN    30 turns   hinata, edward, tatsumaki  vs  yuno, ryuko, frieren
[ 185/333 ] LOSS   15 turns   nobara, eren, jesse  vs  jupiter, uzui, gray
[ 186/333 ] LOSS   14 turns   mami, ladydevimon, nimaiya  vs  meliodas, gon, shokuhou
[ 187/333 ] WIN    33 turns   meliodas, tokoyami, blackwargreymon  vs  mavis, eren, tanjiro
[ 188/333 ] WIN    33 turns   tsubasa, mami, midoriya  vs  ryuko, toji, nobara
[ 189/333 ] LOSS   15 turns   alphamon, shiro, erza  vs  saber, yuno, genos
[ 190/333 ] LOSS   16 turns   byakuya, sheele, inuyasha  vs  esdeath, zoro, koro
Applying bleed effect! Checking special code
Applying bleed effect! Checking special code
[ 191/333 ] WIN    20 turns   power, koro, halibel  vs  tsubasa, hawkmon, rimuru
[ 192/333 ] LOSS   30 turns   mercury, jinwoo, jesse  vs  adam, halibel, gon
[ 193/333 ] WIN    40 turns   levi, lizandpatty, allmight  vs  toudou, alphonse, hinata
[ 194/333 ] LOSS   21 turns   uraraka, uranus, aiohto  vs  touka, luffy, yuji
Applying bleed effect! Checking special code
Applying bleed effect! Checking special code
Applying bleed effect! Checking special code
Applying bleed effect! Checking special code
Applying bleed effect! Checking special code
[ 195/333 ] WIN    27 turns   halibel, itachi, denji  vs  korra, jinwoo, tsuyu
[ 196/333 ] LOSS   15 turns   lyserg, uzui, crona  vs  astolfo, levi, gohan
Applying bleed effect! Checking special code
[ 197/333 ] WIN    31 turns   itachi, nel, crona  vs  power, goku, shokuhou
[ 198/333 ] WIN    22 turns   tatsumi, lucy, nagisa  vs  misaka, kuroko, todoroki
Applying bleed effect! Checking special code
[ 199/333 ] WIN    15 turns   soul, ryuko, jupiter  vs  touka, rengoku, impmon
[ 200/333 ] LOSS   18 turns   todoroki, nezuko, esdeath  vs  tatsumi, mars, chrome
Applying bleed effect! Checking special code
Applying bleed effect! Checking special code
[ 201/333 ] LOSS   13 turns   nonon, sakura, rengoku  vs  emiyaarcher, ganta, levi
[ 202/333 ] LOSS   28 turns   renamon, ryohei, cell  vs  neferpitou, kitara, nobara
[ 203/333 ] LOSS   36 turns   adam, toph, satsuki  vs  todoroki, gray, gojo
[ 204/333 ] WIN    29 turns   kurapika, renamon, sukuna  vs  mikasa, ban, tsuyu
Applying bleed effect! Checking special code
Applying bleed effect! Checking special code
Applying bleed effect! Checking special code
Yubel's S1 Triggered!
Applying bleed effect! Checking special code
Applying bleed effect! Checking special code
Applying bleed effect! Checking special code
[ 205/333 ] WIN    21 turns   sakura, rakko, yubel  vs  veldora, tamaki, mavis
[ 206/333 ] WIN    17 turns   bakugo, ryuko, edward  vs  tsubasa, veldora, pegasus
[ 207/333 ] WIN    22 turns   neferpitou, gohan, todoroki  vs  cell, arthur, toji
[ 208/333 ] LOSS   29 turns   inuyasha, ganta, jaden  vs  levi, natsu, horohoro
Applying bleed effect! Checking special code
Applying bleed effect! Checking special code
Applying bleed effect! Checking special code
[ 209/333 ] WIN    14 turns   mars, meliodas, denji  vs  midoriya, akame, yuno
[ 210/333 ] LOSS   13 turns   sayaka, rob, koro  vs  broly, gunha, mash
Applying bleed effect! Checking special code
Applying bleed effect! Checking special code
Applying bleed effect! Checking special code
Applying bleed effect! Checking special code
Applying bleed effect! Checking special code
Applying bleed effect! Checking special code
[ 211/333 ] WIN    15 turns   tamaki, venus, king  vs  gatomon, alphonse, denji
[ 212/333 ] WIN    12 turns   mine, eren, sheele  vs  byakuya, muichiro, myotismon
[ 213/333 ] WIN    18 turns   tsunayoshi, soul, rob  vs  tatsumaki, death, yoh
[ 214/333 ] LOSS   18 turns   killua, gilgamesh, kitara  vs  jack, sasuke, veldora
Applying bleed effect! Checking special code
Applying bleed effect! Checking special code
Applying bleed effect! Checking special code
Applying bleed effect! Checking special code
Applying bleed effect! Checking special code
Applying bleed effect! Checking special code
Applying bleed effect! Checking special code
[ 215/333 ] WIN    21 turns   itachi, halibel, bakugo  vs  rakko, nobara, emiya
[ 216/333 ] LOSS   13 turns   shinoa, death, tatsumaki  vs  ichigo, jupiter, nonon
[ 217/333 ] WIN    12 turns   uranus, ganta, shinra  vs  ryuko, asta, veldora
[ 218/333 ] WIN    17 turns   sayaka, shinoa, mami  vs  jupiter, lyserg, madoka
Applying bleed effect! Checking special code
Applying bleed effect! Checking special code
Applying bleed effect! Checking special code
Applying bleed effect! Checking special code
Applying bleed effect! Checking special code
Applying bleed effect! Checking special code
Applying bleed effect! Checking special code
Applying bleed effect! Checking special code
[ 219/333 ] LOSS   18 turns   alphonse, jeanne, yuji  vs  maka, xanxus, king
[ 220/333 ] WIN    20 turns   lizandpatty, emiyaarcher, xanxus  vs  aang, arthur, alphamon
Applying bleed effect! Checking special code
[ 221/333 ] WIN    19 turns   hashirama, diane, nimaiya  vs  semiramis, ryohei, ace
Applying bleed effect! Checking special code
Applying bleed effect! Checking special code
Applying bleed effect! Checking special code
Applying bleed effect! Checking special code
Applying bleed effect! Checking special code
Applying bleed effect! Checking special code
Applying bleed effect! Checking special code
Applying bleed effect! Checking special code
Applying bleed effect! Checking special code
[ 222/333 ] WIN    13 turns   ken, toph, mash  vs  usopp, rengoku, genos
[ 223/333 ] WIN    14 turns   alphamon, machinedramon, toji  vs  todoroki, impmon, horohoro
Applying bleed effect! Checking special code
Applying bleed effect! Checking special code
Applying bleed effect! Checking special code
Applying bleed effect! Checking special code
Applying bleed effect! Checking special code
Applying bleed effect! Checking special code
[ 224/333 ] LOSS   48 turns   sasuke, marco, eren  vs  gilgamesh, power, ganta
[ 225/333 ] WIN    18 turns   hashirama, hibari, vegeta  vs  goku, squalo, halibel
Applying bleed effect! Checking special code
[ 226/333 ] WIN    22 turns   cell, allmight, tatsumaki  vs  power, shinoa, yugi
[ 227/333 ] LOSS   19 turns   frieren, jeanne, xanxus  vs  arthur, impmon, jesse
[ 228/333 ] LOSS   34 turns   gatomon, mikasa, ganta  vs  gojo, emiyaarcher, power
Applying bleed effect! Checking special code
Applying bleed effect! Checking special code
Applying bleed effect! Checking special code
[ 229/333 ] WIN    26 turns   diane, death, kurotsuchi  vs  gatomon, xanxus, gunha
Applying bleed effect! Checking special code
[ 230/333 ] LOSS   14 turns   nel, pegasus, sukuna  vs  rakko, astolfo, esdeath
[ 231/333 ] WIN    16 turns   death, uranus, power  vs  blackwargreymon, gatomon, orihime
[ 232/333 ] LOSS   25 turns   sakura, hawkmon, gray  vs  hibari, mine, yamamoto
[ 233/333 ] WIN    16 turns   touka, neferpitou, megumin  vs  cell, zenitsu, jeanne
Yubel's S1 Triggered!
Yubel's S1 Triggered!
[ 234/333 ] WIN    36 turns   korra, soul, chrome  vs  yubel, ryuko, nagisa
[ 235/333 ] LOSS   15 turns   byakuya, seventeen, hawkmon  vs  diane, sukuna, saitama
[ 236/333 ] LOSS   30 turns   alphamon, mash, jesse  vs  jaden, erza, aiohto
Applying bleed effect! Checking special code
Applying bleed effect! Checking special code
Applying bleed effect! Checking special code
Applying bleed effect! Checking special code
Applying bleed effect! Checking special code
Applying bleed effect! Checking special code
Applying bleed effect! Checking special code
Applying bleed effect! Checking special code
[ 237/333 ] LOSS   23 turns   machinedramon, ken, rob  vs  tsunayoshi, denji, akame
[ 238/333 ] LOSS   25 turns   gasai, aiohto, nel  vs  renamon, luffy, blackstar
[ 239/333 ] WIN    20 turns   nagisa, saber, megumi  vs  byakuya, ichigo, yugi
[ 240/333 ] LOSS   18 turns   diane, yugi, gilgamesh  vs  kid, bakugo, nimaiya
[ 241/333 ] WIN    21 turns   shiro, megumi, jupiter  vs  uzui, yamamoto, gray
[ 242/333 ] WIN    28 turns   squalo, halibel, gojo  vs  goku, tokoyami, akame
Applying bleed effect! Checking special code
Applying bleed effect! Checking special code
Applying bleed effect! Checking special code
Applying bleed effect! Checking special code
Applying bleed effect! Checking special code
Applying bleed effect! Checking special code
Applying bleed effect! Checking special code
[ 243/333 ] LOSS   21 turns   ace, gallantmon, tsuyu  vs  ken, ryuko, jesse
[ 244/333 ] LOSS   14 turns   gogeta, mars, nobara  vs  sheele, tatsumaki, frankenstein
Applying bleed effect! Checking special code
Applying bleed effect! Checking special code
Applying bleed effect! Checking special code
Applying bleed effect! Checking special code
Applying bleed effect! Checking special code
[ 245/333 ] LOSS   20 turns   alphonse, ken, chrome  vs  xanxus, nonon, nagisa
Applying bleed effect! Checking special code
Applying bleed effect! Checking special code
Applying bleed effect! Checking special code
Applying bleed effect! Checking special code
[ 246/333 ] WIN    27 turns   ken, semiramis, tatsumaki  vs  yoh, megumi, toji
[ 247/333 ] LOSS   28 turns   veldora, kaiba, toji  vs  venus, tatsumi, saturn
[ 248/333 ] LOSS   21 turns   yamamoto, goku, hibari  vs  megumin, gogeta, erza
Applying bleed effect! Checking special code
Applying bleed effect! Checking special code
Applying bleed effect! Checking special code
[ 249/333 ] LOSS   18 turns   inosuke, alphonse, yuno  vs  lyserg, tanjiro, orihime
Applying bleed effect! Checking special code
Applying bleed effect! Checking special code
[ 250/333 ] LOSS   17 turns   kurapika, gray, power  vs  vegeta, nimaiya, midoriya
[ 251/333 ] WIN    25 turns   satsuki, jeanne, shinoa  vs  renamon, gojo, uraraka
[ 252/333 ] LOSS   18 turns   jack, kurotsuchi, soul  vs  death, eren, asta
Applying bleed effect! Checking special code
[ 253/333 ] WIN    24 turns   zenitsu, ichibe, saitama  vs  diane, sakura, usopp
Applying bleed effect! Checking special code
Applying bleed effect! Checking special code
Applying bleed effect! Checking special code
Applying bleed effect! Checking special code
Applying bleed effect! Checking special code
Applying bleed effect! Checking special code
[ 254/333 ] LOSS   14 turns   nagisa, yugi, yuji  vs  machinedramon, broly, ken
Applying bleed effect! Checking special code
Applying bleed effect! Checking special code
Applying bleed effect! Checking special code
[ 255/333 ] LOSS   20 turns   denji, semiramis, erza  vs  meliodas, gilgamesh, mikasa
[ 256/333 ] LOSS   22 turns   lyserg, veldora, nezuko  vs  tanjiro, itachi, rob
Applying bleed effect! Checking special code
Applying bleed effect! Checking special code
Applying bleed effect! Checking special code
Applying bleed effect! Checking special code
Applying bleed effect! Checking special code
[ 257/333 ] LOSS   21 turns   killua, power, gogeta  vs  frankenstein, blackwargreymon, venus
[ 258/333 ] LOSS   25 turns   mikasa, jack, tanjiro  vs  levi, edward, gohan
[ 259/333 ] LOSS   24 turns   mikasa, edward, kaiba  vs  kitara, ladydevimon, satsuki
[ 260/333 ] LOSS   21 turns   toga, rob, megumi  vs  mars, jinwoo, ichibe
[ 261/333 ] LOSS   16 turns   xanxus, frankenstein, jeanne  vs  inuyasha, ichigo, tamaki
[ 262/333 ] LOSS   24 turns   death, jesse, horohoro  vs  koro, edward, gojo
[ 263/333 ] LOSS   21 turns   tsubasa, misaka, tsuyu  vs  orihime, yoh, edward
[ 264/333 ] LOSS   34 turns   alphonse, misaka, adam  vs  nagisa, megumi, todoroki
[ 265/333 ] LOSS   25 turns   ace, mikasa, madoka  vs  ladydevimon, mavis, yoh
[ 266/333 ] LOSS   24 turns   mine, tatsumaki, yugi  vs  saber, levi, soul
Applying bleed effect! Checking special code
[ 267/333 ] WIN    15 turns   lyserg, hibari, uranus  vs  king, levi, ban
[ 268/333 ] LOSS   26 turns   tokoyami, shinoa, natsu  vs  noelle, chrome, zoro
Applying bleed effect! Checking special code
Applying bleed effect! Checking special code
Applying bleed effect! Checking special code
Applying bleed effect! Checking special code
Applying bleed effect! Checking special code
Applying bleed effect! Checking special code
Applying bleed effect! Checking special code
[ 269/333 ] LOSS   34 turns   inosuke, mash, meliodas  vs  yoh, ace, tokoyami
Applying bleed effect! Checking special code
Applying bleed effect! Checking special code
Applying bleed effect! Checking special code
Applying bleed effect! Checking special code
[ 270/333 ] WIN    24 turns   jinwoo, kurotsuchi, rakko  vs  squalo, toph, crona
Applying bleed effect! Checking special code
Applying bleed effect! Checking special code
[ 271/333 ] WIN    24 turns   aiohto, natsu, alphamon  vs  aang, rimuru, inosuke
Yubel's S1 Triggered!
Yubel's S1 Triggered!
[ 272/333 ] WIN    22 turns   gohan, ladydevimon, impmon  vs  kurotsuchi, jesse, yubel
[ 273/333 ] LOSS   28 turns   mercury, toph, veldora  vs  power, satsuki, zoro
[ 274/333 ] WIN    18 turns   squalo, byakuya, lyserg  vs  horohoro, yuno, toga
[ 275/333 ] LOSS   24 turns   tsubaki, hawkmon, gallantmon  vs  gon, asta, nobara
[ 276/333 ] WIN    18 turns   omnimon, hawkmon, jupiter  vs  frieren, kid, jesse
Applying bleed effect! Checking special code
Applying bleed effect! Checking special code
Applying bleed effect! Checking special code
Applying bleed effect! Checking special code
Applying bleed effect! Checking special code
Applying bleed effect! Checking special code
Applying bleed effect! Checking special code
Applying bleed effect! Checking special code
Applying bleed effect! Checking special code
[ 277/333 ] LOSS   22 turns   ken, kid, gilgamesh  vs  erza, shokuhou, rakko
[ 278/333 ] LOSS   16 turns   tatsumi, gilgamesh, nonon  vs  nagisa, kuroko, mars
[ 279/333 ] LOSS   29 turns   korra, kitara, kuroko  vs  blackstar, kaiba, satsuki
[ 280/333 ] LOSS   36 turns   todoroki, arthur, mikasa  vs  blackstar, blackwargreymon, gogeta
[ 281/333 ] LOSS   19 turns   chrome, astolfo, inuyasha  vs  touka, sukuna, zoro
[ 282/333 ] LOSS   11 turns   aang, ryuko, shiro  vs  ladydevimon, lucy, asta
Applying bleed effect! Checking special code
[ 283/333 ] WIN    24 turns   yugi, hibari, halibel  vs  asta, frieren, denji
[ 284/333 ] WIN    22 turns   blackstar, renamon, ichibe  vs  zoro, machinedramon, arthur
[ 285/333 ] WIN    20 turns   yugi, tsubasa, cell  vs  kaiba, shinoa, nezuko
[ 286/333 ] WIN    10 turns   mavis, squalo, lucy  vs  meliodas, esdeath, koro
[ 287/333 ] WIN    16 turns   midoriya, kuroko, nel  vs  death, ladydevimon, jeanne
Applying bleed effect! Checking special code
Applying bleed effect! Checking special code
Applying bleed effect! Checking special code
Applying bleed effect! Checking special code
Applying bleed effect! Checking special code
[ 288/333 ] WIN    27 turns   neferpitou, kitara, shokuhou  vs  zenitsu, gallantmon, ken
[ 289/333 ] DRAW  500 turns   levi, jesse, mavis  vs  omnimon, tamaki, eren
[ 290/333 ] WIN    22 turns   veldora, hisoka, natsu  vs  kaiba, emiya, sheele
Applying bleed effect! Checking special code
Applying bleed effect! Checking special code
Applying bleed effect! Checking special code
Applying bleed effect! Checking special code
Applying bleed effect! Checking special code
Applying bleed effect! Checking special code
[ 291/333 ] LOSS   20 turns   toph, jeanne, luffy  vs  tokoyami, edward, rakko
[ 292/333 ] LOSS   43 turns   minene, saturn, horohoro  vs  goku, aiohto, inuyasha
[ 293/333 ] LOSS   23 turns   zenitsu, eren, shinoa  vs  nagisa, zoro, megumin
[ 294/333 ] LOSS   31 turns   misaka, korra, cell  vs  soul, death, boruto
[ 295/333 ] LOSS   36 turns   byakuya, gasai, myotismon  vs  lyserg, ace, uzui
Applying bleed effect! Checking special code
Applying bleed effect! Checking special code
Applying bleed effect! Checking special code
Applying bleed effect! Checking special code
[ 296/333 ] LOSS   35 turns   ace, nel, inosuke  vs  esdeath, todoroki, misaka
Applying bleed effect! Checking special code
Applying bleed effect! Checking special code
Applying bleed effect! Checking special code
Applying bleed effect! Checking special code
Applying bleed effect! Checking special code
Applying bleed effect! Checking special code
[ 297/333 ] LOSS   23 turns   usopp, tsunayoshi, rakko  vs  koro, hashirama, gunha
[ 298/333 ] WIN    18 turns   hawkmon, gogeta, eren  vs  tatsumaki, saitama, tsubaki
[ 299/333 ] WIN    25 turns   mercury, gohan, nagisa  vs  ganta, gasai, tsubaki
[ 300/333 ] WIN    21 turns   hashirama, allmight, misaka  vs  zoro, tsubasa, myotismon
Applying bleed effect! Checking special code
[ 301/333 ] WIN    20 turns   broly, madoka, killua  vs  luffy, ken, yoh
Applying bleed effect! Checking special code
Applying bleed effect! Checking special code
Applying bleed effect! Checking special code
[ 302/333 ] LOSS   19 turns   mercury, denji, tanjiro  vs  gasai, renamon, lucy
Applying bleed effect! Checking special code
Applying bleed effect! Checking special code
[ 303/333 ] WIN    25 turns   venus, tamaki, saturn  vs  rengoku, ichibe, halibel
[ 304/333 ] LOSS   46 turns   ban, hawkmon, itachi  vs  toga, nagisa, hashirama
[ 305/333 ] WIN    20 turns   jesse, hashirama, soul  vs  akame, halibel, tsubasa
Applying bleed effect! Checking special code
Applying bleed effect! Checking special code
Applying bleed effect! Checking special code
Applying bleed effect! Checking special code
[ 306/333 ] WIN    15 turns   lizandpatty, gunha, alphonse  vs  horohoro, itachi, ken
[ 307/333 ] LOSS   20 turns   saber, sukuna, jeanne  vs  gunha, horohoro, jesse
[ 308/333 ] WIN    16 turns   muichiro, astolfo, mercury  vs  touka, luffy, denji
Applying bleed effect! Checking special code
Applying bleed effect! Checking special code
Applying bleed effect! Checking special code
Applying bleed effect! Checking special code
Applying bleed effect! Checking special code
Applying bleed effect! Checking special code
Applying bleed effect! Checking special code
Applying bleed effect! Checking special code
[ 309/333 ] WIN    20 turns   rakko, machinedramon, levi  vs  jeanne, lizandpatty, meliodas
[ 310/333 ] LOSS   20 turns   emiya, uranus, allmight  vs  tsubasa, yuji, itachi
[ 311/333 ] WIN    20 turns   jaden, kitara, aiohto  vs  emiya, natsu, nonon
[ 312/333 ] LOSS   16 turns   tsunayoshi, renamon, hinata  vs  itachi, seventeen, toudou
[ 313/333 ] WIN    27 turns   gray, halibel, touka  vs  hawkmon, emiya, tsubasa
[ 314/333 ] LOSS   13 turns   koro, akame, chrome  vs  kitara, mercury, gray
[ 315/333 ] WIN    22 turns   kuroko, frankenstein, ken  vs  squalo, megumi, nagisa
[ 316/333 ] WIN    26 turns   horohoro, vegeta, sheele  vs  saitama, ban, kuroko
[ 317/333 ] WIN    12 turns   kurotsuchi, machinedramon, broly  vs  uzui, tokoyami, frieren
[ 318/333 ] WIN    35 turns   marco, maka, ban  vs  tanjiro, koro, jack
[ 319/333 ] LOSS   28 turns   nagisa, yugi, lyserg  vs  misaka, sukuna, maka
[ 320/333 ] LOSS   26 turns   aang, broly, megumin  vs  nagisa, nel, toph
[ 321/333 ] WIN    24 turns   omnimon, jesse, erza  vs  itachi, akame, tsuyu
Applying bleed effect! Checking special code
Applying bleed effect! Checking special code
Applying bleed effect! Checking special code
Applying bleed effect! Checking special code
Applying bleed effect! Checking special code
Applying bleed effect! Checking special code
[ 322/333 ] WIN    31 turns   hashirama, pegasus, kurapika  vs  mash, koro, king
[ 323/333 ] LOSS   12 turns   halibel, hashirama, frieren  vs  sakura, ace, toph
[ 324/333 ] WIN    41 turns   marco, luffy, tatsumaki  vs  frankenstein, shinra, semiramis
Applying bleed effect! Checking special code
Applying bleed effect! Checking special code
[ 325/333 ] LOSS   19 turns   madoka, noelle, rengoku  vs  toph, misaka, gray
[ 326/333 ] LOSS   18 turns   hibari, killua, kitara  vs  asta, marco, ryuko
[ 327/333 ] LOSS   28 turns   ban, sayaka, mars  vs  nagisa, adam, gatomon
[ 328/333 ] LOSS   30 turns   ichigo, shinoa, itachi  vs  diane, semiramis, nagisa
[ 329/333 ] WIN    19 turns   mami, alphonse, nimaiya  vs  mikasa, satsuki, semiramis
[ 330/333 ] LOSS   19 turns   yoh, satsuki, eren  vs  hibari, nimaiya, sayaka
[ 331/333 ] WIN    22 turns   ganta, mercury, hibari  vs  nagisa, nezuko, aang
Applying bleed effect! Checking special code
[ 332/333 ] WIN    13 turns   korra, ichibe, touka  vs  denji, jaden, adam
[ 333/333 ] WIN     9 turns   muichiro, mine, mash  vs  levi, machinedramon, rob
=== TRAINER RUN COMPLETE ===
Matches: 333   W: 157   L: 175   D: 1   Win: 47.1%   (opponent: v3:gen_5.json  [EVAL])
