Godot Engine v4.6.2.stable.official.71f334935 - https://godotengine.org

[trainer] seed=92000 matches=250 opponent=priority eval=true out=res://training/checkpoints/work.json checkpoint=res://training/checkpoints/gen_5.json
[authored] loaded 1 authored character(s)
[   1/250 ] WIN    29 turns   luffy, hinata, ichibe  vs  rimuru, horohoro, crona
[   2/250 ] WIN    19 turns   toji, diane, genos  vs  gon, tsuyu, tatsumi
[   3/250 ] WIN    18 turns   horohoro, meliodas, nimaiya  vs  gray, midoriya, saturn
[   4/250 ] WIN    13 turns   gunha, nimaiya, gon  vs  nagisa, ryuko, veldora
[   5/250 ] WIN    14 turns   gon, nezuko, ladydevimon  vs  horohoro, tanjiro, ken
[   6/250 ] LOSS   19 turns   mami, gallantmon, kitara  vs  uzui, astolfo, machinedramon
[   7/250 ] WIN    31 turns   meliodas, byakuya, cell  vs  shinoa, lyserg, halibel
[   8/250 ] WIN    12 turns   gon, nimaiya, megumi  vs  tatsumaki, allmight, rakko
[   9/250 ] LOSS   16 turns   zoro, zenitsu, shinoa  vs  tatsumaki, nagisa, tsubaki
Applying bleed effect! Checking special code
[  10/250 ] WIN    26 turns   hashirama, myotismon, gallantmon  vs  diane, mikasa, jeanne
[  11/250 ] WIN    19 turns   vegeta, nel, horohoro  vs  kurotsuchi, crona, ace
Applying bleed effect! Checking special code
Applying bleed effect! Checking special code
Applying bleed effect! Checking special code
[  12/250 ] WIN    21 turns   usopp, ryuko, hawkmon  vs  rakko, zenitsu, inosuke
[  13/250 ] WIN    23 turns   cooler, mavis, tsuyu  vs  hawkmon, saitama, saturn
[  14/250 ] LOSS   21 turns   rimuru, gunha, kid  vs  eren, toph, zoro
[  15/250 ] WIN    26 turns   orihime, gatomon, neferpitou  vs  ladydevimon, sayaka, gallantmon
[  16/250 ] WIN    22 turns   yuji, minene, megumi  vs  bakugo, nezuko, frieren
[  17/250 ] WIN    25 turns   zoro, mars, halibel  vs  allmight, xanxus, levi
[  18/250 ] LOSS   20 turns   erza, tsubaki, shinoa  vs  uraraka, sukuna, mercury
[  19/250 ] LOSS   24 turns   mavis, nagisa, nezuko  vs  pegasus, hashirama, erza
[  20/250 ] WIN    25 turns   emiya, natsu, shokuhou  vs  tokoyami, astolfo, toga
[  21/250 ] WIN    27 turns   xanxus, ban, todoroki  vs  nimaiya, gon, emiya
[  22/250 ] LOSS   22 turns   allmight, toph, astolfo  vs  jaden, usopp, crona
[  23/250 ] LOSS   31 turns   nel, toudou, arthur  vs  squalo, erza, kitara
[  24/250 ] WIN    14 turns   zenitsu, nezuko, ganta  vs  jesse, soul, alphonse
Applying bleed effect! Checking special code
Applying bleed effect! Checking special code
Applying bleed effect! Checking special code
Applying bleed effect! Checking special code
Applying bleed effect! Checking special code
Applying bleed effect! Checking special code
Applying bleed effect! Checking special code
Applying bleed effect! Checking special code
[  25/250 ] WIN    16 turns   ichibe, king, xanxus  vs  allmight, tatsumaki, toga
[  26/250 ] WIN    20 turns   frankenstein, nel, machinedramon  vs  sakura, gogeta, jinwoo
[  27/250 ] WIN    24 turns   mars, tsunayoshi, nel  vs  edward, midoriya, lizandpatty
[  28/250 ] WIN    21 turns   rimuru, mikasa, tanjiro  vs  nonon, lyserg, sasuke
[  29/250 ] WIN    15 turns   satsuki, gon, gohan  vs  saturn, muichiro, meliodas
[  30/250 ] WIN    17 turns   ban, broly, horohoro  vs  mavis, tanjiro, mami
[  31/250 ] WIN    23 turns   vegeta, lucy, emiya  vs  edward, touka, misaka
Applying bleed effect! Checking special code
Yubel's S1 Triggered!
Yubel's S1 Triggered!
Applying bleed effect! Checking special code
Applying bleed effect! Checking special code
[  32/250 ] WIN    28 turns   adam, diane, yubel  vs  shinra, kitara, nonon
Applying bleed effect! Checking special code
Applying bleed effect! Checking special code
Applying bleed effect! Checking special code
Applying bleed effect! Checking special code
Applying bleed effect! Checking special code
[  33/250 ] WIN    19 turns   shinra, cell, akame  vs  todoroki, korra, power
[  34/250 ] WIN    17 turns   nagisa, hinata, astolfo  vs  noelle, adam, tamaki
[  35/250 ] WIN    18 turns   sukuna, jesse, mars  vs  gohan, sheele, satsuki
[  36/250 ] WIN    12 turns   genos, alphamon, kurapika  vs  jupiter, akame, noelle
[  37/250 ] WIN    11 turns   todoroki, jesse, toji  vs  killua, mavis, nagisa
Applying bleed effect! Checking special code
Applying bleed effect! Checking special code
Applying bleed effect! Checking special code
[  38/250 ] LOSS   28 turns   ace, todoroki, impmon  vs  rakko, gohan, nezuko
[  39/250 ] WIN    31 turns   nezuko, gilgamesh, marco  vs  mars, koro, kurapika
[  40/250 ] WIN    17 turns   mavis, mercury, midoriya  vs  madoka, lyserg, saturn
[  41/250 ] LOSS   11 turns   tsunayoshi, sakura, mami  vs  frankenstein, killua, yugi
[  42/250 ] LOSS   17 turns   allmight, yoh, aiohto  vs  esdeath, natsu, koro
[  43/250 ] WIN    24 turns   sakura, toudou, halibel  vs  jack, hawkmon, usopp
[  44/250 ] LOSS   21 turns   ryohei, minene, cell  vs  ace, hisoka, horohoro
[  45/250 ] WIN    28 turns   sakura, misaka, myotismon  vs  blackwargreymon, kurotsuchi, gojo
[  46/250 ] WIN    29 turns   tsubaki, tsuyu, nezuko  vs  yugi, ace, shinoa
Applying bleed effect! Checking special code
Applying bleed effect! Checking special code
Applying bleed effect! Checking special code
Applying bleed effect! Checking special code
Applying bleed effect! Checking special code
Applying bleed effect! Checking special code
Applying bleed effect! Checking special code
[  47/250 ] WIN    35 turns   eren, king, semiramis  vs  uzui, jack, ace
[  48/250 ] LOSS   21 turns   gon, nezuko, ryohei  vs  mars, mine, toudou
[  49/250 ] WIN    16 turns   esdeath, nel, tsubasa  vs  frankenstein, ladydevimon, korra
Applying bleed effect! Checking special code
Applying bleed effect! Checking special code
[  50/250 ] WIN    20 turns   megumin, ichigo, denji  vs  nonon, inosuke, saitama
[  51/250 ] WIN     7 turns   jeanne, tsubaki, mars  vs  marco, mavis, toga
Applying bleed effect! Checking special code
[  52/250 ] WIN    19 turns   machinedramon, mine, sasuke  vs  gohan, saber, rakko
Applying bleed effect! Checking special code
Applying bleed effect! Checking special code
Applying bleed effect! Checking special code
Applying bleed effect! Checking special code
Applying bleed effect! Checking special code
[  53/250 ] LOSS   30 turns   veldora, toji, diane  vs  jinwoo, rakko, blackwargreymon
[  54/250 ] WIN    21 turns   shinra, goku, orihime  vs  midoriya, mikasa, muichiro
Applying bleed effect! Checking special code
Applying bleed effect! Checking special code
Applying bleed effect! Checking special code
Applying bleed effect! Checking special code
[  55/250 ] WIN    26 turns   orihime, uzui, lizandpatty  vs  denji, gallantmon, kaiba
Applying bleed effect! Checking special code
[  56/250 ] WIN    15 turns   soul, gon, rimuru  vs  sasuke, jack, rakko
[  57/250 ] WIN    17 turns   tanjiro, ichigo, tatsumi  vs  uzui, aiohto, inosuke
Applying bleed effect! Checking special code
Applying bleed effect! Checking special code
[  58/250 ] WIN    14 turns   gray, satsuki, edward  vs  boruto, rakko, machinedramon
[  59/250 ] LOSS   33 turns   toga, jesse, ichibe  vs  rob, hawkmon, levi
