Godot Engine v4.6.2.stable.official.71f334935 - https://godotengine.org

[trainer] seed=15000 matches=250 opponent=self eval=false out=res://training/orchestrator/worker_r1_i0.json checkpoint=(fresh)
[authored] loaded 1 authored character(s)
Applying bleed effect! Checking special code
Applying bleed effect! Checking special code
Applying bleed effect! Checking special code
Applying bleed effect! Checking special code
Applying bleed effect! Checking special code
Applying bleed effect! Checking special code
[   1/250 ] WIN    19 turns   king, jesse, nezuko  vs  crona, kid, jeanne
[   2/250 ] LOSS   34 turns   byakuya, jesse, usopp  vs  alphamon, yuno, madoka
[   3/250 ] WIN    17 turns   shiro, seventeen, gilgamesh  vs  toudou, levi, adam
[   4/250 ] WIN    26 turns   cell, horohoro, kurotsuchi  vs  mikasa, orihime, itachi
[   5/250 ] WIN    29 turns   eren, mars, hisoka  vs  gogeta, emiyaarcher, goku
Applying bleed effect! Checking special code
Applying bleed effect! Checking special code
[   6/250 ] WIN    32 turns   kuroko, blackstar, nezuko  vs  denji, midoriya, lyserg
[   7/250 ] LOSS   26 turns   tatsumi, jesse, venus  vs  marco, neferpitou, jaden
Applying bleed effect! Checking special code
Applying bleed effect! Checking special code
Applying bleed effect! Checking special code
Applying bleed effect! Checking special code
Applying bleed effect! Checking special code
Applying bleed effect! Checking special code
Applying bleed effect! Checking special code
Applying bleed effect! Checking special code
[   8/250 ] WIN    12 turns   shinra, orihime, king  vs  nobara, rob, denji
[   9/250 ] LOSS   31 turns   gojo, nezuko, xanxus  vs  ladydevimon, orihime, itachi
[  10/250 ] WIN    17 turns   megumin, renamon, levi  vs  gohan, omnimon, rakko
Applying bleed effect! Checking special code
Applying bleed effect! Checking special code
Applying bleed effect! Checking special code
Applying bleed effect! Checking special code
Applying bleed effect! Checking special code
[  11/250 ] WIN    27 turns   nel, denji, rimuru  vs  uranus, veldora, toph
[  12/250 ] WIN    32 turns   nel, renamon, uranus  vs  shinoa, muichiro, kurapika
[  13/250 ] LOSS   15 turns   arthur, horohoro, crona  vs  sayaka, myotismon, renamon
Applying bleed effect! Checking special code
[  14/250 ] LOSS   28 turns   rimuru, ichigo, diane  vs  tamaki, pegasus, seventeen
[  15/250 ] WIN    29 turns   renamon, jinwoo, genos  vs  lucy, edward, rimuru
[  16/250 ] WIN    19 turns   goku, byakuya, sakura  vs  semiramis, levi, omnimon
[  17/250 ] WIN    25 turns   naruto, veldora, emiyaarcher  vs  halibel, gray, squalo
Applying bleed effect! Checking special code
Applying bleed effect! Checking special code
Applying bleed effect! Checking special code
Applying bleed effect! Checking special code
Applying bleed effect! Checking special code
[  18/250 ] WIN    19 turns   semiramis, hibari, diane  vs  ken, ryuko, naruto
Applying bleed effect! Checking special code
Applying bleed effect! Checking special code
Applying bleed effect! Checking special code
[  19/250 ] LOSS   28 turns   gallantmon, akame, inosuke  vs  uraraka, tatsumi, tamaki
[  20/250 ] WIN    25 turns   mercury, tokoyami, bakugo  vs  usopp, alphonse, tatsumi
[  21/250 ] WIN    16 turns   zoro, usopp, blackwargreymon  vs  cooler, jinwoo, kurapika
[  22/250 ] WIN    23 turns   toudou, frieren, natsu  vs  yubel, ladydevimon, jupiter
[  23/250 ] LOSS   11 turns   shiro, koro, renamon  vs  jack, nonon, madoka
Yubel's S1 Triggered!
[  24/250 ] WIN    15 turns   nel, gallantmon, satsuki  vs  gohan, bakugo, yubel
[  25/250 ] LOSS   21 turns   frieren, emiya, ryuko  vs  tanjiro, kid, jaden
[  26/250 ] WIN    74 turns   astolfo, hawkmon, mikasa  vs  meliodas, jesse, korra
Applying bleed effect! Checking special code
Applying bleed effect! Checking special code
Applying bleed effect! Checking special code
Applying bleed effect! Checking special code
Applying bleed effect! Checking special code
Applying bleed effect! Checking special code
Applying bleed effect! Checking special code
[  27/250 ] LOSS   16 turns   zenitsu, inosuke, uzui  vs  power, veldora, nimaiya
[  28/250 ] WIN    34 turns   halibel, uraraka, emiya  vs  kuroko, gray, saturn
[  29/250 ] LOSS   18 turns   cell, yuji, mavis  vs  halibel, squalo, mikasa
[  30/250 ] WIN    20 turns   alphonse, natsu, mash  vs  madoka, maka, rimuru
[  31/250 ] LOSS   27 turns   nezuko, lizandpatty, veldora  vs  sheele, toph, halibel
Applying bleed effect! Checking special code
Applying bleed effect! Checking special code
Applying bleed effect! Checking special code
[  32/250 ] WIN    18 turns   shiro, ladydevimon, gohan  vs  machinedramon, cell, denji
[  33/250 ] LOSS   33 turns   kuroko, maka, todoroki  vs  touka, eren, saturn
[  34/250 ] WIN    21 turns   blackwargreymon, genos, lyserg  vs  edward, shokuhou, eren
[  35/250 ] LOSS   20 turns   naruto, shinoa, gohan  vs  lyserg, nimaiya, ryohei
[  36/250 ] WIN    20 turns   tanjiro, tsubasa, asta  vs  ichigo, gallantmon, saber
[  37/250 ] LOSS   35 turns   tatsumaki, yamamoto, frieren  vs  satsuki, saturn, bakugo
[  38/250 ] WIN    25 turns   maka, chrome, yamamoto  vs  shinoa, saturn, yuji
[  39/250 ] WIN    18 turns   bakugo, killua, minene  vs  yugi, jeanne, ganta
[  40/250 ] WIN    27 turns   ichigo, jaden, yoh  vs  ryohei, emiyaarcher, sasuke
[  41/250 ] WIN    27 turns   tamaki, natsu, nel  vs  itachi, toudou, boruto
[  42/250 ] LOSS   17 turns   toudou, frankenstein, nimaiya  vs  rengoku, venus, misaka
[  43/250 ] WIN    18 turns   seventeen, gray, lucy  vs  byakuya, cell, nonon
[  44/250 ] WIN    42 turns   ladydevimon, tsuyu, saturn  vs  mikasa, sayaka, midoriya
[  45/250 ] LOSS   33 turns   naruto, orihime, shiro  vs  minene, boruto, jaden
[  46/250 ] LOSS   25 turns   tanjiro, sakura, touka  vs  gon, korra, halibel
[  47/250 ] WIN    13 turns   veldora, zenitsu, hisoka  vs  seventeen, xanxus, semiramis
[  48/250 ] WIN    32 turns   nagisa, kaiba, adam  vs  gojo, eren, shinoa
[  49/250 ] WIN    17 turns   xanxus, toji, minene  vs  midoriya, byakuya, shokuhou
[  50/250 ] WIN    19 turns   todoroki, alphonse, tsubasa  vs  jack, jesse, rengoku
[  51/250 ] LOSS   32 turns   gallantmon, neferpitou, jeanne  vs  xanxus, kid, renamon
[  52/250 ] WIN    13 turns   mash, tamaki, todoroki  vs  hawkmon, inuyasha, ladydevimon
[  53/250 ] WIN    17 turns   kitara, neferpitou, xanxus  vs  toga, maka, gon
[  54/250 ] LOSS   28 turns   diane, bakugo, eren  vs  megumin, allmight, emiyaarcher
[  55/250 ] LOSS   22 turns   gunha, tanjiro, byakuya  vs  xanxus, madoka, rakko
[  56/250 ] WIN    30 turns   veldora, ban, tanjiro  vs  edward, zoro, frieren
[  57/250 ] LOSS   26 turns   horohoro, blackstar, megumi  vs  hisoka, broly, halibel
Applying bleed effect! Checking special code
Applying bleed effect! Checking special code
Applying bleed effect! Checking special code
Applying bleed effect! Checking special code
Applying bleed effect! Checking special code
Applying bleed effect! Checking special code
Applying bleed effect! Checking special code
Applying bleed effect! Checking special code
Applying bleed effect! Checking special code
Applying bleed effect! Checking special code
Applying bleed effect! Checking special code
[  58/250 ] LOSS   28 turns   arthur, marco, touka  vs  denji, uranus, ken
Applying bleed effect! Checking special code
Applying bleed effect! Checking special code
Applying bleed effect! Checking special code
Applying bleed effect! Checking special code
Applying bleed effect! Checking special code
[  59/250 ] WIN    31 turns   gatomon, luffy, alphonse  vs  veldora, kitara, denji
Yubel's S1 Triggered!
[  60/250 ] WIN    23 turns   edward, rimuru, adam  vs  alphonse, yubel, nimaiya
[  61/250 ] LOSS   22 turns   marco, uzui, xanxus  vs  kurotsuchi, shinra, tokoyami
[  62/250 ] WIN    15 turns   touka, jack, kurotsuchi  vs  sayaka, hashirama, uraraka
[  63/250 ] WIN    24 turns   kuroko, noelle, cell  vs  minene, frankenstein, tanjiro
[  64/250 ] WIN    54 turns   arthur, gunha, esdeath  vs  veldora, eren, asta
[  65/250 ] LOSS   19 turns   myotismon, aang, akame  vs  gasai, hibari, omnimon
Yubel's S1 Triggered!
Yubel's S1 Triggered!
[  66/250 ] LOSS   28 turns   allmight, tsubasa, gilgamesh  vs  naruto, myotismon, yubel
[  67/250 ] WIN    26 turns   frieren, edward, gray  vs  hibari, tamaki, toga
[  68/250 ] LOSS   14 turns   korra, esdeath, ace  vs  touka, natsu, gunha
[  69/250 ] WIN    14 turns   tatsumi, shinoa, esdeath  vs  rimuru, noelle, kurotsuchi
[  70/250 ] WIN    15 turns   ichigo, mercury, madoka  vs  gunha, mash, jesse
[  71/250 ] WIN    15 turns   toudou, ichigo, meliodas  vs  mash, jupiter, broly
[  72/250 ] WIN    18 turns   alphamon, luffy, jupiter  vs  zenitsu, zoro, hashirama
[  73/250 ] WIN    20 turns   blackstar, seventeen, marco  vs  emiyaarcher, emiya, mikasa
[  74/250 ] WIN    13 turns   madoka, mine, saturn  vs  rob, tsubasa, tatsumaki
[  75/250 ] WIN    32 turns   shiro, yuno, toga  vs  akame, midoriya, saturn
[  76/250 ] LOSS   21 turns   tsubaki, arthur, allmight  vs  mavis, ban, renamon
[  77/250 ] LOSS   14 turns   yuno, blackwargreymon, noelle  vs  jaden, rimuru, impmon
[  78/250 ] LOSS   20 turns   megumin, akame, alphonse  vs  ganta, impmon, kurapika
Yubel's S1 Triggered!
Yubel's S1 Triggered!
[  79/250 ] WIN    22 turns   frankenstein, yubel, frieren  vs  shokuhou, emiyaarcher, nobara
Applying bleed effect! Checking special code
[  80/250 ] WIN    18 turns   ladydevimon, killua, mavis  vs  boruto, ken, toji
[  81/250 ] WIN    18 turns   gogeta, saber, noelle  vs  toji, tatsumaki, sukuna
[  82/250 ] LOSS   16 turns   aiohto, allmight, yuji  vs  cell, gojo, neferpitou
[  83/250 ] WIN    21 turns   impmon, saitama, tatsumaki  vs  maka, kaiba, uzui
[  84/250 ] LOSS   27 turns   soul, rimuru, crona  vs  sasuke, diane, omnimon
[  85/250 ] WIN    19 turns   seventeen, frankenstein, erza  vs  tsubasa, kuroko, saber
[  86/250 ] LOSS   19 turns   kurotsuchi, tanjiro, nobara  vs  aang, meliodas, horohoro
[  87/250 ] WIN    17 turns   naruto, esdeath, toudou  vs  byakuya, kurotsuchi, nel
[  88/250 ] WIN    16 turns   sasuke, halibel, ace  vs  vegeta, korra, gunha
[  89/250 ] WIN    37 turns   sheele, tanjiro, itachi  vs  tatsumaki, tsubaki, uzui
[  90/250 ] LOSS   26 turns   kid, sheele, minene  vs  aiohto, ace, yamamoto
[  91/250 ] WIN    42 turns   blackwargreymon, aiohto, yuno  vs  mercury, uraraka, rakko
[  92/250 ] WIN    24 turns   boruto, ban, mikasa  vs  gunha, gojo, broly
[  93/250 ] WIN    16 turns   gohan, gilgamesh, kitara  vs  byakuya, xanxus, rakko
[  94/250 ] LOSS   12 turns   tatsumi, yoh, byakuya  vs  seventeen, uranus, mash
[  95/250 ] WIN    16 turns   saitama, veldora, jaden  vs  tsuyu, toph, mikasa
[  96/250 ] LOSS   37 turns   kuroko, emiya, venus  vs  omnimon, midoriya, noelle
[  97/250 ] WIN    11 turns   mash, broly, rengoku  vs  midoriya, seventeen, gojo
Applying bleed effect! Checking special code
Applying bleed effect! Checking special code
[  98/250 ] LOSS   23 turns   saber, rengoku, edward  vs  toji, blackstar, kurapika
Applying bleed effect! Checking special code
Yubel's S1 Triggered!
Yubel's S1 Triggered!
Yubel's S1 Triggered!
Applying bleed effect! Checking special code
[  99/250 ] WIN    14 turns   rakko, ladydevimon, jinwoo  vs  yubel, blackwargreymon, nel
[ 100/250 ] LOSS   15 turns   hibari, uranus, nimaiya  vs  sheele, broly, tatsumi
[ 101/250 ] WIN    19 turns   gon, omnimon, maka  vs  rengoku, toga, usopp
[ 102/250 ] WIN    19 turns   gallantmon, sayaka, mavis  vs  kurapika, noelle, astolfo
Yubel's S1 Triggered!
[ 103/250 ] WIN    17 turns   neferpitou, zenitsu, madoka  vs  yubel, toph, ryohei
[ 104/250 ] LOSS   15 turns   itachi, mash, killua  vs  toph, meliodas, madoka
[ 105/250 ] WIN    16 turns   gray, sheele, shinra  vs  ichibe, nonon, eren
[ 106/250 ] LOSS   26 turns   kaiba, gilgamesh, levi  vs  death, hibari, hashirama
Applying bleed effect! Checking special code
Applying bleed effect! Checking special code
Applying bleed effect! Checking special code
Applying bleed effect! Checking special code
[ 107/250 ] WIN    11 turns   yubel, jack, killua  vs  machinedramon, power, venus
[ 108/250 ] WIN    27 turns   chrome, naruto, tamaki  vs  koro, esdeath, aiohto
[ 109/250 ] LOSS   35 turns   megumi, jupiter, gohan  vs  hisoka, pegasus, tsubasa
[ 110/250 ] WIN    28 turns   nel, tatsumi, vegeta  vs  satsuki, lizandpatty, jinwoo
[ 111/250 ] LOSS   38 turns   jinwoo, gray, toph  vs  eren, boruto, nezuko
[ 112/250 ] WIN    41 turns   toji, ace, tsubaki  vs  hibari, orihime, kaiba
[ 113/250 ] WIN    27 turns   toph, squalo, frankenstein  vs  lucy, itachi, megumin
Applying bleed effect! Checking special code
[ 114/250 ] LOSS   24 turns   frieren, diane, denji  vs  broly, zenitsu, asta
[ 115/250 ] WIN    21 turns   gohan, death, mercury  vs  tokoyami, mami, ichibe
[ 116/250 ] LOSS   27 turns   sakura, korra, horohoro  vs  ganta, seventeen, jinwoo
[ 117/250 ] WIN    22 turns   gunha, misaka, ryuko  vs  akame, ganta, zoro
[ 118/250 ] WIN    21 turns   nagisa, adam, pegasus  vs  todoroki, tokoyami, renamon
[ 119/250 ] WIN    34 turns   naruto, arthur, machinedramon  vs  saber, tatsumi, gatomon
[ 120/250 ] WIN    16 turns   cooler, broly, midoriya  vs  lyserg, kurotsuchi, esdeath
[ 121/250 ] WIN    29 turns   shiro, luffy, squalo  vs  tatsumaki, kuroko, mavis
[ 122/250 ] LOSS   20 turns   gogeta, xanxus, erza  vs  astolfo, impmon, gasai
[ 123/250 ] LOSS   13 turns   tokoyami, yugi, kid  vs  kurapika, sasuke, uranus
Yubel's S1 Triggered!
Yubel's S1 Triggered!
[ 124/250 ] LOSS   23 turns   yubel, ichigo, omnimon  vs  gohan, esdeath, kid
[ 125/250 ] WIN    40 turns   sakura, uzui, ichibe  vs  saturn, emiya, mikasa
[ 126/250 ] LOSS   17 turns   neferpitou, erza, mami  vs  shinoa, tsubaki, adam
[ 127/250 ] LOSS   18 turns   gatomon, sayaka, ryohei  vs  nagisa, hibari, killua
[ 128/250 ] LOSS   37 turns   bakugo, hashirama, horohoro  vs  esdeath, zenitsu, boruto
[ 129/250 ] WIN    26 turns   mercury, yoh, maka  vs  toph, sasuke, mikasa
[ 130/250 ] WIN    22 turns   shinoa, yamamoto, yugi  vs  omnimon, jeanne, toph
[ 131/250 ] WIN    45 turns   frankenstein, gasai, hashirama  vs  gilgamesh, lizandpatty, esdeath
[ 132/250 ] LOSS   17 turns   ichibe, alphamon, blackstar  vs  inuyasha, ladydevimon, usopp
[ 133/250 ] WIN    26 turns   uranus, todoroki, tatsumaki  vs  megumin, ace, mami
Applying bleed effect! Checking special code
Applying bleed effect! Checking special code
Applying bleed effect! Checking special code
Applying bleed effect! Checking special code
[ 134/250 ] LOSS   11 turns   xanxus, yubel, ken  vs  touka, mash, gilgamesh
Applying bleed effect! Checking special code
Applying bleed effect! Checking special code
[ 135/250 ] WIN    20 turns   eren, ban, asta  vs  muichiro, jaden, denji
[ 136/250 ] WIN    25 turns   ichibe, ban, aang  vs  midoriya, nel, rob
[ 137/250 ] WIN    20 turns   minene, sayaka, touka  vs  mercury, tokoyami, crona
[ 138/250 ] WIN    15 turns   seventeen, venus, natsu  vs  sukuna, toga, jinwoo
[ 139/250 ] LOSS   31 turns   tsunayoshi, tamaki, gunha  vs  sukuna, inosuke, sasuke
Applying bleed effect! Checking special code
Applying bleed effect! Checking special code
Applying bleed effect! Checking special code
Applying bleed effect! Checking special code
Applying bleed effect! Checking special code
Applying bleed effect! Checking special code
[ 140/250 ] WIN    20 turns   kaiba, renamon, ken  vs  nonon, jack, yuno
Applying bleed effect! Checking special code
Applying bleed effect! Checking special code
Applying bleed effect! Checking special code
Applying bleed effect! Checking special code
Applying bleed effect! Checking special code
Applying bleed effect! Checking special code
[ 141/250 ] LOSS   16 turns   gatomon, omnimon, kuroko  vs  mavis, ken, orihime
[ 142/250 ] LOSS   23 turns   tanjiro, alphonse, jack  vs  impmon, yugi, yuno
[ 143/250 ] LOSS   25 turns   hashirama, nezuko, toji  vs  midoriya, gon, esdeath
Applying bleed effect! Checking special code
Applying bleed effect! Checking special code
Applying bleed effect! Checking special code
[ 144/250 ] WIN    32 turns   hibari, chrome, koro  vs  inosuke, mine, veldora
Yubel's S1 Triggered!
[ 145/250 ] LOSS   22 turns   gatomon, semiramis, machinedramon  vs  noelle, yubel, myotismon
[ 146/250 ] WIN    26 turns   tanjiro, bakugo, kid  vs  yuji, hinata, tsubasa
Applying bleed effect! Checking special code
Applying bleed effect! Checking special code
[ 147/250 ] WIN    26 turns   gasai, ryohei, gojo  vs  hashirama, genos, rakko
[ 148/250 ] LOSS   15 turns   tatsumaki, omnimon, semiramis  vs  yubel, mash, hibari
[ 149/250 ] WIN    32 turns   ryohei, koro, vegeta  vs  kurapika, venus, shokuhou
[ 150/250 ] LOSS   24 turns   soul, jupiter, emiyaarcher  vs  nobara, myotismon, saturn
[ 151/250 ] WIN    17 turns   lizandpatty, gilgamesh, nimaiya  vs  allmight, yoh, crona
Applying bleed effect! Checking special code
Applying bleed effect! Checking special code
Applying bleed effect! Checking special code
Applying bleed effect! Checking special code
[ 152/250 ] LOSS   16 turns   rengoku, kurotsuchi, yoh  vs  gray, machinedramon, aiohto
Applying bleed effect! Checking special code
Applying bleed effect! Checking special code
Applying bleed effect! Checking special code
[ 153/250 ] WIN    20 turns   esdeath, denji, gon  vs  madoka, usopp, ichibe
[ 154/250 ] LOSS   19 turns   saitama, ganta, vegeta  vs  mash, impmon, frieren
[ 155/250 ] WIN    34 turns   myotismon, nel, marco  vs  kid, itachi, rob
[ 156/250 ] WIN    22 turns   astolfo, soul, midoriya  vs  vegeta, yuji, shiro
[ 157/250 ] WIN    26 turns   luffy, chrome, ichibe  vs  tokoyami, misaka, tatsumi
Applying bleed effect! Checking special code
Applying bleed effect! Checking special code
Applying bleed effect! Checking special code
Applying bleed effect! Checking special code
[ 158/250 ] LOSS   20 turns   omnimon, tsunayoshi, power  vs  killua, emiya, itachi
[ 159/250 ] WIN    25 turns   levi, sakura, allmight  vs  zenitsu, kaiba, jeanne
[ 160/250 ] WIN    24 turns   vegeta, sakura, gohan  vs  lucy, astolfo, kid
[ 161/250 ] LOSS   19 turns   allmight, toph, uzui  vs  blackstar, mash, gasai
Applying bleed effect! Checking special code
[ 162/250 ] LOSS   32 turns   sayaka, mami, tsubaki  vs  veldora, diane, ryuko
[ 163/250 ] WIN    21 turns   neferpitou, zenitsu, yugi  vs  tsunayoshi, sakura, toph
Applying bleed effect! Checking special code
[ 164/250 ] WIN    28 turns   nezuko, cell, nobara  vs  rengoku, yoh, blackstar
[ 165/250 ] WIN    21 turns   ryohei, toudou, jaden  vs  jack, uraraka, gohan
[ 166/250 ] LOSS   28 turns   yoh, cell, zoro  vs  gon, xanxus, orihime
Applying bleed effect! Checking special code
Applying bleed effect! Checking special code
Applying bleed effect! Checking special code
Applying bleed effect! Checking special code
Applying bleed effect! Checking special code
Applying bleed effect! Checking special code
[ 167/250 ] WIN    16 turns   aang, king, nagisa  vs  sukuna, inosuke, semiramis
[ 168/250 ] WIN    38 turns   lizandpatty, luffy, itachi  vs  tsunayoshi, halibel, shinra
[ 169/250 ] LOSS   20 turns   korra, tsunayoshi, minene  vs  muichiro, hibari, tsubaki
[ 170/250 ] WIN    79 turns   marco, impmon, saitama  vs  cell, madoka, jesse
[ 171/250 ] WIN    18 turns   pegasus, rimuru, ichigo  vs  goku, kuroko, itachi
[ 172/250 ] LOSS   22 turns   kitara, megumi, ban  vs  mars, renamon, cell
Applying bleed effect! Checking special code
Applying bleed effect! Checking special code
Applying bleed effect! Checking special code
Applying bleed effect! Checking special code
[ 173/250 ] WIN    17 turns   blackstar, xanxus, renamon  vs  crona, madoka, power
[ 174/250 ] LOSS   16 turns   saitama, kid, xanxus  vs  tokoyami, horohoro, rob
[ 175/250 ] WIN    32 turns   mars, horohoro, killua  vs  gallantmon, jeanne, tanjiro
[ 176/250 ] LOSS   14 turns   rob, itachi, toga  vs  kurotsuchi, seventeen, usopp
[ 177/250 ] LOSS   19 turns   lyserg, emiyaarcher, mars  vs  misaka, seventeen, orihime
Yubel's S1 Triggered!
[ 178/250 ] WIN    23 turns   boruto, yubel, tanjiro  vs  toga, yugi, midoriya
[ 179/250 ] LOSS   46 turns   kitara, inuyasha, inosuke  vs  gogeta, tsubasa, mars
[ 180/250 ] WIN    30 turns   natsu, gallantmon, yamamoto  vs  genos, sasuke, kurotsuchi
[ 181/250 ] LOSS   24 turns   aang, koro, mami  vs  megumi, tsunayoshi, toji
Applying bleed effect! Checking special code
Applying bleed effect! Checking special code
Applying bleed effect! Checking special code
Applying bleed effect! Checking special code
Applying bleed effect! Checking special code
Applying bleed effect! Checking special code
Applying bleed effect! Checking special code
Applying bleed effect! Checking special code
Applying bleed effect! Checking special code
[ 182/250 ] LOSS   19 turns   power, muichiro, yuji  vs  uranus, semiramis, denji
[ 183/250 ] WIN    38 turns   naruto, nezuko, impmon  vs  pegasus, yuji, tsubaki
[ 184/250 ] LOSS   14 turns   nonon, mash, uraraka  vs  nagisa, jesse, meliodas
[ 185/250 ] LOSS   23 turns   squalo, tsunayoshi, sukuna  vs  crona, broly, muichiro
[ 186/250 ] WIN    30 turns   gohan, cooler, usopp  vs  boruto, akame, natsu
[ 187/250 ] WIN    20 turns   naruto, akame, mine  vs  mikasa, byakuya, gogeta
[ 188/250 ] WIN    13 turns   touka, nel, blackwargreymon  vs  horohoro, adam, yoh
[ 189/250 ] WIN    15 turns   madoka, inuyasha, boruto  vs  killua, orihime, mikasa
[ 190/250 ] LOSS   24 turns   toji, tsunayoshi, bakugo  vs  hibari, jesse, tamaki
[ 191/250 ] LOSS   19 turns   soul, toph, gojo  vs  diane, blackwargreymon, killua
[ 192/250 ] LOSS   20 turns   yuji, megumin, hashirama  vs  gray, gatomon, boruto
[ 193/250 ] WIN    25 turns   pegasus, death, halibel  vs  orihime, gojo, venus
[ 194/250 ] LOSS   28 turns   ichibe, ladydevimon, yoh  vs  nonon, killua, tanjiro
[ 195/250 ] LOSS   21 turns   tatsumi, toudou, kid  vs  crona, renamon, jupiter
Applying bleed effect! Checking special code
Applying bleed effect! Checking special code
Applying bleed effect! Checking special code
Applying bleed effect! Checking special code
Applying bleed effect! Checking special code
[ 196/250 ] WIN    25 turns   mercury, marco, ken  vs  saber, shokuhou, lizandpatty
Applying bleed effect! Checking special code
Applying bleed effect! Checking special code
Applying bleed effect! Checking special code
[ 197/250 ] LOSS   16 turns   ken, vegeta, toga  vs  aiohto, hawkmon, mars
[ 198/250 ] LOSS   18 turns   akame, chrome, renamon  vs  ryuko, ryohei, yuno
[ 199/250 ] WIN    27 turns   crona, zenitsu, renamon  vs  midoriya, yuji, goku
[ 200/250 ] WIN    20 turns   impmon, jupiter, saturn  vs  frieren, todoroki, yamamoto
[ 201/250 ] WIN    23 turns   boruto, nel, gilgamesh  vs  zoro, korra, marco
[ 202/250 ] LOSS   27 turns   bakugo, semiramis, gunha  vs  lizandpatty, noelle, neferpitou
[ 203/250 ] WIN    38 turns   death, soul, adam  vs  alphamon, blackstar, natsu
[ 204/250 ] WIN    23 turns   lizandpatty, gasai, nonon  vs  muichiro, horohoro, emiya
[ 205/250 ] WIN    20 turns   aang, lizandpatty, esdeath  vs  kuroko, emiyaarcher, shinra
[ 206/250 ] LOSS   20 turns   toga, uraraka, zoro  vs  erza, yubel, gunha
[ 207/250 ] LOSS   18 turns   uzui, killua, toga  vs  zenitsu, impmon, tokoyami
Applying bleed effect! Checking special code
[ 208/250 ] LOSS   15 turns   ryuko, kitara, inosuke  vs  killua, mars, esdeath
[ 209/250 ] LOSS   19 turns   madoka, emiyaarcher, chrome  vs  kitara, broly, shinoa
[ 210/250 ] WIN    15 turns   aiohto, todoroki, mash  vs  cell, ganta, myotismon
[ 211/250 ] WIN    21 turns   semiramis, sakura, venus  vs  blackwargreymon, boruto, nel
[ 212/250 ] WIN    16 turns   soul, ichibe, halibel  vs  uzui, toph, shinoa
[ 213/250 ] LOSS   13 turns   death, rengoku, hibari  vs  uranus, yuji, aiohto
[ 214/250 ] LOSS   19 turns   yuji, toga, kaiba  vs  mercury, yugi, hawkmon
[ 215/250 ] LOSS   31 turns   sheele, koro, edward  vs  nel, asta, yugi
[ 216/250 ] LOSS   28 turns   tsubasa, jupiter, frankenstein  vs  ganta, ace, nagisa
Applying bleed effect! Checking special code
Applying bleed effect! Checking special code
Applying bleed effect! Checking special code
Applying bleed effect! Checking special code
Applying bleed effect! Checking special code
Applying bleed effect! Checking special code
Applying bleed effect! Checking special code
Applying bleed effect! Checking special code
[ 217/250 ] WIN    15 turns   maka, ken, toph  vs  rakko, genos, mikasa
[ 218/250 ] WIN    16 turns   boruto, blackstar, hibari  vs  genos, midoriya, sukuna
[ 219/250 ] LOSS   31 turns   nel, mikasa, halibel  vs  death, uranus, minene
Applying bleed effect! Checking special code
Applying bleed effect! Checking special code
Applying bleed effect! Checking special code
Applying bleed effect! Checking special code
Applying bleed effect! Checking special code
Applying bleed effect! Checking special code
Applying bleed effect! Checking special code
[ 220/250 ] WIN    20 turns   megumi, allmight, ken  vs  erza, yuji, noelle
[ 221/250 ] LOSS   19 turns   noelle, jeanne, saitama  vs  semiramis, yamamoto, crona
[ 222/250 ] LOSS   32 turns   esdeath, tamaki, tsubasa  vs  veldora, gon, ichibe
[ 223/250 ] WIN    24 turns   gasai, shinra, inuyasha  vs  hawkmon, cooler, marco
[ 224/250 ] LOSS   30 turns   gogeta, emiyaarcher, hisoka  vs  tanjiro, natsu, diane
[ 225/250 ] LOSS   16 turns   jaden, yuno, toga  vs  machinedramon, toji, lizandpatty
Applying bleed effect! Checking special code
Applying bleed effect! Checking special code
Applying bleed effect! Checking special code
Applying bleed effect! Checking special code
[ 226/250 ] WIN    18 turns   blackstar, zenitsu, soul  vs  vegeta, horohoro, power
[ 227/250 ] WIN    18 turns   machinedramon, gasai, usopp  vs  lyserg, tamaki, saturn
[ 228/250 ] WIN    20 turns   arthur, kuroko, aiohto  vs  ryuko, horohoro, semiramis
Applying bleed effect! Checking special code
Applying bleed effect! Checking special code
Applying bleed effect! Checking special code
Applying bleed effect! Checking special code
Applying bleed effect! Checking special code
Applying bleed effect! Checking special code
Applying bleed effect! Checking special code
Applying bleed effect! Checking special code
[ 229/250 ] WIN    36 turns   uzui, jesse, ken  vs  edward, yamamoto, yugi
[ 230/250 ] WIN    32 turns   ichibe, saber, lucy  vs  arthur, hawkmon, crona
[ 231/250 ] WIN    19 turns   gohan, hinata, neferpitou  vs  noelle, jeanne, jaden
[ 232/250 ] WIN    30 turns   uzui, halibel, jeanne  vs  toph, tatsumaki, nobara
[ 233/250 ] LOSS   20 turns   machinedramon, nonon, gasai  vs  megumi, megumin, kurapika
[ 234/250 ] WIN    18 turns   gohan, mine, meliodas  vs  sayaka, nobara, hisoka
[ 235/250 ] WIN    28 turns   hinata, kitara, jack  vs  orihime, nobara, mami
[ 236/250 ] LOSS   15 turns   tatsumaki, yuno, tsuyu  vs  machinedramon, maka, nimaiya
Applying bleed effect! Checking special code
Applying bleed effect! Checking special code
[ 237/250 ] WIN    17 turns   zenitsu, mavis, gallantmon  vs  lyserg, inosuke, denji
[ 238/250 ] LOSS   27 turns   gogeta, lyserg, adam  vs  eren, noelle, veldora
[ 239/250 ] LOSS   22 turns   tsuyu, tsunayoshi, megumin  vs  mami, uzui, zenitsu
[ 240/250 ] LOSS   16 turns   midoriya, tamaki, uzui  vs  meliodas, orihime, ryohei
[ 241/250 ] WIN    15 turns   halibel, veldora, jack  vs  minene, blackstar, shokuhou
Applying bleed effect! Checking special code
Applying bleed effect! Checking special code
[ 242/250 ] WIN    19 turns   seventeen, yubel, denji  vs  tanjiro, zoro, shinoa
[ 243/250 ] LOSS   23 turns   akame, seventeen, tsunayoshi  vs  midoriya, blackwargreymon, jinwoo
Applying bleed effect! Checking special code
Applying bleed effect! Checking special code
Applying bleed effect! Checking special code
Applying bleed effect! Checking special code
Applying bleed effect! Checking special code
Applying bleed effect! Checking special code
Applying bleed effect! Checking special code
Applying bleed effect! Checking special code
Applying bleed effect! Checking special code
Applying bleed effect! Checking special code
[ 244/250 ] WIN    25 turns   king, zenitsu, blackstar  vs  natsu, killua, semiramis
[ 245/250 ] LOSS   26 turns   tsunayoshi, inuyasha, jesse  vs  ban, shinoa, tatsumaki
[ 246/250 ] WIN    16 turns   veldora, gilgamesh, pegasus  vs  jeanne, naruto, ladydevimon
[ 247/250 ] LOSS   24 turns   mami, toga, toph  vs  sheele, neferpitou, kuroko
[ 248/250 ] WIN    27 turns   chrome, nobara, mercury  vs  blackwargreymon, maka, machinedramon
[ 249/250 ] LOSS   26 turns   boruto, goku, uranus  vs  renamon, muichiro, kurotsuchi
[ 250/250 ] LOSS   23 turns   jesse, lucy, uzui  vs  impmon, mine, broly
=== TRAINER RUN COMPLETE ===
Matches: 250   W: 145   L: 105   D: 0   Win: 58.0%   (opponent: self)
Policy saved to res://training/orchestrator/worker_r1_i0.json  (generation 0, trained_matches 250)
