Godot Engine v4.6.2.stable.official.71f334935 - https://godotengine.org

[trainer] seed=15001 matches=250 opponent=self eval=false out=res://training/orchestrator/worker_r1_i1.json checkpoint=(fresh)
[authored] loaded 1 authored character(s)
Applying bleed effect! Checking special code
Applying bleed effect! Checking special code
[   1/250 ] WIN    24 turns   misaka, seventeen, inuyasha  vs  zoro, renamon, denji
[   2/250 ] LOSS   21 turns   gilgamesh, tsuyu, inuyasha  vs  tokoyami, astolfo, maka
[   3/250 ] LOSS   33 turns   venus, gon, frieren  vs  mikasa, asta, ryuko
Applying bleed effect! Checking special code
Applying bleed effect! Checking special code
Applying bleed effect! Checking special code
Applying bleed effect! Checking special code
Applying bleed effect! Checking special code
Applying bleed effect! Checking special code
Applying bleed effect! Checking special code
[   4/250 ] WIN    37 turns   nel, xanxus, kuroko  vs  gogeta, sheele, power
[   5/250 ] LOSS   21 turns   hisoka, frankenstein, venus  vs  cooler, tatsumi, pegasus
[   6/250 ] WIN    46 turns   boruto, nagisa, diane  vs  ban, gohan, seventeen
Applying bleed effect! Checking special code
Applying bleed effect! Checking special code
Applying bleed effect! Checking special code
Applying bleed effect! Checking special code
Applying bleed effect! Checking special code
Applying bleed effect! Checking special code
Applying bleed effect! Checking special code
Applying bleed effect! Checking special code
Applying bleed effect! Checking special code
Applying bleed effect! Checking special code
[   7/250 ] LOSS   36 turns   king, toudou, shokuhou  vs  esdeath, neferpitou, astolfo
[   8/250 ] LOSS   39 turns   ace, tanjiro, hisoka  vs  myotismon, shiro, mash
[   9/250 ] WIN    29 turns   gojo, mars, ganta  vs  saber, tatsumi, ladydevimon
[  10/250 ] LOSS   19 turns   killua, inosuke, gilgamesh  vs  midoriya, madoka, muichiro
Applying bleed effect! Checking special code
Applying bleed effect! Checking special code
Applying bleed effect! Checking special code
Applying bleed effect! Checking special code
Applying bleed effect! Checking special code
Applying bleed effect! Checking special code
Applying bleed effect! Checking special code
Applying bleed effect! Checking special code
Applying bleed effect! Checking special code
[  11/250 ] LOSS   52 turns   myotismon, crona, inosuke  vs  machinedramon, veldora, diane
[  12/250 ] WIN    40 turns   esdeath, saitama, natsu  vs  megumin, soul, jesse
[  13/250 ] WIN    31 turns   tokoyami, killua, kaiba  vs  frankenstein, uzui, todoroki
[  14/250 ] LOSS   23 turns   megumin, emiya, omnimon  vs  semiramis, ryohei, gunha
Applying bleed effect! Checking special code
Applying bleed effect! Checking special code
[  15/250 ] LOSS   15 turns   jinwoo, soul, power  vs  hibari, mavis, todoroki
[  16/250 ] LOSS   25 turns   madoka, chrome, toga  vs  uranus, meliodas, yugi
[  17/250 ] LOSS   35 turns   veldora, saber, frieren  vs  jesse, marco, uzui
[  18/250 ] WIN    24 turns   aiohto, genos, emiya  vs  goku, nimaiya, megumin
[  19/250 ] WIN    38 turns   minene, jesse, genos  vs  esdeath, saitama, ganta
[  20/250 ] LOSS   19 turns   todoroki, eren, jeanne  vs  ichibe, mars, mercury
[  21/250 ] WIN    57 turns   natsu, noelle, yamamoto  vs  veldora, yoh, soul
[  22/250 ] WIN    72 turns   megumi, ace, uraraka  vs  itachi, zoro, tsunayoshi
[  23/250 ] LOSS   18 turns   hawkmon, goku, midoriya  vs  maka, gray, kid
[  24/250 ] WIN    27 turns   halibel, rimuru, machinedramon  vs  yuno, kaiba, yamamoto
[  25/250 ] LOSS   38 turns   mavis, xanxus, frankenstein  vs  jaden, astolfo, uranus
[  26/250 ] LOSS   72 turns   uzui, alphonse, gogeta  vs  hashirama, ryohei, soul
[  27/250 ] LOSS   29 turns   tatsumi, todoroki, yugi  vs  koro, touka, ban
[  28/250 ] WIN    34 turns   seventeen, blackwargreymon, emiyaarcher  vs  tsubaki, orihime, gasai
Applying bleed effect! Checking special code
Applying bleed effect! Checking special code
[  29/250 ] WIN    18 turns   alphamon, ladydevimon, cooler  vs  inuyasha, rob, denji
[  30/250 ] LOSS   35 turns   yamamoto, nonon, ladydevimon  vs  gray, ryohei, frankenstein
[  31/250 ] LOSS   20 turns   misaka, arthur, korra  vs  horohoro, inuyasha, yuno
Applying bleed effect! Checking special code
Applying bleed effect! Checking special code
Applying bleed effect! Checking special code
Applying bleed effect! Checking special code
Applying bleed effect! Checking special code
Applying bleed effect! Checking special code
Applying bleed effect! Checking special code
Applying bleed effect! Checking special code
Applying bleed effect! Checking special code
Applying bleed effect! Checking special code
[  32/250 ] DRAW  500 turns   king, lizandpatty, inosuke  vs  jinwoo, toph, xanxus
[  33/250 ] LOSS   39 turns   minene, saitama, tsubaki  vs  toudou, lyserg, hibari
[  34/250 ] WIN    57 turns   byakuya, genos, hisoka  vs  ban, lucy, uraraka
[  35/250 ] LOSS   24 turns   impmon, vegeta, jinwoo  vs  gilgamesh, renamon, byakuya
[  36/250 ] WIN    28 turns   hashirama, kaiba, luffy  vs  koro, ichigo, shinoa
[  37/250 ] WIN    25 turns   uranus, byakuya, frieren  vs  nagisa, esdeath, tsuyu
[  38/250 ] LOSS  131 turns   emiyaarcher, nezuko, tsubaki  vs  emiya, sayaka, gallantmon
[  39/250 ] LOSS   38 turns   inuyasha, crona, saber  vs  frankenstein, mine, toudou
[  40/250 ] LOSS   22 turns   soul, gilgamesh, noelle  vs  sheele, akame, goku
[  41/250 ] WIN    39 turns   natsu, jaden, gallantmon  vs  orihime, shinra, shiro
[  42/250 ] LOSS   34 turns   jupiter, sakura, sayaka  vs  lyserg, sheele, nonon
[  43/250 ] LOSS   36 turns   ryuko, zoro, seventeen  vs  nezuko, aiohto, machinedramon
[  44/250 ] LOSS   24 turns   kid, killua, saturn  vs  shiro, ichigo, gon
Applying bleed effect! Checking special code
Applying bleed effect! Checking special code
Applying bleed effect! Checking special code
Applying bleed effect! Checking special code
Applying bleed effect! Checking special code
Applying bleed effect! Checking special code
Applying bleed effect! Checking special code
[  45/250 ] WIN    25 turns   gohan, erza, chrome  vs  nel, sakura, rakko
Applying bleed effect! Checking special code
Applying bleed effect! Checking special code
Applying bleed effect! Checking special code
Applying bleed effect! Checking special code
Applying bleed effect! Checking special code
Applying bleed effect! Checking special code
Applying bleed effect! Checking special code
[  46/250 ] WIN    38 turns   power, ichigo, killua  vs  pegasus, sakura, toga
[  47/250 ] LOSS   18 turns   jeanne, alphamon, bakugo  vs  gray, tsubasa, megumi
Applying bleed effect! Checking special code
Applying bleed effect! Checking special code
Applying bleed effect! Checking special code
Applying bleed effect! Checking special code
Applying bleed effect! Checking special code
Applying bleed effect! Checking special code
Applying bleed effect! Checking special code
[  48/250 ] LOSS   37 turns   allmight, omnimon, impmon  vs  power, tsunayoshi, mavis
Applying bleed effect! Checking special code
[  49/250 ] LOSS   21 turns   sukuna, gasai, sayaka  vs  inosuke, ladydevimon, maka
Applying bleed effect! Checking special code
Applying bleed effect! Checking special code
[  50/250 ] LOSS   37 turns   blackwargreymon, natsu, hisoka  vs  mine, inosuke, neferpitou
[  51/250 ] LOSS   53 turns   veldora, hisoka, lyserg  vs  mikasa, gatomon, mine
[  52/250 ] WIN    31 turns   jaden, cell, boruto  vs  yamamoto, yuno, touka
Applying bleed effect! Checking special code
Applying bleed effect! Checking special code
Applying bleed effect! Checking special code
[  53/250 ] LOSS   35 turns   ryuko, jeanne, noelle  vs  uranus, inosuke, todoroki
[  54/250 ] LOSS   36 turns   lyserg, gray, kid  vs  killua, tsunayoshi, emiyaarcher
[  55/250 ] WIN    28 turns   megumin, ichibe, mars  vs  kitara, mami, satsuki
[  56/250 ] LOSS   26 turns   esdeath, misaka, gon  vs  uranus, midoriya, yuji
Applying bleed effect! Checking special code
Applying bleed effect! Checking special code
Applying bleed effect! Checking special code
Applying bleed effect! Checking special code
Applying bleed effect! Checking special code
Applying bleed effect! Checking special code
Applying bleed effect! Checking special code
Applying bleed effect! Checking special code
Applying bleed effect! Checking special code
Applying bleed effect! Checking special code
[  57/250 ] LOSS   21 turns   ganta, megumin, denji  vs  rakko, inuyasha, sheele
[  58/250 ] LOSS   38 turns   sheele, yoh, horohoro  vs  muichiro, shinra, natsu
[  59/250 ] LOSS   24 turns   ganta, misaka, xanxus  vs  omnimon, tatsumaki, nimaiya
[  60/250 ] LOSS   17 turns   renamon, tokoyami, toga  vs  halibel, sukuna, ban
[  61/250 ] LOSS   40 turns   diane, eren, veldora  vs  gatomon, renamon, nagisa
[  62/250 ] WIN   112 turns   megumin, neferpitou, emiya  vs  hinata, edward, asta
[  63/250 ] WIN    20 turns   omnimon, alphonse, sukuna  vs  megumi, luffy, hibari
[  64/250 ] WIN    20 turns   gohan, horohoro, ganta  vs  sakura, shokuhou, rob
[  65/250 ] LOSS   18 turns   mash, impmon, toga  vs  gon, hawkmon, hibari
[  66/250 ] WIN    37 turns   alphamon, marco, venus  vs  goku, killua, orihime
[  67/250 ] WIN    30 turns   ichigo, eren, ban  vs  tatsumaki, mercury, myotismon
[  68/250 ] LOSS   15 turns   frankenstein, tatsumaki, semiramis  vs  nagisa, yoh, bakugo
[  69/250 ] LOSS   24 turns   gogeta, horohoro, zenitsu  vs  yuji, emiya, erza
[  70/250 ] LOSS   33 turns   gilgamesh, ryuko, crona  vs  tatsumaki, sakura, rengoku
[  71/250 ] LOSS   27 turns   genos, mars, ichibe  vs  toji, chrome, gohan
[  72/250 ] LOSS   29 turns   gon, levi, mami  vs  soul, nagisa, jaden
[  73/250 ] LOSS   37 turns   marco, jesse, bakugo  vs  mami, tamaki, nezuko
Applying bleed effect! Checking special code
Applying bleed effect! Checking special code
[  74/250 ] WIN    17 turns   gon, impmon, frieren  vs  toph, inuyasha, ken
[  75/250 ] LOSS   21 turns   allmight, killua, esdeath  vs  tamaki, gon, uranus
[  76/250 ] WIN    54 turns   tanjiro, nagisa, blackstar  vs  kid, edward, toudou
[  77/250 ] LOSS   57 turns   ichigo, vegeta, orihime  vs  semiramis, gohan, ichibe
[  78/250 ] LOSS   72 turns   jaden, muichiro, gogeta  vs  ryohei, neferpitou, hinata
Applying bleed effect! Checking special code
Applying bleed effect! Checking special code
Applying bleed effect! Checking special code
Applying bleed effect! Checking special code
Applying bleed effect! Checking special code
Applying bleed effect! Checking special code
Applying bleed effect! Checking special code
Applying bleed effect! Checking special code
Applying bleed effect! Checking special code
Applying bleed effect! Checking special code
Applying bleed effect! Checking special code
Applying bleed effect! Checking special code
Applying bleed effect! Checking special code
Applying bleed effect! Checking special code
Applying bleed effect! Checking special code
[  79/250 ] LOSS   24 turns   rakko, nel, gatomon  vs  halibel, alphamon, kurotsuchi
[  80/250 ] LOSS   25 turns   natsu, toga, bakugo  vs  blackstar, uraraka, madoka
Yubel's S1 Triggered!
Yubel's S1 Triggered!
Yubel's S1 Triggered!
[  81/250 ] WIN    32 turns   arthur, nagisa, toph  vs  gallantmon, yubel, noelle
[  82/250 ] LOSS   62 turns   pegasus, gatomon, toudou  vs  satsuki, kurapika, inuyasha
[  83/250 ] LOSS   24 turns   frankenstein, nimaiya, koro  vs  diane, inuyasha, frieren
[  84/250 ] WIN    37 turns   ladydevimon, lucy, seventeen  vs  sheele, boruto, tatsumi
[  85/250 ] WIN   113 turns   sakura, uranus, ken  vs  yamamoto, megumi, crona
[  86/250 ] LOSS   30 turns   bakugo, omnimon, lizandpatty  vs  seventeen, yuno, ban
[  87/250 ] LOSS   27 turns   orihime, noelle, megumi  vs  tsunayoshi, mavis, nonon
[  88/250 ] WIN    26 turns   akame, mine, touka  vs  ichigo, boruto, yoh
Yubel's S1 Triggered!
[  89/250 ] WIN    36 turns   nel, todoroki, aiohto  vs  yubel, chrome, hisoka
[  90/250 ] WIN    30 turns   allmight, uraraka, lucy  vs  gojo, yamamoto, uranus
[  91/250 ] LOSS   30 turns   yuno, midoriya, shiro  vs  shinoa, hisoka, marco
[  92/250 ] LOSS   34 turns   blackwargreymon, orihime, gojo  vs  impmon, gon, marco
[  93/250 ] WIN    37 turns   impmon, inosuke, horohoro  vs  yugi, sayaka, killua
[  94/250 ] LOSS   21 turns   gogeta, tsuyu, shokuhou  vs  meliodas, tatsumi, madoka
[  95/250 ] WIN    29 turns   horohoro, naruto, squalo  vs  kaiba, itachi, saber
[  96/250 ] WIN    30 turns   nonon, pegasus, mikasa  vs  boruto, cooler, mars
[  97/250 ] LOSS   37 turns   satsuki, frieren, sukuna  vs  saitama, chrome, nonon
[  98/250 ] LOSS   29 turns   sheele, gasai, aiohto  vs  gohan, seventeen, allmight
[  99/250 ] LOSS   47 turns   venus, gohan, sayaka  vs  uranus, rimuru, chrome
Applying bleed effect! Checking special code
Applying bleed effect! Checking special code
Applying bleed effect! Checking special code
[ 100/250 ] LOSS   34 turns   rob, tatsumaki, halibel  vs  naruto, megumi, denji
Applying bleed effect! Checking special code
Applying bleed effect! Checking special code
[ 101/250 ] WIN    43 turns   shiro, byakuya, soul  vs  gilgamesh, natsu, inosuke
[ 102/250 ] WIN    28 turns   jinwoo, ken, broly  vs  nobara, semiramis, nonon
Applying bleed effect! Checking special code
Applying bleed effect! Checking special code
Applying bleed effect! Checking special code
Applying bleed effect! Checking special code
Applying bleed effect! Checking special code
Applying bleed effect! Checking special code
Applying bleed effect! Checking special code
[ 103/250 ] LOSS   27 turns   vegeta, sasuke, sukuna  vs  midoriya, lucy, rakko
Applying bleed effect! Checking special code
[ 104/250 ] LOSS   34 turns   toji, toph, rengoku  vs  alphonse, hibari, zenitsu
Yubel's S1 Triggered!
[ 105/250 ] WIN    35 turns   yubel, naruto, seventeen  vs  muichiro, saber, hawkmon
[ 106/250 ] LOSS   19 turns   megumi, mine, saitama  vs  uzui, halibel, gohan
[ 107/250 ] LOSS   20 turns   halibel, jack, toph  vs  lucy, frankenstein, madoka
[ 108/250 ] LOSS   22 turns   gohan, sukuna, zenitsu  vs  gunha, sayaka, shinra
[ 109/250 ] WIN    31 turns   ganta, esdeath, halibel  vs  squalo, emiyaarcher, hashirama
[ 110/250 ] LOSS   24 turns   nimaiya, nobara, nagisa  vs  ban, yuno, aang
[ 111/250 ] LOSS   56 turns   orihime, tatsumaki, kurapika  vs  uranus, frieren, hinata
[ 112/250 ] LOSS   28 turns   jesse, gatomon, sheele  vs  usopp, renamon, saitama
[ 113/250 ] LOSS   82 turns   jack, asta, satsuki  vs  ichibe, kaiba, natsu
[ 114/250 ] LOSS   49 turns   mavis, shokuhou, emiyaarcher  vs  yuji, pegasus, jinwoo
[ 115/250 ] LOSS   35 turns   korra, toga, yubel  vs  king, eren, frieren
Applying bleed effect! Checking special code
Applying bleed effect! Checking special code
Applying bleed effect! Checking special code
[ 116/250 ] WIN    29 turns   hinata, natsu, saturn  vs  nagisa, gallantmon, power
[ 117/250 ] LOSS  175 turns   omnimon, satsuki, lucy  vs  mars, aiohto, jaden
[ 118/250 ] WIN    20 turns   shiro, omnimon, mavis  vs  kitara, tatsumi, hisoka
[ 119/250 ] WIN    20 turns   alphamon, toga, muichiro  vs  ganta, shinoa, yugi
[ 120/250 ] WIN    63 turns   maka, nobara, nezuko  vs  boruto, tatsumaki, uzui
[ 121/250 ] WIN    37 turns   kurapika, zenitsu, crona  vs  mine, megumin, toudou
[ 122/250 ] WIN    28 turns   ken, yuno, alphamon  vs  noelle, toji, hibari
[ 123/250 ] WIN    36 turns   usopp, hibari, saturn  vs  naruto, megumi, shiro
[ 124/250 ] WIN    28 turns   astolfo, sayaka, soul  vs  itachi, asta, jinwoo
[ 125/250 ] WIN    52 turns   tanjiro, gray, saturn  vs  gallantmon, arthur, halibel
Applying bleed effect! Checking special code
[ 126/250 ] LOSS   20 turns   xanxus, arthur, power  vs  erza, alphamon, kurotsuchi
[ 127/250 ] LOSS   17 turns   xanxus, maka, frieren  vs  genos, tokoyami, yoh
[ 128/250 ] WIN    38 turns   satsuki, squalo, naruto  vs  itachi, omnimon, death
[ 129/250 ] LOSS   26 turns   genos, jeanne, yoh  vs  gilgamesh, yamamoto, alphonse
Applying bleed effect! Checking special code
Applying bleed effect! Checking special code
Applying bleed effect! Checking special code
Applying bleed effect! Checking special code
Applying bleed effect! Checking special code
Applying bleed effect! Checking special code
Applying bleed effect! Checking special code
Applying bleed effect! Checking special code
Applying bleed effect! Checking special code
Applying bleed effect! Checking special code
Applying bleed effect! Checking special code
[ 130/250 ] LOSS   28 turns   ace, inosuke, korra  vs  emiyaarcher, king, usopp
[ 131/250 ] WIN    36 turns   chrome, kurapika, ichibe  vs  nobara, ken, erza
[ 132/250 ] WIN    35 turns   gasai, gray, nel  vs  gojo, alphamon, orihime
Yubel's S1 Triggered!
Yubel's S1 Triggered!
[ 133/250 ] LOSS   48 turns   yubel, tsunayoshi, byakuya  vs  yoh, gogeta, jinwoo
Yubel's S1 Triggered!
Applying bleed effect! Checking special code
[ 134/250 ] LOSS   23 turns   yubel, gohan, king  vs  mash, death, midoriya
[ 135/250 ] LOSS   29 turns   tanjiro, gojo, hashirama  vs  hibari, adam, mercury
[ 136/250 ] LOSS   24 turns   squalo, megumin, sayaka  vs  toji, boruto, nonon
Applying bleed effect! Checking special code
Applying bleed effect! Checking special code
Applying bleed effect! Checking special code
Applying bleed effect! Checking special code
Applying bleed effect! Checking special code
Applying bleed effect! Checking special code
[ 137/250 ] WIN    57 turns   seventeen, nimaiya, power  vs  gallantmon, kurapika, mars
[ 138/250 ] WIN    21 turns   horohoro, tanjiro, ichigo  vs  ganta, minene, inosuke
Applying bleed effect! Checking special code
Applying bleed effect! Checking special code
Applying bleed effect! Checking special code
Applying bleed effect! Checking special code
Applying bleed effect! Checking special code
[ 139/250 ] WIN    34 turns   inuyasha, yuji, horohoro  vs  tatsumaki, denji, hinata
[ 140/250 ] LOSS   16 turns   jinwoo, blackstar, sukuna  vs  kurotsuchi, zenitsu, astolfo
[ 141/250 ] WIN    58 turns   ichigo, todoroki, rob  vs  adam, touka, tsubasa
[ 142/250 ] LOSS   24 turns   jaden, nezuko, kid  vs  gunha, jack, chrome
Applying bleed effect! Checking special code
Applying bleed effect! Checking special code
Applying bleed effect! Checking special code
Applying bleed effect! Checking special code
Applying bleed effect! Checking special code
Applying bleed effect! Checking special code
Applying bleed effect! Checking special code
Applying bleed effect! Checking special code
Applying bleed effect! Checking special code
[ 143/250 ] LOSS   38 turns   kitara, jaden, ken  vs  byakuya, king, seventeen
[ 144/250 ] LOSS   25 turns   veldora, byakuya, cell  vs  blackwargreymon, semiramis, frankenstein
[ 145/250 ] LOSS   40 turns   edward, horohoro, yamamoto  vs  ryohei, shinoa, toudou
[ 146/250 ] LOSS   32 turns   gojo, nel, venus  vs  tanjiro, ryohei, ichibe
Applying bleed effect! Checking special code
Applying bleed effect! Checking special code
Applying bleed effect! Checking special code
Applying bleed effect! Checking special code
Applying bleed effect! Checking special code
Applying bleed effect! Checking special code
Applying bleed effect! Checking special code
Applying bleed effect! Checking special code
[ 147/250 ] LOSS   45 turns   kurapika, tsunayoshi, rakko  vs  lucy, gallantmon, toga
[ 148/250 ] WIN    38 turns   sasuke, bakugo, genos  vs  ryohei, yamamoto, muichiro
[ 149/250 ] LOSS   36 turns   kitara, rob, toph  vs  yugi, uzui, yuno
Applying bleed effect! Checking special code
Applying bleed effect! Checking special code
Applying bleed effect! Checking special code
Applying bleed effect! Checking special code
Applying bleed effect! Checking special code
[ 150/250 ] WIN    20 turns   yoh, king, misaka  vs  frankenstein, akame, cell
[ 151/250 ] LOSS   37 turns   sheele, tsuyu, tanjiro  vs  inuyasha, jesse, semiramis
[ 152/250 ] LOSS   75 turns   yubel, gojo, yugi  vs  gasai, tatsumi, kitara
[ 153/250 ] WIN    21 turns   jinwoo, chrome, natsu  vs  todoroki, madoka, yamamoto
[ 154/250 ] WIN    33 turns   goku, jupiter, uraraka  vs  allmight, tsubasa, death
[ 155/250 ] LOSS   32 turns   renamon, kitara, hawkmon  vs  halibel, nagisa, yoh
[ 156/250 ] WIN    36 turns   ichibe, sheele, kuroko  vs  rengoku, seventeen, nobara
Applying bleed effect! Checking special code
Applying bleed effect! Checking special code
Applying bleed effect! Checking special code
Applying bleed effect! Checking special code
Applying bleed effect! Checking special code
Applying bleed effect! Checking special code
[ 157/250 ] LOSS   22 turns   rakko, death, gasai  vs  marco, sukuna, broly
[ 158/250 ] WIN    57 turns   toph, gojo, tokoyami  vs  muichiro, meliodas, tatsumi
Applying bleed effect! Checking special code
[ 159/250 ] WIN    21 turns   satsuki, jack, todoroki  vs  rakko, rob, zenitsu
[ 160/250 ] WIN    18 turns   mavis, midoriya, myotismon  vs  gray, jaden, gojo
Applying bleed effect! Checking special code
Applying bleed effect! Checking special code
Applying bleed effect! Checking special code
Applying bleed effect! Checking special code
Yubel's S1 Triggered!
Applying bleed effect! Checking special code
Applying bleed effect! Checking special code
[ 161/250 ] WIN    36 turns   naruto, genos, pegasus  vs  power, yubel, usopp
[ 162/250 ] WIN    24 turns   zoro, todoroki, semiramis  vs  misaka, machinedramon, nonon
Yubel's S1 Triggered!
[ 163/250 ] WIN    15 turns   todoroki, frieren, broly  vs  ichigo, blackstar, yubel
[ 164/250 ] LOSS   57 turns   hinata, sukuna, toudou  vs  killua, ryohei, gogeta
Applying bleed effect! Checking special code
Applying bleed effect! Checking special code
Applying bleed effect! Checking special code
[ 165/250 ] WIN    25 turns   jack, rengoku, maka  vs  rakko, yamamoto, mavis
[ 166/250 ] WIN    19 turns   alphonse, gunha, broly  vs  renamon, asta, saitama
[ 167/250 ] LOSS   25 turns   alphamon, horohoro, crona  vs  koro, zoro, sukuna
Applying bleed effect! Checking special code
Applying bleed effect! Checking special code
[ 168/250 ] LOSS   40 turns   gogeta, ganta, tsubasa  vs  nobara, inosuke, ichibe
[ 169/250 ] LOSS   32 turns   uzui, vegeta, crona  vs  yubel, madoka, jinwoo
[ 170/250 ] WIN    20 turns   renamon, nonon, blackwargreymon  vs  edward, mami, ban
Applying bleed effect! Checking special code
Applying bleed effect! Checking special code
[ 171/250 ] LOSS   20 turns   astolfo, denji, venus  vs  lucy, cooler, squalo
[ 172/250 ] LOSS   23 turns   tokoyami, jesse, muichiro  vs  kuroko, gojo, frieren
Applying bleed effect! Checking special code
Applying bleed effect! Checking special code
Applying bleed effect! Checking special code
Applying bleed effect! Checking special code
Applying bleed effect! Checking special code
Applying bleed effect! Checking special code
Applying bleed effect! Checking special code
Applying bleed effect! Checking special code
Applying bleed effect! Checking special code
[ 173/250 ] LOSS  156 turns   saturn, gatomon, gasai  vs  orihime, denji, ken
[ 174/250 ] WIN    24 turns   toji, nel, gilgamesh  vs  erza, uranus, eren
[ 175/250 ] LOSS   23 turns   megumin, midoriya, jupiter  vs  ladydevimon, ban, zoro
[ 176/250 ] WIN    31 turns   soul, meliodas, yugi  vs  aang, goku, halibel
[ 177/250 ] LOSS  120 turns   soul, mami, meliodas  vs  uraraka, sukuna, gray
Applying bleed effect! Checking special code
[ 178/250 ] LOSS   48 turns   adam, tatsumaki, asta  vs  nobara, diane, itachi
[ 179/250 ] LOSS   24 turns   tamaki, jeanne, toudou  vs  saitama, horohoro, toji
[ 180/250 ] LOSS   34 turns   yoh, nimaiya, asta  vs  maka, kitara, bakugo
[ 181/250 ] WIN    28 turns   maka, hibari, diane  vs  sakura, allmight, shokuhou
[ 182/250 ] WIN    20 turns   death, hibari, allmight  vs  hawkmon, mami, yuno
[ 183/250 ] WIN    27 turns   mikasa, zenitsu, toph  vs  pegasus, ban, ryohei
[ 184/250 ] WIN    34 turns   yugi, cooler, zoro  vs  veldora, todoroki, misaka
[ 185/250 ] WIN    59 turns   gogeta, zoro, jeanne  vs  mami, megumin, gojo
[ 186/250 ] LOSS   26 turns   nimaiya, ryuko, veldora  vs  naruto, jack, minene
[ 187/250 ] WIN    29 turns   seventeen, megumi, akame  vs  rob, saber, nezuko
[ 188/250 ] LOSS   28 turns   yuno, mine, impmon  vs  vegeta, ichigo, mami
[ 189/250 ] WIN    49 turns   mikasa, toph, halibel  vs  cell, satsuki, inuyasha
[ 190/250 ] LOSS   40 turns   death, gunha, touka  vs  megumi, yuno, impmon
Applying bleed effect! Checking special code
[ 191/250 ] WIN    26 turns   byakuya, veldora, zenitsu  vs  astolfo, rengoku, jack
Applying bleed effect! Checking special code
Applying bleed effect! Checking special code
Applying bleed effect! Checking special code
[ 192/250 ] WIN    41 turns   power, mine, mercury  vs  meliodas, sayaka, pegasus
[ 193/250 ] LOSS   28 turns   aiohto, blackstar, hinata  vs  saitama, semiramis, ladydevimon
[ 194/250 ] LOSS   22 turns   emiyaarcher, mine, jeanne  vs  marco, sukuna, eren
[ 195/250 ] WIN    54 turns   shinoa, gatomon, saitama  vs  saber, arthur, myotismon
[ 196/250 ] LOSS   20 turns   gallantmon, mercury, ichibe  vs  shinra, jupiter, tokoyami
[ 197/250 ] LOSS   40 turns   yuno, gojo, veldora  vs  omnimon, emiya, hisoka
[ 198/250 ] WIN    36 turns   edward, mavis, zoro  vs  lizandpatty, hisoka, tsubasa
Applying bleed effect! Checking special code
Applying bleed effect! Checking special code
Applying bleed effect! Checking special code
Applying bleed effect! Checking special code
Applying bleed effect! Checking special code
[ 199/250 ] LOSS   41 turns   crona, gilgamesh, akame  vs  korra, rakko, natsu
Applying bleed effect! Checking special code
[ 200/250 ] LOSS   21 turns   sayaka, kuroko, usopp  vs  gon, semiramis, ken
Applying bleed effect! Checking special code
Applying bleed effect! Checking special code
[ 201/250 ] LOSS   32 turns   jack, seventeen, xanxus  vs  nimaiya, genos, rengoku
[ 202/250 ] WIN    38 turns   lucy, megumi, koro  vs  rob, mine, toji
[ 203/250 ] WIN    30 turns   gatomon, boruto, natsu  vs  chrome, megumi, midoriya
[ 204/250 ] LOSS   45 turns   vegeta, saturn, midoriya  vs  shokuhou, mine, neferpitou
[ 205/250 ] WIN    24 turns   zoro, lyserg, yuji  vs  megumin, chrome, zenitsu
[ 206/250 ] LOSS   94 turns   touka, asta, megumin  vs  tsubaki, zoro, marco
Applying bleed effect! Checking special code
[ 207/250 ] LOSS   24 turns   blackstar, power, yoh  vs  lyserg, jinwoo, tatsumaki
[ 208/250 ] WIN    30 turns   uranus, kurapika, boruto  vs  jeanne, kuroko, blackstar
Yubel's S1 Triggered!
Yubel's S1 Triggered!
Yubel's S1 Triggered!
Yubel's S1 Triggered!
Yubel's S1 Triggered!
[ 209/250 ] WIN    27 turns   sheele, yubel, gon  vs  shiro, byakuya, yuno
[ 210/250 ] WIN    33 turns   jesse, vegeta, saturn  vs  soul, kuroko, shiro
[ 211/250 ] LOSS  125 turns   impmon, jesse, hibari  vs  cell, kurapika, mars
[ 212/250 ] WIN    37 turns   tsubasa, mikasa, diane  vs  uraraka, vegeta, rimuru
Applying bleed effect! Checking special code
Applying bleed effect! Checking special code
Applying bleed effect! Checking special code
[ 213/250 ] WIN    39 turns   ban, uraraka, neferpitou  vs  muichiro, power, jupiter
[ 214/250 ] LOSS   24 turns   shiro, maka, jeanne  vs  cooler, jaden, toudou
[ 215/250 ] WIN    22 turns   emiya, boruto, madoka  vs  shinoa, gon, jeanne
[ 216/250 ] LOSS   16 turns   goku, saitama, mavis  vs  jack, luffy, sayaka
Applying bleed effect! Checking special code
Applying bleed effect! Checking special code
Applying bleed effect! Checking special code
[ 217/250 ] WIN    36 turns   boruto, blackstar, jinwoo  vs  todoroki, rengoku, death
[ 218/250 ] WIN    42 turns   mars, killua, tamaki  vs  gojo, megumin, toji
Applying bleed effect! Checking special code
Applying bleed effect! Checking special code
Applying bleed effect! Checking special code
[ 219/250 ] WIN    22 turns   xanxus, denji, nagisa  vs  yuji, megumi, adam
[ 220/250 ] WIN    22 turns   jack, nagisa, seventeen  vs  shinra, jinwoo, inuyasha
[ 221/250 ] LOSS   73 turns   misaka, sheele, hisoka  vs  marco, mercury, minene
Applying bleed effect! Checking special code
Applying bleed effect! Checking special code
Applying bleed effect! Checking special code
Applying bleed effect! Checking special code
Applying bleed effect! Checking special code
Applying bleed effect! Checking special code
Applying bleed effect! Checking special code
Applying bleed effect! Checking special code
Applying bleed effect! Checking special code
Applying bleed effect! Checking special code
Applying bleed effect! Checking special code
Applying bleed effect! Checking special code
Applying bleed effect! Checking special code
[ 222/250 ] LOSS  103 turns   pegasus, noelle, rakko  vs  tatsumi, marco, kurapika
[ 223/250 ] LOSS   42 turns   midoriya, toph, akame  vs  uraraka, megumi, minene
[ 224/250 ] LOSS   50 turns   mash, gogeta, tatsumaki  vs  marco, gilgamesh, impmon
Applying bleed effect! Checking special code
Applying bleed effect! Checking special code
[ 225/250 ] WIN    39 turns   levi, nel, veldora  vs  ken, mercury, yamamoto
[ 226/250 ] WIN    51 turns   rimuru, minene, esdeath  vs  aang, sayaka, tsunayoshi
[ 227/250 ] WIN    63 turns   mami, jaden, sheele  vs  sakura, rimuru, naruto
[ 228/250 ] LOSS   36 turns   gasai, toga, lyserg  vs  sasuke, sakura, natsu
[ 229/250 ] WIN    24 turns   gallantmon, nimaiya, toph  vs  frankenstein, midoriya, halibel
[ 230/250 ] LOSS   18 turns   midoriya, impmon, blackwargreymon  vs  gojo, yuno, gogeta
Applying bleed effect! Checking special code
Applying bleed effect! Checking special code
Applying bleed effect! Checking special code
Applying bleed effect! Checking special code
[ 231/250 ] WIN    18 turns   seventeen, midoriya, sayaka  vs  yugi, hashirama, rakko
[ 232/250 ] WIN    40 turns   levi, lyserg, ichibe  vs  lizandpatty, death, tsunayoshi
[ 233/250 ] WIN    20 turns   cell, aiohto, erza  vs  sheele, gallantmon, todoroki
[ 234/250 ] WIN    18 turns   nagisa, alphamon, sukuna  vs  uraraka, shinoa, mash
Applying bleed effect! Checking special code
Applying bleed effect! Checking special code
Applying bleed effect! Checking special code
[ 235/250 ] LOSS   25 turns   pegasus, yugi, venus  vs  power, ichigo, toph
Applying bleed effect! Checking special code
[ 236/250 ] LOSS   34 turns   satsuki, gilgamesh, squalo  vs  king, jupiter, ichibe
[ 237/250 ] LOSS   42 turns   adam, tamaki, midoriya  vs  neferpitou, tsunayoshi, saturn
Applying bleed effect! Checking special code
Applying bleed effect! Checking special code
Applying bleed effect! Checking special code
Applying bleed effect! Checking special code
Applying bleed effect! Checking special code
Applying bleed effect! Checking special code
[ 238/250 ] LOSS   16 turns   frankenstein, korra, sayaka  vs  bakugo, mars, rakko
Applying bleed effect! Checking special code
Applying bleed effect! Checking special code
Applying bleed effect! Checking special code
Applying bleed effect! Checking special code
Yubel's S1 Triggered!
Applying bleed effect! Checking special code
[ 239/250 ] WIN    32 turns   jaden, yubel, denji  vs  todoroki, nezuko, nonon
Applying bleed effect! Checking special code
[ 240/250 ] WIN    21 turns   power, allmight, toji  vs  mikasa, sasuke, zoro
Applying bleed effect! Checking special code
Applying bleed effect! Checking special code
Applying bleed effect! Checking special code
Applying bleed effect! Checking special code
[ 241/250 ] LOSS   34 turns   king, gohan, inosuke  vs  shinra, lucy, mash
Applying bleed effect! Checking special code
Applying bleed effect! Checking special code
Applying bleed effect! Checking special code
Applying bleed effect! Checking special code
Applying bleed effect! Checking special code
Applying bleed effect! Checking special code
Applying bleed effect! Checking special code
Applying bleed effect! Checking special code
Applying bleed effect! Checking special code
Applying bleed effect! Checking special code
Applying bleed effect! Checking special code
[ 242/250 ] LOSS   33 turns   king, orihime, killua  vs  saturn, luffy, zoro
Applying bleed effect! Checking special code
Applying bleed effect! Checking special code
Applying bleed effect! Checking special code
Applying bleed effect! Checking special code
Applying bleed effect! Checking special code
Applying bleed effect! Checking special code
Applying bleed effect! Checking special code
Applying bleed effect! Checking special code
Applying bleed effect! Checking special code
Applying bleed effect! Checking special code
Applying bleed effect! Checking special code
Applying bleed effect! Checking special code
Applying bleed effect! Checking special code
Applying bleed effect! Checking special code
Applying bleed effect! Checking special code
Applying bleed effect! Checking special code
[ 243/250 ] WIN    53 turns   nezuko, shokuhou, kitara  vs  mine, megumin, king
[ 244/250 ] LOSS   21 turns   shinoa, emiyaarcher, nezuko  vs  gunha, renamon, tsubasa
[ 245/250 ] LOSS   28 turns   luffy, mikasa, nimaiya  vs  usopp, shinoa, meliodas
[ 246/250 ] LOSS   31 turns   kuroko, lizandpatty, frankenstein  vs  uzui, yuno, tamaki
[ 247/250 ] WIN    23 turns   shiro, death, sukuna  vs  nonon, soul, lyserg
[ 248/250 ] WIN    27 turns   yuji, yoh, alphonse  vs  gallantmon, ban, tanjiro
[ 249/250 ] LOSS   28 turns   hawkmon, ryuko, goku  vs  akame, gojo, esdeath
[ 250/250 ] LOSS   33 turns   misaka, myotismon, jesse  vs  akame, zenitsu, nel
=== TRAINER RUN COMPLETE ===
Matches: 250   W: 110   L: 139   D: 1   Win: 44.0%   (opponent: self)
Policy saved to res://training/orchestrator/worker_r1_i1.json  (generation 0, trained_matches 250)
