Godot Engine v4.6.2.stable.official.71f334935 - https://godotengine.org

[trainer] seed=35005 matches=250 opponent=self eval=false out=res://training/orchestrator/worker_r3_i5.json checkpoint=res://training/checkpoints/gen_2.json
[authored] loaded 1 authored character(s)
[   1/250 ] LOSS   26 turns   kaiba, gray, seventeen  vs  muichiro, uraraka, sukuna
[   2/250 ] WIN    35 turns   crona, frieren, erza  vs  gunha, minene, hawkmon
[   3/250 ] WIN    29 turns   ganta, ladydevimon, ichigo  vs  saturn, jack, adam
[   4/250 ] LOSS   21 turns   tanjiro, orihime, itachi  vs  satsuki, xanxus, zenitsu
[   5/250 ] LOSS   21 turns   venus, shinoa, renamon  vs  nel, tatsumi, shiro
Applying bleed effect! Checking special code
Applying bleed effect! Checking special code
Applying bleed effect! Checking special code
Applying bleed effect! Checking special code
Applying bleed effect! Checking special code
Applying bleed effect! Checking special code
[   6/250 ] WIN    26 turns   astolfo, inuyasha, genos  vs  luffy, king, jeanne
Applying bleed effect! Checking special code
Applying bleed effect! Checking special code
Applying bleed effect! Checking special code
Applying bleed effect! Checking special code
Applying bleed effect! Checking special code
Applying bleed effect! Checking special code
Applying bleed effect! Checking special code
[   7/250 ] WIN    16 turns   ken, tsubasa, arthur  vs  ryuko, venus, mercury
[   8/250 ] LOSS   23 turns   mars, hawkmon, jinwoo  vs  marco, shinra, gray
Applying bleed effect! Checking special code
Applying bleed effect! Checking special code
[   9/250 ] LOSS   22 turns   luffy, nezuko, madoka  vs  xanxus, aang, power
Yubel's S1 Triggered!
Yubel's S1 Triggered!
[  10/250 ] WIN    20 turns   nonon, mavis, killua  vs  yubel, natsu, jupiter
Applying bleed effect! Checking special code
Applying bleed effect! Checking special code
Applying bleed effect! Checking special code
[  11/250 ] LOSS   20 turns   korra, rimuru, rakko  vs  marco, ryohei, kitara
[  12/250 ] LOSS   23 turns   uranus, ace, pegasus  vs  blackwargreymon, itachi, esdeath
[  13/250 ] LOSS   25 turns   usopp, goku, jack  vs  mine, esdeath, arthur
[  14/250 ] WIN    22 turns   frieren, itachi, veldora  vs  gatomon, korra, impmon
[  15/250 ] LOSS   40 turns   touka, yugi, jinwoo  vs  bakugo, nagisa, megumin
[  16/250 ] LOSS   22 turns   esdeath, tatsumi, tsubaki  vs  genos, neferpitou, shiro
Applying bleed effect! Checking special code
[  17/250 ] LOSS   26 turns   denji, tamaki, jinwoo  vs  kurotsuchi, bakugo, tatsumaki
[  18/250 ] LOSS   32 turns   cell, gallantmon, shokuhou  vs  mikasa, sayaka, tatsumaki
[  19/250 ] WIN    21 turns   jinwoo, ryuko, jaden  vs  jack, sasuke, kid
[  20/250 ] WIN    25 turns   tsubaki, zoro, natsu  vs  orihime, toudou, kuroko
[  21/250 ] WIN    18 turns   ladydevimon, mikasa, gunha  vs  halibel, hibari, yuno
[  22/250 ] WIN    15 turns   touka, alphamon, kurapika  vs  kid, inuyasha, arthur
[  23/250 ] LOSS   31 turns   nezuko, hawkmon, mash  vs  gatomon, allmight, ladydevimon
[  24/250 ] WIN    45 turns   cooler, edward, satsuki  vs  orihime, itachi, todoroki
[  25/250 ] WIN    17 turns   pegasus, frieren, tokoyami  vs  machinedramon, tsubasa, rakko
[  26/250 ] LOSS   21 turns   zenitsu, emiyaarcher, hawkmon  vs  lizandpatty, astolfo, goku
[  27/250 ] LOSS   27 turns   usopp, tokoyami, cooler  vs  mars, tsunayoshi, toph
Applying bleed effect! Checking special code
[  28/250 ] WIN    22 turns   king, orihime, broly  vs  misaka, ganta, tatsumaki
Applying bleed effect! Checking special code
Applying bleed effect! Checking special code
Applying bleed effect! Checking special code
Applying bleed effect! Checking special code
Applying bleed effect! Checking special code
Applying bleed effect! Checking special code
Applying bleed effect! Checking special code
Applying bleed effect! Checking special code
[  29/250 ] WIN    19 turns   rakko, gohan, death  vs  korra, saber, edward
[  30/250 ] WIN    18 turns   gojo, sukuna, nezuko  vs  toga, mami, venus
[  31/250 ] LOSS   24 turns   eren, ace, lyserg  vs  vegeta, natsu, alphonse
[  32/250 ] WIN    22 turns   kid, rimuru, yuji  vs  korra, muichiro, crona
Applying bleed effect! Checking special code
Applying bleed effect! Checking special code
Applying bleed effect! Checking special code
Applying bleed effect! Checking special code
[  33/250 ] WIN    20 turns   toga, neferpitou, ken  vs  sayaka, squalo, ganta
[  34/250 ] WIN    29 turns   rimuru, yoh, tokoyami  vs  gasai, tsuyu, gogeta
[  35/250 ] LOSS   20 turns   mash, inuyasha, tsuyu  vs  misaka, uranus, boruto
[  36/250 ] WIN    26 turns   myotismon, tanjiro, gunha  vs  hibari, eren, nezuko
[  37/250 ] WIN    22 turns   hisoka, myotismon, ladydevimon  vs  pegasus, mami, omnimon
Applying bleed effect! Checking special code
Applying bleed effect! Checking special code
Applying bleed effect! Checking special code
[  38/250 ] LOSS   27 turns   yugi, broly, power  vs  alphamon, saber, hibari
Applying bleed effect! Checking special code
Applying bleed effect! Checking special code
Applying bleed effect! Checking special code
Applying bleed effect! Checking special code
Applying bleed effect! Checking special code
[  39/250 ] LOSS   30 turns   touka, tsunayoshi, tatsumaki  vs  ace, denji, hibari
Applying bleed effect! Checking special code
Applying bleed effect! Checking special code
Applying bleed effect! Checking special code
[  40/250 ] WIN    16 turns   frankenstein, usopp, ken  vs  kurapika, shinoa, inuyasha
[  41/250 ] WIN    30 turns   horohoro, frieren, inuyasha  vs  hisoka, pegasus, minene
Applying bleed effect! Checking special code
Applying bleed effect! Checking special code
Applying bleed effect! Checking special code
Applying bleed effect! Checking special code
Applying bleed effect! Checking special code
Applying bleed effect! Checking special code
Applying bleed effect! Checking special code
Applying bleed effect! Checking special code
[  42/250 ] WIN    19 turns   yuno, rakko, tokoyami  vs  omnimon, sayaka, mami
[  43/250 ] WIN    17 turns   lucy, mine, myotismon  vs  shokuhou, mercury, blackwargreymon
[  44/250 ] WIN    16 turns   tsubaki, gojo, nimaiya  vs  hisoka, sasuke, eren
[  45/250 ] WIN    10 turns   frankenstein, mavis, cooler  vs  gogeta, ladydevimon, ryuko
Applying bleed effect! Checking special code
Applying bleed effect! Checking special code
Applying bleed effect! Checking special code
Applying bleed effect! Checking special code
Applying bleed effect! Checking special code
Applying bleed effect! Checking special code
Applying bleed effect! Checking special code
Applying bleed effect! Checking special code
[  46/250 ] LOSS   24 turns   uraraka, yubel, lucy  vs  king, shiro, rimuru
[  47/250 ] WIN    31 turns   nonon, lizandpatty, hisoka  vs  soul, marco, myotismon
[  48/250 ] LOSS   14 turns   sukuna, toji, zenitsu  vs  nel, edward, usopp
[  49/250 ] LOSS   26 turns   jeanne, uzui, emiyaarcher  vs  yugi, cooler, megumin
[  50/250 ] WIN    37 turns   ganta, gohan, boruto  vs  sakura, todoroki, rengoku
[  51/250 ] WIN    19 turns   genos, tsubaki, midoriya  vs  koro, sakura, noelle
[  52/250 ] LOSS   25 turns   jesse, usopp, ban  vs  toji, kaiba, itachi
[  53/250 ] LOSS   22 turns   semiramis, hisoka, akame  vs  levi, minene, renamon
[  54/250 ] WIN    50 turns   toga, noelle, blackwargreymon  vs  squalo, korra, mercury
[  55/250 ] WIN    21 turns   mikasa, esdeath, emiyaarcher  vs  orihime, blackstar, arthur
[  56/250 ] LOSS   23 turns   alphonse, kid, tsuyu  vs  venus, gon, uranus
Applying bleed effect! Checking special code
Applying bleed effect! Checking special code
Applying bleed effect! Checking special code
Applying bleed effect! Checking special code
Applying bleed effect! Checking special code
[  57/250 ] LOSS   17 turns   gohan, ganta, noelle  vs  king, saturn, tatsumi
[  58/250 ] LOSS   17 turns   vegeta, tanjiro, madoka  vs  gon, naruto, satsuki
Applying bleed effect! Checking special code
Applying bleed effect! Checking special code
Applying bleed effect! Checking special code
Applying bleed effect! Checking special code
[  59/250 ] LOSS   30 turns   yugi, kid, gilgamesh  vs  ichigo, jesse, ken
Applying bleed effect! Checking special code
Applying bleed effect! Checking special code
Applying bleed effect! Checking special code
[  60/250 ] LOSS   30 turns   inosuke, killua, ryuko  vs  ichigo, machinedramon, omnimon
[  61/250 ] LOSS   22 turns   noelle, halibel, jesse  vs  nobara, astolfo, impmon
[  62/250 ] LOSS   26 turns   jaden, ichigo, orihime  vs  alphamon, cell, nagisa
[  63/250 ] WIN    20 turns   gon, luffy, gatomon  vs  akame, koro, orihime
[  64/250 ] WIN    29 turns   sheele, shiro, tatsumaki  vs  gogeta, killua, hinata
Applying bleed effect! Checking special code
Applying bleed effect! Checking special code
Applying bleed effect! Checking special code
Applying bleed effect! Checking special code
Applying bleed effect! Checking special code
Applying bleed effect! Checking special code
Applying bleed effect! Checking special code
[  65/250 ] WIN    29 turns   megumin, gunha, saturn  vs  edward, jeanne, denji
Applying bleed effect! Checking special code
Applying bleed effect! Checking special code
Applying bleed effect! Checking special code
Applying bleed effect! Checking special code
Applying bleed effect! Checking special code
Applying bleed effect! Checking special code
Applying bleed effect! Checking special code
Applying bleed effect! Checking special code
Applying bleed effect! Checking special code
Applying bleed effect! Checking special code
Applying bleed effect! Checking special code
Applying bleed effect! Checking special code
Applying bleed effect! Checking special code
Applying bleed effect! Checking special code
Applying bleed effect! Checking special code
Applying bleed effect! Checking special code
Applying bleed effect! Checking special code
Applying bleed effect! Checking special code
[  66/250 ] WIN    28 turns   king, tsuyu, nezuko  vs  killua, hibari, tamaki
[  67/250 ] LOSS   16 turns   ganta, gon, machinedramon  vs  tatsumi, tanjiro, mercury
[  68/250 ] WIN    22 turns   rob, halibel, nel  vs  lyserg, alphamon, toph
[  69/250 ] WIN    16 turns   bakugo, gatomon, shinoa  vs  goku, kurotsuchi, renamon
[  70/250 ] WIN    20 turns   byakuya, saitama, gasai  vs  gunha, xanxus, boruto
[  71/250 ] WIN    16 turns   hibari, touka, mercury  vs  hisoka, frankenstein, killua
Applying bleed effect! Checking special code
[  72/250 ] LOSS   34 turns   blackstar, todoroki, rakko  vs  mars, jupiter, tatsumi
[  73/250 ] LOSS   24 turns   saturn, inuyasha, myotismon  vs  kuroko, astolfo, yugi
[  74/250 ] WIN    25 turns   uraraka, neferpitou, gallantmon  vs  genos, akame, sakura
[  75/250 ] WIN    49 turns   halibel, jeanne, lizandpatty  vs  ryuko, aang, akame
Applying bleed effect! Checking special code
Applying bleed effect! Checking special code
Applying bleed effect! Checking special code
Applying bleed effect! Checking special code
Applying bleed effect! Checking special code
Applying bleed effect! Checking special code
Applying bleed effect! Checking special code
Applying bleed effect! Checking special code
Applying bleed effect! Checking special code
Applying bleed effect! Checking special code
[  76/250 ] WIN    24 turns   hawkmon, hashirama, maka  vs  venus, levi, king
[  77/250 ] LOSS   12 turns   astolfo, noelle, gatomon  vs  jaden, asta, tatsumi
[  78/250 ] LOSS   24 turns   yoh, frankenstein, semiramis  vs  sakura, killua, tanjiro
[  79/250 ] WIN    19 turns   koro, muichiro, hibari  vs  tamaki, rimuru, kurotsuchi
Applying bleed effect! Checking special code
Applying bleed effect! Checking special code
Applying bleed effect! Checking special code
[  80/250 ] WIN    16 turns   jaden, rakko, astolfo  vs  gilgamesh, zoro, frieren
[  81/250 ] WIN    36 turns   orihime, lizandpatty, venus  vs  tsuyu, sasuke, uzui
[  82/250 ] WIN    23 turns   kitara, tsubaki, alphonse  vs  sayaka, pegasus, ace
[  83/250 ] WIN    47 turns   halibel, orihime, muichiro  vs  sasuke, jeanne, tsunayoshi
Applying bleed effect! Checking special code
Applying bleed effect! Checking special code
Applying bleed effect! Checking special code
[  84/250 ] LOSS   25 turns   boruto, yoh, lyserg  vs  gray, power, asta
[  85/250 ] WIN    20 turns   emiya, marco, midoriya  vs  megumin, muichiro, toph
[  86/250 ] WIN    18 turns   machinedramon, satsuki, sheele  vs  tamaki, natsu, myotismon
Applying bleed effect! Checking special code
Applying bleed effect! Checking special code
Applying bleed effect! Checking special code
[  87/250 ] LOSS   23 turns   killua, orihime, king  vs  lyserg, mash, madoka
Yubel's S1 Triggered!
Yubel's S1 Triggered!
[  88/250 ] WIN    16 turns   renamon, yubel, ladydevimon  vs  minene, todoroki, kurotsuchi
[  89/250 ] LOSS   18 turns   venus, nezuko, yoh  vs  meliodas, sayaka, nel
[  90/250 ] WIN    22 turns   machinedramon, uranus, tsuyu  vs  kurotsuchi, hawkmon, byakuya
[  91/250 ] WIN    22 turns   minene, meliodas, shinra  vs  midoriya, yuji, megumin
[  92/250 ] LOSS   29 turns   byakuya, itachi, lyserg  vs  gon, lucy, emiya
[  93/250 ] LOSS   45 turns   veldora, tsubasa, gasai  vs  goku, shokuhou, toph
[  94/250 ] WIN    22 turns   levi, mash, gray  vs  asta, edward, crona
[  95/250 ] WIN    14 turns   sukuna, misaka, hashirama  vs  nel, lucy, shokuhou
[  96/250 ] WIN    23 turns   renamon, toph, zoro  vs  bakugo, nonon, ganta
[  97/250 ] WIN    23 turns   chrome, pegasus, frankenstein  vs  denji, blackstar, kuroko
Applying bleed effect! Checking special code
Applying bleed effect! Checking special code
[  98/250 ] LOSS   22 turns   death, meliodas, koro  vs  tatsumaki, rengoku, natsu
Applying bleed effect! Checking special code
Applying bleed effect! Checking special code
Applying bleed effect! Checking special code
Applying bleed effect! Checking special code
Applying bleed effect! Checking special code
Applying bleed effect! Checking special code
Applying bleed effect! Checking special code
[  99/250 ] WIN    13 turns   lizandpatty, gallantmon, uzui  vs  ken, tokoyami, tsubasa
Applying bleed effect! Checking special code
Applying bleed effect! Checking special code
Applying bleed effect! Checking special code
Applying bleed effect! Checking special code
[ 100/250 ] WIN    21 turns   broly, saitama, rengoku  vs  blackwargreymon, akame, shinra
Applying bleed effect! Checking special code
Applying bleed effect! Checking special code
Applying bleed effect! Checking special code
Applying bleed effect! Checking special code
[ 101/250 ] WIN    12 turns   ken, yamamoto, megumi  vs  inosuke, yuji, sukuna
[ 102/250 ] WIN    20 turns   seventeen, mine, edward  vs  alphamon, soul, shokuhou
Applying bleed effect! Checking special code
Applying bleed effect! Checking special code
[ 103/250 ] WIN    15 turns   satsuki, gallantmon, king  vs  muichiro, zoro, lizandpatty
[ 104/250 ] WIN    16 turns   soul, lucy, gallantmon  vs  muichiro, squalo, koro
[ 105/250 ] LOSS   31 turns   natsu, xanxus, tsubasa  vs  blackstar, gohan, tanjiro
[ 106/250 ] LOSS   15 turns   nobara, toga, toudou  vs  ichibe, mine, nimaiya
[ 107/250 ] LOSS   14 turns   mash, tsubasa, todoroki  vs  toji, satsuki, nimaiya
[ 108/250 ] LOSS   22 turns   rimuru, gray, astolfo  vs  jaden, blackwargreymon, shiro
[ 109/250 ] LOSS   28 turns   rimuru, naruto, shinoa  vs  uraraka, toga, ryohei
[ 110/250 ] LOSS   23 turns   inuyasha, asta, tatsumaki  vs  hinata, tatsumi, hibari
[ 111/250 ] LOSS   15 turns   vegeta, byakuya, venus  vs  frieren, gunha, asta
[ 112/250 ] WIN    21 turns   toudou, boruto, ichibe  vs  horohoro, ryohei, yoh
[ 113/250 ] LOSS   39 turns   eren, soul, veldora  vs  akame, ace, minene
[ 114/250 ] LOSS   14 turns   alphamon, emiyaarcher, madoka  vs  aiohto, emiya, goku
[ 115/250 ] WIN    23 turns   uraraka, bakugo, gatomon  vs  hisoka, saturn, goku
[ 116/250 ] WIN    35 turns   cooler, luffy, killua  vs  todoroki, ken, frankenstein
[ 117/250 ] WIN    17 turns   asta, alphonse, ace  vs  veldora, emiyaarcher, gojo
[ 118/250 ] LOSS   19 turns   omnimon, koro, shiro  vs  byakuya, asta, allmight
[ 119/250 ] LOSS   32 turns   aiohto, uraraka, todoroki  vs  blackwargreymon, gohan, yuno
[ 120/250 ] LOSS   20 turns   semiramis, touka, goku  vs  tatsumi, tanjiro, gojo
Applying bleed effect! Checking special code
[ 121/250 ] LOSS   20 turns   yamamoto, minene, rengoku  vs  saitama, touka, nobara
[ 122/250 ] WIN    26 turns   venus, mikasa, asta  vs  yuno, aiohto, kurapika
Applying bleed effect! Checking special code
Applying bleed effect! Checking special code
Applying bleed effect! Checking special code
Applying bleed effect! Checking special code
Applying bleed effect! Checking special code
Applying bleed effect! Checking special code
Applying bleed effect! Checking special code
[ 123/250 ] LOSS   29 turns   tamaki, lucy, gon  vs  rakko, crona, tokoyami
[ 124/250 ] WIN    60 turns   astolfo, eren, frieren  vs  tamaki, ganta, koro
[ 125/250 ] LOSS   33 turns   gatomon, koro, mercury  vs  lizandpatty, byakuya, toji
[ 126/250 ] LOSS   30 turns   lyserg, itachi, tsubaki  vs  yamamoto, sasuke, rob
[ 127/250 ] WIN    15 turns   touka, yuno, natsu  vs  shokuhou, frankenstein, gatomon
[ 128/250 ] LOSS   27 turns   gunha, gon, ganta  vs  gatomon, jupiter, renamon
[ 129/250 ] LOSS   28 turns   veldora, akame, todoroki  vs  omnimon, mikasa, uzui
[ 130/250 ] LOSS   21 turns   levi, gogeta, tsubaki  vs  satsuki, shinra, lucy
[ 131/250 ] WIN    19 turns   lucy, rimuru, vegeta  vs  jaden, lyserg, cell
[ 132/250 ] WIN    31 turns   halibel, nagisa, aiohto  vs  neferpitou, tatsumi, horohoro
[ 133/250 ] WIN    40 turns   inuyasha, kuroko, maka  vs  death, toudou, eren
[ 134/250 ] WIN    21 turns   lyserg, kitara, uzui  vs  hisoka, mercury, byakuya
[ 135/250 ] WIN    15 turns   frieren, saber, maka  vs  nobara, ryuko, jack
[ 136/250 ] LOSS   29 turns   gojo, saturn, maka  vs  uraraka, mercury, ryohei
[ 137/250 ] WIN    23 turns   alphamon, noelle, jupiter  vs  broly, impmon, marco
[ 138/250 ] WIN    29 turns   jaden, ladydevimon, muichiro  vs  edward, goku, genos
[ 139/250 ] LOSS   20 turns   shokuhou, mikasa, ganta  vs  jaden, tsubaki, kid
[ 140/250 ] WIN    27 turns   jesse, kurotsuchi, blackwargreymon  vs  ace, gray, esdeath
Yubel's S1 Triggered!
[ 141/250 ] LOSS   29 turns   touka, gatomon, yubel  vs  minene, mercury, yamamoto
[ 142/250 ] LOSS   16 turns   sasuke, squalo, jesse  vs  gohan, tsubaki, gallantmon
Applying bleed effect! Checking special code
Applying bleed effect! Checking special code
[ 143/250 ] LOSS   21 turns   tsubaki, inosuke, mash  vs  yubel, mars, broly
[ 144/250 ] LOSS   57 turns   muichiro, hibari, yugi  vs  sheele, tsunayoshi, machinedramon
[ 145/250 ] LOSS   31 turns   nobara, hibari, machinedramon  vs  boruto, sayaka, kurotsuchi
[ 146/250 ] LOSS   18 turns   bakugo, gon, hashirama  vs  saturn, goku, levi
Applying bleed effect! Checking special code
Applying bleed effect! Checking special code
Applying bleed effect! Checking special code
Applying bleed effect! Checking special code
[ 147/250 ] LOSS   35 turns   orihime, akame, ryuko  vs  korra, yuno, diane
[ 148/250 ] LOSS   20 turns   killua, mars, kaiba  vs  emiyaarcher, tsubasa, sukuna
[ 149/250 ] LOSS  100 turns   mavis, nel, korra  vs  saber, nezuko, hibari
Applying bleed effect! Checking special code
[ 150/250 ] WIN    31 turns   ganta, ichibe, yuno  vs  denji, erza, semiramis
Applying bleed effect! Checking special code
Applying bleed effect! Checking special code
Applying bleed effect! Checking special code
Applying bleed effect! Checking special code
Applying bleed effect! Checking special code
Applying bleed effect! Checking special code
Applying bleed effect! Checking special code
Applying bleed effect! Checking special code
[ 151/250 ] WIN    14 turns   ken, tokoyami, sasuke  vs  saturn, horohoro, esdeath
[ 152/250 ] LOSS   27 turns   diane, tsubaki, jeanne  vs  erza, shokuhou, cooler
[ 153/250 ] WIN    28 turns   tsunayoshi, esdeath, gasai  vs  mine, kurapika, yuji
Applying bleed effect! Checking special code
[ 154/250 ] WIN    34 turns   shinoa, eren, boruto  vs  korra, denji, crona
[ 155/250 ] LOSS   23 turns   noelle, toudou, mars  vs  eren, edward, sheele
[ 156/250 ] LOSS   21 turns   gray, alphonse, orihime  vs  noelle, rob, broly
[ 157/250 ] WIN    12 turns   mars, mavis, esdeath  vs  hibari, nonon, soul
[ 158/250 ] LOSS   17 turns   yugi, tatsumaki, tsubaki  vs  venus, alphamon, adam
[ 159/250 ] WIN    30 turns   tatsumi, uranus, mine  vs  kaiba, blackstar, boruto
[ 160/250 ] WIN    26 turns   megumin, shinra, boruto  vs  neferpitou, ace, yugi
Applying bleed effect! Checking special code
Applying bleed effect! Checking special code
[ 161/250 ] WIN    26 turns   diane, frankenstein, edward  vs  alphonse, inosuke, semiramis
Applying bleed effect! Checking special code
Applying bleed effect! Checking special code
Applying bleed effect! Checking special code
Applying bleed effect! Checking special code
[ 162/250 ] WIN    24 turns   koro, kurotsuchi, inosuke  vs  sakura, megumin, akame
[ 163/250 ] LOSS   18 turns   megumi, omnimon, sayaka  vs  cell, yoh, renamon
Applying bleed effect! Checking special code
Applying bleed effect! Checking special code
Applying bleed effect! Checking special code
Applying bleed effect! Checking special code
Applying bleed effect! Checking special code
Applying bleed effect! Checking special code
Applying bleed effect! Checking special code
[ 164/250 ] LOSS   24 turns   ken, tsubasa, lizandpatty  vs  pegasus, hashirama, nagisa
Applying bleed effect! Checking special code
Applying bleed effect! Checking special code
[ 165/250 ] LOSS   21 turns   shiro, hisoka, nobara  vs  astolfo, rakko, killua
Applying bleed effect! Checking special code
[ 166/250 ] LOSS   23 turns   diane, marco, genos  vs  gray, venus, mash
Applying bleed effect! Checking special code
[ 167/250 ] WIN    21 turns   zoro, denji, marco  vs  erza, muichiro, noelle
[ 168/250 ] LOSS   21 turns   toph, lizandpatty, mercury  vs  zoro, tokoyami, nimaiya
Applying bleed effect! Checking special code
Applying bleed effect! Checking special code
Applying bleed effect! Checking special code
Applying bleed effect! Checking special code
Applying bleed effect! Checking special code
Applying bleed effect! Checking special code
Applying bleed effect! Checking special code
Applying bleed effect! Checking special code
Applying bleed effect! Checking special code
Applying bleed effect! Checking special code
[ 169/250 ] LOSS   16 turns   semiramis, akame, yugi  vs  squalo, rengoku, king
[ 170/250 ] WIN    21 turns   gohan, saitama, rob  vs  tsubasa, squalo, alphamon
[ 171/250 ] LOSS   17 turns   ganta, death, mami  vs  ace, zenitsu, squalo
[ 172/250 ] WIN    20 turns   aiohto, kuroko, usopp  vs  toga, hinata, gilgamesh
[ 173/250 ] LOSS   72 turns   nezuko, ace, cell  vs  horohoro, mars, marco
Applying bleed effect! Checking special code
Applying bleed effect! Checking special code
Applying bleed effect! Checking special code
[ 174/250 ] LOSS   29 turns   gilgamesh, saitama, diane  vs  goku, hibari, arthur
Applying bleed effect! Checking special code
Applying bleed effect! Checking special code
[ 175/250 ] WIN    17 turns   cooler, kaiba, alphamon  vs  aang, kurotsuchi, denji
Applying bleed effect! Checking special code
Applying bleed effect! Checking special code
[ 176/250 ] LOSS   17 turns   mami, kuroko, xanxus  vs  sakura, yugi, diane
[ 177/250 ] LOSS   23 turns   madoka, jaden, toph  vs  minene, gray, ichigo
[ 178/250 ] WIN    31 turns   gallantmon, gunha, hawkmon  vs  uraraka, veldora, ryohei
[ 179/250 ] WIN    20 turns   shiro, meliodas, toga  vs  usopp, nagisa, blackwargreymon
[ 180/250 ] WIN    41 turns   omnimon, toji, jeanne  vs  shiro, midoriya, chrome
[ 181/250 ] WIN    31 turns   megumi, gojo, mine  vs  saitama, blackwargreymon, tokoyami
[ 182/250 ] WIN    26 turns   nel, shinra, kurapika  vs  marco, tsubasa, cooler
[ 183/250 ] WIN    19 turns   asta, minene, ryohei  vs  megumin, halibel, tatsumi
Applying bleed effect! Checking special code
[ 184/250 ] WIN    20 turns   yugi, satsuki, tsubaki  vs  diane, gunha, yubel
[ 185/250 ] WIN    12 turns   erza, touka, rimuru  vs  kid, asta, horohoro
[ 186/250 ] WIN    34 turns   jack, mami, megumi  vs  naruto, gogeta, halibel
[ 187/250 ] LOSS   26 turns   ichibe, toga, mercury  vs  hinata, gojo, sakura
[ 188/250 ] WIN    16 turns   sayaka, luffy, alphamon  vs  kurapika, jesse, kitara
[ 189/250 ] LOSS   17 turns   ryuko, jeanne, semiramis  vs  erza, asta, maka
[ 190/250 ] LOSS   36 turns   gilgamesh, yuji, jupiter  vs  luffy, ryuko, ichigo
[ 191/250 ] WIN    12 turns   naruto, alphamon, chrome  vs  jupiter, ryuko, blackstar
[ 192/250 ] WIN    24 turns   kitara, gallantmon, uranus  vs  touka, neferpitou, blackstar
[ 193/250 ] WIN    20 turns   hashirama, misaka, tatsumi  vs  nonon, zenitsu, saturn
Applying bleed effect! Checking special code
Applying bleed effect! Checking special code
Applying bleed effect! Checking special code
Applying bleed effect! Checking special code
Applying bleed effect! Checking special code
[ 194/250 ] WIN    22 turns   toph, esdeath, killua  vs  king, nimaiya, allmight
[ 195/250 ] WIN    48 turns   minene, korra, cell  vs  ryohei, chrome, koro
[ 196/250 ] LOSS   18 turns   orihime, yuno, yamamoto  vs  seventeen, levi, aiohto
[ 197/250 ] WIN    23 turns   yugi, todoroki, myotismon  vs  tatsumaki, touka, misaka
[ 198/250 ] WIN    27 turns   zenitsu, astolfo, alphamon  vs  gogeta, crona, squalo
[ 199/250 ] LOSS   14 turns   kaiba, death, vegeta  vs  hibari, alphonse, alphamon
[ 200/250 ] WIN    23 turns   marco, gray, tokoyami  vs  rob, jaden, gogeta
[ 201/250 ] WIN    29 turns   lizandpatty, mars, itachi  vs  broly, killua, myotismon
Applying bleed effect! Checking special code
Applying bleed effect! Checking special code
Applying bleed effect! Checking special code
Applying bleed effect! Checking special code
Applying bleed effect! Checking special code
Applying bleed effect! Checking special code
Applying bleed effect! Checking special code
Applying bleed effect! Checking special code
[ 202/250 ] WIN    22 turns   ken, adam, inuyasha  vs  uranus, mars, gojo
Applying bleed effect! Checking special code
Applying bleed effect! Checking special code
Applying bleed effect! Checking special code
Applying bleed effect! Checking special code
Applying bleed effect! Checking special code
Applying bleed effect! Checking special code
Applying bleed effect! Checking special code
[ 203/250 ] WIN    16 turns   naruto, yuji, ken  vs  machinedramon, aang, hawkmon
[ 204/250 ] LOSS   32 turns   tsubasa, ace, rimuru  vs  emiya, sasuke, koro
[ 205/250 ] WIN    33 turns   mikasa, pegasus, blackwargreymon  vs  uraraka, venus, omnimon
Applying bleed effect! Checking special code
Applying bleed effect! Checking special code
[ 206/250 ] LOSS   17 turns   korra, astolfo, rakko  vs  asta, ban, usopp
Applying bleed effect! Checking special code
Applying bleed effect! Checking special code
[ 207/250 ] LOSS   18 turns   aang, power, yuno  vs  saturn, gogeta, levi
[ 208/250 ] WIN    71 turns   saturn, aang, saber  vs  death, usopp, tsubasa
Applying bleed effect! Checking special code
[ 209/250 ] WIN    19 turns   gohan, power, shinra  vs  rob, nonon, tsunayoshi
[ 210/250 ] WIN    20 turns   tsuyu, marco, mars  vs  frieren, natsu, pegasus
Yubel's S1 Triggered!
[ 211/250 ] LOSS   28 turns   gallantmon, akame, muichiro  vs  yuji, ryuko, yubel
[ 212/250 ] WIN    26 turns   gojo, naruto, saitama  vs  megumi, neferpitou, sakura
[ 213/250 ] WIN    30 turns   marco, tatsumaki, veldora  vs  halibel, saitama, emiya
[ 214/250 ] LOSS   16 turns   mikasa, nobara, cooler  vs  vegeta, omnimon, misaka
[ 215/250 ] WIN    25 turns   arthur, omnimon, byakuya  vs  maka, seventeen, hashirama
[ 216/250 ] LOSS   19 turns   sayaka, luffy, megumi  vs  gray, uranus, seventeen
Applying bleed effect! Checking special code
Applying bleed effect! Checking special code
Applying bleed effect! Checking special code
[ 217/250 ] LOSS   15 turns   denji, tsuyu, uzui  vs  sukuna, lizandpatty, tsunayoshi
Applying bleed effect! Checking special code
Applying bleed effect! Checking special code
Applying bleed effect! Checking special code
[ 218/250 ] WIN    17 turns   cooler, king, cell  vs  tsunayoshi, gogeta, goku
[ 219/250 ] LOSS   14 turns   allmight, akame, aang  vs  frankenstein, death, yuno
[ 220/250 ] WIN    20 turns   hisoka, tamaki, eren  vs  frankenstein, gohan, jinwoo
[ 221/250 ] WIN    21 turns   soul, impmon, mavis  vs  saturn, toudou, touka
[ 222/250 ] WIN    17 turns   genos, gogeta, koro  vs  yugi, shokuhou, squalo
[ 223/250 ] LOSS   16 turns   shokuhou, blackwargreymon, mami  vs  noelle, uraraka, genos
[ 224/250 ] LOSS   16 turns   chrome, jupiter, astolfo  vs  death, asta, bakugo
[ 225/250 ] WIN    16 turns   gon, mavis, pegasus  vs  jesse, byakuya, jinwoo
[ 226/250 ] LOSS   17 turns   frieren, chrome, yubel  vs  akame, vegeta, jack
[ 227/250 ] LOSS   33 turns   ichibe, mars, ace  vs  tsubaki, gilgamesh, sukuna
[ 228/250 ] LOSS   16 turns   arthur, neferpitou, midoriya  vs  hashirama, rob, adam
Applying bleed effect! Checking special code
[ 229/250 ] LOSS   19 turns   tanjiro, power, killua  vs  halibel, koro, esdeath
[ 230/250 ] LOSS   22 turns   shokuhou, goku, yamamoto  vs  shinra, touka, semiramis
[ 231/250 ] LOSS   44 turns   jaden, cooler, gasai  vs  arthur, yamamoto, impmon
[ 232/250 ] WIN    15 turns   saber, seventeen, lizandpatty  vs  soul, sheele, mine
[ 233/250 ] WIN    19 turns   frieren, gunha, zenitsu  vs  mine, jaden, pegasus
[ 234/250 ] WIN    16 turns   saber, squalo, impmon  vs  ryuko, sayaka, gray
[ 235/250 ] LOSS   15 turns   tatsumaki, soul, tatsumi  vs  hashirama, midoriya, todoroki
Applying bleed effect! Checking special code
Applying bleed effect! Checking special code
Applying bleed effect! Checking special code
Applying bleed effect! Checking special code
Applying bleed effect! Checking special code
[ 236/250 ] LOSS   24 turns   misaka, maka, ken  vs  vegeta, rob, tatsumaki
[ 237/250 ] LOSS   28 turns   jinwoo, sakura, toji  vs  shokuhou, jupiter, kurotsuchi
[ 238/250 ] WIN    20 turns   toph, megumin, alphamon  vs  jeanne, akame, tsuyu
Applying bleed effect! Checking special code
Applying bleed effect! Checking special code
Applying bleed effect! Checking special code
Applying bleed effect! Checking special code
Applying bleed effect! Checking special code
Applying bleed effect! Checking special code
Applying bleed effect! Checking special code
[ 239/250 ] LOSS   19 turns   gray, horohoro, tsuyu  vs  ken, hibari, ryuko
[ 240/250 ] WIN    17 turns   yuno, bakugo, sakura  vs  cell, jupiter, zoro
[ 241/250 ] LOSS   23 turns   omnimon, ladydevimon, impmon  vs  adam, rob, satsuki
[ 242/250 ] WIN    15 turns   semiramis, kuroko, lyserg  vs  lucy, rakko, renamon
[ 243/250 ] WIN    35 turns   kitara, maka, saturn  vs  gogeta, yamamoto, frieren
[ 244/250 ] LOSS   14 turns   jupiter, emiyaarcher, shokuhou  vs  hawkmon, broly, mavis
[ 245/250 ] LOSS   33 turns   gunha, yubel, saber  vs  eren, itachi, frieren
[ 246/250 ] WIN    18 turns   mavis, tsuyu, ryohei  vs  inuyasha, genos, todoroki
[ 247/250 ] WIN    23 turns   tatsumi, mavis, muichiro  vs  natsu, akame, midoriya
[ 248/250 ] WIN    14 turns   sayaka, jaden, nel  vs  toph, mercury, rob
[ 249/250 ] WIN    16 turns   erza, madoka, maka  vs  ganta, todoroki, kaiba
[ 250/250 ] WIN    17 turns   luffy, alphonse, nel  vs  gojo, inuyasha, jeanne
=== TRAINER RUN COMPLETE ===
Matches: 250   W: 135   L: 115   D: 0   Win: 54.0%   (opponent: self)
Policy saved to res://training/orchestrator/worker_r3_i5.json  (generation 2, trained_matches 4250)
