Godot Engine v4.6.2.stable.official.71f334935 - https://godotengine.org

[trainer] seed=25007 matches=250 opponent=self eval=false out=res://training/orchestrator/worker_r2_i7.json checkpoint=res://training/checkpoints/gen_1.json
[authored] loaded 1 authored character(s)
[   1/250 ] WIN    27 turns   rimuru, jaden, jupiter  vs  yugi, gasai, neferpitou
Applying bleed effect! Checking special code
Applying bleed effect! Checking special code
Applying bleed effect! Checking special code
Applying bleed effect! Checking special code
Applying bleed effect! Checking special code
[   2/250 ] WIN    31 turns   tokoyami, inosuke, noelle  vs  itachi, tsunayoshi, koro
[   3/250 ] LOSS   31 turns   jeanne, ryohei, toudou  vs  inuyasha, orihime, alphamon
[   4/250 ] LOSS   19 turns   gatomon, blackstar, tsuyu  vs  touka, misaka, veldora
[   5/250 ] WIN    21 turns   killua, ban, death  vs  misaka, halibel, yubel
Applying bleed effect! Checking special code
[   6/250 ] LOSS   33 turns   tsubaki, misaka, midoriya  vs  jaden, meliodas, king
[   7/250 ] WIN    43 turns   misaka, mars, toph  vs  killua, marco, shinoa
[   8/250 ] LOSS   17 turns   toji, ichigo, nimaiya  vs  saitama, frankenstein, ban
Applying bleed effect! Checking special code
Applying bleed effect! Checking special code
Applying bleed effect! Checking special code
[   9/250 ] WIN    25 turns   meliodas, marco, ganta  vs  semiramis, venus, inosuke
[  10/250 ] WIN    12 turns   ichigo, shiro, lizandpatty  vs  ganta, megumin, natsu
[  11/250 ] WIN    21 turns   sakura, koro, ichigo  vs  ryohei, yugi, akame
[  12/250 ] LOSS   17 turns   crona, mami, usopp  vs  touka, toph, satsuki
[  13/250 ] LOSS   16 turns   nimaiya, tatsumi, mercury  vs  gon, death, toji
Applying bleed effect! Checking special code
[  14/250 ] WIN    16 turns   satsuki, myotismon, levi  vs  gogeta, gohan, power
[  15/250 ] LOSS   38 turns   lizandpatty, yoh, death  vs  kuroko, misaka, ryohei
[  16/250 ] WIN    16 turns   ichigo, lizandpatty, saber  vs  cooler, sasuke, kaiba
[  17/250 ] LOSS   16 turns   uranus, tsubaki, toji  vs  zenitsu, eren, emiya
[  18/250 ] WIN    30 turns   tsubasa, byakuya, killua  vs  marco, ryohei, alphamon
[  19/250 ] LOSS   18 turns   rob, tsunayoshi, kaiba  vs  lucy, death, satsuki
[  20/250 ] WIN    21 turns   nobara, touka, ichigo  vs  yubel, chrome, jesse
[  21/250 ] WIN    20 turns   lucy, semiramis, asta  vs  venus, meliodas, tatsumi
[  22/250 ] WIN    23 turns   gallantmon, gojo, saturn  vs  esdeath, ganta, broly
[  23/250 ] WIN    17 turns   inuyasha, alphamon, sayaka  vs  yoh, nonon, mine
[  24/250 ] WIN    24 turns   lyserg, hashirama, toph  vs  sayaka, uzui, uraraka
[  25/250 ] LOSS   22 turns   uzui, gasai, ban  vs  kaiba, sheele, sayaka
[  26/250 ] WIN    13 turns   satsuki, neferpitou, ban  vs  killua, allmight, xanxus
[  27/250 ] LOSS   24 turns   nobara, venus, saturn  vs  emiya, zoro, ladydevimon
[  28/250 ] LOSS   30 turns   machinedramon, cooler, gasai  vs  cell, jeanne, zoro
[  29/250 ] WIN    28 turns   chrome, gunha, edward  vs  mine, mash, toph
[  30/250 ] WIN    16 turns   meliodas, mavis, gray  vs  tsubasa, ryuko, inosuke
Applying bleed effect! Checking special code
Applying bleed effect! Checking special code
Applying bleed effect! Checking special code
Applying bleed effect! Checking special code
Applying bleed effect! Checking special code
[  31/250 ] LOSS   31 turns   asta, rakko, shinra  vs  lizandpatty, crona, mine
Applying bleed effect! Checking special code
Applying bleed effect! Checking special code
[  32/250 ] WIN    20 turns   diane, saturn, bakugo  vs  rakko, zoro, ace
[  33/250 ] WIN    34 turns   saber, toji, neferpitou  vs  veldora, luffy, renamon
[  34/250 ] LOSS   24 turns   aang, tatsumi, byakuya  vs  mine, killua, korra
[  35/250 ] LOSS   20 turns   maka, myotismon, kid  vs  adam, uranus, ganta
[  36/250 ] WIN    13 turns   gohan, renamon, erza  vs  squalo, frankenstein, sukuna
[  37/250 ] WIN    15 turns   satsuki, tsubaki, zenitsu  vs  tatsumi, killua, asta
[  38/250 ] WIN    25 turns   gatomon, killua, kid  vs  levi, aang, jaden
[  39/250 ] WIN    27 turns   gallantmon, uraraka, gasai  vs  ace, kuroko, tsubasa
[  40/250 ] LOSS   22 turns   sukuna, yuno, yubel  vs  soul, asta, allmight
Applying bleed effect! Checking special code
Applying bleed effect! Checking special code
Applying bleed effect! Checking special code
[  41/250 ] WIN    38 turns   saturn, blackstar, denji  vs  noelle, minene, omnimon
Applying bleed effect! Checking special code
[  42/250 ] LOSS   16 turns   inosuke, death, toga  vs  meliodas, boruto, tokoyami
[  43/250 ] LOSS   17 turns   allmight, itachi, impmon  vs  mine, gunha, nonon
[  44/250 ] WIN    14 turns   gogeta, yugi, alphamon  vs  byakuya, killua, toga
[  45/250 ] WIN    20 turns   sheele, ichigo, mine  vs  yugi, toph, misaka
[  46/250 ] LOSS   31 turns   hashirama, emiyaarcher, jinwoo  vs  pegasus, shiro, death
[  47/250 ] LOSS   56 turns   gilgamesh, saber, yamamoto  vs  jack, naruto, byakuya
[  48/250 ] LOSS   28 turns   noelle, yuno, usopp  vs  natsu, luffy, naruto
Applying bleed effect! Checking special code
[  49/250 ] WIN    27 turns   naruto, veldora, crona  vs  diane, ganta, semiramis
Applying bleed effect! Checking special code
Applying bleed effect! Checking special code
Applying bleed effect! Checking special code
Applying bleed effect! Checking special code
[  50/250 ] LOSS   27 turns   toph, mercury, mami  vs  squalo, rengoku, yugi
[  51/250 ] LOSS   39 turns   blackwargreymon, frieren, emiya  vs  eren, yuno, yugi
[  52/250 ] WIN    16 turns   toph, sayaka, jaden  vs  jack, midoriya, mikasa
[  53/250 ] WIN    19 turns   jesse, uranus, nimaiya  vs  rob, toph, shiro
[  54/250 ] LOSS   18 turns   gogeta, gunha, adam  vs  ladydevimon, lucy, marco
[  55/250 ] LOSS   19 turns   sukuna, jeanne, shinra  vs  ichibe, kuroko, halibel
Applying bleed effect! Checking special code
Applying bleed effect! Checking special code
Applying bleed effect! Checking special code
Applying bleed effect! Checking special code
Applying bleed effect! Checking special code
Applying bleed effect! Checking special code
[  56/250 ] LOSS   11 turns   yuji, uzui, frieren  vs  broly, ken, tsunayoshi
[  57/250 ] WIN    18 turns   jaden, nezuko, itachi  vs  xanxus, squalo, jeanne
[  58/250 ] LOSS   36 turns   veldora, vegeta, megumin  vs  venus, shiro, shinoa
[  59/250 ] LOSS   32 turns   frankenstein, halibel, venus  vs  orihime, tsubasa, tatsumi
[  60/250 ] LOSS   17 turns   ryuko, toph, usopp  vs  uranus, death, gogeta
Applying bleed effect! Checking special code
Applying bleed effect! Checking special code
[  61/250 ] LOSS   33 turns   gon, mikasa, tsuyu  vs  denji, alphonse, rimuru
[  62/250 ] LOSS   26 turns   uzui, yuno, zenitsu  vs  touka, arthur, shinoa
[  63/250 ] LOSS   60 turns   halibel, zoro, uzui  vs  impmon, marco, koro
[  64/250 ] WIN    24 turns   squalo, kaiba, inuyasha  vs  akame, tatsumi, noelle
[  65/250 ] LOSS   23 turns   jupiter, koro, horohoro  vs  semiramis, saitama, veldora
[  66/250 ] LOSS   39 turns   venus, tsuyu, muichiro  vs  arthur, nonon, tatsumi
[  67/250 ] WIN    23 turns   frieren, nagisa, genos  vs  mami, diane, jaden
[  68/250 ] WIN    19 turns   alphonse, midoriya, jupiter  vs  gogeta, orihime, shinra
[  69/250 ] LOSS   20 turns   chrome, mikasa, byakuya  vs  hashirama, saber, minene
[  70/250 ] LOSS  155 turns   saber, broly, todoroki  vs  jaden, megumin, meliodas
[  71/250 ] LOSS   23 turns   saber, gilgamesh, jeanne  vs  genos, koro, emiya
[  72/250 ] LOSS   28 turns   emiya, lizandpatty, tsubaki  vs  midoriya, misaka, frankenstein
[  73/250 ] LOSS   21 turns   gatomon, halibel, natsu  vs  bakugo, squalo, yuji
[  74/250 ] WIN    24 turns   tokoyami, zoro, levi  vs  saturn, goku, lizandpatty
[  75/250 ] LOSS   19 turns   byakuya, zenitsu, nimaiya  vs  nezuko, shiro, mercury
Applying bleed effect! Checking special code
Applying bleed effect! Checking special code
[  76/250 ] LOSS   14 turns   blackwargreymon, ace, rengoku  vs  tatsumi, zenitsu, bakugo
[  77/250 ] WIN    18 turns   myotismon, maka, levi  vs  shokuhou, blackwargreymon, allmight
[  78/250 ] LOSS   27 turns   ace, goku, kurotsuchi  vs  lyserg, saturn, alphonse
Applying bleed effect! Checking special code
Applying bleed effect! Checking special code
Applying bleed effect! Checking special code
Applying bleed effect! Checking special code
[  79/250 ] LOSS   22 turns   killua, saber, power  vs  yuji, ichigo, todoroki
[  80/250 ] WIN    21 turns   astolfo, vegeta, kuroko  vs  adam, blackstar, gogeta
[  81/250 ] WIN    24 turns   veldora, lyserg, jupiter  vs  muichiro, ladydevimon, hawkmon
Applying bleed effect! Checking special code
[  82/250 ] LOSS   14 turns   boruto, emiyaarcher, shokuhou  vs  alphamon, madoka, king
[  83/250 ] LOSS   16 turns   seventeen, blackwargreymon, aiohto  vs  mash, mavis, killua
[  84/250 ] LOSS   16 turns   hawkmon, sayaka, jupiter  vs  chrome, luffy, jaden
Applying bleed effect! Checking special code
[  85/250 ] WIN    14 turns   mash, hashirama, sayaka  vs  todoroki, denji, gasai
[  86/250 ] WIN    24 turns   eren, gallantmon, naruto  vs  jack, genos, uraraka
Yubel's S1 Triggered!
[  87/250 ] WIN    22 turns   killua, yubel, jinwoo  vs  sakura, mash, rimuru
Applying bleed effect! Checking special code
Applying bleed effect! Checking special code
Applying bleed effect! Checking special code
Applying bleed effect! Checking special code
Applying bleed effect! Checking special code
Applying bleed effect! Checking special code
Applying bleed effect! Checking special code
[  88/250 ] WIN    24 turns   ryuko, mash, ken  vs  naruto, maka, astolfo
[  89/250 ] WIN    39 turns   astolfo, jupiter, tsuyu  vs  alphamon, natsu, nezuko
[  90/250 ] WIN    27 turns   frieren, tamaki, zoro  vs  todoroki, diane, sakura
Applying bleed effect! Checking special code
Applying bleed effect! Checking special code
[  91/250 ] LOSS   40 turns   saturn, inosuke, misaka  vs  erza, tsubasa, blackwargreymon
[  92/250 ] LOSS   21 turns   shinoa, levi, arthur  vs  aiohto, gasai, sasuke
[  93/250 ] LOSS   16 turns   kid, renamon, madoka  vs  mercury, ganta, vegeta
[  94/250 ] LOSS   31 turns   hawkmon, ban, midoriya  vs  esdeath, natsu, yoh
[  95/250 ] LOSS   23 turns   toph, lyserg, gunha  vs  frieren, halibel, nagisa
[  96/250 ] LOSS   24 turns   mami, uraraka, toph  vs  veldora, squalo, adam
[  97/250 ] WIN    30 turns   gunha, gon, zenitsu  vs  halibel, noelle, marco
Applying bleed effect! Checking special code
Applying bleed effect! Checking special code
Applying bleed effect! Checking special code
[  98/250 ] WIN    21 turns   kitara, denji, neferpitou  vs  mine, inuyasha, adam
[  99/250 ] WIN    14 turns   killua, mavis, cell  vs  megumin, edward, tokoyami
[ 100/250 ] LOSS   30 turns   megumi, uraraka, ryuko  vs  jupiter, sakura, soul
Applying bleed effect! Checking special code
[ 101/250 ] LOSS   16 turns   shinoa, jupiter, rakko  vs  itachi, saturn, neferpitou
[ 102/250 ] WIN    22 turns   frankenstein, megumin, xanxus  vs  hashirama, eren, mavis
Applying bleed effect! Checking special code
Applying bleed effect! Checking special code
Applying bleed effect! Checking special code
Applying bleed effect! Checking special code
[ 103/250 ] LOSS   19 turns   shokuhou, frankenstein, lyserg  vs  mavis, inosuke, sakura
[ 104/250 ] WIN    25 turns   yamamoto, edward, jaden  vs  tsubasa, byakuya, gojo
[ 105/250 ] LOSS   18 turns   semiramis, cell, emiya  vs  uranus, saber, toph
Applying bleed effect! Checking special code
Applying bleed effect! Checking special code
[ 106/250 ] WIN    61 turns   diane, toph, orihime  vs  frieren, omnimon, gilgamesh
[ 107/250 ] WIN    14 turns   misaka, nonon, broly  vs  astolfo, kurotsuchi, megumin
[ 108/250 ] WIN    14 turns   tsubasa, bakugo, yuno  vs  gogeta, misaka, sasuke
[ 109/250 ] WIN    23 turns   esdeath, eren, uzui  vs  cell, rimuru, halibel
[ 110/250 ] WIN    15 turns   jupiter, mikasa, levi  vs  byakuya, gunha, hawkmon
[ 111/250 ] WIN    22 turns   bakugo, hinata, semiramis  vs  gallantmon, tamaki, tokoyami
[ 112/250 ] LOSS   18 turns   marco, madoka, pegasus  vs  kurotsuchi, meliodas, yuno
[ 113/250 ] LOSS   19 turns   veldora, gohan, mercury  vs  tamaki, zoro, mavis
[ 114/250 ] WIN    14 turns   chrome, megumi, madoka  vs  gallantmon, orihime, jupiter
[ 115/250 ] LOSS   14 turns   yugi, squalo, itachi  vs  bakugo, asta, ryuko
[ 116/250 ] LOSS   20 turns   toji, inuyasha, korra  vs  vegeta, death, kurapika
[ 117/250 ] LOSS   20 turns   levi, jinwoo, jupiter  vs  ganta, nezuko, neferpitou
[ 118/250 ] WIN    28 turns   emiyaarcher, semiramis, mash  vs  sheele, eren, halibel
[ 119/250 ] WIN    18 turns   shinra, asta, yugi  vs  kurotsuchi, horohoro, naruto
[ 120/250 ] WIN    16 turns   mash, ryohei, byakuya  vs  machinedramon, ganta, todoroki
[ 121/250 ] LOSS   23 turns   mami, megumi, yuno  vs  shiro, vegeta, saturn
[ 122/250 ] WIN    21 turns   horohoro, tsubaki, toudou  vs  astolfo, midoriya, gatomon
[ 123/250 ] LOSS   25 turns   horohoro, shinra, arthur  vs  alphonse, saber, saitama
[ 124/250 ] LOSS   29 turns   killua, neferpitou, emiyaarcher  vs  rimuru, shinoa, uraraka
[ 125/250 ] WIN    18 turns   sayaka, gilgamesh, yamamoto  vs  eren, byakuya, toga
[ 126/250 ] LOSS   16 turns   mine, yuji, levi  vs  myotismon, squalo, gilgamesh
[ 127/250 ] LOSS   18 turns   venus, boruto, jeanne  vs  veldora, genos, yamamoto
[ 128/250 ] WIN    24 turns   toji, tanjiro, nagisa  vs  myotismon, ichibe, semiramis
[ 129/250 ] LOSS   33 turns   jinwoo, yuno, toph  vs  akame, kitara, kurotsuchi
[ 130/250 ] LOSS   26 turns   adam, sheele, venus  vs  nel, nobara, cooler
Applying bleed effect! Checking special code
Applying bleed effect! Checking special code
Applying bleed effect! Checking special code
Applying bleed effect! Checking special code
[ 131/250 ] WIN    20 turns   neferpitou, ken, gray  vs  tamaki, sheele, jesse
Applying bleed effect! Checking special code
Applying bleed effect! Checking special code
Applying bleed effect! Checking special code
Applying bleed effect! Checking special code
Applying bleed effect! Checking special code
Applying bleed effect! Checking special code
Applying bleed effect! Checking special code
Applying bleed effect! Checking special code
Applying bleed effect! Checking special code
Applying bleed effect! Checking special code
Applying bleed effect! Checking special code
Applying bleed effect! Checking special code
Applying bleed effect! Checking special code
Applying bleed effect! Checking special code
[ 132/250 ] WIN    16 turns   gojo, denji, ken  vs  power, crona, king
[ 133/250 ] LOSS   30 turns   asta, jeanne, cell  vs  neferpitou, gojo, nezuko
Applying bleed effect! Checking special code
Applying bleed effect! Checking special code
Applying bleed effect! Checking special code
[ 134/250 ] WIN    20 turns   king, lyserg, jack  vs  renamon, koro, soul
[ 135/250 ] LOSS   38 turns   uranus, edward, semiramis  vs  shinoa, uraraka, zenitsu
[ 136/250 ] WIN    21 turns   zenitsu, tatsumi, ban  vs  gasai, shokuhou, lyserg
Applying bleed effect! Checking special code
Applying bleed effect! Checking special code
[ 137/250 ] LOSS   24 turns   gasai, gohan, halibel  vs  tsubaki, pegasus, power
[ 138/250 ] LOSS   17 turns   noelle, shinra, yoh  vs  hibari, uraraka, impmon
[ 139/250 ] LOSS   18 turns   genos, venus, goku  vs  kurapika, renamon, natsu
Applying bleed effect! Checking special code
Applying bleed effect! Checking special code
Applying bleed effect! Checking special code
Applying bleed effect! Checking special code
Applying bleed effect! Checking special code
[ 140/250 ] WIN    24 turns   pegasus, inosuke, toudou  vs  soul, gallantmon, zoro
[ 141/250 ] LOSS   46 turns   mars, mavis, pegasus  vs  hinata, sakura, cooler
[ 142/250 ] WIN    45 turns   edward, natsu, gasai  vs  itachi, mash, nonon
[ 143/250 ] LOSS   16 turns   jeanne, astolfo, jupiter  vs  koro, todoroki, rob
Applying bleed effect! Checking special code
Applying bleed effect! Checking special code
Applying bleed effect! Checking special code
Applying bleed effect! Checking special code
Applying bleed effect! Checking special code
Applying bleed effect! Checking special code
Applying bleed effect! Checking special code
[ 144/250 ] LOSS   16 turns   emiya, saber, bakugo  vs  ken, zoro, arthur
[ 145/250 ] LOSS   19 turns   veldora, nimaiya, horohoro  vs  marco, jupiter, yuji
Applying bleed effect! Checking special code
Applying bleed effect! Checking special code
Applying bleed effect! Checking special code
Applying bleed effect! Checking special code
Applying bleed effect! Checking special code
[ 146/250 ] WIN    20 turns   vegeta, mami, ken  vs  uraraka, goku, aiohto
[ 147/250 ] LOSS   14 turns   megumin, noelle, machinedramon  vs  saturn, ryohei, sayaka
[ 148/250 ] LOSS   26 turns   machinedramon, ban, minene  vs  tsubasa, itachi, kaiba
Applying bleed effect! Checking special code
Applying bleed effect! Checking special code
Applying bleed effect! Checking special code
Applying bleed effect! Checking special code
Applying bleed effect! Checking special code
[ 149/250 ] LOSS   26 turns   cooler, emiyaarcher, inosuke  vs  rob, neferpitou, squalo
[ 150/250 ] WIN    16 turns   frieren, mars, asta  vs  usopp, jeanne, myotismon
Applying bleed effect! Checking special code
[ 151/250 ] LOSS   25 turns   uraraka, diane, naruto  vs  ryuko, boruto, semiramis
[ 152/250 ] LOSS   37 turns   soul, tsuyu, mercury  vs  shiro, rob, rakko
[ 153/250 ] LOSS   35 turns   lyserg, uraraka, shokuhou  vs  jupiter, noelle, ichibe
Applying bleed effect! Checking special code
Applying bleed effect! Checking special code
Applying bleed effect! Checking special code
Applying bleed effect! Checking special code
Applying bleed effect! Checking special code
Applying bleed effect! Checking special code
[ 154/250 ] LOSS   22 turns   asta, king, horohoro  vs  edward, gohan, ichigo
[ 155/250 ] WIN    25 turns   kitara, rob, eren  vs  shiro, adam, toudou
[ 156/250 ] WIN    17 turns   blackwargreymon, madoka, byakuya  vs  nobara, esdeath, vegeta
[ 157/250 ] LOSS   29 turns   omnimon, tsubaki, aiohto  vs  sakura, minene, sheele
[ 158/250 ] WIN    28 turns   usopp, gray, cell  vs  bakugo, kuroko, ban
Applying bleed effect! Checking special code
[ 159/250 ] LOSS   22 turns   jack, goku, nobara  vs  levi, orihime, power
[ 160/250 ] WIN    13 turns   gallantmon, tokoyami, broly  vs  yugi, lyserg, nagisa
[ 161/250 ] LOSS   21 turns   alphamon, uranus, diane  vs  tsubasa, asta, sakura
[ 162/250 ] WIN    35 turns   nezuko, gallantmon, gray  vs  meliodas, tsuyu, genos
[ 163/250 ] WIN    16 turns   tatsumi, gray, uraraka  vs  ladydevimon, kuroko, mikasa
[ 164/250 ] WIN    20 turns   shinra, veldora, mikasa  vs  venus, korra, seventeen
Applying bleed effect! Checking special code
[ 165/250 ] WIN    29 turns   diane, uraraka, ichibe  vs  toji, megumin, mars
[ 166/250 ] LOSS   32 turns   jupiter, misaka, ichibe  vs  lucy, hawkmon, saturn
[ 167/250 ] LOSS   18 turns   renamon, xanxus, pegasus  vs  ichigo, nel, ichibe
[ 168/250 ] LOSS   16 turns   impmon, korra, byakuya  vs  saitama, broly, nel
[ 169/250 ] WIN    26 turns   luffy, midoriya, blackstar  vs  nonon, marco, mercury
[ 170/250 ] WIN    20 turns   levi, ichigo, squalo  vs  chrome, killua, jeanne
[ 171/250 ] WIN    15 turns   megumi, gasai, sayaka  vs  mars, nobara, todoroki
[ 172/250 ] LOSS   55 turns   mikasa, jesse, tanjiro  vs  minene, nezuko, pegasus
[ 173/250 ] LOSS   32 turns   arthur, blackstar, hinata  vs  kuroko, sukuna, megumin
[ 174/250 ] WIN    19 turns   sayaka, tsuyu, nezuko  vs  chrome, byakuya, ganta
[ 175/250 ] WIN    24 turns   inosuke, ichigo, edward  vs  kid, venus, blackstar
Applying bleed effect! Checking special code
[ 176/250 ] WIN    22 turns   uzui, marco, koro  vs  hinata, sheele, power
[ 177/250 ] LOSS   21 turns   hawkmon, shiro, usopp  vs  vegeta, goku, korra
[ 178/250 ] WIN    35 turns   shinoa, astolfo, noelle  vs  misaka, xanxus, nimaiya
Yubel's S1 Triggered!
[ 179/250 ] LOSS   16 turns   usopp, bakugo, yubel  vs  nimaiya, sakura, frankenstein
Applying bleed effect! Checking special code
Applying bleed effect! Checking special code
[ 180/250 ] WIN    16 turns   rakko, gojo, itachi  vs  megumi, blackstar, omnimon
Applying bleed effect! Checking special code
Applying bleed effect! Checking special code
Applying bleed effect! Checking special code
[ 181/250 ] LOSS   17 turns   toji, sasuke, tsubaki  vs  rengoku, mercury, nimaiya
[ 182/250 ] WIN    17 turns   emiyaarcher, gallantmon, maka  vs  diane, uzui, uraraka
[ 183/250 ] LOSS   20 turns   lucy, neferpitou, gasai  vs  gallantmon, nagisa, blackwargreymon
Applying bleed effect! Checking special code
Applying bleed effect! Checking special code
Applying bleed effect! Checking special code
Applying bleed effect! Checking special code
Applying bleed effect! Checking special code
Applying bleed effect! Checking special code
Applying bleed effect! Checking special code
Applying bleed effect! Checking special code
Applying bleed effect! Checking special code
[ 184/250 ] LOSS   18 turns   todoroki, broly, mavis  vs  shinra, ichibe, king
Applying bleed effect! Checking special code
Applying bleed effect! Checking special code
Applying bleed effect! Checking special code
Applying bleed effect! Checking special code
Applying bleed effect! Checking special code
Applying bleed effect! Checking special code
Applying bleed effect! Checking special code
[ 185/250 ] LOSS   18 turns   gatomon, erza, horohoro  vs  mash, nonon, inosuke
[ 186/250 ] LOSS   36 turns   toph, satsuki, saber  vs  ban, aiohto, eren
[ 187/250 ] LOSS   16 turns   shokuhou, mikasa, yoh  vs  nagisa, tsuyu, myotismon
[ 188/250 ] WIN    22 turns   uranus, gilgamesh, semiramis  vs  yuno, aang, gogeta
[ 189/250 ] LOSS   20 turns   adam, emiya, maka  vs  gojo, misaka, hinata
[ 190/250 ] WIN    17 turns   gatomon, luffy, genos  vs  machinedramon, kid, yuji
[ 191/250 ] WIN    16 turns   yubel, jaden, cooler  vs  nel, ichigo, jinwoo
[ 192/250 ] LOSS   29 turns   goku, ichibe, zoro  vs  cooler, nel, gray
[ 193/250 ] LOSS   19 turns   gasai, todoroki, kurotsuchi  vs  jupiter, venus, shinra
[ 194/250 ] WIN    15 turns   jack, mercury, shinra  vs  mine, inuyasha, uranus
[ 195/250 ] WIN    18 turns   kuroko, erza, tsunayoshi  vs  death, alphonse, jack
Applying bleed effect! Checking special code
Applying bleed effect! Checking special code
Applying bleed effect! Checking special code
Applying bleed effect! Checking special code
Applying bleed effect! Checking special code
Applying bleed effect! Checking special code
[ 196/250 ] LOSS   51 turns   myotismon, kaiba, shinoa  vs  rakko, hinata, gohan
[ 197/250 ] LOSS   23 turns   meliodas, omnimon, xanxus  vs  nezuko, jaden, soul
[ 198/250 ] LOSS   26 turns   touka, halibel, semiramis  vs  rimuru, lizandpatty, uzui
[ 199/250 ] LOSS   17 turns   muichiro, orihime, nimaiya  vs  seventeen, ganta, venus
Applying bleed effect! Checking special code
Applying bleed effect! Checking special code
Applying bleed effect! Checking special code
[ 200/250 ] WIN    20 turns   rimuru, rengoku, uranus  vs  akame, hawkmon, gray
[ 201/250 ] WIN    25 turns   cell, jupiter, jesse  vs  mine, touka, rob
Applying bleed effect! Checking special code
[ 202/250 ] LOSS   20 turns   rengoku, misaka, yubel  vs  ryohei, mami, natsu
Applying bleed effect! Checking special code
Applying bleed effect! Checking special code
Applying bleed effect! Checking special code
Applying bleed effect! Checking special code
Applying bleed effect! Checking special code
Applying bleed effect! Checking special code
[ 203/250 ] LOSS   33 turns   goku, mash, omnimon  vs  death, denji, orihime
Applying bleed effect! Checking special code
Applying bleed effect! Checking special code
Applying bleed effect! Checking special code
Applying bleed effect! Checking special code
[ 204/250 ] LOSS   15 turns   naruto, nonon, rakko  vs  alphamon, tsubaki, mavis
[ 205/250 ] WIN    30 turns   saitama, uraraka, gunha  vs  gon, akame, nonon
[ 206/250 ] LOSS   34 turns   gallantmon, yoh, veldora  vs  jinwoo, koro, machinedramon
[ 207/250 ] LOSS   23 turns   uzui, ryohei, ichigo  vs  kurapika, rakko, megumi
[ 208/250 ] LOSS   38 turns   tanjiro, meliodas, kaiba  vs  toji, itachi, gojo
[ 209/250 ] WIN    15 turns   veldora, alphamon, tanjiro  vs  gunha, jesse, tsunayoshi
[ 210/250 ] LOSS   18 turns   ryohei, genos, koro  vs  kid, mavis, shinoa
Applying bleed effect! Checking special code
Applying bleed effect! Checking special code
Applying bleed effect! Checking special code
Applying bleed effect! Checking special code
Applying bleed effect! Checking special code
Applying bleed effect! Checking special code
Applying bleed effect! Checking special code
Applying bleed effect! Checking special code
Applying bleed effect! Checking special code
Applying bleed effect! Checking special code
Applying bleed effect! Checking special code
Applying bleed effect! Checking special code
[ 211/250 ] LOSS   30 turns   kaiba, misaka, hawkmon  vs  inosuke, gojo, king
[ 212/250 ] LOSS   18 turns   gogeta, jack, kurotsuchi  vs  ace, gilgamesh, gohan
[ 213/250 ] WIN    17 turns   ichigo, ichibe, gatomon  vs  impmon, todoroki, yamamoto
Applying bleed effect! Checking special code
Applying bleed effect! Checking special code
Applying bleed effect! Checking special code
Applying bleed effect! Checking special code
Applying bleed effect! Checking special code
Applying bleed effect! Checking special code
Applying bleed effect! Checking special code
Applying bleed effect! Checking special code
Applying bleed effect! Checking special code
Applying bleed effect! Checking special code
Applying bleed effect! Checking special code
Applying bleed effect! Checking special code
Applying bleed effect! Checking special code
Applying bleed effect! Checking special code
Applying bleed effect! Checking special code
Applying bleed effect! Checking special code
Applying bleed effect! Checking special code
Applying bleed effect! Checking special code
Applying bleed effect! Checking special code
Applying bleed effect! Checking special code
Applying bleed effect! Checking special code
Applying bleed effect! Checking special code
Applying bleed effect! Checking special code
[ 214/250 ] LOSS   37 turns   king, inosuke, veldora  vs  rimuru, power, marco
[ 215/250 ] WIN    19 turns   nagisa, marco, shinoa  vs  tsubaki, yuji, shokuhou
[ 216/250 ] LOSS   20 turns   aang, mars, alphamon  vs  crona, frieren, hisoka
[ 217/250 ] WIN    14 turns   kuroko, mavis, maka  vs  ganta, blackstar, shiro
[ 218/250 ] LOSS   22 turns   rimuru, tsunayoshi, toga  vs  saber, pegasus, gojo
[ 219/250 ] LOSS   23 turns   nobara, mikasa, ban  vs  king, ichibe, cell
[ 220/250 ] WIN    20 turns   machinedramon, cell, yubel  vs  soul, nonon, yoh
[ 221/250 ] WIN    26 turns   blackstar, levi, akame  vs  king, midoriya, frankenstein
Applying bleed effect! Checking special code
Applying bleed effect! Checking special code
[ 222/250 ] WIN    14 turns   mavis, cell, nimaiya  vs  zoro, power, saturn
Applying bleed effect! Checking special code
[ 223/250 ] WIN    16 turns   tokoyami, uraraka, luffy  vs  venus, frieren, rengoku
[ 224/250 ] LOSS   20 turns   sukuna, astolfo, gatomon  vs  chrome, gunha, shinra
Applying bleed effect! Checking special code
Applying bleed effect! Checking special code
Applying bleed effect! Checking special code
Applying bleed effect! Checking special code
Applying bleed effect! Checking special code
Applying bleed effect! Checking special code
Applying bleed effect! Checking special code
Applying bleed effect! Checking special code
Applying bleed effect! Checking special code
Applying bleed effect! Checking special code
[ 225/250 ] LOSS   12 turns   tsubasa, korra, hisoka  vs  nel, king, venus
[ 226/250 ] LOSS   19 turns   semiramis, gray, saitama  vs  noelle, ichibe, tatsumi
[ 227/250 ] WIN    29 turns   sheele, yuno, tsuyu  vs  horohoro, sukuna, yamamoto
Applying bleed effect! Checking special code
Applying bleed effect! Checking special code
Applying bleed effect! Checking special code
[ 228/250 ] LOSS   27 turns   death, inosuke, mavis  vs  rob, astolfo, kurotsuchi
[ 229/250 ] WIN    17 turns   gray, ryohei, pegasus  vs  todoroki, nobara, mars
[ 230/250 ] WIN    26 turns   ryuko, tsubaki, tanjiro  vs  cell, omnimon, hibari
Applying bleed effect! Checking special code
Applying bleed effect! Checking special code
Applying bleed effect! Checking special code
Applying bleed effect! Checking special code
Applying bleed effect! Checking special code
Applying bleed effect! Checking special code
Applying bleed effect! Checking special code
Applying bleed effect! Checking special code
Applying bleed effect! Checking special code
Applying bleed effect! Checking special code
Applying bleed effect! Checking special code
Applying bleed effect! Checking special code
Applying bleed effect! Checking special code
Applying bleed effect! Checking special code
Applying bleed effect! Checking special code
[ 231/250 ] WIN   134 turns   kuroko, rengoku, minene  vs  asta, king, jesse
[ 232/250 ] LOSS   16 turns   xanxus, killua, usopp  vs  mavis, edward, boruto
[ 233/250 ] WIN    26 turns   boruto, nonon, gatomon  vs  kitara, shinoa, zoro
[ 234/250 ] WIN    17 turns   ichigo, yuno, seventeen  vs  vegeta, meliodas, toji
[ 235/250 ] LOSS   22 turns   saitama, mavis, zenitsu  vs  gray, gunha, yoh
[ 236/250 ] LOSS   26 turns   hawkmon, korra, koro  vs  rob, lucy, aang
[ 237/250 ] LOSS   16 turns   shiro, sayaka, lyserg  vs  shinra, marco, nonon
[ 238/250 ] LOSS   38 turns   nagisa, todoroki, impmon  vs  muichiro, tatsumi, ban
[ 239/250 ] LOSS   18 turns   mikasa, nagisa, broly  vs  noelle, luffy, toji
[ 240/250 ] WIN    22 turns   jesse, ganta, gohan  vs  tsuyu, venus, goku
[ 241/250 ] LOSS   18 turns   gogeta, tokoyami, todoroki  vs  rimuru, midoriya, erza
[ 242/250 ] LOSS   23 turns   gilgamesh, frieren, esdeath  vs  emiya, todoroki, gon
[ 243/250 ] LOSS   21 turns   impmon, ganta, jeanne  vs  cell, akame, todoroki
[ 244/250 ] LOSS   17 turns   midoriya, goku, cooler  vs  jack, yugi, soul
Applying bleed effect! Checking special code
[ 245/250 ] WIN    24 turns   esdeath, impmon, yoh  vs  machinedramon, power, cell
[ 246/250 ] WIN    27 turns   tatsumi, crona, arthur  vs  shokuhou, muichiro, saitama
[ 247/250 ] LOSS   20 turns   uzui, king, frankenstein  vs  mercury, usopp, allmight
[ 248/250 ] LOSS   20 turns   omnimon, ryuko, saitama  vs  korra, hawkmon, kurapika
[ 249/250 ] WIN    35 turns   yuji, emiyaarcher, koro  vs  ace, kid, jinwoo
Applying bleed effect! Checking special code
[ 250/250 ] LOSS   26 turns   itachi, xanxus, kitara  vs  rengoku, genos, kurotsuchi
=== TRAINER RUN COMPLETE ===
Matches: 250   W: 113   L: 137   D: 0   Win: 45.2%   (opponent: self)
Policy saved to res://training/orchestrator/worker_r2_i7.json  (generation 1, trained_matches 2250)
