Godot Engine v4.6.2.stable.official.71f334935 - https://godotengine.org

[trainer] seed=35003 matches=250 opponent=self eval=false out=res://training/orchestrator/worker_r3_i3.json checkpoint=res://training/checkpoints/gen_2.json
[authored] loaded 1 authored character(s)
[   1/250 ] WIN    17 turns   alphamon, aang, tsubasa  vs  ryuko, halibel, semiramis
Applying bleed effect! Checking special code
[   2/250 ] LOSS   19 turns   tsubaki, inosuke, erza  vs  gray, emiyaarcher, toph
[   3/250 ] WIN    14 turns   sayaka, asta, soul  vs  gray, aang, toji
[   4/250 ] LOSS   34 turns   jesse, ganta, horohoro  vs  akame, ace, jinwoo
[   5/250 ] LOSS   38 turns   kuroko, gogeta, tatsumi  vs  kitara, tatsumaki, tokoyami
[   6/250 ] LOSS   20 turns   sheele, koro, yuno  vs  tatsumaki, semiramis, ichigo
Applying bleed effect! Checking special code
Applying bleed effect! Checking special code
[   7/250 ] LOSS   15 turns   saturn, goku, jupiter  vs  seventeen, chrome, denji
Applying bleed effect! Checking special code
Applying bleed effect! Checking special code
[   8/250 ] LOSS   33 turns   ladydevimon, mars, gatomon  vs  jack, king, sheele
[   9/250 ] WIN    19 turns   blackstar, mikasa, kurotsuchi  vs  soul, rengoku, horohoro
[  10/250 ] LOSS   21 turns   horohoro, koro, meliodas  vs  jaden, orihime, nagisa
[  11/250 ] WIN    23 turns   toudou, goku, ban  vs  frieren, nonon, tanjiro
[  12/250 ] LOSS   20 turns   jack, nel, koro  vs  cell, boruto, gojo
[  13/250 ] WIN    43 turns   kurapika, shiro, tsuyu  vs  gilgamesh, mine, nimaiya
[  14/250 ] LOSS   28 turns   esdeath, minene, yuno  vs  vegeta, hibari, toph
Applying bleed effect! Checking special code
[  15/250 ] LOSS   25 turns   crona, itachi, denji  vs  boruto, tsuyu, hisoka
[  16/250 ] LOSS   23 turns   adam, minene, tanjiro  vs  nel, saber, megumin
[  17/250 ] WIN    19 turns   semiramis, gray, tsubaki  vs  toji, shinoa, nonon
[  18/250 ] WIN    14 turns   mavis, kaiba, yuno  vs  shokuhou, aiohto, kuroko
[  19/250 ] WIN    24 turns   ichibe, impmon, ace  vs  tsuyu, hinata, tatsumaki
[  20/250 ] LOSS   11 turns   satsuki, ganta, frieren  vs  jack, veldora, mine
[  21/250 ] WIN    24 turns   kurotsuchi, genos, yugi  vs  death, veldora, chrome
Applying bleed effect! Checking special code
Applying bleed effect! Checking special code
[  22/250 ] LOSS   27 turns   orihime, kid, denji  vs  impmon, megumin, soul
Applying bleed effect! Checking special code
[  23/250 ] WIN    28 turns   gallantmon, shokuhou, noelle  vs  satsuki, adam, denji
[  24/250 ] WIN    26 turns   levi, mars, astolfo  vs  allmight, kitara, ladydevimon
[  25/250 ] WIN    24 turns   jack, edward, gasai  vs  aiohto, death, crona
[  26/250 ] LOSS   14 turns   yubel, squalo, rimuru  vs  asta, shinra, mavis
[  27/250 ] WIN    44 turns   gallantmon, xanxus, blackstar  vs  inuyasha, tamaki, kaiba
[  28/250 ] WIN    21 turns   allmight, uraraka, byakuya  vs  minene, megumi, cell
[  29/250 ] WIN    20 turns   impmon, naruto, blackwargreymon  vs  shokuhou, shinoa, koro
[  30/250 ] WIN    21 turns   mercury, ban, megumi  vs  jinwoo, zoro, saturn
[  31/250 ] WIN    35 turns   ryuko, nimaiya, mine  vs  gatomon, shinra, emiyaarcher
[  32/250 ] LOSS   16 turns   usopp, mami, misaka  vs  nezuko, uzui, broly
[  33/250 ] WIN    29 turns   boruto, kid, gallantmon  vs  adam, esdeath, ace
Yubel's S1 Triggered!
Yubel's S1 Triggered!
[  34/250 ] LOSS   28 turns   erza, orihime, yubel  vs  zenitsu, yamamoto, yugi
[  35/250 ] LOSS   23 turns   blackwargreymon, lucy, levi  vs  nonon, gray, mami
[  36/250 ] LOSS   19 turns   orihime, blackwargreymon, hisoka  vs  ladydevimon, natsu, marco
[  37/250 ] LOSS   38 turns   hinata, megumi, yugi  vs  natsu, blackstar, boruto
[  38/250 ] LOSS   19 turns   nagisa, lizandpatty, tsubasa  vs  satsuki, megumi, boruto
[  39/250 ] WIN    24 turns   alphamon, kitara, nezuko  vs  zoro, ban, yuno
[  40/250 ] LOSS   31 turns   ganta, hibari, yamamoto  vs  jinwoo, kurotsuchi, levi
Applying bleed effect! Checking special code
Applying bleed effect! Checking special code
Applying bleed effect! Checking special code
Applying bleed effect! Checking special code
[  41/250 ] LOSS   17 turns   jeanne, king, alphonse  vs  neferpitou, saber, erza
Applying bleed effect! Checking special code
Applying bleed effect! Checking special code
Applying bleed effect! Checking special code
[  42/250 ] LOSS   23 turns   gallantmon, denji, tsuyu  vs  allmight, jaden, blackwargreymon
Applying bleed effect! Checking special code
Applying bleed effect! Checking special code
[  43/250 ] WIN    98 turns   yoh, eren, power  vs  rimuru, jesse, neferpitou
Applying bleed effect! Checking special code
Applying bleed effect! Checking special code
[  44/250 ] LOSS   19 turns   toudou, semiramis, mars  vs  cell, lizandpatty, power
[  45/250 ] LOSS   32 turns   rob, kitara, saber  vs  naruto, maka, yuno
[  46/250 ] WIN    52 turns   soul, tsunayoshi, ace  vs  gohan, jesse, gilgamesh
[  47/250 ] LOSS   24 turns   kid, frieren, uzui  vs  frankenstein, yamamoto, nezuko
[  48/250 ] WIN    16 turns   gohan, megumin, tanjiro  vs  lucy, inuyasha, shinra
Applying bleed effect! Checking special code
Applying bleed effect! Checking special code
Applying bleed effect! Checking special code
Applying bleed effect! Checking special code
Applying bleed effect! Checking special code
Applying bleed effect! Checking special code
[  49/250 ] WIN    20 turns   mikasa, tsubasa, jupiter  vs  king, nobara, alphonse
[  50/250 ] WIN    20 turns   shinoa, horohoro, impmon  vs  halibel, mercury, mine
Applying bleed effect! Checking special code
Applying bleed effect! Checking special code
Applying bleed effect! Checking special code
Applying bleed effect! Checking special code
Applying bleed effect! Checking special code
Applying bleed effect! Checking special code
Applying bleed effect! Checking special code
Applying bleed effect! Checking special code
Applying bleed effect! Checking special code
Applying bleed effect! Checking special code
Applying bleed effect! Checking special code
Applying bleed effect! Checking special code
Applying bleed effect! Checking special code
[  51/250 ] LOSS   16 turns   frieren, nonon, broly  vs  gatomon, king, denji
[  52/250 ] WIN    21 turns   kid, genos, toph  vs  kuroko, adam, midoriya
[  53/250 ] LOSS   41 turns   gallantmon, hinata, rob  vs  lizandpatty, veldora, blackstar
Applying bleed effect! Checking special code
[  54/250 ] LOSS   20 turns   squalo, gatomon, todoroki  vs  power, uranus, shiro
[  55/250 ] LOSS   30 turns   gilgamesh, muichiro, tatsumi  vs  megumi, satsuki, nezuko
Applying bleed effect! Checking special code
Applying bleed effect! Checking special code
[  56/250 ] LOSS   20 turns   seventeen, jack, midoriya  vs  gatomon, rakko, hibari
[  57/250 ] WIN    26 turns   tokoyami, mash, yoh  vs  shinoa, toph, yugi
[  58/250 ] WIN    27 turns   sayaka, emiya, ace  vs  alphonse, venus, saitama
[  59/250 ] LOSS   21 turns   killua, edward, madoka  vs  frieren, tsunayoshi, ryohei
[  60/250 ] LOSS   28 turns   kid, mars, chrome  vs  broly, ryohei, myotismon
[  61/250 ] LOSS   31 turns   erza, toudou, zoro  vs  gon, nel, hashirama
[  62/250 ] WIN    17 turns   asta, impmon, semiramis  vs  cooler, inuyasha, uranus
[  63/250 ] WIN    15 turns   nimaiya, tsunayoshi, tsubaki  vs  edward, koro, nobara
[  64/250 ] LOSS   21 turns   lyserg, nezuko, sayaka  vs  jinwoo, gunha, nobara
[  65/250 ] LOSS   29 turns   lyserg, uzui, crona  vs  kaiba, shokuhou, lizandpatty
[  66/250 ] LOSS   20 turns   machinedramon, vegeta, esdeath  vs  alphonse, asta, tatsumi
[  67/250 ] LOSS   20 turns   squalo, rimuru, uzui  vs  tokoyami, mars, jupiter
[  68/250 ] WIN    30 turns   kid, gallantmon, marco  vs  gohan, soul, kaiba
[  69/250 ] WIN    16 turns   satsuki, yugi, ganta  vs  tsubasa, sakura, mercury
Applying bleed effect! Checking special code
[  70/250 ] WIN    19 turns   mavis, ganta, sukuna  vs  inosuke, sakura, megumi
[  71/250 ] LOSS   15 turns   xanxus, saturn, jeanne  vs  gilgamesh, mars, jupiter
Applying bleed effect! Checking special code
Applying bleed effect! Checking special code
Applying bleed effect! Checking special code
Applying bleed effect! Checking special code
Applying bleed effect! Checking special code
Applying bleed effect! Checking special code
Applying bleed effect! Checking special code
[  72/250 ] LOSS   13 turns   lucy, aang, death  vs  rob, meliodas, ken
[  73/250 ] LOSS   14 turns   midoriya, shokuhou, jaden  vs  kaiba, alphamon, myotismon
[  74/250 ] LOSS   16 turns   boruto, sakura, midoriya  vs  maka, soul, naruto
[  75/250 ] LOSS   23 turns   power, kaiba, tatsumaki  vs  death, toudou, satsuki
[  76/250 ] WIN    21 turns   lucy, kaiba, blackstar  vs  shokuhou, ryohei, kuroko
Applying bleed effect! Checking special code
Applying bleed effect! Checking special code
[  77/250 ] WIN    24 turns   pegasus, kid, meliodas  vs  boruto, rengoku, megumi
[  78/250 ] LOSS   22 turns   toji, toph, mash  vs  gogeta, ban, luffy
[  79/250 ] LOSS   16 turns   uranus, gogeta, koro  vs  satsuki, hisoka, shiro
[  80/250 ] WIN    14 turns   hashirama, kurotsuchi, soul  vs  horohoro, sakura, ryohei
[  81/250 ] WIN    20 turns   ladydevimon, uzui, gallantmon  vs  lyserg, yuji, allmight
[  82/250 ] WIN    24 turns   yubel, death, hisoka  vs  semiramis, eren, saturn
Applying bleed effect! Checking special code
[  83/250 ] LOSS   43 turns   denji, nezuko, yamamoto  vs  rimuru, ban, jaden
Applying bleed effect! Checking special code
Applying bleed effect! Checking special code
Applying bleed effect! Checking special code
Applying bleed effect! Checking special code
Applying bleed effect! Checking special code
[  84/250 ] WIN    12 turns   korra, crona, uranus  vs  ken, mars, sasuke
Applying bleed effect! Checking special code
[  85/250 ] WIN    24 turns   diane, nobara, jaden  vs  gasai, toji, emiya
[  86/250 ] WIN    15 turns   tokoyami, kurapika, asta  vs  myotismon, semiramis, ichigo
Applying bleed effect! Checking special code
[  87/250 ] LOSS   32 turns   touka, power, machinedramon  vs  inuyasha, kaiba, emiya
Applying bleed effect! Checking special code
Applying bleed effect! Checking special code
[  88/250 ] WIN    20 turns   power, rengoku, gilgamesh  vs  halibel, uranus, jesse
Applying bleed effect! Checking special code
Applying bleed effect! Checking special code
Applying bleed effect! Checking special code
Applying bleed effect! Checking special code
[  89/250 ] LOSS   14 turns   ryohei, usopp, squalo  vs  rakko, jack, crona
[  90/250 ] WIN    20 turns   alphonse, vegeta, nezuko  vs  rimuru, natsu, omnimon
[  91/250 ] WIN    30 turns   kurapika, boruto, frankenstein  vs  renamon, horohoro, ryuko
[  92/250 ] LOSS   18 turns   aiohto, kaiba, machinedramon  vs  erza, uraraka, gojo
[  93/250 ] WIN    14 turns   killua, edward, lucy  vs  ryuko, arthur, ganta
Applying bleed effect! Checking special code
[  94/250 ] LOSS   33 turns   cell, zenitsu, veldora  vs  tamaki, rakko, ryohei
[  95/250 ] LOSS   16 turns   kurapika, inuyasha, sukuna  vs  yugi, boruto, kaiba
[  96/250 ] LOSS   21 turns   tsubaki, noelle, omnimon  vs  ryuko, sukuna, ace
[  97/250 ] WIN    16 turns   genos, sasuke, frankenstein  vs  toga, ace, adam
Applying bleed effect! Checking special code
Applying bleed effect! Checking special code
Applying bleed effect! Checking special code
Applying bleed effect! Checking special code
Applying bleed effect! Checking special code
[  98/250 ] LOSS   20 turns   megumi, xanxus, midoriya  vs  sayaka, ken, aiohto
[  99/250 ] WIN    26 turns   tokoyami, renamon, shiro  vs  blackstar, ichigo, uranus
[ 100/250 ] LOSS   24 turns   boruto, yoh, shinoa  vs  halibel, shinra, semiramis
[ 101/250 ] LOSS   30 turns   pegasus, alphamon, saturn  vs  uzui, boruto, shiro
[ 102/250 ] WIN    15 turns   ryohei, luffy, midoriya  vs  machinedramon, yoh, rimuru
[ 103/250 ] LOSS   25 turns   emiya, mercury, zoro  vs  jupiter, tokoyami, killua
[ 104/250 ] LOSS   15 turns   bakugo, nezuko, megumin  vs  nonon, ichibe, luffy
[ 105/250 ] LOSS   35 turns   minene, edward, itachi  vs  ichibe, boruto, jack
[ 106/250 ] LOSS   36 turns   nimaiya, levi, maka  vs  sasuke, gogeta, gasai
[ 107/250 ] WIN    65 turns   gasai, muichiro, korra  vs  todoroki, jeanne, eren
Applying bleed effect! Checking special code
Applying bleed effect! Checking special code
Applying bleed effect! Checking special code
Applying bleed effect! Checking special code
Applying bleed effect! Checking special code
Applying bleed effect! Checking special code
Applying bleed effect! Checking special code
[ 108/250 ] LOSS   21 turns   akame, ace, power  vs  gon, shinoa, ken
[ 109/250 ] WIN    21 turns   seventeen, mami, tatsumi  vs  tsubasa, yoh, chrome
[ 110/250 ] LOSS   17 turns   kitara, touka, tanjiro  vs  jaden, esdeath, megumin
[ 111/250 ] WIN    22 turns   nonon, uraraka, nel  vs  inuyasha, korra, veldora
Applying bleed effect! Checking special code
Applying bleed effect! Checking special code
Applying bleed effect! Checking special code
[ 112/250 ] LOSS   23 turns   mash, ganta, tsubaki  vs  sukuna, denji, levi
[ 113/250 ] WIN    12 turns   alphamon, mine, ryohei  vs  akame, yuji, denji
[ 114/250 ] WIN    35 turns   gallantmon, hawkmon, gogeta  vs  goku, noelle, uzui
[ 115/250 ] LOSS   34 turns   mikasa, cell, tatsumaki  vs  jack, ryuko, gallantmon
Applying bleed effect! Checking special code
Applying bleed effect! Checking special code
Applying bleed effect! Checking special code
Applying bleed effect! Checking special code
[ 116/250 ] WIN    22 turns   zenitsu, rakko, levi  vs  megumi, koro, emiya
[ 117/250 ] WIN    27 turns   gojo, zoro, bakugo  vs  jinwoo, erza, jeanne
Applying bleed effect! Checking special code
Applying bleed effect! Checking special code
Applying bleed effect! Checking special code
[ 118/250 ] LOSS   19 turns   ryohei, tatsumaki, denji  vs  uranus, alphonse, ban
[ 119/250 ] WIN    28 turns   maka, tamaki, saitama  vs  tsuyu, mavis, mikasa
[ 120/250 ] WIN    15 turns   tsubasa, ban, megumin  vs  omnimon, mercury, mami
[ 121/250 ] LOSS   40 turns   levi, tatsumi, frankenstein  vs  seventeen, yubel, minene
Applying bleed effect! Checking special code
[ 122/250 ] WIN    21 turns   seventeen, allmight, inosuke  vs  cell, omnimon, korra
Applying bleed effect! Checking special code
Applying bleed effect! Checking special code
Applying bleed effect! Checking special code
[ 123/250 ] LOSS   17 turns   inosuke, omnimon, crona  vs  uzui, nagisa, saitama
[ 124/250 ] LOSS   32 turns   hibari, frieren, muichiro  vs  saber, toph, sayaka
[ 125/250 ] WIN    39 turns   kurapika, impmon, hawkmon  vs  uzui, rakko, alphonse
Applying bleed effect! Checking special code
Applying bleed effect! Checking special code
Applying bleed effect! Checking special code
[ 126/250 ] LOSS   30 turns   omnimon, vegeta, uraraka  vs  power, diane, sukuna
Applying bleed effect! Checking special code
Applying bleed effect! Checking special code
Applying bleed effect! Checking special code
Applying bleed effect! Checking special code
Applying bleed effect! Checking special code
Applying bleed effect! Checking special code
Applying bleed effect! Checking special code
[ 127/250 ] LOSS   20 turns   xanxus, saber, gasai  vs  ken, yubel, killua
[ 128/250 ] WIN    26 turns   gon, nezuko, tamaki  vs  sheele, saber, soul
Applying bleed effect! Checking special code
[ 129/250 ] WIN    21 turns   yamamoto, king, jupiter  vs  shinra, kitara, kid
Applying bleed effect! Checking special code
Applying bleed effect! Checking special code
Applying bleed effect! Checking special code
[ 130/250 ] WIN    24 turns   lucy, tokoyami, toudou  vs  yuji, venus, inosuke
[ 131/250 ] WIN    17 turns   jinwoo, ichibe, gallantmon  vs  gogeta, renamon, toji
[ 132/250 ] LOSS   23 turns   sakura, kaiba, tokoyami  vs  mami, kuroko, gojo
[ 133/250 ] WIN    19 turns   tanjiro, genos, gojo  vs  gunha, mash, akame
[ 134/250 ] WIN    28 turns   natsu, gojo, gohan  vs  broly, genos, emiya
[ 135/250 ] WIN    22 turns   lizandpatty, ganta, luffy  vs  ichigo, midoriya, yugi
[ 136/250 ] LOSS   20 turns   tsunayoshi, tatsumaki, shiro  vs  emiya, touka, astolfo
[ 137/250 ] WIN    26 turns   uraraka, luffy, yuno  vs  lucy, bakugo, jesse
[ 138/250 ] LOSS   22 turns   shinoa, sakura, kaiba  vs  omnimon, sukuna, squalo
[ 139/250 ] LOSS   18 turns   arthur, venus, asta  vs  mercury, todoroki, inuyasha
[ 140/250 ] WIN    27 turns   mami, horohoro, saturn  vs  toji, edward, shokuhou
[ 141/250 ] LOSS   74 turns   venus, kaiba, tsuyu  vs  horohoro, tsubaki, eren
[ 142/250 ] WIN    24 turns   frieren, toudou, rob  vs  impmon, lyserg, luffy
[ 143/250 ] LOSS   15 turns   cell, seventeen, usopp  vs  mavis, saitama, gray
Applying bleed effect! Checking special code
Applying bleed effect! Checking special code
[ 144/250 ] LOSS   19 turns   hinata, uzui, jeanne  vs  jaden, cell, power
[ 145/250 ] WIN    17 turns   lyserg, pegasus, jack  vs  denji, emiya, horohoro
[ 146/250 ] WIN    21 turns   hashirama, gunha, natsu  vs  koro, ladydevimon, ryuko
[ 147/250 ] LOSS   35 turns   shinoa, luffy, korra  vs  gatomon, minene, emiyaarcher
[ 148/250 ] LOSS   18 turns   impmon, tsubaki, ryuko  vs  mikasa, yugi, meliodas
[ 149/250 ] LOSS   23 turns   sasuke, toudou, ganta  vs  tamaki, gilgamesh, frieren
[ 150/250 ] WIN    27 turns   rob, tokoyami, kurapika  vs  vegeta, mash, kaiba
[ 151/250 ] WIN    18 turns   saitama, edward, mavis  vs  mikasa, tatsumaki, gunha
[ 152/250 ] WIN    19 turns   byakuya, lucy, asta  vs  ryohei, gunha, hashirama
[ 153/250 ] WIN    14 turns   hinata, mash, asta  vs  aang, jesse, cell
[ 154/250 ] LOSS   12 turns   frankenstein, minene, gon  vs  blackwargreymon, ace, ryuko
[ 155/250 ] WIN    23 turns   tamaki, nezuko, gilgamesh  vs  sayaka, impmon, tatsumaki
Applying bleed effect! Checking special code
Applying bleed effect! Checking special code
Applying bleed effect! Checking special code
Applying bleed effect! Checking special code
[ 156/250 ] WIN    22 turns   rengoku, orihime, vegeta  vs  zoro, todoroki, nobara
[ 157/250 ] LOSS   21 turns   yoh, nonon, frankenstein  vs  tatsumaki, hashirama, bakugo
[ 158/250 ] LOSS   31 turns   astolfo, jinwoo, midoriya  vs  gilgamesh, uraraka, frieren
[ 159/250 ] LOSS   24 turns   ryohei, cooler, toph  vs  toga, lizandpatty, touka
[ 160/250 ] WIN    19 turns   kurotsuchi, hinata, astolfo  vs  arthur, gunha, lucy
[ 161/250 ] LOSS   19 turns   jesse, gray, frieren  vs  ichigo, gohan, cooler
[ 162/250 ] WIN    17 turns   frankenstein, gilgamesh, esdeath  vs  squalo, tsubasa, levi
[ 163/250 ] WIN    16 turns   tsuyu, gray, luffy  vs  pegasus, adam, tsubasa
Applying bleed effect! Checking special code
Applying bleed effect! Checking special code
Applying bleed effect! Checking special code
Applying bleed effect! Checking special code
Applying bleed effect! Checking special code
Applying bleed effect! Checking special code
Applying bleed effect! Checking special code
[ 164/250 ] LOSS   40 turns   orihime, sukuna, satsuki  vs  diane, luffy, ken
[ 165/250 ] LOSS   19 turns   kaiba, blackwargreymon, hashirama  vs  sukuna, squalo, killua
[ 166/250 ] WIN    21 turns   luffy, satsuki, naruto  vs  nimaiya, gon, gilgamesh
[ 167/250 ] WIN    12 turns   sukuna, bakugo, soul  vs  ace, death, tatsumi
[ 168/250 ] WIN    26 turns   sayaka, ichibe, gatomon  vs  toga, midoriya, tsubasa
[ 169/250 ] WIN    18 turns   midoriya, kaiba, megumi  vs  vegeta, ken, allmight
[ 170/250 ] WIN    30 turns   jaden, kitara, mars  vs  ace, jesse, kid
[ 171/250 ] WIN    36 turns   ichibe, kurotsuchi, xanxus  vs  uranus, todoroki, chrome
[ 172/250 ] WIN    40 turns   hinata, tsuyu, boruto  vs  omnimon, nel, esdeath
[ 173/250 ] WIN    32 turns   ryohei, uranus, todoroki  vs  emiya, hawkmon, noelle
[ 174/250 ] LOSS   20 turns   jeanne, alphonse, tatsumi  vs  rimuru, ace, astolfo
[ 175/250 ] WIN    20 turns   jesse, mavis, horohoro  vs  chrome, toji, adam
[ 176/250 ] WIN    16 turns   toph, zenitsu, touka  vs  inuyasha, sheele, mami
Applying bleed effect! Checking special code
[ 177/250 ] LOSS   41 turns   midoriya, ganta, halibel  vs  gatomon, erza, diane
[ 178/250 ] LOSS   19 turns   jesse, mikasa, shokuhou  vs  megumi, hisoka, nimaiya
[ 179/250 ] WIN    29 turns   soul, impmon, saber  vs  sakura, crona, kurotsuchi
[ 180/250 ] WIN    21 turns   toga, shiro, ichigo  vs  goku, seventeen, uranus
[ 181/250 ] WIN    19 turns   arthur, kaiba, seventeen  vs  akame, shokuhou, alphonse
[ 182/250 ] WIN    27 turns   naruto, gatomon, luffy  vs  tatsumaki, esdeath, aang
[ 183/250 ] WIN    26 turns   xanxus, semiramis, frankenstein  vs  tamaki, ryohei, jesse
[ 184/250 ] LOSS   32 turns   saturn, renamon, marco  vs  death, frieren, zenitsu
[ 185/250 ] WIN    19 turns   aiohto, gatomon, koro  vs  jeanne, mash, omnimon
[ 186/250 ] WIN    34 turns   mami, nobara, mash  vs  vegeta, jeanne, gogeta
[ 187/250 ] WIN    36 turns   jaden, omnimon, hisoka  vs  tsuyu, hinata, yoh
[ 188/250 ] LOSS   13 turns   korra, power, blackwargreymon  vs  bakugo, tatsumaki, genos
Applying bleed effect! Checking special code
Applying bleed effect! Checking special code
Applying bleed effect! Checking special code
Applying bleed effect! Checking special code
Applying bleed effect! Checking special code
Applying bleed effect! Checking special code
Applying bleed effect! Checking special code
Applying bleed effect! Checking special code
[ 189/250 ] WIN    32 turns   cell, ryuko, mash  vs  ken, todoroki, frankenstein
[ 190/250 ] WIN    15 turns   omnimon, zoro, nimaiya  vs  kaiba, ryuko, denji
[ 191/250 ] WIN    23 turns   kid, touka, rimuru  vs  nimaiya, goku, uranus
[ 192/250 ] LOSS   33 turns   sasuke, tsubaki, saturn  vs  marco, emiyaarcher, minene
Applying bleed effect! Checking special code
[ 193/250 ] LOSS   27 turns   inosuke, halibel, myotismon  vs  renamon, frieren, asta
[ 194/250 ] LOSS   20 turns   minene, erza, shinra  vs  pegasus, gatomon, gon
[ 195/250 ] LOSS   16 turns   saber, saturn, naruto  vs  korra, astolfo, tokoyami
[ 196/250 ] LOSS   16 turns   sakura, midoriya, tanjiro  vs  bakugo, koro, tamaki
[ 197/250 ] WIN    16 turns   ganta, hisoka, megumi  vs  shokuhou, horohoro, toph
Applying bleed effect! Checking special code
Applying bleed effect! Checking special code
Applying bleed effect! Checking special code
Applying bleed effect! Checking special code
Applying bleed effect! Checking special code
[ 198/250 ] WIN    24 turns   gasai, yuji, edward  vs  nobara, noelle, king
[ 199/250 ] WIN    18 turns   cell, megumi, squalo  vs  genos, uzui, jesse
[ 200/250 ] WIN    15 turns   tokoyami, jesse, semiramis  vs  misaka, alphamon, sukuna
[ 201/250 ] LOSS   10 turns   sukuna, hawkmon, gatomon  vs  itachi, maka, mercury
Applying bleed effect! Checking special code
[ 202/250 ] WIN    26 turns   uraraka, vegeta, usopp  vs  nezuko, rengoku, gojo
Applying bleed effect! Checking special code
Applying bleed effect! Checking special code
Applying bleed effect! Checking special code
Applying bleed effect! Checking special code
[ 203/250 ] WIN    24 turns   lizandpatty, mami, gray  vs  esdeath, denji, shinoa
[ 204/250 ] WIN    23 turns   todoroki, nel, blackwargreymon  vs  genos, tsuyu, shinoa
[ 205/250 ] WIN    21 turns   horohoro, gatomon, kurotsuchi  vs  yoh, genos, allmight
[ 206/250 ] WIN    22 turns   gatomon, mercury, power  vs  kid, gogeta, misaka
[ 207/250 ] WIN    19 turns   toji, lucy, saturn  vs  tsunayoshi, korra, yubel
[ 208/250 ] LOSS   17 turns   yuno, inosuke, megumin  vs  zoro, allmight, usopp
[ 209/250 ] WIN    16 turns   crona, satsuki, koro  vs  ganta, zenitsu, mars
[ 210/250 ] LOSS   15 turns   saturn, gatomon, squalo  vs  rimuru, jupiter, gasai
[ 211/250 ] LOSS   12 turns   tsubasa, saturn, eren  vs  bakugo, mine, mavis
[ 212/250 ] WIN    17 turns   jaden, ichigo, mash  vs  uranus, ladydevimon, blackwargreymon
[ 213/250 ] LOSS   22 turns   megumi, naruto, cell  vs  emiyaarcher, gray, ichibe
[ 214/250 ] LOSS   17 turns   nobara, koro, diane  vs  shinra, mine, zenitsu
[ 215/250 ] LOSS   18 turns   shiro, halibel, killua  vs  ladydevimon, seventeen, sakura
[ 216/250 ] LOSS   24 turns   alphamon, tsunayoshi, gilgamesh  vs  crona, zenitsu, jack
[ 217/250 ] LOSS   19 turns   byakuya, toph, crona  vs  uraraka, venus, gray
[ 218/250 ] WIN    23 turns   megumi, alphamon, kaiba  vs  kuroko, tanjiro, ichibe
[ 219/250 ] WIN    23 turns   yamamoto, mercury, boruto  vs  chrome, nimaiya, gogeta
[ 220/250 ] LOSS   29 turns   gogeta, emiya, cooler  vs  gallantmon, esdeath, megumin
[ 221/250 ] LOSS   38 turns   rob, gallantmon, hinata  vs  nagisa, toph, jeanne
[ 222/250 ] LOSS   25 turns   levi, shokuhou, renamon  vs  jupiter, uzui, tsubasa
Applying bleed effect! Checking special code
Applying bleed effect! Checking special code
Applying bleed effect! Checking special code
Applying bleed effect! Checking special code
Applying bleed effect! Checking special code
Applying bleed effect! Checking special code
Applying bleed effect! Checking special code
[ 223/250 ] WIN    10 turns   tatsumi, jack, king  vs  machinedramon, levi, cooler
[ 224/250 ] WIN    23 turns   korra, blackwargreymon, toudou  vs  todoroki, horohoro, tatsumaki
[ 225/250 ] LOSS   22 turns   yoh, hawkmon, ichibe  vs  satsuki, meliodas, mavis
[ 226/250 ] LOSS   20 turns   zoro, chrome, crona  vs  yuno, cooler, yoh
[ 227/250 ] WIN    24 turns   aang, levi, uranus  vs  usopp, jupiter, mikasa
[ 228/250 ] LOSS    7 turns   inuyasha, seventeen, ladydevimon  vs  byakuya, allmight, blackstar
[ 229/250 ] WIN    27 turns   zenitsu, tsuyu, uraraka  vs  kaiba, nezuko, edward
[ 230/250 ] WIN    20 turns   lyserg, cell, nagisa  vs  ban, killua, korra
[ 231/250 ] WIN    17 turns   touka, mavis, shinoa  vs  rob, toph, lucy
[ 232/250 ] WIN    16 turns   uranus, marco, maka  vs  toji, shokuhou, jesse
[ 233/250 ] WIN    16 turns   venus, yuji, tokoyami  vs  cooler, blackstar, adam
[ 234/250 ] WIN    21 turns   gunha, megumin, satsuki  vs  killua, tanjiro, gon
[ 235/250 ] LOSS   16 turns   semiramis, yubel, nobara  vs  nimaiya, seventeen, omnimon
[ 236/250 ] LOSS   15 turns   jesse, inuyasha, cooler  vs  shinra, sheele, megumi
[ 237/250 ] LOSS   12 turns   megumin, sayaka, gray  vs  hawkmon, seventeen, zenitsu
[ 238/250 ] LOSS   22 turns   mami, blackstar, frieren  vs  sasuke, gohan, lucy
[ 239/250 ] LOSS   20 turns   hawkmon, uzui, omnimon  vs  alphonse, soul, gon
Applying bleed effect! Checking special code
Applying bleed effect! Checking special code
Applying bleed effect! Checking special code
Applying bleed effect! Checking special code
Applying bleed effect! Checking special code
[ 240/250 ] WIN    14 turns   crona, asta, ken  vs  tokoyami, eren, semiramis
[ 241/250 ] LOSS   22 turns   squalo, ganta, goku  vs  tokoyami, tanjiro, blackstar
[ 242/250 ] WIN    27 turns   uzui, jaden, adam  vs  soul, saturn, noelle
[ 243/250 ] WIN    13 turns   minene, megumi, sukuna  vs  misaka, byakuya, sayaka
[ 244/250 ] WIN    19 turns   ryohei, hawkmon, genos  vs  astolfo, mash, megumi
[ 245/250 ] LOSS   25 turns   yuno, koro, korra  vs  luffy, tatsumi, kuroko
[ 246/250 ] LOSS   22 turns   meliodas, shokuhou, saitama  vs  semiramis, goku, koro
[ 247/250 ] LOSS   17 turns   emiyaarcher, xanxus, nobara  vs  tsubasa, korra, koro
[ 248/250 ] WIN    26 turns   byakuya, emiyaarcher, sasuke  vs  shinra, esdeath, xanxus
Applying bleed effect! Checking special code
Applying bleed effect! Checking special code
[ 249/250 ] LOSS   30 turns   madoka, zoro, diane  vs  erza, shokuhou, ganta
[ 250/250 ] WIN    13 turns   gohan, hawkmon, yubel  vs  omnimon, koro, nimaiya
=== TRAINER RUN COMPLETE ===
Matches: 250   W: 129   L: 121   D: 0   Win: 51.6%   (opponent: self)
Policy saved to res://training/orchestrator/worker_r3_i3.json  (generation 2, trained_matches 4250)
