Godot Engine v4.6.2.stable.official.71f334935 - https://godotengine.org

[trainer] seed=45001 matches=250 opponent=self eval=false out=res://training/orchestrator/worker_r4_i1.json checkpoint=res://training/checkpoints/gen_3.json
[authored] loaded 1 authored character(s)
[   1/250 ] WIN    21 turns   eren, uzui, mine  vs  bakugo, adam, yuji
Applying bleed effect! Checking special code
Applying bleed effect! Checking special code
Applying bleed effect! Checking special code
Applying bleed effect! Checking special code
[   2/250 ] WIN    21 turns   neferpitou, nel, itachi  vs  gon, machinedramon, ken
[   3/250 ] LOSS   20 turns   alphamon, megumin, ryohei  vs  toji, killua, shiro
[   4/250 ] WIN    29 turns   impmon, halibel, shinra  vs  jupiter, rob, yoh
[   5/250 ] WIN    18 turns   hinata, semiramis, tsubaki  vs  toji, shinoa, lucy
[   6/250 ] LOSS   22 turns   gunha, sheele, gogeta  vs  neferpitou, marco, yubel
[   7/250 ] LOSS   28 turns   megumin, jesse, gon  vs  nonon, satsuki, crona
[   8/250 ] WIN    22 turns   tatsumi, arthur, ganta  vs  yamamoto, shokuhou, chrome
[   9/250 ] LOSS   24 turns   omnimon, vegeta, yugi  vs  astolfo, shinra, gasai
Yubel's S1 Triggered!
Yubel's S1 Triggered!
[  10/250 ] LOSS   27 turns   machinedramon, crona, power  vs  death, usopp, yubel
[  11/250 ] LOSS   13 turns   sukuna, veldora, akame  vs  renamon, bakugo, alphamon
[  12/250 ] LOSS   21 turns   adam, gilgamesh, natsu  vs  kurapika, nimaiya, venus
[  13/250 ] WIN    34 turns   kid, minene, kuroko  vs  gon, seventeen, toph
[  14/250 ] LOSS   34 turns   tokoyami, kuroko, renamon  vs  cell, jaden, noelle
Applying bleed effect! Checking special code
Applying bleed effect! Checking special code
Applying bleed effect! Checking special code
[  15/250 ] WIN    16 turns   rengoku, tsunayoshi, mine  vs  adam, machinedramon, crona
[  16/250 ] WIN    20 turns   luffy, jesse, noelle  vs  inuyasha, lucy, killua
Applying bleed effect! Checking special code
[  17/250 ] WIN    20 turns   madoka, rimuru, ryohei  vs  blackstar, diane, koro
[  18/250 ] LOSS   24 turns   yuji, edward, broly  vs  hawkmon, cooler, semiramis
[  19/250 ] WIN    20 turns   astolfo, saber, sukuna  vs  emiya, zoro, marco
Applying bleed effect! Checking special code
Applying bleed effect! Checking special code
Applying bleed effect! Checking special code
Applying bleed effect! Checking special code
[  20/250 ] LOSS   18 turns   ryuko, akame, vegeta  vs  denji, kuroko, alphonse
[  21/250 ] LOSS   23 turns   sayaka, sheele, yamamoto  vs  kurapika, sasuke, tsubasa
Applying bleed effect! Checking special code
[  22/250 ] WIN    24 turns   erza, lucy, ladydevimon  vs  zoro, rakko, rimuru
[  23/250 ] LOSS   23 turns   toji, broly, machinedramon  vs  sasuke, kid, hawkmon
[  24/250 ] LOSS   23 turns   arthur, yubel, esdeath  vs  mars, kitara, shinra
[  25/250 ] LOSS   15 turns   vegeta, tatsumaki, adam  vs  gon, jack, ichibe
Applying bleed effect! Checking special code
[  26/250 ] WIN    19 turns   gatomon, asta, kuroko  vs  power, shiro, cooler
Applying bleed effect! Checking special code
[  27/250 ] LOSS   22 turns   rengoku, marco, usopp  vs  zenitsu, saturn, gallantmon
[  28/250 ] LOSS   20 turns   akame, sukuna, tsunayoshi  vs  todoroki, hawkmon, seventeen
[  29/250 ] LOSS   37 turns   pegasus, hashirama, muichiro  vs  hisoka, asta, jeanne
[  30/250 ] WIN    24 turns   xanxus, myotismon, mine  vs  venus, mami, mash
[  31/250 ] LOSS   16 turns   seventeen, crona, toga  vs  kitara, alphamon, ryohei
[  32/250 ] LOSS   18 turns   kaiba, cell, xanxus  vs  kurotsuchi, ichigo, tatsumaki
[  33/250 ] WIN    23 turns   gasai, satsuki, meliodas  vs  hashirama, hisoka, emiyaarcher
[  34/250 ] WIN    24 turns   hibari, aiohto, luffy  vs  saturn, yuji, jeanne
[  35/250 ] LOSS   24 turns   broly, megumi, tamaki  vs  bakugo, koro, nagisa
[  36/250 ] WIN    24 turns   rob, blackwargreymon, meliodas  vs  boruto, chrome, veldora
[  37/250 ] WIN    34 turns   aang, uranus, cell  vs  blackstar, mash, hashirama
[  38/250 ] WIN    16 turns   tamaki, boruto, bakugo  vs  itachi, tatsumaki, jesse
Applying bleed effect! Checking special code
Applying bleed effect! Checking special code
Applying bleed effect! Checking special code
Applying bleed effect! Checking special code
Applying bleed effect! Checking special code
[  39/250 ] WIN    45 turns   chrome, kurotsuchi, usopp  vs  rimuru, rengoku, ban
[  40/250 ] WIN    11 turns   asta, saturn, uranus  vs  mine, sukuna, madoka
[  41/250 ] WIN    22 turns   madoka, kurapika, death  vs  hinata, erza, asta
[  42/250 ] LOSS   32 turns   saitama, byakuya, blackwargreymon  vs  uranus, lizandpatty, megumin
[  43/250 ] LOSS   27 turns   emiya, diane, tamaki  vs  lyserg, marco, jaden
[  44/250 ] LOSS   30 turns   jesse, byakuya, yugi  vs  gilgamesh, noelle, kurotsuchi
Applying bleed effect! Checking special code
[  45/250 ] WIN    16 turns   nimaiya, levi, luffy  vs  diane, allmight, crona
[  46/250 ] WIN    19 turns   tsunayoshi, hinata, gohan  vs  madoka, seventeen, mami
Applying bleed effect! Checking special code
Applying bleed effect! Checking special code
Applying bleed effect! Checking special code
Applying bleed effect! Checking special code
[  47/250 ] LOSS   22 turns   machinedramon, korra, denji  vs  luffy, tsubaki, esdeath
[  48/250 ] WIN    50 turns   eren, toji, erza  vs  maka, meliodas, aang
[  49/250 ] LOSS   20 turns   crona, emiya, mine  vs  hinata, tokoyami, frieren
[  50/250 ] LOSS   29 turns   soul, misaka, jeanne  vs  megumi, tsunayoshi, tokoyami
[  51/250 ] WIN    20 turns   megumi, yuji, mavis  vs  jaden, chrome, hibari
[  52/250 ] WIN    35 turns   gunha, goku, itachi  vs  nimaiya, omnimon, blackwargreymon
[  53/250 ] WIN    18 turns   nel, frieren, sukuna  vs  soul, death, genos
[  54/250 ] WIN    47 turns   arthur, yuno, death  vs  akame, marco, sheele
[  55/250 ] LOSS   27 turns   minene, gogeta, korra  vs  soul, noelle, frankenstein
[  56/250 ] LOSS   18 turns   mami, nobara, jinwoo  vs  tanjiro, astolfo, nagisa
[  57/250 ] WIN    39 turns   tsubaki, ban, horohoro  vs  noelle, yuno, zoro
[  58/250 ] WIN    18 turns   sukuna, hawkmon, touka  vs  aang, tsuyu, muichiro
[  59/250 ] LOSS   26 turns   cooler, luffy, aang  vs  mikasa, kid, seventeen
[  60/250 ] WIN    20 turns   nimaiya, saitama, mash  vs  hisoka, satsuki, tsubasa
[  61/250 ] LOSS   19 turns   gojo, adam, ban  vs  luffy, neferpitou, gon
[  62/250 ] WIN    14 turns   gasai, seventeen, cell  vs  tsuyu, jeanne, ryohei
[  63/250 ] WIN    18 turns   satsuki, jack, noelle  vs  arthur, muichiro, midoriya
[  64/250 ] WIN    30 turns   megumi, emiya, sasuke  vs  tanjiro, genos, halibel
Applying bleed effect! Checking special code
Applying bleed effect! Checking special code
[  65/250 ] WIN    22 turns   todoroki, rakko, alphonse  vs  jeanne, ichigo, uzui
[  66/250 ] WIN    27 turns   gogeta, ichibe, toudou  vs  impmon, nobara, frieren
[  67/250 ] LOSS   15 turns   muichiro, sasuke, aiohto  vs  jupiter, tanjiro, natsu
[  68/250 ] WIN    24 turns   shinra, emiya, horohoro  vs  tsubasa, mikasa, gallantmon
[  69/250 ] LOSS   13 turns   machinedramon, rengoku, yoh  vs  gasai, uraraka, frankenstein
[  70/250 ] WIN    15 turns   blackwargreymon, alphamon, hisoka  vs  zenitsu, korra, erza
[  71/250 ] WIN    22 turns   mash, frieren, erza  vs  midoriya, tokoyami, kurapika
[  72/250 ] WIN    37 turns   kid, zoro, mars  vs  emiya, ban, ladydevimon
[  73/250 ] LOSS   17 turns   natsu, gatomon, killua  vs  kurapika, gilgamesh, meliodas
[  74/250 ] LOSS   40 turns   adam, orihime, alphonse  vs  jesse, saturn, ryuko
Applying bleed effect! Checking special code
Applying bleed effect! Checking special code
Applying bleed effect! Checking special code
[  75/250 ] WIN    14 turns   yuno, jaden, sukuna  vs  rakko, ichigo, jesse
[  76/250 ] WIN    19 turns   aiohto, yugi, shinoa  vs  tsubasa, mavis, allmight
[  77/250 ] WIN    51 turns   jaden, veldora, cell  vs  arthur, kid, emiya
[  78/250 ] LOSS   19 turns   marco, sayaka, gon  vs  toji, erza, jack
Applying bleed effect! Checking special code
Applying bleed effect! Checking special code
[  79/250 ] LOSS   28 turns   nobara, kaiba, frieren  vs  rengoku, gon, yamamoto
Applying bleed effect! Checking special code
Applying bleed effect! Checking special code
Applying bleed effect! Checking special code
[  80/250 ] WIN    22 turns   toudou, rengoku, esdeath  vs  lyserg, ichigo, rimuru
[  81/250 ] LOSS   56 turns   uranus, muichiro, emiya  vs  toga, tsubaki, kid
[  82/250 ] WIN    17 turns   sasuke, meliodas, toji  vs  erza, ban, shiro
[  83/250 ] WIN    17 turns   madoka, tamaki, cell  vs  ganta, itachi, gilgamesh
[  84/250 ] LOSS   22 turns   meliodas, gon, maka  vs  yamamoto, kuroko, adam
[  85/250 ] LOSS   24 turns   yuno, jeanne, mami  vs  emiya, gasai, inuyasha
[  86/250 ] LOSS   13 turns   sukuna, jack, venus  vs  seventeen, edward, tsubasa
Applying bleed effect! Checking special code
Applying bleed effect! Checking special code
Applying bleed effect! Checking special code
Applying bleed effect! Checking special code
Applying bleed effect! Checking special code
Applying bleed effect! Checking special code
Applying bleed effect! Checking special code
Applying bleed effect! Checking special code
[  87/250 ] WIN    15 turns   asta, ken, power  vs  tatsumaki, nagisa, gilgamesh
[  88/250 ] LOSS   22 turns   shiro, emiyaarcher, edward  vs  yuji, semiramis, nel
[  89/250 ] LOSS   18 turns   gon, erza, hibari  vs  yubel, gunha, mercury
Applying bleed effect! Checking special code
Applying bleed effect! Checking special code
[  90/250 ] LOSS   20 turns   gogeta, hisoka, emiya  vs  tanjiro, inosuke, yuji
[  91/250 ] LOSS   37 turns   megumin, akame, toph  vs  saber, arthur, halibel
[  92/250 ] WIN    23 turns   esdeath, usopp, sheele  vs  rimuru, akame, squalo
Applying bleed effect! Checking special code
Applying bleed effect! Checking special code
Applying bleed effect! Checking special code
Applying bleed effect! Checking special code
Applying bleed effect! Checking special code
Applying bleed effect! Checking special code
Applying bleed effect! Checking special code
Applying bleed effect! Checking special code
[  93/250 ] WIN    15 turns   myotismon, rakko, nagisa  vs  ace, rob, ken
Applying bleed effect! Checking special code
Applying bleed effect! Checking special code
[  94/250 ] LOSS   17 turns   diane, ban, hibari  vs  hashirama, hinata, yugi
[  95/250 ] WIN    21 turns   megumi, nagisa, mami  vs  jupiter, ryuko, saturn
[  96/250 ] WIN    25 turns   nagisa, tokoyami, saitama  vs  tanjiro, veldora, toji
Applying bleed effect! Checking special code
Applying bleed effect! Checking special code
Applying bleed effect! Checking special code
Applying bleed effect! Checking special code
Applying bleed effect! Checking special code
Applying bleed effect! Checking special code
[  97/250 ] WIN    20 turns   asta, ken, cell  vs  marco, tatsumaki, ganta
[  98/250 ] LOSS   16 turns   neferpitou, allmight, nonon  vs  broly, lizandpatty, nel
[  99/250 ] LOSS   16 turns   hawkmon, myotismon, todoroki  vs  pegasus, misaka, jack
[ 100/250 ] WIN    21 turns   muichiro, inuyasha, megumin  vs  kitara, emiya, ladydevimon
[ 101/250 ] WIN    29 turns   luffy, horohoro, tatsumi  vs  mikasa, esdeath, mami
[ 102/250 ] WIN    35 turns   shokuhou, kurotsuchi, marco  vs  usopp, nezuko, noelle
[ 103/250 ] LOSS   21 turns   cooler, ganta, yuno  vs  gunha, saitama, bakugo
[ 104/250 ] LOSS   20 turns   power, ban, emiyaarcher  vs  mash, naruto, madoka
[ 105/250 ] LOSS   22 turns   frankenstein, xanxus, touka  vs  tokoyami, gatomon, gilgamesh
Applying bleed effect! Checking special code
Applying bleed effect! Checking special code
Applying bleed effect! Checking special code
[ 106/250 ] LOSS   25 turns   power, uranus, ganta  vs  arthur, megumi, luffy
[ 107/250 ] WIN    48 turns   mars, shokuhou, kurotsuchi  vs  noelle, gogeta, erza
[ 108/250 ] LOSS   16 turns   yubel, shinoa, frieren  vs  genos, venus, killua
[ 109/250 ] WIN    41 turns   sasuke, jeanne, koro  vs  mikasa, shokuhou, tatsumaki
[ 110/250 ] WIN    26 turns   death, megumi, emiya  vs  boruto, gilgamesh, gasai
[ 111/250 ] LOSS   19 turns   frieren, boruto, usopp  vs  rob, uzui, mavis
[ 112/250 ] WIN    27 turns   edward, luffy, yuno  vs  nimaiya, touka, aiohto
[ 113/250 ] WIN    23 turns   hashirama, gray, squalo  vs  satsuki, jeanne, megumin
[ 114/250 ] LOSS   21 turns   nezuko, hisoka, asta  vs  impmon, mercury, blackstar
[ 115/250 ] WIN    42 turns   luffy, uzui, sasuke  vs  venus, orihime, madoka
[ 116/250 ] LOSS   25 turns   myotismon, levi, megumi  vs  saitama, nagisa, uranus
[ 117/250 ] WIN    18 turns   jaden, vegeta, tsunayoshi  vs  hinata, akame, mami
[ 118/250 ] WIN    29 turns   noelle, neferpitou, ichibe  vs  alphamon, hashirama, mash
[ 119/250 ] LOSS   25 turns   yoh, nimaiya, sasuke  vs  yugi, ryohei, shinra
[ 120/250 ] WIN    11 turns   soul, touka, shinoa  vs  renamon, edward, hashirama
[ 121/250 ] LOSS   29 turns   frankenstein, saturn, tsuyu  vs  gohan, emiya, tamaki
[ 122/250 ] WIN    25 turns   kuroko, sasuke, nimaiya  vs  akame, ace, minene
[ 123/250 ] LOSS   16 turns   toga, adam, zoro  vs  genos, halibel, gilgamesh
[ 124/250 ] LOSS   23 turns   frieren, halibel, soul  vs  denji, levi, kurapika
Applying bleed effect! Checking special code
Applying bleed effect! Checking special code
Applying bleed effect! Checking special code
Applying bleed effect! Checking special code
Applying bleed effect! Checking special code
Applying bleed effect! Checking special code
Applying bleed effect! Checking special code
Applying bleed effect! Checking special code
[ 125/250 ] LOSS   20 turns   denji, king, mami  vs  kuroko, madoka, gray
[ 126/250 ] LOSS   29 turns   gojo, sasuke, uranus  vs  tsubaki, tsuyu, yuji
[ 127/250 ] LOSS   10 turns   allmight, tatsumaki, nobara  vs  nezuko, asta, luffy
[ 128/250 ] LOSS   23 turns   veldora, akame, sheele  vs  gatomon, kaiba, shinra
Applying bleed effect! Checking special code
Applying bleed effect! Checking special code
[ 129/250 ] LOSS   16 turns   crona, frankenstein, rengoku  vs  ryuko, hashirama, shokuhou
[ 130/250 ] LOSS   18 turns   sheele, toji, ichigo  vs  arthur, ganta, sukuna
[ 131/250 ] LOSS   24 turns   rob, jeanne, neferpitou  vs  esdeath, gohan, myotismon
[ 132/250 ] LOSS   17 turns   midoriya, naruto, kurotsuchi  vs  uzui, vegeta, uraraka
[ 133/250 ] LOSS   15 turns   nel, soul, venus  vs  halibel, touka, jack
Applying bleed effect! Checking special code
[ 134/250 ] LOSS   37 turns   tsubaki, power, kurotsuchi  vs  astolfo, lucy, satsuki
[ 135/250 ] LOSS   16 turns   ace, shinra, hashirama  vs  edward, jack, shiro
Applying bleed effect! Checking special code
[ 136/250 ] WIN    46 turns   orihime, diane, todoroki  vs  emiya, hawkmon, xanxus
Applying bleed effect! Checking special code
Applying bleed effect! Checking special code
[ 137/250 ] WIN    21 turns   toudou, natsu, zoro  vs  yamamoto, rakko, naruto
[ 138/250 ] LOSS   23 turns   shiro, minene, myotismon  vs  lizandpatty, gogeta, uranus
[ 139/250 ] LOSS   20 turns   hawkmon, noelle, sasuke  vs  inuyasha, lucy, kitara
[ 140/250 ] WIN    23 turns   gohan, inuyasha, sasuke  vs  saber, uzui, nezuko
[ 141/250 ] WIN    24 turns   meliodas, sakura, maka  vs  soul, midoriya, kurapika
[ 142/250 ] WIN    19 turns   tanjiro, myotismon, koro  vs  yubel, mash, venus
Applying bleed effect! Checking special code
Applying bleed effect! Checking special code
[ 143/250 ] LOSS   31 turns   tanjiro, diane, toudou  vs  ace, hinata, ladydevimon
[ 144/250 ] WIN    27 turns   toji, blackstar, jack  vs  shiro, toga, levi
Applying bleed effect! Checking special code
Applying bleed effect! Checking special code
Applying bleed effect! Checking special code
[ 145/250 ] LOSS   43 turns   tanjiro, emiyaarcher, orihime  vs  goku, uraraka, denji
Applying bleed effect! Checking special code
Applying bleed effect! Checking special code
Applying bleed effect! Checking special code
Applying bleed effect! Checking special code
Applying bleed effect! Checking special code
Applying bleed effect! Checking special code
Applying bleed effect! Checking special code
[ 146/250 ] LOSS   16 turns   mami, frieren, sasuke  vs  ken, shinra, sheele
[ 147/250 ] LOSS   19 turns   gohan, inuyasha, machinedramon  vs  nel, ichigo, lizandpatty
[ 148/250 ] WIN    24 turns   uranus, naruto, veldora  vs  uzui, koro, shokuhou
[ 149/250 ] WIN    25 turns   ace, yoh, hashirama  vs  shinoa, muichiro, koro
[ 150/250 ] WIN    16 turns   toga, neferpitou, veldora  vs  nonon, semiramis, mavis
[ 151/250 ] LOSS   27 turns   gallantmon, levi, kuroko  vs  misaka, nonon, ladydevimon
[ 152/250 ] LOSS   14 turns   yamamoto, todoroki, jeanne  vs  yubel, ichibe, luffy
[ 153/250 ] WIN    12 turns   madoka, seventeen, tatsumaki  vs  zoro, aiohto, ichigo
[ 154/250 ] LOSS   27 turns   byakuya, misaka, meliodas  vs  korra, yamamoto, gojo
[ 155/250 ] LOSS   18 turns   crona, frieren, chrome  vs  yugi, hibari, satsuki
[ 156/250 ] LOSS   24 turns   touka, gunha, orihime  vs  impmon, hawkmon, tsunayoshi
Applying bleed effect! Checking special code
Applying bleed effect! Checking special code
Applying bleed effect! Checking special code
Applying bleed effect! Checking special code
Applying bleed effect! Checking special code
Applying bleed effect! Checking special code
[ 157/250 ] LOSS   20 turns   aiohto, denji, erza  vs  todoroki, nonon, king
[ 158/250 ] WIN    32 turns   touka, gunha, ryuko  vs  blackstar, gray, zenitsu
Applying bleed effect! Checking special code
Applying bleed effect! Checking special code
Applying bleed effect! Checking special code
Applying bleed effect! Checking special code
Applying bleed effect! Checking special code
Applying bleed effect! Checking special code
[ 159/250 ] LOSS   17 turns   noelle, ken, bakugo  vs  ichigo, tatsumi, yugi
[ 160/250 ] WIN    31 turns   sasuke, tsuyu, jaden  vs  nimaiya, lyserg, kitara
[ 161/250 ] WIN    42 turns   halibel, emiyaarcher, emiya  vs  nezuko, hawkmon, zoro
[ 162/250 ] WIN    22 turns   mikasa, orihime, toji  vs  hawkmon, gogeta, mercury
Applying bleed effect! Checking special code
[ 163/250 ] WIN    25 turns   minene, gohan, hashirama  vs  levi, arthur, rengoku
[ 164/250 ] LOSS   23 turns   toga, zoro, xanxus  vs  nonon, horohoro, toudou
[ 165/250 ] WIN    20 turns   semiramis, shinoa, killua  vs  yuji, ace, usopp
[ 166/250 ] WIN    18 turns   kurapika, esdeath, bakugo  vs  eren, rengoku, megumi
[ 167/250 ] WIN    13 turns   mavis, tanjiro, tatsumaki  vs  megumin, lyserg, uraraka
[ 168/250 ] LOSS   29 turns   jinwoo, jesse, death  vs  bakugo, korra, nimaiya
[ 169/250 ] WIN    21 turns   esdeath, tokoyami, mami  vs  tanjiro, rob, jesse
[ 170/250 ] LOSS   14 turns   erza, edward, sukuna  vs  ace, jaden, mavis
[ 171/250 ] WIN    21 turns   meliodas, asta, korra  vs  sasuke, ryohei, madoka
[ 172/250 ] WIN    21 turns   gunha, uraraka, neferpitou  vs  gon, cell, toudou
[ 173/250 ] LOSS   17 turns   kuroko, zenitsu, tokoyami  vs  kid, kitara, jack
[ 174/250 ] WIN    24 turns   kurotsuchi, frieren, touka  vs  sheele, lucy, goku
Applying bleed effect! Checking special code
Applying bleed effect! Checking special code
Applying bleed effect! Checking special code
Applying bleed effect! Checking special code
Applying bleed effect! Checking special code
Applying bleed effect! Checking special code
[ 175/250 ] LOSS   23 turns   mine, king, myotismon  vs  saber, ichibe, sayaka
[ 176/250 ] LOSS   37 turns   hawkmon, megumi, blackstar  vs  ryuko, mikasa, zoro
[ 177/250 ] WIN    58 turns   hisoka, arthur, kurotsuchi  vs  gogeta, blackstar, saitama
Applying bleed effect! Checking special code
[ 178/250 ] WIN    26 turns   naruto, aiohto, kuroko  vs  diane, allmight, arthur
[ 179/250 ] LOSS   26 turns   shokuhou, nonon, noelle  vs  saturn, gon, tsubaki
[ 180/250 ] WIN    19 turns   yoh, natsu, tsubasa  vs  frankenstein, luffy, mami
[ 181/250 ] LOSS   41 turns   minene, saitama, orihime  vs  gon, blackwargreymon, pegasus
[ 182/250 ] LOSS   20 turns   gon, misaka, tanjiro  vs  ban, neferpitou, xanxus
[ 183/250 ] WIN    14 turns   tsubasa, gon, ichigo  vs  hisoka, noelle, nonon
Applying bleed effect! Checking special code
Applying bleed effect! Checking special code
Applying bleed effect! Checking special code
[ 184/250 ] LOSS   12 turns   rakko, renamon, inuyasha  vs  impmon, inosuke, jupiter
[ 185/250 ] WIN    25 turns   yugi, omnimon, midoriya  vs  hawkmon, nezuko, mami
[ 186/250 ] WIN    21 turns   gojo, ichibe, korra  vs  yamamoto, shokuhou, omnimon
Applying bleed effect! Checking special code
[ 187/250 ] WIN    14 turns   hisoka, inosuke, touka  vs  impmon, mercury, sukuna
Applying bleed effect! Checking special code
Applying bleed effect! Checking special code
Applying bleed effect! Checking special code
Applying bleed effect! Checking special code
Applying bleed effect! Checking special code
Applying bleed effect! Checking special code
[ 188/250 ] WIN    20 turns   jesse, jinwoo, marco  vs  mami, ace, rengoku
[ 189/250 ] WIN    20 turns   gogeta, maka, gojo  vs  veldora, venus, kaiba
[ 190/250 ] LOSS   31 turns   jesse, frieren, natsu  vs  emiya, muichiro, toji
[ 191/250 ] WIN    35 turns   noelle, itachi, satsuki  vs  midoriya, jesse, tsubaki
Applying bleed effect! Checking special code
Applying bleed effect! Checking special code
Applying bleed effect! Checking special code
Applying bleed effect! Checking special code
Applying bleed effect! Checking special code
[ 192/250 ] WIN    44 turns   jesse, power, saber  vs  rakko, gogeta, minene
Applying bleed effect! Checking special code
[ 193/250 ] LOSS   13 turns   ken, seventeen, uzui  vs  renamon, satsuki, megumi
[ 194/250 ] WIN    21 turns   esdeath, adam, saber  vs  pegasus, death, sheele
[ 195/250 ] WIN    23 turns   sukuna, nezuko, akame  vs  pegasus, uraraka, kurapika
Applying bleed effect! Checking special code
Applying bleed effect! Checking special code
Applying bleed effect! Checking special code
Applying bleed effect! Checking special code
Applying bleed effect! Checking special code
Applying bleed effect! Checking special code
Applying bleed effect! Checking special code
[ 196/250 ] WIN    20 turns   ken, muichiro, nobara  vs  sasuke, semiramis, rimuru
[ 197/250 ] WIN    13 turns   neferpitou, mine, ichibe  vs  akame, zenitsu, levi
[ 198/250 ] WIN    43 turns   zoro, sheele, tsuyu  vs  megumi, tsubasa, bakugo
[ 199/250 ] LOSS   18 turns   midoriya, vegeta, akame  vs  gilgamesh, sheele, power
[ 200/250 ] WIN    18 turns   toudou, boruto, megumin  vs  gallantmon, semiramis, tamaki
[ 201/250 ] WIN    20 turns   kitara, gon, uraraka  vs  frieren, korra, machinedramon
[ 202/250 ] WIN    15 turns   gallantmon, gray, nimaiya  vs  ladydevimon, gatomon, gasai
[ 203/250 ] LOSS   27 turns   squalo, mikasa, horohoro  vs  tokoyami, broly, nagisa
Applying bleed effect! Checking special code
Applying bleed effect! Checking special code
Applying bleed effect! Checking special code
Applying bleed effect! Checking special code
[ 204/250 ] LOSS   19 turns   king, eren, ban  vs  sakura, alphamon, chrome
[ 205/250 ] WIN    20 turns   nonon, gatomon, mash  vs  vegeta, marco, gasai
Applying bleed effect! Checking special code
Applying bleed effect! Checking special code
Applying bleed effect! Checking special code
[ 206/250 ] WIN    27 turns   tsubasa, nagisa, natsu  vs  cell, frieren, king
[ 207/250 ] LOSS   14 turns   jaden, gogeta, jeanne  vs  gohan, toji, horohoro
[ 208/250 ] WIN    16 turns   sheele, mavis, horohoro  vs  mine, alphonse, gasai
[ 209/250 ] LOSS   20 turns   jack, hashirama, boruto  vs  gojo, gilgamesh, semiramis
Applying bleed effect! Checking special code
Applying bleed effect! Checking special code
Applying bleed effect! Checking special code
[ 210/250 ] WIN    17 turns   inosuke, tamaki, asta  vs  levi, seventeen, gasai
Yubel's S1 Triggered!
[ 211/250 ] WIN    25 turns   yubel, lyserg, arthur  vs  goku, gohan, crona
[ 212/250 ] WIN    23 turns   vegeta, aang, mine  vs  madoka, ban, inuyasha
[ 213/250 ] LOSS   14 turns   nonon, death, tokoyami  vs  uzui, itachi, asta
[ 214/250 ] WIN    20 turns   saturn, frankenstein, boruto  vs  chrome, luffy, hibari
[ 215/250 ] LOSS   21 turns   gray, kurapika, yuno  vs  gon, ace, mars
Applying bleed effect! Checking special code
Applying bleed effect! Checking special code
[ 216/250 ] WIN    22 turns   power, mars, bakugo  vs  allmight, hinata, vegeta
[ 217/250 ] LOSS   18 turns   yugi, tokoyami, tatsumaki  vs  rob, horohoro, xanxus
Applying bleed effect! Checking special code
Applying bleed effect! Checking special code
Applying bleed effect! Checking special code
[ 218/250 ] LOSS   17 turns   inosuke, tsuyu, zenitsu  vs  gatomon, mikasa, yamamoto
[ 219/250 ] LOSS   14 turns   levi, yuno, squalo  vs  marco, crona, seventeen
[ 220/250 ] WIN    20 turns   rimuru, noelle, blackwargreymon  vs  ichibe, yoh, shinoa
[ 221/250 ] LOSS   19 turns   alphonse, kitara, tsubaki  vs  uzui, impmon, gogeta
[ 222/250 ] WIN    14 turns   tatsumi, asta, meliodas  vs  gogeta, yamamoto, sakura
[ 223/250 ] WIN    12 turns   mavis, diane, alphamon  vs  king, tsubaki, hashirama
Applying bleed effect! Checking special code
[ 224/250 ] WIN    18 turns   sayaka, pegasus, power  vs  xanxus, todoroki, muichiro
[ 225/250 ] WIN    18 turns   nobara, jupiter, gogeta  vs  sukuna, machinedramon, yubel
[ 226/250 ] WIN    21 turns   natsu, madoka, koro  vs  halibel, hawkmon, rob
[ 227/250 ] LOSS   19 turns   allmight, kuroko, hawkmon  vs  shinra, edward, yuno
[ 228/250 ] WIN    31 turns   yoh, tanjiro, toji  vs  levi, usopp, rimuru
[ 229/250 ] WIN    16 turns   eren, rob, kitara  vs  shinoa, mami, mash
[ 230/250 ] LOSS   25 turns   orihime, alphamon, saturn  vs  todoroki, toji, pegasus
Applying bleed effect! Checking special code
Applying bleed effect! Checking special code
[ 231/250 ] WIN    17 turns   boruto, kuroko, power  vs  venus, kaiba, shokuhou
[ 232/250 ] LOSS   48 turns   mercury, lyserg, yugi  vs  impmon, saitama, ace
[ 233/250 ] WIN    18 turns   blackwargreymon, adam, shinoa  vs  toji, sheele, shinra
[ 234/250 ] LOSS   31 turns   byakuya, kitara, mikasa  vs  mami, itachi, boruto
[ 235/250 ] LOSS   24 turns   mikasa, killua, muichiro  vs  jupiter, sakura, toji
[ 236/250 ] WIN    23 turns   arthur, ryohei, yuji  vs  yoh, goku, lizandpatty
[ 237/250 ] LOSS   18 turns   toji, myotismon, sayaka  vs  jinwoo, gon, meliodas
[ 238/250 ] LOSS   24 turns   jinwoo, alphonse, aang  vs  sheele, genos, tokoyami
[ 239/250 ] LOSS   34 turns   sheele, saturn, itachi  vs  nimaiya, shokuhou, cell
[ 240/250 ] WIN    11 turns   midoriya, megumi, sayaka  vs  allmight, alphamon, levi
[ 241/250 ] WIN    16 turns   kid, nonon, luffy  vs  muichiro, tanjiro, minene
[ 242/250 ] WIN    14 turns   hinata, lizandpatty, madoka  vs  gogeta, rob, yugi
Applying bleed effect! Checking special code
Applying bleed effect! Checking special code
Applying bleed effect! Checking special code
[ 243/250 ] LOSS   24 turns   neferpitou, ken, goku  vs  gogeta, ichigo, veldora
[ 244/250 ] LOSS   15 turns   ban, asta, denji  vs  astolfo, inosuke, zenitsu
[ 245/250 ] WIN    35 turns   esdeath, saitama, eren  vs  tsuyu, mikasa, soul
[ 246/250 ] LOSS   17 turns   nimaiya, venus, mami  vs  tsubaki, renamon, cell
[ 247/250 ] WIN    21 turns   ryuko, hashirama, ace  vs  korra, rimuru, mash
[ 248/250 ] WIN    17 turns   chrome, esdeath, shiro  vs  hawkmon, orihime, power
[ 249/250 ] LOSS   22 turns   mash, jack, tatsumi  vs  todoroki, emiya, neferpitou
[ 250/250 ] WIN    16 turns   toudou, hashirama, muichiro  vs  natsu, uzui, broly
=== TRAINER RUN COMPLETE ===
Matches: 250   W: 132   L: 118   D: 0   Win: 52.8%   (opponent: self)
Policy saved to res://training/orchestrator/worker_r4_i1.json  (generation 3, trained_matches 6250)
