Godot Engine v4.6.2.stable.official.71f334935 - https://godotengine.org

[trainer] seed=15003 matches=250 opponent=self eval=false out=res://training/orchestrator/worker_r1_i3.json checkpoint=(fresh)
[authored] loaded 1 authored character(s)
[   1/250 ] LOSS   23 turns   yuno, maka, yamamoto  vs  aiohto, toji, sayaka
[   2/250 ] WIN    28 turns   gojo, kaiba, vegeta  vs  uzui, frankenstein, impmon
[   3/250 ] WIN    25 turns   ban, soul, renamon  vs  meliodas, ryohei, lizandpatty
Yubel's S1 Triggered!
Yubel's S1 Triggered!
Yubel's S1 Triggered!
[   4/250 ] WIN    39 turns   rimuru, venus, yubel  vs  marco, zoro, tokoyami
Applying bleed effect! Checking special code
Applying bleed effect! Checking special code
Applying bleed effect! Checking special code
Applying bleed effect! Checking special code
[   5/250 ] WIN    17 turns   naruto, nagisa, denji  vs  toph, mikasa, impmon
[   6/250 ] WIN    16 turns   shiro, asta, nel  vs  usopp, sakura, omnimon
[   7/250 ] WIN    20 turns   death, ace, tatsumaki  vs  uzui, megumi, mars
[   8/250 ] LOSS   19 turns   xanxus, gasai, nimaiya  vs  midoriya, yoh, broly
Applying bleed effect! Checking special code
Applying bleed effect! Checking special code
[   9/250 ] WIN    34 turns   kaiba, pegasus, gasai  vs  zenitsu, power, rob
[  10/250 ] LOSS   22 turns   aiohto, koro, tamaki  vs  allmight, satsuki, inuyasha
[  11/250 ] WIN    38 turns   ryohei, squalo, minene  vs  tsunayoshi, hashirama, megumin
[  12/250 ] WIN    19 turns   blackstar, meliodas, gray  vs  power, ichigo, broly
[  13/250 ] WIN    12 turns   alphamon, nezuko, jinwoo  vs  bakugo, erza, hashirama
Applying bleed effect! Checking special code
Applying bleed effect! Checking special code
[  14/250 ] WIN    51 turns   power, tsubasa, jesse  vs  allmight, tsubaki, genos
Applying bleed effect! Checking special code
Applying bleed effect! Checking special code
Applying bleed effect! Checking special code
Applying bleed effect! Checking special code
Applying bleed effect! Checking special code
[  15/250 ] WIN    24 turns   blackstar, denji, usopp  vs  ganta, diane, toga
[  16/250 ] LOSS   13 turns   soul, shokuhou, korra  vs  crona, asta, blackwargreymon
Applying bleed effect! Checking special code
Applying bleed effect! Checking special code
Applying bleed effect! Checking special code
Applying bleed effect! Checking special code
Applying bleed effect! Checking special code
Applying bleed effect! Checking special code
Applying bleed effect! Checking special code
[  17/250 ] WIN    17 turns   allmight, ladydevimon, rimuru  vs  sheele, gray, king
Applying bleed effect! Checking special code
Applying bleed effect! Checking special code
Applying bleed effect! Checking special code
[  18/250 ] WIN    14 turns   king, renamon, gojo  vs  midoriya, mash, sasuke
[  19/250 ] WIN    20 turns   broly, mine, megumin  vs  tokoyami, zoro, yamamoto
[  20/250 ] WIN    24 turns   itachi, mars, seventeen  vs  satsuki, ace, emiya
[  21/250 ] LOSS   25 turns   megumin, uraraka, noelle  vs  yugi, inuyasha, maka
Applying bleed effect! Checking special code
[  22/250 ] LOSS   17 turns   gilgamesh, midoriya, frieren  vs  denji, neferpitou, yuji
[  23/250 ] LOSS   13 turns   kurotsuchi, saitama, madoka  vs  meliodas, neferpitou, touka
Yubel's S1 Triggered!
Yubel's S1 Triggered!
Yubel's S1 Triggered!
[  24/250 ] WIN    20 turns   yuji, kurapika, ace  vs  meliodas, yubel, gallantmon
[  25/250 ] LOSS   18 turns   astolfo, byakuya, frieren  vs  koro, noelle, sukuna
Applying bleed effect! Checking special code
Applying bleed effect! Checking special code
Applying bleed effect! Checking special code
Applying bleed effect! Checking special code
Applying bleed effect! Checking special code
[  26/250 ] WIN    18 turns   byakuya, gasai, mavis  vs  ichigo, aiohto, king
Applying bleed effect! Checking special code
Applying bleed effect! Checking special code
Applying bleed effect! Checking special code
[  27/250 ] WIN    20 turns   emiyaarcher, neferpitou, gray  vs  denji, squalo, crona
[  28/250 ] WIN    14 turns   saitama, gilgamesh, shokuhou  vs  ladydevimon, inuyasha, crona
[  29/250 ] LOSS   21 turns   bakugo, tamaki, esdeath  vs  alphamon, kurapika, allmight
[  30/250 ] WIN    26 turns   tsubasa, machinedramon, boruto  vs  sasuke, toga, gasai
[  31/250 ] LOSS   23 turns   allmight, koro, uranus  vs  yuji, akame, astolfo
[  32/250 ] WIN    17 turns   gunha, nezuko, kurapika  vs  kid, genos, emiyaarcher
Applying bleed effect! Checking special code
Applying bleed effect! Checking special code
[  33/250 ] LOSS   78 turns   mars, uraraka, tanjiro  vs  touka, ken, yamamoto
[  34/250 ] WIN    14 turns   sayaka, sheele, omnimon  vs  allmight, sukuna, levi
[  35/250 ] LOSS   30 turns   yubel, death, tatsumi  vs  gon, todoroki, sasuke
[  36/250 ] LOSS   18 turns   kuroko, aiohto, vegeta  vs  yugi, midoriya, ganta
[  37/250 ] WIN    18 turns   marco, ganta, nagisa  vs  nel, gogeta, gasai
[  38/250 ] LOSS   19 turns   nonon, saber, mars  vs  jeanne, gasai, nagisa
[  39/250 ] LOSS   18 turns   shokuhou, seventeen, esdeath  vs  gunha, gojo, tsunayoshi
[  40/250 ] WIN    16 turns   eren, luffy, marco  vs  ladydevimon, death, saitama
Applying bleed effect! Checking special code
Applying bleed effect! Checking special code
Applying bleed effect! Checking special code
[  41/250 ] WIN    20 turns   rakko, lucy, shinoa  vs  esdeath, jeanne, machinedramon
[  42/250 ] LOSS   33 turns   rimuru, kitara, gasai  vs  yamamoto, noelle, saturn
[  43/250 ] LOSS   18 turns   shokuhou, gasai, genos  vs  mercury, jaden, sasuke
[  44/250 ] LOSS   23 turns   hawkmon, uraraka, usopp  vs  xanxus, goku, semiramis
[  45/250 ] WIN    40 turns   gojo, rimuru, crona  vs  akame, tanjiro, shiro
[  46/250 ] LOSS   15 turns   tatsumaki, usopp, sasuke  vs  astolfo, yuno, erza
[  47/250 ] LOSS   21 turns   yuno, uranus, koro  vs  pegasus, esdeath, kid
[  48/250 ] LOSS   16 turns   nonon, ban, mami  vs  boruto, uzui, shinra
Applying bleed effect! Checking special code
[  49/250 ] WIN    21 turns   zenitsu, uranus, arthur  vs  goku, rakko, kurotsuchi
[  50/250 ] WIN    25 turns   mami, hisoka, gray  vs  seventeen, tsubasa, astolfo
[  51/250 ] LOSS   23 turns   natsu, vegeta, mash  vs  genos, erza, nobara
[  52/250 ] WIN    26 turns   satsuki, semiramis, megumi  vs  erza, frieren, tsubasa
[  53/250 ] LOSS   15 turns   byakuya, nonon, frankenstein  vs  neferpitou, koro, lizandpatty
[  54/250 ] WIN    33 turns   akame, nel, ichibe  vs  pegasus, jeanne, touka
[  55/250 ] WIN    16 turns   uzui, gray, toji  vs  yoh, todoroki, mavis
[  56/250 ] WIN    25 turns   emiyaarcher, sasuke, nezuko  vs  orihime, natsu, tatsumaki
Applying bleed effect! Checking special code
[  57/250 ] WIN    19 turns   yamamoto, broly, ken  vs  yoh, semiramis, hashirama
[  58/250 ] WIN    26 turns   kuroko, nimaiya, gojo  vs  megumin, frieren, sasuke
[  59/250 ] LOSS   14 turns   tsunayoshi, nobara, genos  vs  inosuke, hibari, jack
[  60/250 ] WIN    29 turns   gon, allmight, natsu  vs  yuji, cooler, megumin
[  61/250 ] WIN    28 turns   alphonse, kurotsuchi, goku  vs  nonon, blackwargreymon, horohoro
[  62/250 ] WIN    16 turns   hibari, squalo, yuno  vs  chrome, toudou, jeanne
Applying bleed effect! Checking special code
Applying bleed effect! Checking special code
[  63/250 ] WIN    21 turns   sasuke, tsunayoshi, denji  vs  lyserg, emiya, jupiter
[  64/250 ] LOSS   35 turns   hisoka, ken, nezuko  vs  mars, itachi, boruto
[  65/250 ] LOSS   21 turns   myotismon, sukuna, machinedramon  vs  itachi, tsubaki, jaden
[  66/250 ] WIN    25 turns   nezuko, ladydevimon, adam  vs  tatsumi, jeanne, myotismon
[  67/250 ] LOSS   17 turns   inuyasha, tsuyu, gohan  vs  death, genos, kuroko
Applying bleed effect! Checking special code
Applying bleed effect! Checking special code
Applying bleed effect! Checking special code
Applying bleed effect! Checking special code
Applying bleed effect! Checking special code
Applying bleed effect! Checking special code
[  68/250 ] LOSS   22 turns   hawkmon, toga, saber  vs  sasuke, denji, sakura
Applying bleed effect! Checking special code
Applying bleed effect! Checking special code
[  69/250 ] WIN    31 turns   hashirama, gatomon, mash  vs  denji, esdeath, uzui
[  70/250 ] WIN    13 turns   machinedramon, hinata, saturn  vs  shinra, akame, goku
[  71/250 ] LOSS   20 turns   toph, allmight, zoro  vs  ladydevimon, madoka, minene
[  72/250 ] LOSS   15 turns   genos, frankenstein, aang  vs  ganta, uraraka, byakuya
[  73/250 ] LOSS   19 turns   tsunayoshi, minene, killua  vs  uranus, uraraka, nel
Applying bleed effect! Checking special code
Applying bleed effect! Checking special code
Applying bleed effect! Checking special code
Applying bleed effect! Checking special code
[  74/250 ] WIN    19 turns   gray, vegeta, denji  vs  blackstar, yuno, ganta
Applying bleed effect! Checking special code
Applying bleed effect! Checking special code
[  75/250 ] WIN    25 turns   jesse, maka, saturn  vs  rakko, lizandpatty, ganta
Applying bleed effect! Checking special code
Applying bleed effect! Checking special code
Applying bleed effect! Checking special code
Applying bleed effect! Checking special code
Applying bleed effect! Checking special code
Applying bleed effect! Checking special code
Applying bleed effect! Checking special code
[  76/250 ] WIN    19 turns   rakko, lizandpatty, rob  vs  alphonse, arthur, tsubasa
Applying bleed effect! Checking special code
Applying bleed effect! Checking special code
Applying bleed effect! Checking special code
Applying bleed effect! Checking special code
Applying bleed effect! Checking special code
Applying bleed effect! Checking special code
Applying bleed effect! Checking special code
Applying bleed effect! Checking special code
Applying bleed effect! Checking special code
Applying bleed effect! Checking special code
[  77/250 ] LOSS   22 turns   toji, bakugo, itachi  vs  king, frieren, toudou
[  78/250 ] WIN    16 turns   noelle, bakugo, neferpitou  vs  squalo, arthur, gasai
[  79/250 ] LOSS   19 turns   mercury, saitama, death  vs  sayaka, megumin, megumi
[  80/250 ] WIN    16 turns   kid, orihime, mikasa  vs  inuyasha, ken, mami
[  81/250 ] WIN    11 turns   zoro, shinoa, frieren  vs  frankenstein, megumin, jack
[  82/250 ] LOSS   15 turns   asta, shokuhou, usopp  vs  marco, shinra, nonon
[  83/250 ] LOSS   19 turns   eren, hisoka, nobara  vs  zenitsu, chrome, nel
Applying bleed effect! Checking special code
Applying bleed effect! Checking special code
Applying bleed effect! Checking special code
[  84/250 ] WIN    24 turns   zenitsu, allmight, rakko  vs  mine, hisoka, jupiter
[  85/250 ] WIN    22 turns   gallantmon, noelle, mavis  vs  ryohei, genos, toph
[  86/250 ] WIN    15 turns   ban, levi, neferpitou  vs  nezuko, frieren, midoriya
Applying bleed effect! Checking special code
Applying bleed effect! Checking special code
Applying bleed effect! Checking special code
[  87/250 ] LOSS   20 turns   rob, koro, tokoyami  vs  zenitsu, rakko, pegasus
[  88/250 ] LOSS   16 turns   kitara, yugi, tatsumaki  vs  erza, saturn, gasai
[  89/250 ] LOSS   19 turns   nagisa, boruto, toji  vs  natsu, zenitsu, kid
Applying bleed effect! Checking special code
[  90/250 ] WIN    27 turns   killua, midoriya, diane  vs  gunha, mars, xanxus
Applying bleed effect! Checking special code
Applying bleed effect! Checking special code
Applying bleed effect! Checking special code
Applying bleed effect! Checking special code
[  91/250 ] WIN    20 turns   itachi, uzui, impmon  vs  ken, shokuhou, hawkmon
[  92/250 ] WIN    36 turns   usopp, edward, kurapika  vs  yamamoto, lucy, blackwargreymon
[  93/250 ] LOSS   19 turns   toph, mash, natsu  vs  meliodas, xanxus, mercury
[  94/250 ] WIN    24 turns   yamamoto, zenitsu, maka  vs  sakura, chrome, killua
Applying bleed effect! Checking special code
Applying bleed effect! Checking special code
[  95/250 ] LOSS   22 turns   machinedramon, minene, rakko  vs  kid, sheele, uranus
Applying bleed effect! Checking special code
[  96/250 ] LOSS   20 turns   hinata, diane, emiyaarcher  vs  yuno, semiramis, venus
[  97/250 ] LOSS   28 turns   nel, hashirama, tsunayoshi  vs  lucy, saitama, megumin
Applying bleed effect! Checking special code
Applying bleed effect! Checking special code
Applying bleed effect! Checking special code
Applying bleed effect! Checking special code
[  98/250 ] LOSS   21 turns   rengoku, mercury, ban  vs  soul, bakugo, toji
[  99/250 ] LOSS   22 turns   kuroko, yuji, emiya  vs  rimuru, mine, natsu
[ 100/250 ] LOSS   32 turns   ban, shokuhou, boruto  vs  death, pegasus, gatomon
[ 101/250 ] WIN    25 turns   mami, shinra, ladydevimon  vs  genos, blackstar, megumin
[ 102/250 ] WIN    22 turns   megumin, mikasa, gogeta  vs  nezuko, maka, chrome
Applying bleed effect! Checking special code
Applying bleed effect! Checking special code
[ 103/250 ] LOSS   18 turns   power, ace, shokuhou  vs  nezuko, semiramis, xanxus
[ 104/250 ] WIN    19 turns   genos, uranus, gohan  vs  crona, mami, midoriya
[ 105/250 ] LOSS   15 turns   goku, shokuhou, xanxus  vs  halibel, nezuko, veldora
[ 106/250 ] LOSS   29 turns   muichiro, megumi, koro  vs  mars, yugi, tanjiro
[ 107/250 ] WIN    24 turns   gallantmon, misaka, kurotsuchi  vs  venus, mash, toudou
Applying bleed effect! Checking special code
Applying bleed effect! Checking special code
Applying bleed effect! Checking special code
[ 108/250 ] LOSS   18 turns   ban, power, death  vs  eren, natsu, naruto
[ 109/250 ] WIN    14 turns   hisoka, mikasa, renamon  vs  todoroki, orihime, edward
[ 110/250 ] WIN    23 turns   alphamon, maka, lizandpatty  vs  gon, kaiba, gatomon
[ 111/250 ] LOSS   17 turns   akame, yoh, madoka  vs  jaden, alphamon, cooler
Applying bleed effect! Checking special code
[ 112/250 ] WIN    16 turns   astolfo, venus, luffy  vs  power, marco, jupiter
[ 113/250 ] LOSS   19 turns   mami, omnimon, muichiro  vs  jeanne, marco, halibel
[ 114/250 ] WIN    19 turns   tanjiro, gasai, alphamon  vs  alphonse, jesse, shinoa
[ 115/250 ] WIN    26 turns   kitara, shinoa, yugi  vs  ichibe, veldora, chrome
Applying bleed effect! Checking special code
Applying bleed effect! Checking special code
Applying bleed effect! Checking special code
Applying bleed effect! Checking special code
Applying bleed effect! Checking special code
[ 116/250 ] LOSS   17 turns   nobara, gojo, mine  vs  rakko, luffy, uzui
Applying bleed effect! Checking special code
Applying bleed effect! Checking special code
[ 117/250 ] WIN    25 turns   lizandpatty, luffy, ganta  vs  pegasus, inosuke, soul
[ 118/250 ] WIN    18 turns   meliodas, chrome, alphonse  vs  hinata, xanxus, mine
[ 119/250 ] LOSS   18 turns   lyserg, gohan, aiohto  vs  gatomon, hashirama, gallantmon
[ 120/250 ] WIN    15 turns   yugi, goku, mami  vs  asta, squalo, jeanne
[ 121/250 ] LOSS   18 turns   tatsumi, byakuya, megumi  vs  ichigo, frankenstein, horohoro
[ 122/250 ] WIN    17 turns   sheele, lizandpatty, hawkmon  vs  ace, uranus, tsubasa
[ 123/250 ] LOSS   37 turns   tsubasa, veldora, erza  vs  kurapika, vegeta, diane
[ 124/250 ] LOSS   20 turns   myotismon, tsunayoshi, zoro  vs  natsu, toudou, nagisa
[ 125/250 ] LOSS   27 turns   ryuko, nagisa, blackwargreymon  vs  gilgamesh, nel, zenitsu
[ 126/250 ] WIN    12 turns   misaka, satsuki, meliodas  vs  genos, noelle, ganta
[ 127/250 ] LOSS   14 turns   arthur, semiramis, megumin  vs  orihime, soul, saitama
[ 128/250 ] WIN    22 turns   touka, orihime, jesse  vs  rob, yamamoto, boruto
[ 129/250 ] WIN    16 turns   zenitsu, gohan, mikasa  vs  blackwargreymon, rimuru, ace
[ 130/250 ] WIN    35 turns   gogeta, gunha, nobara  vs  mars, sasuke, sayaka
[ 131/250 ] WIN    20 turns   veldora, vegeta, marco  vs  ban, blackstar, seventeen
Yubel's S1 Triggered!
Yubel's S1 Triggered!
[ 132/250 ] LOSS   17 turns   soul, emiyaarcher, cooler  vs  aang, yubel, jinwoo
[ 133/250 ] LOSS   18 turns   kid, veldora, saturn  vs  ryohei, pegasus, madoka
Applying bleed effect! Checking special code
Applying bleed effect! Checking special code
[ 134/250 ] LOSS   21 turns   rengoku, tokoyami, gray  vs  esdeath, natsu, edward
[ 135/250 ] WIN    10 turns   soul, touka, machinedramon  vs  orihime, tatsumaki, hisoka
[ 136/250 ] LOSS   17 turns   halibel, goku, noelle  vs  itachi, luffy, yuji
[ 137/250 ] LOSS   20 turns   akame, halibel, astolfo  vs  frieren, uzui, gray
[ 138/250 ] LOSS   20 turns   crona, mercury, ryuko  vs  kitara, inuyasha, ban
[ 139/250 ] LOSS   19 turns   maka, madoka, sheele  vs  minene, cell, shiro
[ 140/250 ] WIN    22 turns   allmight, tatsumaki, ryohei  vs  diane, kaiba, minene
[ 141/250 ] LOSS   15 turns   lucy, inuyasha, omnimon  vs  tsubasa, emiyaarcher, chrome
[ 142/250 ] WIN    13 turns   jack, meliodas, nobara  vs  sayaka, edward, toga
[ 143/250 ] LOSS   47 turns   gon, minene, gojo  vs  kid, muichiro, hinata
[ 144/250 ] LOSS   24 turns   jaden, tsubasa, blackwargreymon  vs  crona, naruto, sukuna
Applying bleed effect! Checking special code
Applying bleed effect! Checking special code
Applying bleed effect! Checking special code
[ 145/250 ] LOSS   14 turns   power, sheele, sakura  vs  hinata, korra, asta
[ 146/250 ] WIN    52 turns   venus, tanjiro, kaiba  vs  sasuke, koro, killua
Applying bleed effect! Checking special code
Applying bleed effect! Checking special code
Applying bleed effect! Checking special code
Applying bleed effect! Checking special code
Applying bleed effect! Checking special code
Applying bleed effect! Checking special code
[ 147/250 ] WIN    31 turns   rengoku, emiya, rimuru  vs  crona, blackstar, tsuyu
[ 148/250 ] LOSS   19 turns   diane, venus, ichibe  vs  edward, saitama, frieren
[ 149/250 ] LOSS   25 turns   zenitsu, nezuko, rimuru  vs  tsunayoshi, nagisa, soul
[ 150/250 ] WIN    16 turns   kurapika, mikasa, rob  vs  goku, diane, megumi
[ 151/250 ] LOSS   33 turns   arthur, inuyasha, shinra  vs  vegeta, saitama, madoka
Applying bleed effect! Checking special code
Applying bleed effect! Checking special code
Applying bleed effect! Checking special code
Applying bleed effect! Checking special code
Applying bleed effect! Checking special code
Applying bleed effect! Checking special code
Applying bleed effect! Checking special code
Applying bleed effect! Checking special code
Applying bleed effect! Checking special code
[ 152/250 ] LOSS   21 turns   tsunayoshi, myotismon, hisoka  vs  rakko, pegasus, muichiro
Applying bleed effect! Checking special code
Applying bleed effect! Checking special code
[ 153/250 ] WIN    29 turns   naruto, veldora, power  vs  muichiro, tsuyu, maka
[ 154/250 ] LOSS   18 turns   blackwargreymon, saber, ichibe  vs  yuno, boruto, ganta
[ 155/250 ] WIN    22 turns   sasuke, kid, kurotsuchi  vs  akame, zoro, madoka
Yubel's S1 Triggered!
[ 156/250 ] WIN    18 turns   jupiter, yubel, nobara  vs  tsuyu, myotismon, ganta
[ 157/250 ] LOSS   23 turns   kurapika, mash, uranus  vs  maka, lizandpatty, semiramis
[ 158/250 ] LOSS   19 turns   gatomon, venus, nezuko  vs  touka, semiramis, gogeta
[ 159/250 ] LOSS   84 turns   gon, mavis, death  vs  marco, frankenstein, diane
Applying bleed effect! Checking special code
Applying bleed effect! Checking special code
Applying bleed effect! Checking special code
Applying bleed effect! Checking special code
[ 160/250 ] WIN    22 turns   noelle, denji, megumin  vs  muichiro, halibel, asta
[ 161/250 ] LOSS   17 turns   rob, naruto, frieren  vs  toudou, frankenstein, sukuna
[ 162/250 ] LOSS   22 turns   soul, tatsumi, uranus  vs  seventeen, omnimon, mercury
Applying bleed effect! Checking special code
Applying bleed effect! Checking special code
[ 163/250 ] LOSS   20 turns   kurapika, denji, myotismon  vs  saturn, renamon, asta
[ 164/250 ] WIN    28 turns   lucy, horohoro, pegasus  vs  kaiba, uranus, gunha
[ 165/250 ] LOSS   25 turns   nimaiya, tsuyu, yuji  vs  shinoa, nagisa, jesse
Applying bleed effect! Checking special code
[ 166/250 ] LOSS   18 turns   tamaki, noelle, inosuke  vs  zenitsu, ladydevimon, impmon
Yubel's S1 Triggered!
[ 167/250 ] WIN    37 turns   death, yubel, uranus  vs  cell, soul, shinoa
[ 168/250 ] WIN    21 turns   death, akame, rob  vs  frankenstein, alphonse, hashirama
[ 169/250 ] LOSS   29 turns   veldora, mercury, xanxus  vs  sasuke, emiya, ban
[ 170/250 ] WIN    19 turns   cooler, gogeta, killua  vs  adam, yuno, tsuyu
[ 171/250 ] WIN    35 turns   cooler, muichiro, tsubaki  vs  yoh, hawkmon, uraraka
[ 172/250 ] WIN    32 turns   allmight, emiyaarcher, shiro  vs  kitara, yoh, lucy
Yubel's S1 Triggered!
Yubel's S1 Triggered!
Yubel's S1 Triggered!
[ 173/250 ] WIN    17 turns   erza, chrome, satsuki  vs  yubel, gray, nonon
[ 174/250 ] WIN    24 turns   diane, cell, ban  vs  squalo, nel, aiohto
[ 175/250 ] WIN    12 turns   jaden, jack, crona  vs  megumin, shokuhou, omnimon
[ 176/250 ] WIN    17 turns   jaden, sasuke, shinra  vs  adam, tatsumaki, machinedramon
[ 177/250 ] WIN    15 turns   usopp, goku, nel  vs  orihime, allmight, nobara
Applying bleed effect! Checking special code
[ 178/250 ] WIN    31 turns   ryuko, lucy, mash  vs  denji, tanjiro, gojo
[ 179/250 ] WIN    17 turns   tsubasa, saturn, satsuki  vs  toga, kuroko, ace
[ 180/250 ] WIN    17 turns   veldora, tokoyami, uranus  vs  blackwargreymon, erza, bakugo
[ 181/250 ] WIN    25 turns   bakugo, marco, cell  vs  soul, jaden, omnimon
[ 182/250 ] LOSS   27 turns   tanjiro, jinwoo, gogeta  vs  jeanne, uraraka, yuno
Applying bleed effect! Checking special code
Applying bleed effect! Checking special code
Applying bleed effect! Checking special code
Applying bleed effect! Checking special code
[ 183/250 ] WIN    19 turns   gasai, emiyaarcher, sayaka  vs  rob, megumi, rakko
[ 184/250 ] LOSS   28 turns   eren, sheele, alphonse  vs  usopp, mavis, gatomon
[ 185/250 ] WIN    23 turns   shinra, blackwargreymon, usopp  vs  itachi, genos, rimuru
Applying bleed effect! Checking special code
Applying bleed effect! Checking special code
Applying bleed effect! Checking special code
Applying bleed effect! Checking special code
Applying bleed effect! Checking special code
[ 186/250 ] WIN    22 turns   ken, emiyaarcher, crona  vs  midoriya, kaiba, broly
Applying bleed effect! Checking special code
Applying bleed effect! Checking special code
Applying bleed effect! Checking special code
Applying bleed effect! Checking special code
[ 187/250 ] LOSS   25 turns   arthur, lyserg, denji  vs  rengoku, nagisa, minene
[ 188/250 ] WIN    12 turns   gogeta, touka, gilgamesh  vs  orihime, arthur, sukuna
Applying bleed effect! Checking special code
Applying bleed effect! Checking special code
Applying bleed effect! Checking special code
[ 189/250 ] LOSS   22 turns   korra, toph, asta  vs  ladydevimon, killua, ken
[ 190/250 ] WIN    17 turns   lyserg, broly, gray  vs  lucy, squalo, arthur
[ 191/250 ] LOSS   18 turns   todoroki, mercury, toph  vs  gunha, maka, emiyaarcher
[ 192/250 ] LOSS   18 turns   jeanne, renamon, myotismon  vs  aiohto, allmight, jaden
[ 193/250 ] LOSS   41 turns   usopp, gogeta, midoriya  vs  mikasa, natsu, tsuyu
[ 194/250 ] LOSS   23 turns   todoroki, tsubaki, byakuya  vs  tsubasa, meliodas, gojo
[ 195/250 ] WIN    20 turns   yuno, tsubasa, jack  vs  blackstar, korra, saitama
[ 196/250 ] WIN    16 turns   xanxus, kurapika, pegasus  vs  horohoro, tsunayoshi, uranus
[ 197/250 ] LOSS   22 turns   inuyasha, jeanne, uzui  vs  arthur, pegasus, gilgamesh
[ 198/250 ] WIN    23 turns   naruto, nagisa, midoriya  vs  jeanne, levi, noelle
[ 199/250 ] WIN    21 turns   astolfo, allmight, yoh  vs  tanjiro, inuyasha, killua
Applying bleed effect! Checking special code
Applying bleed effect! Checking special code
Applying bleed effect! Checking special code
[ 200/250 ] LOSS   21 turns   hibari, sukuna, emiyaarcher  vs  shinra, denji, goku
[ 201/250 ] WIN    19 turns   nimaiya, lucy, shokuhou  vs  halibel, madoka, blackwargreymon
[ 202/250 ] LOSS   17 turns   blackwargreymon, tatsumaki, jupiter  vs  nimaiya, machinedramon, bakugo
[ 203/250 ] LOSS   20 turns   mavis, kaiba, naruto  vs  nimaiya, byakuya, emiya
Applying bleed effect! Checking special code
Applying bleed effect! Checking special code
[ 204/250 ] LOSS   17 turns   korra, inosuke, gray  vs  lucy, misaka, hisoka
[ 205/250 ] LOSS   12 turns   rimuru, ace, cooler  vs  sakura, alphamon, yuno
[ 206/250 ] WIN    15 turns   mercury, lucy, tsubaki  vs  esdeath, megumi, sukuna
[ 207/250 ] WIN    18 turns   aiohto, edward, gray  vs  toudou, myotismon, shiro
[ 208/250 ] LOSS   19 turns   seventeen, mash, jeanne  vs  yuji, lucy, nel
[ 209/250 ] LOSS   27 turns   blackwargreymon, erza, kurotsuchi  vs  uranus, mash, ichigo
[ 210/250 ] LOSS   21 turns   tatsumaki, frankenstein, gon  vs  toji, ladydevimon, uranus
[ 211/250 ] LOSS   15 turns   lucy, tsubaki, sukuna  vs  gogeta, ladydevimon, saitama
[ 212/250 ] LOSS   23 turns   mavis, marco, kaiba  vs  zenitsu, sheele, renamon
[ 213/250 ] WIN    47 turns   natsu, chrome, veldora  vs  hashirama, gunha, yuji
[ 214/250 ] LOSS   28 turns   goku, killua, frieren  vs  gasai, emiyaarcher, ichibe
[ 215/250 ] LOSS   20 turns   alphamon, impmon, tsunayoshi  vs  gallantmon, orihime, mine
[ 216/250 ] WIN    16 turns   gunha, genos, ichibe  vs  touka, rimuru, kaiba
[ 217/250 ] LOSS   22 turns   usopp, impmon, allmight  vs  megumi, gatomon, lyserg
[ 218/250 ] WIN    17 turns   gatomon, ryohei, noelle  vs  itachi, gojo, alphamon
[ 219/250 ] LOSS   17 turns   akame, emiyaarcher, todoroki  vs  erza, nimaiya, uraraka
[ 220/250 ] LOSS   25 turns   genos, uranus, yubel  vs  neferpitou, jaden, asta
[ 221/250 ] LOSS   18 turns   veldora, luffy, impmon  vs  zoro, koro, ryohei
[ 222/250 ] LOSS   12 turns   crona, allmight, akame  vs  yugi, astolfo, tsunayoshi
[ 223/250 ] LOSS   20 turns   gogeta, nel, gasai  vs  frieren, sayaka, rengoku
[ 224/250 ] LOSS   21 turns   adam, kid, emiyaarcher  vs  uraraka, cooler, naruto
[ 225/250 ] WIN    27 turns   luffy, halibel, uranus  vs  itachi, megumi, venus
Applying bleed effect! Checking special code
Applying bleed effect! Checking special code
[ 226/250 ] WIN    18 turns   cooler, bakugo, levi  vs  neferpitou, kuroko, rengoku
[ 227/250 ] LOSS   25 turns   hawkmon, sakura, toga  vs  hashirama, gunha, mami
Applying bleed effect! Checking special code
Applying bleed effect! Checking special code
Applying bleed effect! Checking special code
[ 228/250 ] WIN    19 turns   gon, natsu, yugi  vs  power, arthur, venus
[ 229/250 ] LOSS   27 turns   maka, kuroko, jinwoo  vs  cooler, natsu, shinra
[ 230/250 ] LOSS   22 turns   emiyaarcher, gasai, zenitsu  vs  alphonse, mine, gray
[ 231/250 ] WIN    22 turns   vegeta, tamaki, gojo  vs  sasuke, noelle, broly
Applying bleed effect! Checking special code
Applying bleed effect! Checking special code
Applying bleed effect! Checking special code
Applying bleed effect! Checking special code
Applying bleed effect! Checking special code
[ 232/250 ] WIN    24 turns   yuji, mine, blackwargreymon  vs  sakura, rengoku, jupiter
Applying bleed effect! Checking special code
[ 233/250 ] WIN    28 turns   cooler, kid, adam  vs  rengoku, semiramis, alphonse
Applying bleed effect! Checking special code
Applying bleed effect! Checking special code
Applying bleed effect! Checking special code
Applying bleed effect! Checking special code
Applying bleed effect! Checking special code
Applying bleed effect! Checking special code
[ 234/250 ] LOSS   43 turns   rakko, muichiro, gatomon  vs  mash, korra, bakugo
[ 235/250 ] LOSS   25 turns   levi, tanjiro, halibel  vs  toji, myotismon, ryuko
[ 236/250 ] WIN    19 turns   tatsumi, gojo, korra  vs  shokuhou, ichigo, chrome
[ 237/250 ] WIN    12 turns   gilgamesh, hibari, sukuna  vs  sheele, sakura, gon
[ 238/250 ] WIN    33 turns   korra, satsuki, hinata  vs  hisoka, xanxus, mine
Applying bleed effect! Checking special code
Applying bleed effect! Checking special code
[ 239/250 ] WIN    16 turns   rengoku, mine, kuroko  vs  jack, horohoro, sasuke
[ 240/250 ] LOSS   20 turns   horohoro, hisoka, uranus  vs  eren, gatomon, genos
Applying bleed effect! Checking special code
[ 241/250 ] LOSS   21 turns   mavis, gojo, nonon  vs  kurotsuchi, rengoku, halibel
Applying bleed effect! Checking special code
[ 242/250 ] WIN    16 turns   neferpitou, natsu, minene  vs  yoh, power, tokoyami
Applying bleed effect! Checking special code
Applying bleed effect! Checking special code
[ 243/250 ] LOSS   18 turns   koro, shiro, rengoku  vs  cell, rimuru, sayaka
[ 244/250 ] WIN    18 turns   veldora, tsubasa, astolfo  vs  midoriya, omnimon, ryohei
[ 245/250 ] LOSS   35 turns   toph, astolfo, renamon  vs  gatomon, kid, mikasa
Applying bleed effect! Checking special code
Applying bleed effect! Checking special code
Applying bleed effect! Checking special code
Applying bleed effect! Checking special code
Applying bleed effect! Checking special code
Applying bleed effect! Checking special code
Applying bleed effect! Checking special code
[ 246/250 ] WIN    26 turns   edward, king, gilgamesh  vs  gon, orihime, emiya
[ 247/250 ] WIN    21 turns   goku, boruto, broly  vs  koro, luffy, todoroki
[ 248/250 ] LOSS   10 turns   sayaka, kurapika, crona  vs  toji, mercury, gunha
Applying bleed effect! Checking special code
Applying bleed effect! Checking special code
Applying bleed effect! Checking special code
Applying bleed effect! Checking special code
Applying bleed effect! Checking special code
[ 249/250 ] LOSS   19 turns   tanjiro, emiya, ken  vs  asta, semiramis, rob
[ 250/250 ] LOSS   20 turns   mami, jeanne, inuyasha  vs  tsubaki, ace, gatomon
=== TRAINER RUN COMPLETE ===
Matches: 250   W: 127   L: 123   D: 0   Win: 50.8%   (opponent: self)
Policy saved to res://training/orchestrator/worker_r1_i3.json  (generation 0, trained_matches 250)
