Godot Engine v4.6.2.stable.official.71f334935 - https://godotengine.org

[trainer] seed=45002 matches=250 opponent=self eval=false out=res://training/orchestrator/worker_r4_i2.json checkpoint=res://training/checkpoints/gen_3.json
[authored] loaded 1 authored character(s)
Yubel's S1 Triggered!
Yubel's S1 Triggered!
[   1/250 ] LOSS   16 turns   hashirama, inuyasha, ryohei  vs  yubel, esdeath, mavis
[   2/250 ] WIN    29 turns   mercury, kurapika, kurotsuchi  vs  emiyaarcher, mine, orihime
[   3/250 ] LOSS   18 turns   uranus, kitara, adam  vs  mercury, emiyaarcher, mavis
[   4/250 ] WIN    19 turns   bakugo, neferpitou, gogeta  vs  allmight, kaiba, orihime
[   5/250 ] LOSS   44 turns   orihime, arthur, jeanne  vs  nezuko, megumi, death
[   6/250 ] WIN    27 turns   noelle, megumin, nel  vs  esdeath, zoro, meliodas
[   7/250 ] LOSS   18 turns   jesse, hisoka, gatomon  vs  ichibe, nagisa, madoka
[   8/250 ] LOSS   29 turns   toji, toga, toudou  vs  uraraka, gon, shiro
[   9/250 ] WIN    21 turns   shinra, itachi, hashirama  vs  saitama, tsubaki, gojo
[  10/250 ] WIN    10 turns   mine, emiyaarcher, madoka  vs  toji, vegeta, ken
Applying bleed effect! Checking special code
Applying bleed effect! Checking special code
Applying bleed effect! Checking special code
Applying bleed effect! Checking special code
Applying bleed effect! Checking special code
[  11/250 ] LOSS   30 turns   hibari, ken, lyserg  vs  kurapika, myotismon, uraraka
[  12/250 ] LOSS   15 turns   hisoka, zoro, noelle  vs  lizandpatty, inuyasha, mavis
[  13/250 ] LOSS   17 turns   kid, ganta, mikasa  vs  emiyaarcher, tokoyami, kaiba
[  14/250 ] WIN    23 turns   zoro, pegasus, marco  vs  ganta, gohan, jesse
[  15/250 ] WIN    16 turns   toga, yuno, alphamon  vs  midoriya, mine, megumi
[  16/250 ] LOSS   19 turns   madoka, venus, jupiter  vs  sheele, sayaka, tatsumi
[  17/250 ] LOSS   12 turns   toga, mine, allmight  vs  touka, sakura, tsunayoshi
[  18/250 ] LOSS   38 turns   adam, yugi, pegasus  vs  saber, kurapika, touka
[  19/250 ] LOSS   29 turns   saber, yugi, natsu  vs  gohan, hashirama, kitara
Applying bleed effect! Checking special code
Applying bleed effect! Checking special code
Applying bleed effect! Checking special code
Applying bleed effect! Checking special code
Applying bleed effect! Checking special code
Applying bleed effect! Checking special code
Applying bleed effect! Checking special code
Applying bleed effect! Checking special code
[  20/250 ] WIN    17 turns   erza, king, itachi  vs  alphamon, tsuyu, toji
[  21/250 ] WIN    20 turns   zoro, allmight, alphonse  vs  toph, byakuya, vegeta
[  22/250 ] WIN    22 turns   veldora, neferpitou, broly  vs  noelle, gallantmon, seventeen
Applying bleed effect! Checking special code
Applying bleed effect! Checking special code
Applying bleed effect! Checking special code
Applying bleed effect! Checking special code
Applying bleed effect! Checking special code
Applying bleed effect! Checking special code
[  23/250 ] WIN    21 turns   rakko, death, eren  vs  gasai, mavis, astolfo
Applying bleed effect! Checking special code
Applying bleed effect! Checking special code
[  24/250 ] LOSS   16 turns   hisoka, allmight, lucy  vs  toji, asta, inosuke
Applying bleed effect! Checking special code
Applying bleed effect! Checking special code
Applying bleed effect! Checking special code
[  25/250 ] LOSS   13 turns   jack, rakko, venus  vs  natsu, yuji, gilgamesh
[  26/250 ] LOSS   27 turns   bakugo, lyserg, koro  vs  gallantmon, itachi, gon
[  27/250 ] WIN    16 turns   mercury, blackwargreymon, sukuna  vs  jesse, toga, rob
[  28/250 ] WIN    24 turns   shinoa, byakuya, kuroko  vs  saitama, toji, killua
[  29/250 ] WIN    22 turns   hinata, nagisa, alphonse  vs  asta, naruto, emiyaarcher
[  30/250 ] WIN    16 turns   satsuki, impmon, mavis  vs  chrome, ichibe, toji
[  31/250 ] WIN    23 turns   nezuko, jaden, uzui  vs  broly, lyserg, mikasa
[  32/250 ] LOSS   17 turns   gasai, blackwargreymon, megumi  vs  muichiro, bakugo, natsu
[  33/250 ] WIN    17 turns   chrome, seventeen, veldora  vs  korra, tsubasa, gojo
Applying bleed effect! Checking special code
[  34/250 ] LOSS   33 turns   frankenstein, power, byakuya  vs  saturn, emiyaarcher, lizandpatty
[  35/250 ] LOSS   18 turns   yugi, touka, rimuru  vs  impmon, zoro, boruto
[  36/250 ] LOSS   15 turns   korra, blackwargreymon, levi  vs  mavis, sayaka, shinoa
[  37/250 ] WIN    23 turns   kid, ichibe, jupiter  vs  rob, inuyasha, jesse
Applying bleed effect! Checking special code
[  38/250 ] LOSS   25 turns   renamon, natsu, rakko  vs  megumin, alphamon, tamaki
[  39/250 ] LOSS   31 turns   semiramis, touka, natsu  vs  yamamoto, saturn, ichibe
[  40/250 ] WIN    20 turns   uzui, toph, mercury  vs  shinra, zenitsu, ryohei
[  41/250 ] WIN    23 turns   gojo, xanxus, sheele  vs  gray, nel, veldora
[  42/250 ] WIN    22 turns   gatomon, lyserg, itachi  vs  gray, tsubaki, sukuna
[  43/250 ] LOSS   17 turns   frieren, yuno, tsuyu  vs  luffy, arthur, semiramis
[  44/250 ] WIN    14 turns   byakuya, jaden, alphamon  vs  marco, kid, megumi
[  45/250 ] WIN    24 turns   levi, xanxus, astolfo  vs  kaiba, aiohto, tsuyu
[  46/250 ] WIN    19 turns   tamaki, blackstar, aiohto  vs  chrome, lyserg, semiramis
[  47/250 ] WIN    19 turns   ichibe, gojo, gatomon  vs  todoroki, emiya, genos
[  48/250 ] WIN    21 turns   esdeath, mars, midoriya  vs  veldora, orihime, lizandpatty
[  49/250 ] WIN    22 turns   halibel, gunha, alphamon  vs  vegeta, gasai, frieren
[  50/250 ] WIN    18 turns   megumi, uraraka, muichiro  vs  gohan, ichigo, horohoro
[  51/250 ] WIN    23 turns   kuroko, rimuru, megumin  vs  zenitsu, gasai, toji
[  52/250 ] LOSS   29 turns   yamamoto, rimuru, nel  vs  mavis, hinata, rob
[  53/250 ] WIN    25 turns   nezuko, veldora, mercury  vs  blackstar, hawkmon, gasai
[  54/250 ] LOSS   14 turns   shokuhou, ryuko, jinwoo  vs  gunha, alphamon, toji
[  55/250 ] LOSS   22 turns   kaiba, tatsumaki, meliodas  vs  jack, shinoa, ichibe
[  56/250 ] LOSS   18 turns   mars, astolfo, sasuke  vs  jinwoo, death, madoka
[  57/250 ] LOSS   45 turns   hinata, seventeen, mami  vs  todoroki, halibel, renamon
[  58/250 ] LOSS   20 turns   nobara, rob, minene  vs  naruto, sukuna, usopp
[  59/250 ] LOSS   18 turns   korra, genos, chrome  vs  astolfo, jeanne, shinra
[  60/250 ] WIN    29 turns   goku, eren, madoka  vs  bakugo, jesse, saturn
Applying bleed effect! Checking special code
[  61/250 ] WIN    22 turns   emiya, hisoka, yugi  vs  meliodas, todoroki, rakko
[  62/250 ] WIN    26 turns   sakura, muichiro, blackwargreymon  vs  noelle, gatomon, ban
[  63/250 ] LOSS   17 turns   venus, killua, yuji  vs  ladydevimon, ichibe, koro
[  64/250 ] LOSS   26 turns   inuyasha, rengoku, usopp  vs  eren, diane, jinwoo
[  65/250 ] LOSS   36 turns   emiya, sayaka, aang  vs  myotismon, death, toji
Applying bleed effect! Checking special code
Applying bleed effect! Checking special code
Applying bleed effect! Checking special code
Applying bleed effect! Checking special code
[  66/250 ] WIN    24 turns   yamamoto, ban, rengoku  vs  seventeen, rimuru, misaka
[  67/250 ] WIN    18 turns   sheele, asta, misaka  vs  blackstar, tamaki, erza
Applying bleed effect! Checking special code
[  68/250 ] LOSS   22 turns   rob, arthur, rakko  vs  chrome, kurapika, tatsumi
[  69/250 ] LOSS   28 turns   megumin, yuno, naruto  vs  noelle, semiramis, gasai
[  70/250 ] WIN    30 turns   hibari, edward, marco  vs  ichibe, death, ace
[  71/250 ] LOSS   31 turns   toudou, uraraka, tanjiro  vs  kuroko, semiramis, todoroki
[  72/250 ] WIN    20 turns   squalo, mash, nonon  vs  seventeen, cooler, shiro
[  73/250 ] LOSS   33 turns   nonon, shiro, marco  vs  ichibe, ganta, boruto
[  74/250 ] LOSS   14 turns   shokuhou, jupiter, goku  vs  lucy, mash, tatsumi
[  75/250 ] WIN    27 turns   jaden, satsuki, yoh  vs  toph, mash, killua
[  76/250 ] WIN    17 turns   hashirama, gunha, kurotsuchi  vs  machinedramon, cell, sasuke
[  77/250 ] WIN    30 turns   renamon, saitama, myotismon  vs  hawkmon, boruto, arthur
[  78/250 ] LOSS   24 turns   kurapika, alphamon, myotismon  vs  touka, kid, ichibe
[  79/250 ] LOSS   22 turns   hashirama, hawkmon, pegasus  vs  blackwargreymon, gasai, hibari
[  80/250 ] WIN    28 turns   jesse, ace, aang  vs  pegasus, gray, arthur
[  81/250 ] WIN    38 turns   ichibe, uzui, yamamoto  vs  yugi, kitara, tsubaki
[  82/250 ] WIN    18 turns   myotismon, broly, tamaki  vs  blackstar, horohoro, hashirama
[  83/250 ] LOSS   15 turns   saber, mars, jeanne  vs  uraraka, megumi, jupiter
[  84/250 ] LOSS   27 turns   tsuyu, tsubasa, ganta  vs  gallantmon, noelle, eren
[  85/250 ] LOSS   30 turns   marco, touka, saturn  vs  saber, tokoyami, maka
[  86/250 ] WIN    17 turns   kaiba, renamon, shinra  vs  impmon, zoro, yugi
[  87/250 ] LOSS   18 turns   shokuhou, todoroki, koro  vs  genos, zoro, megumin
[  88/250 ] WIN    16 turns   itachi, boruto, broly  vs  yugi, toji, sayaka
[  89/250 ] WIN    25 turns   meliodas, frankenstein, ichibe  vs  genos, nezuko, kaiba
[  90/250 ] WIN    42 turns   cooler, uzui, ichibe  vs  rimuru, chrome, minene
[  91/250 ] LOSS   30 turns   killua, shiro, chrome  vs  pegasus, levi, omnimon
[  92/250 ] LOSS   15 turns   myotismon, ganta, megumin  vs  emiyaarcher, aiohto, genos
Applying bleed effect! Checking special code
Applying bleed effect! Checking special code
[  93/250 ] WIN    23 turns   satsuki, itachi, death  vs  squalo, gatomon, denji
[  94/250 ] LOSS   22 turns   gojo, tsuyu, gallantmon  vs  tsubasa, erza, ichibe
[  95/250 ] WIN    23 turns   inuyasha, mavis, gray  vs  kurapika, hashirama, gohan
[  96/250 ] WIN    15 turns   toph, gunha, genos  vs  death, shinoa, ace
[  97/250 ] LOSS   23 turns   gunha, zoro, saitama  vs  ichigo, nonon, akame
[  98/250 ] LOSS   27 turns   jesse, hawkmon, sasuke  vs  jeanne, kaiba, megumin
[  99/250 ] WIN    18 turns   mavis, squalo, lyserg  vs  jeanne, veldora, gohan
[ 100/250 ] WIN    13 turns   allmight, shiro, noelle  vs  frankenstein, astolfo, renamon
[ 101/250 ] LOSS   31 turns   gunha, nonon, horohoro  vs  ryohei, sheele, usopp
Applying bleed effect! Checking special code
[ 102/250 ] WIN    23 turns   midoriya, semiramis, itachi  vs  megumi, power, kuroko
Yubel's S1 Triggered!
Yubel's S1 Triggered!
[ 103/250 ] WIN    18 turns   yubel, sayaka, broly  vs  halibel, boruto, gray
Applying bleed effect! Checking special code
Applying bleed effect! Checking special code
Applying bleed effect! Checking special code
Applying bleed effect! Checking special code
Applying bleed effect! Checking special code
Applying bleed effect! Checking special code
Applying bleed effect! Checking special code
Applying bleed effect! Checking special code
Applying bleed effect! Checking special code
Applying bleed effect! Checking special code
Applying bleed effect! Checking special code
[ 104/250 ] WIN    15 turns   satsuki, akame, nonon  vs  sheele, king, pegasus
Applying bleed effect! Checking special code
Applying bleed effect! Checking special code
Applying bleed effect! Checking special code
Applying bleed effect! Checking special code
Applying bleed effect! Checking special code
[ 105/250 ] WIN    31 turns   misaka, gilgamesh, king  vs  yoh, death, shiro
Applying bleed effect! Checking special code
Applying bleed effect! Checking special code
Applying bleed effect! Checking special code
Applying bleed effect! Checking special code
Applying bleed effect! Checking special code
[ 106/250 ] WIN    23 turns   shinoa, ken, eren  vs  blackstar, tsubaki, yuno
[ 107/250 ] LOSS   20 turns   naruto, hashirama, toga  vs  semiramis, gon, mars
Applying bleed effect! Checking special code
Applying bleed effect! Checking special code
Applying bleed effect! Checking special code
Applying bleed effect! Checking special code
Applying bleed effect! Checking special code
Applying bleed effect! Checking special code
Applying bleed effect! Checking special code
Applying bleed effect! Checking special code
Applying bleed effect! Checking special code
[ 108/250 ] LOSS   72 turns   king, koro, machinedramon  vs  tatsumi, toga, ryohei
[ 109/250 ] WIN    44 turns   cell, saturn, ace  vs  toph, rob, mercury
[ 110/250 ] LOSS   19 turns   xanxus, tokoyami, gojo  vs  meliodas, arthur, shinra
[ 111/250 ] WIN    18 turns   squalo, crona, touka  vs  alphamon, kuroko, myotismon
Applying bleed effect! Checking special code
Applying bleed effect! Checking special code
[ 112/250 ] WIN    40 turns   naruto, diane, minene  vs  lucy, death, sheele
[ 113/250 ] LOSS   20 turns   mercury, megumin, renamon  vs  kurotsuchi, emiyaarcher, neferpitou
Applying bleed effect! Checking special code
Applying bleed effect! Checking special code
Applying bleed effect! Checking special code
Applying bleed effect! Checking special code
Applying bleed effect! Checking special code
Applying bleed effect! Checking special code
Applying bleed effect! Checking special code
Applying bleed effect! Checking special code
Applying bleed effect! Checking special code
[ 114/250 ] WIN    23 turns   ryohei, toudou, ken  vs  nezuko, hashirama, koro
[ 115/250 ] WIN    31 turns   yamamoto, mash, death  vs  gallantmon, gon, ryuko
[ 116/250 ] LOSS   37 turns   nonon, tatsumi, yamamoto  vs  soul, mars, shiro
[ 117/250 ] LOSS   24 turns   lucy, midoriya, myotismon  vs  renamon, ban, chrome
[ 118/250 ] LOSS   12 turns   gohan, gogeta, blackwargreymon  vs  rimuru, zenitsu, gasai
[ 119/250 ] LOSS   51 turns   inosuke, tamaki, alphonse  vs  venus, marco, saitama
[ 120/250 ] LOSS   25 turns   inuyasha, noelle, yugi  vs  emiyaarcher, yuno, blackstar
[ 121/250 ] WIN    30 turns   eren, nezuko, meliodas  vs  edward, ichibe, yoh
Yubel's S1 Triggered!
Yubel's S1 Triggered!
[ 122/250 ] LOSS   22 turns   hinata, meliodas, yubel  vs  megumin, blackwargreymon, yamamoto
[ 123/250 ] WIN    40 turns   gallantmon, allmight, ban  vs  edward, sheele, emiyaarcher
Applying bleed effect! Checking special code
Applying bleed effect! Checking special code
Applying bleed effect! Checking special code
Applying bleed effect! Checking special code
Applying bleed effect! Checking special code
Applying bleed effect! Checking special code
[ 124/250 ] WIN    21 turns   sakura, astolfo, rakko  vs  mine, kurapika, eren
[ 125/250 ] WIN    27 turns   gasai, zoro, hisoka  vs  muichiro, toph, shinoa
[ 126/250 ] WIN    21 turns   gray, gilgamesh, megumin  vs  gallantmon, hibari, kurotsuchi
[ 127/250 ] WIN    31 turns   venus, eren, frieren  vs  tsuyu, gilgamesh, mavis
[ 128/250 ] LOSS   30 turns   jack, hinata, meliodas  vs  inuyasha, nezuko, tatsumaki
[ 129/250 ] LOSS   33 turns   emiyaarcher, ichibe, ace  vs  power, kurapika, tamaki
[ 130/250 ] WIN    20 turns   killua, nonon, inuyasha  vs  shokuhou, sheele, neferpitou
[ 131/250 ] LOSS   14 turns   gray, toudou, ganta  vs  tokoyami, midoriya, esdeath
[ 132/250 ] LOSS   36 turns   megumi, satsuki, jeanne  vs  hawkmon, alphamon, saturn
[ 133/250 ] LOSS   27 turns   mavis, aiohto, jeanne  vs  myotismon, midoriya, zoro
[ 134/250 ] WIN    32 turns   luffy, nel, sasuke  vs  blackwargreymon, mash, koro
[ 135/250 ] WIN    18 turns   ladydevimon, lyserg, crona  vs  itachi, hawkmon, tsunayoshi
[ 136/250 ] WIN    18 turns   frankenstein, yugi, shinra  vs  shokuhou, sayaka, saitama
[ 137/250 ] LOSS   16 turns   broly, venus, semiramis  vs  kaiba, alphamon, megumin
[ 138/250 ] WIN    19 turns   squalo, gojo, bakugo  vs  saber, gunha, blackwargreymon
[ 139/250 ] WIN    28 turns   venus, xanxus, marco  vs  gunha, tatsumi, horohoro
[ 140/250 ] LOSS   17 turns   sasuke, impmon, allmight  vs  gon, tokoyami, chrome
Applying bleed effect! Checking special code
[ 141/250 ] WIN    18 turns   tanjiro, toji, maka  vs  rengoku, adam, denji
[ 142/250 ] WIN    16 turns   shinra, venus, genos  vs  pegasus, hibari, kurapika
[ 143/250 ] WIN    25 turns   nagisa, yamamoto, kuroko  vs  kitara, rob, impmon
Applying bleed effect! Checking special code
[ 144/250 ] LOSS   14 turns   jesse, inosuke, todoroki  vs  nonon, gunha, gon
[ 145/250 ] LOSS   18 turns   killua, boruto, impmon  vs  ganta, sasuke, koro
Yubel's S1 Triggered!
Yubel's S1 Triggered!
[ 146/250 ] WIN    15 turns   gray, hashirama, ichibe  vs  naruto, yuno, yubel
[ 147/250 ] LOSS   39 turns   rob, blackwargreymon, yamamoto  vs  neferpitou, lucy, hawkmon
Applying bleed effect! Checking special code
[ 148/250 ] WIN    25 turns   muichiro, mikasa, soul  vs  gogeta, inosuke, cooler
Applying bleed effect! Checking special code
Applying bleed effect! Checking special code
Applying bleed effect! Checking special code
Applying bleed effect! Checking special code
Applying bleed effect! Checking special code
Applying bleed effect! Checking special code
Applying bleed effect! Checking special code
[ 149/250 ] LOSS   23 turns   veldora, touka, tsubaki  vs  rengoku, misaka, gasai
Applying bleed effect! Checking special code
Applying bleed effect! Checking special code
[ 150/250 ] WIN    20 turns   blackstar, uraraka, gasai  vs  usopp, gatomon, denji
Applying bleed effect! Checking special code
Applying bleed effect! Checking special code
Applying bleed effect! Checking special code
Applying bleed effect! Checking special code
[ 151/250 ] LOSS   24 turns   tsunayoshi, itachi, shokuhou  vs  rakko, touka, gunha
[ 152/250 ] WIN    19 turns   gray, alphonse, broly  vs  hawkmon, mine, allmight
[ 153/250 ] WIN    27 turns   nobara, marco, bakugo  vs  sasuke, astolfo, edward
[ 154/250 ] WIN    16 turns   bakugo, nezuko, halibel  vs  xanxus, gasai, goku
[ 155/250 ] LOSS   16 turns   mine, tatsumi, zenitsu  vs  yugi, edward, hashirama
[ 156/250 ] WIN    33 turns   goku, tokoyami, lizandpatty  vs  yamamoto, nezuko, tamaki
[ 157/250 ] LOSS   15 turns   alphonse, gray, squalo  vs  hibari, blackstar, tsunayoshi
[ 158/250 ] WIN    21 turns   zoro, toudou, horohoro  vs  pegasus, shiro, tsunayoshi
[ 159/250 ] WIN    17 turns   shinra, meliodas, ace  vs  esdeath, toph, emiya
[ 160/250 ] LOSS   27 turns   minene, machinedramon, blackstar  vs  sayaka, gon, toph
[ 161/250 ] LOSS   25 turns   itachi, ace, ryohei  vs  sakura, saber, tamaki
Applying bleed effect! Checking special code
Applying bleed effect! Checking special code
Applying bleed effect! Checking special code
Applying bleed effect! Checking special code
[ 162/250 ] LOSS   37 turns   blackstar, hisoka, venus  vs  kaiba, king, nobara
[ 163/250 ] LOSS   19 turns   denji, madoka, emiya  vs  hibari, blackstar, gray
[ 164/250 ] LOSS   22 turns   madoka, chrome, allmight  vs  muichiro, tsubaki, seventeen
[ 165/250 ] WIN    26 turns   yoh, tanjiro, nel  vs  blackstar, madoka, crona
Applying bleed effect! Checking special code
Applying bleed effect! Checking special code
Applying bleed effect! Checking special code
[ 166/250 ] LOSS   24 turns   frankenstein, machinedramon, koro  vs  kid, shinoa, diane
[ 167/250 ] WIN    41 turns   jinwoo, kurapika, tanjiro  vs  ban, hashirama, toudou
[ 168/250 ] WIN    18 turns   edward, nagisa, shiro  vs  korra, levi, adam
[ 169/250 ] WIN    22 turns   megumin, semiramis, soul  vs  gilgamesh, kid, hinata
[ 170/250 ] WIN    17 turns   cooler, frieren, gatomon  vs  todoroki, nagisa, tokoyami
[ 171/250 ] LOSS   15 turns   tsubasa, yugi, pegasus  vs  neferpitou, genos, aiohto
[ 172/250 ] WIN    21 turns   mine, blackstar, gogeta  vs  crona, todoroki, mash
[ 173/250 ] WIN    25 turns   tsubaki, midoriya, ichibe  vs  jinwoo, saitama, inuyasha
[ 174/250 ] WIN    22 turns   hashirama, natsu, lucy  vs  blackstar, inuyasha, hawkmon
[ 175/250 ] WIN    30 turns   toga, blackwargreymon, cell  vs  tsubasa, esdeath, astolfo
[ 176/250 ] LOSS   20 turns   rob, akame, machinedramon  vs  gon, blackstar, minene
[ 177/250 ] WIN    20 turns   esdeath, gunha, kurotsuchi  vs  ganta, cooler, uranus
[ 178/250 ] WIN    38 turns   gray, tsuyu, mikasa  vs  nobara, myotismon, toga
[ 179/250 ] WIN    24 turns   nagisa, emiyaarcher, crona  vs  lizandpatty, nimaiya, sukuna
[ 180/250 ] WIN    21 turns   mikasa, killua, yoh  vs  megumi, gogeta, nezuko
[ 181/250 ] WIN    15 turns   death, ryuko, saturn  vs  frieren, gogeta, byakuya
[ 182/250 ] WIN    21 turns   erza, mikasa, byakuya  vs  crona, boruto, blackwargreymon
[ 183/250 ] WIN    26 turns   ganta, zenitsu, ban  vs  myotismon, mash, toji
[ 184/250 ] LOSS   20 turns   venus, genos, killua  vs  gatomon, megumin, jupiter
[ 185/250 ] WIN    30 turns   uranus, aang, kurotsuchi  vs  tatsumi, mikasa, frieren
[ 186/250 ] LOSS   21 turns   kurapika, yoh, power  vs  madoka, nobara, megumin
[ 187/250 ] LOSS   23 turns   gogeta, aang, xanxus  vs  venus, pegasus, machinedramon
[ 188/250 ] LOSS   26 turns   venus, renamon, sheele  vs  noelle, kuroko, death
[ 189/250 ] WIN    16 turns   sukuna, megumin, nimaiya  vs  rimuru, yoh, usopp
[ 190/250 ] WIN    18 turns   tamaki, frankenstein, ganta  vs  alphonse, kurapika, hibari
[ 191/250 ] WIN    26 turns   ladydevimon, shinoa, kurapika  vs  shiro, touka, adam
[ 192/250 ] LOSS   20 turns   luffy, byakuya, inuyasha  vs  jesse, vegeta, jaden
[ 193/250 ] WIN    23 turns   ichibe, kitara, ryohei  vs  jesse, uzui, boruto
[ 194/250 ] LOSS   22 turns   horohoro, vegeta, gojo  vs  lizandpatty, lucy, kaiba
[ 195/250 ] WIN    21 turns   hashirama, saitama, satsuki  vs  toudou, lizandpatty, nezuko
[ 196/250 ] WIN    14 turns   koro, meliodas, jack  vs  crona, nonon, erza
Applying bleed effect! Checking special code
Applying bleed effect! Checking special code
Applying bleed effect! Checking special code
Applying bleed effect! Checking special code
[ 197/250 ] WIN    29 turns   usopp, gatomon, gilgamesh  vs  rengoku, yugi, ace
[ 198/250 ] WIN    22 turns   tatsumi, marco, tsubaki  vs  esdeath, mami, inuyasha
[ 199/250 ] WIN    20 turns   orihime, power, nagisa  vs  semiramis, koro, gatomon
[ 200/250 ] WIN    19 turns   kuroko, madoka, nezuko  vs  halibel, uraraka, ace
[ 201/250 ] WIN    28 turns   tamaki, chrome, ganta  vs  gray, cell, akame
[ 202/250 ] WIN    13 turns   ryohei, sukuna, mami  vs  asta, omnimon, death
[ 203/250 ] WIN    21 turns   gatomon, yuno, nonon  vs  adam, pegasus, shiro
Applying bleed effect! Checking special code
Applying bleed effect! Checking special code
Applying bleed effect! Checking special code
Applying bleed effect! Checking special code
Applying bleed effect! Checking special code
Applying bleed effect! Checking special code
[ 204/250 ] LOSS   18 turns   genos, xanxus, tsubaki  vs  tanjiro, rengoku, ban
Applying bleed effect! Checking special code
Applying bleed effect! Checking special code
[ 205/250 ] WIN    24 turns   misaka, king, luffy  vs  allmight, emiyaarcher, halibel
[ 206/250 ] LOSS   26 turns   jeanne, squalo, gogeta  vs  alphamon, shiro, semiramis
[ 207/250 ] WIN    31 turns   asta, marco, ganta  vs  jaden, death, gogeta
[ 208/250 ] WIN    19 turns   myotismon, killua, sasuke  vs  mami, ganta, halibel
[ 209/250 ] LOSS   51 turns   orihime, saitama, hawkmon  vs  vegeta, killua, jeanne
[ 210/250 ] WIN    23 turns   uraraka, tamaki, alphonse  vs  yuno, toudou, orihime
Applying bleed effect! Checking special code
Applying bleed effect! Checking special code
Applying bleed effect! Checking special code
[ 211/250 ] LOSS   16 turns   meliodas, megumi, inosuke  vs  blackstar, ladydevimon, gray
[ 212/250 ] WIN    21 turns   squalo, soul, jesse  vs  myotismon, akame, gojo
[ 213/250 ] WIN    25 turns   byakuya, squalo, crona  vs  boruto, emiya, gallantmon
Applying bleed effect! Checking special code
Applying bleed effect! Checking special code
Applying bleed effect! Checking special code
Applying bleed effect! Checking special code
Applying bleed effect! Checking special code
Applying bleed effect! Checking special code
Applying bleed effect! Checking special code
Applying bleed effect! Checking special code
Applying bleed effect! Checking special code
Applying bleed effect! Checking special code
[ 214/250 ] LOSS   30 turns   yugi, squalo, rimuru  vs  king, gunha, tanjiro
[ 215/250 ] WIN    22 turns   yamamoto, meliodas, toudou  vs  venus, yuji, emiya
[ 216/250 ] WIN    29 turns   broly, sukuna, kaiba  vs  erza, semiramis, aiohto
[ 217/250 ] WIN    21 turns   usopp, uranus, myotismon  vs  maka, sasuke, tamaki
[ 218/250 ] LOSS   20 turns   denji, shiro, nel  vs  naruto, pegasus, yuji
[ 219/250 ] WIN    32 turns   cell, yuji, gogeta  vs  misaka, crona, gasai
[ 220/250 ] LOSS   87 turns   boruto, akame, minene  vs  tatsumi, bakugo, esdeath
[ 221/250 ] WIN    42 turns   luffy, blackstar, venus  vs  akame, megumi, misaka
[ 222/250 ] LOSS   19 turns   emiya, sasuke, muichiro  vs  sukuna, tsubaki, kuroko
Applying bleed effect! Checking special code
[ 223/250 ] WIN    17 turns   venus, toph, mercury  vs  gogeta, blackstar, power
[ 224/250 ] WIN    20 turns   levi, gon, sasuke  vs  mine, mercury, gunha
[ 225/250 ] LOSS   21 turns   touka, tatsumi, ichigo  vs  boruto, cell, marco
[ 226/250 ] LOSS   18 turns   jaden, megumi, adam  vs  maka, shinra, sukuna
[ 227/250 ] WIN    14 turns   jack, mine, gatomon  vs  ladydevimon, hinata, astolfo
[ 228/250 ] LOSS   23 turns   midoriya, gon, eren  vs  bakugo, arthur, marco
[ 229/250 ] LOSS   47 turns   machinedramon, shinra, saturn  vs  astolfo, lyserg, luffy
[ 230/250 ] WIN    28 turns   shinoa, misaka, toph  vs  gilgamesh, chrome, madoka
Applying bleed effect! Checking special code
Applying bleed effect! Checking special code
Applying bleed effect! Checking special code
[ 231/250 ] LOSS   14 turns   rimuru, emiyaarcher, nezuko  vs  hibari, hisoka, rakko
[ 232/250 ] WIN    31 turns   nel, boruto, megumi  vs  horohoro, zoro, shinoa
[ 233/250 ] WIN    18 turns   yuno, ryohei, saitama  vs  rob, mami, ace
[ 234/250 ] LOSS   47 turns   vegeta, emiyaarcher, eren  vs  kurotsuchi, hisoka, mine
[ 235/250 ] WIN    26 turns   death, yugi, yamamoto  vs  rimuru, yubel, tsuyu
[ 236/250 ] WIN    29 turns   inuyasha, nimaiya, satsuki  vs  gilgamesh, ryohei, gallantmon
[ 237/250 ] LOSS   26 turns   usopp, sayaka, impmon  vs  rob, cooler, tatsumi
[ 238/250 ] WIN    26 turns   renamon, lizandpatty, kaiba  vs  jupiter, jaden, squalo
[ 239/250 ] WIN    19 turns   asta, boruto, shiro  vs  gohan, kitara, aang
[ 240/250 ] WIN    16 turns   death, kaiba, tsunayoshi  vs  inuyasha, nagisa, hashirama
[ 241/250 ] WIN    23 turns   veldora, ichibe, arthur  vs  sakura, kurapika, satsuki
[ 242/250 ] LOSS   39 turns   omnimon, ichibe, gogeta  vs  aiohto, rimuru, ace
[ 243/250 ] WIN    14 turns   lucy, mavis, naruto  vs  hawkmon, gilgamesh, ganta
[ 244/250 ] LOSS   23 turns   allmight, saitama, rakko  vs  uranus, gohan, ganta
[ 245/250 ] WIN    14 turns   madoka, ryohei, impmon  vs  byakuya, meliodas, frankenstein
[ 246/250 ] WIN    21 turns   megumi, gilgamesh, yamamoto  vs  goku, tatsumaki, renamon
[ 247/250 ] WIN    26 turns   tokoyami, frieren, muichiro  vs  emiyaarcher, madoka, mars
[ 248/250 ] WIN    17 turns   erza, nimaiya, minene  vs  muichiro, yoh, ryohei
Applying bleed effect! Checking special code
Applying bleed effect! Checking special code
Applying bleed effect! Checking special code
Applying bleed effect! Checking special code
Applying bleed effect! Checking special code
[ 249/250 ] LOSS   26 turns   yuno, hibari, ken  vs  frieren, asta, levi
Applying bleed effect! Checking special code
Applying bleed effect! Checking special code
Applying bleed effect! Checking special code
Applying bleed effect! Checking special code
Applying bleed effect! Checking special code
Applying bleed effect! Checking special code
Applying bleed effect! Checking special code
Applying bleed effect! Checking special code
Applying bleed effect! Checking special code
Applying bleed effect! Checking special code
Applying bleed effect! Checking special code
[ 250/250 ] WIN    17 turns   lucy, zenitsu, jack  vs  nimaiya, king, orihime
=== TRAINER RUN COMPLETE ===
Matches: 250   W: 145   L: 105   D: 0   Win: 58.0%   (opponent: self)
Policy saved to res://training/orchestrator/worker_r4_i2.json  (generation 3, trained_matches 6250)
