Godot Engine v4.6.2.stable.official.71f334935 - https://godotengine.org

[trainer] seed=15004 matches=250 opponent=self eval=false out=res://training/orchestrator/worker_r1_i4.json checkpoint=(fresh)
[authored] loaded 1 authored character(s)
Applying bleed effect! Checking special code
Applying bleed effect! Checking special code
Applying bleed effect! Checking special code
[   1/250 ] LOSS   23 turns   jeanne, tsubaki, denji  vs  hinata, edward, meliodas
Applying bleed effect! Checking special code
Applying bleed effect! Checking special code
Applying bleed effect! Checking special code
Applying bleed effect! Checking special code
[   2/250 ] WIN    24 turns   ichibe, toph, jupiter  vs  mash, denji, jesse
[   3/250 ] LOSS   13 turns   gasai, sukuna, hinata  vs  nonon, gunha, erza
[   4/250 ] LOSS   30 turns   chrome, tanjiro, allmight  vs  toudou, uranus, saturn
[   5/250 ] LOSS   15 turns   omnimon, horohoro, kid  vs  tatsumi, todoroki, megumin
[   6/250 ] LOSS   18 turns   sukuna, marco, byakuya  vs  madoka, adam, kurotsuchi
[   7/250 ] LOSS   19 turns   nezuko, naruto, vegeta  vs  ryohei, maka, shinra
[   8/250 ] WIN    19 turns   emiyaarcher, ichibe, rob  vs  impmon, allmight, tsubaki
[   9/250 ] WIN    25 turns   jinwoo, tokoyami, ban  vs  mars, satsuki, nimaiya
[  10/250 ] LOSS   23 turns   hashirama, tsubasa, gallantmon  vs  chrome, kurapika, gray
Applying bleed effect! Checking special code
Applying bleed effect! Checking special code
[  11/250 ] WIN    22 turns   nonon, denji, ryohei  vs  chrome, sasuke, shinoa
[  12/250 ] LOSS   23 turns   alphamon, sayaka, kuroko  vs  blackstar, hashirama, tatsumaki
[  13/250 ] LOSS   16 turns   blackstar, hinata, byakuya  vs  genos, gon, lucy
[  14/250 ] LOSS   22 turns   frankenstein, nagisa, toph  vs  mikasa, aang, itachi
[  15/250 ] WIN    23 turns   impmon, yamamoto, saturn  vs  tokoyami, ichibe, lizandpatty
Applying bleed effect! Checking special code
Applying bleed effect! Checking special code
Applying bleed effect! Checking special code
[  16/250 ] LOSS   27 turns   lizandpatty, rengoku, kurotsuchi  vs  gohan, ace, nel
[  17/250 ] LOSS   27 turns   frankenstein, shinra, ban  vs  squalo, maka, zenitsu
[  18/250 ] WIN    21 turns   neferpitou, semiramis, zenitsu  vs  hibari, frieren, hinata
[  19/250 ] LOSS   21 turns   hisoka, killua, mercury  vs  kurotsuchi, hinata, hibari
[  20/250 ] LOSS   12 turns   gilgamesh, todoroki, myotismon  vs  alphamon, meliodas, korra
Applying bleed effect! Checking special code
Applying bleed effect! Checking special code
Applying bleed effect! Checking special code
[  21/250 ] WIN    14 turns   gilgamesh, hisoka, jupiter  vs  ladydevimon, power, sakura
[  22/250 ] WIN    30 turns   sasuke, cooler, toudou  vs  uzui, gogeta, nel
[  23/250 ] LOSS   20 turns   zenitsu, kitara, xanxus  vs  lizandpatty, cell, aiohto
[  24/250 ] LOSS   17 turns   levi, sakura, diane  vs  nezuko, uranus, jack
[  25/250 ] LOSS   17 turns   goku, rakko, tsuyu  vs  tanjiro, neferpitou, shinoa
[  26/250 ] WIN    14 turns   astolfo, hinata, ladydevimon  vs  nimaiya, ryuko, emiyaarcher
Applying bleed effect! Checking special code
[  27/250 ] WIN    16 turns   saitama, kuroko, lizandpatty  vs  frieren, allmight, denji
[  28/250 ] WIN    22 turns   shiro, inosuke, megumi  vs  boruto, koro, ban
[  29/250 ] WIN    18 turns   yuno, shiro, soul  vs  edward, astolfo, alphamon
[  30/250 ] WIN    22 turns   kurapika, alphonse, saber  vs  machinedramon, hinata, arthur
Applying bleed effect! Checking special code
[  31/250 ] LOSS   18 turns   diane, edward, hinata  vs  ryuko, yamamoto, levi
Applying bleed effect! Checking special code
Applying bleed effect! Checking special code
Applying bleed effect! Checking special code
Applying bleed effect! Checking special code
Applying bleed effect! Checking special code
Applying bleed effect! Checking special code
[  32/250 ] LOSS   17 turns   jeanne, chrome, squalo  vs  rakko, frankenstein, pegasus
Applying bleed effect! Checking special code
Applying bleed effect! Checking special code
[  33/250 ] WIN    17 turns   ace, renamon, kuroko  vs  power, lyserg, gilgamesh
[  34/250 ] LOSS   27 turns   madoka, sheele, mercury  vs  usopp, shinra, tatsumaki
Applying bleed effect! Checking special code
Applying bleed effect! Checking special code
Applying bleed effect! Checking special code
Applying bleed effect! Checking special code
[  35/250 ] WIN    18 turns   mikasa, vegeta, rengoku  vs  zoro, venus, hibari
[  36/250 ] WIN    30 turns   ryuko, ichibe, nagisa  vs  levi, boruto, maka
[  37/250 ] LOSS   42 turns   uzui, saber, jeanne  vs  tsuyu, lucy, venus
[  38/250 ] WIN    32 turns   ryuko, orihime, gray  vs  noelle, sheele, tatsumaki
[  39/250 ] LOSS   26 turns   hinata, noelle, tsubaki  vs  toph, frieren, kid
[  40/250 ] WIN    18 turns   gasai, genos, gray  vs  noelle, mash, tsubaki
[  41/250 ] WIN    31 turns   saturn, nagisa, diane  vs  rimuru, misaka, ace
[  42/250 ] WIN    23 turns   kurotsuchi, aang, kaiba  vs  erza, yamamoto, asta
Applying bleed effect! Checking special code
Applying bleed effect! Checking special code
[  43/250 ] LOSS   16 turns   hisoka, venus, power  vs  edward, yubel, nagisa
Applying bleed effect! Checking special code
[  44/250 ] LOSS   31 turns   megumi, death, mikasa  vs  emiyaarcher, genos, inosuke
[  45/250 ] WIN    20 turns   jupiter, zoro, impmon  vs  tokoyami, toudou, gilgamesh
[  46/250 ] WIN    30 turns   marco, neferpitou, kurotsuchi  vs  sukuna, mercury, tatsumi
[  47/250 ] LOSS   22 turns   uraraka, sukuna, shiro  vs  cell, kuroko, lucy
[  48/250 ] LOSS   23 turns   hashirama, tatsumaki, kitara  vs  nezuko, todoroki, shinra
[  49/250 ] WIN    32 turns   muichiro, crona, touka  vs  kurapika, korra, soul
[  50/250 ] LOSS   30 turns   genos, tokoyami, zoro  vs  rob, zenitsu, yamamoto
[  51/250 ] LOSS   19 turns   jack, mash, kurotsuchi  vs  tsunayoshi, emiyaarcher, semiramis
[  52/250 ] LOSS   50 turns   saber, veldora, xanxus  vs  ryuko, hisoka, semiramis
[  53/250 ] LOSS   18 turns   jupiter, veldora, astolfo  vs  hashirama, megumin, mavis
[  54/250 ] LOSS   38 turns   xanxus, rob, shinoa  vs  yuno, toga, mine
[  55/250 ] WIN    23 turns   death, usopp, jaden  vs  akame, arthur, nonon
[  56/250 ] LOSS   14 turns   tokoyami, allmight, kid  vs  maka, uranus, hashirama
[  57/250 ] LOSS   30 turns   tanjiro, pegasus, rob  vs  nagisa, shinra, tatsumaki
[  58/250 ] WIN   109 turns   kitara, tsubasa, tsunayoshi  vs  usopp, misaka, madoka
[  59/250 ] WIN    40 turns   renamon, mash, neferpitou  vs  nimaiya, mikasa, hibari
[  60/250 ] WIN    20 turns   frankenstein, tsubasa, omnimon  vs  allmight, gilgamesh, venus
Applying bleed effect! Checking special code
Applying bleed effect! Checking special code
Applying bleed effect! Checking special code
Applying bleed effect! Checking special code
Applying bleed effect! Checking special code
[  61/250 ] WIN    31 turns   power, venus, nagisa  vs  nimaiya, satsuki, orihime
Applying bleed effect! Checking special code
Applying bleed effect! Checking special code
Applying bleed effect! Checking special code
[  62/250 ] WIN    24 turns   denji, uzui, toga  vs  mine, adam, kaiba
[  63/250 ] WIN    35 turns   death, gon, gray  vs  blackwargreymon, veldora, meliodas
[  64/250 ] WIN    43 turns   minene, alphonse, mikasa  vs  hisoka, lizandpatty, satsuki
Applying bleed effect! Checking special code
Applying bleed effect! Checking special code
Applying bleed effect! Checking special code
Applying bleed effect! Checking special code
Applying bleed effect! Checking special code
Applying bleed effect! Checking special code
Applying bleed effect! Checking special code
[  65/250 ] WIN    28 turns   ladydevimon, ken, omnimon  vs  tsubaki, arthur, sakura
[  66/250 ] WIN    23 turns   tsubaki, toji, neferpitou  vs  korra, sayaka, akame
[  67/250 ] WIN    19 turns   semiramis, kuroko, gray  vs  yuno, squalo, venus
[  68/250 ] LOSS   25 turns   rimuru, gohan, nezuko  vs  semiramis, gojo, cooler
Yubel's S1 Triggered!
Yubel's S1 Triggered!
[  69/250 ] WIN    26 turns   alphonse, gray, yubel  vs  ryohei, blackstar, tsuyu
[  70/250 ] WIN    27 turns   gohan, satsuki, yamamoto  vs  gunha, toga, minene
[  71/250 ] WIN    38 turns   esdeath, yuji, kid  vs  minene, shokuhou, tsunayoshi
[  72/250 ] WIN    27 turns   impmon, natsu, chrome  vs  myotismon, emiya, gallantmon
[  73/250 ] WIN    25 turns   jaden, kurotsuchi, jinwoo  vs  korra, gasai, levi
Applying bleed effect! Checking special code
Applying bleed effect! Checking special code
Applying bleed effect! Checking special code
Applying bleed effect! Checking special code
Applying bleed effect! Checking special code
Applying bleed effect! Checking special code
Applying bleed effect! Checking special code
Applying bleed effect! Checking special code
Applying bleed effect! Checking special code
[  74/250 ] LOSS   18 turns   asta, madoka, uranus  vs  king, ken, yamamoto
[  75/250 ] WIN    25 turns   mine, yamamoto, kurotsuchi  vs  bakugo, arthur, jack
[  76/250 ] LOSS   30 turns   uranus, luffy, tsubasa  vs  erza, arthur, jaden
[  77/250 ] WIN    35 turns   gray, akame, shiro  vs  arthur, toudou, tokoyami
[  78/250 ] LOSS   21 turns   cell, gon, saturn  vs  jaden, mavis, levi
[  79/250 ] LOSS   34 turns   shinra, adam, nimaiya  vs  nel, uzui, hawkmon
[  80/250 ] WIN    48 turns   sheele, ace, jaden  vs  lucy, kurapika, halibel
[  81/250 ] LOSS   45 turns   shokuhou, gojo, gallantmon  vs  lizandpatty, alphonse, ichibe
[  82/250 ] WIN    41 turns   yuji, alphamon, adam  vs  gilgamesh, ban, xanxus
[  83/250 ] WIN    31 turns   yoh, hibari, mine  vs  nimaiya, natsu, touka
[  84/250 ] LOSS   45 turns   nonon, tatsumaki, touka  vs  yoh, allmight, myotismon
[  85/250 ] WIN    27 turns   shinra, chrome, gasai  vs  gatomon, korra, mash
[  86/250 ] LOSS   18 turns   yuno, natsu, mami  vs  gilgamesh, renamon, astolfo
Applying bleed effect! Checking special code
Applying bleed effect! Checking special code
Applying bleed effect! Checking special code
Applying bleed effect! Checking special code
[  87/250 ] WIN    39 turns   hinata, rengoku, neferpitou  vs  jupiter, emiyaarcher, rob
[  88/250 ] WIN    27 turns   genos, madoka, muichiro  vs  venus, uraraka, shinoa
[  89/250 ] WIN    25 turns   ladydevimon, nagisa, arthur  vs  sakura, toph, horohoro
Applying bleed effect! Checking special code
Applying bleed effect! Checking special code
Applying bleed effect! Checking special code
Applying bleed effect! Checking special code
[  90/250 ] WIN    19 turns   gohan, king, ryohei  vs  jupiter, nagisa, jesse
Applying bleed effect! Checking special code
Applying bleed effect! Checking special code
Applying bleed effect! Checking special code
[  91/250 ] WIN    21 turns   jack, denji, lyserg  vs  mine, eren, tsuyu
Applying bleed effect! Checking special code
Applying bleed effect! Checking special code
Applying bleed effect! Checking special code
Applying bleed effect! Checking special code
Applying bleed effect! Checking special code
Applying bleed effect! Checking special code
[  92/250 ] LOSS   23 turns   mercury, cell, saturn  vs  bakugo, rakko, tokoyami
[  93/250 ] WIN    20 turns   jack, lucy, veldora  vs  mars, hibari, yamamoto
[  94/250 ] WIN    30 turns   gilgamesh, tamaki, killua  vs  crona, jeanne, emiya
[  95/250 ] LOSS   35 turns   lizandpatty, natsu, jeanne  vs  bakugo, gatomon, noelle
Applying bleed effect! Checking special code
Applying bleed effect! Checking special code
Applying bleed effect! Checking special code
Applying bleed effect! Checking special code
Applying bleed effect! Checking special code
Applying bleed effect! Checking special code
Applying bleed effect! Checking special code
Applying bleed effect! Checking special code
[  96/250 ] LOSS   20 turns   mami, squalo, ichigo  vs  emiyaarcher, levi, rakko
[  97/250 ] WIN    39 turns   yamamoto, hinata, naruto  vs  nimaiya, halibel, frieren
[  98/250 ] LOSS   29 turns   kaiba, hisoka, usopp  vs  lyserg, nel, jaden
[  99/250 ] LOSS   21 turns   machinedramon, toga, blackwargreymon  vs  jeanne, meliodas, chrome
[ 100/250 ] WIN    24 turns   tamaki, goku, kaiba  vs  gunha, shokuhou, shinoa
[ 101/250 ] LOSS   34 turns   halibel, hisoka, death  vs  machinedramon, sheele, jinwoo
[ 102/250 ] LOSS   30 turns   yuji, seventeen, saitama  vs  gohan, toga, rob
[ 103/250 ] LOSS   38 turns   levi, alphonse, madoka  vs  ladydevimon, lyserg, misaka
[ 104/250 ] LOSS   40 turns   inuyasha, shokuhou, saber  vs  madoka, edward, koro
Applying bleed effect! Checking special code
Applying bleed effect! Checking special code
[ 105/250 ] WIN    31 turns   frankenstein, shokuhou, nagisa  vs  omnimon, genos, inosuke
Applying bleed effect! Checking special code
Applying bleed effect! Checking special code
Applying bleed effect! Checking special code
Applying bleed effect! Checking special code
[ 106/250 ] LOSS   40 turns   gilgamesh, king, xanxus  vs  tsunayoshi, tsubaki, myotismon
[ 107/250 ] WIN    24 turns   vegeta, alphamon, mavis  vs  neferpitou, jupiter, saturn
[ 108/250 ] LOSS   30 turns   megumin, tsuyu, renamon  vs  tokoyami, saber, alphonse
[ 109/250 ] WIN    29 turns   semiramis, nobara, hashirama  vs  yamamoto, mercury, nimaiya
[ 110/250 ] LOSS   24 turns   rob, arthur, nonon  vs  gray, lucy, toji
Applying bleed effect! Checking special code
Applying bleed effect! Checking special code
Applying bleed effect! Checking special code
Applying bleed effect! Checking special code
Applying bleed effect! Checking special code
Applying bleed effect! Checking special code
Applying bleed effect! Checking special code
[ 111/250 ] LOSS   22 turns   chrome, jesse, emiya  vs  ken, eren, omnimon
[ 112/250 ] LOSS   62 turns   kurapika, rimuru, goku  vs  yoh, ryuko, saturn
[ 113/250 ] LOSS   39 turns   soul, korra, goku  vs  hashirama, kitara, tanjiro
[ 114/250 ] WIN    28 turns   natsu, gojo, zoro  vs  ganta, mercury, tsuyu
Applying bleed effect! Checking special code
Applying bleed effect! Checking special code
Applying bleed effect! Checking special code
[ 115/250 ] WIN    40 turns   toudou, tsuyu, nagisa  vs  omnimon, arthur, rengoku
[ 116/250 ] LOSS  209 turns   orihime, venus, inuyasha  vs  korra, killua, gatomon
[ 117/250 ] LOSS   60 turns   xanxus, goku, nezuko  vs  aiohto, gojo, koro
[ 118/250 ] LOSS   46 turns   koro, gogeta, tatsumi  vs  gunha, tsubaki, ichibe
[ 119/250 ] WIN    40 turns   noelle, naruto, midoriya  vs  shokuhou, aang, cell
[ 120/250 ] LOSS   20 turns   boruto, ban, uranus  vs  veldora, hinata, gilgamesh
[ 121/250 ] LOSS   36 turns   noelle, gallantmon, misaka  vs  gray, inuyasha, yoh
Applying bleed effect! Checking special code
Applying bleed effect! Checking special code
Applying bleed effect! Checking special code
Applying bleed effect! Checking special code
[ 122/250 ] WIN    35 turns   gon, ryohei, saturn  vs  death, denji, cell
[ 123/250 ] LOSS   61 turns   gunha, tsubaki, saturn  vs  ichigo, minene, mami
[ 124/250 ] WIN    36 turns   boruto, ichigo, kitara  vs  toga, hawkmon, denji
[ 125/250 ] WIN    21 turns   ryuko, diane, emiyaarcher  vs  korra, allmight, meliodas
Applying bleed effect! Checking special code
Applying bleed effect! Checking special code
Applying bleed effect! Checking special code
Applying bleed effect! Checking special code
Applying bleed effect! Checking special code
Applying bleed effect! Checking special code
[ 126/250 ] LOSS   20 turns   death, seventeen, nobara  vs  rakko, frankenstein, chrome
[ 127/250 ] WIN    18 turns   uzui, satsuki, madoka  vs  usopp, alphamon, lyserg
[ 128/250 ] LOSS   37 turns   akame, meliodas, touka  vs  misaka, boruto, mavis
[ 129/250 ] LOSS   45 turns   emiyaarcher, noelle, frieren  vs  kid, hisoka, astolfo
[ 130/250 ] WIN    20 turns   shinra, gojo, veldora  vs  toga, mami, edward
Applying bleed effect! Checking special code
Applying bleed effect! Checking special code
[ 131/250 ] LOSS   41 turns   ladydevimon, muichiro, tsubasa  vs  rengoku, killua, gallantmon
[ 132/250 ] WIN    24 turns   blackstar, gunha, ichibe  vs  venus, uranus, minene
[ 133/250 ] LOSS   32 turns   broly, rimuru, gojo  vs  uzui, jaden, seventeen
[ 134/250 ] LOSS   23 turns   byakuya, midoriya, megumi  vs  jaden, cell, saitama
[ 135/250 ] DRAW  500 turns   ban, jesse, nimaiya  vs  hinata, bakugo, asta
[ 136/250 ] LOSS   19 turns   noelle, jack, maka  vs  sheele, satsuki, ladydevimon
[ 137/250 ] WIN    48 turns   hisoka, mercury, minene  vs  lizandpatty, sheele, gojo
[ 138/250 ] LOSS   51 turns   ichigo, toji, frieren  vs  kitara, semiramis, yoh
[ 139/250 ] WIN    43 turns   jupiter, sheele, yoh  vs  ganta, hinata, madoka
[ 140/250 ] LOSS   34 turns   yoh, rob, kitara  vs  lyserg, blackwargreymon, uzui
Applying bleed effect! Checking special code
Applying bleed effect! Checking special code
Applying bleed effect! Checking special code
Applying bleed effect! Checking special code
Applying bleed effect! Checking special code
Applying bleed effect! Checking special code
Applying bleed effect! Checking special code
Applying bleed effect! Checking special code
Applying bleed effect! Checking special code
[ 141/250 ] WIN    30 turns   rakko, nagisa, tokoyami  vs  death, tatsumi, alphonse
[ 142/250 ] WIN    25 turns   kurapika, mikasa, vegeta  vs  blackstar, nobara, xanxus
[ 143/250 ] LOSS   32 turns   horohoro, saber, misaka  vs  shinoa, ichigo, omnimon
Applying bleed effect! Checking special code
Applying bleed effect! Checking special code
Applying bleed effect! Checking special code
Applying bleed effect! Checking special code
Applying bleed effect! Checking special code
Applying bleed effect! Checking special code
Applying bleed effect! Checking special code
Applying bleed effect! Checking special code
Applying bleed effect! Checking special code
Applying bleed effect! Checking special code
[ 144/250 ] WIN    23 turns   ladydevimon, koro, semiramis  vs  king, xanxus, mavis
[ 145/250 ] WIN    27 turns   noelle, alphonse, jack  vs  korra, uranus, blackwargreymon
[ 146/250 ] LOSS   17 turns   hisoka, jupiter, broly  vs  meliodas, mavis, pegasus
[ 147/250 ] WIN    32 turns   yuji, nobara, yoh  vs  venus, esdeath, muichiro
[ 148/250 ] LOSS   26 turns   eren, jinwoo, broly  vs  genos, alphamon, squalo
[ 149/250 ] WIN    38 turns   toji, saturn, meliodas  vs  yuji, nimaiya, gallantmon
[ 150/250 ] LOSS   25 turns   zenitsu, yugi, neferpitou  vs  jesse, semiramis, mercury
[ 151/250 ] WIN    23 turns   gojo, crona, alphamon  vs  jupiter, genos, midoriya
Applying bleed effect! Checking special code
Applying bleed effect! Checking special code
[ 152/250 ] WIN    78 turns   adam, jesse, kuroko  vs  yamamoto, chrome, diane
[ 153/250 ] WIN    16 turns   aiohto, jack, asta  vs  ganta, emiyaarcher, bakugo
[ 154/250 ] WIN    70 turns   yamamoto, shokuhou, ladydevimon  vs  edward, tsuyu, orihime
Applying bleed effect! Checking special code
Applying bleed effect! Checking special code
Applying bleed effect! Checking special code
Applying bleed effect! Checking special code
[ 155/250 ] WIN    20 turns   madoka, rakko, chrome  vs  yugi, crona, alphamon
[ 156/250 ] WIN    16 turns   gon, erza, machinedramon  vs  myotismon, xanxus, levi
[ 157/250 ] LOSS   50 turns   crona, nonon, mine  vs  levi, sheele, kitara
[ 158/250 ] LOSS   36 turns   nel, megumi, ace  vs  erza, orihime, toga
[ 159/250 ] LOSS   28 turns   shinoa, gon, maka  vs  machinedramon, madoka, jinwoo
[ 160/250 ] WIN    25 turns   jaden, cooler, cell  vs  gallantmon, madoka, mercury
[ 161/250 ] WIN    24 turns   asta, eren, kurotsuchi  vs  mine, yuno, megumin
[ 162/250 ] WIN    18 turns   shinra, shinoa, zenitsu  vs  tsubasa, omnimon, yugi
[ 163/250 ] WIN    37 turns   sukuna, zoro, toji  vs  goku, astolfo, tsuyu
[ 164/250 ] LOSS   24 turns   tsubasa, zoro, sakura  vs  mercury, mavis, broly
[ 165/250 ] WIN    36 turns   goku, tsubaki, renamon  vs  jaden, veldora, inuyasha
Applying bleed effect! Checking special code
Applying bleed effect! Checking special code
Applying bleed effect! Checking special code
[ 166/250 ] WIN    27 turns   gon, nel, gunha  vs  koro, denji, kuroko
[ 167/250 ] WIN    22 turns   natsu, mash, byakuya  vs  omnimon, kitara, nobara
[ 168/250 ] LOSS   40 turns   adam, marco, kaiba  vs  gilgamesh, astolfo, zoro
[ 169/250 ] DRAW  500 turns   yubel, shiro, veldora  vs  allmight, cell, marco
[ 170/250 ] LOSS   33 turns   misaka, megumi, frankenstein  vs  yuno, mars, satsuki
Applying bleed effect! Checking special code
Applying bleed effect! Checking special code
Applying bleed effect! Checking special code
Applying bleed effect! Checking special code
Applying bleed effect! Checking special code
[ 171/250 ] WIN    30 turns   diane, rengoku, luffy  vs  tanjiro, sasuke, boruto
Applying bleed effect! Checking special code
Applying bleed effect! Checking special code
[ 172/250 ] WIN    19 turns   denji, genos, byakuya  vs  saturn, blackstar, seventeen
[ 173/250 ] WIN    22 turns   natsu, renamon, toga  vs  toph, gunha, halibel
[ 174/250 ] LOSS   34 turns   mash, kid, gilgamesh  vs  sukuna, myotismon, emiya
Applying bleed effect! Checking special code
Applying bleed effect! Checking special code
Applying bleed effect! Checking special code
[ 175/250 ] WIN    29 turns   tamaki, power, sukuna  vs  koro, orihime, soul
[ 176/250 ] WIN    23 turns   satsuki, luffy, semiramis  vs  kid, megumin, yugi
[ 177/250 ] LOSS   19 turns   yugi, gohan, ryohei  vs  shinra, alphonse, gray
[ 178/250 ] LOSS   44 turns   gray, eren, ganta  vs  ichibe, erza, jinwoo
Applying bleed effect! Checking special code
Applying bleed effect! Checking special code
Applying bleed effect! Checking special code
Applying bleed effect! Checking special code
Applying bleed effect! Checking special code
Applying bleed effect! Checking special code
Applying bleed effect! Checking special code
[ 179/250 ] LOSS   40 turns   squalo, lyserg, koro  vs  rakko, esdeath, emiya
[ 180/250 ] LOSS   24 turns   nel, lucy, shokuhou  vs  venus, gatomon, toudou
[ 181/250 ] LOSS   34 turns   adam, tatsumaki, ichigo  vs  tanjiro, crona, kid
[ 182/250 ] LOSS   16 turns   touka, jack, frankenstein  vs  mine, byakuya, eren
[ 183/250 ] LOSS   31 turns   genos, crona, arthur  vs  jeanne, nagisa, natsu
Applying bleed effect! Checking special code
Applying bleed effect! Checking special code
Applying bleed effect! Checking special code
Applying bleed effect! Checking special code
Applying bleed effect! Checking special code
[ 184/250 ] WIN    22 turns   toji, gogeta, semiramis  vs  rakko, mine, squalo
[ 185/250 ] WIN    30 turns   jesse, zenitsu, mavis  vs  hinata, hisoka, cell
[ 186/250 ] LOSS   78 turns   lyserg, edward, hashirama  vs  arthur, blackwargreymon, akame
[ 187/250 ] LOSS   37 turns   sukuna, levi, esdeath  vs  killua, aiohto, marco
[ 188/250 ] LOSS   26 turns   shiro, mine, yoh  vs  shinra, ryohei, yuno
[ 189/250 ] LOSS   36 turns   death, misaka, muichiro  vs  semiramis, halibel, tatsumi
[ 190/250 ] LOSS   21 turns   frankenstein, semiramis, midoriya  vs  diane, sukuna, yugi
[ 191/250 ] LOSS   35 turns   muichiro, nel, soul  vs  crona, machinedramon, tamaki
Applying bleed effect! Checking special code
Applying bleed effect! Checking special code
Applying bleed effect! Checking special code
Applying bleed effect! Checking special code
Applying bleed effect! Checking special code
Applying bleed effect! Checking special code
Applying bleed effect! Checking special code
Applying bleed effect! Checking special code
[ 192/250 ] LOSS   17 turns   gon, natsu, semiramis  vs  tanjiro, ken, alphonse
[ 193/250 ] LOSS   21 turns   shokuhou, rimuru, uraraka  vs  impmon, vegeta, alphonse
[ 194/250 ] WIN    40 turns   cell, toga, halibel  vs  astolfo, toph, veldora
[ 195/250 ] LOSS   32 turns   impmon, natsu, esdeath  vs  saber, broly, sayaka
[ 196/250 ] WIN    31 turns   mash, nagisa, inosuke  vs  gallantmon, yoh, byakuya
[ 197/250 ] LOSS   26 turns   renamon, gon, squalo  vs  nagisa, allmight, ryuko
[ 198/250 ] LOSS   20 turns   uranus, tatsumi, zenitsu  vs  renamon, blackstar, ladydevimon
[ 199/250 ] LOSS   18 turns   saitama, mash, adam  vs  jaden, astolfo, jinwoo
Applying bleed effect! Checking special code
Applying bleed effect! Checking special code
[ 200/250 ] LOSS   46 turns   diane, inosuke, tamaki  vs  bakugo, luffy, lucy
[ 201/250 ] WIN    29 turns   zenitsu, ichigo, mash  vs  ace, kid, edward
[ 202/250 ] LOSS   24 turns   mami, jesse, lyserg  vs  ryuko, cooler, todoroki
[ 203/250 ] LOSS   77 turns   gogeta, uraraka, minene  vs  inuyasha, satsuki, ban
[ 204/250 ] LOSS   23 turns   itachi, lizandpatty, toga  vs  gray, semiramis, yamamoto
[ 205/250 ] WIN    25 turns   shinra, shiro, kitara  vs  squalo, cell, tokoyami
[ 206/250 ] LOSS   37 turns   maka, ichibe, bakugo  vs  nonon, emiyaarcher, hawkmon
Applying bleed effect! Checking special code
Applying bleed effect! Checking special code
Applying bleed effect! Checking special code
Applying bleed effect! Checking special code
Applying bleed effect! Checking special code
[ 207/250 ] WIN    55 turns   broly, orihime, king  vs  chrome, nonon, saitama
[ 208/250 ] LOSS   30 turns   nezuko, megumi, hashirama  vs  neferpitou, lizandpatty, aang
Applying bleed effect! Checking special code
Applying bleed effect! Checking special code
Applying bleed effect! Checking special code
Applying bleed effect! Checking special code
[ 209/250 ] LOSS   49 turns   omnimon, sheele, misaka  vs  veldora, power, jinwoo
[ 210/250 ] LOSS   15 turns   hashirama, genos, sukuna  vs  alphonse, halibel, asta
[ 211/250 ] WIN    32 turns   frieren, saitama, megumin  vs  jupiter, kid, uranus
[ 212/250 ] WIN    34 turns   tatsumi, boruto, hashirama  vs  gogeta, mavis, tsuyu
[ 213/250 ] WIN    22 turns   kurotsuchi, frieren, kuroko  vs  myotismon, semiramis, asta
[ 214/250 ] WIN    48 turns   nezuko, mash, uzui  vs  death, astolfo, maka
[ 215/250 ] LOSS   39 turns   jesse, madoka, zoro  vs  ladydevimon, gilgamesh, misaka
[ 216/250 ] WIN    33 turns   saber, gray, jack  vs  astolfo, esdeath, shinoa
[ 217/250 ] WIN    60 turns   megumi, saturn, myotismon  vs  hashirama, touka, gilgamesh
[ 218/250 ] LOSS   32 turns   zoro, tatsumaki, nezuko  vs  semiramis, renamon, gogeta
[ 219/250 ] WIN    18 turns   byakuya, lucy, shinra  vs  jeanne, gunha, ichibe
Applying bleed effect! Checking special code
Applying bleed effect! Checking special code
[ 220/250 ] LOSS   25 turns   jack, todoroki, saturn  vs  power, emiya, gohan
[ 221/250 ] LOSS   23 turns   zenitsu, adam, yamamoto  vs  kurotsuchi, tanjiro, jack
[ 222/250 ] WIN    25 turns   vegeta, yamamoto, halibel  vs  gallantmon, sakura, renamon
[ 223/250 ] WIN    40 turns   naruto, ryohei, kurotsuchi  vs  alphamon, rob, jupiter
[ 224/250 ] WIN    35 turns   venus, mercury, mavis  vs  jinwoo, lucy, tatsumaki
[ 225/250 ] WIN    29 turns   goku, semiramis, hisoka  vs  lucy, blackstar, akame
Yubel's S1 Triggered!
Yubel's S1 Triggered!
Yubel's S1 Triggered!
[ 226/250 ] LOSS   60 turns   yubel, megumin, esdeath  vs  lizandpatty, itachi, gasai
Yubel's S1 Triggered!
Yubel's S1 Triggered!
[ 227/250 ] LOSS   20 turns   kid, mars, horohoro  vs  yubel, touka, myotismon
[ 228/250 ] WIN    23 turns   gray, halibel, nagisa  vs  mine, marco, yoh
[ 229/250 ] WIN    23 turns   blackstar, mercury, mavis  vs  rob, shiro, saturn
Applying bleed effect! Checking special code
Applying bleed effect! Checking special code
Applying bleed effect! Checking special code
[ 230/250 ] WIN    28 turns   inosuke, kurotsuchi, hibari  vs  venus, kaiba, esdeath
[ 231/250 ] LOSS   21 turns   impmon, muichiro, koro  vs  mavis, horohoro, mikasa
[ 232/250 ] DRAW  500 turns   inosuke, kitara, ryuko  vs  jeanne, allmight, yuji
[ 233/250 ] WIN    23 turns   ace, eren, nagisa  vs  minene, shokuhou, tatsumi
Applying bleed effect! Checking special code
[ 234/250 ] LOSS  144 turns   gojo, marco, mercury  vs  minene, tatsumaki, rengoku
[ 235/250 ] WIN   118 turns   venus, nezuko, mami  vs  muichiro, tatsumaki, emiya
Applying bleed effect! Checking special code
[ 236/250 ] WIN    38 turns   rengoku, mercury, yoh  vs  machinedramon, tsubasa, allmight
[ 237/250 ] LOSS   26 turns   emiyaarcher, jupiter, shokuhou  vs  soul, veldora, zoro
Applying bleed effect! Checking special code
Applying bleed effect! Checking special code
Applying bleed effect! Checking special code
[ 238/250 ] WIN    25 turns   denji, rengoku, gray  vs  machinedramon, minene, blackwargreymon
[ 239/250 ] WIN    19 turns   meliodas, tsunayoshi, frieren  vs  gojo, hisoka, koro
[ 240/250 ] WIN    43 turns   adam, luffy, mash  vs  shokuhou, orihime, blackwargreymon
[ 241/250 ] LOSS   31 turns   hawkmon, pegasus, crona  vs  zenitsu, blackwargreymon, bakugo
[ 242/250 ] WIN    34 turns   hashirama, inuyasha, astolfo  vs  jesse, bakugo, venus
Applying bleed effect! Checking special code
[ 243/250 ] WIN    20 turns   renamon, bakugo, kurotsuchi  vs  diane, inuyasha, frieren
[ 244/250 ] LOSS   19 turns   tokoyami, pegasus, frieren  vs  uranus, ladydevimon, tsunayoshi
[ 245/250 ] WIN    30 turns   ladydevimon, koro, mavis  vs  myotismon, toudou, sasuke
[ 246/250 ] WIN    30 turns   inuyasha, tsubaki, neferpitou  vs  mine, todoroki, natsu
[ 247/250 ] LOSS   31 turns   emiyaarcher, goku, tsubaki  vs  mercury, mine, rimuru
[ 248/250 ] LOSS   48 turns   jesse, frieren, cooler  vs  meliodas, ichibe, saber
Applying bleed effect! Checking special code
Applying bleed effect! Checking special code
Applying bleed effect! Checking special code
Applying bleed effect! Checking special code
Applying bleed effect! Checking special code
[ 249/250 ] WIN    27 turns   naruto, nagisa, king  vs  erza, midoriya, natsu
[ 250/250 ] LOSS   60 turns   nobara, mikasa, orihime  vs  venus, halibel, tatsumaki
=== TRAINER RUN COMPLETE ===
Matches: 250   W: 124   L: 123   D: 3   Win: 49.6%   (opponent: self)
Policy saved to res://training/orchestrator/worker_r1_i4.json  (generation 0, trained_matches 250)
