Godot Engine v4.6.2.stable.official.71f334935 - https://godotengine.org

[trainer] seed=35001 matches=250 opponent=self eval=false out=res://training/orchestrator/worker_r3_i1.json checkpoint=res://training/checkpoints/gen_2.json
[authored] loaded 1 authored character(s)
[   1/250 ] WIN    16 turns   mine, myotismon, blackwargreymon  vs  todoroki, mami, chrome
[   2/250 ] WIN    29 turns   frieren, tsunayoshi, bakugo  vs  gilgamesh, zenitsu, toji
[   3/250 ] WIN    16 turns   uraraka, hibari, jupiter  vs  ichigo, madoka, mami
[   4/250 ] LOSS   21 turns   zenitsu, ban, ryuko  vs  gojo, bakugo, jack
Applying bleed effect! Checking special code
[   5/250 ] WIN    17 turns   zoro, bakugo, erza  vs  inuyasha, aang, denji
[   6/250 ] LOSS   14 turns   ace, tatsumi, byakuya  vs  satsuki, yugi, jaden
[   7/250 ] LOSS   18 turns   jeanne, tatsumaki, sayaka  vs  misaka, aiohto, venus
[   8/250 ] WIN    22 turns   rimuru, frankenstein, kuroko  vs  orihime, tamaki, hawkmon
[   9/250 ] WIN    24 turns   kuroko, inuyasha, ban  vs  megumi, jupiter, natsu
[  10/250 ] WIN    13 turns   mavis, sukuna, neferpitou  vs  ryohei, tamaki, squalo
Applying bleed effect! Checking special code
Applying bleed effect! Checking special code
Applying bleed effect! Checking special code
Applying bleed effect! Checking special code
Applying bleed effect! Checking special code
Applying bleed effect! Checking special code
Applying bleed effect! Checking special code
Applying bleed effect! Checking special code
Applying bleed effect! Checking special code
[  11/250 ] WIN    40 turns   gohan, ken, edward  vs  tsubasa, levi, marco
Yubel's S1 Triggered!
Yubel's S1 Triggered!
[  12/250 ] LOSS   22 turns   minene, kurotsuchi, jesse  vs  yubel, rimuru, toph
[  13/250 ] WIN    24 turns   power, sukuna, itachi  vs  kurapika, maka, byakuya
Applying bleed effect! Checking special code
Applying bleed effect! Checking special code
Applying bleed effect! Checking special code
Applying bleed effect! Checking special code
Applying bleed effect! Checking special code
Applying bleed effect! Checking special code
Applying bleed effect! Checking special code
[  14/250 ] LOSS   23 turns   king, korra, misaka  vs  seventeen, xanxus, yubel
[  15/250 ] WIN    32 turns   eren, luffy, ban  vs  nel, sasuke, mars
[  16/250 ] WIN    35 turns   kitara, zoro, noelle  vs  boruto, omnimon, minene
[  17/250 ] LOSS   25 turns   venus, shinra, tamaki  vs  gojo, gilgamesh, orihime
Applying bleed effect! Checking special code
Applying bleed effect! Checking special code
Applying bleed effect! Checking special code
Applying bleed effect! Checking special code
Applying bleed effect! Checking special code
Applying bleed effect! Checking special code
Applying bleed effect! Checking special code
Applying bleed effect! Checking special code
Applying bleed effect! Checking special code
Applying bleed effect! Checking special code
[  18/250 ] WIN    26 turns   nezuko, lucy, ken  vs  diane, gojo, meliodas
[  19/250 ] WIN    21 turns   todoroki, genos, cooler  vs  frieren, levi, nobara
Applying bleed effect! Checking special code
Applying bleed effect! Checking special code
Applying bleed effect! Checking special code
Applying bleed effect! Checking special code
[  20/250 ] WIN    19 turns   todoroki, hashirama, power  vs  alphamon, byakuya, soul
[  21/250 ] LOSS   32 turns   saturn, kuroko, edward  vs  jinwoo, maka, tsubasa
[  22/250 ] WIN    22 turns   hinata, megumi, ichibe  vs  allmight, broly, levi
[  23/250 ] WIN    48 turns   kurapika, frieren, gohan  vs  ryuko, emiyaarcher, erza
[  24/250 ] WIN    31 turns   myotismon, halibel, yugi  vs  mars, kaiba, misaka
[  25/250 ] WIN    17 turns   gunha, toga, neferpitou  vs  gray, sukuna, akame
[  26/250 ] LOSS   19 turns   mars, soul, byakuya  vs  tsunayoshi, sukuna, shinoa
[  27/250 ] LOSS   31 turns   tsunayoshi, yuno, midoriya  vs  minene, alphonse, nel
[  28/250 ] LOSS   17 turns   emiya, genos, jesse  vs  gojo, lyserg, madoka
[  29/250 ] LOSS   20 turns   chrome, orihime, minene  vs  genos, nimaiya, neferpitou
[  30/250 ] WIN    18 turns   lizandpatty, venus, frieren  vs  mavis, toji, gogeta
[  31/250 ] WIN    20 turns   neferpitou, tanjiro, shokuhou  vs  jinwoo, pegasus, semiramis
[  32/250 ] WIN    19 turns   allmight, midoriya, usopp  vs  madoka, gogeta, xanxus
Applying bleed effect! Checking special code
[  33/250 ] LOSS   16 turns   seventeen, jinwoo, denji  vs  jaden, tsubasa, kurotsuchi
[  34/250 ] LOSS   29 turns   jack, jupiter, veldora  vs  ryohei, aang, ace
[  35/250 ] WIN    19 turns   adam, broly, zenitsu  vs  gray, maka, saitama
[  36/250 ] WIN    38 turns   tatsumi, allmight, muichiro  vs  tsubaki, inuyasha, frankenstein
[  37/250 ] LOSS   20 turns   tatsumi, ryuko, koro  vs  ryohei, esdeath, byakuya
[  38/250 ] LOSS   50 turns   arthur, todoroki, midoriya  vs  rob, kid, lyserg
[  39/250 ] LOSS   41 turns   machinedramon, blackwargreymon, tsubasa  vs  venus, midoriya, nezuko
[  40/250 ] WIN    12 turns   nimaiya, hisoka, yugi  vs  tsuyu, aiohto, todoroki
[  41/250 ] WIN    17 turns   shokuhou, asta, cell  vs  kurapika, yuji, crona
[  42/250 ] WIN    29 turns   nagisa, muichiro, ichigo  vs  halibel, horohoro, frankenstein
[  43/250 ] LOSS   20 turns   byakuya, allmight, kurotsuchi  vs  zoro, minene, gunha
Applying bleed effect! Checking special code
[  44/250 ] LOSS   20 turns   denji, myotismon, madoka  vs  boruto, touka, todoroki
Applying bleed effect! Checking special code
Applying bleed effect! Checking special code
[  45/250 ] WIN    24 turns   genos, cooler, yugi  vs  yamamoto, kurapika, rakko
[  46/250 ] LOSS   29 turns   asta, blackwargreymon, satsuki  vs  kuroko, edward, sakura
Applying bleed effect! Checking special code
Applying bleed effect! Checking special code
Applying bleed effect! Checking special code
Applying bleed effect! Checking special code
Applying bleed effect! Checking special code
Applying bleed effect! Checking special code
[  47/250 ] WIN    20 turns   luffy, yamamoto, ken  vs  ban, mine, alphonse
[  48/250 ] WIN    35 turns   nel, inuyasha, mercury  vs  crona, yugi, impmon
[  49/250 ] LOSS   27 turns   tsuyu, tanjiro, rob  vs  asta, semiramis, jinwoo
[  50/250 ] WIN    17 turns   saitama, toph, kuroko  vs  jeanne, minene, adam
Applying bleed effect! Checking special code
[  51/250 ] WIN    37 turns   diane, renamon, cooler  vs  rob, tsubasa, tatsumaki
Applying bleed effect! Checking special code
Applying bleed effect! Checking special code
Applying bleed effect! Checking special code
[  52/250 ] LOSS   26 turns   saber, minene, kurotsuchi  vs  nagisa, rengoku, megumin
[  53/250 ] LOSS   24 turns   ganta, yubel, astolfo  vs  natsu, tsubaki, impmon
[  54/250 ] WIN    24 turns   shokuhou, saber, killua  vs  inuyasha, uzui, bakugo
[  55/250 ] WIN    16 turns   kurapika, gatomon, sayaka  vs  korra, saber, goku
[  56/250 ] LOSS   21 turns   inuyasha, omnimon, tanjiro  vs  toga, toji, lizandpatty
Applying bleed effect! Checking special code
Applying bleed effect! Checking special code
Applying bleed effect! Checking special code
Applying bleed effect! Checking special code
Applying bleed effect! Checking special code
[  57/250 ] WIN    22 turns   ken, inuyasha, hinata  vs  ichigo, saitama, misaka
[  58/250 ] WIN    32 turns   killua, semiramis, impmon  vs  mavis, jeanne, shinra
Applying bleed effect! Checking special code
Applying bleed effect! Checking special code
Applying bleed effect! Checking special code
[  59/250 ] WIN    19 turns   lucy, saitama, inosuke  vs  rengoku, rakko, zoro
[  60/250 ] LOSS   18 turns   genos, ryuko, tsubaki  vs  squalo, sukuna, sasuke
Applying bleed effect! Checking special code
Applying bleed effect! Checking special code
Applying bleed effect! Checking special code
Applying bleed effect! Checking special code
Applying bleed effect! Checking special code
Applying bleed effect! Checking special code
[  61/250 ] LOSS   29 turns   midoriya, arthur, rakko  vs  emiyaarcher, ladydevimon, death
Applying bleed effect! Checking special code
Applying bleed effect! Checking special code
Applying bleed effect! Checking special code
Applying bleed effect! Checking special code
Applying bleed effect! Checking special code
Applying bleed effect! Checking special code
Applying bleed effect! Checking special code
Applying bleed effect! Checking special code
[  62/250 ] LOSS   15 turns   noelle, sheele, mami  vs  toudou, gojo, ken
Applying bleed effect! Checking special code
Applying bleed effect! Checking special code
Applying bleed effect! Checking special code
Applying bleed effect! Checking special code
Applying bleed effect! Checking special code
Applying bleed effect! Checking special code
Applying bleed effect! Checking special code
Applying bleed effect! Checking special code
Applying bleed effect! Checking special code
Applying bleed effect! Checking special code
Applying bleed effect! Checking special code
Applying bleed effect! Checking special code
Applying bleed effect! Checking special code
[  63/250 ] WIN    32 turns   mercury, chrome, myotismon  vs  arthur, shokuhou, king
[  64/250 ] LOSS   21 turns   mash, tamaki, hibari  vs  gray, adam, kitara
[  65/250 ] LOSS   21 turns   edward, ichibe, yamamoto  vs  broly, luffy, halibel
[  66/250 ] WIN    34 turns   erza, nobara, satsuki  vs  tamaki, mami, zoro
[  67/250 ] LOSS   35 turns   jack, chrome, semiramis  vs  boruto, nel, sakura
Applying bleed effect! Checking special code
Applying bleed effect! Checking special code
Applying bleed effect! Checking special code
Applying bleed effect! Checking special code
[  68/250 ] LOSS   23 turns   rengoku, emiyaarcher, minene  vs  mikasa, ladydevimon, tokoyami
[  69/250 ] WIN    24 turns   mercury, hisoka, mami  vs  touka, cell, ace
[  70/250 ] LOSS   20 turns   kitara, toph, maka  vs  neferpitou, mash, semiramis
[  71/250 ] WIN    18 turns   broly, nimaiya, impmon  vs  mami, toph, shinra
[  72/250 ] LOSS   15 turns   myotismon, gallantmon, hawkmon  vs  sasuke, astolfo, esdeath
Applying bleed effect! Checking special code
Applying bleed effect! Checking special code
Applying bleed effect! Checking special code
Applying bleed effect! Checking special code
[  73/250 ] LOSS   20 turns   edward, saber, nel  vs  kuroko, ken, toga
[  74/250 ] WIN    17 turns   gon, venus, madoka  vs  jesse, hawkmon, nezuko
[  75/250 ] WIN    26 turns   gasai, neferpitou, astolfo  vs  allmight, shinoa, zoro
[  76/250 ] LOSS   23 turns   jinwoo, frieren, hibari  vs  levi, tamaki, emiya
[  77/250 ] WIN    19 turns   uzui, korra, saber  vs  vegeta, bakugo, kurapika
[  78/250 ] LOSS   15 turns   kid, frieren, nonon  vs  gogeta, madoka, broly
[  79/250 ] LOSS   35 turns   muichiro, pegasus, crona  vs  tatsumaki, ryohei, blackstar
Applying bleed effect! Checking special code
Applying bleed effect! Checking special code
Applying bleed effect! Checking special code
Applying bleed effect! Checking special code
Applying bleed effect! Checking special code
Applying bleed effect! Checking special code
Applying bleed effect! Checking special code
[  80/250 ] WIN    20 turns   nobara, sukuna, ken  vs  lyserg, shokuhou, gray
[  81/250 ] LOSS   18 turns   tsunayoshi, zenitsu, sakura  vs  tanjiro, mikasa, aiohto
[  82/250 ] LOSS   15 turns   uzui, tatsumaki, tanjiro  vs  gray, gohan, shinoa
[  83/250 ] LOSS   18 turns   muichiro, gallantmon, crona  vs  nonon, lucy, eren
Applying bleed effect! Checking special code
[  84/250 ] LOSS   25 turns   megumi, kuroko, denji  vs  misaka, sasuke, hinata
[  85/250 ] WIN    17 turns   horohoro, kurotsuchi, broly  vs  luffy, kid, nezuko
[  86/250 ] LOSS   15 turns   broly, kurotsuchi, edward  vs  satsuki, megumi, halibel
[  87/250 ] WIN    18 turns   shinra, ichigo, orihime  vs  hibari, yugi, pegasus
[  88/250 ] LOSS   22 turns   shiro, frieren, minene  vs  astolfo, hashirama, asta
[  89/250 ] LOSS   45 turns   lizandpatty, saitama, soul  vs  toudou, midoriya, mars
[  90/250 ] WIN    24 turns   inuyasha, gray, semiramis  vs  impmon, koro, muichiro
[  91/250 ] WIN    25 turns   tsubaki, seventeen, neferpitou  vs  zenitsu, impmon, natsu
[  92/250 ] LOSS   34 turns   machinedramon, cooler, toga  vs  gallantmon, mercury, semiramis
Applying bleed effect! Checking special code
Applying bleed effect! Checking special code
[  93/250 ] WIN    20 turns   hisoka, saturn, crona  vs  power, kurotsuchi, gunha
[  94/250 ] WIN    21 turns   satsuki, cell, noelle  vs  ryohei, renamon, korra
[  95/250 ] WIN    20 turns   gojo, venus, semiramis  vs  gunha, yuno, toph
[  96/250 ] WIN    23 turns   yuno, toudou, hinata  vs  koro, horohoro, levi
Applying bleed effect! Checking special code
Applying bleed effect! Checking special code
[  97/250 ] LOSS   22 turns   rakko, soul, noelle  vs  misaka, uzui, lyserg
Applying bleed effect! Checking special code
Applying bleed effect! Checking special code
Applying bleed effect! Checking special code
[  98/250 ] LOSS   14 turns   death, megumin, goku  vs  chrome, king, broly
Applying bleed effect! Checking special code
Applying bleed effect! Checking special code
Applying bleed effect! Checking special code
Applying bleed effect! Checking special code
Applying bleed effect! Checking special code
[  99/250 ] WIN    17 turns   tatsumi, sukuna, chrome  vs  denji, ken, jesse
[ 100/250 ] WIN    20 turns   nagisa, aang, blackwargreymon  vs  lizandpatty, jack, aiohto
Applying bleed effect! Checking special code
Applying bleed effect! Checking special code
[ 101/250 ] WIN    22 turns   tatsumaki, chrome, gon  vs  gray, power, gasai
[ 102/250 ] LOSS   25 turns   ichibe, impmon, inuyasha  vs  gogeta, emiya, madoka
[ 103/250 ] LOSS   22 turns   sasuke, frieren, emiya  vs  uranus, tatsumi, muichiro
Applying bleed effect! Checking special code
Applying bleed effect! Checking special code
[ 104/250 ] LOSS   22 turns   nel, mikasa, yubel  vs  rakko, ganta, renamon
Applying bleed effect! Checking special code
Applying bleed effect! Checking special code
[ 105/250 ] LOSS   18 turns   ryuko, nobara, rakko  vs  hawkmon, mash, saturn
Applying bleed effect! Checking special code
[ 106/250 ] WIN    18 turns   levi, seventeen, mine  vs  tsunayoshi, inosuke, orihime
[ 107/250 ] WIN    31 turns   hisoka, ichibe, lyserg  vs  toga, nezuko, alphamon
Applying bleed effect! Checking special code
Applying bleed effect! Checking special code
Applying bleed effect! Checking special code
Applying bleed effect! Checking special code
[ 108/250 ] WIN    35 turns   omnimon, denji, yamamoto  vs  rob, machinedramon, horohoro
[ 109/250 ] LOSS   21 turns   byakuya, death, shiro  vs  squalo, kuroko, toji
Applying bleed effect! Checking special code
Applying bleed effect! Checking special code
[ 110/250 ] WIN    18 turns   erza, lucy, tokoyami  vs  kaiba, megumin, inosuke
[ 111/250 ] LOSS   13 turns   noelle, lyserg, kurotsuchi  vs  ryuko, touka, impmon
[ 112/250 ] WIN    23 turns   soul, kid, maka  vs  machinedramon, mash, lyserg
[ 113/250 ] LOSS   23 turns   halibel, itachi, minene  vs  blackstar, bakugo, kurotsuchi
[ 114/250 ] WIN    13 turns   usopp, rimuru, madoka  vs  sasuke, emiyaarcher, venus
[ 115/250 ] WIN    14 turns   todoroki, mine, korra  vs  ace, noelle, lizandpatty
[ 116/250 ] WIN    20 turns   impmon, maka, soul  vs  ichigo, levi, megumi
[ 117/250 ] LOSS   21 turns   kaiba, misaka, gray  vs  veldora, uzui, astolfo
[ 118/250 ] WIN    22 turns   hinata, uzui, tsuyu  vs  shinoa, yubel, astolfo
[ 119/250 ] WIN    25 turns   ban, itachi, gatomon  vs  killua, toudou, misaka
[ 120/250 ] WIN    20 turns   hibari, mami, toga  vs  emiya, megumi, itachi
[ 121/250 ] WIN    31 turns   kitara, minene, meliodas  vs  gatomon, blackstar, veldora
[ 122/250 ] WIN    17 turns   death, tanjiro, lizandpatty  vs  cell, toji, veldora
[ 123/250 ] LOSS   15 turns   semiramis, hibari, saber  vs  ganta, saitama, madoka
[ 124/250 ] WIN    30 turns   natsu, kitara, neferpitou  vs  misaka, killua, hawkmon
Yubel's S1 Triggered!
[ 125/250 ] LOSS   18 turns   yubel, midoriya, akame  vs  halibel, seventeen, goku
[ 126/250 ] WIN    27 turns   gilgamesh, eren, crona  vs  saber, gon, misaka
Applying bleed effect! Checking special code
Applying bleed effect! Checking special code
Applying bleed effect! Checking special code
Applying bleed effect! Checking special code
Applying bleed effect! Checking special code
Applying bleed effect! Checking special code
[ 127/250 ] WIN    26 turns   yubel, tsubasa, halibel  vs  korra, omnimon, rengoku
[ 128/250 ] LOSS   31 turns   adam, nimaiya, natsu  vs  cooler, saturn, maka
[ 129/250 ] LOSS   25 turns   orihime, yugi, meliodas  vs  vegeta, toudou, yamamoto
[ 130/250 ] WIN    15 turns   mercury, uraraka, hisoka  vs  goku, myotismon, blackwargreymon
Applying bleed effect! Checking special code
[ 131/250 ] LOSS   15 turns   rengoku, blackstar, mash  vs  saber, semiramis, megumin
[ 132/250 ] LOSS   25 turns   levi, kurotsuchi, megumi  vs  chrome, saitama, pegasus
[ 133/250 ] WIN    21 turns   byakuya, seventeen, renamon  vs  crona, allmight, gilgamesh
[ 134/250 ] WIN    17 turns   shinoa, midoriya, bakugo  vs  tatsumi, blackstar, tsuyu
[ 135/250 ] LOSS   14 turns   machinedramon, yoh, crona  vs  lizandpatty, hisoka, madoka
[ 136/250 ] LOSS   20 turns   inuyasha, tsubasa, lizandpatty  vs  noelle, xanxus, zenitsu
Applying bleed effect! Checking special code
[ 137/250 ] WIN    22 turns   byakuya, cell, nel  vs  diane, sasuke, nobara
[ 138/250 ] LOSS   19 turns   jesse, minene, sakura  vs  rob, meliodas, touka
[ 139/250 ] LOSS   20 turns   noelle, edward, myotismon  vs  shinra, usopp, tokoyami
[ 140/250 ] WIN    17 turns   sayaka, impmon, gon  vs  kitara, jesse, nezuko
[ 141/250 ] WIN    30 turns   levi, mine, blackstar  vs  power, emiyaarcher, yuji
[ 142/250 ] LOSS   31 turns   sheele, seventeen, jesse  vs  killua, nagisa, jeanne
[ 143/250 ] LOSS   13 turns   shinoa, ryuko, mami  vs  akame, mavis, mash
[ 144/250 ] LOSS   25 turns   adam, boruto, mami  vs  tanjiro, madoka, tsuyu
Applying bleed effect! Checking special code
[ 145/250 ] LOSS   28 turns   yuji, boruto, rengoku  vs  rimuru, toji, midoriya
[ 146/250 ] WIN    23 turns   soul, touka, esdeath  vs  luffy, tatsumi, hisoka
Applying bleed effect! Checking special code
Applying bleed effect! Checking special code
[ 147/250 ] WIN    25 turns   machinedramon, impmon, luffy  vs  gray, denji, hawkmon
[ 148/250 ] WIN    37 turns   ladydevimon, cooler, xanxus  vs  bakugo, lucy, tsubasa
Applying bleed effect! Checking special code
Applying bleed effect! Checking special code
Applying bleed effect! Checking special code
Applying bleed effect! Checking special code
Applying bleed effect! Checking special code
[ 149/250 ] LOSS   21 turns   inuyasha, frankenstein, bakugo  vs  luffy, kaiba, ken
[ 150/250 ] WIN    16 turns   sukuna, satsuki, aiohto  vs  blackwargreymon, toga, tamaki
[ 151/250 ] WIN    36 turns   gon, hisoka, tatsumi  vs  orihime, gallantmon, hinata
[ 152/250 ] LOSS   24 turns   frieren, omnimon, yamamoto  vs  kaiba, blackwargreymon, jack
[ 153/250 ] LOSS   28 turns   natsu, shinoa, mami  vs  shokuhou, ichigo, uzui
[ 154/250 ] LOSS   22 turns   gasai, madoka, gunha  vs  vegeta, hinata, toudou
[ 155/250 ] LOSS   28 turns   boruto, impmon, jesse  vs  semiramis, gray, ryuko
[ 156/250 ] WIN    32 turns   seventeen, naruto, noelle  vs  maka, marco, frankenstein
[ 157/250 ] WIN    15 turns   squalo, lizandpatty, kuroko  vs  toga, nobara, mami
[ 158/250 ] LOSS   25 turns   meliodas, jesse, kid  vs  arthur, zenitsu, gojo
[ 159/250 ] WIN    15 turns   asta, broly, frieren  vs  goku, semiramis, gasai
[ 160/250 ] WIN    22 turns   gon, tsubasa, frankenstein  vs  seventeen, toga, megumin
[ 161/250 ] LOSS   24 turns   adam, power, goku  vs  squalo, frieren, mami
[ 162/250 ] WIN    26 turns   myotismon, tsubasa, maka  vs  tatsumaki, toji, gohan
Applying bleed effect! Checking special code
[ 163/250 ] WIN    27 turns   tsunayoshi, xanxus, luffy  vs  korra, toph, rengoku
[ 164/250 ] WIN    21 turns   uraraka, zenitsu, emiya  vs  nonon, jeanne, kitara
Applying bleed effect! Checking special code
Applying bleed effect! Checking special code
Applying bleed effect! Checking special code
[ 165/250 ] WIN    14 turns   todoroki, rengoku, tsubasa  vs  usopp, denji, lucy
[ 166/250 ] LOSS   13 turns   todoroki, jesse, kuroko  vs  gojo, saber, tsubasa
[ 167/250 ] WIN    19 turns   madoka, gallantmon, boruto  vs  semiramis, gilgamesh, tatsumaki
[ 168/250 ] WIN    40 turns   arthur, boruto, killua  vs  broly, tatsumaki, korra
Applying bleed effect! Checking special code
Applying bleed effect! Checking special code
Applying bleed effect! Checking special code
[ 169/250 ] WIN    23 turns   gilgamesh, seventeen, ganta  vs  soul, rakko, inosuke
Applying bleed effect! Checking special code
Applying bleed effect! Checking special code
[ 170/250 ] WIN    15 turns   aiohto, gon, gallantmon  vs  megumin, inosuke, shokuhou
[ 171/250 ] LOSS   28 turns   xanxus, ganta, tanjiro  vs  korra, tsubasa, usopp
[ 172/250 ] LOSS   31 turns   kaiba, seventeen, frankenstein  vs  gatomon, mikasa, neferpitou
[ 173/250 ] LOSS   16 turns   hinata, akame, uraraka  vs  satsuki, neferpitou, tanjiro
[ 174/250 ] WIN    22 turns   renamon, megumi, usopp  vs  shiro, impmon, frieren
[ 175/250 ] WIN    21 turns   tatsumi, neferpitou, sayaka  vs  arthur, rob, gasai
[ 176/250 ] LOSS   19 turns   sukuna, saber, nimaiya  vs  itachi, mash, toph
Applying bleed effect! Checking special code
Applying bleed effect! Checking special code
Applying bleed effect! Checking special code
Applying bleed effect! Checking special code
Applying bleed effect! Checking special code
Applying bleed effect! Checking special code
Applying bleed effect! Checking special code
[ 177/250 ] LOSS   27 turns   koro, pegasus, megumi  vs  king, ryuko, rimuru
[ 178/250 ] LOSS   20 turns   bakugo, kaiba, byakuya  vs  megumin, gray, naruto
Applying bleed effect! Checking special code
[ 179/250 ] WIN    17 turns   power, broly, renamon  vs  machinedramon, gray, squalo
[ 180/250 ] LOSS   24 turns   megumi, soul, frieren  vs  tatsumaki, chrome, eren
[ 181/250 ] LOSS   14 turns   tatsumaki, ganta, lyserg  vs  saitama, gray, astolfo
Applying bleed effect! Checking special code
Applying bleed effect! Checking special code
Applying bleed effect! Checking special code
Applying bleed effect! Checking special code
Applying bleed effect! Checking special code
Applying bleed effect! Checking special code
[ 182/250 ] WIN    20 turns   frankenstein, ken, xanxus  vs  ganta, genos, alphamon
[ 183/250 ] WIN    26 turns   tokoyami, mercury, ban  vs  gogeta, alphamon, ichibe
[ 184/250 ] WIN    17 turns   ladydevimon, ban, killua  vs  usopp, hisoka, death
[ 185/250 ] LOSS   46 turns   uranus, yoh, luffy  vs  edward, megumin, gatomon
[ 186/250 ] WIN    20 turns   boruto, ichibe, bakugo  vs  minene, gon, edward
[ 187/250 ] LOSS   17 turns   midoriya, mash, hinata  vs  kaiba, mine, meliodas
[ 188/250 ] LOSS   16 turns   touka, sayaka, boruto  vs  minene, usopp, lizandpatty
[ 189/250 ] LOSS   31 turns   hashirama, cooler, muichiro  vs  jaden, mikasa, yamamoto
Applying bleed effect! Checking special code
Applying bleed effect! Checking special code
Applying bleed effect! Checking special code
Applying bleed effect! Checking special code
Applying bleed effect! Checking special code
Applying bleed effect! Checking special code
Applying bleed effect! Checking special code
Applying bleed effect! Checking special code
Applying bleed effect! Checking special code
Applying bleed effect! Checking special code
Applying bleed effect! Checking special code
Applying bleed effect! Checking special code
[ 190/250 ] LOSS   22 turns   rengoku, gilgamesh, king  vs  pegasus, emiya, lucy
[ 191/250 ] WIN   157 turns   pegasus, ryohei, yugi  vs  todoroki, naruto, eren
[ 192/250 ] WIN    23 turns   tsubasa, gojo, squalo  vs  emiyaarcher, gray, nezuko
[ 193/250 ] LOSS   35 turns   halibel, blackstar, megumin  vs  tanjiro, horohoro, koro
[ 194/250 ] WIN    19 turns   hisoka, toudou, hashirama  vs  adam, megumin, tsubaki
[ 195/250 ] WIN    17 turns   gatomon, gray, hashirama  vs  misaka, madoka, kitara
Applying bleed effect! Checking special code
[ 196/250 ] LOSS   24 turns   cell, todoroki, kaiba  vs  nagisa, misaka, inosuke
Applying bleed effect! Checking special code
Applying bleed effect! Checking special code
[ 197/250 ] WIN    30 turns   boruto, emiyaarcher, squalo  vs  minene, naruto, denji
[ 198/250 ] WIN    14 turns   boruto, gojo, shiro  vs  alphamon, machinedramon, jeanne
Applying bleed effect! Checking special code
[ 199/250 ] LOSS   18 turns   shokuhou, tanjiro, adam  vs  power, yugi, touka
[ 200/250 ] WIN    25 turns   sakura, mercury, toph  vs  gallantmon, kaiba, minene
[ 201/250 ] WIN    38 turns   omnimon, hawkmon, gilgamesh  vs  mami, tsubaki, horohoro
[ 202/250 ] WIN    27 turns   akame, zenitsu, minene  vs  gallantmon, horohoro, ichibe
[ 203/250 ] WIN    22 turns   emiya, saturn, zenitsu  vs  ichigo, tatsumaki, mavis
[ 204/250 ] WIN    10 turns   tatsumi, asta, seventeen  vs  venus, gatomon, satsuki
[ 205/250 ] WIN    21 turns   touka, toudou, saturn  vs  kaiba, yoh, hibari
[ 206/250 ] WIN    16 turns   mash, yoh, sukuna  vs  squalo, hawkmon, rakko
[ 207/250 ] LOSS   20 turns   adam, sukuna, tanjiro  vs  tatsumi, sasuke, ladydevimon
[ 208/250 ] LOSS   23 turns   yugi, gilgamesh, crona  vs  frieren, aang, itachi
[ 209/250 ] WIN    20 turns   lucy, frieren, venus  vs  yoh, nel, naruto
[ 210/250 ] WIN    20 turns   toudou, nonon, hashirama  vs  mikasa, jinwoo, ichigo
[ 211/250 ] LOSS   14 turns   frankenstein, toji, soul  vs  madoka, usopp, ganta
Applying bleed effect! Checking special code
Applying bleed effect! Checking special code
Applying bleed effect! Checking special code
Applying bleed effect! Checking special code
[ 212/250 ] WIN    13 turns   killua, ken, uraraka  vs  midoriya, machinedramon, venus
[ 213/250 ] LOSS   22 turns   edward, sukuna, ichigo  vs  gray, yugi, yuno
[ 214/250 ] WIN    24 turns   soul, nimaiya, natsu  vs  saitama, toudou, tanjiro
Applying bleed effect! Checking special code
Applying bleed effect! Checking special code
Applying bleed effect! Checking special code
Applying bleed effect! Checking special code
Applying bleed effect! Checking special code
Applying bleed effect! Checking special code
Applying bleed effect! Checking special code
Applying bleed effect! Checking special code
Applying bleed effect! Checking special code
Applying bleed effect! Checking special code
[ 215/250 ] LOSS   35 turns   ken, inosuke, arthur  vs  shokuhou, yubel, cell
[ 216/250 ] WIN    27 turns   erza, kurapika, sakura  vs  toph, cooler, nobara
[ 217/250 ] WIN    32 turns   gojo, sasuke, lizandpatty  vs  emiya, yamamoto, muichiro
[ 218/250 ] WIN    19 turns   jupiter, ace, ichigo  vs  gohan, saturn, marco
[ 219/250 ] WIN    28 turns   tanjiro, toph, adam  vs  akame, mercury, blackwargreymon
Applying bleed effect! Checking special code
Applying bleed effect! Checking special code
[ 220/250 ] WIN    19 turns   denji, sheele, yuji  vs  nezuko, broly, tsubaki
[ 221/250 ] LOSS   36 turns   ichibe, bakugo, jinwoo  vs  naruto, gatomon, levi
[ 222/250 ] WIN    29 turns   gohan, gojo, jack  vs  nagisa, death, tsubasa
[ 223/250 ] LOSS   18 turns   halibel, shokuhou, asta  vs  arthur, madoka, toga
[ 224/250 ] LOSS   17 turns   allmight, toudou, uzui  vs  pegasus, gilgamesh, toji
[ 225/250 ] WIN    20 turns   jaden, uraraka, gallantmon  vs  ace, yuji, jack
Applying bleed effect! Checking special code
Applying bleed effect! Checking special code
Applying bleed effect! Checking special code
[ 226/250 ] LOSS   18 turns   ace, rakko, king  vs  aang, ichigo, seventeen
[ 227/250 ] WIN    14 turns   nonon, toph, madoka  vs  saitama, tsubaki, shokuhou
[ 228/250 ] LOSS   49 turns   inuyasha, gojo, yugi  vs  sakura, broly, ace
[ 229/250 ] LOSS   17 turns   yugi, orihime, esdeath  vs  tsubasa, meliodas, yuno
Applying bleed effect! Checking special code
[ 230/250 ] WIN    34 turns   jinwoo, rengoku, yamamoto  vs  usopp, minene, lucy
Applying bleed effect! Checking special code
[ 231/250 ] WIN    15 turns   jack, touka, koro  vs  boruto, king, esdeath
[ 232/250 ] LOSS   22 turns   ryuko, midoriya, tatsumaki  vs  semiramis, gohan, edward
[ 233/250 ] WIN    24 turns   toga, saber, shokuhou  vs  sasuke, tamaki, gogeta
[ 234/250 ] LOSS   35 turns   gilgamesh, crona, erza  vs  pegasus, yuji, frieren
[ 235/250 ] WIN    16 turns   nobara, mine, gatomon  vs  toga, esdeath, shokuhou
Applying bleed effect! Checking special code
[ 236/250 ] LOSS   47 turns   itachi, shinra, sayaka  vs  orihime, tokoyami, diane
[ 237/250 ] LOSS   24 turns   frieren, inuyasha, killua  vs  itachi, cooler, edward
[ 238/250 ] LOSS   45 turns   orihime, frieren, sasuke  vs  megumin, akame, shinra
Applying bleed effect! Checking special code
Applying bleed effect! Checking special code
[ 239/250 ] LOSS   45 turns   adam, yuno, xanxus  vs  diane, itachi, blackwargreymon
Applying bleed effect! Checking special code
[ 240/250 ] LOSS   22 turns   nezuko, inosuke, gogeta  vs  madoka, ryohei, seventeen
[ 241/250 ] LOSS   19 turns   yuno, death, tsubaki  vs  hisoka, broly, tamaki
Applying bleed effect! Checking special code
[ 242/250 ] LOSS   36 turns   asta, orihime, jesse  vs  megumin, ladydevimon, diane
[ 243/250 ] WIN    16 turns   tsubasa, zenitsu, cell  vs  saber, tokoyami, toga
[ 244/250 ] WIN    29 turns   tamaki, yugi, lizandpatty  vs  orihime, kuroko, levi
[ 245/250 ] WIN    20 turns   gogeta, cell, power  vs  sakura, esdeath, toji
[ 246/250 ] LOSS   21 turns   yoh, byakuya, gatomon  vs  satsuki, orihime, adam
[ 247/250 ] LOSS   28 turns   diane, akame, renamon  vs  lucy, lyserg, uraraka
Applying bleed effect! Checking special code
Applying bleed effect! Checking special code
Applying bleed effect! Checking special code
Applying bleed effect! Checking special code
Applying bleed effect! Checking special code
Applying bleed effect! Checking special code
Applying bleed effect! Checking special code
Applying bleed effect! Checking special code
[ 248/250 ] LOSS   25 turns   ken, yuji, myotismon  vs  byakuya, eren, broly
[ 249/250 ] WIN    27 turns   yoh, renamon, yuji  vs  inuyasha, aang, orihime
[ 250/250 ] WIN    18 turns   ladydevimon, midoriya, nezuko  vs  jesse, nonon, genos
=== TRAINER RUN COMPLETE ===
Matches: 250   W: 135   L: 115   D: 0   Win: 54.0%   (opponent: self)
Policy saved to res://training/orchestrator/worker_r3_i1.json  (generation 2, trained_matches 4250)
