Godot Engine v4.6.2.stable.official.71f334935 - https://godotengine.org

[trainer] seed=55004 matches=250 opponent=self eval=false out=res://training/orchestrator/worker_r5_i4.json checkpoint=res://training/checkpoints/gen_4.json
[authored] loaded 1 authored character(s)
[   1/250 ] WIN    27 turns   mars, kurotsuchi, cell  vs  lucy, halibel, tamaki
Applying bleed effect! Checking special code
Applying bleed effect! Checking special code
Applying bleed effect! Checking special code
Applying bleed effect! Checking special code
Applying bleed effect! Checking special code
Applying bleed effect! Checking special code
Applying bleed effect! Checking special code
[   2/250 ] LOSS   15 turns   shiro, sukuna, kurapika  vs  ken, rimuru, zenitsu
[   3/250 ] WIN    15 turns   aang, neferpitou, ichigo  vs  rimuru, nimaiya, cooler
[   4/250 ] LOSS   19 turns   minene, veldora, esdeath  vs  hinata, gon, meliodas
[   5/250 ] WIN    26 turns   touka, seventeen, noelle  vs  myotismon, mavis, renamon
[   6/250 ] WIN    17 turns   gasai, blackstar, impmon  vs  frankenstein, mami, jeanne
Applying bleed effect! Checking special code
[   7/250 ] WIN    12 turns   gon, rimuru, inuyasha  vs  frankenstein, rakko, lyserg
[   8/250 ] LOSS   16 turns   midoriya, sayaka, shokuhou  vs  neferpitou, yugi, mash
[   9/250 ] LOSS   27 turns   hashirama, neferpitou, noelle  vs  saitama, hinata, gogeta
[  10/250 ] WIN    30 turns   misaka, ladydevimon, toph  vs  venus, yuno, mavis
[  11/250 ] LOSS   20 turns   impmon, renamon, gasai  vs  gogeta, tatsumaki, yugi
Applying bleed effect! Checking special code
[  12/250 ] LOSS   25 turns   akame, yuji, rakko  vs  mars, tatsumi, nimaiya
[  13/250 ] LOSS   26 turns   tatsumi, gilgamesh, todoroki  vs  seventeen, omnimon, aang
[  14/250 ] WIN    32 turns   halibel, boruto, kitara  vs  astolfo, megumin, tatsumaki
[  15/250 ] WIN    26 turns   meliodas, mine, yubel  vs  lyserg, tatsumi, rengoku
[  16/250 ] WIN    33 turns   hawkmon, alphamon, orihime  vs  kaiba, toph, inuyasha
[  17/250 ] WIN    20 turns   naruto, ichigo, toudou  vs  ladydevimon, yugi, rob
[  18/250 ] WIN    15 turns   akame, killua, misaka  vs  shinoa, mami, gunha
[  19/250 ] LOSS   33 turns   kurotsuchi, semiramis, renamon  vs  toga, vegeta, kurapika
[  20/250 ] WIN    20 turns   astolfo, saitama, byakuya  vs  rob, zenitsu, toph
[  21/250 ] LOSS   19 turns   nel, blackwargreymon, nonon  vs  shinoa, gohan, shinra
Applying bleed effect! Checking special code
Applying bleed effect! Checking special code
Applying bleed effect! Checking special code
Applying bleed effect! Checking special code
Applying bleed effect! Checking special code
Applying bleed effect! Checking special code
[  22/250 ] LOSS   30 turns   tanjiro, itachi, inosuke  vs  denji, adam, megumi
[  23/250 ] WIN    32 turns   arthur, megumin, uranus  vs  saturn, hibari, noelle
[  24/250 ] WIN    26 turns   muichiro, uranus, touka  vs  ladydevimon, aiohto, todoroki
[  25/250 ] WIN    42 turns   myotismon, toudou, sayaka  vs  mami, edward, orihime
[  26/250 ] LOSS   55 turns   goku, mikasa, kitara  vs  emiyaarcher, sasuke, arthur
[  27/250 ] LOSS   20 turns   broly, gunha, shokuhou  vs  frieren, edward, uzui
[  28/250 ] WIN    31 turns   semiramis, gasai, jeanne  vs  yuno, xanxus, sasuke
[  29/250 ] WIN    34 turns   gojo, toph, semiramis  vs  mash, jesse, yugi
[  30/250 ] LOSS   32 turns   orihime, saturn, squalo  vs  killua, akame, ryohei
[  31/250 ] LOSS   25 turns   renamon, maka, levi  vs  veldora, noelle, nezuko
[  32/250 ] LOSS   24 turns   sayaka, lyserg, akame  vs  sasuke, tsunayoshi, tatsumi
[  33/250 ] LOSS   21 turns   veldora, gogeta, megumi  vs  gallantmon, killua, akame
[  34/250 ] WIN    18 turns   rob, uzui, jack  vs  machinedramon, toga, rimuru
[  35/250 ] LOSS   33 turns   arthur, jupiter, rimuru  vs  yamamoto, impmon, cooler
[  36/250 ] LOSS   24 turns   lyserg, sasuke, jeanne  vs  uzui, esdeath, jesse
Applying bleed effect! Checking special code
Applying bleed effect! Checking special code
Applying bleed effect! Checking special code
Applying bleed effect! Checking special code
Applying bleed effect! Checking special code
Applying bleed effect! Checking special code
[  37/250 ] WIN    20 turns   machinedramon, king, madoka  vs  yubel, mine, ichibe
Applying bleed effect! Checking special code
Applying bleed effect! Checking special code
Applying bleed effect! Checking special code
Applying bleed effect! Checking special code
[  38/250 ] WIN    21 turns   astolfo, denji, emiya  vs  allmight, sheele, tsuyu
[  39/250 ] WIN    14 turns   nagisa, yugi, shinoa  vs  yoh, jaden, omnimon
Applying bleed effect! Checking special code
Applying bleed effect! Checking special code
Applying bleed effect! Checking special code
Applying bleed effect! Checking special code
Applying bleed effect! Checking special code
Applying bleed effect! Checking special code
[  40/250 ] WIN    14 turns   asta, ken, toga  vs  kid, shinoa, madoka
[  41/250 ] LOSS   20 turns   renamon, zenitsu, emiyaarcher  vs  satsuki, edward, machinedramon
[  42/250 ] LOSS   18 turns   machinedramon, hawkmon, edward  vs  ace, meliodas, emiyaarcher
[  43/250 ] LOSS   36 turns   aang, cooler, uranus  vs  gatomon, bakugo, tamaki
[  44/250 ] WIN    16 turns   shinra, luffy, ladydevimon  vs  mine, sukuna, chrome
[  45/250 ] LOSS   18 turns   noelle, gunha, kid  vs  gallantmon, emiyaarcher, toudou
[  46/250 ] LOSS   36 turns   saber, xanxus, tsubasa  vs  boruto, ban, noelle
[  47/250 ] LOSS   21 turns   yamamoto, kurapika, rob  vs  tokoyami, kurotsuchi, renamon
[  48/250 ] WIN    27 turns   naruto, xanxus, gasai  vs  touka, levi, tanjiro
[  49/250 ] WIN    24 turns   hibari, zoro, nagisa  vs  halibel, yamamoto, madoka
[  50/250 ] WIN    23 turns   uraraka, cell, adam  vs  uzui, pegasus, gallantmon
[  51/250 ] WIN    15 turns   jack, madoka, alphamon  vs  nezuko, tatsumaki, emiya
Applying bleed effect! Checking special code
Applying bleed effect! Checking special code
Applying bleed effect! Checking special code
Applying bleed effect! Checking special code
Applying bleed effect! Checking special code
Applying bleed effect! Checking special code
Applying bleed effect! Checking special code
Applying bleed effect! Checking special code
Applying bleed effect! Checking special code
Applying bleed effect! Checking special code
Applying bleed effect! Checking special code
[  52/250 ] WIN    15 turns   ken, allmight, maka  vs  rakko, machinedramon, adam
[  53/250 ] LOSS   21 turns   omnimon, jesse, frieren  vs  lyserg, adam, seventeen
[  54/250 ] WIN    30 turns   broly, ace, tokoyami  vs  jupiter, frieren, impmon
[  55/250 ] LOSS   12 turns   yugi, yoh, nobara  vs  alphamon, gatomon, blackstar
Applying bleed effect! Checking special code
Applying bleed effect! Checking special code
Applying bleed effect! Checking special code
Applying bleed effect! Checking special code
[  56/250 ] WIN    21 turns   arthur, saturn, nagisa  vs  denji, todoroki, jupiter
Applying bleed effect! Checking special code
Applying bleed effect! Checking special code
[  57/250 ] LOSS   25 turns   maka, yamamoto, usopp  vs  minene, denji, myotismon
[  58/250 ] LOSS   16 turns   mami, hinata, gohan  vs  marco, nimaiya, aiohto
Applying bleed effect! Checking special code
Applying bleed effect! Checking special code
Applying bleed effect! Checking special code
[  59/250 ] LOSS   21 turns   erza, rengoku, tsuyu  vs  squalo, machinedramon, mercury
Applying bleed effect! Checking special code
Applying bleed effect! Checking special code
[  60/250 ] WIN    20 turns   akame, bakugo, rengoku  vs  naruto, arthur, rakko
Applying bleed effect! Checking special code
Applying bleed effect! Checking special code
[  61/250 ] LOSS   30 turns   rob, eren, lyserg  vs  gasai, jaden, diane
[  62/250 ] LOSS   13 turns   machinedramon, astolfo, korra  vs  tsunayoshi, noelle, kuroko
[  63/250 ] WIN    14 turns   vegeta, nagisa, lucy  vs  cell, omnimon, machinedramon
[  64/250 ] WIN    15 turns   nel, ryuko, ganta  vs  yuji, nezuko, satsuki
Applying bleed effect! Checking special code
Applying bleed effect! Checking special code
Applying bleed effect! Checking special code
Applying bleed effect! Checking special code
Applying bleed effect! Checking special code
Applying bleed effect! Checking special code
Applying bleed effect! Checking special code
Applying bleed effect! Checking special code
Applying bleed effect! Checking special code
Applying bleed effect! Checking special code
Applying bleed effect! Checking special code
[  65/250 ] LOSS   14 turns   veldora, yugi, gasai  vs  gunha, rob, king
[  66/250 ] LOSS   58 turns   kurapika, edward, neferpitou  vs  misaka, megumin, uraraka
[  67/250 ] WIN    23 turns   gohan, sukuna, jupiter  vs  kuroko, tsunayoshi, saturn
Applying bleed effect! Checking special code
Applying bleed effect! Checking special code
Applying bleed effect! Checking special code
Applying bleed effect! Checking special code
Applying bleed effect! Checking special code
Applying bleed effect! Checking special code
Applying bleed effect! Checking special code
Applying bleed effect! Checking special code
Applying bleed effect! Checking special code
Applying bleed effect! Checking special code
Applying bleed effect! Checking special code
Applying bleed effect! Checking special code
Applying bleed effect! Checking special code
Applying bleed effect! Checking special code
Applying bleed effect! Checking special code
[  68/250 ] WIN    17 turns   satsuki, nobara, ken  vs  soul, king, allmight
Applying bleed effect! Checking special code
Applying bleed effect! Checking special code
Applying bleed effect! Checking special code
Applying bleed effect! Checking special code
Applying bleed effect! Checking special code
Applying bleed effect! Checking special code
[  69/250 ] LOSS   21 turns   rakko, jesse, tsunayoshi  vs  satsuki, hawkmon, eren
[  70/250 ] WIN    23 turns   erza, mami, gojo  vs  lyserg, mars, gilgamesh
[  71/250 ] WIN    34 turns   saber, kaiba, midoriya  vs  ichibe, touka, lucy
[  72/250 ] LOSS   14 turns   nobara, tokoyami, frieren  vs  renamon, emiya, aiohto
[  73/250 ] WIN    22 turns   kuroko, impmon, tatsumi  vs  jinwoo, myotismon, mercury
Applying bleed effect! Checking special code
[  74/250 ] LOSS   17 turns   renamon, gilgamesh, denji  vs  toji, yugi, touka
[  75/250 ] WIN    20 turns   renamon, horohoro, marco  vs  tanjiro, gogeta, jesse
[  76/250 ] WIN    22 turns   gatomon, ryohei, tanjiro  vs  lucy, killua, mikasa
[  77/250 ] LOSS   14 turns   frieren, esdeath, midoriya  vs  mine, goku, nel
Applying bleed effect! Checking special code
Applying bleed effect! Checking special code
[  78/250 ] WIN    23 turns   saber, gray, zoro  vs  minene, inosuke, muichiro
[  79/250 ] WIN    13 turns   yugi, natsu, gilgamesh  vs  tatsumaki, yuji, madoka
Applying bleed effect! Checking special code
[  80/250 ] LOSS   33 turns   shiro, aang, jeanne  vs  inosuke, misaka, meliodas
[  81/250 ] WIN    22 turns   gray, veldora, ichibe  vs  hisoka, halibel, zoro
[  82/250 ] LOSS   21 turns   noelle, gunha, xanxus  vs  mavis, toji, megumin
[  83/250 ] WIN    24 turns   neferpitou, ban, tsunayoshi  vs  touka, saturn, toph
[  84/250 ] LOSS   34 turns   xanxus, meliodas, mercury  vs  ryohei, seventeen, broly
[  85/250 ] WIN    33 turns   misaka, byakuya, nagisa  vs  nimaiya, yoh, tsunayoshi
[  86/250 ] WIN    17 turns   inosuke, boruto, luffy  vs  seventeen, crona, jinwoo
[  87/250 ] LOSS   30 turns   emiyaarcher, killua, toph  vs  jesse, hisoka, yoh
[  88/250 ] LOSS   16 turns   death, toga, ryuko  vs  madoka, levi, crona
Applying bleed effect! Checking special code
Applying bleed effect! Checking special code
Applying bleed effect! Checking special code
Applying bleed effect! Checking special code
Applying bleed effect! Checking special code
[  89/250 ] WIN    17 turns   rengoku, nagisa, uranus  vs  crona, saber, jeanne
Applying bleed effect! Checking special code
Applying bleed effect! Checking special code
Applying bleed effect! Checking special code
[  90/250 ] WIN    17 turns   ban, zenitsu, yubel  vs  kuroko, ken, adam
[  91/250 ] LOSS   13 turns   jesse, natsu, shokuhou  vs  lizandpatty, sukuna, nimaiya
[  92/250 ] LOSS   89 turns   eren, zoro, halibel  vs  marco, noelle, jupiter
[  93/250 ] LOSS   16 turns   broly, mami, goku  vs  yubel, semiramis, emiyaarcher
[  94/250 ] WIN    25 turns   yuno, tokoyami, nagisa  vs  emiya, tsunayoshi, yuji
[  95/250 ] LOSS   33 turns   ganta, tatsumaki, sheele  vs  omnimon, kurapika, emiyaarcher
[  96/250 ] WIN    21 turns   kurapika, hibari, boruto  vs  shokuhou, mars, renamon
[  97/250 ] LOSS   20 turns   xanxus, ichigo, diane  vs  muichiro, shiro, bakugo
[  98/250 ] LOSS   33 turns   tanjiro, emiyaarcher, yoh  vs  aang, shiro, madoka
[  99/250 ] LOSS   22 turns   aang, astolfo, cooler  vs  gilgamesh, saturn, lizandpatty
Applying bleed effect! Checking special code
[ 100/250 ] WIN    18 turns   aiohto, hinata, machinedramon  vs  uzui, nonon, power
[ 101/250 ] WIN    13 turns   yugi, kurotsuchi, uranus  vs  crona, toph, aang
[ 102/250 ] WIN    19 turns   jack, saturn, sheele  vs  death, goku, neferpitou
Applying bleed effect! Checking special code
Applying bleed effect! Checking special code
Applying bleed effect! Checking special code
Applying bleed effect! Checking special code
Applying bleed effect! Checking special code
Applying bleed effect! Checking special code
[ 103/250 ] LOSS   14 turns   hashirama, myotismon, veldora  vs  ganta, frankenstein, rakko
[ 104/250 ] WIN    41 turns   misaka, usopp, ichibe  vs  tsuyu, marco, midoriya
[ 105/250 ] LOSS   21 turns   byakuya, tsunayoshi, allmight  vs  luffy, uzui, nel
Applying bleed effect! Checking special code
Applying bleed effect! Checking special code
Applying bleed effect! Checking special code
[ 106/250 ] WIN    34 turns   gasai, inosuke, yuji  vs  tamaki, chrome, sheele
Applying bleed effect! Checking special code
Applying bleed effect! Checking special code
Applying bleed effect! Checking special code
Applying bleed effect! Checking special code
Applying bleed effect! Checking special code
Applying bleed effect! Checking special code
[ 107/250 ] LOSS   27 turns   rengoku, hisoka, mami  vs  levi, seventeen, tatsumi
[ 108/250 ] WIN    34 turns   ryohei, hinata, kurapika  vs  goku, asta, adam
[ 109/250 ] WIN    34 turns   toph, yuno, tokoyami  vs  yamamoto, arthur, nonon
[ 110/250 ] WIN    28 turns   minene, squalo, kitara  vs  arthur, byakuya, naruto
[ 111/250 ] WIN    18 turns   shiro, mavis, boruto  vs  korra, jesse, adam
[ 112/250 ] WIN    18 turns   kurotsuchi, sayaka, kid  vs  adam, broly, gohan
[ 113/250 ] LOSS   17 turns   maka, ace, hinata  vs  vegeta, nel, satsuki
[ 114/250 ] WIN    29 turns   renamon, bakugo, tsubasa  vs  adam, diane, astolfo
[ 115/250 ] LOSS   16 turns   yamamoto, nimaiya, mercury  vs  mine, luffy, semiramis
Applying bleed effect! Checking special code
Applying bleed effect! Checking special code
[ 116/250 ] LOSS   18 turns   esdeath, xanxus, megumin  vs  renamon, venus, power
[ 117/250 ] WIN    35 turns   uraraka, horohoro, mikasa  vs  noelle, nimaiya, emiya
[ 118/250 ] WIN    27 turns   levi, kurapika, xanxus  vs  lyserg, toga, arthur
Applying bleed effect! Checking special code
Applying bleed effect! Checking special code
Applying bleed effect! Checking special code
Applying bleed effect! Checking special code
[ 119/250 ] LOSS   15 turns   ken, sakura, emiyaarcher  vs  korra, killua, machinedramon
[ 120/250 ] WIN    17 turns   allmight, naruto, vegeta  vs  korra, ladydevimon, soul
[ 121/250 ] WIN    22 turns   misaka, alphonse, xanxus  vs  saitama, gunha, mash
[ 122/250 ] LOSS   19 turns   sukuna, lucy, myotismon  vs  todoroki, emiyaarcher, sheele
[ 123/250 ] WIN    17 turns   touka, lizandpatty, ban  vs  machinedramon, kitara, akame
Applying bleed effect! Checking special code
[ 124/250 ] WIN    16 turns   madoka, kurotsuchi, todoroki  vs  yoh, akame, power
[ 125/250 ] LOSS   18 turns   tamaki, tatsumi, ryohei  vs  saitama, sayaka, yugi
[ 126/250 ] LOSS   19 turns   pegasus, ganta, ban  vs  squalo, maka, zenitsu
[ 127/250 ] WIN    10 turns   yugi, touka, kurotsuchi  vs  ban, crona, hashirama
[ 128/250 ] LOSS   13 turns   uraraka, levi, akame  vs  zenitsu, sayaka, mavis
[ 129/250 ] LOSS   23 turns   death, tsubasa, blackwargreymon  vs  vegeta, tatsumaki, nezuko
[ 130/250 ] WIN    20 turns   koro, nonon, misaka  vs  hisoka, blackwargreymon, machinedramon
[ 131/250 ] WIN    20 turns   yamamoto, satsuki, uzui  vs  gon, mercury, jeanne
[ 132/250 ] WIN    25 turns   tamaki, uzui, squalo  vs  megumin, naruto, yubel
[ 133/250 ] LOSS   22 turns   kuroko, frankenstein, shiro  vs  gray, jupiter, usopp
[ 134/250 ] LOSS   30 turns   tsubasa, astolfo, nonon  vs  nel, omnimon, nezuko
Applying bleed effect! Checking special code
Applying bleed effect! Checking special code
Applying bleed effect! Checking special code
[ 135/250 ] LOSS   21 turns   misaka, ace, uzui  vs  madoka, inosuke, squalo
[ 136/250 ] WIN    34 turns   ban, gon, satsuki  vs  omnimon, power, broly
[ 137/250 ] WIN    27 turns   genos, nel, alphamon  vs  yuji, touka, megumin
[ 138/250 ] LOSS   20 turns   horohoro, rob, itachi  vs  yoh, power, mavis
[ 139/250 ] WIN    26 turns   naruto, byakuya, kitara  vs  lizandpatty, squalo, arthur
[ 140/250 ] WIN    11 turns   esdeath, koro, maka  vs  cooler, frankenstein, jesse
[ 141/250 ] WIN    31 turns   eren, horohoro, madoka  vs  ichigo, jesse, ichibe
Applying bleed effect! Checking special code
Applying bleed effect! Checking special code
Applying bleed effect! Checking special code
Applying bleed effect! Checking special code
[ 142/250 ] LOSS   18 turns   squalo, mercury, hashirama  vs  megumin, king, mavis
[ 143/250 ] WIN    29 turns   shiro, gunha, gasai  vs  orihime, gon, rimuru
[ 144/250 ] WIN    11 turns   hinata, uranus, misaka  vs  saitama, byakuya, boruto
[ 145/250 ] LOSS   22 turns   jeanne, toudou, uzui  vs  usopp, adam, mine
Applying bleed effect! Checking special code
Applying bleed effect! Checking special code
Applying bleed effect! Checking special code
[ 146/250 ] WIN    22 turns   shinra, luffy, jeanne  vs  tsubasa, rengoku, madoka
[ 147/250 ] WIN    16 turns   bakugo, killua, madoka  vs  omnimon, tsuyu, orihime
[ 148/250 ] WIN    24 turns   hashirama, kid, shokuhou  vs  saitama, mars, sasuke
[ 149/250 ] WIN    22 turns   shinra, hibari, tamaki  vs  nagisa, tsubaki, shokuhou
[ 150/250 ] WIN    18 turns   ladydevimon, toph, frieren  vs  bakugo, jupiter, inosuke
[ 151/250 ] WIN    24 turns   nel, ban, tsubasa  vs  usopp, toga, koro
[ 152/250 ] LOSS   19 turns   tanjiro, zoro, ban  vs  gray, koro, adam
[ 153/250 ] WIN    24 turns   blackwargreymon, ladydevimon, seventeen  vs  neferpitou, jeanne, lucy
Applying bleed effect! Checking special code
Applying bleed effect! Checking special code
[ 154/250 ] LOSS   23 turns   inosuke, sheele, soul  vs  mars, jinwoo, uranus
[ 155/250 ] LOSS   16 turns   aiohto, touka, akame  vs  misaka, marco, bakugo
[ 156/250 ] WIN    25 turns   ryohei, lizandpatty, saturn  vs  mercury, midoriya, mavis
[ 157/250 ] WIN    25 turns   frankenstein, jeanne, toph  vs  mikasa, sasuke, orihime
Yubel's S1 Triggered!
[ 158/250 ] WIN    25 turns   neferpitou, yubel, noelle  vs  hinata, toudou, emiya
[ 159/250 ] LOSS   24 turns   horohoro, boruto, halibel  vs  jack, maka, byakuya
[ 160/250 ] WIN    21 turns   lyserg, noelle, semiramis  vs  gon, ban, venus
Applying bleed effect! Checking special code
Applying bleed effect! Checking special code
[ 161/250 ] LOSS   17 turns   tsuyu, tsunayoshi, orihime  vs  asta, nezuko, denji
[ 162/250 ] WIN    17 turns   minene, shinra, sukuna  vs  muichiro, maka, ladydevimon
Applying bleed effect! Checking special code
[ 163/250 ] WIN    20 turns   blackstar, diane, erza  vs  frankenstein, esdeath, tsubasa
[ 164/250 ] WIN    27 turns   venus, edward, boruto  vs  nonon, megumi, rob
Applying bleed effect! Checking special code
Applying bleed effect! Checking special code
Applying bleed effect! Checking special code
[ 165/250 ] LOSS   39 turns   gojo, madoka, mars  vs  shinra, ken, emiya
[ 166/250 ] LOSS   38 turns   goku, uranus, orihime  vs  alphamon, gallantmon, hisoka
Applying bleed effect! Checking special code
Applying bleed effect! Checking special code
Applying bleed effect! Checking special code
Applying bleed effect! Checking special code
Applying bleed effect! Checking special code
[ 167/250 ] WIN    23 turns   mine, yamamoto, king  vs  impmon, toga, ken
[ 168/250 ] WIN    13 turns   veldora, nezuko, chrome  vs  tsuyu, hisoka, yuno
[ 169/250 ] LOSS   19 turns   blackstar, mercury, sukuna  vs  arthur, diane, luffy
[ 170/250 ] WIN    18 turns   ban, kitara, broly  vs  tanjiro, gunha, saitama
[ 171/250 ] LOSS   18 turns   saitama, lizandpatty, shiro  vs  vegeta, kurotsuchi, lucy
Applying bleed effect! Checking special code
[ 172/250 ] LOSS   20 turns   kid, squalo, emiyaarcher  vs  minene, natsu, rakko
[ 173/250 ] LOSS   19 turns   chrome, toji, gogeta  vs  sukuna, myotismon, machinedramon
[ 174/250 ] WIN    32 turns   tsubaki, mavis, tsuyu  vs  ryuko, boruto, ban
[ 175/250 ] WIN    15 turns   maka, muichiro, touka  vs  genos, kid, sakura
[ 176/250 ] WIN    18 turns   marco, meliodas, zoro  vs  toph, gilgamesh, nezuko
[ 177/250 ] LOSS   24 turns   mami, ichibe, shokuhou  vs  todoroki, tsubasa, jack
[ 178/250 ] WIN    15 turns   broly, uranus, shinoa  vs  jeanne, impmon, gogeta
[ 179/250 ] WIN    17 turns   kuroko, esdeath, astolfo  vs  gray, broly, megumin
[ 180/250 ] WIN    40 turns   boruto, gohan, ichigo  vs  mine, diane, nel
Applying bleed effect! Checking special code
Applying bleed effect! Checking special code
Applying bleed effect! Checking special code
Applying bleed effect! Checking special code
Applying bleed effect! Checking special code
Applying bleed effect! Checking special code
Applying bleed effect! Checking special code
[ 181/250 ] WIN    19 turns   korra, rakko, tanjiro  vs  touka, hisoka, genos
[ 182/250 ] LOSS   17 turns   death, tsuyu, gogeta  vs  allmight, neferpitou, megumin
[ 183/250 ] LOSS   27 turns   akame, cooler, noelle  vs  adam, itachi, tatsumaki
Applying bleed effect! Checking special code
[ 184/250 ] LOSS   14 turns   maka, orihime, byakuya  vs  touka, king, naruto
[ 185/250 ] LOSS   17 turns   toga, akame, tanjiro  vs  hawkmon, uranus, lucy
[ 186/250 ] WIN    30 turns   allmight, akame, nagisa  vs  blackstar, lyserg, inuyasha
[ 187/250 ] LOSS   18 turns   aang, midoriya, jack  vs  tanjiro, naruto, shinra
[ 188/250 ] LOSS   17 turns   crona, meliodas, killua  vs  todoroki, saturn, midoriya
Yubel's S1 Triggered!
Yubel's S1 Triggered!
Yubel's S1 Triggered!
[ 189/250 ] LOSS   22 turns   yubel, jack, gatomon  vs  frieren, tanjiro, aang
[ 190/250 ] WIN    26 turns   ryuko, kaiba, toudou  vs  nel, todoroki, ryohei
[ 191/250 ] WIN    20 turns   uranus, hibari, gray  vs  jaden, blackwargreymon, usopp
[ 192/250 ] WIN    12 turns   gon, diane, ace  vs  minene, killua, renamon
[ 193/250 ] WIN    38 turns   hisoka, impmon, toga  vs  hawkmon, kitara, allmight
Yubel's S1 Triggered!
[ 194/250 ] WIN    27 turns   pegasus, myotismon, kurotsuchi  vs  machinedramon, crona, yubel
[ 195/250 ] WIN    19 turns   shinra, uraraka, rimuru  vs  maka, gon, sayaka
[ 196/250 ] LOSS   19 turns   sukuna, jeanne, saber  vs  luffy, boruto, shinra
Applying bleed effect! Checking special code
[ 197/250 ] LOSS   26 turns   death, denji, kurotsuchi  vs  lucy, alphonse, midoriya
[ 198/250 ] LOSS   24 turns   adam, rob, sheele  vs  edward, sakura, sasuke
Applying bleed effect! Checking special code
Applying bleed effect! Checking special code
[ 199/250 ] WIN    34 turns   kurotsuchi, broly, emiya  vs  rengoku, shokuhou, horohoro
[ 200/250 ] WIN    17 turns   sukuna, genos, sayaka  vs  midoriya, veldora, sasuke
[ 201/250 ] LOSS   19 turns   frankenstein, ganta, yamamoto  vs  marco, sakura, mars
Applying bleed effect! Checking special code
[ 202/250 ] WIN    29 turns   yoh, power, muichiro  vs  toji, korra, tanjiro
[ 203/250 ] LOSS   14 turns   death, lyserg, koro  vs  tokoyami, megumi, jupiter
[ 204/250 ] LOSS   29 turns   impmon, todoroki, ryuko  vs  toph, gatomon, uzui
[ 205/250 ] WIN    12 turns   gray, esdeath, power  vs  impmon, tsunayoshi, gasai
[ 206/250 ] WIN    35 turns   impmon, natsu, ladydevimon  vs  nezuko, pegasus, vegeta
[ 207/250 ] LOSS   20 turns   mami, squalo, zenitsu  vs  sasuke, cell, hibari
Applying bleed effect! Checking special code
Applying bleed effect! Checking special code
Applying bleed effect! Checking special code
Applying bleed effect! Checking special code
Applying bleed effect! Checking special code
Applying bleed effect! Checking special code
[ 208/250 ] LOSS   17 turns   crona, sakura, midoriya  vs  ken, denji, tokoyami
[ 209/250 ] LOSS   18 turns   hawkmon, shokuhou, toudou  vs  vegeta, tatsumaki, ban
[ 210/250 ] WIN    19 turns   nonon, ryuko, jaden  vs  tsubasa, mercury, orihime
[ 211/250 ] WIN    21 turns   sheele, astolfo, mavis  vs  toga, nel, alphonse
[ 212/250 ] LOSS   30 turns   tatsumaki, koro, kitara  vs  tatsumi, nel, hisoka
[ 213/250 ] WIN    24 turns   nezuko, koro, seventeen  vs  mercury, squalo, hawkmon
[ 214/250 ] LOSS   17 turns   vegeta, ichigo, zoro  vs  akame, madoka, sukuna
[ 215/250 ] WIN    22 turns   sasuke, omnimon, erza  vs  midoriya, pegasus, nobara
[ 216/250 ] LOSS   27 turns   natsu, lucy, tatsumi  vs  blackstar, luffy, zenitsu
Applying bleed effect! Checking special code
[ 217/250 ] LOSS   50 turns   emiya, aang, gogeta  vs  denji, tanjiro, kitara
[ 218/250 ] LOSS   21 turns   natsu, mine, kuroko  vs  gogeta, cell, rob
[ 219/250 ] LOSS   21 turns   tsuyu, luffy, emiya  vs  bakugo, yuji, tatsumi
Yubel's S1 Triggered!
[ 220/250 ] WIN    65 turns   erza, orihime, yubel  vs  nobara, saturn, mars
[ 221/250 ] WIN    19 turns   kurotsuchi, gojo, jesse  vs  toga, yuno, muichiro
[ 222/250 ] WIN    35 turns   halibel, astolfo, sukuna  vs  allmight, minene, toudou
[ 223/250 ] LOSS   21 turns   yubel, nobara, ryuko  vs  squalo, akame, nel
[ 224/250 ] LOSS   17 turns   ace, squalo, ban  vs  boruto, jesse, genos
[ 225/250 ] LOSS   33 turns   seventeen, jaden, shinoa  vs  horohoro, mars, shinra
Applying bleed effect! Checking special code
Applying bleed effect! Checking special code
Applying bleed effect! Checking special code
Applying bleed effect! Checking special code
Applying bleed effect! Checking special code
Applying bleed effect! Checking special code
Applying bleed effect! Checking special code
[ 226/250 ] LOSS   32 turns   tokoyami, ace, emiya  vs  noelle, power, king
[ 227/250 ] WIN    19 turns   tatsumi, sukuna, aiohto  vs  ladydevimon, rob, edward
[ 228/250 ] WIN    23 turns   jupiter, halibel, nezuko  vs  sayaka, arthur, shinoa
[ 229/250 ] LOSS   22 turns   vegeta, uraraka, kurotsuchi  vs  crona, lizandpatty, maka
[ 230/250 ] WIN    21 turns   ryuko, gatomon, kaiba  vs  halibel, soul, mash
[ 231/250 ] WIN    15 turns   arthur, gray, frankenstein  vs  cell, todoroki, tsunayoshi
[ 232/250 ] WIN    23 turns   edward, soul, astolfo  vs  tsuyu, vegeta, hashirama
[ 233/250 ] LOSS   17 turns   akame, toudou, ganta  vs  koro, zenitsu, ban
Applying bleed effect! Checking special code
[ 234/250 ] WIN    17 turns   crona, gray, saber  vs  yugi, minene, diane
[ 235/250 ] LOSS   38 turns   byakuya, tsubaki, tanjiro  vs  tatsumaki, noelle, marco
[ 236/250 ] LOSS   14 turns   blackwargreymon, gogeta, blackstar  vs  gatomon, yamamoto, zenitsu
[ 237/250 ] LOSS   19 turns   nobara, killua, ace  vs  crona, edward, shiro
[ 238/250 ] WIN    24 turns   rob, koro, tanjiro  vs  asta, madoka, shiro
Applying bleed effect! Checking special code
[ 239/250 ] WIN    23 turns   edward, rimuru, diane  vs  gon, madoka, muichiro
[ 240/250 ] WIN    18 turns   satsuki, mavis, mars  vs  yamamoto, veldora, soul
[ 241/250 ] WIN    94 turns   megumin, saber, jeanne  vs  ryohei, koro, misaka
Applying bleed effect! Checking special code
[ 242/250 ] LOSS   30 turns   rengoku, mikasa, mavis  vs  muichiro, lucy, vegeta
Applying bleed effect! Checking special code
[ 243/250 ] WIN    19 turns   toudou, esdeath, minene  vs  shokuhou, cooler, power
Yubel's S1 Triggered!
Yubel's S1 Triggered!
Yubel's S1 Triggered!
[ 244/250 ] LOSS   17 turns   yubel, gasai, renamon  vs  genos, uraraka, satsuki
[ 245/250 ] LOSS   23 turns   tsunayoshi, ban, diane  vs  misaka, toji, nagisa
[ 246/250 ] LOSS   14 turns   crona, blackstar, ichibe  vs  gojo, xanxus, ganta
[ 247/250 ] LOSS   50 turns   crona, lyserg, rimuru  vs  impmon, nezuko, yoh
[ 248/250 ] WIN    19 turns   mavis, inosuke, asta  vs  gunha, hinata, ryuko
[ 249/250 ] WIN    16 turns   renamon, neferpitou, toji  vs  natsu, shinra, tamaki
[ 250/250 ] WIN    22 turns   yugi, horohoro, rimuru  vs  inuyasha, machinedramon, soul
=== TRAINER RUN COMPLETE ===
Matches: 250   W: 135   L: 115   D: 0   Win: 54.0%   (opponent: self)
Policy saved to res://training/orchestrator/worker_r5_i4.json  (generation 4, trained_matches 8250)
