Godot Engine v4.6.2.stable.official.71f334935 - https://godotengine.org

[trainer] seed=35002 matches=250 opponent=self eval=false out=res://training/orchestrator/worker_r3_i2.json checkpoint=res://training/checkpoints/gen_2.json
[authored] loaded 1 authored character(s)
[   1/250 ] WIN    32 turns   halibel, gilgamesh, emiyaarcher  vs  hibari, death, jupiter
[   2/250 ] LOSS   24 turns   gunha, gon, uranus  vs  megumin, broly, frieren
[   3/250 ] WIN    44 turns   kitara, nezuko, lyserg  vs  arthur, gallantmon, astolfo
[   4/250 ] WIN    27 turns   rob, kid, alphamon  vs  hisoka, gohan, seventeen
[   5/250 ] LOSS   31 turns   megumin, saturn, lizandpatty  vs  byakuya, gallantmon, itachi
[   6/250 ] WIN    29 turns   mavis, pegasus, lyserg  vs  kaiba, naruto, rob
[   7/250 ] WIN    21 turns   kurotsuchi, emiya, zenitsu  vs  todoroki, astolfo, soul
[   8/250 ] LOSS   15 turns   asta, ichibe, uranus  vs  megumi, renamon, usopp
Applying bleed effect! Checking special code
Applying bleed effect! Checking special code
Applying bleed effect! Checking special code
Applying bleed effect! Checking special code
[   9/250 ] LOSS   19 turns   kid, tokoyami, king  vs  nagisa, meliodas, semiramis
[  10/250 ] WIN    25 turns   sheele, akame, usopp  vs  aang, shinoa, king
Applying bleed effect! Checking special code
Applying bleed effect! Checking special code
Applying bleed effect! Checking special code
Applying bleed effect! Checking special code
Applying bleed effect! Checking special code
Applying bleed effect! Checking special code
[  11/250 ] LOSS   20 turns   shokuhou, yamamoto, tatsumaki  vs  kid, rengoku, blackwargreymon
[  12/250 ] LOSS   16 turns   hawkmon, ganta, kid  vs  megumin, sakura, mash
[  13/250 ] LOSS   21 turns   tsubasa, ban, hawkmon  vs  lizandpatty, kid, gon
[  14/250 ] LOSS   26 turns   gray, machinedramon, kaiba  vs  blackwargreymon, mercury, gasai
[  15/250 ] LOSS   15 turns   toudou, venus, muichiro  vs  esdeath, emiya, meliodas
[  16/250 ] LOSS   21 turns   korra, arthur, kitara  vs  asta, aang, hisoka
Applying bleed effect! Checking special code
Applying bleed effect! Checking special code
[  17/250 ] LOSS   36 turns   usopp, lucy, tokoyami  vs  jaden, jinwoo, power
[  18/250 ] WIN    20 turns   asta, hibari, gohan  vs  pegasus, gasai, tsubasa
[  19/250 ] LOSS   21 turns   esdeath, impmon, hisoka  vs  horohoro, yubel, kuroko
[  20/250 ] WIN    43 turns   shokuhou, gon, mars  vs  omnimon, mavis, yoh
[  21/250 ] LOSS   22 turns   shokuhou, tokoyami, arthur  vs  blackstar, neferpitou, jupiter
[  22/250 ] WIN    19 turns   uraraka, astolfo, satsuki  vs  machinedramon, touka, neferpitou
[  23/250 ] LOSS   17 turns   cooler, kurapika, zenitsu  vs  luffy, tamaki, lizandpatty
[  24/250 ] LOSS   24 turns   jesse, veldora, korra  vs  byakuya, gunha, tamaki
[  25/250 ] LOSS   17 turns   hibari, usopp, lucy  vs  esdeath, neferpitou, kid
[  26/250 ] LOSS   33 turns   halibel, adam, tatsumaki  vs  rimuru, boruto, kurotsuchi
[  27/250 ] LOSS   21 turns   frieren, jesse, chrome  vs  xanxus, omnimon, semiramis
[  28/250 ] LOSS   22 turns   shinoa, tanjiro, genos  vs  kurotsuchi, lucy, hawkmon
[  29/250 ] WIN    20 turns   inosuke, jack, alphamon  vs  todoroki, soul, tamaki
[  30/250 ] WIN    17 turns   chrome, kuroko, uzui  vs  shinra, misaka, jeanne
Applying bleed effect! Checking special code
[  31/250 ] LOSS   22 turns   inosuke, kurotsuchi, esdeath  vs  broly, gray, nobara
Applying bleed effect! Checking special code
Applying bleed effect! Checking special code
[  32/250 ] WIN    27 turns   blackwargreymon, sakura, meliodas  vs  power, yuji, hisoka
[  33/250 ] WIN    28 turns   hawkmon, halibel, nezuko  vs  edward, shokuhou, tsunayoshi
Applying bleed effect! Checking special code
[  34/250 ] WIN    17 turns   toga, cell, hinata  vs  king, tsubasa, genos
[  35/250 ] WIN    34 turns   frankenstein, shokuhou, tatsumi  vs  myotismon, gilgamesh, sukuna
[  36/250 ] LOSS   19 turns   korra, uranus, tsubaki  vs  asta, boruto, seventeen
[  37/250 ] LOSS   16 turns   misaka, mikasa, toji  vs  hashirama, diane, ban
[  38/250 ] WIN    42 turns   lucy, tsuyu, hibari  vs  marco, meliodas, xanxus
[  39/250 ] LOSS   30 turns   blackwargreymon, lyserg, ace  vs  shinoa, shinra, chrome
Applying bleed effect! Checking special code
[  40/250 ] WIN    27 turns   diane, machinedramon, halibel  vs  muichiro, korra, tamaki
[  41/250 ] LOSS   31 turns   emiya, gohan, todoroki  vs  orihime, inuyasha, gon
Applying bleed effect! Checking special code
Applying bleed effect! Checking special code
Applying bleed effect! Checking special code
Applying bleed effect! Checking special code
Applying bleed effect! Checking special code
[  42/250 ] WIN    21 turns   hawkmon, rengoku, squalo  vs  soul, mars, midoriya
Applying bleed effect! Checking special code
Applying bleed effect! Checking special code
Applying bleed effect! Checking special code
Applying bleed effect! Checking special code
Applying bleed effect! Checking special code
Applying bleed effect! Checking special code
Applying bleed effect! Checking special code
Applying bleed effect! Checking special code
Applying bleed effect! Checking special code
Applying bleed effect! Checking special code
Applying bleed effect! Checking special code
Applying bleed effect! Checking special code
[  43/250 ] LOSS   54 turns   inuyasha, denji, gojo  vs  yamamoto, ryohei, king
[  44/250 ] WIN    23 turns   hinata, chrome, aiohto  vs  sheele, horohoro, satsuki
[  45/250 ] WIN    22 turns   saturn, vegeta, halibel  vs  kurapika, esdeath, rimuru
[  46/250 ] WIN    27 turns   killua, naruto, jaden  vs  madoka, omnimon, gon
[  47/250 ] WIN    17 turns   gon, venus, mavis  vs  chrome, adam, xanxus
[  48/250 ] WIN    19 turns   midoriya, ladydevimon, gon  vs  jesse, uranus, genos
[  49/250 ] WIN    18 turns   broly, eren, sayaka  vs  uranus, nel, gohan
[  50/250 ] WIN    11 turns   killua, ace, shinoa  vs  allmight, tatsumi, uranus
[  51/250 ] WIN    20 turns   madoka, megumin, toph  vs  kaiba, saitama, hibari
Applying bleed effect! Checking special code
[  52/250 ] LOSS   24 turns   jupiter, alphamon, diane  vs  nagisa, megumi, sayaka
[  53/250 ] WIN    18 turns   jaden, tsubasa, megumi  vs  hawkmon, jinwoo, sakura
Applying bleed effect! Checking special code
Applying bleed effect! Checking special code
Applying bleed effect! Checking special code
Applying bleed effect! Checking special code
Applying bleed effect! Checking special code
[  54/250 ] WIN    26 turns   rakko, ichigo, tsuyu  vs  adam, gon, aiohto
[  55/250 ] LOSS   28 turns   toji, soul, hinata  vs  erza, jinwoo, frankenstein
[  56/250 ] WIN    28 turns   usopp, frieren, ryuko  vs  kaiba, gojo, death
[  57/250 ] LOSS   17 turns   death, toph, nobara  vs  kurapika, hibari, shinra
[  58/250 ] WIN    22 turns   jaden, cooler, levi  vs  shinra, jupiter, bakugo
[  59/250 ] LOSS   20 turns   mami, pegasus, goku  vs  byakuya, korra, jack
[  60/250 ] WIN    21 turns   kurotsuchi, natsu, zoro  vs  genos, tsubasa, gray
Applying bleed effect! Checking special code
Applying bleed effect! Checking special code
Applying bleed effect! Checking special code
[  61/250 ] WIN    18 turns   astolfo, jupiter, rengoku  vs  power, madoka, jeanne
[  62/250 ] WIN    34 turns   myotismon, noelle, satsuki  vs  touka, emiyaarcher, toudou
[  63/250 ] LOSS   24 turns   venus, tatsumi, esdeath  vs  mikasa, gojo, mavis
[  64/250 ] LOSS   25 turns   nobara, jeanne, mars  vs  naruto, hibari, blackwargreymon
[  65/250 ] WIN    21 turns   shinoa, kuroko, yamamoto  vs  xanxus, emiyaarcher, toph
[  66/250 ] LOSS   23 turns   ladydevimon, jeanne, shinra  vs  kaiba, tatsumi, meliodas
Applying bleed effect! Checking special code
Applying bleed effect! Checking special code
Applying bleed effect! Checking special code
Applying bleed effect! Checking special code
Applying bleed effect! Checking special code
Applying bleed effect! Checking special code
Applying bleed effect! Checking special code
Applying bleed effect! Checking special code
Applying bleed effect! Checking special code
[  67/250 ] WIN    26 turns   pegasus, sheele, rakko  vs  neferpitou, kaiba, cooler
[  68/250 ] WIN    23 turns   uzui, neferpitou, horohoro  vs  pegasus, shiro, yuji
[  69/250 ] WIN    16 turns   ichibe, neferpitou, zoro  vs  koro, chrome, kid
[  70/250 ] LOSS   34 turns   jeanne, pegasus, shinoa  vs  arthur, shinra, uraraka
Applying bleed effect! Checking special code
Applying bleed effect! Checking special code
Applying bleed effect! Checking special code
[  71/250 ] WIN    14 turns   maka, soul, shinra  vs  rakko, mikasa, naruto
[  72/250 ] WIN    17 turns   vegeta, asta, blackstar  vs  itachi, hawkmon, allmight
[  73/250 ] WIN    43 turns   nagisa, eren, midoriya  vs  misaka, byakuya, kurotsuchi
[  74/250 ] WIN    21 turns   chrome, sukuna, gohan  vs  astolfo, goku, eren
[  75/250 ] WIN    40 turns   usopp, ban, megumin  vs  kitara, gallantmon, orihime
[  76/250 ] WIN    39 turns   shokuhou, nonon, meliodas  vs  misaka, uraraka, naruto
Applying bleed effect! Checking special code
Applying bleed effect! Checking special code
Applying bleed effect! Checking special code
Applying bleed effect! Checking special code
Applying bleed effect! Checking special code
Applying bleed effect! Checking special code
Applying bleed effect! Checking special code
[  77/250 ] WIN    23 turns   mami, maka, rakko  vs  tsuyu, frieren, erza
[  78/250 ] WIN    21 turns   kurapika, nezuko, cell  vs  hawkmon, jinwoo, crona
Applying bleed effect! Checking special code
Applying bleed effect! Checking special code
[  79/250 ] WIN    13 turns   genos, ganta, esdeath  vs  cooler, saber, denji
[  80/250 ] LOSS   20 turns   pegasus, veldora, aiohto  vs  gasai, cell, touka
[  81/250 ] LOSS   50 turns   kaiba, gasai, hisoka  vs  arthur, sakura, ryohei
[  82/250 ] WIN    30 turns   yuji, boruto, broly  vs  touka, aang, lizandpatty
[  83/250 ] LOSS   26 turns   broly, kurotsuchi, yoh  vs  gatomon, maka, emiya
[  84/250 ] WIN    19 turns   shinra, gogeta, sheele  vs  veldora, sasuke, xanxus
[  85/250 ] LOSS   17 turns   tatsumaki, goku, tamaki  vs  adam, maka, toudou
[  86/250 ] LOSS   26 turns   halibel, tsubaki, misaka  vs  emiyaarcher, mercury, lizandpatty
[  87/250 ] WIN    22 turns   yoh, nonon, arthur  vs  xanxus, ryohei, yugi
[  88/250 ] LOSS   41 turns   sakura, saitama, touka  vs  misaka, blackwargreymon, adam
[  89/250 ] LOSS   20 turns   tokoyami, gon, kurotsuchi  vs  seventeen, xanxus, goku
[  90/250 ] LOSS   20 turns   yuno, frieren, megumi  vs  jupiter, tamaki, adam
[  91/250 ] WIN    49 turns   halibel, tatsumaki, venus  vs  jinwoo, saitama, arthur
[  92/250 ] WIN    18 turns   machinedramon, yuno, death  vs  venus, vegeta, byakuya
Applying bleed effect! Checking special code
Applying bleed effect! Checking special code
[  93/250 ] WIN    28 turns   hawkmon, ban, alphamon  vs  levi, noelle, inosuke
[  94/250 ] WIN    15 turns   bakugo, squalo, yuno  vs  lucy, inuyasha, tatsumaki
[  95/250 ] WIN    28 turns   akame, horohoro, shiro  vs  megumin, squalo, tsunayoshi
Applying bleed effect! Checking special code
Applying bleed effect! Checking special code
Applying bleed effect! Checking special code
Applying bleed effect! Checking special code
Applying bleed effect! Checking special code
Applying bleed effect! Checking special code
[  96/250 ] LOSS   41 turns   aang, power, denji  vs  jupiter, rimuru, jinwoo
[  97/250 ] LOSS   27 turns   natsu, noelle, lucy  vs  tatsumi, nagisa, squalo
[  98/250 ] WIN    22 turns   boruto, ban, mine  vs  pegasus, sukuna, naruto
[  99/250 ] LOSS   12 turns   jesse, cell, mami  vs  meliodas, satsuki, esdeath
Applying bleed effect! Checking special code
Applying bleed effect! Checking special code
Applying bleed effect! Checking special code
[ 100/250 ] WIN    25 turns   bakugo, nagisa, killua  vs  aang, blackwargreymon, denji
[ 101/250 ] WIN    29 turns   omnimon, myotismon, sasuke  vs  toga, rimuru, misaka
[ 102/250 ] LOSS   19 turns   naruto, soul, midoriya  vs  vegeta, asta, emiya
[ 103/250 ] LOSS   25 turns   diane, jeanne, maka  vs  toga, sheele, toph
[ 104/250 ] LOSS   19 turns   aiohto, pegasus, tsubaki  vs  frankenstein, squalo, uranus
[ 105/250 ] WIN    22 turns   pegasus, tsubaki, saturn  vs  myotismon, saitama, sayaka
[ 106/250 ] WIN    16 turns   sayaka, jack, megumi  vs  levi, uraraka, minene
Applying bleed effect! Checking special code
Applying bleed effect! Checking special code
[ 107/250 ] WIN    38 turns   diane, death, gatomon  vs  ban, sakura, hinata
[ 108/250 ] WIN    30 turns   aiohto, renamon, yuno  vs  hibari, myotismon, korra
Yubel's S1 Triggered!
Yubel's S1 Triggered!
[ 109/250 ] LOSS   20 turns   tatsumi, yubel, jinwoo  vs  uraraka, aang, kurapika
[ 110/250 ] WIN    21 turns   satsuki, venus, tsubasa  vs  shokuhou, zoro, rimuru
Applying bleed effect! Checking special code
Applying bleed effect! Checking special code
Applying bleed effect! Checking special code
[ 111/250 ] LOSS   27 turns   ladydevimon, rengoku, inosuke  vs  venus, rimuru, ichibe
Yubel's S1 Triggered!
[ 112/250 ] LOSS   25 turns   squalo, zenitsu, hibari  vs  erza, saturn, yubel
[ 113/250 ] WIN    23 turns   ace, squalo, jaden  vs  uranus, kurapika, sakura
[ 114/250 ] WIN    30 turns   gasai, squalo, emiya  vs  touka, jesse, nimaiya
[ 115/250 ] WIN    16 turns   seventeen, killua, death  vs  inuyasha, kurapika, hisoka
Applying bleed effect! Checking special code
Applying bleed effect! Checking special code
[ 116/250 ] LOSS   26 turns   rengoku, zenitsu, yugi  vs  usopp, eren, emiya
[ 117/250 ] WIN    14 turns   lizandpatty, satsuki, shinoa  vs  noelle, eren, gojo
Applying bleed effect! Checking special code
[ 118/250 ] WIN    30 turns   shokuhou, nagisa, power  vs  crona, gogeta, frieren
Applying bleed effect! Checking special code
Applying bleed effect! Checking special code
Applying bleed effect! Checking special code
Applying bleed effect! Checking special code
Applying bleed effect! Checking special code
[ 119/250 ] LOSS   18 turns   neferpitou, allmight, king  vs  midoriya, genos, mavis
[ 120/250 ] LOSS   12 turns   gunha, shokuhou, toudou  vs  hawkmon, shiro, alphamon
[ 121/250 ] WIN    27 turns   sukuna, emiyaarcher, jaden  vs  shinra, horohoro, chrome
[ 122/250 ] LOSS   32 turns   boruto, yuno, jinwoo  vs  sayaka, sakura, death
[ 123/250 ] WIN    27 turns   megumin, noelle, tatsumaki  vs  impmon, yuji, jesse
[ 124/250 ] LOSS   17 turns   itachi, ganta, kitara  vs  kuroko, midoriya, genos
[ 125/250 ] WIN    21 turns   kid, mercury, genos  vs  hisoka, mami, bakugo
[ 126/250 ] LOSS   19 turns   nimaiya, shiro, kitara  vs  hawkmon, jack, gray
[ 127/250 ] LOSS   27 turns   myotismon, lyserg, shinoa  vs  horohoro, goku, toudou
[ 128/250 ] LOSS   20 turns   ban, mine, alphamon  vs  uranus, tamaki, ryohei
Applying bleed effect! Checking special code
Applying bleed effect! Checking special code
Applying bleed effect! Checking special code
Applying bleed effect! Checking special code
Applying bleed effect! Checking special code
Applying bleed effect! Checking special code
Applying bleed effect! Checking special code
Applying bleed effect! Checking special code
Applying bleed effect! Checking special code
Applying bleed effect! Checking special code
Applying bleed effect! Checking special code
Applying bleed effect! Checking special code
Applying bleed effect! Checking special code
[ 129/250 ] LOSS   28 turns   denji, venus, rengoku  vs  ban, machinedramon, cell
[ 130/250 ] WIN    18 turns   nonon, squalo, inosuke  vs  tsuyu, gohan, usopp
Applying bleed effect! Checking special code
Applying bleed effect! Checking special code
Applying bleed effect! Checking special code
Applying bleed effect! Checking special code
Applying bleed effect! Checking special code
[ 131/250 ] LOSS   25 turns   hisoka, kaiba, frieren  vs  kurotsuchi, rakko, meliodas
[ 132/250 ] LOSS   21 turns   jesse, yuji, mars  vs  ace, ganta, midoriya
[ 133/250 ] WIN    18 turns   alphamon, alphonse, adam  vs  byakuya, kid, gunha
[ 134/250 ] WIN    35 turns   rimuru, crona, itachi  vs  nobara, muichiro, veldora
[ 135/250 ] WIN    27 turns   gogeta, uraraka, kurotsuchi  vs  hawkmon, tatsumi, nimaiya
[ 136/250 ] WIN    36 turns   machinedramon, kurotsuchi, crona  vs  jesse, frankenstein, nimaiya
[ 137/250 ] LOSS   25 turns   nezuko, mash, emiya  vs  gasai, nel, sayaka
[ 138/250 ] WIN    25 turns   mercury, gon, nagisa  vs  alphonse, genos, tanjiro
[ 139/250 ] WIN    57 turns   squalo, nezuko, ryohei  vs  tsubaki, hisoka, kurapika
[ 140/250 ] WIN    38 turns   tatsumaki, cell, ryuko  vs  blackwargreymon, nagisa, shiro
Applying bleed effect! Checking special code
Applying bleed effect! Checking special code
Applying bleed effect! Checking special code
Applying bleed effect! Checking special code
Applying bleed effect! Checking special code
Applying bleed effect! Checking special code
Applying bleed effect! Checking special code
Applying bleed effect! Checking special code
Applying bleed effect! Checking special code
Applying bleed effect! Checking special code
Applying bleed effect! Checking special code
[ 141/250 ] WIN    32 turns   blackwargreymon, shinra, diane  vs  tsunayoshi, king, lucy
Applying bleed effect! Checking special code
Applying bleed effect! Checking special code
Applying bleed effect! Checking special code
[ 142/250 ] LOSS   24 turns   myotismon, frankenstein, ganta  vs  denji, blackwargreymon, nonon
[ 143/250 ] LOSS   16 turns   nobara, jeanne, gatomon  vs  tsubaki, genos, yugi
[ 144/250 ] WIN    22 turns   kitara, itachi, gogeta  vs  goku, sakura, yuji
Applying bleed effect! Checking special code
[ 145/250 ] LOSS   34 turns   gojo, diane, omnimon  vs  saitama, gogeta, ryuko
[ 146/250 ] LOSS   15 turns   korra, itachi, denji  vs  madoka, shiro, tsunayoshi
Applying bleed effect! Checking special code
Applying bleed effect! Checking special code
Applying bleed effect! Checking special code
[ 147/250 ] LOSS   24 turns   pegasus, mars, jeanne  vs  usopp, rengoku, tokoyami
Applying bleed effect! Checking special code
[ 148/250 ] WIN    31 turns   gogeta, rakko, shiro  vs  frieren, toga, rob
[ 149/250 ] LOSS   22 turns   megumin, sheele, killua  vs  rimuru, asta, hisoka
Applying bleed effect! Checking special code
Applying bleed effect! Checking special code
Applying bleed effect! Checking special code
Applying bleed effect! Checking special code
Applying bleed effect! Checking special code
Applying bleed effect! Checking special code
Applying bleed effect! Checking special code
[ 150/250 ] WIN    16 turns   omnimon, ken, tsuyu  vs  broly, allmight, yubel
[ 151/250 ] WIN    17 turns   erza, gunha, nonon  vs  tsubaki, shinoa, gojo
[ 152/250 ] WIN    19 turns   asta, ganta, eren  vs  naruto, nonon, todoroki
[ 153/250 ] LOSS   22 turns   cell, toph, gojo  vs  yugi, zenitsu, yoh
[ 154/250 ] WIN    23 turns   omnimon, gasai, gray  vs  minene, neferpitou, toji
[ 155/250 ] LOSS   27 turns   zenitsu, vegeta, sheele  vs  goku, koro, chrome
[ 156/250 ] LOSS   16 turns   toudou, sayaka, tatsumaki  vs  mine, yuji, goku
Applying bleed effect! Checking special code
Applying bleed effect! Checking special code
[ 157/250 ] LOSS   24 turns   cell, king, emiya  vs  myotismon, nobara, esdeath
[ 158/250 ] WIN    30 turns   naruto, minene, jaden  vs  sasuke, blackwargreymon, orihime
[ 159/250 ] LOSS   16 turns   kitara, ganta, koro  vs  mikasa, midoriya, yugi
[ 160/250 ] WIN    19 turns   zenitsu, tatsumi, uraraka  vs  sasuke, minene, frankenstein
[ 161/250 ] LOSS   21 turns   tatsumaki, mikasa, tanjiro  vs  nezuko, todoroki, sayaka
[ 162/250 ] WIN   102 turns   gohan, megumin, naruto  vs  ganta, renamon, mars
[ 163/250 ] WIN    22 turns   gunha, ryohei, genos  vs  saber, lizandpatty, ace
[ 164/250 ] LOSS   23 turns   rob, lyserg, alphonse  vs  aang, korra, gojo
[ 165/250 ] LOSS   27 turns   satsuki, ryuko, sheele  vs  omnimon, uzui, jaden
[ 166/250 ] LOSS   27 turns   crona, saber, semiramis  vs  gojo, sheele, toudou
[ 167/250 ] LOSS   20 turns   orihime, alphonse, gohan  vs  neferpitou, boruto, yugi
Applying bleed effect! Checking special code
Applying bleed effect! Checking special code
Applying bleed effect! Checking special code
Applying bleed effect! Checking special code
Applying bleed effect! Checking special code
[ 168/250 ] LOSS   17 turns   sakura, ken, tokoyami  vs  allmight, broly, aiohto
[ 169/250 ] WIN    26 turns   cooler, kuroko, byakuya  vs  naruto, sheele, toji
Applying bleed effect! Checking special code
Applying bleed effect! Checking special code
Applying bleed effect! Checking special code
Applying bleed effect! Checking special code
Applying bleed effect! Checking special code
Applying bleed effect! Checking special code
Applying bleed effect! Checking special code
[ 170/250 ] LOSS   25 turns   rimuru, vegeta, mash  vs  ladydevimon, king, hawkmon
[ 171/250 ] LOSS   20 turns   myotismon, jesse, tsuyu  vs  nobara, sukuna, luffy
[ 172/250 ] WIN    34 turns   vegeta, mine, inuyasha  vs  ban, yamamoto, sheele
[ 173/250 ] WIN    24 turns   hawkmon, venus, eren  vs  myotismon, mami, noelle
[ 174/250 ] LOSS   22 turns   sakura, gon, tsubasa  vs  tsunayoshi, alphonse, jeanne
[ 175/250 ] WIN    48 turns   jaden, kurotsuchi, tsubasa  vs  marco, impmon, saitama
[ 176/250 ] WIN    19 turns   esdeath, impmon, koro  vs  gatomon, inuyasha, zenitsu
[ 177/250 ] WIN    22 turns   sukuna, myotismon, alphamon  vs  broly, nimaiya, ichibe
[ 178/250 ] LOSS   38 turns   horohoro, hisoka, tatsumaki  vs  jeanne, toudou, frankenstein
[ 179/250 ] WIN    21 turns   sheele, jack, lizandpatty  vs  minene, broly, orihime
[ 180/250 ] WIN    25 turns   aiohto, tanjiro, muichiro  vs  sakura, mercury, bakugo
[ 181/250 ] LOSS   64 turns   hinata, luffy, frieren  vs  madoka, ryohei, tatsumaki
Applying bleed effect! Checking special code
[ 182/250 ] WIN    27 turns   kurapika, blackstar, sheele  vs  aang, inosuke, sasuke
[ 183/250 ] LOSS   28 turns   ichigo, blackwargreymon, minene  vs  arthur, sayaka, toji
[ 184/250 ] WIN    19 turns   hisoka, luffy, toji  vs  crona, allmight, shiro
[ 185/250 ] WIN    30 turns   yugi, gojo, shinra  vs  eren, ichibe, mavis
[ 186/250 ] LOSS   22 turns   byakuya, saitama, blackwargreymon  vs  broly, touka, shokuhou
[ 187/250 ] LOSS   15 turns   eren, omnimon, gogeta  vs  jaden, ichibe, nezuko
[ 188/250 ] LOSS   20 turns   jupiter, levi, emiyaarcher  vs  nimaiya, gallantmon, luffy
[ 189/250 ] LOSS   31 turns   jupiter, cooler, tsubasa  vs  hinata, lyserg, edward
[ 190/250 ] WIN    19 turns   renamon, misaka, tsubaki  vs  gogeta, squalo, nonon
[ 191/250 ] LOSS   21 turns   yoh, myotismon, sayaka  vs  kurapika, jupiter, usopp
[ 192/250 ] LOSS   24 turns   tatsumi, ladydevimon, alphonse  vs  chrome, uzui, cell
[ 193/250 ] WIN    22 turns   nagisa, minene, kurotsuchi  vs  shinoa, madoka, gojo
[ 194/250 ] WIN    20 turns   sheele, kitara, zoro  vs  jeanne, venus, shinra
[ 195/250 ] LOSS   31 turns   gasai, marco, venus  vs  toga, halibel, mars
[ 196/250 ] WIN    37 turns   machinedramon, gilgamesh, sakura  vs  tanjiro, edward, bakugo
[ 197/250 ] LOSS   15 turns   ryohei, tsuyu, madoka  vs  erza, nimaiya, cooler
Applying bleed effect! Checking special code
Applying bleed effect! Checking special code
Applying bleed effect! Checking special code
Applying bleed effect! Checking special code
Applying bleed effect! Checking special code
Applying bleed effect! Checking special code
Applying bleed effect! Checking special code
[ 198/250 ] WIN    20 turns   ryuko, ken, gray  vs  kaiba, luffy, xanxus
[ 199/250 ] LOSS   16 turns   mine, mars, alphamon  vs  killua, genos, muichiro
[ 200/250 ] WIN    22 turns   kitara, hinata, sasuke  vs  kid, venus, squalo
[ 201/250 ] WIN    87 turns   gray, emiya, tokoyami  vs  tatsumaki, horohoro, uzui
[ 202/250 ] LOSS   13 turns   shokuhou, esdeath, impmon  vs  sukuna, genos, hibari
[ 203/250 ] LOSS   24 turns   luffy, mash, killua  vs  jaden, blackwargreymon, kurotsuchi
[ 204/250 ] WIN    19 turns   lizandpatty, yuji, hibari  vs  jesse, megumin, madoka
Applying bleed effect! Checking special code
[ 205/250 ] LOSS   28 turns   sakura, tokoyami, power  vs  aang, toudou, itachi
[ 206/250 ] LOSS   24 turns   lucy, yuno, zoro  vs  goku, genos, arthur
[ 207/250 ] LOSS   36 turns   gon, misaka, orihime  vs  saitama, luffy, gojo
Applying bleed effect! Checking special code
[ 208/250 ] LOSS   23 turns   shokuhou, tsubaki, mercury  vs  diane, adam, astolfo
[ 209/250 ] LOSS   28 turns   tsubasa, yuji, toudou  vs  itachi, eren, tamaki
[ 210/250 ] LOSS   24 turns   lizandpatty, ban, maka  vs  toudou, yuno, alphonse
[ 211/250 ] LOSS   19 turns   gon, alphonse, semiramis  vs  hashirama, soul, toph
[ 212/250 ] WIN    19 turns   gallantmon, gunha, alphamon  vs  tamaki, impmon, noelle
[ 213/250 ] LOSS   31 turns   shinra, halibel, frieren  vs  gatomon, maka, sasuke
[ 214/250 ] WIN    18 turns   madoka, shinra, arthur  vs  megumi, rimuru, tsubaki
[ 215/250 ] WIN    23 turns   genos, toji, esdeath  vs  impmon, shinra, natsu
[ 216/250 ] LOSS   20 turns   meliodas, chrome, gatomon  vs  vegeta, ichibe, broly
Applying bleed effect! Checking special code
Applying bleed effect! Checking special code
Applying bleed effect! Checking special code
Applying bleed effect! Checking special code
[ 217/250 ] LOSS   24 turns   pegasus, shokuhou, luffy  vs  gojo, rengoku, semiramis
[ 218/250 ] WIN    31 turns   neferpitou, semiramis, mine  vs  seventeen, hashirama, gatomon
[ 219/250 ] WIN    24 turns   erza, nobara, gray  vs  jeanne, marco, veldora
Applying bleed effect! Checking special code
Applying bleed effect! Checking special code
Applying bleed effect! Checking special code
Applying bleed effect! Checking special code
[ 220/250 ] LOSS   25 turns   toga, power, noelle  vs  neferpitou, gilgamesh, mash
[ 221/250 ] LOSS   30 turns   edward, gatomon, shokuhou  vs  gilgamesh, alphonse, toph
[ 222/250 ] LOSS   18 turns   squalo, emiya, sayaka  vs  lucy, ganta, toudou
[ 223/250 ] WIN    51 turns   natsu, neferpitou, minene  vs  sasuke, rimuru, saber
[ 224/250 ] LOSS   20 turns   korra, satsuki, veldora  vs  mercury, nezuko, allmight
[ 225/250 ] WIN    50 turns   kitara, semiramis, ryohei  vs  tamaki, saturn, tsubaki
[ 226/250 ] LOSS   21 turns   impmon, zoro, semiramis  vs  zenitsu, cell, toph
[ 227/250 ] LOSS   24 turns   hinata, shokuhou, lucy  vs  eren, sasuke, vegeta
[ 228/250 ] WIN    28 turns   sayaka, lyserg, aang  vs  hawkmon, misaka, megumi
[ 229/250 ] WIN    30 turns   hisoka, mars, nel  vs  misaka, mavis, gasai
[ 230/250 ] WIN    20 turns   lizandpatty, noelle, gogeta  vs  broly, yuji, gallantmon
Applying bleed effect! Checking special code
Applying bleed effect! Checking special code
Applying bleed effect! Checking special code
Applying bleed effect! Checking special code
Applying bleed effect! Checking special code
[ 231/250 ] LOSS   32 turns   boruto, nonon, kaiba  vs  death, pegasus, denji
[ 232/250 ] LOSS   31 turns   yuno, emiya, uraraka  vs  tatsumaki, megumi, esdeath
[ 233/250 ] LOSS   23 turns   shokuhou, hawkmon, zoro  vs  koro, venus, soul
[ 234/250 ] WIN    21 turns   marco, frankenstein, saitama  vs  mercury, uzui, soul
[ 235/250 ] WIN    18 turns   mars, toji, nonon  vs  tokoyami, toga, ichigo
Applying bleed effect! Checking special code
Applying bleed effect! Checking special code
Applying bleed effect! Checking special code
[ 236/250 ] LOSS   17 turns   akame, noelle, denji  vs  naruto, hashirama, toga
[ 237/250 ] LOSS   20 turns   adam, tsuyu, yuno  vs  cell, yamamoto, allmight
[ 238/250 ] LOSS   26 turns   frankenstein, veldora, misaka  vs  mine, emiya, myotismon
[ 239/250 ] WIN    31 turns   toji, nagisa, gojo  vs  hashirama, yubel, alphonse
[ 240/250 ] WIN    21 turns   nobara, sukuna, frieren  vs  mercury, ichibe, bakugo
[ 241/250 ] WIN    23 turns   mavis, astolfo, hawkmon  vs  nimaiya, marco, death
Applying bleed effect! Checking special code
Applying bleed effect! Checking special code
Applying bleed effect! Checking special code
Applying bleed effect! Checking special code
Applying bleed effect! Checking special code
Applying bleed effect! Checking special code
[ 242/250 ] LOSS   14 turns   pegasus, halibel, yubel  vs  ken, tamaki, jaden
[ 243/250 ] WIN    34 turns   adam, kaiba, gallantmon  vs  blackstar, tanjiro, usopp
[ 244/250 ] WIN    28 turns   kuroko, horohoro, ban  vs  death, toga, astolfo
[ 245/250 ] LOSS   17 turns   yuji, jinwoo, naruto  vs  asta, jaden, saturn
[ 246/250 ] WIN    21 turns   gasai, madoka, broly  vs  hashirama, kaiba, alphamon
[ 247/250 ] LOSS   24 turns   renamon, blackstar, tsubaki  vs  mine, megumin, lucy
Applying bleed effect! Checking special code
Applying bleed effect! Checking special code
Applying bleed effect! Checking special code
Applying bleed effect! Checking special code
[ 248/250 ] LOSS   25 turns   toph, shinoa, tsuyu  vs  rimuru, rakko, gojo
[ 249/250 ] WIN    39 turns   toph, mine, satsuki  vs  ryohei, gilgamesh, squalo
[ 250/250 ] LOSS   23 turns   satsuki, adam, shinra  vs  chrome, seventeen, saber
=== TRAINER RUN COMPLETE ===
Matches: 250   W: 127   L: 123   D: 0   Win: 50.8%   (opponent: self)
Policy saved to res://training/orchestrator/worker_r3_i2.json  (generation 2, trained_matches 4250)
